
[Throw dll injection][27/06/2025 16:26:16][Str][DLL_PROCESS_ATTACH]

[Throw dll injection][27/06/2025 16:26:16][Str][Inside StartHook function.]

[Throw dll injection][27/06/2025 16:26:16][Str][Found ntdll.dll]

[Throw dll injection][27/06/2025 16:26:17][Str][OrigNtQuerySystemInformation failed: 0xC0000023
]

[Throw dll injection][27/06/2025 16:26:17][Str][Noinfo]

[Throw dll injection][27/06/2025 16:26:17][Str][Noinfo]

[Throw dll injection][27/06/2025 16:26:17][Str][Noinfo]

[Throw dll injection][27/06/2025 16:26:17][Str][SystemProcessInformation]

[Throw dll injection][27/06/2025 16:26:17][Str][SystemProcessInformation]

[Throw dll injection][27/06/2025 16:26:17][Str][Inside loop with sysProcInfoCurr]

[Throw dll injection][27/06/2025 16:26:17][Str][Inside loop with sysProcInfoCurr]

[Throw dll injection][27/06/2025 16:35:07][Str][DLL_PROCESS_ATTACH]

[Throw dll injection][27/06/2025 16:35:07][Str][Inside StartHook function.]

[Throw dll injection][27/06/2025 16:35:07][Str][Found ntdll.dll]

[Throw dll injection][27/06/2025 16:35:07][Str][Found NtQuerySystemInformation in IAT]

[Throw dll injection][27/06/2025 16:35:07][Str][OrigNtQuerySystemInformation failed: 0xC0000023
]

[Throw dll injection][27/06/2025 16:35:07][Str][Noinfo]

[Throw dll injection][27/06/2025 16:35:07][Str][Noinfo]

[Throw dll injection][27/06/2025 16:35:07][Str][Noinfo]

[Throw dll injection][27/06/2025 16:35:07][Str][SystemProcessInformation]

[Throw dll injection][27/06/2025 16:35:07][Str][SystemProcessInformation]

[Throw dll injection][27/06/2025 16:35:07][WildStr][System]

[Throw dll injection][27/06/2025 16:35:07][WildStr][System]

[Throw dll injection][27/06/2025 16:35:07][WildStr][Registry]

[Throw dll injection][27/06/2025 16:35:07][WildStr][smss.exe]

[Throw dll injection][27/06/2025 16:35:07][WildStr][Registry]

[Throw dll injection][27/06/2025 16:35:07][WildStr][csrss.exe]

[Throw dll injection][27/06/2025 16:35:07][WildStr][smss.exe]

[Throw dll injection][27/06/2025 16:35:07][WildStr][wininit.exe]

[Throw dll injection][27/06/2025 16:35:07][WildStr][csrss.exe]

[Throw dll injection][27/06/2025 16:35:07][WildStr][wininit.exe]

[Throw dll injection][27/06/2025 16:35:07][WildStr][csrss.exe]

[Throw dll injection][27/06/2025 16:35:07][WildStr][csrss.exe]

[Throw dll injection][27/06/2025 16:35:07][WildStr][winlogon.exe]

[Throw dll injection][27/06/2025 16:35:07][WildStr][services.exe]

[Throw dll injection][27/06/2025 16:35:07][WildStr][services.exe]

[Throw dll injection][27/06/2025 16:35:07][WildStr][lsass.exe]

[Throw dll injection][27/06/2025 16:35:07][WildStr][lsass.exe]

[Throw dll injection][27/06/2025 16:35:07][WildStr][svchost.exe]

[Throw dll injection][27/06/2025 16:35:07][WildStr][svchost.exe]

[Throw dll injection][27/06/2025 16:35:07][WildStr][fontdrvhost.exe]

[Throw dll injection][27/06/2025 16:35:07][WildStr][fontdrvhost.exe]

[Throw dll injection][27/06/2025 16:35:07][WildStr][fontdrvhost.exe]

[Throw dll injection][27/06/2025 16:35:07][WildStr][fontdrvhost.exe]

[Throw dll injection][27/06/2025 16:35:07][WildStr][svchost.exe]

[Throw dll injection][27/06/2025 16:35:07][WildStr][svchost.exe]

[Throw dll injection][27/06/2025 16:35:07][WildStr][svchost.exe]

[Throw dll injection][27/06/2025 16:35:07][WildStr][svchost.exe]

[Throw dll injection][27/06/2025 16:35:07][WildStr][dwm.exe]

[Throw dll injection][27/06/2025 16:35:07][WildStr][dwm.exe]

[Throw dll injection][27/06/2025 16:35:07][WildStr][svchost.exe]

[Throw dll injection][27/06/2025 16:35:07][WildStr][svchost.exe]

[Throw dll injection][27/06/2025 16:35:07][WildStr][svchost.exe]

[Throw dll injection][27/06/2025 16:35:07][WildStr][svchost.exe]

[Throw dll injection][27/06/2025 16:35:07][WildStr][svchost.exe]

[Throw dll injection][27/06/2025 16:35:07][WildStr][svchost.exe]

[Throw dll injection][27/06/2025 16:35:07][WildStr][svchost.exe]

[Throw dll injection][27/06/2025 16:35:07][WildStr][svchost.exe]

[Throw dll injection][27/06/2025 16:35:07][WildStr][svchost.exe]

[Throw dll injection][27/06/2025 16:35:07][WildStr][svchost.exe]

[Throw dll injection][27/06/2025 16:35:07][WildStr][svchost.exe]

[Throw dll injection][27/06/2025 16:35:07][WildStr][svchost.exe]

[Throw dll injection][27/06/2025 16:35:07][WildStr][svchost.exe]

[Throw dll injection][27/06/2025 16:35:07][WildStr][svchost.exe]

[Throw dll injection][27/06/2025 16:35:07][WildStr][svchost.exe]

[Throw dll injection][27/06/2025 16:35:07][WildStr][svchost.exe]

[Throw dll injection][27/06/2025 16:35:07][WildStr][svchost.exe]

[Throw dll injection][27/06/2025 16:35:07][WildStr][svchost.exe]

[Throw dll injection][27/06/2025 16:35:07][WildStr][svchost.exe]

[Throw dll injection][27/06/2025 16:35:07][WildStr][svchost.exe]

[Throw dll injection][27/06/2025 16:35:07][WildStr][svchost.exe]

[Throw dll injection][27/06/2025 16:35:07][WildStr][svchost.exe]

[Throw dll injection][27/06/2025 16:35:07][WildStr][svchost.exe]

[Throw dll injection][27/06/2025 16:35:07][WildStr][VBoxService.exe]

[Throw dll injection][27/06/2025 16:35:07][WildStr][VBoxService.exe]

[Throw dll injection][27/06/2025 16:35:07][WildStr][svchost.exe]

[Throw dll injection][27/06/2025 16:35:07][WildStr][svchost.exe]

[Throw dll injection][27/06/2025 16:35:07][WildStr][svchost.exe]

[Throw dll injection][27/06/2025 16:35:07][WildStr][svchost.exe]

[Throw dll injection][27/06/2025 16:35:07][WildStr][svchost.exe]

[Throw dll injection][27/06/2025 16:35:07][WildStr][svchost.exe]

[Throw dll injection][27/06/2025 16:35:07][WildStr][svchost.exe]

[Throw dll injection][27/06/2025 16:35:07][WildStr][svchost.exe]

[Throw dll injection][27/06/2025 16:35:07][WildStr][svchost.exe]

[Throw dll injection][27/06/2025 16:35:07][WildStr][svchost.exe]

[Throw dll injection][27/06/2025 16:35:07][WildStr][svchost.exe]

[Throw dll injection][27/06/2025 16:35:07][WildStr][Memory Compression]

[Throw dll injection][27/06/2025 16:35:07][WildStr][Memory Compression]

[Throw dll injection][27/06/2025 16:35:07][WildStr][svchost.exe]

[Throw dll injection][27/06/2025 16:35:07][WildStr][svchost.exe]

[Throw dll injection][27/06/2025 16:35:07][WildStr][svchost.exe]

[Throw dll injection][27/06/2025 16:35:07][WildStr][svchost.exe]

[Throw dll injection][27/06/2025 16:35:07][WildStr][svchost.exe]

[Throw dll injection][27/06/2025 16:35:07][WildStr][svchost.exe]

[Throw dll injection][27/06/2025 16:35:07][WildStr][svchost.exe]

[Throw dll injection][27/06/2025 16:35:07][WildStr][svchost.exe]

[Throw dll injection][27/06/2025 16:35:07][WildStr][svchost.exe]

[Throw dll injection][27/06/2025 16:35:07][WildStr][svchost.exe]

[Throw dll injection][27/06/2025 16:35:07][WildStr][svchost.exe]

[Throw dll injection][27/06/2025 16:35:07][WildStr][svchost.exe]

[Throw dll injection][27/06/2025 16:35:07][WildStr][svchost.exe]

[Throw dll injection][27/06/2025 16:35:07][WildStr][svchost.exe]

[Throw dll injection][27/06/2025 16:35:07][WildStr][svchost.exe]

[Throw dll injection][27/06/2025 16:35:07][WildStr][svchost.exe]

[Throw dll injection][27/06/2025 16:35:07][WildStr][spoolsv.exe]

[Throw dll injection][27/06/2025 16:35:07][WildStr][spoolsv.exe]

[Throw dll injection][27/06/2025 16:35:07][WildStr][svchost.exe]

[Throw dll injection][27/06/2025 16:35:07][WildStr][svchost.exe]

[Throw dll injection][27/06/2025 16:35:07][WildStr][svchost.exe]

[Throw dll injection][27/06/2025 16:35:07][WildStr][svchost.exe]

[Throw dll injection][27/06/2025 16:35:07][WildStr][svchost.exe]

[Throw dll injection][27/06/2025 16:35:07][WildStr][svchost.exe]

[Throw dll injection][27/06/2025 16:35:07][WildStr][svchost.exe]

[Throw dll injection][27/06/2025 16:35:07][WildStr][svchost.exe]

[Throw dll injection][27/06/2025 16:35:07][WildStr][ssh-agent.exe]

[Throw dll injection][27/06/2025 16:35:07][WildStr][ssh-agent.exe]

[Throw dll injection][27/06/2025 16:35:07][WildStr][sshd.exe]

[Throw dll injection][27/06/2025 16:35:07][WildStr][sshd.exe]

[Throw dll injection][27/06/2025 16:35:07][WildStr][svchost.exe]

[Throw dll injection][27/06/2025 16:35:07][WildStr][svchost.exe]

[Throw dll injection][27/06/2025 16:35:07][WildStr][svchost.exe]

[Throw dll injection][27/06/2025 16:35:07][WildStr][svchost.exe]

[Throw dll injection][27/06/2025 16:35:07][WildStr][svchost.exe]

[Throw dll injection][27/06/2025 16:35:07][WildStr][svchost.exe]

[Throw dll injection][27/06/2025 16:35:07][WildStr][svchost.exe]

[Throw dll injection][27/06/2025 16:35:07][WildStr][svchost.exe]

[Throw dll injection][27/06/2025 16:35:07][WildStr][svchost.exe]

[Throw dll injection][27/06/2025 16:35:07][WildStr][svchost.exe]

[Throw dll injection][27/06/2025 16:35:07][WildStr][svchost.exe]

[Throw dll injection][27/06/2025 16:35:07][WildStr][svchost.exe]

[Throw dll injection][27/06/2025 16:35:07][WildStr][svchost.exe]

[Throw dll injection][27/06/2025 16:35:07][WildStr][svchost.exe]

[Throw dll injection][27/06/2025 16:35:07][WildStr][svchost.exe]

[Throw dll injection][27/06/2025 16:35:07][WildStr][svchost.exe]

[Throw dll injection][27/06/2025 16:35:07][WildStr][svchost.exe]

[Throw dll injection][27/06/2025 16:35:07][WildStr][svchost.exe]

[Throw dll injection][27/06/2025 16:35:07][WildStr][MpDefenderCoreService.exe]

[Throw dll injection][27/06/2025 16:35:07][WildStr][MpDefenderCoreService.exe]

[Throw dll injection][27/06/2025 16:35:07][WildStr][MsMpEng.exe]

[Throw dll injection][27/06/2025 16:35:07][WildStr][MsMpEng.exe]

[Throw dll injection][27/06/2025 16:35:07][WildStr][SearchIndexer.exe]

[Throw dll injection][27/06/2025 16:35:07][WildStr][SearchIndexer.exe]

[Throw dll injection][27/06/2025 16:35:07][WildStr][AggregatorHost.exe]

[Throw dll injection][27/06/2025 16:35:07][WildStr][AggregatorHost.exe]

[Throw dll injection][27/06/2025 16:35:07][WildStr][dllhost.exe]

[Throw dll injection][27/06/2025 16:35:07][WildStr][dllhost.exe]

[Throw dll injection][27/06/2025 16:35:07][WildStr][svchost.exe]

[Throw dll injection][27/06/2025 16:35:07][WildStr][svchost.exe]

[Throw dll injection][27/06/2025 16:35:07][WildStr][NisSrv.exe]

[Throw dll injection][27/06/2025 16:35:07][WildStr][NisSrv.exe]

[Throw dll injection][27/06/2025 16:35:07][WildStr][sihost.exe]

[Throw dll injection][27/06/2025 16:35:07][WildStr][sihost.exe]

[Throw dll injection][27/06/2025 16:35:07][WildStr][svchost.exe]

[Throw dll injection][27/06/2025 16:35:07][WildStr][svchost.exe]

[Throw dll injection][27/06/2025 16:35:07][WildStr][svchost.exe]

[Throw dll injection][27/06/2025 16:35:07][WildStr][svchost.exe]

[Throw dll injection][27/06/2025 16:35:07][WildStr][taskhostw.exe]

[Throw dll injection][27/06/2025 16:35:07][WildStr][taskhostw.exe]

[Throw dll injection][27/06/2025 16:35:07][WildStr][MicrosoftEdgeUpdate.exe]

[Throw dll injection][27/06/2025 16:35:07][WildStr][MicrosoftEdgeUpdate.exe]

[Throw dll injection][27/06/2025 16:35:07][WildStr][svchost.exe]

[Throw dll injection][27/06/2025 16:35:07][WildStr][svchost.exe]

[Throw dll injection][27/06/2025 16:35:07][WildStr][ctfmon.exe]

[Throw dll injection][27/06/2025 16:35:07][WildStr][ctfmon.exe]

[Throw dll injection][27/06/2025 16:35:07][WildStr][svchost.exe]

[Throw dll injection][27/06/2025 16:35:07][WildStr][svchost.exe]

[Throw dll injection][27/06/2025 16:35:07][WildStr][svchost.exe]

[Throw dll injection][27/06/2025 16:35:07][WildStr][svchost.exe]

[Throw dll injection][27/06/2025 16:35:07][WildStr][explorer.exe]

[Throw dll injection][27/06/2025 16:35:07][WildStr][explorer.exe]

[Throw dll injection][27/06/2025 16:35:07][WildStr][svchost.exe]

[Throw dll injection][27/06/2025 16:35:07][WildStr][svchost.exe]

[Throw dll injection][27/06/2025 16:35:07][WildStr][StartMenuExperienceHost.exe]

[Throw dll injection][27/06/2025 16:35:07][WildStr][StartMenuExperienceHost.exe]

[Throw dll injection][27/06/2025 16:35:07][WildStr][RuntimeBroker.exe]

[Throw dll injection][27/06/2025 16:35:07][WildStr][RuntimeBroker.exe]

[Throw dll injection][27/06/2025 16:35:07][WildStr][SearchApp.exe]

[Throw dll injection][27/06/2025 16:35:07][WildStr][SearchApp.exe]

[Throw dll injection][27/06/2025 16:35:07][WildStr][svchost.exe]

[Throw dll injection][27/06/2025 16:35:07][WildStr][RuntimeBroker.exe]

[Throw dll injection][27/06/2025 16:35:07][WildStr][RuntimeBroker.exe]

[Throw dll injection][27/06/2025 16:35:07][WildStr][RuntimeBroker.exe]

[Throw dll injection][27/06/2025 16:35:07][WildStr][RuntimeBroker.exe]

[Throw dll injection][27/06/2025 16:35:07][WildStr][svchost.exe]

[Throw dll injection][27/06/2025 16:35:07][WildStr][svchost.exe]

[Throw dll injection][27/06/2025 16:35:07][WildStr][SecurityHealthSystray.exe]

[Throw dll injection][27/06/2025 16:35:07][WildStr][SecurityHealthSystray.exe]

[Throw dll injection][27/06/2025 16:35:07][WildStr][SecurityHealthService.exe]

[Throw dll injection][27/06/2025 16:35:07][WildStr][SecurityHealthService.exe]

[Throw dll injection][27/06/2025 16:35:07][WildStr][VBoxTray.exe]

[Throw dll injection][27/06/2025 16:35:07][WildStr][OneDrive.exe]

[Throw dll injection][27/06/2025 16:35:07][WildStr][VBoxTray.exe]

[Throw dll injection][27/06/2025 16:35:07][WildStr][cmd.exe]

[Throw dll injection][27/06/2025 16:35:07][WildStr][OneDrive.exe]

[Throw dll injection][27/06/2025 16:35:07][WildStr][conhost.exe]

[Throw dll injection][27/06/2025 16:35:07][WildStr][cmd.exe]

[Throw dll injection][27/06/2025 16:35:07][WildStr][svchost.exe]

[Throw dll injection][27/06/2025 16:35:07][WildStr][conhost.exe]

[Throw dll injection][27/06/2025 16:35:07][WildStr][svchost.exe]

[Throw dll injection][27/06/2025 16:35:07][WildStr][svchost.exe]

[Throw dll injection][27/06/2025 16:35:07][WildStr][svchost.exe]

[Throw dll injection][27/06/2025 16:35:07][WildStr][svchost.exe]

[Throw dll injection][27/06/2025 16:35:07][WildStr][svchost.exe]

[Throw dll injection][27/06/2025 16:35:07][WildStr][svchost.exe]

[Throw dll injection][27/06/2025 16:35:07][WildStr][svchost.exe]

[Throw dll injection][27/06/2025 16:35:07][WildStr][svchost.exe]

[Throw dll injection][27/06/2025 16:35:07][WildStr][svchost.exe]

[Throw dll injection][27/06/2025 16:35:07][WildStr][powershell.exe]

[Throw dll injection][27/06/2025 16:35:07][WildStr][svchost.exe]

[Throw dll injection][27/06/2025 16:35:07][WildStr][Code.exe]

[Throw dll injection][27/06/2025 16:35:07][WildStr][powershell.exe]

[Throw dll injection][27/06/2025 16:35:07][WildStr][Code.exe]

[Throw dll injection][27/06/2025 16:35:07][WildStr][Code.exe]

[Throw dll injection][27/06/2025 16:35:07][WildStr][Code.exe]

[Throw dll injection][27/06/2025 16:35:07][WildStr][Code.exe]

[Throw dll injection][27/06/2025 16:35:07][WildStr][Code.exe]

[Throw dll injection][27/06/2025 16:35:07][WildStr][Code.exe]

[Throw dll injection][27/06/2025 16:35:07][WildStr][Code.exe]

[Throw dll injection][27/06/2025 16:35:07][WildStr][Code.exe]

[Throw dll injection][27/06/2025 16:35:07][WildStr][Code.exe]

[Throw dll injection][27/06/2025 16:35:07][WildStr][Code.exe]

[Throw dll injection][27/06/2025 16:35:07][WildStr][Code.exe]

[Throw dll injection][27/06/2025 16:35:07][WildStr][Code.exe]

[Throw dll injection][27/06/2025 16:35:07][WildStr][Code.exe]

[Throw dll injection][27/06/2025 16:35:07][WildStr][Code.exe]

[Throw dll injection][27/06/2025 16:35:07][WildStr][Code.exe]

[Throw dll injection][27/06/2025 16:35:07][WildStr][Code.exe]

[Throw dll injection][27/06/2025 16:35:07][WildStr][conhost.exe]

[Throw dll injection][27/06/2025 16:35:07][WildStr][Code.exe]

[Throw dll injection][27/06/2025 16:35:07][WildStr][powershell.exe]

[Throw dll injection][27/06/2025 16:35:07][WildStr][conhost.exe]

[Throw dll injection][27/06/2025 16:35:07][WildStr][conhost.exe]

[Throw dll injection][27/06/2025 16:35:07][WildStr][powershell.exe]

[Throw dll injection][27/06/2025 16:35:07][WildStr][powershell.exe]

[Throw dll injection][27/06/2025 16:35:07][WildStr][conhost.exe]

[Throw dll injection][27/06/2025 16:35:07][WildStr][TextInputHost.exe]

[Throw dll injection][27/06/2025 16:35:07][WildStr][powershell.exe]

[Throw dll injection][27/06/2025 16:35:07][WildStr][Code.exe]

[Throw dll injection][27/06/2025 16:35:07][WildStr][TextInputHost.exe]

[Throw dll injection][27/06/2025 16:35:07][WildStr][cpptools.exe]

[Throw dll injection][27/06/2025 16:35:07][WildStr][Code.exe]

[Throw dll injection][27/06/2025 16:35:07][WildStr][conhost.exe]

[Throw dll injection][27/06/2025 16:35:07][WildStr][cpptools.exe]

[Throw dll injection][27/06/2025 16:35:07][WildStr][cpptools.exe]

[Throw dll injection][27/06/2025 16:35:07][WildStr][conhost.exe]

[Throw dll injection][27/06/2025 16:35:07][WildStr][ApplicationFrameHost.exe]

[Throw dll injection][27/06/2025 16:35:07][WildStr][cpptools.exe]

[Throw dll injection][27/06/2025 16:35:07][WildStr][SystemSettings.exe]

[Throw dll injection][27/06/2025 16:35:07][WildStr][ApplicationFrameHost.exe]

[Throw dll injection][27/06/2025 16:35:07][WildStr][UserOOBEBroker.exe]

[Throw dll injection][27/06/2025 16:35:07][WildStr][SystemSettings.exe]

[Throw dll injection][27/06/2025 16:35:07][WildStr][SearchApp.exe]

[Throw dll injection][27/06/2025 16:35:07][WildStr][UserOOBEBroker.exe]

[Throw dll injection][27/06/2025 16:35:07][WildStr][msedgewebview2.exe]

[Throw dll injection][27/06/2025 16:35:07][WildStr][SearchApp.exe]

[Throw dll injection][27/06/2025 16:35:07][WildStr][msedgewebview2.exe]

[Throw dll injection][27/06/2025 16:35:07][WildStr][msedgewebview2.exe]

[Throw dll injection][27/06/2025 16:35:07][WildStr][msedgewebview2.exe]

[Throw dll injection][27/06/2025 16:35:07][WildStr][msedgewebview2.exe]

[Throw dll injection][27/06/2025 16:35:07][WildStr][msedgewebview2.exe]

[Throw dll injection][27/06/2025 16:35:07][WildStr][msedgewebview2.exe]

[Throw dll injection][27/06/2025 16:35:07][WildStr][msedgewebview2.exe]

[Throw dll injection][27/06/2025 16:35:07][WildStr][msedgewebview2.exe]

[Throw dll injection][27/06/2025 16:35:07][WildStr][msedgewebview2.exe]

[Throw dll injection][27/06/2025 16:35:07][WildStr][msedgewebview2.exe]

[Throw dll injection][27/06/2025 16:35:07][WildStr][FileCoAuth.exe]

[Throw dll injection][27/06/2025 16:35:07][WildStr][msedgewebview2.exe]

[Throw dll injection][27/06/2025 16:35:07][WildStr][svchost.exe]

[Throw dll injection][27/06/2025 16:35:07][WildStr][FileCoAuth.exe]

[Throw dll injection][27/06/2025 16:35:07][WildStr][msedge.exe]

[Throw dll injection][27/06/2025 16:35:07][WildStr][svchost.exe]

[Throw dll injection][27/06/2025 16:35:07][WildStr][msedge.exe]

[Throw dll injection][27/06/2025 16:35:07][WildStr][msedge.exe]

[Throw dll injection][27/06/2025 16:35:07][WildStr][msedge.exe]

[Throw dll injection][27/06/2025 16:35:07][WildStr][msedge.exe]

[Throw dll injection][27/06/2025 16:35:07][WildStr][msedge.exe]

[Throw dll injection][27/06/2025 16:35:07][WildStr][msedge.exe]

[Throw dll injection][27/06/2025 16:35:07][WildStr][svchost.exe]

[Throw dll injection][27/06/2025 16:35:07][WildStr][msedge.exe]

[Throw dll injection][27/06/2025 16:35:07][WildStr][svchost.exe]

[Throw dll injection][27/06/2025 16:35:07][WildStr][msedge.exe]

[Throw dll injection][27/06/2025 16:35:07][WildStr][svchost.exe]

[Throw dll injection][27/06/2025 16:35:07][WildStr][svchost.exe]

[Throw dll injection][27/06/2025 16:35:07][WildStr][dllhost.exe]

[Throw dll injection][27/06/2025 16:35:07][WildStr][svchost.exe]

[Throw dll injection][27/06/2025 16:35:07][WildStr][ShellExperienceHost.exe]

[Throw dll injection][27/06/2025 16:35:07][WildStr][svchost.exe]

[Throw dll injection][27/06/2025 16:35:07][WildStr][RuntimeBroker.exe]

[Throw dll injection][27/06/2025 16:35:07][WildStr][dllhost.exe]

[Throw dll injection][27/06/2025 16:35:07][WildStr][vctip.exe]

[Throw dll injection][27/06/2025 16:35:07][WildStr][ShellExperienceHost.exe]

[Throw dll injection][27/06/2025 16:35:07][WildStr][cpptools-srv.exe]

[Throw dll injection][27/06/2025 16:35:07][WildStr][RuntimeBroker.exe]

[Throw dll injection][27/06/2025 16:35:07][WildStr][conhost.exe]

[Throw dll injection][27/06/2025 16:35:07][WildStr][vctip.exe]

[Throw dll injection][27/06/2025 16:35:07][WildStr][cpptools-srv.exe]

[Throw dll injection][27/06/2025 16:35:07][WildStr][cpptools-srv.exe]

[Throw dll injection][27/06/2025 16:35:07][WildStr][conhost.exe]

[Throw dll injection][27/06/2025 16:35:07][WildStr][conhost.exe]

[Throw dll injection][27/06/2025 16:35:07][WildStr][svchost.exe]

[Throw dll injection][27/06/2025 16:35:07][WildStr][cpptools-srv.exe]

[Throw dll injection][27/06/2025 16:35:07][WildStr][Taskmgr.exe]

[Throw dll injection][27/06/2025 16:35:07][WildStr][conhost.exe]

[Throw dll injection][27/06/2025 16:35:07][Str][SystemTimeOfDayInformation]

[Throw dll injection][27/06/2025 16:35:07][WildStr][svchost.exe]

[Throw dll injection][27/06/2025 16:35:07][WildStr][Taskmgr.exe]

[Throw dll injection][27/06/2025 16:35:08][Str][OrigNtQuerySystemInformation failed: 0xC0000023
]

[Throw dll injection][27/06/2025 16:35:08][Str][Noinfo]

[Throw dll injection][27/06/2025 16:35:08][Str][Noinfo]

[Throw dll injection][27/06/2025 16:35:08][Str][Noinfo]

[Throw dll injection][27/06/2025 16:35:08][Str][SystemProcessInformation]

[Throw dll injection][27/06/2025 16:35:08][WildStr][System]

[Throw dll injection][27/06/2025 16:35:08][WildStr][Registry]

[Throw dll injection][27/06/2025 16:35:08][WildStr][Registry]

[Throw dll injection][27/06/2025 16:35:08][WildStr][smss.exe]

[Throw dll injection][27/06/2025 16:35:08][WildStr][smss.exe]

[Throw dll injection][27/06/2025 16:35:08][WildStr][csrss.exe]

[Throw dll injection][27/06/2025 16:35:08][WildStr][csrss.exe]

[Throw dll injection][27/06/2025 16:35:08][WildStr][wininit.exe]

[Throw dll injection][27/06/2025 16:35:08][WildStr][wininit.exe]

[Throw dll injection][27/06/2025 16:35:08][WildStr][csrss.exe]

[Throw dll injection][27/06/2025 16:35:08][WildStr][csrss.exe]

[Throw dll injection][27/06/2025 16:35:08][WildStr][winlogon.exe]

[Throw dll injection][27/06/2025 16:35:08][WildStr][winlogon.exe]

[Throw dll injection][27/06/2025 16:35:08][WildStr][services.exe]

[Throw dll injection][27/06/2025 16:35:08][WildStr][services.exe]

[Throw dll injection][27/06/2025 16:35:08][WildStr][lsass.exe]

[Throw dll injection][27/06/2025 16:35:08][WildStr][lsass.exe]

[Throw dll injection][27/06/2025 16:35:08][WildStr][svchost.exe]

[Throw dll injection][27/06/2025 16:35:08][WildStr][fontdrvhost.exe]

[Throw dll injection][27/06/2025 16:35:08][WildStr][fontdrvhost.exe]

[Throw dll injection][27/06/2025 16:35:08][WildStr][fontdrvhost.exe]

[Throw dll injection][27/06/2025 16:35:08][WildStr][fontdrvhost.exe]

[Throw dll injection][27/06/2025 16:35:08][WildStr][svchost.exe]

[Throw dll injection][27/06/2025 16:35:08][WildStr][svchost.exe]

[Throw dll injection][27/06/2025 16:35:08][WildStr][svchost.exe]

[Throw dll injection][27/06/2025 16:35:08][WildStr][svchost.exe]

[Throw dll injection][27/06/2025 16:35:08][WildStr][dwm.exe]

[Throw dll injection][27/06/2025 16:35:08][WildStr][dwm.exe]

[Throw dll injection][27/06/2025 16:35:08][WildStr][svchost.exe]

[Throw dll injection][27/06/2025 16:35:08][WildStr][svchost.exe]

[Throw dll injection][27/06/2025 16:35:08][WildStr][svchost.exe]

[Throw dll injection][27/06/2025 16:35:08][WildStr][svchost.exe]

[Throw dll injection][27/06/2025 16:35:08][WildStr][svchost.exe]

[Throw dll injection][27/06/2025 16:35:08][WildStr][svchost.exe]

[Throw dll injection][27/06/2025 16:35:08][WildStr][svchost.exe]

[Throw dll injection][27/06/2025 16:35:08][WildStr][svchost.exe]

[Throw dll injection][27/06/2025 16:35:08][WildStr][svchost.exe]

[Throw dll injection][27/06/2025 16:35:08][WildStr][svchost.exe]

[Throw dll injection][27/06/2025 16:35:08][WildStr][svchost.exe]

[Throw dll injection][27/06/2025 16:35:08][WildStr][svchost.exe]

[Throw dll injection][27/06/2025 16:35:08][WildStr][svchost.exe]

[Throw dll injection][27/06/2025 16:35:08][WildStr][svchost.exe]

[Throw dll injection][27/06/2025 16:35:08][WildStr][svchost.exe]

[Throw dll injection][27/06/2025 16:35:08][WildStr][svchost.exe]

[Throw dll injection][27/06/2025 16:35:08][WildStr][svchost.exe]

[Throw dll injection][27/06/2025 16:35:08][WildStr][svchost.exe]

[Throw dll injection][27/06/2025 16:35:08][WildStr][svchost.exe]

[Throw dll injection][27/06/2025 16:35:08][WildStr][svchost.exe]

[Throw dll injection][27/06/2025 16:35:08][WildStr][svchost.exe]

[Throw dll injection][27/06/2025 16:35:08][WildStr][svchost.exe]

[Throw dll injection][27/06/2025 16:35:08][WildStr][VBoxService.exe]

[Throw dll injection][27/06/2025 16:35:08][WildStr][svchost.exe]

[Throw dll injection][27/06/2025 16:35:08][WildStr][svchost.exe]

[Throw dll injection][27/06/2025 16:35:08][WildStr][svchost.exe]

[Throw dll injection][27/06/2025 16:35:08][WildStr][svchost.exe]

[Throw dll injection][27/06/2025 16:35:08][WildStr][svchost.exe]

[Throw dll injection][27/06/2025 16:35:08][WildStr][svchost.exe]

[Throw dll injection][27/06/2025 16:35:08][WildStr][svchost.exe]

[Throw dll injection][27/06/2025 16:35:08][WildStr][svchost.exe]

[Throw dll injection][27/06/2025 16:35:08][WildStr][svchost.exe]

[Throw dll injection][27/06/2025 16:35:08][WildStr][svchost.exe]

[Throw dll injection][27/06/2025 16:35:08][WildStr][Memory Compression]

[Throw dll injection][27/06/2025 16:35:08][WildStr][VBoxService.exe]

[Throw dll injection][27/06/2025 16:35:08][WildStr][svchost.exe]

[Throw dll injection][27/06/2025 16:35:08][WildStr][svchost.exe]

[Throw dll injection][27/06/2025 16:35:08][WildStr][svchost.exe]

[Throw dll injection][27/06/2025 16:35:08][WildStr][svchost.exe]

[Throw dll injection][27/06/2025 16:35:08][WildStr][svchost.exe]

[Throw dll injection][27/06/2025 16:35:08][WildStr][svchost.exe]

[Throw dll injection][27/06/2025 16:35:08][WildStr][svchost.exe]

[Throw dll injection][27/06/2025 16:35:08][WildStr][svchost.exe]

[Throw dll injection][27/06/2025 16:35:08][WildStr][svchost.exe]

[Throw dll injection][27/06/2025 16:35:08][WildStr][svchost.exe]

[Throw dll injection][27/06/2025 16:35:08][WildStr][svchost.exe]

[Throw dll injection][27/06/2025 16:35:08][WildStr][svchost.exe]

[Throw dll injection][27/06/2025 16:35:08][WildStr][Memory Compression]

[Throw dll injection][27/06/2025 16:35:08][WildStr][svchost.exe]

[Throw dll injection][27/06/2025 16:35:08][WildStr][svchost.exe]

[Throw dll injection][27/06/2025 16:35:08][WildStr][spoolsv.exe]

[Throw dll injection][27/06/2025 16:35:08][WildStr][svchost.exe]

[Throw dll injection][27/06/2025 16:35:08][WildStr][svchost.exe]

[Throw dll injection][27/06/2025 16:35:08][WildStr][svchost.exe]

[Throw dll injection][27/06/2025 16:35:08][WildStr][svchost.exe]

[Throw dll injection][27/06/2025 16:35:08][WildStr][svchost.exe]

[Throw dll injection][27/06/2025 16:35:08][WildStr][svchost.exe]

[Throw dll injection][27/06/2025 16:35:08][WildStr][svchost.exe]

[Throw dll injection][27/06/2025 16:35:08][WildStr][svchost.exe]

[Throw dll injection][27/06/2025 16:35:08][WildStr][ssh-agent.exe]

[Throw dll injection][27/06/2025 16:35:08][WildStr][sshd.exe]
]

[Throw dll injection][27/06/2025 16:35:08][WildStr][svchost.exe]

[Throw dll injection][27/06/2025 16:35:08][WildStr][svchost.exe]

[Throw dll injection][27/06/2025 16:35:08][WildStr][spoolsv.exe]

[Throw dll injection][27/06/2025 16:35:08][WildStr][svchost.exe]

[Throw dll injection][27/06/2025 16:35:08][WildStr][svchost.exe]

[Throw dll injection][27/06/2025 16:35:08][WildStr][svchost.exe]

[Throw dll injection][27/06/2025 16:35:08][WildStr][svchost.exe]

[Throw dll injection][27/06/2025 16:35:08][WildStr][svchost.exe]

[Throw dll injection][27/06/2025 16:35:08][WildStr][svchost.exe]

[Throw dll injection][27/06/2025 16:35:08][WildStr][svchost.exe]

[Throw dll injection][27/06/2025 16:35:08][WildStr][svchost.exe]

[Throw dll injection][27/06/2025 16:35:08][WildStr][svchost.exe]

[Throw dll injection][27/06/2025 16:35:08][WildStr][ssh-agent.exe]

[Throw dll injection][27/06/2025 16:35:08][WildStr][svchost.exe]

[Throw dll injection][27/06/2025 16:35:08][WildStr][sshd.exe]

[Throw dll injection][27/06/2025 16:35:08][WildStr][svchost.exe]

[Throw dll injection][27/06/2025 16:35:08][WildStr][svchost.exe]

[Throw dll injection][27/06/2025 16:35:08][WildStr][svchost.exe]

[Throw dll injection][27/06/2025 16:35:08][WildStr][MpDefenderCoreService.exe]

[Throw dll injection][27/06/2025 16:35:08][WildStr][MsMpEng.exe]

[Throw dll injection][27/06/2025 16:35:08][WildStr][svchost.exe]

[Throw dll injection][27/06/2025 16:35:08][WildStr][SearchIndexer.exe]

[Throw dll injection][27/06/2025 16:35:08][WildStr][svchost.exe]

[Throw dll injection][27/06/2025 16:35:08][WildStr][AggregatorHost.exe]

[Throw dll injection][27/06/2025 16:35:08][WildStr][svchost.exe]

[Throw dll injection][27/06/2025 16:35:08][WildStr][dllhost.exe]

[Throw dll injection][27/06/2025 16:35:08][WildStr][svchost.exe]

[Throw dll injection][27/06/2025 16:35:08][WildStr][svchost.exe]

[Throw dll injection][27/06/2025 16:35:08][WildStr][svchost.exe]

[Throw dll injection][27/06/2025 16:35:08][WildStr][NisSrv.exe]

[Throw dll injection][27/06/2025 16:35:08][WildStr][svchost.exe]

[Throw dll injection][27/06/2025 16:35:08][WildStr][sihost.exe]

[Throw dll injection][27/06/2025 16:35:08][WildStr][svchost.exe]

[Throw dll injection][27/06/2025 16:35:08][WildStr][svchost.exe]

[Throw dll injection][27/06/2025 16:35:08][WildStr][MpDefenderCoreService.exe]

[Throw dll injection][27/06/2025 16:35:08][WildStr][svchost.exe]

[Throw dll injection][27/06/2025 16:35:08][WildStr][MsMpEng.exe]

[Throw dll injection][27/06/2025 16:35:08][WildStr][taskhostw.exe]

[Throw dll injection][27/06/2025 16:35:08][WildStr][SearchIndexer.exe]

[Throw dll injection][27/06/2025 16:35:08][WildStr][MicrosoftEdgeUpdate.exe]

[Throw dll injection][27/06/2025 16:35:08][WildStr][AggregatorHost.exe]

[Throw dll injection][27/06/2025 16:35:08][WildStr][svchost.exe]

[Throw dll injection][27/06/2025 16:35:08][WildStr][dllhost.exe]

[Throw dll injection][27/06/2025 16:35:08][WildStr][ctfmon.exe]

[Throw dll injection][27/06/2025 16:35:08][WildStr][svchost.exe]

[Throw dll injection][27/06/2025 16:35:08][WildStr][svchost.exe]

[Throw dll injection][27/06/2025 16:35:08][WildStr][NisSrv.exe]

[Throw dll injection][27/06/2025 16:35:08][WildStr][svchost.exe]

[Throw dll injection][27/06/2025 16:35:08][WildStr][sihost.exe]

[Throw dll injection][27/06/2025 16:35:08][WildStr][explorer.exe]

[Throw dll injection][27/06/2025 16:35:08][WildStr][svchost.exe]

[Throw dll injection][27/06/2025 16:35:08][WildStr][svchost.exe]

[Throw dll injection][27/06/2025 16:35:08][WildStr][svchost.exe]

[Throw dll injection][27/06/2025 16:35:08][WildStr][StartMenuExperienceHost.exe]

[Throw dll injection][27/06/2025 16:35:08][WildStr][taskhostw.exe]

[Throw dll injection][27/06/2025 16:35:08][WildStr][RuntimeBroker.exe]

[Throw dll injection][27/06/2025 16:35:08][WildStr][MicrosoftEdgeUpdate.exe]

[Throw dll injection][27/06/2025 16:35:08][WildStr][SearchApp.exe]

[Throw dll injection][27/06/2025 16:35:08][WildStr][svchost.exe]

[Throw dll injection][27/06/2025 16:35:08][WildStr][svchost.exe]

[Throw dll injection][27/06/2025 16:35:08][WildStr][ctfmon.exe]

[Throw dll injection][27/06/2025 16:35:08][WildStr][RuntimeBroker.exe]

[Throw dll injection][27/06/2025 16:35:08][WildStr][svchost.exe]

[Throw dll injection][27/06/2025 16:35:08][WildStr][RuntimeBroker.exe]

[Throw dll injection][27/06/2025 16:35:08][WildStr][svchost.exe]

[Throw dll injection][27/06/2025 16:35:08][WildStr][svchost.exe]

[Throw dll injection][27/06/2025 16:35:08][WildStr][explorer.exe]

[Throw dll injection][27/06/2025 16:35:08][WildStr][SecurityHealthSystray.exe]

[Throw dll injection][27/06/2025 16:35:08][WildStr][svchost.exe]

[Throw dll injection][27/06/2025 16:35:08][WildStr][StartMenuExperienceHost.exe]

[Throw dll injection][27/06/2025 16:35:08][WildStr][VBoxTray.exe]

[Throw dll injection][27/06/2025 16:35:08][WildStr][RuntimeBroker.exe]

[Throw dll injection][27/06/2025 16:35:08][WildStr][OneDrive.exe]

[Throw dll injection][27/06/2025 16:35:08][WildStr][SearchApp.exe]

[Throw dll injection][27/06/2025 16:35:08][WildStr][cmd.exe]

[Throw dll injection][27/06/2025 16:35:08][WildStr][svchost.exe]

[Throw dll injection][27/06/2025 16:35:08][WildStr][RuntimeBroker.exe]

[Throw dll injection][27/06/2025 16:35:08][WildStr][RuntimeBroker.exe]

[Throw dll injection][27/06/2025 16:35:08][WildStr][svchost.exe]

[Throw dll injection][27/06/2025 16:35:08][WildStr][svchost.exe]

[Throw dll injection][27/06/2025 16:35:08][WildStr][SecurityHealthSystray.exe]

[Throw dll injection][27/06/2025 16:35:08][WildStr][svchost.exe]

[Throw dll injection][27/06/2025 16:35:08][WildStr][SecurityHealthService.exe]

[Throw dll injection][27/06/2025 16:35:08][WildStr][svchost.exe]

[Throw dll injection][27/06/2025 16:35:08][WildStr][VBoxTray.exe]

[Throw dll injection][27/06/2025 16:35:08][WildStr][svchost.exe]

[Throw dll injection][27/06/2025 16:35:08][WildStr][OneDrive.exe]

[Throw dll injection][27/06/2025 16:35:08][WildStr][svchost.exe]

[Throw dll injection][27/06/2025 16:35:08][WildStr][cmd.exe]

[Throw dll injection][27/06/2025 16:35:08][WildStr][powershell.exe]

[Throw dll injection][27/06/2025 16:35:08][WildStr][conhost.exe]

[Throw dll injection][27/06/2025 16:35:08][WildStr][Code.exe]

[Throw dll injection][27/06/2025 16:35:08][WildStr][svchost.exe]

[Throw dll injection][27/06/2025 16:35:08][WildStr][Code.exe]

[Throw dll injection][27/06/2025 16:35:08][WildStr][svchost.exe]

[Throw dll injection][27/06/2025 16:35:08][WildStr][Code.exe]

[Throw dll injection][27/06/2025 16:35:08][WildStr][svchost.exe]

[Throw dll injection][27/06/2025 16:35:08][WildStr][Code.exe]

[Throw dll injection][27/06/2025 16:35:08][WildStr][svchost.exe]

[Throw dll injection][27/06/2025 16:35:08][WildStr][Code.exe]

[Throw dll injection][27/06/2025 16:35:08][WildStr][svchost.exe]

[Throw dll injection][27/06/2025 16:35:08][WildStr][Code.exe]

[Throw dll injection][27/06/2025 16:35:08][WildStr][svchost.exe]

[Throw dll injection][27/06/2025 16:35:08][WildStr][Code.exe]

[Throw dll injection][27/06/2025 16:35:08][WildStr][powershell.exe]

[Throw dll injection][27/06/2025 16:35:08][WildStr][Code.exe]

[Throw dll injection][27/06/2025 16:35:08][WildStr][Code.exe]

[Throw dll injection][27/06/2025 16:35:08][WildStr][Code.exe]

[Throw dll injection][27/06/2025 16:35:08][WildStr][conhost.exe]

[Throw dll injection][27/06/2025 16:35:08][WildStr][powershell.exe]

[Throw dll injection][27/06/2025 16:35:08][WildStr][Code.exe]

[Throw dll injection][27/06/2025 16:35:08][WildStr][conhost.exe]

[Throw dll injection][27/06/2025 16:35:08][WildStr][Code.exe]

[Throw dll injection][27/06/2025 16:35:08][WildStr][powershell.exe]

[Throw dll injection][27/06/2025 16:35:08][WildStr][Code.exe]

[Throw dll injection][27/06/2025 16:35:08][WildStr][TextInputHost.exe]

[Throw dll injection][27/06/2025 16:35:08][WildStr][Code.exe]

[Throw dll injection][27/06/2025 16:35:08][WildStr][Code.exe]

[Throw dll injection][27/06/2025 16:35:08][WildStr][Code.exe]

[Throw dll injection][27/06/2025 16:35:08][WildStr][cpptools.exe]

[Throw dll injection][27/06/2025 16:35:08][WildStr][Code.exe]

[Throw dll injection][27/06/2025 16:35:08][WildStr][conhost.exe]

[Throw dll injection][27/06/2025 16:35:08][WildStr][Code.exe]

[Throw dll injection][27/06/2025 16:35:08][WildStr][cpptools.exe]

[Throw dll injection][27/06/2025 16:35:08][WildStr][conhost.exe]

[Throw dll injection][27/06/2025 16:35:08][WildStr][ApplicationFrameHost.exe]

[Throw dll injection][27/06/2025 16:35:08][WildStr][powershell.exe]

[Throw dll injection][27/06/2025 16:35:08][WildStr][SystemSettings.exe]

[Throw dll injection][27/06/2025 16:35:08][WildStr][conhost.exe]

[Throw dll injection][27/06/2025 16:35:08][WildStr][UserOOBEBroker.exe]

[Throw dll injection][27/06/2025 16:35:08][WildStr][powershell.exe]

[Throw dll injection][27/06/2025 16:35:08][WildStr][SearchApp.exe]

[Throw dll injection][27/06/2025 16:35:08][WildStr][TextInputHost.exe]

[Throw dll injection][27/06/2025 16:35:08][WildStr][msedgewebview2.exe]

[Throw dll injection][27/06/2025 16:35:08][WildStr][Code.exe]

[Throw dll injection][27/06/2025 16:35:08][WildStr][msedgewebview2.exe]

[Throw dll injection][27/06/2025 16:35:08][WildStr][cpptools.exe]

[Throw dll injection][27/06/2025 16:35:08][WildStr][msedgewebview2.exe]

[Throw dll injection][27/06/2025 16:35:08][WildStr][msedgewebview2.exe]

[Throw dll injection][27/06/2025 16:35:08][WildStr][cpptools.exe]

[Throw dll injection][27/06/2025 16:35:08][WildStr][msedgewebview2.exe]

[Throw dll injection][27/06/2025 16:35:08][WildStr][ApplicationFrameHost.exe]

[Throw dll injection][27/06/2025 16:35:08][WildStr][msedgewebview2.exe]

[Throw dll injection][27/06/2025 16:35:08][WildStr][SystemSettings.exe]

[Throw dll injection][27/06/2025 16:35:08][WildStr][FileCoAuth.exe]

[Throw dll injection][27/06/2025 16:35:08][WildStr][UserOOBEBroker.exe]

[Throw dll injection][27/06/2025 16:35:08][WildStr][svchost.exe]

[Throw dll injection][27/06/2025 16:35:08][WildStr][msedge.exe]
]

[Throw dll injection][27/06/2025 16:35:08][WildStr][msedgewebview2.exe]

[Throw dll injection][27/06/2025 16:35:08][WildStr][msedge.exe]

[Throw dll injection][27/06/2025 16:35:08][WildStr][msedgewebview2.exe]

[Throw dll injection][27/06/2025 16:35:08][WildStr][msedge.exe]

[Throw dll injection][27/06/2025 16:35:08][WildStr][msedgewebview2.exe]

[Throw dll injection][27/06/2025 16:35:08][WildStr][msedge.exe]

[Throw dll injection][27/06/2025 16:35:08][WildStr][msedgewebview2.exe]

[Throw dll injection][27/06/2025 16:35:08][WildStr][msedge.exe]

[Throw dll injection][27/06/2025 16:35:08][WildStr][msedgewebview2.exe]

[Throw dll injection][27/06/2025 16:35:08][WildStr][svchost.exe]

[Throw dll injection][27/06/2025 16:35:08][WildStr][msedgewebview2.exe]

[Throw dll injection][27/06/2025 16:35:08][WildStr][svchost.exe]

[Throw dll injection][27/06/2025 16:35:08][WildStr][FileCoAuth.exe]

[Throw dll injection][27/06/2025 16:35:08][WildStr][svchost.exe]

[Throw dll injection][27/06/2025 16:35:08][WildStr][svchost.exe]

[Throw dll injection][27/06/2025 16:35:08][WildStr][dllhost.exe]

[Throw dll injection][27/06/2025 16:35:08][WildStr][msedge.exe]

[Throw dll injection][27/06/2025 16:35:08][WildStr][ShellExperienceHost.exe]

[Throw dll injection][27/06/2025 16:35:08][WildStr][msedge.exe]

[Throw dll injection][27/06/2025 16:35:08][WildStr][RuntimeBroker.exe]

[Throw dll injection][27/06/2025 16:35:08][WildStr][msedge.exe]

[Throw dll injection][27/06/2025 16:35:08][WildStr][vctip.exe]

[Throw dll injection][27/06/2025 16:35:08][WildStr][msedge.exe]

[Throw dll injection][27/06/2025 16:35:08][WildStr][cpptools-srv.exe]

[Throw dll injection][27/06/2025 16:35:08][WildStr][msedge.exe]

[Throw dll injection][27/06/2025 16:35:08][WildStr][conhost.exe]

[Throw dll injection][27/06/2025 16:35:08][WildStr][svchost.exe]

[Throw dll injection][27/06/2025 16:35:08][WildStr][cpptools-srv.exe]

[Throw dll injection][27/06/2025 16:35:08][WildStr][svchost.exe]

[Throw dll injection][27/06/2025 16:35:08][WildStr][conhost.exe]

[Throw dll injection][27/06/2025 16:35:08][WildStr][svchost.exe]

[Throw dll injection][27/06/2025 16:35:08][WildStr][svchost.exe]

[Throw dll injection][27/06/2025 16:35:08][WildStr][dllhost.exe]

[Throw dll injection][27/06/2025 16:35:08][WildStr][Taskmgr.exe]

[Throw dll injection][27/06/2025 16:35:08][WildStr][ShellExperienceHost.exe]

[Throw dll injection][27/06/2025 16:35:08][WildStr][RuntimeBroker.exe]

[Throw dll injection][27/06/2025 16:35:08][WildStr][vctip.exe]

[Throw dll injection][27/06/2025 16:35:08][WildStr][cpptools-srv.exe]

[Throw dll injection][27/06/2025 16:35:08][WildStr][conhost.exe]

[Throw dll injection][27/06/2025 16:35:08][WildStr][cpptools-srv.exe]

[Throw dll injection][27/06/2025 16:35:08][WildStr][conhost.exe]

[Throw dll injection][27/06/2025 16:35:08][WildStr][svchost.exe]

[Throw dll injection][27/06/2025 16:35:08][WildStr][Taskmgr.exe]

[Throw dll injection][27/06/2025 16:35:08][Str][SystemTimeOfDayInformation]

[Throw dll injection][27/06/2025 16:35:09][Str][OrigNtQuerySystemInformation failed: 0xC0000023
]

[Throw dll injection][27/06/2025 16:35:09][Str][Noinfo]

[Throw dll injection][27/06/2025 16:35:09][Str][Noinfo]

[Throw dll injection][27/06/2025 16:35:09][Str][Noinfo]

[Throw dll injection][27/06/2025 16:35:09][Str][SystemProcessInformation]

[Throw dll injection][27/06/2025 16:35:09][Str][SystemProcessInformation]

[Throw dll injection][27/06/2025 16:35:09][WildStr][System]

[Throw dll injection][27/06/2025 16:35:09][WildStr][Registry]

[Throw dll injection][27/06/2025 16:35:09][WildStr][smss.exe]

[Throw dll injection][27/06/2025 16:35:09][WildStr][csrss.exe]

[Throw dll injection][27/06/2025 16:35:09][WildStr][wininit.exe]

[Throw dll injection][27/06/2025 16:35:09][WildStr][csrss.exe]

[Throw dll injection][27/06/2025 16:35:09][WildStr][winlogon.exe]

[Throw dll injection][27/06/2025 16:35:09][WildStr][csrss.exe]

[Throw dll injection][27/06/2025 16:35:09][WildStr][services.exe]

[Throw dll injection][27/06/2025 16:35:09][WildStr][lsass.exe]

[Throw dll injection][27/06/2025 16:35:09][WildStr][wininit.exe]

[Throw dll injection][27/06/2025 16:35:09][WildStr][svchost.exe]

[Throw dll injection][27/06/2025 16:35:09][WildStr][fontdrvhost.exe]

[Throw dll injection][27/06/2025 16:35:09][WildStr][csrss.exe]

[Throw dll injection][27/06/2025 16:35:09][WildStr][fontdrvhost.exe]

[Throw dll injection][27/06/2025 16:35:09][WildStr][svchost.exe]

[Throw dll injection][27/06/2025 16:35:09][WildStr][winlogon.exe]

[Throw dll injection][27/06/2025 16:35:09][WildStr][svchost.exe]

[Throw dll injection][27/06/2025 16:35:09][WildStr][dwm.exe]

[Throw dll injection][27/06/2025 16:35:09][WildStr][services.exe]

[Throw dll injection][27/06/2025 16:35:09][WildStr][svchost.exe]

[Throw dll injection][27/06/2025 16:35:09][WildStr][svchost.exe]

[Throw dll injection][27/06/2025 16:35:09][WildStr][lsass.exe]

[Throw dll injection][27/06/2025 16:35:09][WildStr][svchost.exe]

[Throw dll injection][27/06/2025 16:35:09][WildStr][svchost.exe]

[Throw dll injection][27/06/2025 16:35:09][WildStr][svchost.exe]

[Throw dll injection][27/06/2025 16:35:09][WildStr][svchost.exe]

[Throw dll injection][27/06/2025 16:35:09][WildStr][fontdrvhost.exe]

[Throw dll injection][27/06/2025 16:35:09][WildStr][svchost.exe]

[Throw dll injection][27/06/2025 16:35:09][WildStr][svchost.exe]

[Throw dll injection][27/06/2025 16:35:09][WildStr][fontdrvhost.exe]

[Throw dll injection][27/06/2025 16:35:09][WildStr][svchost.exe]

[Throw dll injection][27/06/2025 16:35:09][WildStr][svchost.exe]

[Throw dll injection][27/06/2025 16:35:09][WildStr][svchost.exe]

[Throw dll injection][27/06/2025 16:35:09][WildStr][svchost.exe]

[Throw dll injection][27/06/2025 16:35:09][WildStr][svchost.exe]

[Throw dll injection][27/06/2025 16:35:09][WildStr][svchost.exe]

[Throw dll injection][27/06/2025 16:35:09][WildStr][svchost.exe]

[Throw dll injection][27/06/2025 16:35:09][WildStr][svchost.exe]

[Throw dll injection][27/06/2025 16:35:09][WildStr][dwm.exe]

[Throw dll injection][27/06/2025 16:35:09][WildStr][VBoxService.exe]

[Throw dll injection][27/06/2025 16:35:09][WildStr][svchost.exe]

[Throw dll injection][27/06/2025 16:35:09][WildStr][svchost.exe]

[Throw dll injection][27/06/2025 16:35:09][WildStr][svchost.exe]

[Throw dll injection][27/06/2025 16:35:09][WildStr][svchost.exe]

[Throw dll injection][27/06/2025 16:35:09][WildStr][svchost.exe]

[Throw dll injection][27/06/2025 16:35:09][WildStr][svchost.exe]

[Throw dll injection][27/06/2025 16:35:09][WildStr][svchost.exe]

[Throw dll injection][27/06/2025 16:35:09][WildStr][svchost.exe]

[Throw dll injection][27/06/2025 16:35:09][WildStr][svchost.exe]

[Throw dll injection][27/06/2025 16:35:09][WildStr][Memory Compression]

[Throw dll injection][27/06/2025 16:35:09][WildStr][svchost.exe]

[Throw dll injection][27/06/2025 16:35:09][WildStr][svchost.exe]

[Throw dll injection][27/06/2025 16:35:09][WildStr][svchost.exe]

[Throw dll injection][27/06/2025 16:35:09][WildStr][svchost.exe]

[Throw dll injection][27/06/2025 16:35:09][WildStr][svchost.exe]

[Throw dll injection][27/06/2025 16:35:09][WildStr][svchost.exe]

[Throw dll injection][27/06/2025 16:35:09][WildStr][svchost.exe]

[Throw dll injection][27/06/2025 16:35:09][WildStr][svchost.exe]

[Throw dll injection][27/06/2025 16:35:09][WildStr][svchost.exe]

[Throw dll injection][27/06/2025 16:35:09][WildStr][svchost.exe]

[Throw dll injection][27/06/2025 16:35:09][WildStr][svchost.exe]

[Throw dll injection][27/06/2025 16:35:09][WildStr][svchost.exe]

[Throw dll injection][27/06/2025 16:35:09][WildStr][spoolsv.exe]

[Throw dll injection][27/06/2025 16:35:09][WildStr][svchost.exe]

[Throw dll injection][27/06/2025 16:35:09][WildStr][svchost.exe]

[Throw dll injection][27/06/2025 16:35:09][WildStr][svchost.exe]

[Throw dll injection][27/06/2025 16:35:09][WildStr][svchost.exe]

[Throw dll injection][27/06/2025 16:35:09][WildStr][svchost.exe]

[Throw dll injection][27/06/2025 16:35:09][WildStr][svchost.exe]

[Throw dll injection][27/06/2025 16:35:09][WildStr][ssh-agent.exe]

[Throw dll injection][27/06/2025 16:35:09][WildStr][svchost.exe]

[Throw dll injection][27/06/2025 16:35:09][WildStr][sshd.exe]

[Throw dll injection][27/06/2025 16:35:09][WildStr][svchost.exe]

[Throw dll injection][27/06/2025 16:35:09][WildStr][svchost.exe]

[Throw dll injection][27/06/2025 16:35:09][WildStr][svchost.exe]

[Throw dll injection][27/06/2025 16:35:09][WildStr][svchost.exe]

[Throw dll injection][27/06/2025 16:35:09][WildStr][svchost.exe]

[Throw dll injection][27/06/2025 16:35:09][WildStr][svchost.exe]

[Throw dll injection][27/06/2025 16:35:09][WildStr][svchost.exe]

[Throw dll injection][27/06/2025 16:35:09][WildStr][VBoxService.exe]

[Throw dll injection][27/06/2025 16:35:09][WildStr][svchost.exe]

[Throw dll injection][27/06/2025 16:35:09][WildStr][svchost.exe]

[Throw dll injection][27/06/2025 16:35:09][WildStr][svchost.exe]

[Throw dll injection][27/06/2025 16:35:09][WildStr][svchost.exe]

[Throw dll injection][27/06/2025 16:35:09][WildStr][svchost.exe]

[Throw dll injection][27/06/2025 16:35:09][WildStr][svchost.exe]

[Throw dll injection][27/06/2025 16:35:09][WildStr][MpDefenderCoreService.exe]

[Throw dll injection][27/06/2025 16:35:09][WildStr][svchost.exe]

[Throw dll injection][27/06/2025 16:35:09][WildStr][MsMpEng.exe]

[Throw dll injection][27/06/2025 16:35:09][WildStr][SearchIndexer.exe]

[Throw dll injection][27/06/2025 16:35:09][WildStr][svchost.exe]

[Throw dll injection][27/06/2025 16:35:09][WildStr][AggregatorHost.exe]

[Throw dll injection][27/06/2025 16:35:09][WildStr][dllhost.exe]

[Throw dll injection][27/06/2025 16:35:09][WildStr][svchost.exe]

[Throw dll injection][27/06/2025 16:35:09][WildStr][svchost.exe]

[Throw dll injection][27/06/2025 16:35:09][WildStr][NisSrv.exe]

[Throw dll injection][27/06/2025 16:35:09][WildStr][svchost.exe]

[Throw dll injection][27/06/2025 16:35:09][WildStr][sihost.exe]

[Throw dll injection][27/06/2025 16:35:09][WildStr][Memory Compression]

[Throw dll injection][27/06/2025 16:35:09][WildStr][svchost.exe]

[Throw dll injection][27/06/2025 16:35:09][WildStr][svchost.exe]

[Throw dll injection][27/06/2025 16:35:09][WildStr][svchost.exe]

[Throw dll injection][27/06/2025 16:35:09][WildStr][taskhostw.exe]

[Throw dll injection][27/06/2025 16:35:09][WildStr][MicrosoftEdgeUpdate.exe]

[Throw dll injection][27/06/2025 16:35:09][WildStr][svchost.exe]

[Throw dll injection][27/06/2025 16:35:09][WildStr][svchost.exe]

[Throw dll injection][27/06/2025 16:35:09][WildStr][ctfmon.exe]

[Throw dll injection][27/06/2025 16:35:09][WildStr][svchost.exe]

[Throw dll injection][27/06/2025 16:35:09][WildStr][svchost.exe]

[Throw dll injection][27/06/2025 16:35:09][WildStr][svchost.exe]

[Throw dll injection][27/06/2025 16:35:09][WildStr][svchost.exe]

[Throw dll injection][27/06/2025 16:35:09][WildStr][explorer.exe]

[Throw dll injection][27/06/2025 16:35:09][WildStr][svchost.exe]

[Throw dll injection][27/06/2025 16:35:09][WildStr][svchost.exe]

[Throw dll injection][27/06/2025 16:35:09][WildStr][StartMenuExperienceHost.exe]

[Throw dll injection][27/06/2025 16:35:09][WildStr][RuntimeBroker.exe]

[Throw dll injection][27/06/2025 16:35:09][WildStr][svchost.exe]

[Throw dll injection][27/06/2025 16:35:09][WildStr][SearchApp.exe]

[Throw dll injection][27/06/2025 16:35:09][WildStr][svchost.exe]

[Throw dll injection][27/06/2025 16:35:09][WildStr][svchost.exe]

[Throw dll injection][27/06/2025 16:35:09][WildStr][RuntimeBroker.exe]

[Throw dll injection][27/06/2025 16:35:09][WildStr][RuntimeBroker.exe]

[Throw dll injection][27/06/2025 16:35:09][WildStr][spoolsv.exe]

[Throw dll injection][27/06/2025 16:35:09][WildStr][svchost.exe]

[Throw dll injection][27/06/2025 16:35:09][WildStr][SecurityHealthSystray.exe]

[Throw dll injection][27/06/2025 16:35:09][WildStr][svchost.exe]

[Throw dll injection][27/06/2025 16:35:09][WildStr][SecurityHealthService.exe]

[Throw dll injection][27/06/2025 16:35:09][WildStr][VBoxTray.exe]

[Throw dll injection][27/06/2025 16:35:09][WildStr][svchost.exe]

[Throw dll injection][27/06/2025 16:35:09][WildStr][OneDrive.exe]

[Throw dll injection][27/06/2025 16:35:09][WildStr][cmd.exe]

[Throw dll injection][27/06/2025 16:35:09][WildStr][svchost.exe]

[Throw dll injection][27/06/2025 16:35:09][WildStr][conhost.exe]

[Throw dll injection][27/06/2025 16:35:09][WildStr][svchost.exe]

[Throw dll injection][27/06/2025 16:35:09][WildStr][svchost.exe]

[Throw dll injection][27/06/2025 16:35:09][WildStr][svchost.exe]

[Throw dll injection][27/06/2025 16:35:09][WildStr][svchost.exe]

[Throw dll injection][27/06/2025 16:35:09][WildStr][ssh-agent.exe]

[Throw dll injection][27/06/2025 16:35:09][WildStr][svchost.exe]

[Throw dll injection][27/06/2025 16:35:09][WildStr][svchost.exe]

[Throw dll injection][27/06/2025 16:35:09][WildStr][sshd.exe]

[Throw dll injection][27/06/2025 16:35:09][WildStr][svchost.exe]

[Throw dll injection][27/06/2025 16:35:09][WildStr][powershell.exe]

[Throw dll injection][27/06/2025 16:35:09][WildStr][svchost.exe]

[Throw dll injection][27/06/2025 16:35:09][WildStr][Code.exe]

[Throw dll injection][27/06/2025 16:35:09][WildStr][Code.exe]

[Throw dll injection][27/06/2025 16:35:09][WildStr][svchost.exe]

[Throw dll injection][27/06/2025 16:35:09][WildStr][Code.exe]

[Throw dll injection][27/06/2025 16:35:09][WildStr][Code.exe]

[Throw dll injection][27/06/2025 16:35:09][WildStr][svchost.exe]

[Throw dll injection][27/06/2025 16:35:09][WildStr][Code.exe]

[Throw dll injection][27/06/2025 16:35:09][WildStr][Code.exe]

[Throw dll injection][27/06/2025 16:35:09][WildStr][Code.exe]

[Throw dll injection][27/06/2025 16:35:09][WildStr][svchost.exe]

[Throw dll injection][27/06/2025 16:35:09][WildStr][Code.exe]

[Throw dll injection][27/06/2025 16:35:09][WildStr][Code.exe]

[Throw dll injection][27/06/2025 16:35:09][WildStr][svchost.exe]

[Throw dll injection][27/06/2025 16:35:09][WildStr][conhost.exe]

[Throw dll injection][27/06/2025 16:35:09][WildStr][svchost.exe]

[Throw dll injection][27/06/2025 16:35:09][WildStr][powershell.exe]

[Throw dll injection][27/06/2025 16:35:09][WildStr][svchost.exe]

[Throw dll injection][27/06/2025 16:35:09][WildStr][conhost.exe]

[Throw dll injection][27/06/2025 16:35:09][WildStr][svchost.exe]

[Throw dll injection][27/06/2025 16:35:09][WildStr][powershell.exe]

[Throw dll injection][27/06/2025 16:35:09][WildStr][svchost.exe]

[Throw dll injection][27/06/2025 16:35:09][WildStr][TextInputHost.exe]

[Throw dll injection][27/06/2025 16:35:09][WildStr][MpDefenderCoreService.exe]

[Throw dll injection][27/06/2025 16:35:09][WildStr][Code.exe]

[Throw dll injection][27/06/2025 16:35:09][WildStr][MsMpEng.exe]

[Throw dll injection][27/06/2025 16:35:09][WildStr][cpptools.exe]

[Throw dll injection][27/06/2025 16:35:09][WildStr][SearchIndexer.exe]

[Throw dll injection][27/06/2025 16:35:09][WildStr][conhost.exe]

[Throw dll injection][27/06/2025 16:35:09][WildStr][cpptools.exe]

[Throw dll injection][27/06/2025 16:35:09][WildStr][AggregatorHost.exe]

[Throw dll injection][27/06/2025 16:35:09][WildStr][ApplicationFrameHost.exe]

[Throw dll injection][27/06/2025 16:35:09][WildStr][dllhost.exe]

[Throw dll injection][27/06/2025 16:35:09][WildStr][SystemSettings.exe]

[Throw dll injection][27/06/2025 16:35:09][WildStr][UserOOBEBroker.exe]

[Throw dll injection][27/06/2025 16:35:09][WildStr][NisSrv.exe]

[Throw dll injection][27/06/2025 16:35:09][WildStr][SearchApp.exe]

[Throw dll injection][27/06/2025 16:35:09][WildStr][sihost.exe]

[Throw dll injection][27/06/2025 16:35:09][WildStr][msedgewebview2.exe]

[Throw dll injection][27/06/2025 16:35:09][WildStr][svchost.exe]

[Throw dll injection][27/06/2025 16:35:09][WildStr][msedgewebview2.exe]

[Throw dll injection][27/06/2025 16:35:09][WildStr][msedgewebview2.exe]

[Throw dll injection][27/06/2025 16:35:09][WildStr][msedgewebview2.exe]

[Throw dll injection][27/06/2025 16:35:09][WildStr][taskhostw.exe]

[Throw dll injection][27/06/2025 16:35:09][WildStr][msedgewebview2.exe]

[Throw dll injection][27/06/2025 16:35:09][WildStr][MicrosoftEdgeUpdate.exe]

[Throw dll injection][27/06/2025 16:35:09][WildStr][msedgewebview2.exe]

[Throw dll injection][27/06/2025 16:35:09][WildStr][svchost.exe]

[Throw dll injection][27/06/2025 16:35:09][WildStr][FileCoAuth.exe]

[Throw dll injection][27/06/2025 16:35:09][WildStr][ctfmon.exe]

[Throw dll injection][27/06/2025 16:35:09][WildStr][svchost.exe]

[Throw dll injection][27/06/2025 16:35:09][WildStr][svchost.exe]

[Throw dll injection][27/06/2025 16:35:09][WildStr][msedge.exe]

[Throw dll injection][27/06/2025 16:35:09][WildStr][svchost.exe]

[Throw dll injection][27/06/2025 16:35:09][WildStr][msedge.exe]


[Throw dll injection][27/06/2025 16:35:09][WildStr][svchost.exe]

[Throw dll injection][27/06/2025 16:35:09][WildStr][msedge.exe]
rienceHost.exe]

[Throw dll injection][27/06/2025 16:35:09][WildStr][msedge.exe]

[Throw dll injection][27/06/2025 16:35:09][WildStr][RuntimeBroker.exe]

[Throw dll injection][27/06/2025 16:35:09][WildStr][svchost.exe]

[Throw dll injection][27/06/2025 16:35:09][WildStr][SearchApp.exe]

[Throw dll injection][27/06/2025 16:35:09][WildStr][svchost.exe]

[Throw dll injection][27/06/2025 16:35:09][WildStr][svchost.exe]

[Throw dll injection][27/06/2025 16:35:09][WildStr][RuntimeBroker.exe]

[Throw dll injection][27/06/2025 16:35:09][WildStr][dllhost.exe]

[Throw dll injection][27/06/2025 16:35:09][WildStr][RuntimeBroker.exe]

[Throw dll injection][27/06/2025 16:35:09][WildStr][ShellExperienceHost.exe]

[Throw dll injection][27/06/2025 16:35:09][WildStr][svchost.exe]

[Throw dll injection][27/06/2025 16:35:09][WildStr][RuntimeBroker.exe]

[Throw dll injection][27/06/2025 16:35:09][WildStr][SecurityHealthSystray.exe]

[Throw dll injection][27/06/2025 16:35:09][WildStr][vctip.exe]

[Throw dll injection][27/06/2025 16:35:09][WildStr][SecurityHealthService.exe]

[Throw dll injection][27/06/2025 16:35:09][WildStr][cpptools-srv.exe]

[Throw dll injection][27/06/2025 16:35:09][WildStr][VBoxTray.exe]

[Throw dll injection][27/06/2025 16:35:09][WildStr][conhost.exe]

[Throw dll injection][27/06/2025 16:35:09][WildStr][OneDrive.exe]

[Throw dll injection][27/06/2025 16:35:09][WildStr][cpptools-srv.exe]

[Throw dll injection][27/06/2025 16:35:09][WildStr][cmd.exe]

[Throw dll injection][27/06/2025 16:35:09][WildStr][conhost.exe]

[Throw dll injection][27/06/2025 16:35:09][WildStr][conhost.exe]

[Throw dll injection][27/06/2025 16:35:09][WildStr][svchost.exe]

[Throw dll injection][27/06/2025 16:35:09][WildStr][svchost.exe]

[Throw dll injection][27/06/2025 16:35:09][WildStr][svchost.exe]

[Throw dll injection][27/06/2025 16:35:09][WildStr][svchost.exe]
ormation]

[Throw dll injection][27/06/2025 16:35:09][WildStr][svchost.exe]

[Throw dll injection][27/06/2025 16:35:09][WildStr][svchost.exe]

[Throw dll injection][27/06/2025 16:35:09][WildStr][svchost.exe]

[Throw dll injection][27/06/2025 16:35:09][WildStr][powershell.exe]

[Throw dll injection][27/06/2025 16:35:09][WildStr][Code.exe]

[Throw dll injection][27/06/2025 16:35:09][WildStr][Code.exe]

[Throw dll injection][27/06/2025 16:35:09][WildStr][Code.exe]

[Throw dll injection][27/06/2025 16:35:09][WildStr][Code.exe]

[Throw dll injection][27/06/2025 16:35:09][WildStr][Code.exe]

[Throw dll injection][27/06/2025 16:35:09][WildStr][Code.exe]

[Throw dll injection][27/06/2025 16:35:09][WildStr][Code.exe]

[Throw dll injection][27/06/2025 16:35:09][WildStr][Code.exe]

[Throw dll injection][27/06/2025 16:35:09][WildStr][Code.exe]

[Throw dll injection][27/06/2025 16:35:09][WildStr][conhost.exe]

[Throw dll injection][27/06/2025 16:35:09][WildStr][powershell.exe]

[Throw dll injection][27/06/2025 16:35:09][WildStr][conhost.exe]

[Throw dll injection][27/06/2025 16:35:09][WildStr][powershell.exe]

[Throw dll injection][27/06/2025 16:35:09][WildStr][TextInputHost.exe]

[Throw dll injection][27/06/2025 16:35:09][WildStr][Code.exe]

[Throw dll injection][27/06/2025 16:35:09][WildStr][cpptools.exe]

[Throw dll injection][27/06/2025 16:35:09][WildStr][conhost.exe]

[Throw dll injection][27/06/2025 16:35:09][WildStr][cpptools.exe]

[Throw dll injection][27/06/2025 16:35:09][WildStr][ApplicationFrameHost.exe]

[Throw dll injection][27/06/2025 16:35:09][WildStr][SystemSettings.exe]

[Throw dll injection][27/06/2025 16:35:09][WildStr][UserOOBEBroker.exe]

[Throw dll injection][27/06/2025 16:35:09][WildStr][SearchApp.exe]

[Throw dll injection][27/06/2025 16:35:09][WildStr][msedgewebview2.exe]

[Throw dll injection][27/06/2025 16:35:09][WildStr][msedgewebview2.exe]

[Throw dll injection][27/06/2025 16:35:09][WildStr][msedgewebview2.exe]

[Throw dll injection][27/06/2025 16:35:09][WildStr][msedgewebview2.exe]

[Throw dll injection][27/06/2025 16:35:09][WildStr][msedgewebview2.exe]

[Throw dll injection][27/06/2025 16:35:09][WildStr][msedgewebview2.exe]

[Throw dll injection][27/06/2025 16:35:09][WildStr][FileCoAuth.exe]

[Throw dll injection][27/06/2025 16:35:09][WildStr][svchost.exe]

[Throw dll injection][27/06/2025 16:35:09][WildStr][msedge.exe]

[Throw dll injection][27/06/2025 16:35:09][WildStr][msedge.exe]

[Throw dll injection][27/06/2025 16:35:09][WildStr][msedge.exe]

[Throw dll injection][27/06/2025 16:35:09][WildStr][msedge.exe]

[Throw dll injection][27/06/2025 16:35:09][WildStr][msedge.exe]

[Throw dll injection][27/06/2025 16:35:09][WildStr][svchost.exe]

[Throw dll injection][27/06/2025 16:35:09][WildStr][svchost.exe]

[Throw dll injection][27/06/2025 16:35:09][WildStr][svchost.exe]

[Throw dll injection][27/06/2025 16:35:09][WildStr][dllhost.exe]

[Throw dll injection][27/06/2025 16:35:09][WildStr][ShellExperienceHost.exe]

[Throw dll injection][27/06/2025 16:35:09][WildStr][RuntimeBroker.exe]

[Throw dll injection][27/06/2025 16:35:09][WildStr][vctip.exe]

[Throw dll injection][27/06/2025 16:35:09][WildStr][cpptools-srv.exe]

[Throw dll injection][27/06/2025 16:35:09][WildStr][conhost.exe]

[Throw dll injection][27/06/2025 16:35:09][WildStr][cpptools-srv.exe]

[Throw dll injection][27/06/2025 16:35:09][WildStr][conhost.exe]

[Throw dll injection][27/06/2025 16:35:09][WildStr][svchost.exe]

[Throw dll injection][27/06/2025 16:35:09][WildStr][Taskmgr.exe]

[Throw dll injection][27/06/2025 16:35:10][Str][OrigNtQuerySystemInformation failed: 0xC0000023
]

[Throw dll injection][27/06/2025 16:35:10][Str][Noinfo]

[Throw dll injection][27/06/2025 16:35:10][Str][Noinfo]

[Throw dll injection][27/06/2025 16:35:10][Str][Noinfo]

[Throw dll injection][27/06/2025 16:35:10][Str][SystemProcessInformation]

[Throw dll injection][27/06/2025 16:35:10][WildStr][System]

[Throw dll injection][27/06/2025 16:35:10][WildStr][System]

[Throw dll injection][27/06/2025 16:35:10][WildStr][Registry]

[Throw dll injection][27/06/2025 16:35:10][WildStr][Registry]

[Throw dll injection][27/06/2025 16:35:10][WildStr][smss.exe]

[Throw dll injection][27/06/2025 16:35:10][WildStr][smss.exe]

[Throw dll injection][27/06/2025 16:35:10][WildStr][csrss.exe]

[Throw dll injection][27/06/2025 16:35:10][WildStr][csrss.exe]

[Throw dll injection][27/06/2025 16:35:10][WildStr][wininit.exe]

[Throw dll injection][27/06/2025 16:35:10][WildStr][wininit.exe]

[Throw dll injection][27/06/2025 16:35:10][WildStr][csrss.exe]

[Throw dll injection][27/06/2025 16:35:10][WildStr][csrss.exe]

[Throw dll injection][27/06/2025 16:35:10][WildStr][winlogon.exe]

[Throw dll injection][27/06/2025 16:35:10][WildStr][winlogon.exe]

[Throw dll injection][27/06/2025 16:35:10][WildStr][services.exe]

[Throw dll injection][27/06/2025 16:35:10][WildStr][services.exe]

[Throw dll injection][27/06/2025 16:35:10][WildStr][lsass.exe]

[Throw dll injection][27/06/2025 16:35:10][WildStr][lsass.exe]

[Throw dll injection][27/06/2025 16:35:10][WildStr][svchost.exe]

[Throw dll injection][27/06/2025 16:35:10][WildStr][svchost.exe]

[Throw dll injection][27/06/2025 16:35:10][WildStr][fontdrvhost.exe]

[Throw dll injection][27/06/2025 16:35:10][WildStr][fontdrvhost.exe]

[Throw dll injection][27/06/2025 16:35:10][WildStr][fontdrvhost.exe]

[Throw dll injection][27/06/2025 16:35:10][WildStr][fontdrvhost.exe]

[Throw dll injection][27/06/2025 16:35:10][WildStr][svchost.exe]

[Throw dll injection][27/06/2025 16:35:10][WildStr][svchost.exe]

[Throw dll injection][27/06/2025 16:35:10][WildStr][svchost.exe]

[Throw dll injection][27/06/2025 16:35:10][WildStr][svchost.exe]

[Throw dll injection][27/06/2025 16:35:10][WildStr][dwm.exe]

[Throw dll injection][27/06/2025 16:35:10][WildStr][dwm.exe]

[Throw dll injection][27/06/2025 16:35:10][WildStr][svchost.exe]

[Throw dll injection][27/06/2025 16:35:10][WildStr][svchost.exe]

[Throw dll injection][27/06/2025 16:35:10][WildStr][svchost.exe]

[Throw dll injection][27/06/2025 16:35:10][WildStr][svchost.exe]

[Throw dll injection][27/06/2025 16:35:10][WildStr][svchost.exe]

[Throw dll injection][27/06/2025 16:35:10][WildStr][svchost.exe]

[Throw dll injection][27/06/2025 16:35:10][WildStr][svchost.exe]

[Throw dll injection][27/06/2025 16:35:10][WildStr][svchost.exe]

[Throw dll injection][27/06/2025 16:35:10][WildStr][svchost.exe]

[Throw dll injection][27/06/2025 16:35:10][WildStr][svchost.exe]

[Throw dll injection][27/06/2025 16:35:10][WildStr][svchost.exe]

[Throw dll injection][27/06/2025 16:35:10][WildStr][svchost.exe]

[Throw dll injection][27/06/2025 16:35:10][WildStr][svchost.exe]

[Throw dll injection][27/06/2025 16:35:10][WildStr][svchost.exe]

[Throw dll injection][27/06/2025 16:35:10][WildStr][svchost.exe]

[Throw dll injection][27/06/2025 16:35:10][WildStr][svchost.exe]

[Throw dll injection][27/06/2025 16:35:10][WildStr][svchost.exe]

[Throw dll injection][27/06/2025 16:35:10][WildStr][svchost.exe]

[Throw dll injection][27/06/2025 16:35:10][WildStr][svchost.exe]

[Throw dll injection][27/06/2025 16:35:10][WildStr][svchost.exe]

[Throw dll injection][27/06/2025 16:35:10][WildStr][svchost.exe]

[Throw dll injection][27/06/2025 16:35:10][WildStr][svchost.exe]

[Throw dll injection][27/06/2025 16:35:10][WildStr][svchost.exe]

[Throw dll injection][27/06/2025 16:35:10][WildStr][svchost.exe]

[Throw dll injection][27/06/2025 16:35:10][WildStr][svchost.exe]

[Throw dll injection][27/06/2025 16:35:10][WildStr][svchost.exe]

[Throw dll injection][27/06/2025 16:35:10][WildStr][VBoxService.exe]

[Throw dll injection][27/06/2025 16:35:10][WildStr][VBoxService.exe]

[Throw dll injection][27/06/2025 16:35:10][WildStr][svchost.exe]

[Throw dll injection][27/06/2025 16:35:10][WildStr][svchost.exe]

[Throw dll injection][27/06/2025 16:35:10][WildStr][svchost.exe]

[Throw dll injection][27/06/2025 16:35:10][WildStr][svchost.exe]

[Throw dll injection][27/06/2025 16:35:10][WildStr][svchost.exe]

[Throw dll injection][27/06/2025 16:35:10][WildStr][svchost.exe]

[Throw dll injection][27/06/2025 16:35:10][WildStr][svchost.exe]

[Throw dll injection][27/06/2025 16:35:10][WildStr][svchost.exe]

[Throw dll injection][27/06/2025 16:35:10][WildStr][svchost.exe]

[Throw dll injection][27/06/2025 16:35:10][WildStr][svchost.exe]

[Throw dll injection][27/06/2025 16:35:10][WildStr][svchost.exe]

[Throw dll injection][27/06/2025 16:35:10][WildStr][svchost.exe]

[Throw dll injection][27/06/2025 16:35:10][WildStr][Memory Compression]

[Throw dll injection][27/06/2025 16:35:10][WildStr][Memory Compression]

[Throw dll injection][27/06/2025 16:35:10][WildStr][svchost.exe]

[Throw dll injection][27/06/2025 16:35:10][WildStr][svchost.exe]

[Throw dll injection][27/06/2025 16:35:10][WildStr][svchost.exe]

[Throw dll injection][27/06/2025 16:35:10][WildStr][svchost.exe]

[Throw dll injection][27/06/2025 16:35:10][WildStr][svchost.exe]

[Throw dll injection][27/06/2025 16:35:10][WildStr][svchost.exe]

[Throw dll injection][27/06/2025 16:35:10][WildStr][svchost.exe]

[Throw dll injection][27/06/2025 16:35:10][WildStr][svchost.exe]

[Throw dll injection][27/06/2025 16:35:10][WildStr][svchost.exe]

[Throw dll injection][27/06/2025 16:35:10][WildStr][svchost.exe]

[Throw dll injection][27/06/2025 16:35:10][WildStr][svchost.exe]

[Throw dll injection][27/06/2025 16:35:10][WildStr][svchost.exe]

[Throw dll injection][27/06/2025 16:35:10][WildStr][svchost.exe]

[Throw dll injection][27/06/2025 16:35:10][WildStr][svchost.exe]

[Throw dll injection][27/06/2025 16:35:10][WildStr][svchost.exe]

[Throw dll injection][27/06/2025 16:35:10][WildStr][svchost.exe]

[Throw dll injection][27/06/2025 16:35:10][WildStr][spoolsv.exe]

[Throw dll injection][27/06/2025 16:35:10][WildStr][spoolsv.exe]

[Throw dll injection][27/06/2025 16:35:10][WildStr][svchost.exe]

[Throw dll injection][27/06/2025 16:35:10][WildStr][svchost.exe]

[Throw dll injection][27/06/2025 16:35:10][WildStr][svchost.exe]

[Throw dll injection][27/06/2025 16:35:10][WildStr][svchost.exe]

[Throw dll injection][27/06/2025 16:35:10][WildStr][svchost.exe]

[Throw dll injection][27/06/2025 16:35:10][WildStr][svchost.exe]

[Throw dll injection][27/06/2025 16:35:10][WildStr][svchost.exe]

[Throw dll injection][27/06/2025 16:35:10][WildStr][svchost.exe]

[Throw dll injection][27/06/2025 16:35:10][WildStr][ssh-agent.exe]

[Throw dll injection][27/06/2025 16:35:10][WildStr][ssh-agent.exe]

[Throw dll injection][27/06/2025 16:35:10][WildStr][sshd.exe]

[Throw dll injection][27/06/2025 16:35:10][WildStr][sshd.exe]

[Throw dll injection][27/06/2025 16:35:10][WildStr][svchost.exe]

[Throw dll injection][27/06/2025 16:35:10][WildStr][svchost.exe]

[Throw dll injection][27/06/2025 16:35:10][WildStr][svchost.exe]

[Throw dll injection][27/06/2025 16:35:10][WildStr][svchost.exe]

[Throw dll injection][27/06/2025 16:35:10][WildStr][svchost.exe]

[Throw dll injection][27/06/2025 16:35:10][WildStr][svchost.exe]

[Throw dll injection][27/06/2025 16:35:10][WildStr][svchost.exe]

[Throw dll injection][27/06/2025 16:35:10][WildStr][svchost.exe]

[Throw dll injection][27/06/2025 16:35:10][WildStr][svchost.exe]

[Throw dll injection][27/06/2025 16:35:10][WildStr][svchost.exe]

[Throw dll injection][27/06/2025 16:35:10][WildStr][svchost.exe]

[Throw dll injection][27/06/2025 16:35:10][WildStr][svchost.exe]

[Throw dll injection][27/06/2025 16:35:10][WildStr][svchost.exe]

[Throw dll injection][27/06/2025 16:35:10][WildStr][svchost.exe]

[Throw dll injection][27/06/2025 16:35:10][WildStr][svchost.exe]

[Throw dll injection][27/06/2025 16:35:10][WildStr][svchost.exe]

[Throw dll injection][27/06/2025 16:35:10][WildStr][svchost.exe]

[Throw dll injection][27/06/2025 16:35:10][WildStr][MpDefenderCoreService.exe]

[Throw dll injection][27/06/2025 16:35:10][WildStr][MpDefenderCoreService.exe]

[Throw dll injection][27/06/2025 16:35:10][WildStr][MsMpEng.exe]

[Throw dll injection][27/06/2025 16:35:10][WildStr][MsMpEng.exe]

[Throw dll injection][27/06/2025 16:35:10][WildStr][SearchIndexer.exe]

[Throw dll injection][27/06/2025 16:35:10][WildStr][SearchIndexer.exe]

[Throw dll injection][27/06/2025 16:35:10][WildStr][AggregatorHost.exe]

[Throw dll injection][27/06/2025 16:35:10][WildStr][AggregatorHost.exe]

[Throw dll injection][27/06/2025 16:35:10][WildStr][dllhost.exe]

[Throw dll injection][27/06/2025 16:35:10][WildStr][dllhost.exe]

[Throw dll injection][27/06/2025 16:35:10][WildStr][svchost.exe]

[Throw dll injection][27/06/2025 16:35:10][WildStr][svchost.exe]

[Throw dll injection][27/06/2025 16:35:10][WildStr][NisSrv.exe]

[Throw dll injection][27/06/2025 16:35:10][WildStr][NisSrv.exe]

[Throw dll injection][27/06/2025 16:35:10][WildStr][sihost.exe]

[Throw dll injection][27/06/2025 16:35:10][WildStr][sihost.exe]

[Throw dll injection][27/06/2025 16:35:10][WildStr][svchost.exe]

[Throw dll injection][27/06/2025 16:35:10][WildStr][svchost.exe]

[Throw dll injection][27/06/2025 16:35:10][WildStr][svchost.exe]

[Throw dll injection][27/06/2025 16:35:10][WildStr][svchost.exe]

[Throw dll injection][27/06/2025 16:35:10][WildStr][taskhostw.exe]

[Throw dll injection][27/06/2025 16:35:10][WildStr][taskhostw.exe]

[Throw dll injection][27/06/2025 16:35:10][WildStr][MicrosoftEdgeUpdate.exe]

[Throw dll injection][27/06/2025 16:35:10][WildStr][svchost.exe]
pdate.exe]

[Throw dll injection][27/06/2025 16:35:10][WildStr][ctfmon.exe]


[Throw dll injection][27/06/2025 16:35:10][WildStr][svchost.exe]

[Throw dll injection][27/06/2025 16:35:10][WildStr][svchost.exe]

[Throw dll injection][27/06/2025 16:35:10][WildStr][explorer.exe]

[Throw dll injection][27/06/2025 16:35:10][WildStr][svchost.exe]

[Throw dll injection][27/06/2025 16:35:10][WildStr][svchost.exe]

[Throw dll injection][27/06/2025 16:35:10][WildStr][explorer.exe]

[Throw dll injection][27/06/2025 16:35:10][WildStr][StartMenuExperienceHost.exe]

[Throw dll injection][27/06/2025 16:35:10][WildStr][svchost.exe]

[Throw dll injection][27/06/2025 16:35:10][WildStr][RuntimeBroker.exe]

[Throw dll injection][27/06/2025 16:35:10][WildStr][StartMenuExperienceHost.exe]

[Throw dll injection][27/06/2025 16:35:10][WildStr][SearchApp.exe]

[Throw dll injection][27/06/2025 16:35:10][WildStr][RuntimeBroker.exe]

[Throw dll injection][27/06/2025 16:35:10][WildStr][svchost.exe]

[Throw dll injection][27/06/2025 16:35:10][WildStr][SearchApp.exe]

[Throw dll injection][27/06/2025 16:35:10][WildStr][RuntimeBroker.exe]

[Throw dll injection][27/06/2025 16:35:10][WildStr][svchost.exe]

[Throw dll injection][27/06/2025 16:35:10][WildStr][RuntimeBroker.exe]

[Throw dll injection][27/06/2025 16:35:10][WildStr][RuntimeBroker.exe]

[Throw dll injection][27/06/2025 16:35:10][WildStr][svchost.exe]

[Throw dll injection][27/06/2025 16:35:10][WildStr][RuntimeBroker.exe]

[Throw dll injection][27/06/2025 16:35:10][WildStr][SecurityHealthSystray.exe]

[Throw dll injection][27/06/2025 16:35:10][WildStr][svchost.exe]

[Throw dll injection][27/06/2025 16:35:10][WildStr][SecurityHealthService.exe]

[Throw dll injection][27/06/2025 16:35:10][WildStr][SecurityHealthSystray.exe]

[Throw dll injection][27/06/2025 16:35:10][WildStr][VBoxTray.exe]

[Throw dll injection][27/06/2025 16:35:10][WildStr][SecurityHealthService.exe]

[Throw dll injection][27/06/2025 16:35:10][WildStr][OneDrive.exe]

[Throw dll injection][27/06/2025 16:35:10][WildStr][VBoxTray.exe]

[Throw dll injection][27/06/2025 16:35:10][WildStr][cmd.exe]

[Throw dll injection][27/06/2025 16:35:10][WildStr][OneDrive.exe]

[Throw dll injection][27/06/2025 16:35:10][WildStr][conhost.exe]

[Throw dll injection][27/06/2025 16:35:10][WildStr][cmd.exe]

[Throw dll injection][27/06/2025 16:35:10][WildStr][svchost.exe]

[Throw dll injection][27/06/2025 16:35:10][WildStr][conhost.exe]

[Throw dll injection][27/06/2025 16:35:10][WildStr][svchost.exe]

[Throw dll injection][27/06/2025 16:35:10][WildStr][svchost.exe]

[Throw dll injection][27/06/2025 16:35:10][WildStr][svchost.exe]

[Throw dll injection][27/06/2025 16:35:10][WildStr][svchost.exe]

[Throw dll injection][27/06/2025 16:35:10][WildStr][svchost.exe]

[Throw dll injection][27/06/2025 16:35:10][WildStr][svchost.exe]

[Throw dll injection][27/06/2025 16:35:10][WildStr][svchost.exe]

[Throw dll injection][27/06/2025 16:35:10][WildStr][svchost.exe]

[Throw dll injection][27/06/2025 16:35:10][WildStr][svchost.exe]

[Throw dll injection][27/06/2025 16:35:10][WildStr][svchost.exe]

[Throw dll injection][27/06/2025 16:35:10][WildStr][powershell.exe]

[Throw dll injection][27/06/2025 16:35:10][WildStr][svchost.exe]

[Throw dll injection][27/06/2025 16:35:10][WildStr][Code.exe]

[Throw dll injection][27/06/2025 16:35:10][WildStr][powershell.exe]

[Throw dll injection][27/06/2025 16:35:10][WildStr][Code.exe]

[Throw dll injection][27/06/2025 16:35:10][WildStr][Code.exe]

[Throw dll injection][27/06/2025 16:35:10][WildStr][Code.exe]

[Throw dll injection][27/06/2025 16:35:10][WildStr][Code.exe]

[Throw dll injection][27/06/2025 16:35:10][WildStr][Code.exe]

[Throw dll injection][27/06/2025 16:35:10][WildStr][Code.exe]

[Throw dll injection][27/06/2025 16:35:10][WildStr][Code.exe]

[Throw dll injection][27/06/2025 16:35:10][WildStr][Code.exe]

[Throw dll injection][27/06/2025 16:35:10][WildStr][Code.exe]

[Throw dll injection][27/06/2025 16:35:10][WildStr][Code.exe]

[Throw dll injection][27/06/2025 16:35:10][WildStr][Code.exe]

[Throw dll injection][27/06/2025 16:35:10][WildStr][Code.exe]

[Throw dll injection][27/06/2025 16:35:10][WildStr][Code.exe]

[Throw dll injection][27/06/2025 16:35:10][WildStr][Code.exe]

[Throw dll injection][27/06/2025 16:35:10][WildStr][Code.exe]

[Throw dll injection][27/06/2025 16:35:10][WildStr][Code.exe]

[Throw dll injection][27/06/2025 16:35:10][WildStr][conhost.exe]

[Throw dll injection][27/06/2025 16:35:10][WildStr][Code.exe]

[Throw dll injection][27/06/2025 16:35:10][WildStr][powershell.exe]

[Throw dll injection][27/06/2025 16:35:10][WildStr][conhost.exe]

[Throw dll injection][27/06/2025 16:35:10][WildStr][conhost.exe]

[Throw dll injection][27/06/2025 16:35:10][WildStr][powershell.exe]

[Throw dll injection][27/06/2025 16:35:10][WildStr][powershell.exe]

[Throw dll injection][27/06/2025 16:35:10][WildStr][conhost.exe]

[Throw dll injection][27/06/2025 16:35:10][WildStr][TextInputHost.exe]

[Throw dll injection][27/06/2025 16:35:10][WildStr][powershell.exe]

[Throw dll injection][27/06/2025 16:35:10][WildStr][Code.exe]

[Throw dll injection][27/06/2025 16:35:10][WildStr][TextInputHost.exe]

[Throw dll injection][27/06/2025 16:35:10][WildStr][cpptools.exe]

[Throw dll injection][27/06/2025 16:35:10][WildStr][Code.exe]

[Throw dll injection][27/06/2025 16:35:10][WildStr][conhost.exe]

[Throw dll injection][27/06/2025 16:35:10][WildStr][cpptools.exe]

[Throw dll injection][27/06/2025 16:35:10][WildStr][cpptools.exe]

[Throw dll injection][27/06/2025 16:35:10][WildStr][conhost.exe]

[Throw dll injection][27/06/2025 16:35:10][WildStr][ApplicationFrameHost.exe]

[Throw dll injection][27/06/2025 16:35:10][WildStr][cpptools.exe]

[Throw dll injection][27/06/2025 16:35:10][WildStr][SystemSettings.exe]

[Throw dll injection][27/06/2025 16:35:10][WildStr][ApplicationFrameHost.exe]

[Throw dll injection][27/06/2025 16:35:10][WildStr][SystemSettings.exe]

[Throw dll injection][27/06/2025 16:35:10][WildStr][SearchApp.exe]

[Throw dll injection][27/06/2025 16:35:10][WildStr][UserOOBEBroker.exe]

[Throw dll injection][27/06/2025 16:35:10][WildStr][msedgewebview2.exe]

[Throw dll injection][27/06/2025 16:35:10][WildStr][SearchApp.exe]

[Throw dll injection][27/06/2025 16:35:10][WildStr][msedgewebview2.exe]

[Throw dll injection][27/06/2025 16:35:10][WildStr][msedgewebview2.exe]

[Throw dll injection][27/06/2025 16:35:10][WildStr][msedgewebview2.exe]

[Throw dll injection][27/06/2025 16:35:10][WildStr][msedgewebview2.exe]

[Throw dll injection][27/06/2025 16:35:10][WildStr][msedgewebview2.exe]

[Throw dll injection][27/06/2025 16:35:10][WildStr][msedgewebview2.exe]

[Throw dll injection][27/06/2025 16:35:10][WildStr][msedgewebview2.exe]

[Throw dll injection][27/06/2025 16:35:10][WildStr][msedgewebview2.exe]

[Throw dll injection][27/06/2025 16:35:10][WildStr][msedgewebview2.exe]

[Throw dll injection][27/06/2025 16:35:10][WildStr][msedgewebview2.exe]

[Throw dll injection][27/06/2025 16:35:10][WildStr][FileCoAuth.exe]

[Throw dll injection][27/06/2025 16:35:10][WildStr][msedgewebview2.exe]

[Throw dll injection][27/06/2025 16:35:10][WildStr][svchost.exe]

[Throw dll injection][27/06/2025 16:35:10][WildStr][FileCoAuth.exe]

[Throw dll injection][27/06/2025 16:35:10][WildStr][msedge.exe]

[Throw dll injection][27/06/2025 16:35:10][WildStr][svchost.exe]

[Throw dll injection][27/06/2025 16:35:10][WildStr][msedge.exe]

[Throw dll injection][27/06/2025 16:35:10][WildStr][msedge.exe]

[Throw dll injection][27/06/2025 16:35:10][WildStr][msedge.exe]

[Throw dll injection][27/06/2025 16:35:10][WildStr][msedge.exe]

[Throw dll injection][27/06/2025 16:35:10][WildStr][msedge.exe]

[Throw dll injection][27/06/2025 16:35:10][WildStr][msedge.exe]

[Throw dll injection][27/06/2025 16:35:10][WildStr][msedge.exe]

[Throw dll injection][27/06/2025 16:35:10][WildStr][msedge.exe]

[Throw dll injection][27/06/2025 16:35:10][WildStr][svchost.exe]

[Throw dll injection][27/06/2025 16:35:10][WildStr][msedge.exe]

[Throw dll injection][27/06/2025 16:35:10][WildStr][svchost.exe]

[Throw dll injection][27/06/2025 16:35:10][WildStr][svchost.exe]

[Throw dll injection][27/06/2025 16:35:10][WildStr][svchost.exe]

[Throw dll injection][27/06/2025 16:35:10][WildStr][svchost.exe]

[Throw dll injection][27/06/2025 16:35:10][WildStr][dllhost.exe]

[Throw dll injection][27/06/2025 16:35:10][WildStr][svchost.exe]

[Throw dll injection][27/06/2025 16:35:10][WildStr][ShellExperienceHost.exe]

[Throw dll injection][27/06/2025 16:35:10][WildStr][dllhost.exe]

[Throw dll injection][27/06/2025 16:35:10][WildStr][RuntimeBroker.exe]

[Throw dll injection][27/06/2025 16:35:10][WildStr][ShellExperienceHost.exe]

[Throw dll injection][27/06/2025 16:35:10][WildStr][vctip.exe]

[Throw dll injection][27/06/2025 16:35:10][WildStr][RuntimeBroker.exe]

[Throw dll injection][27/06/2025 16:35:10][WildStr][cpptools-srv.exe]

[Throw dll injection][27/06/2025 16:35:10][WildStr][vctip.exe]

[Throw dll injection][27/06/2025 16:35:10][WildStr][conhost.exe]

[Throw dll injection][27/06/2025 16:35:10][WildStr][cpptools-srv.exe]

[Throw dll injection][27/06/2025 16:35:10][WildStr][cpptools-srv.exe]

[Throw dll injection][27/06/2025 16:35:10][WildStr][conhost.exe]

[Throw dll injection][27/06/2025 16:35:10][WildStr][cpptools-srv.exe]

[Throw dll injection][27/06/2025 16:35:10][WildStr][svchost.exe]

[Throw dll injection][27/06/2025 16:35:10][WildStr][conhost.exe]

[Throw dll injection][27/06/2025 16:35:10][WildStr][Taskmgr.exe]

[Throw dll injection][27/06/2025 16:35:10][WildStr][svchost.exe]

[Throw dll injection][27/06/2025 16:35:10][Str][SystemTimeOfDayInformation]

[Throw dll injection][27/06/2025 16:35:10][WildStr][Taskmgr.exe]

[Throw dll injection][27/06/2025 16:35:11][Str][OrigNtQuerySystemInformation failed: 0xC0000023
]

[Throw dll injection][27/06/2025 16:35:11][Str][Noinfo]

[Throw dll injection][27/06/2025 16:35:11][Str][Noinfo]

[Throw dll injection][27/06/2025 16:35:11][Str][Noinfo]

[Throw dll injection][27/06/2025 16:35:11][Str][SystemProcessInformation]

[Throw dll injection][27/06/2025 16:35:11][Str][SystemProcessInformation]

[Throw dll injection][27/06/2025 16:35:11][WildStr][System]

[Throw dll injection][27/06/2025 16:35:11][WildStr][System]

[Throw dll injection][27/06/2025 16:35:11][WildStr][Registry]

[Throw dll injection][27/06/2025 16:35:11][WildStr][Registry]

[Throw dll injection][27/06/2025 16:35:11][WildStr][smss.exe]

[Throw dll injection][27/06/2025 16:35:11][WildStr][csrss.exe]

[Throw dll injection][27/06/2025 16:35:11][WildStr][wininit.exe]

[Throw dll injection][27/06/2025 16:35:11][WildStr][wininit.exe]

[Throw dll injection][27/06/2025 16:35:11][WildStr][csrss.exe]

[Throw dll injection][27/06/2025 16:35:11][WildStr][csrss.exe]

[Throw dll injection][27/06/2025 16:35:11][WildStr][winlogon.exe]

[Throw dll injection][27/06/2025 16:35:11][WildStr][winlogon.exe]

[Throw dll injection][27/06/2025 16:35:11][WildStr][services.exe]

[Throw dll injection][27/06/2025 16:35:11][WildStr][services.exe]

[Throw dll injection][27/06/2025 16:35:11][WildStr][lsass.exe]

[Throw dll injection][27/06/2025 16:35:11][WildStr][lsass.exe]

[Throw dll injection][27/06/2025 16:35:11][WildStr][svchost.exe]

[Throw dll injection][27/06/2025 16:35:11][WildStr][svchost.exe]

[Throw dll injection][27/06/2025 16:35:11][WildStr][fontdrvhost.exe]

[Throw dll injection][27/06/2025 16:35:11][WildStr][fontdrvhost.exe]

[Throw dll injection][27/06/2025 16:35:11][WildStr][fontdrvhost.exe]

[Throw dll injection][27/06/2025 16:35:11][WildStr][fontdrvhost.exe]

[Throw dll injection][27/06/2025 16:35:11][WildStr][svchost.exe]

[Throw dll injection][27/06/2025 16:35:11][WildStr][svchost.exe]

[Throw dll injection][27/06/2025 16:35:11][WildStr][svchost.exe]

[Throw dll injection][27/06/2025 16:35:11][WildStr][svchost.exe]

[Throw dll injection][27/06/2025 16:35:11][WildStr][dwm.exe]

[Throw dll injection][27/06/2025 16:35:11][WildStr][dwm.exe]

[Throw dll injection][27/06/2025 16:35:11][WildStr][svchost.exe]

[Throw dll injection][27/06/2025 16:35:11][WildStr][svchost.exe]

[Throw dll injection][27/06/2025 16:35:11][WildStr][svchost.exe]

[Throw dll injection][27/06/2025 16:35:11][WildStr][svchost.exe]

[Throw dll injection][27/06/2025 16:35:11][WildStr][svchost.exe]

[Throw dll injection][27/06/2025 16:35:11][WildStr][svchost.exe]

[Throw dll injection][27/06/2025 16:35:11][WildStr][svchost.exe]

[Throw dll injection][27/06/2025 16:35:11][WildStr][svchost.exe]

[Throw dll injection][27/06/2025 16:35:11][WildStr][svchost.exe]

[Throw dll injection][27/06/2025 16:35:11][WildStr][svchost.exe]

[Throw dll injection][27/06/2025 16:35:11][WildStr][svchost.exe]

[Throw dll injection][27/06/2025 16:35:11][WildStr][svchost.exe]

[Throw dll injection][27/06/2025 16:35:11][WildStr][svchost.exe]

[Throw dll injection][27/06/2025 16:35:11][WildStr][svchost.exe]

[Throw dll injection][27/06/2025 16:35:11][WildStr][svchost.exe]

[Throw dll injection][27/06/2025 16:35:11][WildStr][svchost.exe]

[Throw dll injection][27/06/2025 16:35:11][WildStr][svchost.exe]

[Throw dll injection][27/06/2025 16:35:11][WildStr][svchost.exe]

[Throw dll injection][27/06/2025 16:35:11][WildStr][svchost.exe]

[Throw dll injection][27/06/2025 16:35:11][WildStr][svchost.exe]

[Throw dll injection][27/06/2025 16:35:11][WildStr][svchost.exe]

[Throw dll injection][27/06/2025 16:35:11][WildStr][svchost.exe]

[Throw dll injection][27/06/2025 16:35:11][WildStr][svchost.exe]

[Throw dll injection][27/06/2025 16:35:11][WildStr][svchost.exe]

[Throw dll injection][27/06/2025 16:35:11][WildStr][svchost.exe]

[Throw dll injection][27/06/2025 16:35:11][WildStr][VBoxService.exe]

[Throw dll injection][27/06/2025 16:35:11][WildStr][VBoxService.exe]

[Throw dll injection][27/06/2025 16:35:11][WildStr][svchost.exe]

[Throw dll injection][27/06/2025 16:35:11][WildStr][svchost.exe]

[Throw dll injection][27/06/2025 16:35:11][WildStr][svchost.exe]

[Throw dll injection][27/06/2025 16:35:11][WildStr][svchost.exe]

[Throw dll injection][27/06/2025 16:35:11][WildStr][svchost.exe]

[Throw dll injection][27/06/2025 16:35:11][WildStr][svchost.exe]

[Throw dll injection][27/06/2025 16:35:11][WildStr][svchost.exe]

[Throw dll injection][27/06/2025 16:35:11][WildStr][svchost.exe]

[Throw dll injection][27/06/2025 16:35:11][WildStr][svchost.exe]

[Throw dll injection][27/06/2025 16:35:11][WildStr][svchost.exe]

[Throw dll injection][27/06/2025 16:35:11][WildStr][svchost.exe]

[Throw dll injection][27/06/2025 16:35:11][WildStr][svchost.exe]

[Throw dll injection][27/06/2025 16:35:11][WildStr][Memory Compression]

[Throw dll injection][27/06/2025 16:35:11][WildStr][Memory Compression]

[Throw dll injection][27/06/2025 16:35:11][WildStr][svchost.exe]

[Throw dll injection][27/06/2025 16:35:11][WildStr][svchost.exe]

[Throw dll injection][27/06/2025 16:35:11][WildStr][svchost.exe]

[Throw dll injection][27/06/2025 16:35:11][WildStr][svchost.exe]

[Throw dll injection][27/06/2025 16:35:11][WildStr][svchost.exe]

[Throw dll injection][27/06/2025 16:35:11][WildStr][svchost.exe]

[Throw dll injection][27/06/2025 16:35:11][WildStr][svchost.exe]

[Throw dll injection][27/06/2025 16:35:11][WildStr][svchost.exe]

[Throw dll injection][27/06/2025 16:35:11][WildStr][svchost.exe]

[Throw dll injection][27/06/2025 16:35:11][WildStr][svchost.exe]

[Throw dll injection][27/06/2025 16:35:11][WildStr][svchost.exe]

[Throw dll injection][27/06/2025 16:35:11][WildStr][svchost.exe]

[Throw dll injection][27/06/2025 16:35:11][WildStr][svchost.exe]

[Throw dll injection][27/06/2025 16:35:11][WildStr][svchost.exe]

[Throw dll injection][27/06/2025 16:35:11][WildStr][svchost.exe]

[Throw dll injection][27/06/2025 16:35:11][WildStr][svchost.exe]

[Throw dll injection][27/06/2025 16:35:11][WildStr][spoolsv.exe]

[Throw dll injection][27/06/2025 16:35:11][WildStr][spoolsv.exe]

[Throw dll injection][27/06/2025 16:35:11][WildStr][svchost.exe]

[Throw dll injection][27/06/2025 16:35:11][WildStr][svchost.exe]

[Throw dll injection][27/06/2025 16:35:11][WildStr][svchost.exe]

[Throw dll injection][27/06/2025 16:35:11][WildStr][svchost.exe]

[Throw dll injection][27/06/2025 16:35:11][WildStr][svchost.exe]

[Throw dll injection][27/06/2025 16:35:11][WildStr][svchost.exe]

[Throw dll injection][27/06/2025 16:35:11][WildStr][svchost.exe]

[Throw dll injection][27/06/2025 16:35:11][WildStr][ssh-agent.exe]

[Throw dll injection][27/06/2025 16:35:11][WildStr][svchost.exe]

[Throw dll injection][27/06/2025 16:35:11][WildStr][sshd.exe]

[Throw dll injection][27/06/2025 16:35:11][WildStr][ssh-agent.exe]

[Throw dll injection][27/06/2025 16:35:11][WildStr][svchost.exe]

[Throw dll injection][27/06/2025 16:35:11][WildStr][sshd.exe]

[Throw dll injection][27/06/2025 16:35:11][WildStr][svchost.exe]

[Throw dll injection][27/06/2025 16:35:11][WildStr][svchost.exe]

[Throw dll injection][27/06/2025 16:35:11][WildStr][svchost.exe]

[Throw dll injection][27/06/2025 16:35:11][WildStr][svchost.exe]

[Throw dll injection][27/06/2025 16:35:11][WildStr][svchost.exe]

[Throw dll injection][27/06/2025 16:35:11][WildStr][svchost.exe]

[Throw dll injection][27/06/2025 16:35:11][WildStr][svchost.exe]

[Throw dll injection][27/06/2025 16:35:11][WildStr][svchost.exe]

[Throw dll injection][27/06/2025 16:35:11][WildStr][svchost.exe]

[Throw dll injection][27/06/2025 16:35:11][WildStr][svchost.exe]

[Throw dll injection][27/06/2025 16:35:11][WildStr][svchost.exe]

[Throw dll injection][27/06/2025 16:35:11][WildStr][svchost.exe]

[Throw dll injection][27/06/2025 16:35:11][WildStr][svchost.exe]

[Throw dll injection][27/06/2025 16:35:11][WildStr][svchost.exe]

[Throw dll injection][27/06/2025 16:35:11][WildStr][svchost.exe]

[Throw dll injection][27/06/2025 16:35:11][WildStr][svchost.exe]

[Throw dll injection][27/06/2025 16:35:11][WildStr][svchost.exe]

[Throw dll injection][27/06/2025 16:35:11][WildStr][MpDefenderCoreService.exe]

[Throw dll injection][27/06/2025 16:35:11][WildStr][MpDefenderCoreService.exe]

[Throw dll injection][27/06/2025 16:35:11][WildStr][MsMpEng.exe]

[Throw dll injection][27/06/2025 16:35:11][WildStr][MsMpEng.exe]

[Throw dll injection][27/06/2025 16:35:11][WildStr][SearchIndexer.exe]

[Throw dll injection][27/06/2025 16:35:11][WildStr][SearchIndexer.exe]

[Throw dll injection][27/06/2025 16:35:11][WildStr][AggregatorHost.exe]

[Throw dll injection][27/06/2025 16:35:11][WildStr][AggregatorHost.exe]

[Throw dll injection][27/06/2025 16:35:11][WildStr][dllhost.exe]

[Throw dll injection][27/06/2025 16:35:11][WildStr][dllhost.exe]

[Throw dll injection][27/06/2025 16:35:11][WildStr][svchost.exe]

[Throw dll injection][27/06/2025 16:35:11][WildStr][svchost.exe]

[Throw dll injection][27/06/2025 16:35:11][WildStr][NisSrv.exe]

[Throw dll injection][27/06/2025 16:35:11][WildStr][NisSrv.exe]

[Throw dll injection][27/06/2025 16:35:11][WildStr][sihost.exe]

[Throw dll injection][27/06/2025 16:35:11][WildStr][sihost.exe]

[Throw dll injection][27/06/2025 16:35:11][WildStr][svchost.exe]

[Throw dll injection][27/06/2025 16:35:11][WildStr][svchost.exe]

[Throw dll injection][27/06/2025 16:35:11][WildStr][svchost.exe]

[Throw dll injection][27/06/2025 16:35:11][WildStr][svchost.exe]

[Throw dll injection][27/06/2025 16:35:11][WildStr][taskhostw.exe]

[Throw dll injection][27/06/2025 16:35:11][WildStr][taskhostw.exe]

[Throw dll injection][27/06/2025 16:35:11][WildStr][MicrosoftEdgeUpdate.exe]

[Throw dll injection][27/06/2025 16:35:11][WildStr][MicrosoftEdgeUpdate.exe]

[Throw dll injection][27/06/2025 16:35:11][WildStr][svchost.exe]

[Throw dll injection][27/06/2025 16:35:11][WildStr][svchost.exe]

[Throw dll injection][27/06/2025 16:35:11][WildStr][ctfmon.exe]

[Throw dll injection][27/06/2025 16:35:11][WildStr][ctfmon.exe]

[Throw dll injection][27/06/2025 16:35:11][WildStr][svchost.exe]

[Throw dll injection][27/06/2025 16:35:11][WildStr][svchost.exe]

[Throw dll injection][27/06/2025 16:35:11][WildStr][svchost.exe]

[Throw dll injection][27/06/2025 16:35:11][WildStr][svchost.exe]

[Throw dll injection][27/06/2025 16:35:11][WildStr][explorer.exe]

[Throw dll injection][27/06/2025 16:35:11][WildStr][explorer.exe]

[Throw dll injection][27/06/2025 16:35:11][WildStr][svchost.exe]

[Throw dll injection][27/06/2025 16:35:11][WildStr][svchost.exe]

[Throw dll injection][27/06/2025 16:35:11][WildStr][StartMenuExperienceHost.exe]

[Throw dll injection][27/06/2025 16:35:11][WildStr][StartMenuExperienceHost.exe]

[Throw dll injection][27/06/2025 16:35:11][WildStr][RuntimeBroker.exe]

[Throw dll injection][27/06/2025 16:35:11][WildStr][RuntimeBroker.exe]

[Throw dll injection][27/06/2025 16:35:11][WildStr][SearchApp.exe]

[Throw dll injection][27/06/2025 16:35:11][WildStr][SearchApp.exe]

[Throw dll injection][27/06/2025 16:35:11][WildStr][svchost.exe]

[Throw dll injection][27/06/2025 16:35:11][WildStr][RuntimeBroker.exe]

[Throw dll injection][27/06/2025 16:35:11][WildStr][RuntimeBroker.exe]

[Throw dll injection][27/06/2025 16:35:11][WildStr][RuntimeBroker.exe]

[Throw dll injection][27/06/2025 16:35:11][WildStr][RuntimeBroker.exe]

[Throw dll injection][27/06/2025 16:35:11][WildStr][svchost.exe]

[Throw dll injection][27/06/2025 16:35:11][WildStr][svchost.exe]

[Throw dll injection][27/06/2025 16:35:11][WildStr][SecurityHealthSystray.exe]

[Throw dll injection][27/06/2025 16:35:11][WildStr][SecurityHealthSystray.exe]

[Throw dll injection][27/06/2025 16:35:11][WildStr][SecurityHealthService.exe]

[Throw dll injection][27/06/2025 16:35:11][WildStr][SecurityHealthService.exe]

[Throw dll injection][27/06/2025 16:35:11][WildStr][VBoxTray.exe]

[Throw dll injection][27/06/2025 16:35:11][WildStr][VBoxTray.exe]

[Throw dll injection][27/06/2025 16:35:11][WildStr][OneDrive.exe]

[Throw dll injection][27/06/2025 16:35:11][WildStr][cmd.exe]

[Throw dll injection][27/06/2025 16:35:11][WildStr][cmd.exe]

[Throw dll injection][27/06/2025 16:35:11][WildStr][conhost.exe]

[Throw dll injection][27/06/2025 16:35:11][WildStr][conhost.exe]

[Throw dll injection][27/06/2025 16:35:11][WildStr][svchost.exe]

[Throw dll injection][27/06/2025 16:35:11][WildStr][svchost.exe]

[Throw dll injection][27/06/2025 16:35:11][WildStr][svchost.exe]

[Throw dll injection][27/06/2025 16:35:11][WildStr][svchost.exe]

[Throw dll injection][27/06/2025 16:35:11][WildStr][svchost.exe]

[Throw dll injection][27/06/2025 16:35:11][WildStr][svchost.exe]

[Throw dll injection][27/06/2025 16:35:11][WildStr][svchost.exe]

[Throw dll injection][27/06/2025 16:35:11][WildStr][svchost.exe]

[Throw dll injection][27/06/2025 16:35:11][WildStr][svchost.exe]

[Throw dll injection][27/06/2025 16:35:11][WildStr][svchost.exe]

[Throw dll injection][27/06/2025 16:35:11][WildStr][svchost.exe]

[Throw dll injection][27/06/2025 16:35:11][WildStr][svchost.exe]

[Throw dll injection][27/06/2025 16:35:11][WildStr][powershell.exe]

[Throw dll injection][27/06/2025 16:35:11][WildStr][powershell.exe]

[Throw dll injection][27/06/2025 16:35:11][WildStr][Code.exe]

[Throw dll injection][27/06/2025 16:35:11][WildStr][Code.exe]

[Throw dll injection][27/06/2025 16:35:11][WildStr][Code.exe]

[Throw dll injection][27/06/2025 16:35:11][WildStr][Code.exe]

[Throw dll injection][27/06/2025 16:35:11][WildStr][Code.exe]

[Throw dll injection][27/06/2025 16:35:11][WildStr][Code.exe]

[Throw dll injection][27/06/2025 16:35:11][WildStr][Code.exe]

[Throw dll injection][27/06/2025 16:35:11][WildStr][Code.exe]

[Throw dll injection][27/06/2025 16:35:11][WildStr][Code.exe]

[Throw dll injection][27/06/2025 16:35:11][WildStr][Code.exe]

[Throw dll injection][27/06/2025 16:35:11][WildStr][Code.exe]

[Throw dll injection][27/06/2025 16:35:11][WildStr][Code.exe]

[Throw dll injection][27/06/2025 16:35:11][WildStr][Code.exe]

[Throw dll injection][27/06/2025 16:35:11][WildStr][Code.exe]

[Throw dll injection][27/06/2025 16:35:11][WildStr][Code.exe]

[Throw dll injection][27/06/2025 16:35:11][WildStr][Code.exe]

[Throw dll injection][27/06/2025 16:35:11][WildStr][Code.exe]

[Throw dll injection][27/06/2025 16:35:11][WildStr][Code.exe]

[Throw dll injection][27/06/2025 16:35:11][WildStr][conhost.exe]

[Throw dll injection][27/06/2025 16:35:11][WildStr][conhost.exe]

[Throw dll injection][27/06/2025 16:35:11][WildStr][powershell.exe]

[Throw dll injection][27/06/2025 16:35:11][WildStr][powershell.exe]

[Throw dll injection][27/06/2025 16:35:11][WildStr][conhost.exe]

[Throw dll injection][27/06/2025 16:35:11][WildStr][conhost.exe]

[Throw dll injection][27/06/2025 16:35:11][WildStr][powershell.exe]

[Throw dll injection][27/06/2025 16:35:11][WildStr][TextInputHost.exe]

[Throw dll injection][27/06/2025 16:35:11][WildStr][TextInputHost.exe]

[Throw dll injection][27/06/2025 16:35:11][WildStr][Code.exe]

[Throw dll injection][27/06/2025 16:35:11][WildStr][Code.exe]

[Throw dll injection][27/06/2025 16:35:11][WildStr][cpptools.exe]

[Throw dll injection][27/06/2025 16:35:11][WildStr][cpptools.exe]

[Throw dll injection][27/06/2025 16:35:11][WildStr][conhost.exe]

[Throw dll injection][27/06/2025 16:35:11][WildStr][conhost.exe]

[Throw dll injection][27/06/2025 16:35:11][WildStr][cpptools.exe]

[Throw dll injection][27/06/2025 16:35:11][WildStr][cpptools.exe]

[Throw dll injection][27/06/2025 16:35:11][WildStr][ApplicationFrameHost.exe]

[Throw dll injection][27/06/2025 16:35:11][WildStr][ApplicationFrameHost.exe]

[Throw dll injection][27/06/2025 16:35:11][WildStr][SystemSettings.exe]

[Throw dll injection][27/06/2025 16:35:11][WildStr][UserOOBEBroker.exe]

[Throw dll injection][27/06/2025 16:35:11][WildStr][UserOOBEBroker.exe]

[Throw dll injection][27/06/2025 16:35:11][WildStr][SearchApp.exe]

[Throw dll injection][27/06/2025 16:35:11][WildStr][msedgewebview2.exe]

[Throw dll injection][27/06/2025 16:35:11][WildStr][msedgewebview2.exe]

[Throw dll injection][27/06/2025 16:35:11][WildStr][msedgewebview2.exe]

[Throw dll injection][27/06/2025 16:35:11][WildStr][msedgewebview2.exe]

[Throw dll injection][27/06/2025 16:35:11][WildStr][msedgewebview2.exe]

[Throw dll injection][27/06/2025 16:35:11][WildStr][msedgewebview2.exe]

[Throw dll injection][27/06/2025 16:35:11][WildStr][msedgewebview2.exe]

[Throw dll injection][27/06/2025 16:35:11][WildStr][msedgewebview2.exe]

[Throw dll injection][27/06/2025 16:35:11][WildStr][msedgewebview2.exe]

[Throw dll injection][27/06/2025 16:35:11][WildStr][msedgewebview2.exe]

[Throw dll injection][27/06/2025 16:35:11][WildStr][msedgewebview2.exe]

[Throw dll injection][27/06/2025 16:35:11][WildStr][FileCoAuth.exe]

[Throw dll injection][27/06/2025 16:35:11][WildStr][FileCoAuth.exe]

[Throw dll injection][27/06/2025 16:35:11][WildStr][svchost.exe]

[Throw dll injection][27/06/2025 16:35:11][WildStr][svchost.exe]

[Throw dll injection][27/06/2025 16:35:11][WildStr][msedge.exe]

[Throw dll injection][27/06/2025 16:35:11][WildStr][msedge.exe]

[Throw dll injection][27/06/2025 16:35:11][WildStr][msedge.exe]

[Throw dll injection][27/06/2025 16:35:11][WildStr][msedge.exe]

[Throw dll injection][27/06/2025 16:35:11][WildStr][msedge.exe]

[Throw dll injection][27/06/2025 16:35:11][WildStr][msedge.exe]

[Throw dll injection][27/06/2025 16:35:11][WildStr][msedge.exe]

[Throw dll injection][27/06/2025 16:35:11][WildStr][msedge.exe]

[Throw dll injection][27/06/2025 16:35:11][WildStr][msedge.exe]

[Throw dll injection][27/06/2025 16:35:11][WildStr][msedge.exe]

[Throw dll injection][27/06/2025 16:35:11][WildStr][svchost.exe]

[Throw dll injection][27/06/2025 16:35:11][WildStr][svchost.exe]

[Throw dll injection][27/06/2025 16:35:11][WildStr][svchost.exe]

[Throw dll injection][27/06/2025 16:35:11][WildStr][svchost.exe]

[Throw dll injection][27/06/2025 16:35:11][WildStr][svchost.exe]

[Throw dll injection][27/06/2025 16:35:11][WildStr][svchost.exe]

[Throw dll injection][27/06/2025 16:35:11][WildStr][dllhost.exe]

[Throw dll injection][27/06/2025 16:35:11][WildStr][dllhost.exe]

[Throw dll injection][27/06/2025 16:35:11][WildStr][ShellExperienceHost.exe]

[Throw dll injection][27/06/2025 16:35:11][WildStr][ShellExperienceHost.exe]

[Throw dll injection][27/06/2025 16:35:11][WildStr][RuntimeBroker.exe]

[Throw dll injection][27/06/2025 16:35:11][WildStr][RuntimeBroker.exe]

[Throw dll injection][27/06/2025 16:35:11][WildStr][vctip.exe]

[Throw dll injection][27/06/2025 16:35:11][WildStr][vctip.exe]

[Throw dll injection][27/06/2025 16:35:11][WildStr][cpptools-srv.exe]

[Throw dll injection][27/06/2025 16:35:11][WildStr][cpptools-srv.exe]

[Throw dll injection][27/06/2025 16:35:11][WildStr][conhost.exe]

[Throw dll injection][27/06/2025 16:35:11][WildStr][conhost.exe]

[Throw dll injection][27/06/2025 16:35:11][WildStr][cpptools-srv.exe]

[Throw dll injection][27/06/2025 16:35:11][WildStr][cpptools-srv.exe]

[Throw dll injection][27/06/2025 16:35:11][WildStr][conhost.exe]

[Throw dll injection][27/06/2025 16:35:11][WildStr][conhost.exe]

[Throw dll injection][27/06/2025 16:35:11][WildStr][svchost.exe]

[Throw dll injection][27/06/2025 16:35:11][WildStr][svchost.exe]

[Throw dll injection][27/06/2025 16:35:11][WildStr][Taskmgr.exe]

[Throw dll injection][27/06/2025 16:35:11][Str][SystemTimeOfDayInformation]

[Throw dll injection][27/06/2025 16:35:12][Str][OrigNtQuerySystemInformation failed: 0xC0000023
]

[Throw dll injection][27/06/2025 16:35:12][Str][Noinfo]

[Throw dll injection][27/06/2025 16:35:12][Str][Noinfo]

[Throw dll injection][27/06/2025 16:35:12][Str][Noinfo]

[Throw dll injection][27/06/2025 16:35:12][Str][SystemProcessInformation]

[Throw dll injection][27/06/2025 16:35:12][WildStr][System]

[Throw dll injection][27/06/2025 16:35:12][WildStr][System]

[Throw dll injection][27/06/2025 16:35:12][WildStr][Registry]

[Throw dll injection][27/06/2025 16:35:12][WildStr][smss.exe]

[Throw dll injection][27/06/2025 16:35:12][WildStr][csrss.exe]

[Throw dll injection][27/06/2025 16:35:12][WildStr][wininit.exe]

[Throw dll injection][27/06/2025 16:35:12][WildStr][smss.exe]

[Throw dll injection][27/06/2025 16:35:12][WildStr][csrss.exe]

[Throw dll injection][27/06/2025 16:35:12][WildStr][winlogon.exe]

[Throw dll injection][27/06/2025 16:35:12][WildStr][csrss.exe]

[Throw dll injection][27/06/2025 16:35:12][WildStr][services.exe]

[Throw dll injection][27/06/2025 16:35:12][WildStr][lsass.exe]

[Throw dll injection][27/06/2025 16:35:12][WildStr][wininit.exe]

[Throw dll injection][27/06/2025 16:35:12][WildStr][svchost.exe]

[Throw dll injection][27/06/2025 16:35:12][WildStr][fontdrvhost.exe]

[Throw dll injection][27/06/2025 16:35:12][WildStr][csrss.exe]

[Throw dll injection][27/06/2025 16:35:12][WildStr][fontdrvhost.exe]

[Throw dll injection][27/06/2025 16:35:12][WildStr][svchost.exe]

[Throw dll injection][27/06/2025 16:35:12][WildStr][winlogon.exe]

[Throw dll injection][27/06/2025 16:35:12][WildStr][svchost.exe]

[Throw dll injection][27/06/2025 16:35:12][WildStr][dwm.exe]

[Throw dll injection][27/06/2025 16:35:12][WildStr][services.exe]

[Throw dll injection][27/06/2025 16:35:12][WildStr][svchost.exe]

[Throw dll injection][27/06/2025 16:35:12][WildStr][svchost.exe]

[Throw dll injection][27/06/2025 16:35:12][WildStr][svchost.exe]

[Throw dll injection][27/06/2025 16:35:12][WildStr][svchost.exe]

[Throw dll injection][27/06/2025 16:35:12][WildStr][fontdrvhost.exe]

[Throw dll injection][27/06/2025 16:35:12][WildStr][svchost.exe]

[Throw dll injection][27/06/2025 16:35:12][WildStr][fontdrvhost.exe]

[Throw dll injection][27/06/2025 16:35:12][WildStr][svchost.exe]

[Throw dll injection][27/06/2025 16:35:12][WildStr][svchost.exe]

[Throw dll injection][27/06/2025 16:35:12][WildStr][svchost.exe]

[Throw dll injection][27/06/2025 16:35:12][WildStr][svchost.exe]

[Throw dll injection][27/06/2025 16:35:12][WildStr][dwm.exe]

[Throw dll injection][27/06/2025 16:35:12][WildStr][svchost.exe]

[Throw dll injection][27/06/2025 16:35:12][WildStr][svchost.exe]

[Throw dll injection][27/06/2025 16:35:12][WildStr][svchost.exe]

[Throw dll injection][27/06/2025 16:35:12][WildStr][svchost.exe]

[Throw dll injection][27/06/2025 16:35:12][WildStr][svchost.exe]

[Throw dll injection][27/06/2025 16:35:12][WildStr][svchost.exe]

[Throw dll injection][27/06/2025 16:35:12][WildStr][svchost.exe]

[Throw dll injection][27/06/2025 16:35:12][WildStr][svchost.exe]

[Throw dll injection][27/06/2025 16:35:12][WildStr][svchost.exe]

[Throw dll injection][27/06/2025 16:35:12][WildStr][svchost.exe]

[Throw dll injection][27/06/2025 16:35:12][WildStr][VBoxService.exe]

[Throw dll injection][27/06/2025 16:35:12][WildStr][svchost.exe]

[Throw dll injection][27/06/2025 16:35:12][WildStr][svchost.exe]

[Throw dll injection][27/06/2025 16:35:12][WildStr][svchost.exe]

[Throw dll injection][27/06/2025 16:35:12][WildStr][svchost.exe]

[Throw dll injection][27/06/2025 16:35:12][WildStr][svchost.exe]

[Throw dll injection][27/06/2025 16:35:12][WildStr][svchost.exe]

[Throw dll injection][27/06/2025 16:35:12][WildStr][svchost.exe]

[Throw dll injection][27/06/2025 16:35:12][WildStr][svchost.exe]

[Throw dll injection][27/06/2025 16:35:12][WildStr][svchost.exe]

[Throw dll injection][27/06/2025 16:35:12][WildStr][svchost.exe]

[Throw dll injection][27/06/2025 16:35:12][WildStr][svchost.exe]

[Throw dll injection][27/06/2025 16:35:12][WildStr][svchost.exe]

[Throw dll injection][27/06/2025 16:35:12][WildStr][svchost.exe]

[Throw dll injection][27/06/2025 16:35:12][WildStr][Memory Compression]

[Throw dll injection][27/06/2025 16:35:12][WildStr][VBoxService.exe]

[Throw dll injection][27/06/2025 16:35:12][WildStr][svchost.exe]

[Throw dll injection][27/06/2025 16:35:12][WildStr][svchost.exe]

[Throw dll injection][27/06/2025 16:35:12][WildStr][svchost.exe]

[Throw dll injection][27/06/2025 16:35:12][WildStr][svchost.exe]

[Throw dll injection][27/06/2025 16:35:12][WildStr][svchost.exe]

[Throw dll injection][27/06/2025 16:35:12][WildStr][svchost.exe]

[Throw dll injection][27/06/2025 16:35:12][WildStr][svchost.exe]

[Throw dll injection][27/06/2025 16:35:12][WildStr][svchost.exe]

[Throw dll injection][27/06/2025 16:35:12][WildStr][svchost.exe]

[Throw dll injection][27/06/2025 16:35:12][WildStr][svchost.exe]

[Throw dll injection][27/06/2025 16:35:12][WildStr][svchost.exe]

[Throw dll injection][27/06/2025 16:35:12][WildStr][svchost.exe]

[Throw dll injection][27/06/2025 16:35:12][WildStr][svchost.exe]

[Throw dll injection][27/06/2025 16:35:12][WildStr][Memory Compression]

[Throw dll injection][27/06/2025 16:35:12][WildStr][svchost.exe]

[Throw dll injection][27/06/2025 16:35:12][WildStr][svchost.exe]

[Throw dll injection][27/06/2025 16:35:12][WildStr][spoolsv.exe]

[Throw dll injection][27/06/2025 16:35:12][WildStr][svchost.exe]

[Throw dll injection][27/06/2025 16:35:12][WildStr][svchost.exe]

[Throw dll injection][27/06/2025 16:35:12][WildStr][svchost.exe]

[Throw dll injection][27/06/2025 16:35:12][WildStr][svchost.exe]

[Throw dll injection][27/06/2025 16:35:12][WildStr][svchost.exe]

[Throw dll injection][27/06/2025 16:35:12][WildStr][svchost.exe]

[Throw dll injection][27/06/2025 16:35:12][WildStr][svchost.exe]

[Throw dll injection][27/06/2025 16:35:12][WildStr][svchost.exe]

[Throw dll injection][27/06/2025 16:35:12][WildStr][ssh-agent.exe]

[Throw dll injection][27/06/2025 16:35:12][WildStr][svchost.exe]

[Throw dll injection][27/06/2025 16:35:12][WildStr][sshd.exe]

[Throw dll injection][27/06/2025 16:35:12][WildStr][svchost.exe]

[Throw dll injection][27/06/2025 16:35:12][WildStr][svchost.exe]

[Throw dll injection][27/06/2025 16:35:12][WildStr][spoolsv.exe]

[Throw dll injection][27/06/2025 16:35:12][WildStr][svchost.exe]

[Throw dll injection][27/06/2025 16:35:12][WildStr][svchost.exe]

[Throw dll injection][27/06/2025 16:35:12][WildStr][svchost.exe]

[Throw dll injection][27/06/2025 16:35:12][WildStr][svchost.exe]

[Throw dll injection][27/06/2025 16:35:12][WildStr][svchost.exe]

[Throw dll injection][27/06/2025 16:35:12][WildStr][svchost.exe]

[Throw dll injection][27/06/2025 16:35:12][WildStr][svchost.exe]

[Throw dll injection][27/06/2025 16:35:12][WildStr][svchost.exe]

[Throw dll injection][27/06/2025 16:35:12][WildStr][svchost.exe]

[Throw dll injection][27/06/2025 16:35:12][WildStr][ssh-agent.exe]

[Throw dll injection][27/06/2025 16:35:12][WildStr][svchost.exe]

[Throw dll injection][27/06/2025 16:35:12][WildStr][sshd.exe]

[Throw dll injection][27/06/2025 16:35:12][WildStr][svchost.exe]

[Throw dll injection][27/06/2025 16:35:12][WildStr][svchost.exe]

[Throw dll injection][27/06/2025 16:35:12][WildStr][MpDefenderCoreService.exe]

[Throw dll injection][27/06/2025 16:35:12][WildStr][svchost.exe]

[Throw dll injection][27/06/2025 16:35:12][WildStr][MsMpEng.exe]

[Throw dll injection][27/06/2025 16:35:12][WildStr][svchost.exe]

[Throw dll injection][27/06/2025 16:35:12][WildStr][SearchIndexer.exe]

[Throw dll injection][27/06/2025 16:35:12][WildStr][svchost.exe]

[Throw dll injection][27/06/2025 16:35:12][WildStr][AggregatorHost.exe]

[Throw dll injection][27/06/2025 16:35:12][WildStr][svchost.exe]

[Throw dll injection][27/06/2025 16:35:12][WildStr][dllhost.exe]

[Throw dll injection][27/06/2025 16:35:12][WildStr][svchost.exe]

[Throw dll injection][27/06/2025 16:35:12][WildStr][svchost.exe]

[Throw dll injection][27/06/2025 16:35:12][WildStr][svchost.exe]

[Throw dll injection][27/06/2025 16:35:12][WildStr][NisSrv.exe]

[Throw dll injection][27/06/2025 16:35:12][WildStr][svchost.exe]

[Throw dll injection][27/06/2025 16:35:12][WildStr][sihost.exe]

[Throw dll injection][27/06/2025 16:35:12][WildStr][svchost.exe]

[Throw dll injection][27/06/2025 16:35:12][WildStr][svchost.exe]

[Throw dll injection][27/06/2025 16:35:12][WildStr][MpDefenderCoreService.exe]

[Throw dll injection][27/06/2025 16:35:12][WildStr][svchost.exe]

[Throw dll injection][27/06/2025 16:35:12][WildStr][MsMpEng.exe]

[Throw dll injection][27/06/2025 16:35:12][WildStr][taskhostw.exe]

[Throw dll injection][27/06/2025 16:35:12][WildStr][SearchIndexer.exe]

[Throw dll injection][27/06/2025 16:35:12][WildStr][MicrosoftEdgeUpdate.exe]

[Throw dll injection][27/06/2025 16:35:12][WildStr][AggregatorHost.exe]

[Throw dll injection][27/06/2025 16:35:12][WildStr][svchost.exe]

[Throw dll injection][27/06/2025 16:35:12][WildStr][dllhost.exe]

[Throw dll injection][27/06/2025 16:35:12][WildStr][ctfmon.exe]

[Throw dll injection][27/06/2025 16:35:12][WildStr][svchost.exe]

[Throw dll injection][27/06/2025 16:35:12][WildStr][svchost.exe]

[Throw dll injection][27/06/2025 16:35:12][WildStr][NisSrv.exe]

[Throw dll injection][27/06/2025 16:35:12][WildStr][svchost.exe]

[Throw dll injection][27/06/2025 16:35:12][WildStr][sihost.exe]

[Throw dll injection][27/06/2025 16:35:12][WildStr][svchost.exe]

[Throw dll injection][27/06/2025 16:35:12][WildStr][explorer.exe]

[Throw dll injection][27/06/2025 16:35:12][WildStr][svchost.exe]

[Throw dll injection][27/06/2025 16:35:12][WildStr][svchost.exe]

[Throw dll injection][27/06/2025 16:35:12][WildStr][taskhostw.exe]

[Throw dll injection][27/06/2025 16:35:12][WildStr][StartMenuExperienceHost.exe]

[Throw dll injection][27/06/2025 16:35:12][WildStr][RuntimeBroker.exe]
exe]

[Throw dll injection][27/06/2025 16:35:12][WildStr][svchost.exe]

[Throw dll injection][27/06/2025 16:35:12][WildStr][SearchApp.exe]

[Throw dll injection][27/06/2025 16:35:12][WildStr][ctfmon.exe]

[Throw dll injection][27/06/2025 16:35:12][WildStr][svchost.exe]

[Throw dll injection][27/06/2025 16:35:12][WildStr][svchost.exe]

[Throw dll injection][27/06/2025 16:35:12][WildStr][RuntimeBroker.exe]

[Throw dll injection][27/06/2025 16:35:12][WildStr][svchost.exe]

[Throw dll injection][27/06/2025 16:35:12][WildStr][RuntimeBroker.exe]

[Throw dll injection][27/06/2025 16:35:12][WildStr][explorer.exe]

[Throw dll injection][27/06/2025 16:35:12][WildStr][svchost.exe]

[Throw dll injection][27/06/2025 16:35:12][WildStr][svchost.exe]

[Throw dll injection][27/06/2025 16:35:12][WildStr][SecurityHealthSystray.exe]

[Throw dll injection][27/06/2025 16:35:12][WildStr][StartMenuExperienceHost.exe]

[Throw dll injection][27/06/2025 16:35:12][WildStr][SecurityHealthService.exe]

[Throw dll injection][27/06/2025 16:35:12][WildStr][RuntimeBroker.exe]

[Throw dll injection][27/06/2025 16:35:12][WildStr][VBoxTray.exe]

[Throw dll injection][27/06/2025 16:35:12][WildStr][SearchApp.exe]

[Throw dll injection][27/06/2025 16:35:12][WildStr][OneDrive.exe]

[Throw dll injection][27/06/2025 16:35:12][WildStr][svchost.exe]

[Throw dll injection][27/06/2025 16:35:12][WildStr][cmd.exe]

[Throw dll injection][27/06/2025 16:35:12][WildStr][RuntimeBroker.exe]

[Throw dll injection][27/06/2025 16:35:12][WildStr][conhost.exe]

[Throw dll injection][27/06/2025 16:35:12][WildStr][RuntimeBroker.exe]

[Throw dll injection][27/06/2025 16:35:12][WildStr][svchost.exe]

[Throw dll injection][27/06/2025 16:35:12][WildStr][svchost.exe]

[Throw dll injection][27/06/2025 16:35:12][WildStr][svchost.exe]

[Throw dll injection][27/06/2025 16:35:12][WildStr][SecurityHealthSystray.exe]

[Throw dll injection][27/06/2025 16:35:12][WildStr][svchost.exe]

[Throw dll injection][27/06/2025 16:35:12][WildStr][SecurityHealthService.exe]

[Throw dll injection][27/06/2025 16:35:12][WildStr][svchost.exe]

[Throw dll injection][27/06/2025 16:35:12][WildStr][VBoxTray.exe]

[Throw dll injection][27/06/2025 16:35:12][WildStr][svchost.exe]

[Throw dll injection][27/06/2025 16:35:12][WildStr][OneDrive.exe]

[Throw dll injection][27/06/2025 16:35:12][WildStr][svchost.exe]

[Throw dll injection][27/06/2025 16:35:12][WildStr][cmd.exe]

[Throw dll injection][27/06/2025 16:35:12][WildStr][powershell.exe]

[Throw dll injection][27/06/2025 16:35:12][WildStr][conhost.exe]

[Throw dll injection][27/06/2025 16:35:12][WildStr][Code.exe]

[Throw dll injection][27/06/2025 16:35:12][WildStr][svchost.exe]

[Throw dll injection][27/06/2025 16:35:12][WildStr][Code.exe]

[Throw dll injection][27/06/2025 16:35:12][WildStr][svchost.exe]

[Throw dll injection][27/06/2025 16:35:12][WildStr][Code.exe]

[Throw dll injection][27/06/2025 16:35:12][WildStr][svchost.exe]

[Throw dll injection][27/06/2025 16:35:12][WildStr][Code.exe]

[Throw dll injection][27/06/2025 16:35:12][WildStr][svchost.exe]

[Throw dll injection][27/06/2025 16:35:12][WildStr][Code.exe]

[Throw dll injection][27/06/2025 16:35:12][WildStr][svchost.exe]

[Throw dll injection][27/06/2025 16:35:12][WildStr][Code.exe]

[Throw dll injection][27/06/2025 16:35:12][WildStr][svchost.exe]

[Throw dll injection][27/06/2025 16:35:12][WildStr][Code.exe]

[Throw dll injection][27/06/2025 16:35:12][WildStr][powershell.exe]

[Throw dll injection][27/06/2025 16:35:12][WildStr][Code.exe]

[Throw dll injection][27/06/2025 16:35:12][WildStr][Code.exe]

[Throw dll injection][27/06/2025 16:35:12][WildStr][Code.exe]

[Throw dll injection][27/06/2025 16:35:12][WildStr][Code.exe]

[Throw dll injection][27/06/2025 16:35:12][WildStr][conhost.exe]

[Throw dll injection][27/06/2025 16:35:12][WildStr][Code.exe]

[Throw dll injection][27/06/2025 16:35:12][WildStr][powershell.exe]

[Throw dll injection][27/06/2025 16:35:12][WildStr][Code.exe]

[Throw dll injection][27/06/2025 16:35:12][WildStr][conhost.exe]

[Throw dll injection][27/06/2025 16:35:12][WildStr][Code.exe]

[Throw dll injection][27/06/2025 16:35:12][WildStr][powershell.exe]

[Throw dll injection][27/06/2025 16:35:12][WildStr][Code.exe]

[Throw dll injection][27/06/2025 16:35:12][WildStr][TextInputHost.exe]

[Throw dll injection][27/06/2025 16:35:12][WildStr][Code.exe]

[Throw dll injection][27/06/2025 16:35:12][WildStr][Code.exe]

[Throw dll injection][27/06/2025 16:35:12][WildStr][Code.exe]

[Throw dll injection][27/06/2025 16:35:12][WildStr][cpptools.exe]

[Throw dll injection][27/06/2025 16:35:12][WildStr][Code.exe]

[Throw dll injection][27/06/2025 16:35:12][WildStr][conhost.exe]

[Throw dll injection][27/06/2025 16:35:12][WildStr][conhost.exe]

[Throw dll injection][27/06/2025 16:35:12][WildStr][cpptools.exe]

[Throw dll injection][27/06/2025 16:35:12][WildStr][powershell.exe]

[Throw dll injection][27/06/2025 16:35:12][WildStr][ApplicationFrameHost.exe]

[Throw dll injection][27/06/2025 16:35:12][WildStr][conhost.exe]

[Throw dll injection][27/06/2025 16:35:12][WildStr][SystemSettings.exe]

[Throw dll injection][27/06/2025 16:35:12][WildStr][powershell.exe]

[Throw dll injection][27/06/2025 16:35:12][WildStr][UserOOBEBroker.exe]

[Throw dll injection][27/06/2025 16:35:12][WildStr][TextInputHost.exe]

[Throw dll injection][27/06/2025 16:35:12][WildStr][SearchApp.exe]

[Throw dll injection][27/06/2025 16:35:12][WildStr][msedgewebview2.exe]

[Throw dll injection][27/06/2025 16:35:12][WildStr][msedgewebview2.exe]

[Throw dll injection][27/06/2025 16:35:12][WildStr][msedgewebview2.exe]

[Throw dll injection][27/06/2025 16:35:12][WildStr][conhost.exe]

[Throw dll injection][27/06/2025 16:35:12][WildStr][msedgewebview2.exe]

[Throw dll injection][27/06/2025 16:35:12][WildStr][cpptools.exe]

[Throw dll injection][27/06/2025 16:35:12][WildStr][msedgewebview2.exe]

[Throw dll injection][27/06/2025 16:35:12][WildStr][ApplicationFrameHost.exe]

[Throw dll injection][27/06/2025 16:35:12][WildStr][msedgewebview2.exe]

[Throw dll injection][27/06/2025 16:35:12][WildStr][SystemSettings.exe]

[Throw dll injection][27/06/2025 16:35:12][WildStr][FileCoAuth.exe]

[Throw dll injection][27/06/2025 16:35:12][WildStr][UserOOBEBroker.exe]

[Throw dll injection][27/06/2025 16:35:12][WildStr][svchost.exe]

[Throw dll injection][27/06/2025 16:35:12][WildStr][SearchApp.exe]

[Throw dll injection][27/06/2025 16:35:12][WildStr][msedge.exe]

[Throw dll injection][27/06/2025 16:35:12][WildStr][msedgewebview2.exe]

[Throw dll injection][27/06/2025 16:35:12][WildStr][msedge.exe]

[Throw dll injection][27/06/2025 16:35:12][WildStr][msedgewebview2.exe]

[Throw dll injection][27/06/2025 16:35:12][WildStr][msedge.exe]

[Throw dll injection][27/06/2025 16:35:12][WildStr][msedgewebview2.exe]

[Throw dll injection][27/06/2025 16:35:12][WildStr][msedge.exe]

[Throw dll injection][27/06/2025 16:35:12][WildStr][msedgewebview2.exe]

[Throw dll injection][27/06/2025 16:35:12][WildStr][msedge.exe]

[Throw dll injection][27/06/2025 16:35:12][WildStr][msedgewebview2.exe]

[Throw dll injection][27/06/2025 16:35:12][WildStr][svchost.exe]

[Throw dll injection][27/06/2025 16:35:12][WildStr][msedgewebview2.exe]

[Throw dll injection][27/06/2025 16:35:12][WildStr][svchost.exe]

[Throw dll injection][27/06/2025 16:35:12][WildStr][FileCoAuth.exe]

[Throw dll injection][27/06/2025 16:35:12][WildStr][svchost.exe]

[Throw dll injection][27/06/2025 16:35:12][WildStr][svchost.exe]

[Throw dll injection][27/06/2025 16:35:12][WildStr][dllhost.exe]

[Throw dll injection][27/06/2025 16:35:12][WildStr][msedge.exe]

[Throw dll injection][27/06/2025 16:35:12][WildStr][ShellExperienceHost.exe]

[Throw dll injection][27/06/2025 16:35:12][WildStr][msedge.exe]

[Throw dll injection][27/06/2025 16:35:12][WildStr][RuntimeBroker.exe]

[Throw dll injection][27/06/2025 16:35:12][WildStr][msedge.exe]

[Throw dll injection][27/06/2025 16:35:12][WildStr][vctip.exe]

[Throw dll injection][27/06/2025 16:35:12][WildStr][msedge.exe]

[Throw dll injection][27/06/2025 16:35:12][WildStr][cpptools-srv.exe]

[Throw dll injection][27/06/2025 16:35:12][WildStr][msedge.exe]

[Throw dll injection][27/06/2025 16:35:12][WildStr][conhost.exe]

[Throw dll injection][27/06/2025 16:35:12][WildStr][svchost.exe]

[Throw dll injection][27/06/2025 16:35:12][WildStr][cpptools-srv.exe]

[Throw dll injection][27/06/2025 16:35:12][WildStr][svchost.exe]

[Throw dll injection][27/06/2025 16:35:12][WildStr][conhost.exe]

[Throw dll injection][27/06/2025 16:35:12][WildStr][svchost.exe]

[Throw dll injection][27/06/2025 16:35:12][WildStr][svchost.exe]

[Throw dll injection][27/06/2025 16:35:12][WildStr][dllhost.exe]

[Throw dll injection][27/06/2025 16:35:12][WildStr][Taskmgr.exe]

[Throw dll injection][27/06/2025 16:35:12][WildStr][ShellExperienceHost.exe]

[Throw dll injection][27/06/2025 16:35:12][Str][SystemTimeOfDayInformation]

[Throw dll injection][27/06/2025 16:35:12][WildStr][RuntimeBroker.exe]

[Throw dll injection][27/06/2025 16:35:12][WildStr][vctip.exe]

[Throw dll injection][27/06/2025 16:35:12][WildStr][cpptools-srv.exe]

[Throw dll injection][27/06/2025 16:35:12][WildStr][conhost.exe]

[Throw dll injection][27/06/2025 16:35:12][WildStr][cpptools-srv.exe]

[Throw dll injection][27/06/2025 16:35:12][WildStr][conhost.exe]

[Throw dll injection][27/06/2025 16:35:12][WildStr][svchost.exe]

[Throw dll injection][27/06/2025 16:35:12][WildStr][Taskmgr.exe]

[Throw dll injection][27/06/2025 16:35:13][Str][OrigNtQuerySystemInformation failed: 0xC0000023
]

[Throw dll injection][27/06/2025 16:35:13][Str][Noinfo]

[Throw dll injection][27/06/2025 16:35:13][Str][Noinfo]

[Throw dll injection][27/06/2025 16:35:13][Str][Noinfo]

[Throw dll injection][27/06/2025 16:35:13][Str][SystemProcessInformation]

[Throw dll injection][27/06/2025 16:35:13][WildStr][System]

[Throw dll injection][27/06/2025 16:35:13][WildStr][System]

[Throw dll injection][27/06/2025 16:35:13][WildStr][Registry]

[Throw dll injection][27/06/2025 16:35:13][WildStr][Registry]

[Throw dll injection][27/06/2025 16:35:13][WildStr][smss.exe]

[Throw dll injection][27/06/2025 16:35:13][WildStr][smss.exe]

[Throw dll injection][27/06/2025 16:35:13][WildStr][csrss.exe]

[Throw dll injection][27/06/2025 16:35:13][WildStr][csrss.exe]

[Throw dll injection][27/06/2025 16:35:13][WildStr][wininit.exe]

[Throw dll injection][27/06/2025 16:35:13][WildStr][wininit.exe]

[Throw dll injection][27/06/2025 16:35:13][WildStr][csrss.exe]

[Throw dll injection][27/06/2025 16:35:13][WildStr][csrss.exe]

[Throw dll injection][27/06/2025 16:35:13][WildStr][winlogon.exe]

[Throw dll injection][27/06/2025 16:35:13][WildStr][winlogon.exe]

[Throw dll injection][27/06/2025 16:35:13][WildStr][services.exe]

[Throw dll injection][27/06/2025 16:35:13][WildStr][lsass.exe]

[Throw dll injection][27/06/2025 16:35:13][WildStr][lsass.exe]

[Throw dll injection][27/06/2025 16:35:13][WildStr][svchost.exe]

[Throw dll injection][27/06/2025 16:35:13][WildStr][svchost.exe]

[Throw dll injection][27/06/2025 16:35:13][WildStr][fontdrvhost.exe]

[Throw dll injection][27/06/2025 16:35:13][WildStr][fontdrvhost.exe]

[Throw dll injection][27/06/2025 16:35:13][WildStr][svchost.exe]

[Throw dll injection][27/06/2025 16:35:13][WildStr][svchost.exe]

[Throw dll injection][27/06/2025 16:35:13][WildStr][svchost.exe]

[Throw dll injection][27/06/2025 16:35:13][WildStr][svchost.exe]

[Throw dll injection][27/06/2025 16:35:13][WildStr][dwm.exe]

[Throw dll injection][27/06/2025 16:35:13][WildStr][dwm.exe]

[Throw dll injection][27/06/2025 16:35:13][WildStr][svchost.exe]

[Throw dll injection][27/06/2025 16:35:13][WildStr][svchost.exe]

[Throw dll injection][27/06/2025 16:35:13][WildStr][svchost.exe]

[Throw dll injection][27/06/2025 16:35:13][WildStr][svchost.exe]

[Throw dll injection][27/06/2025 16:35:13][WildStr][svchost.exe]

[Throw dll injection][27/06/2025 16:35:13][WildStr][svchost.exe]

[Throw dll injection][27/06/2025 16:35:13][WildStr][svchost.exe]

[Throw dll injection][27/06/2025 16:35:13][WildStr][svchost.exe]

[Throw dll injection][27/06/2025 16:35:13][WildStr][svchost.exe]

[Throw dll injection][27/06/2025 16:35:13][WildStr][svchost.exe]

[Throw dll injection][27/06/2025 16:35:13][WildStr][svchost.exe]

[Throw dll injection][27/06/2025 16:35:13][WildStr][svchost.exe]

[Throw dll injection][27/06/2025 16:35:13][WildStr][svchost.exe]

[Throw dll injection][27/06/2025 16:35:13][WildStr][svchost.exe]

[Throw dll injection][27/06/2025 16:35:13][WildStr][svchost.exe]

[Throw dll injection][27/06/2025 16:35:13][WildStr][svchost.exe]

[Throw dll injection][27/06/2025 16:35:13][WildStr][svchost.exe]

[Throw dll injection][27/06/2025 16:35:13][WildStr][svchost.exe]

[Throw dll injection][27/06/2025 16:35:13][WildStr][svchost.exe]

[Throw dll injection][27/06/2025 16:35:13][WildStr][svchost.exe]

[Throw dll injection][27/06/2025 16:35:13][WildStr][svchost.exe]

[Throw dll injection][27/06/2025 16:35:13][WildStr][svchost.exe]

[Throw dll injection][27/06/2025 16:35:13][WildStr][svchost.exe]

[Throw dll injection][27/06/2025 16:35:13][WildStr][svchost.exe]

[Throw dll injection][27/06/2025 16:35:13][WildStr][svchost.exe]

[Throw dll injection][27/06/2025 16:35:13][WildStr][svchost.exe]

[Throw dll injection][27/06/2025 16:35:13][WildStr][VBoxService.exe]

[Throw dll injection][27/06/2025 16:35:13][WildStr][VBoxService.exe]

[Throw dll injection][27/06/2025 16:35:13][WildStr][svchost.exe]

[Throw dll injection][27/06/2025 16:35:13][WildStr][svchost.exe]

[Throw dll injection][27/06/2025 16:35:13][WildStr][svchost.exe]

[Throw dll injection][27/06/2025 16:35:13][WildStr][svchost.exe]

[Throw dll injection][27/06/2025 16:35:13][WildStr][svchost.exe]

[Throw dll injection][27/06/2025 16:35:13][WildStr][svchost.exe]

[Throw dll injection][27/06/2025 16:35:13][WildStr][svchost.exe]

[Throw dll injection][27/06/2025 16:35:13][WildStr][svchost.exe]

[Throw dll injection][27/06/2025 16:35:13][WildStr][svchost.exe]

[Throw dll injection][27/06/2025 16:35:13][WildStr][svchost.exe]

[Throw dll injection][27/06/2025 16:35:13][WildStr][Memory Compression]

[Throw dll injection][27/06/2025 16:35:13][WildStr][svchost.exe]

[Throw dll injection][27/06/2025 16:35:13][WildStr][svchost.exe]

[Throw dll injection][27/06/2025 16:35:13][WildStr][Memory Compression]

[Throw dll injection][27/06/2025 16:35:13][WildStr][svchost.exe]

[Throw dll injection][27/06/2025 16:35:13][WildStr][svchost.exe]

[Throw dll injection][27/06/2025 16:35:13][WildStr][svchost.exe]

[Throw dll injection][27/06/2025 16:35:13][WildStr][svchost.exe]

[Throw dll injection][27/06/2025 16:35:13][WildStr][svchost.exe]

[Throw dll injection][27/06/2025 16:35:13][WildStr][svchost.exe]

[Throw dll injection][27/06/2025 16:35:13][WildStr][svchost.exe]

[Throw dll injection][27/06/2025 16:35:13][WildStr][svchost.exe]

[Throw dll injection][27/06/2025 16:35:13][WildStr][svchost.exe]

[Throw dll injection][27/06/2025 16:35:13][WildStr][svchost.exe]

[Throw dll injection][27/06/2025 16:35:13][WildStr][svchost.exe]

[Throw dll injection][27/06/2025 16:35:13][WildStr][svchost.exe]

[Throw dll injection][27/06/2025 16:35:13][WildStr][svchost.exe]

[Throw dll injection][27/06/2025 16:35:13][WildStr][svchost.exe]

[Throw dll injection][27/06/2025 16:35:13][WildStr][spoolsv.exe]

[Throw dll injection][27/06/2025 16:35:13][WildStr][svchost.exe]

[Throw dll injection][27/06/2025 16:35:13][WildStr][svchost.exe]

[Throw dll injection][27/06/2025 16:35:13][WildStr][spoolsv.exe]

[Throw dll injection][27/06/2025 16:35:13][WildStr][svchost.exe]

[Throw dll injection][27/06/2025 16:35:13][WildStr][svchost.exe]

[Throw dll injection][27/06/2025 16:35:13][WildStr][svchost.exe]

[Throw dll injection][27/06/2025 16:35:13][WildStr][svchost.exe]

[Throw dll injection][27/06/2025 16:35:13][WildStr][svchost.exe]

[Throw dll injection][27/06/2025 16:35:13][WildStr][svchost.exe]

[Throw dll injection][27/06/2025 16:35:13][WildStr][ssh-agent.exe]

[Throw dll injection][27/06/2025 16:35:13][WildStr][svchost.exe]

[Throw dll injection][27/06/2025 16:35:13][WildStr][sshd.exe]

[Throw dll injection][27/06/2025 16:35:13][WildStr][ssh-agent.exe]

[Throw dll injection][27/06/2025 16:35:13][WildStr][svchost.exe]

[Throw dll injection][27/06/2025 16:35:13][WildStr][sshd.exe]

[Throw dll injection][27/06/2025 16:35:13][WildStr][svchost.exe]

[Throw dll injection][27/06/2025 16:35:13][WildStr][svchost.exe]

[Throw dll injection][27/06/2025 16:35:13][WildStr][svchost.exe]

[Throw dll injection][27/06/2025 16:35:13][WildStr][svchost.exe]

[Throw dll injection][27/06/2025 16:35:13][WildStr][svchost.exe]

[Throw dll injection][27/06/2025 16:35:13][WildStr][svchost.exe]

[Throw dll injection][27/06/2025 16:35:13][WildStr][svchost.exe]

[Throw dll injection][27/06/2025 16:35:13][WildStr][svchost.exe]

[Throw dll injection][27/06/2025 16:35:13][WildStr][svchost.exe]

[Throw dll injection][27/06/2025 16:35:13][WildStr][svchost.exe]

[Throw dll injection][27/06/2025 16:35:13][WildStr][svchost.exe]

[Throw dll injection][27/06/2025 16:35:13][WildStr][svchost.exe]

[Throw dll injection][27/06/2025 16:35:13][WildStr][svchost.exe]

[Throw dll injection][27/06/2025 16:35:13][WildStr][svchost.exe]

[Throw dll injection][27/06/2025 16:35:13][WildStr][svchost.exe]

[Throw dll injection][27/06/2025 16:35:13][WildStr][MpDefenderCoreService.exe]

[Throw dll injection][27/06/2025 16:35:13][WildStr][svchost.exe]

[Throw dll injection][27/06/2025 16:35:13][WildStr][MsMpEng.exe]

[Throw dll injection][27/06/2025 16:35:13][WildStr][MpDefenderCoreService.exe]

[Throw dll injection][27/06/2025 16:35:13][WildStr][SearchIndexer.exe]

[Throw dll injection][27/06/2025 16:35:13][WildStr][MsMpEng.exe]

[Throw dll injection][27/06/2025 16:35:13][WildStr][AggregatorHost.exe]

[Throw dll injection][27/06/2025 16:35:13][WildStr][SearchIndexer.exe]

[Throw dll injection][27/06/2025 16:35:13][WildStr][dllhost.exe]

[Throw dll injection][27/06/2025 16:35:13][WildStr][AggregatorHost.exe]

[Throw dll injection][27/06/2025 16:35:13][WildStr][svchost.exe]

[Throw dll injection][27/06/2025 16:35:13][WildStr][dllhost.exe]

[Throw dll injection][27/06/2025 16:35:13][WildStr][NisSrv.exe]

[Throw dll injection][27/06/2025 16:35:13][WildStr][svchost.exe]

[Throw dll injection][27/06/2025 16:35:13][WildStr][sihost.exe]

[Throw dll injection][27/06/2025 16:35:13][WildStr][NisSrv.exe]

[Throw dll injection][27/06/2025 16:35:13][WildStr][svchost.exe]

[Throw dll injection][27/06/2025 16:35:13][WildStr][sihost.exe]

[Throw dll injection][27/06/2025 16:35:13][WildStr][svchost.exe]

[Throw dll injection][27/06/2025 16:35:13][WildStr][svchost.exe]

[Throw dll injection][27/06/2025 16:35:13][WildStr][taskhostw.exe]

[Throw dll injection][27/06/2025 16:35:13][WildStr][svchost.exe]

[Throw dll injection][27/06/2025 16:35:13][WildStr][MicrosoftEdgeUpdate.exe]

[Throw dll injection][27/06/2025 16:35:13][WildStr][taskhostw.exe]

[Throw dll injection][27/06/2025 16:35:13][WildStr][svchost.exe]

[Throw dll injection][27/06/2025 16:35:13][WildStr][MicrosoftEdgeUpdate.exe]

[Throw dll injection][27/06/2025 16:35:13][WildStr][ctfmon.exe]

[Throw dll injection][27/06/2025 16:35:13][WildStr][svchost.exe]

[Throw dll injection][27/06/2025 16:35:13][WildStr][svchost.exe]

[Throw dll injection][27/06/2025 16:35:13][WildStr][ctfmon.exe]

[Throw dll injection][27/06/2025 16:35:13][WildStr][svchost.exe]

[Throw dll injection][27/06/2025 16:35:13][WildStr][svchost.exe]

[Throw dll injection][27/06/2025 16:35:13][WildStr][explorer.exe]

[Throw dll injection][27/06/2025 16:35:13][WildStr][svchost.exe]

[Throw dll injection][27/06/2025 16:35:13][WildStr][svchost.exe]

[Throw dll injection][27/06/2025 16:35:13][WildStr][explorer.exe]

[Throw dll injection][27/06/2025 16:35:13][WildStr][StartMenuExperienceHost.exe]

[Throw dll injection][27/06/2025 16:35:13][WildStr][svchost.exe]
exe]

[Throw dll injection][27/06/2025 16:35:13][WildStr][SearchApp.exe]

[Throw dll injection][27/06/2025 16:35:13][WildStr][StartMenuExperienceHost.exe]

[Throw dll injection][27/06/2025 16:35:13][WildStr][svchost.exe]

[Throw dll injection][27/06/2025 16:35:13][WildStr][RuntimeBroker.exe]

[Throw dll injection][27/06/2025 16:35:13][WildStr][RuntimeBroker.exe]

[Throw dll injection][27/06/2025 16:35:13][WildStr][SearchApp.exe]

[Throw dll injection][27/06/2025 16:35:13][WildStr][RuntimeBroker.exe]

[Throw dll injection][27/06/2025 16:35:13][WildStr][svchost.exe]

[Throw dll injection][27/06/2025 16:35:13][WildStr][svchost.exe]

[Throw dll injection][27/06/2025 16:35:13][WildStr][RuntimeBroker.exe]

[Throw dll injection][27/06/2025 16:35:13][WildStr][SecurityHealthSystray.exe]

[Throw dll injection][27/06/2025 16:35:13][WildStr][RuntimeBroker.exe]

[Throw dll injection][27/06/2025 16:35:13][WildStr][SecurityHealthService.exe]

[Throw dll injection][27/06/2025 16:35:13][WildStr][svchost.exe]

[Throw dll injection][27/06/2025 16:35:13][WildStr][VBoxTray.exe]

[Throw dll injection][27/06/2025 16:35:13][WildStr][SecurityHealthSystray.exe]

[Throw dll injection][27/06/2025 16:35:13][WildStr][OneDrive.exe]

[Throw dll injection][27/06/2025 16:35:13][WildStr][SecurityHealthService.exe]

[Throw dll injection][27/06/2025 16:35:13][WildStr][cmd.exe]

[Throw dll injection][27/06/2025 16:35:13][WildStr][VBoxTray.exe]

[Throw dll injection][27/06/2025 16:35:13][WildStr][conhost.exe]

[Throw dll injection][27/06/2025 16:35:13][WildStr][OneDrive.exe]

[Throw dll injection][27/06/2025 16:35:13][WildStr][svchost.exe]

[Throw dll injection][27/06/2025 16:35:13][WildStr][cmd.exe]

[Throw dll injection][27/06/2025 16:35:13][WildStr][svchost.exe]

[Throw dll injection][27/06/2025 16:35:13][WildStr][conhost.exe]

[Throw dll injection][27/06/2025 16:35:13][WildStr][svchost.exe]

[Throw dll injection][27/06/2025 16:35:13][WildStr][svchost.exe]

[Throw dll injection][27/06/2025 16:35:13][WildStr][svchost.exe]

[Throw dll injection][27/06/2025 16:35:13][WildStr][svchost.exe]

[Throw dll injection][27/06/2025 16:35:13][WildStr][svchost.exe]

[Throw dll injection][27/06/2025 16:35:13][WildStr][svchost.exe]

[Throw dll injection][27/06/2025 16:35:13][WildStr][svchost.exe]

[Throw dll injection][27/06/2025 16:35:13][WildStr][powershell.exe]

[Throw dll injection][27/06/2025 16:35:13][WildStr][svchost.exe]

[Throw dll injection][27/06/2025 16:35:13][WildStr][Code.exe]

[Throw dll injection][27/06/2025 16:35:13][WildStr][svchost.exe]

[Throw dll injection][27/06/2025 16:35:13][WildStr][Code.exe]

[Throw dll injection][27/06/2025 16:35:13][WildStr][svchost.exe]

[Throw dll injection][27/06/2025 16:35:13][WildStr][Code.exe]

[Throw dll injection][27/06/2025 16:35:13][WildStr][powershell.exe]

[Throw dll injection][27/06/2025 16:35:13][WildStr][Code.exe]

[Throw dll injection][27/06/2025 16:35:13][WildStr][Code.exe]

[Throw dll injection][27/06/2025 16:35:13][WildStr][Code.exe]

[Throw dll injection][27/06/2025 16:35:13][WildStr][Code.exe]

[Throw dll injection][27/06/2025 16:35:13][WildStr][Code.exe]

[Throw dll injection][27/06/2025 16:35:13][WildStr][Code.exe]

[Throw dll injection][27/06/2025 16:35:13][WildStr][Code.exe]

[Throw dll injection][27/06/2025 16:35:13][WildStr][Code.exe]

[Throw dll injection][27/06/2025 16:35:13][WildStr][Code.exe]

[Throw dll injection][27/06/2025 16:35:13][WildStr][Code.exe]

[Throw dll injection][27/06/2025 16:35:13][WildStr][Code.exe]

[Throw dll injection][27/06/2025 16:35:13][WildStr][Code.exe]

[Throw dll injection][27/06/2025 16:35:13][WildStr][conhost.exe]

[Throw dll injection][27/06/2025 16:35:13][WildStr][Code.exe]

[Throw dll injection][27/06/2025 16:35:13][WildStr][powershell.exe]

[Throw dll injection][27/06/2025 16:35:13][WildStr][Code.exe]

[Throw dll injection][27/06/2025 16:35:13][WildStr][conhost.exe]

[Throw dll injection][27/06/2025 16:35:13][WildStr][Code.exe]

[Throw dll injection][27/06/2025 16:35:13][WildStr][powershell.exe]

[Throw dll injection][27/06/2025 16:35:13][WildStr][conhost.exe]

[Throw dll injection][27/06/2025 16:35:13][WildStr][TextInputHost.exe]

[Throw dll injection][27/06/2025 16:35:13][WildStr][powershell.exe]

[Throw dll injection][27/06/2025 16:35:13][WildStr][Code.exe]

[Throw dll injection][27/06/2025 16:35:13][WildStr][conhost.exe]

[Throw dll injection][27/06/2025 16:35:13][WildStr][cpptools.exe]

[Throw dll injection][27/06/2025 16:35:13][WildStr][powershell.exe]

[Throw dll injection][27/06/2025 16:35:13][WildStr][conhost.exe]

[Throw dll injection][27/06/2025 16:35:13][WildStr][TextInputHost.exe]

[Throw dll injection][27/06/2025 16:35:13][WildStr][cpptools.exe]

[Throw dll injection][27/06/2025 16:35:13][WildStr][Code.exe]

[Throw dll injection][27/06/2025 16:35:13][WildStr][ApplicationFrameHost.exe]

[Throw dll injection][27/06/2025 16:35:13][WildStr][cpptools.exe]

[Throw dll injection][27/06/2025 16:35:13][WildStr][SystemSettings.exe]

[Throw dll injection][27/06/2025 16:35:13][WildStr][conhost.exe]

[Throw dll injection][27/06/2025 16:35:13][WildStr][UserOOBEBroker.exe]

[Throw dll injection][27/06/2025 16:35:13][WildStr][cpptools.exe]

[Throw dll injection][27/06/2025 16:35:13][WildStr][SearchApp.exe]

[Throw dll injection][27/06/2025 16:35:13][WildStr][ApplicationFrameHost.exe]

[Throw dll injection][27/06/2025 16:35:13][WildStr][msedgewebview2.exe]

[Throw dll injection][27/06/2025 16:35:13][WildStr][SystemSettings.exe]

[Throw dll injection][27/06/2025 16:35:13][WildStr][msedgewebview2.exe]

[Throw dll injection][27/06/2025 16:35:13][WildStr][UserOOBEBroker.exe]

[Throw dll injection][27/06/2025 16:35:13][WildStr][msedgewebview2.exe]

[Throw dll injection][27/06/2025 16:35:13][WildStr][SearchApp.exe]

[Throw dll injection][27/06/2025 16:35:13][WildStr][msedgewebview2.exe]

[Throw dll injection][27/06/2025 16:35:13][WildStr][msedgewebview2.exe]

[Throw dll injection][27/06/2025 16:35:13][WildStr][msedgewebview2.exe]

[Throw dll injection][27/06/2025 16:35:13][WildStr][msedgewebview2.exe]

[Throw dll injection][27/06/2025 16:35:13][WildStr][msedgewebview2.exe]

[Throw dll injection][27/06/2025 16:35:13][WildStr][msedgewebview2.exe]

[Throw dll injection][27/06/2025 16:35:13][WildStr][FileCoAuth.exe]

[Throw dll injection][27/06/2025 16:35:13][WildStr][msedgewebview2.exe]

[Throw dll injection][27/06/2025 16:35:13][WildStr][svchost.exe]

[Throw dll injection][27/06/2025 16:35:13][WildStr][msedgewebview2.exe]

[Throw dll injection][27/06/2025 16:35:13][WildStr][msedge.exe]

[Throw dll injection][27/06/2025 16:35:13][WildStr][msedgewebview2.exe]

[Throw dll injection][27/06/2025 16:35:13][WildStr][msedge.exe]

[Throw dll injection][27/06/2025 16:35:13][WildStr][FileCoAuth.exe]

[Throw dll injection][27/06/2025 16:35:13][WildStr][msedge.exe]

[Throw dll injection][27/06/2025 16:35:13][WildStr][svchost.exe]

[Throw dll injection][27/06/2025 16:35:13][WildStr][msedge.exe]

[Throw dll injection][27/06/2025 16:35:13][WildStr][msedge.exe]

[Throw dll injection][27/06/2025 16:35:13][WildStr][msedge.exe]

[Throw dll injection][27/06/2025 16:35:13][WildStr][msedge.exe]

[Throw dll injection][27/06/2025 16:35:13][WildStr][svchost.exe]

[Throw dll injection][27/06/2025 16:35:13][WildStr][msedge.exe]

[Throw dll injection][27/06/2025 16:35:13][WildStr][svchost.exe]

[Throw dll injection][27/06/2025 16:35:13][WildStr][msedge.exe]

[Throw dll injection][27/06/2025 16:35:13][WildStr][svchost.exe]

[Throw dll injection][27/06/2025 16:35:13][WildStr][msedge.exe]

[Throw dll injection][27/06/2025 16:35:13][WildStr][dllhost.exe]

[Throw dll injection][27/06/2025 16:35:13][WildStr][svchost.exe]

[Throw dll injection][27/06/2025 16:35:13][WildStr][ShellExperienceHost.exe]

[Throw dll injection][27/06/2025 16:35:13][WildStr][svchost.exe]

[Throw dll injection][27/06/2025 16:35:13][WildStr][svchost.exe]

[Throw dll injection][27/06/2025 16:35:13][WildStr][RuntimeBroker.exe]

[Throw dll injection][27/06/2025 16:35:13][WildStr][dllhost.exe]

[Throw dll injection][27/06/2025 16:35:13][WildStr][vctip.exe]

[Throw dll injection][27/06/2025 16:35:13][WildStr][ShellExperienceHost.exe]

[Throw dll injection][27/06/2025 16:35:13][WildStr][cpptools-srv.exe]

[Throw dll injection][27/06/2025 16:35:13][WildStr][RuntimeBroker.exe]

[Throw dll injection][27/06/2025 16:35:13][WildStr][conhost.exe]

[Throw dll injection][27/06/2025 16:35:13][WildStr][vctip.exe]

[Throw dll injection][27/06/2025 16:35:13][WildStr][cpptools-srv.exe]

[Throw dll injection][27/06/2025 16:35:13][WildStr][cpptools-srv.exe]

[Throw dll injection][27/06/2025 16:35:13][WildStr][conhost.exe]

[Throw dll injection][27/06/2025 16:35:13][WildStr][conhost.exe]

[Throw dll injection][27/06/2025 16:35:13][WildStr][svchost.exe]

[Throw dll injection][27/06/2025 16:35:13][WildStr][cpptools-srv.exe]

[Throw dll injection][27/06/2025 16:35:13][WildStr][Taskmgr.exe]

[Throw dll injection][27/06/2025 16:35:13][WildStr][conhost.exe]

[Throw dll injection][27/06/2025 16:35:13][Str][SystemTimeOfDayInformation]

[Throw dll injection][27/06/2025 16:35:13][WildStr][svchost.exe]

[Throw dll injection][27/06/2025 16:35:13][WildStr][Taskmgr.exe]

[Throw dll injection][27/06/2025 16:35:14][Str][OrigNtQuerySystemInformation failed: 0xC0000023
]

[Throw dll injection][27/06/2025 16:35:14][Str][Noinfo]

[Throw dll injection][27/06/2025 16:35:14][Str][Noinfo]

[Throw dll injection][27/06/2025 16:35:14][Str][Noinfo]

[Throw dll injection][27/06/2025 16:35:14][Str][SystemProcessInformation]

[Throw dll injection][27/06/2025 16:35:14][Str][SystemProcessInformation]

[Throw dll injection][27/06/2025 16:35:14][WildStr][System]

[Throw dll injection][27/06/2025 16:35:14][WildStr][Registry]

[Throw dll injection][27/06/2025 16:35:14][WildStr][System]

[Throw dll injection][27/06/2025 16:35:14][WildStr][smss.exe]

[Throw dll injection][27/06/2025 16:35:14][WildStr][Registry]

[Throw dll injection][27/06/2025 16:35:14][WildStr][csrss.exe]

[Throw dll injection][27/06/2025 16:35:14][WildStr][wininit.exe]

[Throw dll injection][27/06/2025 16:35:14][WildStr][smss.exe]

[Throw dll injection][27/06/2025 16:35:14][WildStr][csrss.exe]

[Throw dll injection][27/06/2025 16:35:14][WildStr][winlogon.exe]

[Throw dll injection][27/06/2025 16:35:14][WildStr][csrss.exe]

[Throw dll injection][27/06/2025 16:35:14][WildStr][services.exe]

[Throw dll injection][27/06/2025 16:35:14][WildStr][lsass.exe]

[Throw dll injection][27/06/2025 16:35:14][WildStr][wininit.exe]

[Throw dll injection][27/06/2025 16:35:14][WildStr][svchost.exe]

[Throw dll injection][27/06/2025 16:35:14][WildStr][fontdrvhost.exe]

[Throw dll injection][27/06/2025 16:35:14][WildStr][csrss.exe]

[Throw dll injection][27/06/2025 16:35:14][WildStr][fontdrvhost.exe]

[Throw dll injection][27/06/2025 16:35:14][WildStr][svchost.exe]

[Throw dll injection][27/06/2025 16:35:14][WildStr][winlogon.exe]

[Throw dll injection][27/06/2025 16:35:14][WildStr][svchost.exe]

[Throw dll injection][27/06/2025 16:35:14][WildStr][dwm.exe]

[Throw dll injection][27/06/2025 16:35:14][WildStr][services.exe]

[Throw dll injection][27/06/2025 16:35:14][WildStr][svchost.exe]

[Throw dll injection][27/06/2025 16:35:14][WildStr][svchost.exe]

[Throw dll injection][27/06/2025 16:35:14][WildStr][lsass.exe]

[Throw dll injection][27/06/2025 16:35:14][WildStr][svchost.exe]

[Throw dll injection][27/06/2025 16:35:14][WildStr][svchost.exe]

[Throw dll injection][27/06/2025 16:35:14][WildStr][svchost.exe]

[Throw dll injection][27/06/2025 16:35:14][WildStr][svchost.exe]

[Throw dll injection][27/06/2025 16:35:14][WildStr][svchost.exe]

[Throw dll injection][27/06/2025 16:35:14][WildStr][fontdrvhost.exe]

[Throw dll injection][27/06/2025 16:35:14][WildStr][svchost.exe]

[Throw dll injection][27/06/2025 16:35:14][WildStr][svchost.exe]

[Throw dll injection][27/06/2025 16:35:14][WildStr][fontdrvhost.exe]

[Throw dll injection][27/06/2025 16:35:14][WildStr][svchost.exe]

[Throw dll injection][27/06/2025 16:35:14][WildStr][svchost.exe]

[Throw dll injection][27/06/2025 16:35:14][WildStr][svchost.exe]

[Throw dll injection][27/06/2025 16:35:14][WildStr][svchost.exe]

[Throw dll injection][27/06/2025 16:35:14][WildStr][svchost.exe]

[Throw dll injection][27/06/2025 16:35:14][WildStr][svchost.exe]

[Throw dll injection][27/06/2025 16:35:14][WildStr][svchost.exe]

[Throw dll injection][27/06/2025 16:35:14][WildStr][VBoxService.exe]

[Throw dll injection][27/06/2025 16:35:14][WildStr][dwm.exe]

[Throw dll injection][27/06/2025 16:35:14][WildStr][svchost.exe]

[Throw dll injection][27/06/2025 16:35:14][WildStr][svchost.exe]

[Throw dll injection][27/06/2025 16:35:14][WildStr][svchost.exe]

[Throw dll injection][27/06/2025 16:35:14][WildStr][svchost.exe]

[Throw dll injection][27/06/2025 16:35:14][WildStr][svchost.exe]

[Throw dll injection][27/06/2025 16:35:14][WildStr][svchost.exe]

[Throw dll injection][27/06/2025 16:35:14][WildStr][svchost.exe]

[Throw dll injection][27/06/2025 16:35:14][WildStr][svchost.exe]

[Throw dll injection][27/06/2025 16:35:14][WildStr][svchost.exe]

[Throw dll injection][27/06/2025 16:35:14][WildStr][svchost.exe]

[Throw dll injection][27/06/2025 16:35:14][WildStr][svchost.exe]

[Throw dll injection][27/06/2025 16:35:14][WildStr][Memory Compression]

[Throw dll injection][27/06/2025 16:35:14][WildStr][svchost.exe]

[Throw dll injection][27/06/2025 16:35:14][WildStr][svchost.exe]

[Throw dll injection][27/06/2025 16:35:14][WildStr][svchost.exe]

[Throw dll injection][27/06/2025 16:35:14][WildStr][svchost.exe]

[Throw dll injection][27/06/2025 16:35:14][WildStr][svchost.exe]

[Throw dll injection][27/06/2025 16:35:14][WildStr][svchost.exe]

[Throw dll injection][27/06/2025 16:35:14][WildStr][svchost.exe]

[Throw dll injection][27/06/2025 16:35:14][WildStr][svchost.exe]

[Throw dll injection][27/06/2025 16:35:14][WildStr][svchost.exe]

[Throw dll injection][27/06/2025 16:35:14][WildStr][svchost.exe]

[Throw dll injection][27/06/2025 16:35:14][WildStr][svchost.exe]

[Throw dll injection][27/06/2025 16:35:14][WildStr][svchost.exe]

[Throw dll injection][27/06/2025 16:35:14][WildStr][svchost.exe]

[Throw dll injection][27/06/2025 16:35:14][WildStr][svchost.exe]

[Throw dll injection][27/06/2025 16:35:14][WildStr][svchost.exe]

[Throw dll injection][27/06/2025 16:35:14][WildStr][spoolsv.exe]

[Throw dll injection][27/06/2025 16:35:14][WildStr][VBoxService.exe]

[Throw dll injection][27/06/2025 16:35:14][WildStr][svchost.exe]

[Throw dll injection][27/06/2025 16:35:14][WildStr][svchost.exe]

[Throw dll injection][27/06/2025 16:35:14][WildStr][svchost.exe]

[Throw dll injection][27/06/2025 16:35:14][WildStr][svchost.exe]

[Throw dll injection][27/06/2025 16:35:14][WildStr][svchost.exe]

[Throw dll injection][27/06/2025 16:35:14][WildStr][svchost.exe]

[Throw dll injection][27/06/2025 16:35:14][WildStr][svchost.exe]

[Throw dll injection][27/06/2025 16:35:14][WildStr][svchost.exe]

[Throw dll injection][27/06/2025 16:35:14][WildStr][ssh-agent.exe]

[Throw dll injection][27/06/2025 16:35:14][WildStr][svchost.exe]

[Throw dll injection][27/06/2025 16:35:14][WildStr][sshd.exe]

[Throw dll injection][27/06/2025 16:35:14][WildStr][svchost.exe]

[Throw dll injection][27/06/2025 16:35:14][WildStr][svchost.exe]

[Throw dll injection][27/06/2025 16:35:14][WildStr][Memory Compression]

[Throw dll injection][27/06/2025 16:35:14][WildStr][svchost.exe]

[Throw dll injection][27/06/2025 16:35:14][WildStr][svchost.exe]

[Throw dll injection][27/06/2025 16:35:14][WildStr][svchost.exe]

[Throw dll injection][27/06/2025 16:35:14][WildStr][svchost.exe]

[Throw dll injection][27/06/2025 16:35:14][WildStr][svchost.exe]

[Throw dll injection][27/06/2025 16:35:14][WildStr][svchost.exe]

[Throw dll injection][27/06/2025 16:35:14][WildStr][svchost.exe]

[Throw dll injection][27/06/2025 16:35:14][WildStr][svchost.exe]

[Throw dll injection][27/06/2025 16:35:14][WildStr][svchost.exe]

[Throw dll injection][27/06/2025 16:35:14][WildStr][svchost.exe]

[Throw dll injection][27/06/2025 16:35:14][WildStr][svchost.exe]

[Throw dll injection][27/06/2025 16:35:14][WildStr][svchost.exe]

[Throw dll injection][27/06/2025 16:35:14][WildStr][svchost.exe]

[Throw dll injection][27/06/2025 16:35:14][WildStr][svchost.exe]

[Throw dll injection][27/06/2025 16:35:14][WildStr][svchost.exe]

[Throw dll injection][27/06/2025 16:35:14][WildStr][svchost.exe]

[Throw dll injection][27/06/2025 16:35:14][WildStr][MpDefenderCoreService.exe]

[Throw dll injection][27/06/2025 16:35:14][WildStr][spoolsv.exe]

[Throw dll injection][27/06/2025 16:35:14][WildStr][MsMpEng.exe]

[Throw dll injection][27/06/2025 16:35:14][WildStr][svchost.exe]

[Throw dll injection][27/06/2025 16:35:14][WildStr][SearchIndexer.exe]

[Throw dll injection][27/06/2025 16:35:14][WildStr][svchost.exe]

[Throw dll injection][27/06/2025 16:35:14][WildStr][AggregatorHost.exe]

[Throw dll injection][27/06/2025 16:35:14][WildStr][svchost.exe]

[Throw dll injection][27/06/2025 16:35:14][WildStr][dllhost.exe]

[Throw dll injection][27/06/2025 16:35:14][WildStr][svchost.exe]

[Throw dll injection][27/06/2025 16:35:14][WildStr][svchost.exe]

[Throw dll injection][27/06/2025 16:35:14][WildStr][ssh-agent.exe]

[Throw dll injection][27/06/2025 16:35:14][WildStr][NisSrv.exe]

[Throw dll injection][27/06/2025 16:35:14][WildStr][sshd.exe]

[Throw dll injection][27/06/2025 16:35:14][WildStr][sihost.exe]

[Throw dll injection][27/06/2025 16:35:14][WildStr][svchost.exe]

[Throw dll injection][27/06/2025 16:35:14][WildStr][svchost.exe]

[Throw dll injection][27/06/2025 16:35:14][WildStr][svchost.exe]

[Throw dll injection][27/06/2025 16:35:14][WildStr][svchost.exe]

[Throw dll injection][27/06/2025 16:35:14][WildStr][svchost.exe]

[Throw dll injection][27/06/2025 16:35:14][WildStr][taskhostw.exe]

[Throw dll injection][27/06/2025 16:35:14][WildStr][svchost.exe]

[Throw dll injection][27/06/2025 16:35:14][WildStr][MicrosoftEdgeUpdate.exe]

[Throw dll injection][27/06/2025 16:35:14][WildStr][svchost.exe]

[Throw dll injection][27/06/2025 16:35:14][WildStr][svchost.exe]

[Throw dll injection][27/06/2025 16:35:14][WildStr][svchost.exe]

[Throw dll injection][27/06/2025 16:35:14][WildStr][ctfmon.exe]

[Throw dll injection][27/06/2025 16:35:14][WildStr][svchost.exe]

[Throw dll injection][27/06/2025 16:35:14][WildStr][svchost.exe]

[Throw dll injection][27/06/2025 16:35:14][WildStr][explorer.exe]

[Throw dll injection][27/06/2025 16:35:14][WildStr][MpDefenderCoreService.exe]

[Throw dll injection][27/06/2025 16:35:14][WildStr][svchost.exe]

[Throw dll injection][27/06/2025 16:35:14][WildStr][MsMpEng.exe]

[Throw dll injection][27/06/2025 16:35:14][WildStr][StartMenuExperienceHost.exe]

[Throw dll injection][27/06/2025 16:35:14][WildStr][SearchIndexer.exe]

[Throw dll injection][27/06/2025 16:35:14][WildStr][RuntimeBroker.exe]

[Throw dll injection][27/06/2025 16:35:14][WildStr][AggregatorHost.exe]

[Throw dll injection][27/06/2025 16:35:14][WildStr][SearchApp.exe]

[Throw dll injection][27/06/2025 16:35:14][WildStr][dllhost.exe]

[Throw dll injection][27/06/2025 16:35:14][WildStr][svchost.exe]

[Throw dll injection][27/06/2025 16:35:14][WildStr][svchost.exe]

[Throw dll injection][27/06/2025 16:35:14][WildStr][RuntimeBroker.exe]

[Throw dll injection][27/06/2025 16:35:14][WildStr][NisSrv.exe]

[Throw dll injection][27/06/2025 16:35:14][WildStr][RuntimeBroker.exe]

[Throw dll injection][27/06/2025 16:35:14][WildStr][sihost.exe]

[Throw dll injection][27/06/2025 16:35:14][WildStr][svchost.exe]

[Throw dll injection][27/06/2025 16:35:14][WildStr][svchost.exe]

[Throw dll injection][27/06/2025 16:35:14][WildStr][SecurityHealthSystray.exe]

[Throw dll injection][27/06/2025 16:35:14][WildStr][svchost.exe]

[Throw dll injection][27/06/2025 16:35:14][WildStr][SecurityHealthService.exe]

[Throw dll injection][27/06/2025 16:35:14][WildStr][taskhostw.exe]

[Throw dll injection][27/06/2025 16:35:14][WildStr][VBoxTray.exe]

[Throw dll injection][27/06/2025 16:35:14][WildStr][MicrosoftEdgeUpdate.exe]

[Throw dll injection][27/06/2025 16:35:14][WildStr][OneDrive.exe]

[Throw dll injection][27/06/2025 16:35:14][WildStr][svchost.exe]

[Throw dll injection][27/06/2025 16:35:14][WildStr][cmd.exe]

[Throw dll injection][27/06/2025 16:35:14][WildStr][ctfmon.exe]

[Throw dll injection][27/06/2025 16:35:14][WildStr][conhost.exe]

[Throw dll injection][27/06/2025 16:35:14][WildStr][svchost.exe]

[Throw dll injection][27/06/2025 16:35:14][WildStr][svchost.exe]

[Throw dll injection][27/06/2025 16:35:14][WildStr][svchost.exe]

[Throw dll injection][27/06/2025 16:35:14][WildStr][svchost.exe]

[Throw dll injection][27/06/2025 16:35:14][WildStr][explorer.exe]

[Throw dll injection][27/06/2025 16:35:14][WildStr][svchost.exe]

[Throw dll injection][27/06/2025 16:35:14][WildStr][svchost.exe]

[Throw dll injection][27/06/2025 16:35:14][WildStr][svchost.exe]

[Throw dll injection][27/06/2025 16:35:14][WildStr][StartMenuExperienceHost.exe]

[Throw dll injection][27/06/2025 16:35:14][WildStr][svchost.exe]

[Throw dll injection][27/06/2025 16:35:14][WildStr][RuntimeBroker.exe]

[Throw dll injection][27/06/2025 16:35:14][WildStr][svchost.exe]

[Throw dll injection][27/06/2025 16:35:14][WildStr][SearchApp.exe]

[Throw dll injection][27/06/2025 16:35:14][WildStr][powershell.exe]

[Throw dll injection][27/06/2025 16:35:14][WildStr][svchost.exe]

[Throw dll injection][27/06/2025 16:35:14][WildStr][Code.exe]

[Throw dll injection][27/06/2025 16:35:14][WildStr][Code.exe]
er.exe]

[Throw dll injection][27/06/2025 16:35:14][WildStr][RuntimeBroker.exe]

[Throw dll injection][27/06/2025 16:35:14][WildStr][Code.exe]

[Throw dll injection][27/06/2025 16:35:14][WildStr][svchost.exe]

[Throw dll injection][27/06/2025 16:35:14][WildStr][Code.exe]

[Throw dll injection][27/06/2025 16:35:14][WildStr][SecurityHealthSystray.exe]

[Throw dll injection][27/06/2025 16:35:14][WildStr][Code.exe]

[Throw dll injection][27/06/2025 16:35:14][WildStr][SecurityHealthService.exe]

[Throw dll injection][27/06/2025 16:35:14][WildStr][Code.exe]

[Throw dll injection][27/06/2025 16:35:14][WildStr][VBoxTray.exe]

[Throw dll injection][27/06/2025 16:35:14][WildStr][Code.exe]

[Throw dll injection][27/06/2025 16:35:14][WildStr][OneDrive.exe]

[Throw dll injection][27/06/2025 16:35:14][WildStr][cmd.exe]


[Throw dll injection][27/06/2025 16:35:14][WildStr][Code.exe]

[Throw dll injection][27/06/2025 16:35:14][WildStr][conhost.exe]

[Throw dll injection][27/06/2025 16:35:14][WildStr][conhost.exe]

[Throw dll injection][27/06/2025 16:35:14][WildStr][svchost.exe]

[Throw dll injection][27/06/2025 16:35:14][WildStr][powershell.exe]

[Throw dll injection][27/06/2025 16:35:14][WildStr][svchost.exe]

[Throw dll injection][27/06/2025 16:35:14][WildStr][conhost.exe]

[Throw dll injection][27/06/2025 16:35:14][WildStr][svchost.exe]

[Throw dll injection][27/06/2025 16:35:14][WildStr][powershell.exe]

[Throw dll injection][27/06/2025 16:35:14][WildStr][svchost.exe]

[Throw dll injection][27/06/2025 16:35:14][WildStr][TextInputHost.exe]

[Throw dll injection][27/06/2025 16:35:14][WildStr][svchost.exe]

[Throw dll injection][27/06/2025 16:35:14][WildStr][Code.exe]

[Throw dll injection][27/06/2025 16:35:14][WildStr][svchost.exe]

[Throw dll injection][27/06/2025 16:35:14][WildStr][cpptools.exe]

[Throw dll injection][27/06/2025 16:35:14][WildStr][powershell.exe]

[Throw dll injection][27/06/2025 16:35:14][WildStr][conhost.exe]

[Throw dll injection][27/06/2025 16:35:14][WildStr][Code.exe]

[Throw dll injection][27/06/2025 16:35:14][WildStr][cpptools.exe]

[Throw dll injection][27/06/2025 16:35:14][WildStr][Code.exe]

[Throw dll injection][27/06/2025 16:35:14][WildStr][ApplicationFrameHost.exe]

[Throw dll injection][27/06/2025 16:35:14][WildStr][SystemSettings.exe]

[Throw dll injection][27/06/2025 16:35:14][WildStr][UserOOBEBroker.exe]

[Throw dll injection][27/06/2025 16:35:14][WildStr][SearchApp.exe]

[Throw dll injection][27/06/2025 16:35:14][WildStr][Code.exe]

[Throw dll injection][27/06/2025 16:35:14][WildStr][msedgewebview2.exe]

[Throw dll injection][27/06/2025 16:35:14][WildStr][Code.exe]

[Throw dll injection][27/06/2025 16:35:14][WildStr][msedgewebview2.exe]

[Throw dll injection][27/06/2025 16:35:14][WildStr][Code.exe]

[Throw dll injection][27/06/2025 16:35:14][WildStr][msedgewebview2.exe]

[Throw dll injection][27/06/2025 16:35:14][WildStr][Code.exe]

[Throw dll injection][27/06/2025 16:35:14][WildStr][msedgewebview2.exe]

[Throw dll injection][27/06/2025 16:35:14][WildStr][Code.exe]

[Throw dll injection][27/06/2025 16:35:14][WildStr][msedgewebview2.exe]

[Throw dll injection][27/06/2025 16:35:14][WildStr][conhost.exe]

[Throw dll injection][27/06/2025 16:35:14][WildStr][msedgewebview2.exe]

[Throw dll injection][27/06/2025 16:35:14][WildStr][powershell.exe]

[Throw dll injection][27/06/2025 16:35:14][WildStr][FileCoAuth.exe]

[Throw dll injection][27/06/2025 16:35:14][WildStr][conhost.exe]

[Throw dll injection][27/06/2025 16:35:14][WildStr][svchost.exe]

[Throw dll injection][27/06/2025 16:35:14][WildStr][powershell.exe]

[Throw dll injection][27/06/2025 16:35:14][WildStr][msedge.exe]

[Throw dll injection][27/06/2025 16:35:14][WildStr][TextInputHost.exe]

[Throw dll injection][27/06/2025 16:35:14][WildStr][msedge.exe]

[Throw dll injection][27/06/2025 16:35:14][WildStr][Code.exe]

[Throw dll injection][27/06/2025 16:35:14][WildStr][msedge.exe]

[Throw dll injection][27/06/2025 16:35:14][WildStr][cpptools.exe]

[Throw dll injection][27/06/2025 16:35:14][WildStr][msedge.exe]

[Throw dll injection][27/06/2025 16:35:14][WildStr][conhost.exe]

[Throw dll injection][27/06/2025 16:35:14][WildStr][msedge.exe]

[Throw dll injection][27/06/2025 16:35:14][WildStr][cpptools.exe]

[Throw dll injection][27/06/2025 16:35:14][WildStr][svchost.exe]

[Throw dll injection][27/06/2025 16:35:14][WildStr][ApplicationFrameHost.exe]

[Throw dll injection][27/06/2025 16:35:14][WildStr][svchost.exe]

[Throw dll injection][27/06/2025 16:35:14][WildStr][SystemSettings.exe]

[Throw dll injection][27/06/2025 16:35:14][WildStr][svchost.exe]

[Throw dll injection][27/06/2025 16:35:14][WildStr][UserOOBEBroker.exe]

[Throw dll injection][27/06/2025 16:35:14][WildStr][dllhost.exe]

[Throw dll injection][27/06/2025 16:35:14][WildStr][SearchApp.exe]

[Throw dll injection][27/06/2025 16:35:14][WildStr][ShellExperienceHost.exe]

[Throw dll injection][27/06/2025 16:35:14][WildStr][msedgewebview2.exe]

[Throw dll injection][27/06/2025 16:35:14][WildStr][RuntimeBroker.exe]

[Throw dll injection][27/06/2025 16:35:14][WildStr][msedgewebview2.exe]

[Throw dll injection][27/06/2025 16:35:14][WildStr][vctip.exe]

[Throw dll injection][27/06/2025 16:35:14][WildStr][msedgewebview2.exe]

[Throw dll injection][27/06/2025 16:35:14][WildStr][cpptools-srv.exe]

[Throw dll injection][27/06/2025 16:35:14][WildStr][msedgewebview2.exe]

[Throw dll injection][27/06/2025 16:35:14][WildStr][conhost.exe]

[Throw dll injection][27/06/2025 16:35:14][WildStr][msedgewebview2.exe]

[Throw dll injection][27/06/2025 16:35:14][WildStr][cpptools-srv.exe]

[Throw dll injection][27/06/2025 16:35:14][WildStr][msedgewebview2.exe]

[Throw dll injection][27/06/2025 16:35:14][WildStr][conhost.exe]

[Throw dll injection][27/06/2025 16:35:14][WildStr][FileCoAuth.exe]

[Throw dll injection][27/06/2025 16:35:14][WildStr][svchost.exe]

[Throw dll injection][27/06/2025 16:35:14][WildStr][svchost.exe]

[Throw dll injection][27/06/2025 16:35:14][WildStr][Taskmgr.exe]

[Throw dll injection][27/06/2025 16:35:14][WildStr][msedge.exe]

[Throw dll injection][27/06/2025 16:35:14][WildStr][msedge.exe]

[Throw dll injection][27/06/2025 16:35:14][WildStr][msedge.exe]

[Throw dll injection][27/06/2025 16:35:14][WildStr][msedge.exe]

[Throw dll injection][27/06/2025 16:35:14][WildStr][msedge.exe]

[Throw dll injection][27/06/2025 16:35:14][WildStr][svchost.exe]

[Throw dll injection][27/06/2025 16:35:14][WildStr][svchost.exe]

[Throw dll injection][27/06/2025 16:35:14][WildStr][svchost.exe]

[Throw dll injection][27/06/2025 16:35:14][WildStr][dllhost.exe]

[Throw dll injection][27/06/2025 16:35:14][WildStr][ShellExperienceHost.exe]

[Throw dll injection][27/06/2025 16:35:14][WildStr][RuntimeBroker.exe]

[Throw dll injection][27/06/2025 16:35:14][WildStr][vctip.exe]

[Throw dll injection][27/06/2025 16:35:14][WildStr][cpptools-srv.exe]

[Throw dll injection][27/06/2025 16:35:14][WildStr][conhost.exe]

[Throw dll injection][27/06/2025 16:35:14][WildStr][cpptools-srv.exe]

[Throw dll injection][27/06/2025 16:35:14][WildStr][conhost.exe]

[Throw dll injection][27/06/2025 16:35:14][WildStr][svchost.exe]

[Throw dll injection][27/06/2025 16:35:14][WildStr][Taskmgr.exe]

[Throw dll injection][27/06/2025 16:35:14][Str][SystemTimeOfDayInformation]

[Throw dll injection][27/06/2025 16:35:15][Str][OrigNtQuerySystemInformation failed: 0xC0000023
]

[Throw dll injection][27/06/2025 16:35:15][Str][Noinfo]

[Throw dll injection][27/06/2025 16:35:15][Str][Noinfo]

[Throw dll injection][27/06/2025 16:35:15][Str][Noinfo]

[Throw dll injection][27/06/2025 16:35:15][Str][SystemProcessInformation]

[Throw dll injection][27/06/2025 16:35:15][Str][SystemProcessInformation]

[Throw dll injection][27/06/2025 16:35:15][WildStr][System]

[Throw dll injection][27/06/2025 16:35:15][WildStr][System]

[Throw dll injection][27/06/2025 16:35:15][WildStr][Registry]

[Throw dll injection][27/06/2025 16:35:15][WildStr][Registry]

[Throw dll injection][27/06/2025 16:35:15][WildStr][smss.exe]

[Throw dll injection][27/06/2025 16:35:15][WildStr][csrss.exe]

[Throw dll injection][27/06/2025 16:35:15][WildStr][smss.exe]

[Throw dll injection][27/06/2025 16:35:15][WildStr][wininit.exe]

[Throw dll injection][27/06/2025 16:35:15][WildStr][csrss.exe]

[Throw dll injection][27/06/2025 16:35:15][WildStr][csrss.exe]

[Throw dll injection][27/06/2025 16:35:15][WildStr][winlogon.exe]

[Throw dll injection][27/06/2025 16:35:15][WildStr][wininit.exe]

[Throw dll injection][27/06/2025 16:35:15][WildStr][services.exe]

[Throw dll injection][27/06/2025 16:35:15][WildStr][csrss.exe]

[Throw dll injection][27/06/2025 16:35:15][WildStr][winlogon.exe]

[Throw dll injection][27/06/2025 16:35:15][WildStr][svchost.exe]

[Throw dll injection][27/06/2025 16:35:15][WildStr][services.exe]

[Throw dll injection][27/06/2025 16:35:15][WildStr][fontdrvhost.exe]

[Throw dll injection][27/06/2025 16:35:15][WildStr][lsass.exe]

[Throw dll injection][27/06/2025 16:35:15][WildStr][fontdrvhost.exe]

[Throw dll injection][27/06/2025 16:35:15][WildStr][svchost.exe]

[Throw dll injection][27/06/2025 16:35:15][WildStr][svchost.exe]

[Throw dll injection][27/06/2025 16:35:15][WildStr][fontdrvhost.exe]

[Throw dll injection][27/06/2025 16:35:15][WildStr][svchost.exe]

[Throw dll injection][27/06/2025 16:35:15][WildStr][fontdrvhost.exe]

[Throw dll injection][27/06/2025 16:35:15][WildStr][dwm.exe]

[Throw dll injection][27/06/2025 16:35:15][WildStr][svchost.exe]

[Throw dll injection][27/06/2025 16:35:15][WildStr][svchost.exe]

[Throw dll injection][27/06/2025 16:35:15][WildStr][svchost.exe]

[Throw dll injection][27/06/2025 16:35:15][WildStr][svchost.exe]

[Throw dll injection][27/06/2025 16:35:15][WildStr][dwm.exe]

[Throw dll injection][27/06/2025 16:35:15][WildStr][svchost.exe]

[Throw dll injection][27/06/2025 16:35:15][WildStr][svchost.exe]

[Throw dll injection][27/06/2025 16:35:15][WildStr][svchost.exe]

[Throw dll injection][27/06/2025 16:35:15][WildStr][svchost.exe]

[Throw dll injection][27/06/2025 16:35:15][WildStr][svchost.exe]

[Throw dll injection][27/06/2025 16:35:15][WildStr][svchost.exe]

[Throw dll injection][27/06/2025 16:35:15][WildStr][svchost.exe]

[Throw dll injection][27/06/2025 16:35:15][WildStr][svchost.exe]

[Throw dll injection][27/06/2025 16:35:15][WildStr][svchost.exe]

[Throw dll injection][27/06/2025 16:35:15][WildStr][svchost.exe]

[Throw dll injection][27/06/2025 16:35:15][WildStr][svchost.exe]

[Throw dll injection][27/06/2025 16:35:15][WildStr][svchost.exe]

[Throw dll injection][27/06/2025 16:35:15][WildStr][svchost.exe]

[Throw dll injection][27/06/2025 16:35:15][WildStr][svchost.exe]

[Throw dll injection][27/06/2025 16:35:15][WildStr][svchost.exe]

[Throw dll injection][27/06/2025 16:35:15][WildStr][svchost.exe]

[Throw dll injection][27/06/2025 16:35:15][WildStr][svchost.exe]

[Throw dll injection][27/06/2025 16:35:15][WildStr][svchost.exe]

[Throw dll injection][27/06/2025 16:35:15][WildStr][svchost.exe]

[Throw dll injection][27/06/2025 16:35:15][WildStr][VBoxService.exe]

[Throw dll injection][27/06/2025 16:35:15][WildStr][svchost.exe]

[Throw dll injection][27/06/2025 16:35:15][WildStr][svchost.exe]

[Throw dll injection][27/06/2025 16:35:15][WildStr][svchost.exe]

[Throw dll injection][27/06/2025 16:35:15][WildStr][svchost.exe]

[Throw dll injection][27/06/2025 16:35:15][WildStr][svchost.exe]

[Throw dll injection][27/06/2025 16:35:15][WildStr][svchost.exe]

[Throw dll injection][27/06/2025 16:35:15][WildStr][VBoxService.exe]

[Throw dll injection][27/06/2025 16:35:15][WildStr][svchost.exe]

[Throw dll injection][27/06/2025 16:35:15][WildStr][svchost.exe]

[Throw dll injection][27/06/2025 16:35:15][WildStr][svchost.exe]

[Throw dll injection][27/06/2025 16:35:15][WildStr][svchost.exe]

[Throw dll injection][27/06/2025 16:35:15][WildStr][svchost.exe]

[Throw dll injection][27/06/2025 16:35:15][WildStr][svchost.exe]

[Throw dll injection][27/06/2025 16:35:15][WildStr][Memory Compression]

[Throw dll injection][27/06/2025 16:35:15][WildStr][svchost.exe]

[Throw dll injection][27/06/2025 16:35:15][WildStr][svchost.exe]

[Throw dll injection][27/06/2025 16:35:15][WildStr][svchost.exe]

[Throw dll injection][27/06/2025 16:35:15][WildStr][svchost.exe]

[Throw dll injection][27/06/2025 16:35:15][WildStr][svchost.exe]

[Throw dll injection][27/06/2025 16:35:15][WildStr][svchost.exe]

[Throw dll injection][27/06/2025 16:35:15][WildStr][Memory Compression]

[Throw dll injection][27/06/2025 16:35:15][WildStr][svchost.exe]

[Throw dll injection][27/06/2025 16:35:15][WildStr][svchost.exe]

[Throw dll injection][27/06/2025 16:35:15][WildStr][svchost.exe]

[Throw dll injection][27/06/2025 16:35:15][WildStr][svchost.exe]

[Throw dll injection][27/06/2025 16:35:15][WildStr][svchost.exe]

[Throw dll injection][27/06/2025 16:35:15][WildStr][svchost.exe]

[Throw dll injection][27/06/2025 16:35:15][WildStr][svchost.exe]

[Throw dll injection][27/06/2025 16:35:15][WildStr][svchost.exe]

[Throw dll injection][27/06/2025 16:35:15][WildStr][svchost.exe]

[Throw dll injection][27/06/2025 16:35:15][WildStr][svchost.exe]

[Throw dll injection][27/06/2025 16:35:15][WildStr][svchost.exe]

[Throw dll injection][27/06/2025 16:35:15][WildStr][svchost.exe]

[Throw dll injection][27/06/2025 16:35:15][WildStr][svchost.exe]

[Throw dll injection][27/06/2025 16:35:15][WildStr][svchost.exe]

[Throw dll injection][27/06/2025 16:35:15][WildStr][svchost.exe]

[Throw dll injection][27/06/2025 16:35:15][WildStr][svchost.exe]

[Throw dll injection][27/06/2025 16:35:15][WildStr][spoolsv.exe]

[Throw dll injection][27/06/2025 16:35:15][WildStr][svchost.exe]

[Throw dll injection][27/06/2025 16:35:15][WildStr][svchost.exe]

[Throw dll injection][27/06/2025 16:35:15][WildStr][ssh-agent.exe]

[Throw dll injection][27/06/2025 16:35:15][WildStr][svchost.exe]

[Throw dll injection][27/06/2025 16:35:15][WildStr][sshd.exe]

[Throw dll injection][27/06/2025 16:35:15][WildStr][svchost.exe]

[Throw dll injection][27/06/2025 16:35:15][WildStr][svchost.exe]

[Throw dll injection][27/06/2025 16:35:15][WildStr][svchost.exe]

[Throw dll injection][27/06/2025 16:35:15][WildStr][svchost.exe]

[Throw dll injection][27/06/2025 16:35:15][WildStr][ssh-agent.exe]

[Throw dll injection][27/06/2025 16:35:15][WildStr][svchost.exe]

[Throw dll injection][27/06/2025 16:35:15][WildStr][sshd.exe]

[Throw dll injection][27/06/2025 16:35:15][WildStr][svchost.exe]

[Throw dll injection][27/06/2025 16:35:15][WildStr][svchost.exe]

[Throw dll injection][27/06/2025 16:35:15][WildStr][svchost.exe]

[Throw dll injection][27/06/2025 16:35:15][WildStr][svchost.exe]

[Throw dll injection][27/06/2025 16:35:15][WildStr][svchost.exe]

[Throw dll injection][27/06/2025 16:35:15][WildStr][svchost.exe]

[Throw dll injection][27/06/2025 16:35:15][WildStr][svchost.exe]

[Throw dll injection][27/06/2025 16:35:15][WildStr][svchost.exe]

[Throw dll injection][27/06/2025 16:35:15][WildStr][svchost.exe]

[Throw dll injection][27/06/2025 16:35:15][WildStr][svchost.exe]

[Throw dll injection][27/06/2025 16:35:15][WildStr][svchost.exe]

[Throw dll injection][27/06/2025 16:35:15][WildStr][svchost.exe]

[Throw dll injection][27/06/2025 16:35:15][WildStr][MpDefenderCoreService.exe]

[Throw dll injection][27/06/2025 16:35:15][WildStr][svchost.exe]

[Throw dll injection][27/06/2025 16:35:15][WildStr][MsMpEng.exe]

[Throw dll injection][27/06/2025 16:35:15][WildStr][svchost.exe]

[Throw dll injection][27/06/2025 16:35:15][WildStr][SearchIndexer.exe]

[Throw dll injection][27/06/2025 16:35:15][WildStr][svchost.exe]

[Throw dll injection][27/06/2025 16:35:15][WildStr][AggregatorHost.exe]

[Throw dll injection][27/06/2025 16:35:15][WildStr][MpDefenderCoreService.exe]

[Throw dll injection][27/06/2025 16:35:15][WildStr][dllhost.exe]

[Throw dll injection][27/06/2025 16:35:15][WildStr][MsMpEng.exe]

[Throw dll injection][27/06/2025 16:35:15][WildStr][svchost.exe]

[Throw dll injection][27/06/2025 16:35:15][WildStr][SearchIndexer.exe]

[Throw dll injection][27/06/2025 16:35:15][WildStr][NisSrv.exe]

[Throw dll injection][27/06/2025 16:35:15][WildStr][AggregatorHost.exe]

[Throw dll injection][27/06/2025 16:35:15][WildStr][sihost.exe]

[Throw dll injection][27/06/2025 16:35:15][WildStr][dllhost.exe]

[Throw dll injection][27/06/2025 16:35:15][WildStr][svchost.exe]

[Throw dll injection][27/06/2025 16:35:15][WildStr][svchost.exe]

[Throw dll injection][27/06/2025 16:35:15][WildStr][svchost.exe]

[Throw dll injection][27/06/2025 16:35:15][WildStr][NisSrv.exe]

[Throw dll injection][27/06/2025 16:35:15][WildStr][taskhostw.exe]

[Throw dll injection][27/06/2025 16:35:15][WildStr][sihost.exe]

[Throw dll injection][27/06/2025 16:35:15][WildStr][MicrosoftEdgeUpdate.exe]

[Throw dll injection][27/06/2025 16:35:15][WildStr][svchost.exe]

[Throw dll injection][27/06/2025 16:35:15][WildStr][svchost.exe]

[Throw dll injection][27/06/2025 16:35:15][WildStr][ctfmon.exe]


[Throw dll injection][27/06/2025 16:35:15][WildStr][taskhostw.exe]

[Throw dll injection][27/06/2025 16:35:15][WildStr][svchost.exe]

[Throw dll injection][27/06/2025 16:35:15][WildStr][svchost.exe]
pdate.exe]

[Throw dll injection][27/06/2025 16:35:15][WildStr][svchost.exe]

[Throw dll injection][27/06/2025 16:35:15][WildStr][explorer.exe]

[Throw dll injection][27/06/2025 16:35:15][WildStr][ctfmon.exe]

[Throw dll injection][27/06/2025 16:35:15][WildStr][svchost.exe]

[Throw dll injection][27/06/2025 16:35:15][WildStr][svchost.exe]

[Throw dll injection][27/06/2025 16:35:15][WildStr][StartMenuExperienceHost.exe]

[Throw dll injection][27/06/2025 16:35:15][WildStr][svchost.exe]

[Throw dll injection][27/06/2025 16:35:15][WildStr][RuntimeBroker.exe]

[Throw dll injection][27/06/2025 16:35:15][WildStr][explorer.exe]

[Throw dll injection][27/06/2025 16:35:15][WildStr][SearchApp.exe]

[Throw dll injection][27/06/2025 16:35:15][WildStr][svchost.exe]

[Throw dll injection][27/06/2025 16:35:15][WildStr][svchost.exe]

[Throw dll injection][27/06/2025 16:35:15][WildStr][StartMenuExperienceHost.exe]

[Throw dll injection][27/06/2025 16:35:15][WildStr][RuntimeBroker.exe]

[Throw dll injection][27/06/2025 16:35:15][WildStr][RuntimeBroker.exe]

[Throw dll injection][27/06/2025 16:35:15][WildStr][RuntimeBroker.exe]

[Throw dll injection][27/06/2025 16:35:15][WildStr][SearchApp.exe]

[Throw dll injection][27/06/2025 16:35:15][WildStr][svchost.exe]

[Throw dll injection][27/06/2025 16:35:15][WildStr][svchost.exe]

[Throw dll injection][27/06/2025 16:35:15][WildStr][RuntimeBroker.exe]

[Throw dll injection][27/06/2025 16:35:15][WildStr][SecurityHealthSystray.exe]

[Throw dll injection][27/06/2025 16:35:15][WildStr][RuntimeBroker.exe]

[Throw dll injection][27/06/2025 16:35:15][WildStr][svchost.exe]
Service.exe]

[Throw dll injection][27/06/2025 16:35:15][WildStr][SecurityHealthSystray.exe]

[Throw dll injection][27/06/2025 16:35:15][WildStr][VBoxTray.exe]

[Throw dll injection][27/06/2025 16:35:15][WildStr][SecurityHealthService.exe]

[Throw dll injection][27/06/2025 16:35:15][WildStr][OneDrive.exe]

[Throw dll injection][27/06/2025 16:35:15][WildStr][VBoxTray.exe]

[Throw dll injection][27/06/2025 16:35:15][WildStr][cmd.exe]

[Throw dll injection][27/06/2025 16:35:15][WildStr][OneDrive.exe]

[Throw dll injection][27/06/2025 16:35:15][WildStr][conhost.exe]

[Throw dll injection][27/06/2025 16:35:15][WildStr][cmd.exe]

[Throw dll injection][27/06/2025 16:35:15][WildStr][svchost.exe]

[Throw dll injection][27/06/2025 16:35:15][WildStr][conhost.exe]

[Throw dll injection][27/06/2025 16:35:15][WildStr][svchost.exe]

[Throw dll injection][27/06/2025 16:35:15][WildStr][svchost.exe]

[Throw dll injection][27/06/2025 16:35:15][WildStr][svchost.exe]

[Throw dll injection][27/06/2025 16:35:15][WildStr][svchost.exe]

[Throw dll injection][27/06/2025 16:35:15][WildStr][svchost.exe]

[Throw dll injection][27/06/2025 16:35:15][WildStr][svchost.exe]

[Throw dll injection][27/06/2025 16:35:15][WildStr][svchost.exe]

[Throw dll injection][27/06/2025 16:35:15][WildStr][svchost.exe]

[Throw dll injection][27/06/2025 16:35:15][WildStr][svchost.exe]

[Throw dll injection][27/06/2025 16:35:15][WildStr][powershell.exe]

[Throw dll injection][27/06/2025 16:35:15][WildStr][powershell.exe]

[Throw dll injection][27/06/2025 16:35:15][WildStr][Code.exe]

[Throw dll injection][27/06/2025 16:35:15][WildStr][Code.exe]

[Throw dll injection][27/06/2025 16:35:15][WildStr][Code.exe]

[Throw dll injection][27/06/2025 16:35:15][WildStr][Code.exe]

[Throw dll injection][27/06/2025 16:35:15][WildStr][Code.exe]

[Throw dll injection][27/06/2025 16:35:15][WildStr][Code.exe]

[Throw dll injection][27/06/2025 16:35:15][WildStr][Code.exe]

[Throw dll injection][27/06/2025 16:35:15][WildStr][Code.exe]

[Throw dll injection][27/06/2025 16:35:15][WildStr][Code.exe]

[Throw dll injection][27/06/2025 16:35:15][WildStr][Code.exe]

[Throw dll injection][27/06/2025 16:35:15][WildStr][Code.exe]

[Throw dll injection][27/06/2025 16:35:15][WildStr][Code.exe]

[Throw dll injection][27/06/2025 16:35:15][WildStr][Code.exe]

[Throw dll injection][27/06/2025 16:35:15][WildStr][Code.exe]

[Throw dll injection][27/06/2025 16:35:15][WildStr][Code.exe]

[Throw dll injection][27/06/2025 16:35:15][WildStr][Code.exe]

[Throw dll injection][27/06/2025 16:35:15][WildStr][conhost.exe]

[Throw dll injection][27/06/2025 16:35:15][WildStr][conhost.exe]

[Throw dll injection][27/06/2025 16:35:15][WildStr][powershell.exe]

[Throw dll injection][27/06/2025 16:35:15][WildStr][powershell.exe]

[Throw dll injection][27/06/2025 16:35:15][WildStr][conhost.exe]

[Throw dll injection][27/06/2025 16:35:15][WildStr][conhost.exe]

[Throw dll injection][27/06/2025 16:35:15][WildStr][powershell.exe]

[Throw dll injection][27/06/2025 16:35:15][WildStr][TextInputHost.exe]

[Throw dll injection][27/06/2025 16:35:15][WildStr][Code.exe]

[Throw dll injection][27/06/2025 16:35:15][WildStr][TextInputHost.exe]

[Throw dll injection][27/06/2025 16:35:15][WildStr][cpptools.exe]

[Throw dll injection][27/06/2025 16:35:15][WildStr][Code.exe]

[Throw dll injection][27/06/2025 16:35:15][WildStr][conhost.exe]

[Throw dll injection][27/06/2025 16:35:15][WildStr][cpptools.exe]

[Throw dll injection][27/06/2025 16:35:15][WildStr][cpptools.exe]

[Throw dll injection][27/06/2025 16:35:15][WildStr][conhost.exe]

[Throw dll injection][27/06/2025 16:35:15][WildStr][ApplicationFrameHost.exe]

[Throw dll injection][27/06/2025 16:35:15][WildStr][SystemSettings.exe]

[Throw dll injection][27/06/2025 16:35:15][WildStr][ApplicationFrameHost.exe]

[Throw dll injection][27/06/2025 16:35:15][WildStr][SearchApp.exe]

[Throw dll injection][27/06/2025 16:35:15][WildStr][SystemSettings.exe]

[Throw dll injection][27/06/2025 16:35:15][WildStr][msedgewebview2.exe]

[Throw dll injection][27/06/2025 16:35:15][WildStr][UserOOBEBroker.exe]

[Throw dll injection][27/06/2025 16:35:15][WildStr][msedgewebview2.exe]

[Throw dll injection][27/06/2025 16:35:15][WildStr][SearchApp.exe]

[Throw dll injection][27/06/2025 16:35:15][WildStr][msedgewebview2.exe]

[Throw dll injection][27/06/2025 16:35:15][WildStr][msedgewebview2.exe]

[Throw dll injection][27/06/2025 16:35:15][WildStr][msedgewebview2.exe]

[Throw dll injection][27/06/2025 16:35:15][WildStr][msedgewebview2.exe]

[Throw dll injection][27/06/2025 16:35:15][WildStr][msedgewebview2.exe]

[Throw dll injection][27/06/2025 16:35:15][WildStr][msedgewebview2.exe]

[Throw dll injection][27/06/2025 16:35:15][WildStr][msedgewebview2.exe]

[Throw dll injection][27/06/2025 16:35:15][WildStr][msedgewebview2.exe]

[Throw dll injection][27/06/2025 16:35:15][WildStr][FileCoAuth.exe]

[Throw dll injection][27/06/2025 16:35:15][WildStr][svchost.exe]
.exe]

[Throw dll injection][27/06/2025 16:35:15][WildStr][msedge.exe]
2.exe]

[Throw dll injection][27/06/2025 16:35:15][WildStr][FileCoAuth.exe]

[Throw dll injection][27/06/2025 16:35:15][WildStr][svchost.exe]

[Throw dll injection][27/06/2025 16:35:15][WildStr][msedge.exe]

[Throw dll injection][27/06/2025 16:35:15][WildStr][msedge.exe]

[Throw dll injection][27/06/2025 16:35:15][WildStr][msedge.exe]

[Throw dll injection][27/06/2025 16:35:15][WildStr][msedge.exe]

[Throw dll injection][27/06/2025 16:35:15][WildStr][svchost.exe]

[Throw dll injection][27/06/2025 16:35:15][WildStr][msedge.exe]

[Throw dll injection][27/06/2025 16:35:15][WildStr][svchost.exe]

[Throw dll injection][27/06/2025 16:35:15][WildStr][msedge.exe]

[Throw dll injection][27/06/2025 16:35:15][WildStr][svchost.exe]

[Throw dll injection][27/06/2025 16:35:15][WildStr][msedge.exe]

[Throw dll injection][27/06/2025 16:35:15][WildStr][dllhost.exe]

[Throw dll injection][27/06/2025 16:35:15][WildStr][svchost.exe]

[Throw dll injection][27/06/2025 16:35:15][WildStr][ShellExperienceHost.exe]

[Throw dll injection][27/06/2025 16:35:15][WildStr][svchost.exe]

[Throw dll injection][27/06/2025 16:35:15][WildStr][RuntimeBroker.exe]

[Throw dll injection][27/06/2025 16:35:15][WildStr][svchost.exe]

[Throw dll injection][27/06/2025 16:35:15][WildStr][vctip.exe]

[Throw dll injection][27/06/2025 16:35:15][WildStr][cpptools-srv.exe]

[Throw dll injection][27/06/2025 16:35:15][WildStr][dllhost.exe]

[Throw dll injection][27/06/2025 16:35:15][WildStr][conhost.exe]

[Throw dll injection][27/06/2025 16:35:15][WildStr][ShellExperienceHost.exe]

[Throw dll injection][27/06/2025 16:35:15][WildStr][cpptools-srv.exe]

[Throw dll injection][27/06/2025 16:35:15][WildStr][conhost.exe]
exe]

[Throw dll injection][27/06/2025 16:35:15][WildStr][vctip.exe]

[Throw dll injection][27/06/2025 16:35:15][WildStr][svchost.exe]

[Throw dll injection][27/06/2025 16:35:15][WildStr][cpptools-srv.exe]

[Throw dll injection][27/06/2025 16:35:15][WildStr][Taskmgr.exe]

[Throw dll injection][27/06/2025 16:35:15][WildStr][conhost.exe]

[Throw dll injection][27/06/2025 16:35:15][WildStr][cpptools-srv.exe]

[Throw dll injection][27/06/2025 16:35:15][WildStr][conhost.exe]

[Throw dll injection][27/06/2025 16:35:15][WildStr][svchost.exe]

[Throw dll injection][27/06/2025 16:35:15][WildStr][Taskmgr.exe]

[Throw dll injection][27/06/2025 16:35:15][Str][SystemTimeOfDayInformation]

[Throw dll injection][27/06/2025 16:35:16][Str][OrigNtQuerySystemInformation failed: 0xC0000023
]

[Throw dll injection][27/06/2025 16:35:16][Str][Noinfo]

[Throw dll injection][27/06/2025 16:35:16][Str][Noinfo]

[Throw dll injection][27/06/2025 16:35:16][Str][Noinfo]

[Throw dll injection][27/06/2025 16:35:16][Str][SystemProcessInformation]

[Throw dll injection][27/06/2025 16:35:16][WildStr][System]

[Throw dll injection][27/06/2025 16:35:16][WildStr][Registry]

[Throw dll injection][27/06/2025 16:35:16][WildStr][Registry]

[Throw dll injection][27/06/2025 16:35:16][WildStr][smss.exe]

[Throw dll injection][27/06/2025 16:35:16][WildStr][smss.exe]

[Throw dll injection][27/06/2025 16:35:16][WildStr][csrss.exe]

[Throw dll injection][27/06/2025 16:35:16][WildStr][csrss.exe]

[Throw dll injection][27/06/2025 16:35:16][WildStr][wininit.exe]

[Throw dll injection][27/06/2025 16:35:16][WildStr][wininit.exe]

[Throw dll injection][27/06/2025 16:35:16][WildStr][csrss.exe]

[Throw dll injection][27/06/2025 16:35:16][WildStr][csrss.exe]

[Throw dll injection][27/06/2025 16:35:16][WildStr][winlogon.exe]

[Throw dll injection][27/06/2025 16:35:16][WildStr][winlogon.exe]

[Throw dll injection][27/06/2025 16:35:16][WildStr][services.exe]

[Throw dll injection][27/06/2025 16:35:16][WildStr][services.exe]

[Throw dll injection][27/06/2025 16:35:16][WildStr][lsass.exe]

[Throw dll injection][27/06/2025 16:35:16][WildStr][lsass.exe]

[Throw dll injection][27/06/2025 16:35:16][WildStr][svchost.exe]

[Throw dll injection][27/06/2025 16:35:16][WildStr][svchost.exe]

[Throw dll injection][27/06/2025 16:35:16][WildStr][fontdrvhost.exe]

[Throw dll injection][27/06/2025 16:35:16][WildStr][fontdrvhost.exe]

[Throw dll injection][27/06/2025 16:35:16][WildStr][fontdrvhost.exe]

[Throw dll injection][27/06/2025 16:35:16][WildStr][fontdrvhost.exe]

[Throw dll injection][27/06/2025 16:35:16][WildStr][svchost.exe]

[Throw dll injection][27/06/2025 16:35:16][WildStr][svchost.exe]

[Throw dll injection][27/06/2025 16:35:16][WildStr][svchost.exe]

[Throw dll injection][27/06/2025 16:35:16][WildStr][svchost.exe]

[Throw dll injection][27/06/2025 16:35:16][WildStr][dwm.exe]

[Throw dll injection][27/06/2025 16:35:16][WildStr][dwm.exe]

[Throw dll injection][27/06/2025 16:35:16][WildStr][svchost.exe]

[Throw dll injection][27/06/2025 16:35:16][WildStr][svchost.exe]

[Throw dll injection][27/06/2025 16:35:16][WildStr][svchost.exe]

[Throw dll injection][27/06/2025 16:35:16][WildStr][svchost.exe]

[Throw dll injection][27/06/2025 16:35:16][WildStr][svchost.exe]

[Throw dll injection][27/06/2025 16:35:16][WildStr][svchost.exe]

[Throw dll injection][27/06/2025 16:35:16][WildStr][svchost.exe]

[Throw dll injection][27/06/2025 16:35:16][WildStr][svchost.exe]

[Throw dll injection][27/06/2025 16:35:16][WildStr][svchost.exe]

[Throw dll injection][27/06/2025 16:35:16][WildStr][svchost.exe]

[Throw dll injection][27/06/2025 16:35:16][WildStr][svchost.exe]

[Throw dll injection][27/06/2025 16:35:16][WildStr][svchost.exe]

[Throw dll injection][27/06/2025 16:35:16][WildStr][svchost.exe]

[Throw dll injection][27/06/2025 16:35:16][WildStr][svchost.exe]

[Throw dll injection][27/06/2025 16:35:16][WildStr][svchost.exe]

[Throw dll injection][27/06/2025 16:35:16][WildStr][svchost.exe]

[Throw dll injection][27/06/2025 16:35:16][WildStr][svchost.exe]

[Throw dll injection][27/06/2025 16:35:16][WildStr][svchost.exe]

[Throw dll injection][27/06/2025 16:35:16][WildStr][svchost.exe]

[Throw dll injection][27/06/2025 16:35:16][WildStr][svchost.exe]

[Throw dll injection][27/06/2025 16:35:16][WildStr][svchost.exe]

[Throw dll injection][27/06/2025 16:35:16][WildStr][svchost.exe]

[Throw dll injection][27/06/2025 16:35:16][WildStr][svchost.exe]

[Throw dll injection][27/06/2025 16:35:16][WildStr][svchost.exe]

[Throw dll injection][27/06/2025 16:35:16][WildStr][svchost.exe]

[Throw dll injection][27/06/2025 16:35:16][WildStr][svchost.exe]

[Throw dll injection][27/06/2025 16:35:16][WildStr][VBoxService.exe]

[Throw dll injection][27/06/2025 16:35:16][WildStr][VBoxService.exe]

[Throw dll injection][27/06/2025 16:35:16][WildStr][svchost.exe]

[Throw dll injection][27/06/2025 16:35:16][WildStr][svchost.exe]

[Throw dll injection][27/06/2025 16:35:16][WildStr][svchost.exe]

[Throw dll injection][27/06/2025 16:35:16][WildStr][svchost.exe]

[Throw dll injection][27/06/2025 16:35:16][WildStr][svchost.exe]

[Throw dll injection][27/06/2025 16:35:16][WildStr][svchost.exe]

[Throw dll injection][27/06/2025 16:35:16][WildStr][svchost.exe]

[Throw dll injection][27/06/2025 16:35:16][WildStr][svchost.exe]

[Throw dll injection][27/06/2025 16:35:16][WildStr][svchost.exe]

[Throw dll injection][27/06/2025 16:35:16][WildStr][svchost.exe]

[Throw dll injection][27/06/2025 16:35:16][WildStr][Memory Compression]

[Throw dll injection][27/06/2025 16:35:16][WildStr][svchost.exe]

[Throw dll injection][27/06/2025 16:35:16][WildStr][svchost.exe]

[Throw dll injection][27/06/2025 16:35:16][WildStr][svchost.exe]

[Throw dll injection][27/06/2025 16:35:16][WildStr][svchost.exe]

[Throw dll injection][27/06/2025 16:35:16][WildStr][Memory Compression]

[Throw dll injection][27/06/2025 16:35:16][WildStr][svchost.exe]

[Throw dll injection][27/06/2025 16:35:16][WildStr][svchost.exe]

[Throw dll injection][27/06/2025 16:35:16][WildStr][svchost.exe]

[Throw dll injection][27/06/2025 16:35:16][WildStr][svchost.exe]

[Throw dll injection][27/06/2025 16:35:16][WildStr][svchost.exe]

[Throw dll injection][27/06/2025 16:35:16][WildStr][svchost.exe]

[Throw dll injection][27/06/2025 16:35:16][WildStr][svchost.exe]

[Throw dll injection][27/06/2025 16:35:16][WildStr][svchost.exe]

[Throw dll injection][27/06/2025 16:35:16][WildStr][svchost.exe]

[Throw dll injection][27/06/2025 16:35:16][WildStr][svchost.exe]

[Throw dll injection][27/06/2025 16:35:16][WildStr][spoolsv.exe]

[Throw dll injection][27/06/2025 16:35:16][WildStr][svchost.exe]

[Throw dll injection][27/06/2025 16:35:16][WildStr][svchost.exe]

[Throw dll injection][27/06/2025 16:35:16][WildStr][svchost.exe]

[Throw dll injection][27/06/2025 16:35:16][WildStr][svchost.exe]

[Throw dll injection][27/06/2025 16:35:16][WildStr][svchost.exe]

[Throw dll injection][27/06/2025 16:35:16][WildStr][svchost.exe]

[Throw dll injection][27/06/2025 16:35:16][WildStr][spoolsv.exe]

[Throw dll injection][27/06/2025 16:35:16][WildStr][svchost.exe]

[Throw dll injection][27/06/2025 16:35:16][WildStr][svchost.exe]

[Throw dll injection][27/06/2025 16:35:16][WildStr][ssh-agent.exe]

[Throw dll injection][27/06/2025 16:35:16][WildStr][svchost.exe]

[Throw dll injection][27/06/2025 16:35:16][WildStr][sshd.exe]

[Throw dll injection][27/06/2025 16:35:16][WildStr][svchost.exe]

[Throw dll injection][27/06/2025 16:35:16][WildStr][svchost.exe]

[Throw dll injection][27/06/2025 16:35:16][WildStr][svchost.exe]

[Throw dll injection][27/06/2025 16:35:16][WildStr][svchost.exe]

[Throw dll injection][27/06/2025 16:35:16][WildStr][ssh-agent.exe]

[Throw dll injection][27/06/2025 16:35:16][WildStr][svchost.exe]

[Throw dll injection][27/06/2025 16:35:16][WildStr][svchost.exe]

[Throw dll injection][27/06/2025 16:35:16][WildStr][svchost.exe]

[Throw dll injection][27/06/2025 16:35:16][WildStr][svchost.exe]

[Throw dll injection][27/06/2025 16:35:16][WildStr][svchost.exe]

[Throw dll injection][27/06/2025 16:35:16][WildStr][svchost.exe]

[Throw dll injection][27/06/2025 16:35:16][WildStr][svchost.exe]

[Throw dll injection][27/06/2025 16:35:16][WildStr][svchost.exe]

[Throw dll injection][27/06/2025 16:35:16][WildStr][svchost.exe]

[Throw dll injection][27/06/2025 16:35:16][WildStr][svchost.exe]

[Throw dll injection][27/06/2025 16:35:16][WildStr][svchost.exe]

[Throw dll injection][27/06/2025 16:35:16][WildStr][svchost.exe]

[Throw dll injection][27/06/2025 16:35:16][WildStr][MpDefenderCoreService.exe]

[Throw dll injection][27/06/2025 16:35:16][WildStr][svchost.exe]

[Throw dll injection][27/06/2025 16:35:16][WildStr][MsMpEng.exe]

[Throw dll injection][27/06/2025 16:35:16][WildStr][svchost.exe]

[Throw dll injection][27/06/2025 16:35:16][WildStr][SearchIndexer.exe]

[Throw dll injection][27/06/2025 16:35:16][WildStr][svchost.exe]

[Throw dll injection][27/06/2025 16:35:16][WildStr][AggregatorHost.exe]

[Throw dll injection][27/06/2025 16:35:16][WildStr][MpDefenderCoreService.exe]

[Throw dll injection][27/06/2025 16:35:16][WildStr][dllhost.exe]

[Throw dll injection][27/06/2025 16:35:16][WildStr][MsMpEng.exe]

[Throw dll injection][27/06/2025 16:35:16][WildStr][svchost.exe]

[Throw dll injection][27/06/2025 16:35:16][WildStr][SearchIndexer.exe]

[Throw dll injection][27/06/2025 16:35:16][WildStr][NisSrv.exe]

[Throw dll injection][27/06/2025 16:35:16][WildStr][AggregatorHost.exe]

[Throw dll injection][27/06/2025 16:35:16][WildStr][sihost.exe]

[Throw dll injection][27/06/2025 16:35:16][WildStr][dllhost.exe]

[Throw dll injection][27/06/2025 16:35:16][WildStr][svchost.exe]

[Throw dll injection][27/06/2025 16:35:16][WildStr][svchost.exe]

[Throw dll injection][27/06/2025 16:35:16][WildStr][svchost.exe]

[Throw dll injection][27/06/2025 16:35:16][WildStr][NisSrv.exe]

[Throw dll injection][27/06/2025 16:35:16][WildStr][taskhostw.exe]

[Throw dll injection][27/06/2025 16:35:16][WildStr][sihost.exe]

[Throw dll injection][27/06/2025 16:35:16][WildStr][MicrosoftEdgeUpdate.exe]

[Throw dll injection][27/06/2025 16:35:16][WildStr][svchost.exe]

[Throw dll injection][27/06/2025 16:35:16][WildStr][svchost.exe]

[Throw dll injection][27/06/2025 16:35:16][WildStr][svchost.exe]

[Throw dll injection][27/06/2025 16:35:16][WildStr][ctfmon.exe]

[Throw dll injection][27/06/2025 16:35:16][WildStr][taskhostw.exe]

[Throw dll injection][27/06/2025 16:35:16][WildStr][svchost.exe]

[Throw dll injection][27/06/2025 16:35:16][WildStr][MicrosoftEdgeUpdate.exe]

[Throw dll injection][27/06/2025 16:35:16][WildStr][svchost.exe]

[Throw dll injection][27/06/2025 16:35:16][WildStr][svchost.exe]

[Throw dll injection][27/06/2025 16:35:16][WildStr][explorer.exe]

[Throw dll injection][27/06/2025 16:35:16][WildStr][ctfmon.exe]

[Throw dll injection][27/06/2025 16:35:16][WildStr][svchost.exe]

[Throw dll injection][27/06/2025 16:35:16][WildStr][svchost.exe]

[Throw dll injection][27/06/2025 16:35:16][WildStr][StartMenuExperienceHost.exe]

[Throw dll injection][27/06/2025 16:35:16][WildStr][svchost.exe]

[Throw dll injection][27/06/2025 16:35:16][WildStr][RuntimeBroker.exe]

[Throw dll injection][27/06/2025 16:35:16][WildStr][explorer.exe]

[Throw dll injection][27/06/2025 16:35:16][WildStr][SearchApp.exe]

[Throw dll injection][27/06/2025 16:35:16][WildStr][svchost.exe]

[Throw dll injection][27/06/2025 16:35:16][WildStr][svchost.exe]

[Throw dll injection][27/06/2025 16:35:16][WildStr][StartMenuExperienceHost.exe]

[Throw dll injection][27/06/2025 16:35:16][WildStr][RuntimeBroker.exe]

[Throw dll injection][27/06/2025 16:35:16][WildStr][RuntimeBroker.exe]

[Throw dll injection][27/06/2025 16:35:16][WildStr][RuntimeBroker.exe]

[Throw dll injection][27/06/2025 16:35:16][WildStr][SearchApp.exe]

[Throw dll injection][27/06/2025 16:35:16][WildStr][svchost.exe]

[Throw dll injection][27/06/2025 16:35:16][WildStr][svchost.exe]

[Throw dll injection][27/06/2025 16:35:16][WildStr][SecurityHealthSystray.exe]

[Throw dll injection][27/06/2025 16:35:16][WildStr][RuntimeBroker.exe]

[Throw dll injection][27/06/2025 16:35:16][WildStr][SecurityHealthService.exe]

[Throw dll injection][27/06/2025 16:35:16][WildStr][RuntimeBroker.exe]

[Throw dll injection][27/06/2025 16:35:16][WildStr][VBoxTray.exe]

[Throw dll injection][27/06/2025 16:35:16][WildStr][svchost.exe]

[Throw dll injection][27/06/2025 16:35:16][WildStr][OneDrive.exe]

[Throw dll injection][27/06/2025 16:35:16][WildStr][SecurityHealthSystray.exe]

[Throw dll injection][27/06/2025 16:35:16][WildStr][cmd.exe]

[Throw dll injection][27/06/2025 16:35:16][WildStr][SecurityHealthService.exe]

[Throw dll injection][27/06/2025 16:35:16][WildStr][conhost.exe]

[Throw dll injection][27/06/2025 16:35:16][WildStr][VBoxTray.exe]

[Throw dll injection][27/06/2025 16:35:16][WildStr][svchost.exe]

[Throw dll injection][27/06/2025 16:35:16][WildStr][OneDrive.exe]

[Throw dll injection][27/06/2025 16:35:16][WildStr][svchost.exe]

[Throw dll injection][27/06/2025 16:35:16][WildStr][cmd.exe]

[Throw dll injection][27/06/2025 16:35:16][WildStr][svchost.exe]

[Throw dll injection][27/06/2025 16:35:16][WildStr][conhost.exe]

[Throw dll injection][27/06/2025 16:35:16][WildStr][svchost.exe]

[Throw dll injection][27/06/2025 16:35:16][WildStr][svchost.exe]

[Throw dll injection][27/06/2025 16:35:16][WildStr][svchost.exe]

[Throw dll injection][27/06/2025 16:35:16][WildStr][svchost.exe]

[Throw dll injection][27/06/2025 16:35:16][WildStr][svchost.exe]

[Throw dll injection][27/06/2025 16:35:16][WildStr][svchost.exe]

[Throw dll injection][27/06/2025 16:35:16][WildStr][powershell.exe]

[Throw dll injection][27/06/2025 16:35:16][WildStr][Code.exe]
]

[Throw dll injection][27/06/2025 16:35:16][WildStr][svchost.exe]

[Throw dll injection][27/06/2025 16:35:16][WildStr][Code.exe]

[Throw dll injection][27/06/2025 16:35:16][WildStr][svchost.exe]

[Throw dll injection][27/06/2025 16:35:16][WildStr][Code.exe]

[Throw dll injection][27/06/2025 16:35:16][WildStr][powershell.exe]

[Throw dll injection][27/06/2025 16:35:16][WildStr][Code.exe]

[Throw dll injection][27/06/2025 16:35:16][WildStr][Code.exe]

[Throw dll injection][27/06/2025 16:35:16][WildStr][Code.exe]

[Throw dll injection][27/06/2025 16:35:16][WildStr][Code.exe]

[Throw dll injection][27/06/2025 16:35:16][WildStr][Code.exe]

[Throw dll injection][27/06/2025 16:35:16][WildStr][Code.exe]

[Throw dll injection][27/06/2025 16:35:16][WildStr][Code.exe]

[Throw dll injection][27/06/2025 16:35:16][WildStr][Code.exe]

[Throw dll injection][27/06/2025 16:35:16][WildStr][Code.exe]

[Throw dll injection][27/06/2025 16:35:16][WildStr][Code.exe]

[Throw dll injection][27/06/2025 16:35:16][WildStr][Code.exe]

[Throw dll injection][27/06/2025 16:35:16][WildStr][Code.exe]

[Throw dll injection][27/06/2025 16:35:16][WildStr][conhost.exe]

[Throw dll injection][27/06/2025 16:35:16][WildStr][Code.exe]

[Throw dll injection][27/06/2025 16:35:16][WildStr][powershell.exe]

[Throw dll injection][27/06/2025 16:35:16][WildStr][Code.exe]

[Throw dll injection][27/06/2025 16:35:16][WildStr][conhost.exe]

[Throw dll injection][27/06/2025 16:35:16][WildStr][Code.exe]

[Throw dll injection][27/06/2025 16:35:16][WildStr][powershell.exe]

[Throw dll injection][27/06/2025 16:35:16][WildStr][conhost.exe]

[Throw dll injection][27/06/2025 16:35:16][WildStr][TextInputHost.exe]

[Throw dll injection][27/06/2025 16:35:16][WildStr][powershell.exe]

[Throw dll injection][27/06/2025 16:35:16][WildStr][Code.exe]

[Throw dll injection][27/06/2025 16:35:16][WildStr][conhost.exe]

[Throw dll injection][27/06/2025 16:35:16][WildStr][cpptools.exe]

[Throw dll injection][27/06/2025 16:35:16][WildStr][powershell.exe]

[Throw dll injection][27/06/2025 16:35:16][WildStr][conhost.exe]

[Throw dll injection][27/06/2025 16:35:16][WildStr][TextInputHost.exe]

[Throw dll injection][27/06/2025 16:35:16][WildStr][cpptools.exe]

[Throw dll injection][27/06/2025 16:35:16][WildStr][Code.exe]

[Throw dll injection][27/06/2025 16:35:16][WildStr][ApplicationFrameHost.exe]

[Throw dll injection][27/06/2025 16:35:16][WildStr][cpptools.exe]

[Throw dll injection][27/06/2025 16:35:16][WildStr][SystemSettings.exe]

[Throw dll injection][27/06/2025 16:35:16][WildStr][conhost.exe]

[Throw dll injection][27/06/2025 16:35:16][WildStr][UserOOBEBroker.exe]

[Throw dll injection][27/06/2025 16:35:16][WildStr][cpptools.exe]

[Throw dll injection][27/06/2025 16:35:16][WildStr][SearchApp.exe]

[Throw dll injection][27/06/2025 16:35:16][WildStr][ApplicationFrameHost.exe]

[Throw dll injection][27/06/2025 16:35:16][WildStr][msedgewebview2.exe]

[Throw dll injection][27/06/2025 16:35:16][WildStr][SystemSettings.exe]

[Throw dll injection][27/06/2025 16:35:16][WildStr][msedgewebview2.exe]

[Throw dll injection][27/06/2025 16:35:16][WildStr][UserOOBEBroker.exe]

[Throw dll injection][27/06/2025 16:35:16][WildStr][msedgewebview2.exe]

[Throw dll injection][27/06/2025 16:35:16][WildStr][SearchApp.exe]

[Throw dll injection][27/06/2025 16:35:16][WildStr][msedgewebview2.exe]

[Throw dll injection][27/06/2025 16:35:16][WildStr][msedgewebview2.exe]

[Throw dll injection][27/06/2025 16:35:16][WildStr][msedgewebview2.exe]

[Throw dll injection][27/06/2025 16:35:16][WildStr][msedgewebview2.exe]

[Throw dll injection][27/06/2025 16:35:16][WildStr][msedgewebview2.exe]

[Throw dll injection][27/06/2025 16:35:16][WildStr][msedgewebview2.exe]

[Throw dll injection][27/06/2025 16:35:16][WildStr][FileCoAuth.exe]

[Throw dll injection][27/06/2025 16:35:16][WildStr][msedgewebview2.exe]

[Throw dll injection][27/06/2025 16:35:16][WildStr][svchost.exe]

[Throw dll injection][27/06/2025 16:35:16][WildStr][msedgewebview2.exe]

[Throw dll injection][27/06/2025 16:35:16][WildStr][msedge.exe]

[Throw dll injection][27/06/2025 16:35:16][WildStr][msedgewebview2.exe]

[Throw dll injection][27/06/2025 16:35:16][WildStr][msedge.exe]

[Throw dll injection][27/06/2025 16:35:16][WildStr][FileCoAuth.exe]

[Throw dll injection][27/06/2025 16:35:16][WildStr][svchost.exe]

[Throw dll injection][27/06/2025 16:35:16][WildStr][msedge.exe]

[Throw dll injection][27/06/2025 16:35:16][WildStr][msedge.exe]

[Throw dll injection][27/06/2025 16:35:16][WildStr][msedge.exe]

[Throw dll injection][27/06/2025 16:35:16][WildStr][msedge.exe]

[Throw dll injection][27/06/2025 16:35:16][WildStr][msedge.exe]

[Throw dll injection][27/06/2025 16:35:16][WildStr][msedge.exe]

[Throw dll injection][27/06/2025 16:35:16][WildStr][svchost.exe]

[Throw dll injection][27/06/2025 16:35:16][WildStr][msedge.exe]

[Throw dll injection][27/06/2025 16:35:16][WildStr][svchost.exe]

[Throw dll injection][27/06/2025 16:35:16][WildStr][msedge.exe]

[Throw dll injection][27/06/2025 16:35:16][WildStr][svchost.exe]

[Throw dll injection][27/06/2025 16:35:16][WildStr][svchost.exe]

[Throw dll injection][27/06/2025 16:35:16][WildStr][dllhost.exe]

[Throw dll injection][27/06/2025 16:35:16][WildStr][svchost.exe]

[Throw dll injection][27/06/2025 16:35:16][WildStr][ShellExperienceHost.exe]

[Throw dll injection][27/06/2025 16:35:16][WildStr][svchost.exe]

[Throw dll injection][27/06/2025 16:35:16][WildStr][RuntimeBroker.exe]

[Throw dll injection][27/06/2025 16:35:16][WildStr][dllhost.exe]

[Throw dll injection][27/06/2025 16:35:16][WildStr][vctip.exe]

[Throw dll injection][27/06/2025 16:35:16][WildStr][ShellExperienceHost.exe]

[Throw dll injection][27/06/2025 16:35:16][WildStr][cpptools-srv.exe]

[Throw dll injection][27/06/2025 16:35:16][WildStr][RuntimeBroker.exe]

[Throw dll injection][27/06/2025 16:35:16][WildStr][conhost.exe]

[Throw dll injection][27/06/2025 16:35:16][WildStr][vctip.exe]

[Throw dll injection][27/06/2025 16:35:16][WildStr][cpptools-srv.exe]

[Throw dll injection][27/06/2025 16:35:16][WildStr][cpptools-srv.exe]

[Throw dll injection][27/06/2025 16:35:16][WildStr][conhost.exe]

[Throw dll injection][27/06/2025 16:35:16][WildStr][conhost.exe]

[Throw dll injection][27/06/2025 16:35:16][WildStr][svchost.exe]

[Throw dll injection][27/06/2025 16:35:16][WildStr][cpptools-srv.exe]

[Throw dll injection][27/06/2025 16:35:16][WildStr][Taskmgr.exe]

[Throw dll injection][27/06/2025 16:35:16][WildStr][conhost.exe]

[Throw dll injection][27/06/2025 16:35:16][Str][SystemTimeOfDayInformation]

[Throw dll injection][27/06/2025 16:35:16][WildStr][svchost.exe]

[Throw dll injection][27/06/2025 16:35:16][WildStr][Taskmgr.exe]

[Throw dll injection][27/06/2025 16:35:17][Str][OrigNtQuerySystemInformation failed: 0xC0000023
]

[Throw dll injection][27/06/2025 16:35:17][Str][Noinfo]

[Throw dll injection][27/06/2025 16:35:17][Str][Noinfo]

[Throw dll injection][27/06/2025 16:35:17][Str][Noinfo]

[Throw dll injection][27/06/2025 16:35:17][Str][SystemProcessInformation]

[Throw dll injection][27/06/2025 16:35:17][Str][SystemProcessInformation]

[Throw dll injection][27/06/2025 16:35:17][WildStr][System]

[Throw dll injection][27/06/2025 16:35:17][WildStr][System]

[Throw dll injection][27/06/2025 16:35:17][WildStr][Registry]

[Throw dll injection][27/06/2025 16:35:17][WildStr][Registry]

[Throw dll injection][27/06/2025 16:35:17][WildStr][smss.exe]

[Throw dll injection][27/06/2025 16:35:17][WildStr][csrss.exe]

[Throw dll injection][27/06/2025 16:35:17][WildStr][csrss.exe]

[Throw dll injection][27/06/2025 16:35:17][WildStr][wininit.exe]

[Throw dll injection][27/06/2025 16:35:17][WildStr][wininit.exe]

[Throw dll injection][27/06/2025 16:35:17][WildStr][winlogon.exe]

[Throw dll injection][27/06/2025 16:35:17][WildStr][csrss.exe]

[Throw dll injection][27/06/2025 16:35:17][WildStr][services.exe]

[Throw dll injection][27/06/2025 16:35:17][WildStr][winlogon.exe]

[Throw dll injection][27/06/2025 16:35:17][WildStr][lsass.exe]

[Throw dll injection][27/06/2025 16:35:17][WildStr][services.exe]

[Throw dll injection][27/06/2025 16:35:17][WildStr][lsass.exe]

[Throw dll injection][27/06/2025 16:35:17][WildStr][svchost.exe]

[Throw dll injection][27/06/2025 16:35:17][WildStr][svchost.exe]

[Throw dll injection][27/06/2025 16:35:17][WildStr][fontdrvhost.exe]

[Throw dll injection][27/06/2025 16:35:17][WildStr][fontdrvhost.exe]

[Throw dll injection][27/06/2025 16:35:17][WildStr][fontdrvhost.exe]

[Throw dll injection][27/06/2025 16:35:17][WildStr][svchost.exe]

[Throw dll injection][27/06/2025 16:35:17][WildStr][svchost.exe]

[Throw dll injection][27/06/2025 16:35:17][WildStr][svchost.exe]

[Throw dll injection][27/06/2025 16:35:17][WildStr][dwm.exe]

[Throw dll injection][27/06/2025 16:35:17][WildStr][dwm.exe]

[Throw dll injection][27/06/2025 16:35:17][WildStr][svchost.exe]

[Throw dll injection][27/06/2025 16:35:17][WildStr][svchost.exe]

[Throw dll injection][27/06/2025 16:35:17][WildStr][svchost.exe]

[Throw dll injection][27/06/2025 16:35:17][WildStr][svchost.exe]

[Throw dll injection][27/06/2025 16:35:17][WildStr][svchost.exe]

[Throw dll injection][27/06/2025 16:35:17][WildStr][svchost.exe]

[Throw dll injection][27/06/2025 16:35:17][WildStr][svchost.exe]

[Throw dll injection][27/06/2025 16:35:17][WildStr][svchost.exe]

[Throw dll injection][27/06/2025 16:35:17][WildStr][svchost.exe]

[Throw dll injection][27/06/2025 16:35:17][WildStr][svchost.exe]

[Throw dll injection][27/06/2025 16:35:17][WildStr][svchost.exe]

[Throw dll injection][27/06/2025 16:35:17][WildStr][svchost.exe]

[Throw dll injection][27/06/2025 16:35:17][WildStr][svchost.exe]

[Throw dll injection][27/06/2025 16:35:17][WildStr][svchost.exe]

[Throw dll injection][27/06/2025 16:35:17][WildStr][svchost.exe]

[Throw dll injection][27/06/2025 16:35:17][WildStr][svchost.exe]

[Throw dll injection][27/06/2025 16:35:17][WildStr][svchost.exe]

[Throw dll injection][27/06/2025 16:35:17][WildStr][svchost.exe]

[Throw dll injection][27/06/2025 16:35:17][WildStr][svchost.exe]

[Throw dll injection][27/06/2025 16:35:17][WildStr][svchost.exe]

[Throw dll injection][27/06/2025 16:35:17][WildStr][svchost.exe]

[Throw dll injection][27/06/2025 16:35:17][WildStr][svchost.exe]

[Throw dll injection][27/06/2025 16:35:17][WildStr][svchost.exe]

[Throw dll injection][27/06/2025 16:35:17][WildStr][svchost.exe]

[Throw dll injection][27/06/2025 16:35:17][WildStr][svchost.exe]

[Throw dll injection][27/06/2025 16:35:17][WildStr][svchost.exe]

[Throw dll injection][27/06/2025 16:35:17][WildStr][VBoxService.exe]

[Throw dll injection][27/06/2025 16:35:17][WildStr][VBoxService.exe]

[Throw dll injection][27/06/2025 16:35:17][WildStr][svchost.exe]

[Throw dll injection][27/06/2025 16:35:17][WildStr][svchost.exe]

[Throw dll injection][27/06/2025 16:35:17][WildStr][svchost.exe]

[Throw dll injection][27/06/2025 16:35:17][WildStr][svchost.exe]

[Throw dll injection][27/06/2025 16:35:17][WildStr][svchost.exe]

[Throw dll injection][27/06/2025 16:35:17][WildStr][svchost.exe]

[Throw dll injection][27/06/2025 16:35:17][WildStr][svchost.exe]

[Throw dll injection][27/06/2025 16:35:17][WildStr][svchost.exe]

[Throw dll injection][27/06/2025 16:35:17][WildStr][svchost.exe]

[Throw dll injection][27/06/2025 16:35:17][WildStr][svchost.exe]

[Throw dll injection][27/06/2025 16:35:17][WildStr][svchost.exe]

[Throw dll injection][27/06/2025 16:35:17][WildStr][svchost.exe]

[Throw dll injection][27/06/2025 16:35:17][WildStr][Memory Compression]

[Throw dll injection][27/06/2025 16:35:17][WildStr][Memory Compression]

[Throw dll injection][27/06/2025 16:35:17][WildStr][svchost.exe]

[Throw dll injection][27/06/2025 16:35:17][WildStr][svchost.exe]

[Throw dll injection][27/06/2025 16:35:17][WildStr][svchost.exe]

[Throw dll injection][27/06/2025 16:35:17][WildStr][svchost.exe]

[Throw dll injection][27/06/2025 16:35:17][WildStr][svchost.exe]

[Throw dll injection][27/06/2025 16:35:17][WildStr][svchost.exe]

[Throw dll injection][27/06/2025 16:35:17][WildStr][svchost.exe]

[Throw dll injection][27/06/2025 16:35:17][WildStr][svchost.exe]

[Throw dll injection][27/06/2025 16:35:17][WildStr][svchost.exe]

[Throw dll injection][27/06/2025 16:35:17][WildStr][svchost.exe]

[Throw dll injection][27/06/2025 16:35:17][WildStr][svchost.exe]

[Throw dll injection][27/06/2025 16:35:17][WildStr][svchost.exe]

[Throw dll injection][27/06/2025 16:35:17][WildStr][svchost.exe]

[Throw dll injection][27/06/2025 16:35:17][WildStr][svchost.exe]

[Throw dll injection][27/06/2025 16:35:17][WildStr][svchost.exe]

[Throw dll injection][27/06/2025 16:35:17][WildStr][svchost.exe]

[Throw dll injection][27/06/2025 16:35:17][WildStr][spoolsv.exe]

[Throw dll injection][27/06/2025 16:35:17][WildStr][spoolsv.exe]

[Throw dll injection][27/06/2025 16:35:17][WildStr][svchost.exe]

[Throw dll injection][27/06/2025 16:35:17][WildStr][svchost.exe]

[Throw dll injection][27/06/2025 16:35:17][WildStr][svchost.exe]

[Throw dll injection][27/06/2025 16:35:17][WildStr][svchost.exe]

[Throw dll injection][27/06/2025 16:35:17][WildStr][svchost.exe]

[Throw dll injection][27/06/2025 16:35:17][WildStr][svchost.exe]

[Throw dll injection][27/06/2025 16:35:17][WildStr][svchost.exe]

[Throw dll injection][27/06/2025 16:35:17][WildStr][svchost.exe]

[Throw dll injection][27/06/2025 16:35:17][WildStr][ssh-agent.exe]

[Throw dll injection][27/06/2025 16:35:17][WildStr][ssh-agent.exe]

[Throw dll injection][27/06/2025 16:35:17][WildStr][sshd.exe]

[Throw dll injection][27/06/2025 16:35:17][WildStr][sshd.exe]

[Throw dll injection][27/06/2025 16:35:17][WildStr][svchost.exe]

[Throw dll injection][27/06/2025 16:35:17][WildStr][svchost.exe]

[Throw dll injection][27/06/2025 16:35:17][WildStr][svchost.exe]

[Throw dll injection][27/06/2025 16:35:17][WildStr][svchost.exe]

[Throw dll injection][27/06/2025 16:35:17][WildStr][svchost.exe]

[Throw dll injection][27/06/2025 16:35:17][WildStr][svchost.exe]

[Throw dll injection][27/06/2025 16:35:17][WildStr][svchost.exe]

[Throw dll injection][27/06/2025 16:35:17][WildStr][svchost.exe]

[Throw dll injection][27/06/2025 16:35:17][WildStr][svchost.exe]

[Throw dll injection][27/06/2025 16:35:17][WildStr][svchost.exe]

[Throw dll injection][27/06/2025 16:35:17][WildStr][svchost.exe]

[Throw dll injection][27/06/2025 16:35:17][WildStr][svchost.exe]

[Throw dll injection][27/06/2025 16:35:17][WildStr][svchost.exe]

[Throw dll injection][27/06/2025 16:35:17][WildStr][svchost.exe]

[Throw dll injection][27/06/2025 16:35:17][WildStr][svchost.exe]

[Throw dll injection][27/06/2025 16:35:17][WildStr][svchost.exe]

[Throw dll injection][27/06/2025 16:35:17][WildStr][svchost.exe]

[Throw dll injection][27/06/2025 16:35:17][WildStr][svchost.exe]

[Throw dll injection][27/06/2025 16:35:17][WildStr][MpDefenderCoreService.exe]

[Throw dll injection][27/06/2025 16:35:17][WildStr][MpDefenderCoreService.exe]

[Throw dll injection][27/06/2025 16:35:17][WildStr][MsMpEng.exe]

[Throw dll injection][27/06/2025 16:35:17][WildStr][MsMpEng.exe]

[Throw dll injection][27/06/2025 16:35:17][WildStr][SearchIndexer.exe]

[Throw dll injection][27/06/2025 16:35:17][WildStr][SearchIndexer.exe]

[Throw dll injection][27/06/2025 16:35:17][WildStr][AggregatorHost.exe]

[Throw dll injection][27/06/2025 16:35:17][WildStr][AggregatorHost.exe]

[Throw dll injection][27/06/2025 16:35:17][WildStr][dllhost.exe]

[Throw dll injection][27/06/2025 16:35:17][WildStr][dllhost.exe]

[Throw dll injection][27/06/2025 16:35:17][WildStr][svchost.exe]

[Throw dll injection][27/06/2025 16:35:17][WildStr][svchost.exe]

[Throw dll injection][27/06/2025 16:35:17][WildStr][NisSrv.exe]

[Throw dll injection][27/06/2025 16:35:17][WildStr][NisSrv.exe]

[Throw dll injection][27/06/2025 16:35:17][WildStr][sihost.exe]

[Throw dll injection][27/06/2025 16:35:17][WildStr][sihost.exe]

[Throw dll injection][27/06/2025 16:35:17][WildStr][svchost.exe]

[Throw dll injection][27/06/2025 16:35:17][WildStr][svchost.exe]

[Throw dll injection][27/06/2025 16:35:17][WildStr][svchost.exe]

[Throw dll injection][27/06/2025 16:35:17][WildStr][svchost.exe]

[Throw dll injection][27/06/2025 16:35:17][WildStr][taskhostw.exe]

[Throw dll injection][27/06/2025 16:35:17][WildStr][taskhostw.exe]

[Throw dll injection][27/06/2025 16:35:17][WildStr][MicrosoftEdgeUpdate.exe]

[Throw dll injection][27/06/2025 16:35:17][WildStr][MicrosoftEdgeUpdate.exe]

[Throw dll injection][27/06/2025 16:35:17][WildStr][svchost.exe]

[Throw dll injection][27/06/2025 16:35:17][WildStr][svchost.exe]

[Throw dll injection][27/06/2025 16:35:17][WildStr][ctfmon.exe]

[Throw dll injection][27/06/2025 16:35:17][WildStr][ctfmon.exe]

[Throw dll injection][27/06/2025 16:35:17][WildStr][svchost.exe]

[Throw dll injection][27/06/2025 16:35:17][WildStr][svchost.exe]

[Throw dll injection][27/06/2025 16:35:17][WildStr][svchost.exe]

[Throw dll injection][27/06/2025 16:35:17][WildStr][svchost.exe]

[Throw dll injection][27/06/2025 16:35:17][WildStr][explorer.exe]

[Throw dll injection][27/06/2025 16:35:17][WildStr][explorer.exe]

[Throw dll injection][27/06/2025 16:35:17][WildStr][svchost.exe]

[Throw dll injection][27/06/2025 16:35:17][WildStr][svchost.exe]

[Throw dll injection][27/06/2025 16:35:17][WildStr][StartMenuExperienceHost.exe]

[Throw dll injection][27/06/2025 16:35:17][WildStr][StartMenuExperienceHost.exe]

[Throw dll injection][27/06/2025 16:35:17][WildStr][RuntimeBroker.exe]

[Throw dll injection][27/06/2025 16:35:17][WildStr][RuntimeBroker.exe]

[Throw dll injection][27/06/2025 16:35:17][WildStr][SearchApp.exe]

[Throw dll injection][27/06/2025 16:35:17][WildStr][SearchApp.exe]

[Throw dll injection][27/06/2025 16:35:17][WildStr][svchost.exe]

[Throw dll injection][27/06/2025 16:35:17][WildStr][RuntimeBroker.exe]

[Throw dll injection][27/06/2025 16:35:17][WildStr][RuntimeBroker.exe]

[Throw dll injection][27/06/2025 16:35:17][WildStr][RuntimeBroker.exe]

[Throw dll injection][27/06/2025 16:35:17][WildStr][RuntimeBroker.exe]

[Throw dll injection][27/06/2025 16:35:17][WildStr][svchost.exe]

[Throw dll injection][27/06/2025 16:35:17][WildStr][svchost.exe]

[Throw dll injection][27/06/2025 16:35:17][WildStr][SecurityHealthSystray.exe]

[Throw dll injection][27/06/2025 16:35:17][WildStr][SecurityHealthSystray.exe]

[Throw dll injection][27/06/2025 16:35:17][WildStr][SecurityHealthService.exe]

[Throw dll injection][27/06/2025 16:35:17][WildStr][SecurityHealthService.exe]

[Throw dll injection][27/06/2025 16:35:17][WildStr][VBoxTray.exe]

[Throw dll injection][27/06/2025 16:35:17][WildStr][VBoxTray.exe]

[Throw dll injection][27/06/2025 16:35:17][WildStr][OneDrive.exe]

[Throw dll injection][27/06/2025 16:35:17][WildStr][OneDrive.exe]

[Throw dll injection][27/06/2025 16:35:17][WildStr][cmd.exe]

[Throw dll injection][27/06/2025 16:35:17][WildStr][conhost.exe]

[Throw dll injection][27/06/2025 16:35:17][WildStr][conhost.exe]

[Throw dll injection][27/06/2025 16:35:17][WildStr][svchost.exe]

[Throw dll injection][27/06/2025 16:35:17][WildStr][svchost.exe]

[Throw dll injection][27/06/2025 16:35:17][WildStr][svchost.exe]

[Throw dll injection][27/06/2025 16:35:17][WildStr][svchost.exe]

[Throw dll injection][27/06/2025 16:35:17][WildStr][svchost.exe]

[Throw dll injection][27/06/2025 16:35:17][WildStr][svchost.exe]

[Throw dll injection][27/06/2025 16:35:17][WildStr][svchost.exe]

[Throw dll injection][27/06/2025 16:35:17][WildStr][svchost.exe]

[Throw dll injection][27/06/2025 16:35:17][WildStr][svchost.exe]

[Throw dll injection][27/06/2025 16:35:17][WildStr][svchost.exe]

[Throw dll injection][27/06/2025 16:35:17][WildStr][svchost.exe]

[Throw dll injection][27/06/2025 16:35:17][WildStr][svchost.exe]

[Throw dll injection][27/06/2025 16:35:17][WildStr][powershell.exe]

[Throw dll injection][27/06/2025 16:35:17][WildStr][powershell.exe]

[Throw dll injection][27/06/2025 16:35:17][WildStr][Code.exe]

[Throw dll injection][27/06/2025 16:35:17][WildStr][Code.exe]

[Throw dll injection][27/06/2025 16:35:17][WildStr][Code.exe]

[Throw dll injection][27/06/2025 16:35:17][WildStr][Code.exe]

[Throw dll injection][27/06/2025 16:35:17][WildStr][Code.exe]

[Throw dll injection][27/06/2025 16:35:17][WildStr][Code.exe]

[Throw dll injection][27/06/2025 16:35:17][WildStr][Code.exe]

[Throw dll injection][27/06/2025 16:35:17][WildStr][Code.exe]

[Throw dll injection][27/06/2025 16:35:17][WildStr][Code.exe]

[Throw dll injection][27/06/2025 16:35:17][WildStr][Code.exe]

[Throw dll injection][27/06/2025 16:35:17][WildStr][Code.exe]

[Throw dll injection][27/06/2025 16:35:17][WildStr][Code.exe]

[Throw dll injection][27/06/2025 16:35:17][WildStr][Code.exe]

[Throw dll injection][27/06/2025 16:35:17][WildStr][Code.exe]

[Throw dll injection][27/06/2025 16:35:17][WildStr][Code.exe]

[Throw dll injection][27/06/2025 16:35:17][WildStr][Code.exe]

[Throw dll injection][27/06/2025 16:35:17][WildStr][Code.exe]

[Throw dll injection][27/06/2025 16:35:17][WildStr][Code.exe]

[Throw dll injection][27/06/2025 16:35:17][WildStr][conhost.exe]

[Throw dll injection][27/06/2025 16:35:17][WildStr][powershell.exe]

[Throw dll injection][27/06/2025 16:35:17][WildStr][conhost.exe]

[Throw dll injection][27/06/2025 16:35:17][WildStr][conhost.exe]

[Throw dll injection][27/06/2025 16:35:17][WildStr][powershell.exe]

[Throw dll injection][27/06/2025 16:35:17][WildStr][powershell.exe]

[Throw dll injection][27/06/2025 16:35:17][WildStr][TextInputHost.exe]

[Throw dll injection][27/06/2025 16:35:17][WildStr][conhost.exe]

[Throw dll injection][27/06/2025 16:35:17][WildStr][Code.exe]

[Throw dll injection][27/06/2025 16:35:17][WildStr][cpptools.exe]

[Throw dll injection][27/06/2025 16:35:17][WildStr][powershell.exe]

[Throw dll injection][27/06/2025 16:35:17][WildStr][conhost.exe]

[Throw dll injection][27/06/2025 16:35:17][WildStr][cpptools.exe]
xe]

[Throw dll injection][27/06/2025 16:35:17][WildStr][ApplicationFrameHost.exe]

[Throw dll injection][27/06/2025 16:35:17][WildStr][Code.exe]

[Throw dll injection][27/06/2025 16:35:17][WildStr][SystemSettings.exe]

[Throw dll injection][27/06/2025 16:35:17][WildStr][UserOOBEBroker.exe]

[Throw dll injection][27/06/2025 16:35:17][WildStr][cpptools.exe]

[Throw dll injection][27/06/2025 16:35:17][WildStr][SearchApp.exe]

[Throw dll injection][27/06/2025 16:35:17][WildStr][msedgewebview2.exe]

[Throw dll injection][27/06/2025 16:35:17][WildStr][conhost.exe]

[Throw dll injection][27/06/2025 16:35:17][WildStr][msedgewebview2.exe]

[Throw dll injection][27/06/2025 16:35:17][WildStr][msedgewebview2.exe]

[Throw dll injection][27/06/2025 16:35:17][WildStr][cpptools.exe]

[Throw dll injection][27/06/2025 16:35:17][WildStr][msedgewebview2.exe]

[Throw dll injection][27/06/2025 16:35:17][WildStr][msedgewebview2.exe]
exe]

[Throw dll injection][27/06/2025 16:35:17][WildStr][msedgewebview2.exe]

[Throw dll injection][27/06/2025 16:35:17][WildStr][FileCoAuth.exe]
e]

[Throw dll injection][27/06/2025 16:35:17][WildStr][svchost.exe]

[Throw dll injection][27/06/2025 16:35:17][WildStr][msedge.exe]

[Throw dll injection][27/06/2025 16:35:17][WildStr][UserOOBEBroker.exe]

[Throw dll injection][27/06/2025 16:35:17][WildStr][msedge.exe]

[Throw dll injection][27/06/2025 16:35:17][WildStr][msedge.exe]
]

[Throw dll injection][27/06/2025 16:35:17][WildStr][msedgewebview2.exe]

[Throw dll injection][27/06/2025 16:35:17][WildStr][msedge.exe]

[Throw dll injection][27/06/2025 16:35:17][WildStr][msedge.exe]
2.exe]

[Throw dll injection][27/06/2025 16:35:17][WildStr][msedgewebview2.exe]

[Throw dll injection][27/06/2025 16:35:17][WildStr][svchost.exe]

[Throw dll injection][27/06/2025 16:35:17][WildStr][msedgewebview2.exe]

[Throw dll injection][27/06/2025 16:35:17][WildStr][svchost.exe]

[Throw dll injection][27/06/2025 16:35:17][WildStr][svchost.exe]
.exe]

[Throw dll injection][27/06/2025 16:35:17][WildStr][msedgewebview2.exe]

[Throw dll injection][27/06/2025 16:35:17][WildStr][dllhost.exe]

[Throw dll injection][27/06/2025 16:35:17][WildStr][FileCoAuth.exe]

[Throw dll injection][27/06/2025 16:35:17][WildStr][ShellExperienceHost.exe]

[Throw dll injection][27/06/2025 16:35:17][WildStr][svchost.exe]

[Throw dll injection][27/06/2025 16:35:17][WildStr][RuntimeBroker.exe]

[Throw dll injection][27/06/2025 16:35:17][WildStr][msedge.exe]

[Throw dll injection][27/06/2025 16:35:17][WildStr][vctip.exe]

[Throw dll injection][27/06/2025 16:35:17][WildStr][msedge.exe]

[Throw dll injection][27/06/2025 16:35:17][WildStr][cpptools-srv.exe]

[Throw dll injection][27/06/2025 16:35:17][WildStr][msedge.exe]

[Throw dll injection][27/06/2025 16:35:17][WildStr][conhost.exe]

[Throw dll injection][27/06/2025 16:35:17][WildStr][msedge.exe]

[Throw dll injection][27/06/2025 16:35:17][WildStr][cpptools-srv.exe]

[Throw dll injection][27/06/2025 16:35:17][WildStr][msedge.exe]

[Throw dll injection][27/06/2025 16:35:17][WildStr][conhost.exe]

[Throw dll injection][27/06/2025 16:35:17][WildStr][svchost.exe]

[Throw dll injection][27/06/2025 16:35:17][WildStr][svchost.exe]

[Throw dll injection][27/06/2025 16:35:17][WildStr][svchost.exe]

[Throw dll injection][27/06/2025 16:35:17][WildStr][Taskmgr.exe]

[Throw dll injection][27/06/2025 16:35:17][WildStr][svchost.exe]

[Throw dll injection][27/06/2025 16:35:17][WildStr][dllhost.exe]

[Throw dll injection][27/06/2025 16:35:17][WildStr][ShellExperienceHost.exe]

[Throw dll injection][27/06/2025 16:35:17][WildStr][RuntimeBroker.exe]

[Throw dll injection][27/06/2025 16:35:17][WildStr][vctip.exe]

[Throw dll injection][27/06/2025 16:35:17][WildStr][cpptools-srv.exe]

[Throw dll injection][27/06/2025 16:35:17][WildStr][conhost.exe]

[Throw dll injection][27/06/2025 16:35:17][WildStr][cpptools-srv.exe]

[Throw dll injection][27/06/2025 16:35:17][WildStr][conhost.exe]

[Throw dll injection][27/06/2025 16:35:17][WildStr][svchost.exe]

[Throw dll injection][27/06/2025 16:35:17][WildStr][Taskmgr.exe]

[Throw dll injection][27/06/2025 16:35:17][Str][SystemTimeOfDayInformation]

[Throw dll injection][27/06/2025 16:35:18][Str][OrigNtQuerySystemInformation failed: 0xC0000023
]

[Throw dll injection][27/06/2025 16:35:18][Str][Noinfo]

[Throw dll injection][27/06/2025 16:35:18][Str][Noinfo]

[Throw dll injection][27/06/2025 16:35:18][Str][Noinfo]

[Throw dll injection][27/06/2025 16:35:18][Str][SystemProcessInformation]

[Throw dll injection][27/06/2025 16:35:18][WildStr][System]

[Throw dll injection][27/06/2025 16:35:18][WildStr][System]

[Throw dll injection][27/06/2025 16:35:18][WildStr][Registry]

[Throw dll injection][27/06/2025 16:35:18][WildStr][smss.exe]

[Throw dll injection][27/06/2025 16:35:18][WildStr][smss.exe]

[Throw dll injection][27/06/2025 16:35:18][WildStr][csrss.exe]

[Throw dll injection][27/06/2025 16:35:18][WildStr][csrss.exe]

[Throw dll injection][27/06/2025 16:35:18][WildStr][wininit.exe]

[Throw dll injection][27/06/2025 16:35:18][WildStr][wininit.exe]

[Throw dll injection][27/06/2025 16:35:18][WildStr][csrss.exe]

[Throw dll injection][27/06/2025 16:35:18][WildStr][csrss.exe]

[Throw dll injection][27/06/2025 16:35:18][WildStr][winlogon.exe]

[Throw dll injection][27/06/2025 16:35:18][WildStr][winlogon.exe]

[Throw dll injection][27/06/2025 16:35:18][WildStr][services.exe]

[Throw dll injection][27/06/2025 16:35:18][WildStr][services.exe]

[Throw dll injection][27/06/2025 16:35:18][WildStr][lsass.exe]

[Throw dll injection][27/06/2025 16:35:18][WildStr][lsass.exe]

[Throw dll injection][27/06/2025 16:35:18][WildStr][svchost.exe]

[Throw dll injection][27/06/2025 16:35:18][WildStr][svchost.exe]

[Throw dll injection][27/06/2025 16:35:18][WildStr][fontdrvhost.exe]

[Throw dll injection][27/06/2025 16:35:18][WildStr][fontdrvhost.exe]

[Throw dll injection][27/06/2025 16:35:18][WildStr][fontdrvhost.exe]

[Throw dll injection][27/06/2025 16:35:18][WildStr][fontdrvhost.exe]

[Throw dll injection][27/06/2025 16:35:18][WildStr][svchost.exe]

[Throw dll injection][27/06/2025 16:35:18][WildStr][svchost.exe]

[Throw dll injection][27/06/2025 16:35:18][WildStr][svchost.exe]

[Throw dll injection][27/06/2025 16:35:18][WildStr][svchost.exe]

[Throw dll injection][27/06/2025 16:35:18][WildStr][dwm.exe]

[Throw dll injection][27/06/2025 16:35:18][WildStr][dwm.exe]

[Throw dll injection][27/06/2025 16:35:18][WildStr][svchost.exe]

[Throw dll injection][27/06/2025 16:35:18][WildStr][svchost.exe]

[Throw dll injection][27/06/2025 16:35:18][WildStr][svchost.exe]

[Throw dll injection][27/06/2025 16:35:18][WildStr][svchost.exe]

[Throw dll injection][27/06/2025 16:35:18][WildStr][svchost.exe]

[Throw dll injection][27/06/2025 16:35:18][WildStr][svchost.exe]

[Throw dll injection][27/06/2025 16:35:18][WildStr][svchost.exe]

[Throw dll injection][27/06/2025 16:35:18][WildStr][svchost.exe]

[Throw dll injection][27/06/2025 16:35:18][WildStr][svchost.exe]

[Throw dll injection][27/06/2025 16:35:18][WildStr][svchost.exe]

[Throw dll injection][27/06/2025 16:35:18][WildStr][svchost.exe]

[Throw dll injection][27/06/2025 16:35:18][WildStr][svchost.exe]

[Throw dll injection][27/06/2025 16:35:18][WildStr][svchost.exe]

[Throw dll injection][27/06/2025 16:35:18][WildStr][svchost.exe]

[Throw dll injection][27/06/2025 16:35:18][WildStr][svchost.exe]

[Throw dll injection][27/06/2025 16:35:18][WildStr][svchost.exe]

[Throw dll injection][27/06/2025 16:35:18][WildStr][svchost.exe]

[Throw dll injection][27/06/2025 16:35:18][WildStr][svchost.exe]

[Throw dll injection][27/06/2025 16:35:18][WildStr][svchost.exe]

[Throw dll injection][27/06/2025 16:35:18][WildStr][svchost.exe]

[Throw dll injection][27/06/2025 16:35:18][WildStr][svchost.exe]

[Throw dll injection][27/06/2025 16:35:18][WildStr][svchost.exe]

[Throw dll injection][27/06/2025 16:35:18][WildStr][svchost.exe]

[Throw dll injection][27/06/2025 16:35:18][WildStr][svchost.exe]

[Throw dll injection][27/06/2025 16:35:18][WildStr][svchost.exe]

[Throw dll injection][27/06/2025 16:35:18][WildStr][VBoxService.exe]

[Throw dll injection][27/06/2025 16:35:18][WildStr][svchost.exe]

[Throw dll injection][27/06/2025 16:35:18][WildStr][svchost.exe]

[Throw dll injection][27/06/2025 16:35:18][WildStr][VBoxService.exe]

[Throw dll injection][27/06/2025 16:35:18][WildStr][svchost.exe]

[Throw dll injection][27/06/2025 16:35:18][WildStr][svchost.exe]

[Throw dll injection][27/06/2025 16:35:18][WildStr][svchost.exe]

[Throw dll injection][27/06/2025 16:35:18][WildStr][svchost.exe]

[Throw dll injection][27/06/2025 16:35:18][WildStr][svchost.exe]

[Throw dll injection][27/06/2025 16:35:18][WildStr][svchost.exe]

[Throw dll injection][27/06/2025 16:35:18][WildStr][svchost.exe]

[Throw dll injection][27/06/2025 16:35:18][WildStr][svchost.exe]

[Throw dll injection][27/06/2025 16:35:18][WildStr][svchost.exe]

[Throw dll injection][27/06/2025 16:35:18][WildStr][svchost.exe]

[Throw dll injection][27/06/2025 16:35:18][WildStr][Memory Compression]

[Throw dll injection][27/06/2025 16:35:18][WildStr][svchost.exe]

[Throw dll injection][27/06/2025 16:35:18][WildStr][svchost.exe]

[Throw dll injection][27/06/2025 16:35:18][WildStr][Memory Compression]

[Throw dll injection][27/06/2025 16:35:18][WildStr][svchost.exe]

[Throw dll injection][27/06/2025 16:35:18][WildStr][svchost.exe]

[Throw dll injection][27/06/2025 16:35:18][WildStr][svchost.exe]

[Throw dll injection][27/06/2025 16:35:18][WildStr][svchost.exe]

[Throw dll injection][27/06/2025 16:35:18][WildStr][svchost.exe]

[Throw dll injection][27/06/2025 16:35:18][WildStr][svchost.exe]

[Throw dll injection][27/06/2025 16:35:18][WildStr][svchost.exe]

[Throw dll injection][27/06/2025 16:35:18][WildStr][svchost.exe]

[Throw dll injection][27/06/2025 16:35:18][WildStr][svchost.exe]

[Throw dll injection][27/06/2025 16:35:18][WildStr][svchost.exe]

[Throw dll injection][27/06/2025 16:35:18][WildStr][svchost.exe]

[Throw dll injection][27/06/2025 16:35:18][WildStr][svchost.exe]

[Throw dll injection][27/06/2025 16:35:18][WildStr][svchost.exe]

[Throw dll injection][27/06/2025 16:35:18][WildStr][svchost.exe]

[Throw dll injection][27/06/2025 16:35:18][WildStr][svchost.exe]

[Throw dll injection][27/06/2025 16:35:18][WildStr][spoolsv.exe]

[Throw dll injection][27/06/2025 16:35:18][WildStr][spoolsv.exe]

[Throw dll injection][27/06/2025 16:35:18][WildStr][svchost.exe]

[Throw dll injection][27/06/2025 16:35:18][WildStr][svchost.exe]

[Throw dll injection][27/06/2025 16:35:18][WildStr][svchost.exe]

[Throw dll injection][27/06/2025 16:35:18][WildStr][svchost.exe]

[Throw dll injection][27/06/2025 16:35:18][WildStr][svchost.exe]

[Throw dll injection][27/06/2025 16:35:18][WildStr][svchost.exe]

[Throw dll injection][27/06/2025 16:35:18][WildStr][svchost.exe]

[Throw dll injection][27/06/2025 16:35:18][WildStr][ssh-agent.exe]

[Throw dll injection][27/06/2025 16:35:18][WildStr][svchost.exe]

[Throw dll injection][27/06/2025 16:35:18][WildStr][sshd.exe]

[Throw dll injection][27/06/2025 16:35:18][WildStr][ssh-agent.exe]

[Throw dll injection][27/06/2025 16:35:18][WildStr][svchost.exe]

[Throw dll injection][27/06/2025 16:35:18][WildStr][sshd.exe]

[Throw dll injection][27/06/2025 16:35:18][WildStr][svchost.exe]

[Throw dll injection][27/06/2025 16:35:18][WildStr][svchost.exe]

[Throw dll injection][27/06/2025 16:35:18][WildStr][svchost.exe]

[Throw dll injection][27/06/2025 16:35:18][WildStr][svchost.exe]

[Throw dll injection][27/06/2025 16:35:18][WildStr][svchost.exe]

[Throw dll injection][27/06/2025 16:35:18][WildStr][svchost.exe]

[Throw dll injection][27/06/2025 16:35:18][WildStr][svchost.exe]

[Throw dll injection][27/06/2025 16:35:18][WildStr][svchost.exe]

[Throw dll injection][27/06/2025 16:35:18][WildStr][svchost.exe]

[Throw dll injection][27/06/2025 16:35:18][WildStr][svchost.exe]

[Throw dll injection][27/06/2025 16:35:18][WildStr][svchost.exe]

[Throw dll injection][27/06/2025 16:35:18][WildStr][svchost.exe]

[Throw dll injection][27/06/2025 16:35:18][WildStr][MpDefenderCoreService.exe]

[Throw dll injection][27/06/2025 16:35:18][WildStr][svchost.exe]

[Throw dll injection][27/06/2025 16:35:18][WildStr][MsMpEng.exe]

[Throw dll injection][27/06/2025 16:35:18][WildStr][svchost.exe]

[Throw dll injection][27/06/2025 16:35:18][WildStr][SearchIndexer.exe]

[Throw dll injection][27/06/2025 16:35:18][WildStr][svchost.exe]

[Throw dll injection][27/06/2025 16:35:18][WildStr][AggregatorHost.exe]

[Throw dll injection][27/06/2025 16:35:18][WildStr][MpDefenderCoreService.exe]

[Throw dll injection][27/06/2025 16:35:18][WildStr][dllhost.exe]

[Throw dll injection][27/06/2025 16:35:18][WildStr][MsMpEng.exe]

[Throw dll injection][27/06/2025 16:35:18][WildStr][SearchIndexer.exe]

[Throw dll injection][27/06/2025 16:35:18][WildStr][svchost.exe]

[Throw dll injection][27/06/2025 16:35:18][WildStr][AggregatorHost.exe]

[Throw dll injection][27/06/2025 16:35:18][WildStr][NisSrv.exe]

[Throw dll injection][27/06/2025 16:35:18][WildStr][dllhost.exe]

[Throw dll injection][27/06/2025 16:35:18][WildStr][sihost.exe]

[Throw dll injection][27/06/2025 16:35:18][WildStr][svchost.exe]

[Throw dll injection][27/06/2025 16:35:18][WildStr][svchost.exe]

[Throw dll injection][27/06/2025 16:35:18][WildStr][NisSrv.exe]

[Throw dll injection][27/06/2025 16:35:18][WildStr][svchost.exe]

[Throw dll injection][27/06/2025 16:35:18][WildStr][sihost.exe]

[Throw dll injection][27/06/2025 16:35:18][WildStr][taskhostw.exe]

[Throw dll injection][27/06/2025 16:35:18][WildStr][svchost.exe]

[Throw dll injection][27/06/2025 16:35:18][WildStr][MicrosoftEdgeUpdate.exe]

[Throw dll injection][27/06/2025 16:35:18][WildStr][svchost.exe]

[Throw dll injection][27/06/2025 16:35:18][WildStr][svchost.exe]

[Throw dll injection][27/06/2025 16:35:18][WildStr][taskhostw.exe]

[Throw dll injection][27/06/2025 16:35:18][WildStr][ctfmon.exe]

[Throw dll injection][27/06/2025 16:35:18][WildStr][MicrosoftEdgeUpdate.exe]

[Throw dll injection][27/06/2025 16:35:18][WildStr][svchost.exe]

[Throw dll injection][27/06/2025 16:35:18][WildStr][svchost.exe]

[Throw dll injection][27/06/2025 16:35:18][WildStr][svchost.exe]

[Throw dll injection][27/06/2025 16:35:18][WildStr][ctfmon.exe]

[Throw dll injection][27/06/2025 16:35:18][WildStr][explorer.exe]

[Throw dll injection][27/06/2025 16:35:18][WildStr][svchost.exe]

[Throw dll injection][27/06/2025 16:35:18][WildStr][svchost.exe]

[Throw dll injection][27/06/2025 16:35:18][WildStr][svchost.exe]

[Throw dll injection][27/06/2025 16:35:18][WildStr][StartMenuExperienceHost.exe]

[Throw dll injection][27/06/2025 16:35:18][WildStr][explorer.exe]

[Throw dll injection][27/06/2025 16:35:18][WildStr][RuntimeBroker.exe]

[Throw dll injection][27/06/2025 16:35:18][WildStr][svchost.exe]

[Throw dll injection][27/06/2025 16:35:18][WildStr][SearchApp.exe]

[Throw dll injection][27/06/2025 16:35:18][WildStr][StartMenuExperienceHost.exe]

[Throw dll injection][27/06/2025 16:35:18][WildStr][svchost.exe]

[Throw dll injection][27/06/2025 16:35:18][WildStr][RuntimeBroker.exe]

[Throw dll injection][27/06/2025 16:35:18][WildStr][RuntimeBroker.exe]

[Throw dll injection][27/06/2025 16:35:18][WildStr][SearchApp.exe]

[Throw dll injection][27/06/2025 16:35:18][WildStr][RuntimeBroker.exe]

[Throw dll injection][27/06/2025 16:35:18][WildStr][svchost.exe]

[Throw dll injection][27/06/2025 16:35:18][WildStr][RuntimeBroker.exe]

[Throw dll injection][27/06/2025 16:35:18][WildStr][SecurityHealthSystray.exe]

[Throw dll injection][27/06/2025 16:35:18][WildStr][svchost.exe]

[Throw dll injection][27/06/2025 16:35:18][WildStr][SecurityHealthService.exe]

[Throw dll injection][27/06/2025 16:35:18][WildStr][SecurityHealthSystray.exe]

[Throw dll injection][27/06/2025 16:35:18][WildStr][VBoxTray.exe]

[Throw dll injection][27/06/2025 16:35:18][WildStr][SecurityHealthService.exe]

[Throw dll injection][27/06/2025 16:35:18][WildStr][OneDrive.exe]

[Throw dll injection][27/06/2025 16:35:18][WildStr][VBoxTray.exe]

[Throw dll injection][27/06/2025 16:35:18][WildStr][cmd.exe]

[Throw dll injection][27/06/2025 16:35:18][WildStr][OneDrive.exe]

[Throw dll injection][27/06/2025 16:35:18][WildStr][conhost.exe]

[Throw dll injection][27/06/2025 16:35:18][WildStr][cmd.exe]

[Throw dll injection][27/06/2025 16:35:18][WildStr][svchost.exe]

[Throw dll injection][27/06/2025 16:35:18][WildStr][conhost.exe]

[Throw dll injection][27/06/2025 16:35:18][WildStr][svchost.exe]

[Throw dll injection][27/06/2025 16:35:18][WildStr][svchost.exe]

[Throw dll injection][27/06/2025 16:35:18][WildStr][svchost.exe]

[Throw dll injection][27/06/2025 16:35:18][WildStr][svchost.exe]

[Throw dll injection][27/06/2025 16:35:18][WildStr][svchost.exe]

[Throw dll injection][27/06/2025 16:35:18][WildStr][svchost.exe]

[Throw dll injection][27/06/2025 16:35:18][WildStr][svchost.exe]

[Throw dll injection][27/06/2025 16:35:18][WildStr][svchost.exe]

[Throw dll injection][27/06/2025 16:35:18][WildStr][svchost.exe]

[Throw dll injection][27/06/2025 16:35:18][WildStr][svchost.exe]

[Throw dll injection][27/06/2025 16:35:18][WildStr][powershell.exe]

[Throw dll injection][27/06/2025 16:35:18][WildStr][svchost.exe]

[Throw dll injection][27/06/2025 16:35:18][WildStr][Code.exe]

[Throw dll injection][27/06/2025 16:35:18][WildStr][powershell.exe]

[Throw dll injection][27/06/2025 16:35:18][WildStr][Code.exe]

[Throw dll injection][27/06/2025 16:35:18][WildStr][Code.exe]

[Throw dll injection][27/06/2025 16:35:18][WildStr][Code.exe]

[Throw dll injection][27/06/2025 16:35:18][WildStr][Code.exe]

[Throw dll injection][27/06/2025 16:35:18][WildStr][Code.exe]

[Throw dll injection][27/06/2025 16:35:18][WildStr][Code.exe]

[Throw dll injection][27/06/2025 16:35:18][WildStr][Code.exe]

[Throw dll injection][27/06/2025 16:35:18][WildStr][Code.exe]

[Throw dll injection][27/06/2025 16:35:18][WildStr][Code.exe]

[Throw dll injection][27/06/2025 16:35:18][WildStr][Code.exe]

[Throw dll injection][27/06/2025 16:35:18][WildStr][Code.exe]

[Throw dll injection][27/06/2025 16:35:18][WildStr][Code.exe]

[Throw dll injection][27/06/2025 16:35:18][WildStr][Code.exe]

[Throw dll injection][27/06/2025 16:35:18][WildStr][Code.exe]

[Throw dll injection][27/06/2025 16:35:18][WildStr][Code.exe]

[Throw dll injection][27/06/2025 16:35:18][WildStr][Code.exe]

[Throw dll injection][27/06/2025 16:35:18][WildStr][conhost.exe]

[Throw dll injection][27/06/2025 16:35:18][WildStr][Code.exe]

[Throw dll injection][27/06/2025 16:35:18][WildStr][powershell.exe]

[Throw dll injection][27/06/2025 16:35:18][WildStr][conhost.exe]

[Throw dll injection][27/06/2025 16:35:18][WildStr][conhost.exe]

[Throw dll injection][27/06/2025 16:35:18][WildStr][powershell.exe]

[Throw dll injection][27/06/2025 16:35:18][WildStr][conhost.exe]
]

[Throw dll injection][27/06/2025 16:35:18][WildStr][TextInputHost.exe]

[Throw dll injection][27/06/2025 16:35:18][WildStr][powershell.exe]

[Throw dll injection][27/06/2025 16:35:18][WildStr][TextInputHost.exe]

[Throw dll injection][27/06/2025 16:35:18][WildStr][Code.exe]

[Throw dll injection][27/06/2025 16:35:18][WildStr][Code.exe]

[Throw dll injection][27/06/2025 16:35:18][WildStr][cpptools.exe]

[Throw dll injection][27/06/2025 16:35:18][WildStr][cpptools.exe]

[Throw dll injection][27/06/2025 16:35:18][WildStr][conhost.exe]

[Throw dll injection][27/06/2025 16:35:18][WildStr][conhost.exe]

[Throw dll injection][27/06/2025 16:35:18][WildStr][cpptools.exe]

[Throw dll injection][27/06/2025 16:35:18][WildStr][cpptools.exe]

[Throw dll injection][27/06/2025 16:35:18][WildStr][ApplicationFrameHost.exe]

[Throw dll injection][27/06/2025 16:35:18][WildStr][ApplicationFrameHost.exe]

[Throw dll injection][27/06/2025 16:35:18][WildStr][SystemSettings.exe]

[Throw dll injection][27/06/2025 16:35:18][WildStr][SystemSettings.exe]

[Throw dll injection][27/06/2025 16:35:18][WildStr][UserOOBEBroker.exe]

[Throw dll injection][27/06/2025 16:35:18][WildStr][UserOOBEBroker.exe]

[Throw dll injection][27/06/2025 16:35:18][WildStr][SearchApp.exe]

[Throw dll injection][27/06/2025 16:35:18][WildStr][SearchApp.exe]

[Throw dll injection][27/06/2025 16:35:18][WildStr][msedgewebview2.exe]

[Throw dll injection][27/06/2025 16:35:18][WildStr][msedgewebview2.exe]

[Throw dll injection][27/06/2025 16:35:18][WildStr][msedgewebview2.exe]

[Throw dll injection][27/06/2025 16:35:18][WildStr][msedgewebview2.exe]

[Throw dll injection][27/06/2025 16:35:18][WildStr][msedgewebview2.exe]

[Throw dll injection][27/06/2025 16:35:18][WildStr][msedgewebview2.exe]

[Throw dll injection][27/06/2025 16:35:18][WildStr][msedgewebview2.exe]

[Throw dll injection][27/06/2025 16:35:18][WildStr][msedgewebview2.exe]

[Throw dll injection][27/06/2025 16:35:18][WildStr][msedgewebview2.exe]

[Throw dll injection][27/06/2025 16:35:18][WildStr][msedgewebview2.exe]

[Throw dll injection][27/06/2025 16:35:18][WildStr][msedgewebview2.exe]

[Throw dll injection][27/06/2025 16:35:18][WildStr][msedgewebview2.exe]

[Throw dll injection][27/06/2025 16:35:18][WildStr][FileCoAuth.exe]

[Throw dll injection][27/06/2025 16:35:18][WildStr][FileCoAuth.exe]

[Throw dll injection][27/06/2025 16:35:18][WildStr][svchost.exe]

[Throw dll injection][27/06/2025 16:35:18][WildStr][svchost.exe]

[Throw dll injection][27/06/2025 16:35:18][WildStr][msedge.exe]

[Throw dll injection][27/06/2025 16:35:18][WildStr][msedge.exe]

[Throw dll injection][27/06/2025 16:35:18][WildStr][msedge.exe]

[Throw dll injection][27/06/2025 16:35:18][WildStr][msedge.exe]

[Throw dll injection][27/06/2025 16:35:18][WildStr][msedge.exe]

[Throw dll injection][27/06/2025 16:35:18][WildStr][msedge.exe]

[Throw dll injection][27/06/2025 16:35:18][WildStr][msedge.exe]

[Throw dll injection][27/06/2025 16:35:18][WildStr][msedge.exe]

[Throw dll injection][27/06/2025 16:35:18][WildStr][msedge.exe]

[Throw dll injection][27/06/2025 16:35:18][WildStr][msedge.exe]

[Throw dll injection][27/06/2025 16:35:18][WildStr][svchost.exe]

[Throw dll injection][27/06/2025 16:35:18][WildStr][svchost.exe]

[Throw dll injection][27/06/2025 16:35:18][WildStr][svchost.exe]

[Throw dll injection][27/06/2025 16:35:18][WildStr][svchost.exe]

[Throw dll injection][27/06/2025 16:35:18][WildStr][svchost.exe]

[Throw dll injection][27/06/2025 16:35:18][WildStr][svchost.exe]

[Throw dll injection][27/06/2025 16:35:18][WildStr][dllhost.exe]

[Throw dll injection][27/06/2025 16:35:18][WildStr][dllhost.exe]

[Throw dll injection][27/06/2025 16:35:18][WildStr][ShellExperienceHost.exe]

[Throw dll injection][27/06/2025 16:35:18][WildStr][RuntimeBroker.exe]
exe]

[Throw dll injection][27/06/2025 16:35:18][WildStr][RuntimeBroker.exe]

[Throw dll injection][27/06/2025 16:35:18][WildStr][vctip.exe]

[Throw dll injection][27/06/2025 16:35:18][WildStr][vctip.exe]

[Throw dll injection][27/06/2025 16:35:18][WildStr][cpptools-srv.exe]

[Throw dll injection][27/06/2025 16:35:18][WildStr][cpptools-srv.exe]

[Throw dll injection][27/06/2025 16:35:18][WildStr][conhost.exe]

[Throw dll injection][27/06/2025 16:35:18][WildStr][conhost.exe]

[Throw dll injection][27/06/2025 16:35:18][WildStr][cpptools-srv.exe]

[Throw dll injection][27/06/2025 16:35:18][WildStr][cpptools-srv.exe]

[Throw dll injection][27/06/2025 16:35:18][WildStr][conhost.exe]

[Throw dll injection][27/06/2025 16:35:18][WildStr][conhost.exe]

[Throw dll injection][27/06/2025 16:35:18][WildStr][svchost.exe]

[Throw dll injection][27/06/2025 16:35:18][WildStr][svchost.exe]

[Throw dll injection][27/06/2025 16:35:18][WildStr][Taskmgr.exe]

[Throw dll injection][27/06/2025 16:35:18][WildStr][Taskmgr.exe]

[Throw dll injection][27/06/2025 16:35:18][Str][SystemTimeOfDayInformation]

[Throw dll injection][27/06/2025 16:35:19][Str][OrigNtQuerySystemInformation failed: 0xC0000023
]

[Throw dll injection][27/06/2025 16:35:19][Str][Noinfo]

[Throw dll injection][27/06/2025 16:35:19][Str][Noinfo]

[Throw dll injection][27/06/2025 16:35:19][Str][Noinfo]

[Throw dll injection][27/06/2025 16:35:19][Str][SystemProcessInformation]

[Throw dll injection][27/06/2025 16:35:19][WildStr][System]

[Throw dll injection][27/06/2025 16:35:19][WildStr][System]

[Throw dll injection][27/06/2025 16:35:19][WildStr][Registry]

[Throw dll injection][27/06/2025 16:35:19][WildStr][Registry]

[Throw dll injection][27/06/2025 16:35:19][WildStr][smss.exe]

[Throw dll injection][27/06/2025 16:35:19][WildStr][smss.exe]

[Throw dll injection][27/06/2025 16:35:19][WildStr][csrss.exe]

[Throw dll injection][27/06/2025 16:35:19][WildStr][csrss.exe]

[Throw dll injection][27/06/2025 16:35:19][WildStr][wininit.exe]

[Throw dll injection][27/06/2025 16:35:19][WildStr][csrss.exe]

[Throw dll injection][27/06/2025 16:35:19][WildStr][csrss.exe]

[Throw dll injection][27/06/2025 16:35:19][WildStr][winlogon.exe]

[Throw dll injection][27/06/2025 16:35:19][WildStr][winlogon.exe]

[Throw dll injection][27/06/2025 16:35:19][WildStr][services.exe]

[Throw dll injection][27/06/2025 16:35:19][WildStr][services.exe]

[Throw dll injection][27/06/2025 16:35:19][WildStr][lsass.exe]

[Throw dll injection][27/06/2025 16:35:19][WildStr][lsass.exe]

[Throw dll injection][27/06/2025 16:35:19][WildStr][svchost.exe]

[Throw dll injection][27/06/2025 16:35:19][WildStr][svchost.exe]

[Throw dll injection][27/06/2025 16:35:19][WildStr][fontdrvhost.exe]

[Throw dll injection][27/06/2025 16:35:19][WildStr][fontdrvhost.exe]

[Throw dll injection][27/06/2025 16:35:19][WildStr][fontdrvhost.exe]

[Throw dll injection][27/06/2025 16:35:19][WildStr][svchost.exe]
e]

[Throw dll injection][27/06/2025 16:35:19][WildStr][svchost.exe]

[Throw dll injection][27/06/2025 16:35:19][WildStr][svchost.exe]

[Throw dll injection][27/06/2025 16:35:19][WildStr][svchost.exe]

[Throw dll injection][27/06/2025 16:35:19][WildStr][dwm.exe]

[Throw dll injection][27/06/2025 16:35:19][WildStr][dwm.exe]

[Throw dll injection][27/06/2025 16:35:19][WildStr][svchost.exe]

[Throw dll injection][27/06/2025 16:35:19][WildStr][svchost.exe]

[Throw dll injection][27/06/2025 16:35:19][WildStr][svchost.exe]

[Throw dll injection][27/06/2025 16:35:19][WildStr][svchost.exe]

[Throw dll injection][27/06/2025 16:35:19][WildStr][svchost.exe]

[Throw dll injection][27/06/2025 16:35:19][WildStr][svchost.exe]

[Throw dll injection][27/06/2025 16:35:19][WildStr][svchost.exe]

[Throw dll injection][27/06/2025 16:35:19][WildStr][svchost.exe]

[Throw dll injection][27/06/2025 16:35:19][WildStr][svchost.exe]

[Throw dll injection][27/06/2025 16:35:19][WildStr][svchost.exe]

[Throw dll injection][27/06/2025 16:35:19][WildStr][svchost.exe]

[Throw dll injection][27/06/2025 16:35:19][WildStr][svchost.exe]

[Throw dll injection][27/06/2025 16:35:19][WildStr][svchost.exe]

[Throw dll injection][27/06/2025 16:35:19][WildStr][svchost.exe]

[Throw dll injection][27/06/2025 16:35:19][WildStr][svchost.exe]

[Throw dll injection][27/06/2025 16:35:19][WildStr][svchost.exe]

[Throw dll injection][27/06/2025 16:35:19][WildStr][svchost.exe]

[Throw dll injection][27/06/2025 16:35:19][WildStr][svchost.exe]

[Throw dll injection][27/06/2025 16:35:19][WildStr][svchost.exe]

[Throw dll injection][27/06/2025 16:35:19][WildStr][svchost.exe]

[Throw dll injection][27/06/2025 16:35:19][WildStr][svchost.exe]

[Throw dll injection][27/06/2025 16:35:19][WildStr][svchost.exe]

[Throw dll injection][27/06/2025 16:35:19][WildStr][svchost.exe]

[Throw dll injection][27/06/2025 16:35:19][WildStr][svchost.exe]

[Throw dll injection][27/06/2025 16:35:19][WildStr][VBoxService.exe]

[Throw dll injection][27/06/2025 16:35:19][WildStr][svchost.exe]

[Throw dll injection][27/06/2025 16:35:19][WildStr][svchost.exe]

[Throw dll injection][27/06/2025 16:35:19][WildStr][VBoxService.exe]

[Throw dll injection][27/06/2025 16:35:19][WildStr][svchost.exe]

[Throw dll injection][27/06/2025 16:35:19][WildStr][svchost.exe]

[Throw dll injection][27/06/2025 16:35:19][WildStr][svchost.exe]

[Throw dll injection][27/06/2025 16:35:19][WildStr][svchost.exe]

[Throw dll injection][27/06/2025 16:35:19][WildStr][svchost.exe]

[Throw dll injection][27/06/2025 16:35:19][WildStr][svchost.exe]

[Throw dll injection][27/06/2025 16:35:19][WildStr][svchost.exe]

[Throw dll injection][27/06/2025 16:35:19][WildStr][svchost.exe]

[Throw dll injection][27/06/2025 16:35:19][WildStr][svchost.exe]

[Throw dll injection][27/06/2025 16:35:19][WildStr][svchost.exe]

[Throw dll injection][27/06/2025 16:35:19][WildStr][Memory Compression]

[Throw dll injection][27/06/2025 16:35:19][WildStr][svchost.exe]

[Throw dll injection][27/06/2025 16:35:19][WildStr][svchost.exe]

[Throw dll injection][27/06/2025 16:35:19][WildStr][Memory Compression]

[Throw dll injection][27/06/2025 16:35:19][WildStr][svchost.exe]

[Throw dll injection][27/06/2025 16:35:19][WildStr][svchost.exe]

[Throw dll injection][27/06/2025 16:35:19][WildStr][svchost.exe]

[Throw dll injection][27/06/2025 16:35:19][WildStr][svchost.exe]

[Throw dll injection][27/06/2025 16:35:19][WildStr][svchost.exe]

[Throw dll injection][27/06/2025 16:35:19][WildStr][svchost.exe]

[Throw dll injection][27/06/2025 16:35:19][WildStr][svchost.exe]

[Throw dll injection][27/06/2025 16:35:19][WildStr][svchost.exe]

[Throw dll injection][27/06/2025 16:35:19][WildStr][svchost.exe]

[Throw dll injection][27/06/2025 16:35:19][WildStr][svchost.exe]

[Throw dll injection][27/06/2025 16:35:19][WildStr][svchost.exe]

[Throw dll injection][27/06/2025 16:35:19][WildStr][svchost.exe]

[Throw dll injection][27/06/2025 16:35:19][WildStr][svchost.exe]

[Throw dll injection][27/06/2025 16:35:19][WildStr][spoolsv.exe]

[Throw dll injection][27/06/2025 16:35:19][WildStr][svchost.exe]

[Throw dll injection][27/06/2025 16:35:19][WildStr][svchost.exe]

[Throw dll injection][27/06/2025 16:35:19][WildStr][spoolsv.exe]

[Throw dll injection][27/06/2025 16:35:19][WildStr][svchost.exe]

[Throw dll injection][27/06/2025 16:35:19][WildStr][svchost.exe]

[Throw dll injection][27/06/2025 16:35:19][WildStr][svchost.exe]

[Throw dll injection][27/06/2025 16:35:19][WildStr][svchost.exe]

[Throw dll injection][27/06/2025 16:35:19][WildStr][svchost.exe]

[Throw dll injection][27/06/2025 16:35:19][WildStr][svchost.exe]

[Throw dll injection][27/06/2025 16:35:19][WildStr][ssh-agent.exe]

[Throw dll injection][27/06/2025 16:35:19][WildStr][svchost.exe]

[Throw dll injection][27/06/2025 16:35:19][WildStr][sshd.exe]

[Throw dll injection][27/06/2025 16:35:19][WildStr][ssh-agent.exe]

[Throw dll injection][27/06/2025 16:35:19][WildStr][svchost.exe]

[Throw dll injection][27/06/2025 16:35:19][WildStr][sshd.exe]

[Throw dll injection][27/06/2025 16:35:19][WildStr][svchost.exe]

[Throw dll injection][27/06/2025 16:35:19][WildStr][svchost.exe]

[Throw dll injection][27/06/2025 16:35:19][WildStr][svchost.exe]

[Throw dll injection][27/06/2025 16:35:19][WildStr][svchost.exe]

[Throw dll injection][27/06/2025 16:35:19][WildStr][svchost.exe]

[Throw dll injection][27/06/2025 16:35:19][WildStr][svchost.exe]

[Throw dll injection][27/06/2025 16:35:19][WildStr][svchost.exe]

[Throw dll injection][27/06/2025 16:35:19][WildStr][svchost.exe]

[Throw dll injection][27/06/2025 16:35:19][WildStr][svchost.exe]

[Throw dll injection][27/06/2025 16:35:19][WildStr][svchost.exe]

[Throw dll injection][27/06/2025 16:35:19][WildStr][svchost.exe]

[Throw dll injection][27/06/2025 16:35:19][WildStr][svchost.exe]

[Throw dll injection][27/06/2025 16:35:19][WildStr][svchost.exe]

[Throw dll injection][27/06/2025 16:35:19][WildStr][MpDefenderCoreService.exe]

[Throw dll injection][27/06/2025 16:35:19][WildStr][svchost.exe]

[Throw dll injection][27/06/2025 16:35:19][WildStr][MsMpEng.exe]

[Throw dll injection][27/06/2025 16:35:19][WildStr][svchost.exe]

[Throw dll injection][27/06/2025 16:35:19][WildStr][SearchIndexer.exe]

[Throw dll injection][27/06/2025 16:35:19][WildStr][MpDefenderCoreService.exe]

[Throw dll injection][27/06/2025 16:35:19][WildStr][AggregatorHost.exe]

[Throw dll injection][27/06/2025 16:35:19][WildStr][MsMpEng.exe]

[Throw dll injection][27/06/2025 16:35:19][WildStr][dllhost.exe]

[Throw dll injection][27/06/2025 16:35:19][WildStr][SearchIndexer.exe]

[Throw dll injection][27/06/2025 16:35:19][WildStr][svchost.exe]

[Throw dll injection][27/06/2025 16:35:19][WildStr][AggregatorHost.exe]

[Throw dll injection][27/06/2025 16:35:19][WildStr][NisSrv.exe]

[Throw dll injection][27/06/2025 16:35:19][WildStr][dllhost.exe]

[Throw dll injection][27/06/2025 16:35:19][WildStr][sihost.exe]

[Throw dll injection][27/06/2025 16:35:19][WildStr][svchost.exe]

[Throw dll injection][27/06/2025 16:35:19][WildStr][NisSrv.exe]

[Throw dll injection][27/06/2025 16:35:19][WildStr][svchost.exe]

[Throw dll injection][27/06/2025 16:35:19][WildStr][sihost.exe]

[Throw dll injection][27/06/2025 16:35:19][WildStr][taskhostw.exe]

[Throw dll injection][27/06/2025 16:35:19][WildStr][svchost.exe]
pdate.exe]

[Throw dll injection][27/06/2025 16:35:19][WildStr][svchost.exe]

[Throw dll injection][27/06/2025 16:35:19][WildStr][svchost.exe]

[Throw dll injection][27/06/2025 16:35:19][WildStr][ctfmon.exe]

[Throw dll injection][27/06/2025 16:35:19][WildStr][taskhostw.exe]

[Throw dll injection][27/06/2025 16:35:19][WildStr][svchost.exe]

[Throw dll injection][27/06/2025 16:35:19][WildStr][MicrosoftEdgeUpdate.exe]

[Throw dll injection][27/06/2025 16:35:19][WildStr][svchost.exe]

[Throw dll injection][27/06/2025 16:35:19][WildStr][svchost.exe]

[Throw dll injection][27/06/2025 16:35:19][WildStr][explorer.exe]

[Throw dll injection][27/06/2025 16:35:19][WildStr][ctfmon.exe]

[Throw dll injection][27/06/2025 16:35:19][WildStr][svchost.exe]

[Throw dll injection][27/06/2025 16:35:19][WildStr][svchost.exe]

[Throw dll injection][27/06/2025 16:35:19][WildStr][StartMenuExperienceHost.exe]

[Throw dll injection][27/06/2025 16:35:19][WildStr][svchost.exe]

[Throw dll injection][27/06/2025 16:35:19][WildStr][RuntimeBroker.exe]

[Throw dll injection][27/06/2025 16:35:19][WildStr][explorer.exe]

[Throw dll injection][27/06/2025 16:35:19][WildStr][SearchApp.exe]

[Throw dll injection][27/06/2025 16:35:19][WildStr][svchost.exe]

[Throw dll injection][27/06/2025 16:35:19][WildStr][svchost.exe]

[Throw dll injection][27/06/2025 16:35:19][WildStr][StartMenuExperienceHost.exe]

[Throw dll injection][27/06/2025 16:35:19][WildStr][RuntimeBroker.exe]

[Throw dll injection][27/06/2025 16:35:19][WildStr][RuntimeBroker.exe]

[Throw dll injection][27/06/2025 16:35:19][WildStr][RuntimeBroker.exe]

[Throw dll injection][27/06/2025 16:35:19][WildStr][SearchApp.exe]

[Throw dll injection][27/06/2025 16:35:19][WildStr][svchost.exe]

[Throw dll injection][27/06/2025 16:35:19][WildStr][svchost.exe]

[Throw dll injection][27/06/2025 16:35:19][WildStr][SecurityHealthSystray.exe]

[Throw dll injection][27/06/2025 16:35:19][WildStr][RuntimeBroker.exe]

[Throw dll injection][27/06/2025 16:35:19][WildStr][SecurityHealthService.exe]

[Throw dll injection][27/06/2025 16:35:19][WildStr][RuntimeBroker.exe]

[Throw dll injection][27/06/2025 16:35:19][WildStr][VBoxTray.exe]

[Throw dll injection][27/06/2025 16:35:19][WildStr][svchost.exe]

[Throw dll injection][27/06/2025 16:35:19][WildStr][OneDrive.exe]

[Throw dll injection][27/06/2025 16:35:19][WildStr][SecurityHealthSystray.exe]

[Throw dll injection][27/06/2025 16:35:19][WildStr][cmd.exe]

[Throw dll injection][27/06/2025 16:35:19][WildStr][SecurityHealthService.exe]

[Throw dll injection][27/06/2025 16:35:19][WildStr][conhost.exe]

[Throw dll injection][27/06/2025 16:35:19][WildStr][VBoxTray.exe]

[Throw dll injection][27/06/2025 16:35:19][WildStr][svchost.exe]

[Throw dll injection][27/06/2025 16:35:19][WildStr][OneDrive.exe]

[Throw dll injection][27/06/2025 16:35:19][WildStr][svchost.exe]

[Throw dll injection][27/06/2025 16:35:19][WildStr][cmd.exe]

[Throw dll injection][27/06/2025 16:35:19][WildStr][svchost.exe]

[Throw dll injection][27/06/2025 16:35:19][WildStr][conhost.exe]

[Throw dll injection][27/06/2025 16:35:19][WildStr][svchost.exe]

[Throw dll injection][27/06/2025 16:35:19][WildStr][svchost.exe]

[Throw dll injection][27/06/2025 16:35:19][WildStr][svchost.exe]

[Throw dll injection][27/06/2025 16:35:19][WildStr][svchost.exe]

[Throw dll injection][27/06/2025 16:35:19][WildStr][svchost.exe]

[Throw dll injection][27/06/2025 16:35:19][WildStr][svchost.exe]

[Throw dll injection][27/06/2025 16:35:19][WildStr][powershell.exe]

[Throw dll injection][27/06/2025 16:35:19][WildStr][svchost.exe]

[Throw dll injection][27/06/2025 16:35:19][WildStr][Code.exe]

[Throw dll injection][27/06/2025 16:35:19][WildStr][svchost.exe]

[Throw dll injection][27/06/2025 16:35:19][WildStr][Code.exe]

[Throw dll injection][27/06/2025 16:35:19][WildStr][svchost.exe]

[Throw dll injection][27/06/2025 16:35:19][WildStr][Code.exe]

[Throw dll injection][27/06/2025 16:35:19][WildStr][powershell.exe]

[Throw dll injection][27/06/2025 16:35:19][WildStr][Code.exe]

[Throw dll injection][27/06/2025 16:35:19][WildStr][Code.exe]

[Throw dll injection][27/06/2025 16:35:19][WildStr][Code.exe]

[Throw dll injection][27/06/2025 16:35:19][WildStr][Code.exe]

[Throw dll injection][27/06/2025 16:35:19][WildStr][Code.exe]

[Throw dll injection][27/06/2025 16:35:19][WildStr][Code.exe]

[Throw dll injection][27/06/2025 16:35:19][WildStr][Code.exe]

[Throw dll injection][27/06/2025 16:35:19][WildStr][Code.exe]

[Throw dll injection][27/06/2025 16:35:19][WildStr][Code.exe]

[Throw dll injection][27/06/2025 16:35:19][WildStr][Code.exe]

[Throw dll injection][27/06/2025 16:35:19][WildStr][Code.exe]

[Throw dll injection][27/06/2025 16:35:19][WildStr][Code.exe]

[Throw dll injection][27/06/2025 16:35:19][WildStr][conhost.exe]

[Throw dll injection][27/06/2025 16:35:19][WildStr][Code.exe]

[Throw dll injection][27/06/2025 16:35:19][WildStr][powershell.exe]

[Throw dll injection][27/06/2025 16:35:19][WildStr][Code.exe]

[Throw dll injection][27/06/2025 16:35:19][WildStr][conhost.exe]

[Throw dll injection][27/06/2025 16:35:19][WildStr][Code.exe]

[Throw dll injection][27/06/2025 16:35:19][WildStr][powershell.exe]

[Throw dll injection][27/06/2025 16:35:19][WildStr][conhost.exe]

[Throw dll injection][27/06/2025 16:35:19][WildStr][TextInputHost.exe]

[Throw dll injection][27/06/2025 16:35:19][WildStr][powershell.exe]

[Throw dll injection][27/06/2025 16:35:19][WildStr][Code.exe]

[Throw dll injection][27/06/2025 16:35:19][WildStr][conhost.exe]

[Throw dll injection][27/06/2025 16:35:19][WildStr][cpptools.exe]

[Throw dll injection][27/06/2025 16:35:19][WildStr][powershell.exe]

[Throw dll injection][27/06/2025 16:35:19][WildStr][conhost.exe]

[Throw dll injection][27/06/2025 16:35:19][WildStr][TextInputHost.exe]

[Throw dll injection][27/06/2025 16:35:19][WildStr][cpptools.exe]

[Throw dll injection][27/06/2025 16:35:19][WildStr][Code.exe]

[Throw dll injection][27/06/2025 16:35:19][WildStr][ApplicationFrameHost.exe]

[Throw dll injection][27/06/2025 16:35:19][WildStr][cpptools.exe]

[Throw dll injection][27/06/2025 16:35:19][WildStr][SystemSettings.exe]

[Throw dll injection][27/06/2025 16:35:19][WildStr][conhost.exe]

[Throw dll injection][27/06/2025 16:35:19][WildStr][UserOOBEBroker.exe]

[Throw dll injection][27/06/2025 16:35:19][WildStr][cpptools.exe]

[Throw dll injection][27/06/2025 16:35:19][WildStr][SearchApp.exe]

[Throw dll injection][27/06/2025 16:35:19][WildStr][ApplicationFrameHost.exe]

[Throw dll injection][27/06/2025 16:35:19][WildStr][msedgewebview2.exe]

[Throw dll injection][27/06/2025 16:35:19][WildStr][SystemSettings.exe]

[Throw dll injection][27/06/2025 16:35:19][WildStr][msedgewebview2.exe]

[Throw dll injection][27/06/2025 16:35:19][WildStr][UserOOBEBroker.exe]

[Throw dll injection][27/06/2025 16:35:19][WildStr][msedgewebview2.exe]

[Throw dll injection][27/06/2025 16:35:19][WildStr][SearchApp.exe]

[Throw dll injection][27/06/2025 16:35:19][WildStr][msedgewebview2.exe]

[Throw dll injection][27/06/2025 16:35:19][WildStr][msedgewebview2.exe]

[Throw dll injection][27/06/2025 16:35:19][WildStr][msedgewebview2.exe]

[Throw dll injection][27/06/2025 16:35:19][WildStr][msedgewebview2.exe]

[Throw dll injection][27/06/2025 16:35:19][WildStr][FileCoAuth.exe]

[Throw dll injection][27/06/2025 16:35:19][WildStr][msedgewebview2.exe]

[Throw dll injection][27/06/2025 16:35:19][WildStr][svchost.exe]

[Throw dll injection][27/06/2025 16:35:19][WildStr][msedgewebview2.exe]

[Throw dll injection][27/06/2025 16:35:19][WildStr][msedge.exe]

[Throw dll injection][27/06/2025 16:35:19][WildStr][msedgewebview2.exe]

[Throw dll injection][27/06/2025 16:35:19][WildStr][msedge.exe]

[Throw dll injection][27/06/2025 16:35:19][WildStr][msedgewebview2.exe]

[Throw dll injection][27/06/2025 16:35:19][WildStr][msedge.exe]

[Throw dll injection][27/06/2025 16:35:19][WildStr][FileCoAuth.exe]

[Throw dll injection][27/06/2025 16:35:19][WildStr][msedge.exe]

[Throw dll injection][27/06/2025 16:35:19][WildStr][svchost.exe]

[Throw dll injection][27/06/2025 16:35:19][WildStr][msedge.exe]

[Throw dll injection][27/06/2025 16:35:19][WildStr][msedge.exe]

[Throw dll injection][27/06/2025 16:35:19][WildStr][svchost.exe]

[Throw dll injection][27/06/2025 16:35:19][WildStr][msedge.exe]

[Throw dll injection][27/06/2025 16:35:19][WildStr][svchost.exe]

[Throw dll injection][27/06/2025 16:35:19][WildStr][msedge.exe]

[Throw dll injection][27/06/2025 16:35:19][WildStr][svchost.exe]

[Throw dll injection][27/06/2025 16:35:19][WildStr][msedge.exe]

[Throw dll injection][27/06/2025 16:35:19][WildStr][dllhost.exe]

[Throw dll injection][27/06/2025 16:35:19][WildStr][msedge.exe]

[Throw dll injection][27/06/2025 16:35:19][WildStr][svchost.exe]
eHost.exe]

[Throw dll injection][27/06/2025 16:35:19][WildStr][RuntimeBroker.exe]

[Throw dll injection][27/06/2025 16:35:19][WildStr][svchost.exe]

[Throw dll injection][27/06/2025 16:35:19][WildStr][vctip.exe]

[Throw dll injection][27/06/2025 16:35:19][WildStr][svchost.exe]

[Throw dll injection][27/06/2025 16:35:19][WildStr][cpptools-srv.exe]

[Throw dll injection][27/06/2025 16:35:19][WildStr][dllhost.exe]

[Throw dll injection][27/06/2025 16:35:19][WildStr][ShellExperienceHost.exe]

[Throw dll injection][27/06/2025 16:35:19][WildStr][cpptools-srv.exe]

[Throw dll injection][27/06/2025 16:35:19][WildStr][RuntimeBroker.exe]

[Throw dll injection][27/06/2025 16:35:19][WildStr][conhost.exe]

[Throw dll injection][27/06/2025 16:35:19][WildStr][vctip.exe]

[Throw dll injection][27/06/2025 16:35:19][WildStr][cpptools-srv.exe]

[Throw dll injection][27/06/2025 16:35:19][WildStr][conhost.exe]

[Throw dll injection][27/06/2025 16:35:19][Str][SystemTimeOfDayInformation]

[Throw dll injection][27/06/2025 16:35:19][WildStr][cpptools-srv.exe]

[Throw dll injection][27/06/2025 16:35:19][WildStr][conhost.exe]

[Throw dll injection][27/06/2025 16:35:19][WildStr][svchost.exe]

[Throw dll injection][27/06/2025 16:35:19][WildStr][Taskmgr.exe]

[Throw dll injection][27/06/2025 16:35:20][Str][OrigNtQuerySystemInformation failed: 0xC0000023
]

[Throw dll injection][27/06/2025 16:35:20][Str][Noinfo]

[Throw dll injection][27/06/2025 16:35:20][Str][Noinfo]

[Throw dll injection][27/06/2025 16:35:20][Str][Noinfo]

[Throw dll injection][27/06/2025 16:35:20][Str][SystemProcessInformation]

[Throw dll injection][27/06/2025 16:35:20][Str][SystemProcessInformation]

[Throw dll injection][27/06/2025 16:35:20][WildStr][System]

[Throw dll injection][27/06/2025 16:35:20][WildStr][Registry]

[Throw dll injection][27/06/2025 16:35:20][WildStr][System]

[Throw dll injection][27/06/2025 16:35:20][WildStr][smss.exe]

[Throw dll injection][27/06/2025 16:35:20][WildStr][csrss.exe]

[Throw dll injection][27/06/2025 16:35:20][WildStr][Registry]

[Throw dll injection][27/06/2025 16:35:20][WildStr][wininit.exe]

[Throw dll injection][27/06/2025 16:35:20][WildStr][csrss.exe]

[Throw dll injection][27/06/2025 16:35:20][WildStr][smss.exe]

[Throw dll injection][27/06/2025 16:35:20][WildStr][winlogon.exe]

[Throw dll injection][27/06/2025 16:35:20][WildStr][services.exe]

[Throw dll injection][27/06/2025 16:35:20][WildStr][csrss.exe]

[Throw dll injection][27/06/2025 16:35:20][WildStr][lsass.exe]

[Throw dll injection][27/06/2025 16:35:20][WildStr][svchost.exe]

[Throw dll injection][27/06/2025 16:35:20][WildStr][wininit.exe]

[Throw dll injection][27/06/2025 16:35:20][WildStr][fontdrvhost.exe]

[Throw dll injection][27/06/2025 16:35:20][WildStr][fontdrvhost.exe]

[Throw dll injection][27/06/2025 16:35:20][WildStr][svchost.exe]

[Throw dll injection][27/06/2025 16:35:20][WildStr][svchost.exe]

[Throw dll injection][27/06/2025 16:35:20][WildStr][winlogon.exe]

[Throw dll injection][27/06/2025 16:35:20][WildStr][svchost.exe]

[Throw dll injection][27/06/2025 16:35:20][WildStr][services.exe]

[Throw dll injection][27/06/2025 16:35:20][WildStr][svchost.exe]

[Throw dll injection][27/06/2025 16:35:20][WildStr][svchost.exe]

[Throw dll injection][27/06/2025 16:35:20][WildStr][lsass.exe]

[Throw dll injection][27/06/2025 16:35:20][WildStr][svchost.exe]

[Throw dll injection][27/06/2025 16:35:20][WildStr][svchost.exe]

[Throw dll injection][27/06/2025 16:35:20][WildStr][svchost.exe]

[Throw dll injection][27/06/2025 16:35:20][WildStr][svchost.exe]

[Throw dll injection][27/06/2025 16:35:20][WildStr][svchost.exe]

[Throw dll injection][27/06/2025 16:35:20][WildStr][fontdrvhost.exe]

[Throw dll injection][27/06/2025 16:35:20][WildStr][svchost.exe]

[Throw dll injection][27/06/2025 16:35:20][WildStr][svchost.exe]

[Throw dll injection][27/06/2025 16:35:20][WildStr][fontdrvhost.exe]

[Throw dll injection][27/06/2025 16:35:20][WildStr][svchost.exe]

[Throw dll injection][27/06/2025 16:35:20][WildStr][svchost.exe]

[Throw dll injection][27/06/2025 16:35:20][WildStr][svchost.exe]

[Throw dll injection][27/06/2025 16:35:20][WildStr][svchost.exe]

[Throw dll injection][27/06/2025 16:35:20][WildStr][svchost.exe]

[Throw dll injection][27/06/2025 16:35:20][WildStr][svchost.exe]

[Throw dll injection][27/06/2025 16:35:20][WildStr][VBoxService.exe]

[Throw dll injection][27/06/2025 16:35:20][WildStr][svchost.exe]

[Throw dll injection][27/06/2025 16:35:20][WildStr][dwm.exe]

[Throw dll injection][27/06/2025 16:35:20][WildStr][svchost.exe]

[Throw dll injection][27/06/2025 16:35:20][WildStr][svchost.exe]

[Throw dll injection][27/06/2025 16:35:20][WildStr][svchost.exe]

[Throw dll injection][27/06/2025 16:35:20][WildStr][svchost.exe]

[Throw dll injection][27/06/2025 16:35:20][WildStr][svchost.exe]

[Throw dll injection][27/06/2025 16:35:20][WildStr][svchost.exe]

[Throw dll injection][27/06/2025 16:35:20][WildStr][svchost.exe]

[Throw dll injection][27/06/2025 16:35:20][WildStr][Memory Compression]

[Throw dll injection][27/06/2025 16:35:20][WildStr][svchost.exe]

[Throw dll injection][27/06/2025 16:35:20][WildStr][svchost.exe]

[Throw dll injection][27/06/2025 16:35:20][WildStr][svchost.exe]

[Throw dll injection][27/06/2025 16:35:20][WildStr][svchost.exe]

[Throw dll injection][27/06/2025 16:35:20][WildStr][svchost.exe]

[Throw dll injection][27/06/2025 16:35:20][WildStr][svchost.exe]

[Throw dll injection][27/06/2025 16:35:20][WildStr][svchost.exe]

[Throw dll injection][27/06/2025 16:35:20][WildStr][svchost.exe]

[Throw dll injection][27/06/2025 16:35:20][WildStr][svchost.exe]

[Throw dll injection][27/06/2025 16:35:20][WildStr][svchost.exe]

[Throw dll injection][27/06/2025 16:35:20][WildStr][svchost.exe]

[Throw dll injection][27/06/2025 16:35:20][WildStr][svchost.exe]

[Throw dll injection][27/06/2025 16:35:20][WildStr][svchost.exe]

[Throw dll injection][27/06/2025 16:35:20][WildStr][svchost.exe]

[Throw dll injection][27/06/2025 16:35:20][WildStr][svchost.exe]

[Throw dll injection][27/06/2025 16:35:20][WildStr][svchost.exe]

[Throw dll injection][27/06/2025 16:35:20][WildStr][spoolsv.exe]

[Throw dll injection][27/06/2025 16:35:20][WildStr][svchost.exe]

[Throw dll injection][27/06/2025 16:35:20][WildStr][svchost.exe]

[Throw dll injection][27/06/2025 16:35:20][WildStr][svchost.exe]

[Throw dll injection][27/06/2025 16:35:20][WildStr][svchost.exe]

[Throw dll injection][27/06/2025 16:35:20][WildStr][svchost.exe]

[Throw dll injection][27/06/2025 16:35:20][WildStr][svchost.exe]

[Throw dll injection][27/06/2025 16:35:20][WildStr][VBoxService.exe]

[Throw dll injection][27/06/2025 16:35:20][WildStr][svchost.exe]

[Throw dll injection][27/06/2025 16:35:20][WildStr][svchost.exe]

[Throw dll injection][27/06/2025 16:35:20][WildStr][ssh-agent.exe]

[Throw dll injection][27/06/2025 16:35:20][WildStr][svchost.exe]

[Throw dll injection][27/06/2025 16:35:20][WildStr][sshd.exe]

[Throw dll injection][27/06/2025 16:35:20][WildStr][svchost.exe]

[Throw dll injection][27/06/2025 16:35:20][WildStr][svchost.exe]

[Throw dll injection][27/06/2025 16:35:20][WildStr][svchost.exe]

[Throw dll injection][27/06/2025 16:35:20][WildStr][svchost.exe]

[Throw dll injection][27/06/2025 16:35:20][WildStr][svchost.exe]

[Throw dll injection][27/06/2025 16:35:20][WildStr][svchost.exe]

[Throw dll injection][27/06/2025 16:35:20][WildStr][svchost.exe]

[Throw dll injection][27/06/2025 16:35:20][WildStr][svchost.exe]

[Throw dll injection][27/06/2025 16:35:20][WildStr][svchost.exe]

[Throw dll injection][27/06/2025 16:35:20][WildStr][Memory Compression]

[Throw dll injection][27/06/2025 16:35:20][WildStr][svchost.exe]

[Throw dll injection][27/06/2025 16:35:20][WildStr][svchost.exe]

[Throw dll injection][27/06/2025 16:35:20][WildStr][svchost.exe]

[Throw dll injection][27/06/2025 16:35:20][WildStr][svchost.exe]

[Throw dll injection][27/06/2025 16:35:20][WildStr][svchost.exe]

[Throw dll injection][27/06/2025 16:35:20][WildStr][svchost.exe]

[Throw dll injection][27/06/2025 16:35:20][WildStr][svchost.exe]

[Throw dll injection][27/06/2025 16:35:20][WildStr][svchost.exe]

[Throw dll injection][27/06/2025 16:35:20][WildStr][svchost.exe]

[Throw dll injection][27/06/2025 16:35:20][WildStr][MpDefenderCoreService.exe]

[Throw dll injection][27/06/2025 16:35:20][WildStr][svchost.exe]

[Throw dll injection][27/06/2025 16:35:20][WildStr][MsMpEng.exe]

[Throw dll injection][27/06/2025 16:35:20][WildStr][svchost.exe]

[Throw dll injection][27/06/2025 16:35:20][WildStr][SearchIndexer.exe]

[Throw dll injection][27/06/2025 16:35:20][WildStr][svchost.exe]

[Throw dll injection][27/06/2025 16:35:20][WildStr][AggregatorHost.exe]

[Throw dll injection][27/06/2025 16:35:20][WildStr][spoolsv.exe]

[Throw dll injection][27/06/2025 16:35:20][WildStr][dllhost.exe]

[Throw dll injection][27/06/2025 16:35:20][WildStr][svchost.exe]

[Throw dll injection][27/06/2025 16:35:20][WildStr][svchost.exe]

[Throw dll injection][27/06/2025 16:35:20][WildStr][svchost.exe]

[Throw dll injection][27/06/2025 16:35:20][WildStr][NisSrv.exe]

[Throw dll injection][27/06/2025 16:35:20][WildStr][svchost.exe]

[Throw dll injection][27/06/2025 16:35:20][WildStr][sihost.exe]

[Throw dll injection][27/06/2025 16:35:20][WildStr][svchost.exe]

[Throw dll injection][27/06/2025 16:35:20][WildStr][svchost.exe]

[Throw dll injection][27/06/2025 16:35:20][WildStr][ssh-agent.exe]

[Throw dll injection][27/06/2025 16:35:20][WildStr][svchost.exe]

[Throw dll injection][27/06/2025 16:35:20][WildStr][sshd.exe]

[Throw dll injection][27/06/2025 16:35:20][WildStr][taskhostw.exe]

[Throw dll injection][27/06/2025 16:35:20][WildStr][svchost.exe]

[Throw dll injection][27/06/2025 16:35:20][WildStr][MicrosoftEdgeUpdate.exe]

[Throw dll injection][27/06/2025 16:35:20][WildStr][svchost.exe]

[Throw dll injection][27/06/2025 16:35:20][WildStr][svchost.exe]

[Throw dll injection][27/06/2025 16:35:20][WildStr][svchost.exe]

[Throw dll injection][27/06/2025 16:35:20][WildStr][svchost.exe]

[Throw dll injection][27/06/2025 16:35:20][WildStr][svchost.exe]

[Throw dll injection][27/06/2025 16:35:20][WildStr][explorer.exe]

[Throw dll injection][27/06/2025 16:35:20][WildStr][svchost.exe]

[Throw dll injection][27/06/2025 16:35:20][WildStr][svchost.exe]

[Throw dll injection][27/06/2025 16:35:20][WildStr][svchost.exe]

[Throw dll injection][27/06/2025 16:35:20][WildStr][StartMenuExperienceHost.exe]

[Throw dll injection][27/06/2025 16:35:20][WildStr][svchost.exe]

[Throw dll injection][27/06/2025 16:35:20][WildStr][RuntimeBroker.exe]

[Throw dll injection][27/06/2025 16:35:20][WildStr][svchost.exe]

[Throw dll injection][27/06/2025 16:35:20][WildStr][SearchApp.exe]

[Throw dll injection][27/06/2025 16:35:20][WildStr][MpDefenderCoreService.exe]

[Throw dll injection][27/06/2025 16:35:20][WildStr][svchost.exe]

[Throw dll injection][27/06/2025 16:35:20][WildStr][MsMpEng.exe]

[Throw dll injection][27/06/2025 16:35:20][WildStr][RuntimeBroker.exe]

[Throw dll injection][27/06/2025 16:35:20][WildStr][SearchIndexer.exe]

[Throw dll injection][27/06/2025 16:35:20][WildStr][RuntimeBroker.exe]

[Throw dll injection][27/06/2025 16:35:20][WildStr][AggregatorHost.exe]

[Throw dll injection][27/06/2025 16:35:20][WildStr][svchost.exe]

[Throw dll injection][27/06/2025 16:35:20][WildStr][dllhost.exe]

[Throw dll injection][27/06/2025 16:35:20][WildStr][SecurityHealthSystray.exe]

[Throw dll injection][27/06/2025 16:35:20][WildStr][svchost.exe]

[Throw dll injection][27/06/2025 16:35:20][WildStr][SecurityHealthService.exe]

[Throw dll injection][27/06/2025 16:35:20][WildStr][VBoxTray.exe]

[Throw dll injection][27/06/2025 16:35:20][WildStr][OneDrive.exe]

[Throw dll injection][27/06/2025 16:35:20][WildStr][sihost.exe]

[Throw dll injection][27/06/2025 16:35:20][WildStr][cmd.exe]

[Throw dll injection][27/06/2025 16:35:20][WildStr][svchost.exe]

[Throw dll injection][27/06/2025 16:35:20][WildStr][conhost.exe]

[Throw dll injection][27/06/2025 16:35:20][WildStr][svchost.exe]

[Throw dll injection][27/06/2025 16:35:20][WildStr][svchost.exe]

[Throw dll injection][27/06/2025 16:35:20][WildStr][taskhostw.exe]

[Throw dll injection][27/06/2025 16:35:20][WildStr][svchost.exe]

[Throw dll injection][27/06/2025 16:35:20][WildStr][MicrosoftEdgeUpdate.exe]

[Throw dll injection][27/06/2025 16:35:20][WildStr][svchost.exe]

[Throw dll injection][27/06/2025 16:35:20][WildStr][svchost.exe]

[Throw dll injection][27/06/2025 16:35:20][WildStr][svchost.exe]

[Throw dll injection][27/06/2025 16:35:20][WildStr][ctfmon.exe]

[Throw dll injection][27/06/2025 16:35:20][WildStr][svchost.exe]

[Throw dll injection][27/06/2025 16:35:20][WildStr][svchost.exe]

[Throw dll injection][27/06/2025 16:35:20][WildStr][svchost.exe]

[Throw dll injection][27/06/2025 16:35:20][WildStr][svchost.exe]

[Throw dll injection][27/06/2025 16:35:20][WildStr][powershell.exe]

[Throw dll injection][27/06/2025 16:35:20][WildStr][explorer.exe]

[Throw dll injection][27/06/2025 16:35:20][WildStr][Code.exe]

[Throw dll injection][27/06/2025 16:35:20][WildStr][svchost.exe]

[Throw dll injection][27/06/2025 16:35:20][WildStr][Code.exe]

[Throw dll injection][27/06/2025 16:35:20][WildStr][StartMenuExperienceHost.exe]

[Throw dll injection][27/06/2025 16:35:20][WildStr][Code.exe]

[Throw dll injection][27/06/2025 16:35:20][WildStr][RuntimeBroker.exe]

[Throw dll injection][27/06/2025 16:35:20][WildStr][Code.exe]

[Throw dll injection][27/06/2025 16:35:20][WildStr][SearchApp.exe]

[Throw dll injection][27/06/2025 16:35:20][WildStr][Code.exe]

[Throw dll injection][27/06/2025 16:35:20][WildStr][svchost.exe]

[Throw dll injection][27/06/2025 16:35:20][WildStr][Code.exe]

[Throw dll injection][27/06/2025 16:35:20][WildStr][RuntimeBroker.exe]

[Throw dll injection][27/06/2025 16:35:20][WildStr][Code.exe]

[Throw dll injection][27/06/2025 16:35:20][WildStr][RuntimeBroker.exe]

[Throw dll injection][27/06/2025 16:35:20][WildStr][Code.exe]

[Throw dll injection][27/06/2025 16:35:20][WildStr][svchost.exe]

[Throw dll injection][27/06/2025 16:35:20][WildStr][Code.exe]

[Throw dll injection][27/06/2025 16:35:20][WildStr][SecurityHealthSystray.exe]

[Throw dll injection][27/06/2025 16:35:20][WildStr][conhost.exe]

[Throw dll injection][27/06/2025 16:35:20][WildStr][SecurityHealthService.exe]

[Throw dll injection][27/06/2025 16:35:20][WildStr][powershell.exe]

[Throw dll injection][27/06/2025 16:35:20][WildStr][VBoxTray.exe]

[Throw dll injection][27/06/2025 16:35:20][WildStr][conhost.exe]

[Throw dll injection][27/06/2025 16:35:20][WildStr][OneDrive.exe]

[Throw dll injection][27/06/2025 16:35:20][WildStr][powershell.exe]

[Throw dll injection][27/06/2025 16:35:20][WildStr][cmd.exe]

[Throw dll injection][27/06/2025 16:35:20][WildStr][TextInputHost.exe]

[Throw dll injection][27/06/2025 16:35:20][WildStr][conhost.exe]

[Throw dll injection][27/06/2025 16:35:20][WildStr][Code.exe]

[Throw dll injection][27/06/2025 16:35:20][WildStr][svchost.exe]

[Throw dll injection][27/06/2025 16:35:20][WildStr][cpptools.exe]

[Throw dll injection][27/06/2025 16:35:20][WildStr][conhost.exe]

[Throw dll injection][27/06/2025 16:35:20][WildStr][svchost.exe]

[Throw dll injection][27/06/2025 16:35:20][WildStr][cpptools.exe]

[Throw dll injection][27/06/2025 16:35:20][WildStr][svchost.exe]

[Throw dll injection][27/06/2025 16:35:20][WildStr][ApplicationFrameHost.exe]

[Throw dll injection][27/06/2025 16:35:20][WildStr][svchost.exe]

[Throw dll injection][27/06/2025 16:35:20][WildStr][SystemSettings.exe]

[Throw dll injection][27/06/2025 16:35:20][WildStr][UserOOBEBroker.exe]

[Throw dll injection][27/06/2025 16:35:20][WildStr][svchost.exe]

[Throw dll injection][27/06/2025 16:35:20][WildStr][SearchApp.exe]

[Throw dll injection][27/06/2025 16:35:20][WildStr][powershell.exe]

[Throw dll injection][27/06/2025 16:35:20][WildStr][msedgewebview2.exe]

[Throw dll injection][27/06/2025 16:35:20][WildStr][Code.exe]

[Throw dll injection][27/06/2025 16:35:20][WildStr][Code.exe]
ew2.exe]

[Throw dll injection][27/06/2025 16:35:20][WildStr][msedgewebview2.exe]

[Throw dll injection][27/06/2025 16:35:20][WildStr][Code.exe]

[Throw dll injection][27/06/2025 16:35:20][WildStr][msedgewebview2.exe]

[Throw dll injection][27/06/2025 16:35:20][WildStr][Code.exe]

[Throw dll injection][27/06/2025 16:35:20][WildStr][msedgewebview2.exe]

[Throw dll injection][27/06/2025 16:35:20][WildStr][Code.exe]

[Throw dll injection][27/06/2025 16:35:20][WildStr][msedgewebview2.exe]

[Throw dll injection][27/06/2025 16:35:20][WildStr][Code.exe]

[Throw dll injection][27/06/2025 16:35:20][WildStr][FileCoAuth.exe]

[Throw dll injection][27/06/2025 16:35:20][WildStr][Code.exe]

[Throw dll injection][27/06/2025 16:35:20][WildStr][svchost.exe]

[Throw dll injection][27/06/2025 16:35:20][WildStr][Code.exe]


[Throw dll injection][27/06/2025 16:35:20][WildStr][msedge.exe]

[Throw dll injection][27/06/2025 16:35:20][WildStr][Code.exe]

[Throw dll injection][27/06/2025 16:35:20][WildStr][msedge.exe]

[Throw dll injection][27/06/2025 16:35:20][WildStr][conhost.exe]

[Throw dll injection][27/06/2025 16:35:20][WildStr][powershell.exe]

[Throw dll injection][27/06/2025 16:35:20][WildStr][msedge.exe]

[Throw dll injection][27/06/2025 16:35:20][WildStr][conhost.exe]

[Throw dll injection][27/06/2025 16:35:20][WildStr][svchost.exe]

[Throw dll injection][27/06/2025 16:35:20][WildStr][powershell.exe]

[Throw dll injection][27/06/2025 16:35:20][WildStr][svchost.exe]

[Throw dll injection][27/06/2025 16:35:20][WildStr][TextInputHost.exe]

[Throw dll injection][27/06/2025 16:35:20][WildStr][svchost.exe]

[Throw dll injection][27/06/2025 16:35:20][WildStr][Code.exe]

[Throw dll injection][27/06/2025 16:35:20][WildStr][dllhost.exe]

[Throw dll injection][27/06/2025 16:35:20][WildStr][cpptools.exe]

[Throw dll injection][27/06/2025 16:35:20][WildStr][ShellExperienceHost.exe]

[Throw dll injection][27/06/2025 16:35:20][WildStr][conhost.exe]

[Throw dll injection][27/06/2025 16:35:20][WildStr][RuntimeBroker.exe]

[Throw dll injection][27/06/2025 16:35:20][WildStr][cpptools.exe]

[Throw dll injection][27/06/2025 16:35:20][WildStr][vctip.exe]

[Throw dll injection][27/06/2025 16:35:20][WildStr][ApplicationFrameHost.exe]

[Throw dll injection][27/06/2025 16:35:20][WildStr][cpptools-srv.exe]

[Throw dll injection][27/06/2025 16:35:20][WildStr][SystemSettings.exe]

[Throw dll injection][27/06/2025 16:35:20][WildStr][conhost.exe]

[Throw dll injection][27/06/2025 16:35:20][WildStr][UserOOBEBroker.exe]

[Throw dll injection][27/06/2025 16:35:20][WildStr][cpptools-srv.exe]

[Throw dll injection][27/06/2025 16:35:20][WildStr][SearchApp.exe]

[Throw dll injection][27/06/2025 16:35:20][WildStr][conhost.exe]

[Throw dll injection][27/06/2025 16:35:20][WildStr][msedgewebview2.exe]

[Throw dll injection][27/06/2025 16:35:20][WildStr][svchost.exe]

[Throw dll injection][27/06/2025 16:35:20][WildStr][msedgewebview2.exe]

[Throw dll injection][27/06/2025 16:35:20][WildStr][Taskmgr.exe]

[Throw dll injection][27/06/2025 16:35:20][WildStr][msedgewebview2.exe]

[Throw dll injection][27/06/2025 16:35:20][Str][SystemTimeOfDayInformation]

[Throw dll injection][27/06/2025 16:35:20][WildStr][msedgewebview2.exe]

[Throw dll injection][27/06/2025 16:35:20][WildStr][msedgewebview2.exe]

[Throw dll injection][27/06/2025 16:35:20][WildStr][msedgewebview2.exe]

[Throw dll injection][27/06/2025 16:35:20][WildStr][FileCoAuth.exe]

[Throw dll injection][27/06/2025 16:35:20][WildStr][svchost.exe]

[Throw dll injection][27/06/2025 16:35:20][WildStr][msedge.exe]

[Throw dll injection][27/06/2025 16:35:20][WildStr][msedge.exe]

[Throw dll injection][27/06/2025 16:35:20][WildStr][msedge.exe]

[Throw dll injection][27/06/2025 16:35:20][WildStr][msedge.exe]

[Throw dll injection][27/06/2025 16:35:20][WildStr][msedge.exe]

[Throw dll injection][27/06/2025 16:35:20][WildStr][svchost.exe]

[Throw dll injection][27/06/2025 16:35:20][WildStr][svchost.exe]

[Throw dll injection][27/06/2025 16:35:20][WildStr][svchost.exe]

[Throw dll injection][27/06/2025 16:35:20][WildStr][dllhost.exe]

[Throw dll injection][27/06/2025 16:35:20][WildStr][ShellExperienceHost.exe]

[Throw dll injection][27/06/2025 16:35:20][WildStr][RuntimeBroker.exe]

[Throw dll injection][27/06/2025 16:35:20][WildStr][vctip.exe]

[Throw dll injection][27/06/2025 16:35:20][WildStr][cpptools-srv.exe]

[Throw dll injection][27/06/2025 16:35:20][WildStr][conhost.exe]

[Throw dll injection][27/06/2025 16:35:20][WildStr][cpptools-srv.exe]

[Throw dll injection][27/06/2025 16:35:20][WildStr][conhost.exe]

[Throw dll injection][27/06/2025 16:35:20][WildStr][svchost.exe]

[Throw dll injection][27/06/2025 16:35:20][WildStr][Taskmgr.exe]

[Throw dll injection][27/06/2025 16:35:21][Str][OrigNtQuerySystemInformation failed: 0xC0000023
]

[Throw dll injection][27/06/2025 16:35:21][Str][Noinfo]

[Throw dll injection][27/06/2025 16:35:21][Str][Noinfo]

[Throw dll injection][27/06/2025 16:35:21][Str][Noinfo]

[Throw dll injection][27/06/2025 16:35:21][Str][SystemProcessInformation]

[Throw dll injection][27/06/2025 16:35:21][Str][SystemProcessInformation]

[Throw dll injection][27/06/2025 16:35:21][WildStr][System]

[Throw dll injection][27/06/2025 16:35:21][WildStr][Registry]

[Throw dll injection][27/06/2025 16:35:21][WildStr][System]

[Throw dll injection][27/06/2025 16:35:21][WildStr][smss.exe]

[Throw dll injection][27/06/2025 16:35:21][WildStr][csrss.exe]

[Throw dll injection][27/06/2025 16:35:21][WildStr][wininit.exe]

[Throw dll injection][27/06/2025 16:35:21][WildStr][csrss.exe]

[Throw dll injection][27/06/2025 16:35:21][WildStr][smss.exe]

[Throw dll injection][27/06/2025 16:35:21][WildStr][winlogon.exe]

[Throw dll injection][27/06/2025 16:35:21][WildStr][services.exe]

[Throw dll injection][27/06/2025 16:35:21][WildStr][csrss.exe]

[Throw dll injection][27/06/2025 16:35:21][WildStr][lsass.exe]

[Throw dll injection][27/06/2025 16:35:21][WildStr][svchost.exe]

[Throw dll injection][27/06/2025 16:35:21][WildStr][wininit.exe]

[Throw dll injection][27/06/2025 16:35:21][WildStr][fontdrvhost.exe]

[Throw dll injection][27/06/2025 16:35:21][WildStr][fontdrvhost.exe]

[Throw dll injection][27/06/2025 16:35:21][WildStr][csrss.exe]

[Throw dll injection][27/06/2025 16:35:21][WildStr][svchost.exe]

[Throw dll injection][27/06/2025 16:35:21][WildStr][svchost.exe]

[Throw dll injection][27/06/2025 16:35:21][WildStr][winlogon.exe]

[Throw dll injection][27/06/2025 16:35:21][WildStr][dwm.exe]

[Throw dll injection][27/06/2025 16:35:21][WildStr][svchost.exe]

[Throw dll injection][27/06/2025 16:35:21][WildStr][services.exe]

[Throw dll injection][27/06/2025 16:35:21][WildStr][svchost.exe]

[Throw dll injection][27/06/2025 16:35:21][WildStr][svchost.exe]

[Throw dll injection][27/06/2025 16:35:21][WildStr][lsass.exe]

[Throw dll injection][27/06/2025 16:35:21][WildStr][svchost.exe]

[Throw dll injection][27/06/2025 16:35:21][WildStr][svchost.exe]

[Throw dll injection][27/06/2025 16:35:21][WildStr][svchost.exe]

[Throw dll injection][27/06/2025 16:35:21][WildStr][svchost.exe]

[Throw dll injection][27/06/2025 16:35:21][WildStr][svchost.exe]

[Throw dll injection][27/06/2025 16:35:21][WildStr][fontdrvhost.exe]

[Throw dll injection][27/06/2025 16:35:21][WildStr][svchost.exe]

[Throw dll injection][27/06/2025 16:35:21][WildStr][svchost.exe]

[Throw dll injection][27/06/2025 16:35:21][WildStr][fontdrvhost.exe]

[Throw dll injection][27/06/2025 16:35:21][WildStr][svchost.exe]

[Throw dll injection][27/06/2025 16:35:21][WildStr][svchost.exe]

[Throw dll injection][27/06/2025 16:35:21][WildStr][svchost.exe]

[Throw dll injection][27/06/2025 16:35:21][WildStr][svchost.exe]

[Throw dll injection][27/06/2025 16:35:21][WildStr][svchost.exe]

[Throw dll injection][27/06/2025 16:35:21][WildStr][VBoxService.exe]

[Throw dll injection][27/06/2025 16:35:21][WildStr][svchost.exe]

[Throw dll injection][27/06/2025 16:35:21][WildStr][dwm.exe]

[Throw dll injection][27/06/2025 16:35:21][WildStr][svchost.exe]

[Throw dll injection][27/06/2025 16:35:21][WildStr][svchost.exe]

[Throw dll injection][27/06/2025 16:35:21][WildStr][svchost.exe]

[Throw dll injection][27/06/2025 16:35:21][WildStr][svchost.exe]

[Throw dll injection][27/06/2025 16:35:21][WildStr][svchost.exe]

[Throw dll injection][27/06/2025 16:35:21][WildStr][svchost.exe]

[Throw dll injection][27/06/2025 16:35:21][WildStr][svchost.exe]

[Throw dll injection][27/06/2025 16:35:21][WildStr][Memory Compression]

[Throw dll injection][27/06/2025 16:35:21][WildStr][svchost.exe]

[Throw dll injection][27/06/2025 16:35:21][WildStr][svchost.exe]

[Throw dll injection][27/06/2025 16:35:21][WildStr][svchost.exe]

[Throw dll injection][27/06/2025 16:35:21][WildStr][svchost.exe]

[Throw dll injection][27/06/2025 16:35:21][WildStr][svchost.exe]

[Throw dll injection][27/06/2025 16:35:21][WildStr][svchost.exe]

[Throw dll injection][27/06/2025 16:35:21][WildStr][svchost.exe]

[Throw dll injection][27/06/2025 16:35:21][WildStr][svchost.exe]

[Throw dll injection][27/06/2025 16:35:21][WildStr][svchost.exe]

[Throw dll injection][27/06/2025 16:35:21][WildStr][svchost.exe]

[Throw dll injection][27/06/2025 16:35:21][WildStr][svchost.exe]

[Throw dll injection][27/06/2025 16:35:21][WildStr][svchost.exe]

[Throw dll injection][27/06/2025 16:35:21][WildStr][svchost.exe]

[Throw dll injection][27/06/2025 16:35:21][WildStr][spoolsv.exe]

[Throw dll injection][27/06/2025 16:35:21][WildStr][svchost.exe]

[Throw dll injection][27/06/2025 16:35:21][WildStr][svchost.exe]

[Throw dll injection][27/06/2025 16:35:21][WildStr][svchost.exe]

[Throw dll injection][27/06/2025 16:35:21][WildStr][svchost.exe]

[Throw dll injection][27/06/2025 16:35:21][WildStr][svchost.exe]

[Throw dll injection][27/06/2025 16:35:21][WildStr][svchost.exe]

[Throw dll injection][27/06/2025 16:35:21][WildStr][ssh-agent.exe]

[Throw dll injection][27/06/2025 16:35:21][WildStr][svchost.exe]

[Throw dll injection][27/06/2025 16:35:21][WildStr][sshd.exe]

[Throw dll injection][27/06/2025 16:35:21][WildStr][svchost.exe]

[Throw dll injection][27/06/2025 16:35:21][WildStr][svchost.exe]

[Throw dll injection][27/06/2025 16:35:21][WildStr][svchost.exe]

[Throw dll injection][27/06/2025 16:35:21][WildStr][svchost.exe]

[Throw dll injection][27/06/2025 16:35:21][WildStr][svchost.exe]

[Throw dll injection][27/06/2025 16:35:21][WildStr][svchost.exe]

[Throw dll injection][27/06/2025 16:35:21][WildStr][svchost.exe]

[Throw dll injection][27/06/2025 16:35:21][WildStr][svchost.exe]

[Throw dll injection][27/06/2025 16:35:21][WildStr][svchost.exe]

[Throw dll injection][27/06/2025 16:35:21][WildStr][svchost.exe]

[Throw dll injection][27/06/2025 16:35:21][WildStr][VBoxService.exe]

[Throw dll injection][27/06/2025 16:35:21][WildStr][svchost.exe]

[Throw dll injection][27/06/2025 16:35:21][WildStr][svchost.exe]

[Throw dll injection][27/06/2025 16:35:21][WildStr][MpDefenderCoreService.exe]

[Throw dll injection][27/06/2025 16:35:21][WildStr][MsMpEng.exe]

[Throw dll injection][27/06/2025 16:35:21][WildStr][svchost.exe]

[Throw dll injection][27/06/2025 16:35:21][WildStr][SearchIndexer.exe]

[Throw dll injection][27/06/2025 16:35:21][WildStr][AggregatorHost.exe]

[Throw dll injection][27/06/2025 16:35:21][WildStr][svchost.exe]

[Throw dll injection][27/06/2025 16:35:21][WildStr][dllhost.exe]

[Throw dll injection][27/06/2025 16:35:21][WildStr][svchost.exe]

[Throw dll injection][27/06/2025 16:35:21][WildStr][svchost.exe]

[Throw dll injection][27/06/2025 16:35:21][WildStr][NisSrv.exe]

[Throw dll injection][27/06/2025 16:35:21][WildStr][svchost.exe]

[Throw dll injection][27/06/2025 16:35:21][WildStr][sihost.exe]

[Throw dll injection][27/06/2025 16:35:21][WildStr][svchost.exe]

[Throw dll injection][27/06/2025 16:35:21][WildStr][svchost.exe]

[Throw dll injection][27/06/2025 16:35:21][WildStr][svchost.exe]

[Throw dll injection][27/06/2025 16:35:21][WildStr][taskhostw.exe]
on]

[Throw dll injection][27/06/2025 16:35:21][WildStr][MicrosoftEdgeUpdate.exe]

[Throw dll injection][27/06/2025 16:35:21][WildStr][svchost.exe]

[Throw dll injection][27/06/2025 16:35:21][WildStr][ctfmon.exe]

[Throw dll injection][27/06/2025 16:35:21][WildStr][svchost.exe]

[Throw dll injection][27/06/2025 16:35:21][WildStr][svchost.exe]

[Throw dll injection][27/06/2025 16:35:21][WildStr][svchost.exe]

[Throw dll injection][27/06/2025 16:35:21][WildStr][svchost.exe]

[Throw dll injection][27/06/2025 16:35:21][WildStr][explorer.exe]

[Throw dll injection][27/06/2025 16:35:21][WildStr][svchost.exe]

[Throw dll injection][27/06/2025 16:35:21][WildStr][StartMenuExperienceHost.exe]

[Throw dll injection][27/06/2025 16:35:21][WildStr][svchost.exe]

[Throw dll injection][27/06/2025 16:35:21][WildStr][RuntimeBroker.exe]

[Throw dll injection][27/06/2025 16:35:21][WildStr][SearchApp.exe]

[Throw dll injection][27/06/2025 16:35:21][WildStr][svchost.exe]

[Throw dll injection][27/06/2025 16:35:21][WildStr][svchost.exe]

[Throw dll injection][27/06/2025 16:35:21][WildStr][RuntimeBroker.exe]

[Throw dll injection][27/06/2025 16:35:21][WildStr][RuntimeBroker.exe]

[Throw dll injection][27/06/2025 16:35:21][WildStr][svchost.exe]

[Throw dll injection][27/06/2025 16:35:21][WildStr][svchost.exe]

[Throw dll injection][27/06/2025 16:35:21][WildStr][SecurityHealthSystray.exe]

[Throw dll injection][27/06/2025 16:35:21][WildStr][svchost.exe]

[Throw dll injection][27/06/2025 16:35:21][WildStr][SecurityHealthService.exe]

[Throw dll injection][27/06/2025 16:35:21][WildStr][VBoxTray.exe]

[Throw dll injection][27/06/2025 16:35:21][WildStr][spoolsv.exe]

[Throw dll injection][27/06/2025 16:35:21][WildStr][OneDrive.exe]

[Throw dll injection][27/06/2025 16:35:21][WildStr][cmd.exe]
e]

[Throw dll injection][27/06/2025 16:35:21][WildStr][conhost.exe]

[Throw dll injection][27/06/2025 16:35:21][WildStr][svchost.exe]

[Throw dll injection][27/06/2025 16:35:21][WildStr][svchost.exe]

[Throw dll injection][27/06/2025 16:35:21][WildStr][svchost.exe]

[Throw dll injection][27/06/2025 16:35:21][WildStr][svchost.exe]

[Throw dll injection][27/06/2025 16:35:21][WildStr][svchost.exe]

[Throw dll injection][27/06/2025 16:35:21][WildStr][svchost.exe]

[Throw dll injection][27/06/2025 16:35:21][WildStr][svchost.exe]

[Throw dll injection][27/06/2025 16:35:21][WildStr][svchost.exe]

[Throw dll injection][27/06/2025 16:35:21][WildStr][ssh-agent.exe]

[Throw dll injection][27/06/2025 16:35:21][WildStr][svchost.exe]

[Throw dll injection][27/06/2025 16:35:21][WildStr][powershell.exe]

[Throw dll injection][27/06/2025 16:35:21][WildStr][sshd.exe]

[Throw dll injection][27/06/2025 16:35:21][WildStr][Code.exe]

[Throw dll injection][27/06/2025 16:35:21][WildStr][Code.exe]

[Throw dll injection][27/06/2025 16:35:21][WildStr][svchost.exe]

[Throw dll injection][27/06/2025 16:35:21][WildStr][Code.exe]

[Throw dll injection][27/06/2025 16:35:21][WildStr][Code.exe]

[Throw dll injection][27/06/2025 16:35:21][WildStr][svchost.exe]

[Throw dll injection][27/06/2025 16:35:21][WildStr][Code.exe]

[Throw dll injection][27/06/2025 16:35:21][WildStr][Code.exe]

[Throw dll injection][27/06/2025 16:35:21][WildStr][svchost.exe]

[Throw dll injection][27/06/2025 16:35:21][WildStr][Code.exe]

[Throw dll injection][27/06/2025 16:35:21][WildStr][Code.exe]

[Throw dll injection][27/06/2025 16:35:21][WildStr][svchost.exe]

[Throw dll injection][27/06/2025 16:35:21][WildStr][Code.exe]

[Throw dll injection][27/06/2025 16:35:21][WildStr][conhost.exe]

[Throw dll injection][27/06/2025 16:35:21][WildStr][svchost.exe]

[Throw dll injection][27/06/2025 16:35:21][WildStr][powershell.exe]

[Throw dll injection][27/06/2025 16:35:21][WildStr][conhost.exe]

[Throw dll injection][27/06/2025 16:35:21][WildStr][powershell.exe]

[Throw dll injection][27/06/2025 16:35:21][WildStr][TextInputHost.exe]

[Throw dll injection][27/06/2025 16:35:21][WildStr][svchost.exe]

[Throw dll injection][27/06/2025 16:35:21][WildStr][Code.exe]

[Throw dll injection][27/06/2025 16:35:21][WildStr][cpptools.exe]

[Throw dll injection][27/06/2025 16:35:21][WildStr][conhost.exe]

[Throw dll injection][27/06/2025 16:35:21][WildStr][svchost.exe]

[Throw dll injection][27/06/2025 16:35:21][WildStr][cpptools.exe]

[Throw dll injection][27/06/2025 16:35:21][WildStr][ApplicationFrameHost.exe]

[Throw dll injection][27/06/2025 16:35:21][WildStr][MpDefenderCoreService.exe]

[Throw dll injection][27/06/2025 16:35:21][WildStr][SystemSettings.exe]

[Throw dll injection][27/06/2025 16:35:21][WildStr][MsMpEng.exe]

[Throw dll injection][27/06/2025 16:35:21][WildStr][UserOOBEBroker.exe]

[Throw dll injection][27/06/2025 16:35:21][WildStr][SearchIndexer.exe]

[Throw dll injection][27/06/2025 16:35:21][WildStr][SearchApp.exe]

[Throw dll injection][27/06/2025 16:35:21][WildStr][msedgewebview2.exe]

[Throw dll injection][27/06/2025 16:35:21][WildStr][AggregatorHost.exe]

[Throw dll injection][27/06/2025 16:35:21][WildStr][msedgewebview2.exe]

[Throw dll injection][27/06/2025 16:35:21][WildStr][msedgewebview2.exe]

[Throw dll injection][27/06/2025 16:35:21][WildStr][msedgewebview2.exe]

[Throw dll injection][27/06/2025 16:35:21][WildStr][svchost.exe]

[Throw dll injection][27/06/2025 16:35:21][WildStr][msedgewebview2.exe]

[Throw dll injection][27/06/2025 16:35:21][WildStr][NisSrv.exe]

[Throw dll injection][27/06/2025 16:35:21][WildStr][msedgewebview2.exe]

[Throw dll injection][27/06/2025 16:35:21][WildStr][sihost.exe]

[Throw dll injection][27/06/2025 16:35:21][WildStr][FileCoAuth.exe]

[Throw dll injection][27/06/2025 16:35:21][WildStr][svchost.exe]

[Throw dll injection][27/06/2025 16:35:21][WildStr][svchost.exe]

[Throw dll injection][27/06/2025 16:35:21][WildStr][msedge.exe]

[Throw dll injection][27/06/2025 16:35:21][WildStr][msedge.exe]

[Throw dll injection][27/06/2025 16:35:21][WildStr][svchost.exe]

[Throw dll injection][27/06/2025 16:35:21][WildStr][msedge.exe]

[Throw dll injection][27/06/2025 16:35:21][WildStr][taskhostw.exe]

[Throw dll injection][27/06/2025 16:35:21][WildStr][msedge.exe]

[Throw dll injection][27/06/2025 16:35:21][WildStr][msedge.exe]

[Throw dll injection][27/06/2025 16:35:21][WildStr][MicrosoftEdgeUpdate.exe]

[Throw dll injection][27/06/2025 16:35:21][WildStr][svchost.exe]

[Throw dll injection][27/06/2025 16:35:21][WildStr][svchost.exe]

[Throw dll injection][27/06/2025 16:35:21][WildStr][svchost.exe]

[Throw dll injection][27/06/2025 16:35:21][WildStr][ctfmon.exe]

[Throw dll injection][27/06/2025 16:35:21][WildStr][svchost.exe]

[Throw dll injection][27/06/2025 16:35:21][WildStr][svchost.exe]

[Throw dll injection][27/06/2025 16:35:21][WildStr][dllhost.exe]

[Throw dll injection][27/06/2025 16:35:21][WildStr][svchost.exe]

[Throw dll injection][27/06/2025 16:35:21][WildStr][ShellExperienceHost.exe]

[Throw dll injection][27/06/2025 16:35:21][WildStr][explorer.exe]
xe]

[Throw dll injection][27/06/2025 16:35:21][WildStr][svchost.exe]

[Throw dll injection][27/06/2025 16:35:21][WildStr][cpptools-srv.exe]

[Throw dll injection][27/06/2025 16:35:21][WildStr][StartMenuExperienceHost.exe]

[Throw dll injection][27/06/2025 16:35:21][WildStr][conhost.exe]

[Throw dll injection][27/06/2025 16:35:21][WildStr][RuntimeBroker.exe]

[Throw dll injection][27/06/2025 16:35:21][WildStr][cpptools-srv.exe]

[Throw dll injection][27/06/2025 16:35:21][WildStr][SearchApp.exe]

[Throw dll injection][27/06/2025 16:35:21][WildStr][conhost.exe]

[Throw dll injection][27/06/2025 16:35:21][WildStr][svchost.exe]

[Throw dll injection][27/06/2025 16:35:21][WildStr][svchost.exe]

[Throw dll injection][27/06/2025 16:35:21][WildStr][RuntimeBroker.exe]

[Throw dll injection][27/06/2025 16:35:21][WildStr][RuntimeBroker.exe]

[Throw dll injection][27/06/2025 16:35:21][WildStr][svchost.exe]

[Throw dll injection][27/06/2025 16:35:21][Str][SystemTimeOfDayInformation]

[Throw dll injection][27/06/2025 16:35:21][WildStr][SecurityHealthSystray.exe]

[Throw dll injection][27/06/2025 16:35:21][WildStr][SecurityHealthService.exe]

[Throw dll injection][27/06/2025 16:35:21][WildStr][VBoxTray.exe]

[Throw dll injection][27/06/2025 16:35:21][WildStr][OneDrive.exe]

[Throw dll injection][27/06/2025 16:35:21][WildStr][cmd.exe]

[Throw dll injection][27/06/2025 16:35:21][WildStr][conhost.exe]

[Throw dll injection][27/06/2025 16:35:21][WildStr][svchost.exe]

[Throw dll injection][27/06/2025 16:35:21][WildStr][svchost.exe]

[Throw dll injection][27/06/2025 16:35:21][WildStr][svchost.exe]

[Throw dll injection][27/06/2025 16:35:21][WildStr][svchost.exe]

[Throw dll injection][27/06/2025 16:35:21][WildStr][svchost.exe]

[Throw dll injection][27/06/2025 16:35:21][WildStr][svchost.exe]

[Throw dll injection][27/06/2025 16:35:21][WildStr][powershell.exe]

[Throw dll injection][27/06/2025 16:35:21][WildStr][Code.exe]

[Throw dll injection][27/06/2025 16:35:21][WildStr][Code.exe]

[Throw dll injection][27/06/2025 16:35:21][WildStr][Code.exe]

[Throw dll injection][27/06/2025 16:35:21][WildStr][Code.exe]

[Throw dll injection][27/06/2025 16:35:21][WildStr][Code.exe]

[Throw dll injection][27/06/2025 16:35:21][WildStr][Code.exe]

[Throw dll injection][27/06/2025 16:35:21][WildStr][Code.exe]

[Throw dll injection][27/06/2025 16:35:21][WildStr][Code.exe]

[Throw dll injection][27/06/2025 16:35:21][WildStr][Code.exe]

[Throw dll injection][27/06/2025 16:35:21][WildStr][conhost.exe]

[Throw dll injection][27/06/2025 16:35:21][WildStr][powershell.exe]

[Throw dll injection][27/06/2025 16:35:21][WildStr][conhost.exe]

[Throw dll injection][27/06/2025 16:35:21][WildStr][powershell.exe]

[Throw dll injection][27/06/2025 16:35:21][WildStr][TextInputHost.exe]

[Throw dll injection][27/06/2025 16:35:21][WildStr][Code.exe]

[Throw dll injection][27/06/2025 16:35:21][WildStr][cpptools.exe]

[Throw dll injection][27/06/2025 16:35:21][WildStr][conhost.exe]

[Throw dll injection][27/06/2025 16:35:21][WildStr][cpptools.exe]

[Throw dll injection][27/06/2025 16:35:21][WildStr][ApplicationFrameHost.exe]

[Throw dll injection][27/06/2025 16:35:21][WildStr][SystemSettings.exe]

[Throw dll injection][27/06/2025 16:35:21][WildStr][UserOOBEBroker.exe]

[Throw dll injection][27/06/2025 16:35:21][WildStr][SearchApp.exe]

[Throw dll injection][27/06/2025 16:35:21][WildStr][msedgewebview2.exe]

[Throw dll injection][27/06/2025 16:35:21][WildStr][msedgewebview2.exe]

[Throw dll injection][27/06/2025 16:35:21][WildStr][msedgewebview2.exe]

[Throw dll injection][27/06/2025 16:35:21][WildStr][msedgewebview2.exe]

[Throw dll injection][27/06/2025 16:35:21][WildStr][msedgewebview2.exe]

[Throw dll injection][27/06/2025 16:35:21][WildStr][msedgewebview2.exe]

[Throw dll injection][27/06/2025 16:35:21][WildStr][FileCoAuth.exe]

[Throw dll injection][27/06/2025 16:35:21][WildStr][svchost.exe]

[Throw dll injection][27/06/2025 16:35:21][WildStr][msedge.exe]

[Throw dll injection][27/06/2025 16:35:21][WildStr][msedge.exe]

[Throw dll injection][27/06/2025 16:35:21][WildStr][msedge.exe]

[Throw dll injection][27/06/2025 16:35:21][WildStr][msedge.exe]

[Throw dll injection][27/06/2025 16:35:21][WildStr][msedge.exe]

[Throw dll injection][27/06/2025 16:35:21][WildStr][svchost.exe]

[Throw dll injection][27/06/2025 16:35:21][WildStr][svchost.exe]

[Throw dll injection][27/06/2025 16:35:21][WildStr][svchost.exe]

[Throw dll injection][27/06/2025 16:35:21][WildStr][dllhost.exe]

[Throw dll injection][27/06/2025 16:35:21][WildStr][ShellExperienceHost.exe]

[Throw dll injection][27/06/2025 16:35:21][WildStr][RuntimeBroker.exe]

[Throw dll injection][27/06/2025 16:35:21][WildStr][vctip.exe]

[Throw dll injection][27/06/2025 16:35:21][WildStr][cpptools-srv.exe]

[Throw dll injection][27/06/2025 16:35:21][WildStr][conhost.exe]

[Throw dll injection][27/06/2025 16:35:21][WildStr][cpptools-srv.exe]

[Throw dll injection][27/06/2025 16:35:21][WildStr][conhost.exe]

[Throw dll injection][27/06/2025 16:35:21][WildStr][svchost.exe]

[Throw dll injection][27/06/2025 16:35:21][WildStr][Taskmgr.exe]

[Throw dll injection][27/06/2025 16:35:22][Str][OrigNtQuerySystemInformation failed: 0xC0000023
]

[Throw dll injection][27/06/2025 16:35:22][Str][Noinfo]

[Throw dll injection][27/06/2025 16:35:22][Str][Noinfo]

[Throw dll injection][27/06/2025 16:35:22][Str][Noinfo]

[Throw dll injection][27/06/2025 16:35:22][Str][SystemProcessInformation]

[Throw dll injection][27/06/2025 16:35:22][Str][SystemProcessInformation]

[Throw dll injection][27/06/2025 16:35:22][WildStr][System]

[Throw dll injection][27/06/2025 16:35:22][WildStr][System]

[Throw dll injection][27/06/2025 16:35:22][WildStr][Registry]

[Throw dll injection][27/06/2025 16:35:22][WildStr][Registry]

[Throw dll injection][27/06/2025 16:35:22][WildStr][smss.exe]

[Throw dll injection][27/06/2025 16:35:22][WildStr][csrss.exe]

[Throw dll injection][27/06/2025 16:35:22][WildStr][csrss.exe]

[Throw dll injection][27/06/2025 16:35:22][WildStr][wininit.exe]

[Throw dll injection][27/06/2025 16:35:22][WildStr][wininit.exe]

[Throw dll injection][27/06/2025 16:35:22][WildStr][csrss.exe]

[Throw dll injection][27/06/2025 16:35:22][WildStr][csrss.exe]

[Throw dll injection][27/06/2025 16:35:22][WildStr][winlogon.exe]

[Throw dll injection][27/06/2025 16:35:22][WildStr][winlogon.exe]

[Throw dll injection][27/06/2025 16:35:22][WildStr][services.exe]

[Throw dll injection][27/06/2025 16:35:22][WildStr][services.exe]

[Throw dll injection][27/06/2025 16:35:22][WildStr][lsass.exe]

[Throw dll injection][27/06/2025 16:35:22][WildStr][lsass.exe]

[Throw dll injection][27/06/2025 16:35:22][WildStr][svchost.exe]

[Throw dll injection][27/06/2025 16:35:22][WildStr][svchost.exe]

[Throw dll injection][27/06/2025 16:35:22][WildStr][fontdrvhost.exe]

[Throw dll injection][27/06/2025 16:35:22][WildStr][fontdrvhost.exe]

[Throw dll injection][27/06/2025 16:35:22][WildStr][fontdrvhost.exe]

[Throw dll injection][27/06/2025 16:35:22][WildStr][fontdrvhost.exe]

[Throw dll injection][27/06/2025 16:35:22][WildStr][svchost.exe]

[Throw dll injection][27/06/2025 16:35:22][WildStr][svchost.exe]

[Throw dll injection][27/06/2025 16:35:22][WildStr][svchost.exe]

[Throw dll injection][27/06/2025 16:35:22][WildStr][svchost.exe]

[Throw dll injection][27/06/2025 16:35:22][WildStr][dwm.exe]

[Throw dll injection][27/06/2025 16:35:22][WildStr][dwm.exe]

[Throw dll injection][27/06/2025 16:35:22][WildStr][svchost.exe]

[Throw dll injection][27/06/2025 16:35:22][WildStr][svchost.exe]

[Throw dll injection][27/06/2025 16:35:22][WildStr][svchost.exe]

[Throw dll injection][27/06/2025 16:35:22][WildStr][svchost.exe]

[Throw dll injection][27/06/2025 16:35:22][WildStr][svchost.exe]

[Throw dll injection][27/06/2025 16:35:22][WildStr][svchost.exe]

[Throw dll injection][27/06/2025 16:35:22][WildStr][svchost.exe]

[Throw dll injection][27/06/2025 16:35:22][WildStr][svchost.exe]

[Throw dll injection][27/06/2025 16:35:22][WildStr][svchost.exe]

[Throw dll injection][27/06/2025 16:35:22][WildStr][svchost.exe]

[Throw dll injection][27/06/2025 16:35:22][WildStr][svchost.exe]

[Throw dll injection][27/06/2025 16:35:22][WildStr][svchost.exe]

[Throw dll injection][27/06/2025 16:35:22][WildStr][svchost.exe]

[Throw dll injection][27/06/2025 16:35:22][WildStr][svchost.exe]

[Throw dll injection][27/06/2025 16:35:22][WildStr][svchost.exe]

[Throw dll injection][27/06/2025 16:35:22][WildStr][svchost.exe]

[Throw dll injection][27/06/2025 16:35:22][WildStr][svchost.exe]

[Throw dll injection][27/06/2025 16:35:22][WildStr][svchost.exe]

[Throw dll injection][27/06/2025 16:35:22][WildStr][svchost.exe]

[Throw dll injection][27/06/2025 16:35:22][WildStr][svchost.exe]

[Throw dll injection][27/06/2025 16:35:22][WildStr][svchost.exe]

[Throw dll injection][27/06/2025 16:35:22][WildStr][svchost.exe]

[Throw dll injection][27/06/2025 16:35:22][WildStr][svchost.exe]

[Throw dll injection][27/06/2025 16:35:22][WildStr][svchost.exe]

[Throw dll injection][27/06/2025 16:35:22][WildStr][svchost.exe]

[Throw dll injection][27/06/2025 16:35:22][WildStr][VBoxService.exe]

[Throw dll injection][27/06/2025 16:35:22][WildStr][VBoxService.exe]

[Throw dll injection][27/06/2025 16:35:22][WildStr][svchost.exe]

[Throw dll injection][27/06/2025 16:35:22][WildStr][svchost.exe]

[Throw dll injection][27/06/2025 16:35:22][WildStr][svchost.exe]

[Throw dll injection][27/06/2025 16:35:22][WildStr][svchost.exe]

[Throw dll injection][27/06/2025 16:35:22][WildStr][svchost.exe]

[Throw dll injection][27/06/2025 16:35:22][WildStr][svchost.exe]

[Throw dll injection][27/06/2025 16:35:22][WildStr][svchost.exe]

[Throw dll injection][27/06/2025 16:35:22][WildStr][svchost.exe]

[Throw dll injection][27/06/2025 16:35:22][WildStr][svchost.exe]

[Throw dll injection][27/06/2025 16:35:22][WildStr][svchost.exe]

[Throw dll injection][27/06/2025 16:35:22][WildStr][Memory Compression]

[Throw dll injection][27/06/2025 16:35:22][WildStr][svchost.exe]

[Throw dll injection][27/06/2025 16:35:22][WildStr][svchost.exe]

[Throw dll injection][27/06/2025 16:35:22][WildStr][svchost.exe]

[Throw dll injection][27/06/2025 16:35:22][WildStr][Memory Compression]

[Throw dll injection][27/06/2025 16:35:22][WildStr][svchost.exe]

[Throw dll injection][27/06/2025 16:35:22][WildStr][svchost.exe]

[Throw dll injection][27/06/2025 16:35:22][WildStr][svchost.exe]

[Throw dll injection][27/06/2025 16:35:22][WildStr][svchost.exe]

[Throw dll injection][27/06/2025 16:35:22][WildStr][svchost.exe]

[Throw dll injection][27/06/2025 16:35:22][WildStr][svchost.exe]

[Throw dll injection][27/06/2025 16:35:22][WildStr][svchost.exe]

[Throw dll injection][27/06/2025 16:35:22][WildStr][spoolsv.exe]

[Throw dll injection][27/06/2025 16:35:22][WildStr][svchost.exe]

[Throw dll injection][27/06/2025 16:35:22][WildStr][svchost.exe]

[Throw dll injection][27/06/2025 16:35:22][WildStr][svchost.exe]

[Throw dll injection][27/06/2025 16:35:22][WildStr][svchost.exe]

[Throw dll injection][27/06/2025 16:35:22][WildStr][svchost.exe]

[Throw dll injection][27/06/2025 16:35:22][WildStr][svchost.exe]

[Throw dll injection][27/06/2025 16:35:22][WildStr][svchost.exe]

[Throw dll injection][27/06/2025 16:35:22][WildStr][ssh-agent.exe]

[Throw dll injection][27/06/2025 16:35:22][WildStr][sshd.exe]

[Throw dll injection][27/06/2025 16:35:22][WildStr][svchost.exe]

[Throw dll injection][27/06/2025 16:35:22][WildStr][svchost.exe]

[Throw dll injection][27/06/2025 16:35:22][WildStr][svchost.exe]

[Throw dll injection][27/06/2025 16:35:22][WildStr][svchost.exe]

[Throw dll injection][27/06/2025 16:35:22][WildStr][svchost.exe]

[Throw dll injection][27/06/2025 16:35:22][WildStr][svchost.exe]

[Throw dll injection][27/06/2025 16:35:22][WildStr][svchost.exe]

[Throw dll injection][27/06/2025 16:35:22][WildStr][svchost.exe]

[Throw dll injection][27/06/2025 16:35:22][WildStr][svchost.exe]

[Throw dll injection][27/06/2025 16:35:22][WildStr][spoolsv.exe]

[Throw dll injection][27/06/2025 16:35:22][WildStr][svchost.exe]

[Throw dll injection][27/06/2025 16:35:22][WildStr][svchost.exe]

[Throw dll injection][27/06/2025 16:35:22][WildStr][svchost.exe]

[Throw dll injection][27/06/2025 16:35:22][WildStr][svchost.exe]

[Throw dll injection][27/06/2025 16:35:22][WildStr][MpDefenderCoreService.exe]

[Throw dll injection][27/06/2025 16:35:22][WildStr][svchost.exe]

[Throw dll injection][27/06/2025 16:35:22][WildStr][MsMpEng.exe]

[Throw dll injection][27/06/2025 16:35:22][WildStr][SearchIndexer.exe]

[Throw dll injection][27/06/2025 16:35:22][WildStr][svchost.exe]

[Throw dll injection][27/06/2025 16:35:22][WildStr][AggregatorHost.exe]

[Throw dll injection][27/06/2025 16:35:22][WildStr][dllhost.exe]

[Throw dll injection][27/06/2025 16:35:22][WildStr][svchost.exe]

[Throw dll injection][27/06/2025 16:35:22][WildStr][svchost.exe]

[Throw dll injection][27/06/2025 16:35:22][WildStr][ssh-agent.exe]

[Throw dll injection][27/06/2025 16:35:22][WildStr][sihost.exe]

[Throw dll injection][27/06/2025 16:35:22][WildStr][sshd.exe]

[Throw dll injection][27/06/2025 16:35:22][WildStr][svchost.exe]

[Throw dll injection][27/06/2025 16:35:22][WildStr][svchost.exe]

[Throw dll injection][27/06/2025 16:35:22][WildStr][svchost.exe]

[Throw dll injection][27/06/2025 16:35:22][WildStr][taskhostw.exe]

[Throw dll injection][27/06/2025 16:35:22][WildStr][MicrosoftEdgeUpdate.exe]

[Throw dll injection][27/06/2025 16:35:22][WildStr][svchost.exe]

[Throw dll injection][27/06/2025 16:35:22][WildStr][svchost.exe]

[Throw dll injection][27/06/2025 16:35:22][WildStr][svchost.exe]

[Throw dll injection][27/06/2025 16:35:22][WildStr][svchost.exe]

[Throw dll injection][27/06/2025 16:35:22][WildStr][svchost.exe]

[Throw dll injection][27/06/2025 16:35:22][WildStr][explorer.exe]

[Throw dll injection][27/06/2025 16:35:22][WildStr][svchost.exe]

[Throw dll injection][27/06/2025 16:35:22][WildStr][svchost.exe]

[Throw dll injection][27/06/2025 16:35:22][WildStr][StartMenuExperienceHost.exe]

[Throw dll injection][27/06/2025 16:35:22][WildStr][svchost.exe]

[Throw dll injection][27/06/2025 16:35:22][WildStr][RuntimeBroker.exe]

[Throw dll injection][27/06/2025 16:35:22][WildStr][SearchApp.exe]

[Throw dll injection][27/06/2025 16:35:22][WildStr][svchost.exe]

[Throw dll injection][27/06/2025 16:35:22][WildStr][svchost.exe]

[Throw dll injection][27/06/2025 16:35:22][WildStr][RuntimeBroker.exe]

[Throw dll injection][27/06/2025 16:35:22][WildStr][svchost.exe]

[Throw dll injection][27/06/2025 16:35:22][WildStr][RuntimeBroker.exe]

[Throw dll injection][27/06/2025 16:35:22][WildStr][svchost.exe]

[Throw dll injection][27/06/2025 16:35:22][WildStr][svchost.exe]

[Throw dll injection][27/06/2025 16:35:22][WildStr][SecurityHealthSystray.exe]

[Throw dll injection][27/06/2025 16:35:22][WildStr][SecurityHealthService.exe]

[Throw dll injection][27/06/2025 16:35:22][WildStr][MpDefenderCoreService.exe]

[Throw dll injection][27/06/2025 16:35:22][WildStr][VBoxTray.exe]

[Throw dll injection][27/06/2025 16:35:22][WildStr][OneDrive.exe]

[Throw dll injection][27/06/2025 16:35:22][WildStr][MsMpEng.exe]

[Throw dll injection][27/06/2025 16:35:22][WildStr][cmd.exe]

[Throw dll injection][27/06/2025 16:35:22][WildStr][conhost.exe]

[Throw dll injection][27/06/2025 16:35:22][WildStr][SearchIndexer.exe]

[Throw dll injection][27/06/2025 16:35:22][WildStr][svchost.exe]

[Throw dll injection][27/06/2025 16:35:22][WildStr][svchost.exe]

[Throw dll injection][27/06/2025 16:35:22][WildStr][AggregatorHost.exe]

[Throw dll injection][27/06/2025 16:35:22][WildStr][svchost.exe]

[Throw dll injection][27/06/2025 16:35:22][WildStr][svchost.exe]

[Throw dll injection][27/06/2025 16:35:22][WildStr][dllhost.exe]

[Throw dll injection][27/06/2025 16:35:22][WildStr][svchost.exe]

[Throw dll injection][27/06/2025 16:35:22][WildStr][svchost.exe]

[Throw dll injection][27/06/2025 16:35:22][WildStr][svchost.exe]

[Throw dll injection][27/06/2025 16:35:22][WildStr][powershell.exe]

[Throw dll injection][27/06/2025 16:35:22][WildStr][Code.exe]


[Throw dll injection][27/06/2025 16:35:22][WildStr][Code.exe]

[Throw dll injection][27/06/2025 16:35:22][WildStr][sihost.exe]

[Throw dll injection][27/06/2025 16:35:22][WildStr][Code.exe]

[Throw dll injection][27/06/2025 16:35:22][WildStr][Code.exe]

[Throw dll injection][27/06/2025 16:35:22][WildStr][svchost.exe]

[Throw dll injection][27/06/2025 16:35:22][WildStr][Code.exe]

[Throw dll injection][27/06/2025 16:35:22][WildStr][svchost.exe]

[Throw dll injection][27/06/2025 16:35:22][WildStr][Code.exe]

[Throw dll injection][27/06/2025 16:35:22][WildStr][taskhostw.exe]

[Throw dll injection][27/06/2025 16:35:22][WildStr][Code.exe]

[Throw dll injection][27/06/2025 16:35:22][WildStr][Code.exe]

[Throw dll injection][27/06/2025 16:35:22][WildStr][MicrosoftEdgeUpdate.exe]

[Throw dll injection][27/06/2025 16:35:22][WildStr][conhost.exe]

[Throw dll injection][27/06/2025 16:35:22][WildStr][powershell.exe]

[Throw dll injection][27/06/2025 16:35:22][WildStr][svchost.exe]

[Throw dll injection][27/06/2025 16:35:22][WildStr][conhost.exe]

[Throw dll injection][27/06/2025 16:35:22][WildStr][powershell.exe]

[Throw dll injection][27/06/2025 16:35:22][WildStr][ctfmon.exe]

[Throw dll injection][27/06/2025 16:35:22][WildStr][TextInputHost.exe]

[Throw dll injection][27/06/2025 16:35:22][WildStr][svchost.exe]

[Throw dll injection][27/06/2025 16:35:22][WildStr][Code.exe]

[Throw dll injection][27/06/2025 16:35:22][WildStr][cpptools.exe]

[Throw dll injection][27/06/2025 16:35:22][WildStr][svchost.exe]

[Throw dll injection][27/06/2025 16:35:22][WildStr][conhost.exe]

[Throw dll injection][27/06/2025 16:35:22][WildStr][cpptools.exe]

[Throw dll injection][27/06/2025 16:35:22][WildStr][explorer.exe]

[Throw dll injection][27/06/2025 16:35:22][WildStr][ApplicationFrameHost.exe]

[Throw dll injection][27/06/2025 16:35:22][WildStr][SystemSettings.exe]

[Throw dll injection][27/06/2025 16:35:22][WildStr][svchost.exe]

[Throw dll injection][27/06/2025 16:35:22][WildStr][UserOOBEBroker.exe]

[Throw dll injection][27/06/2025 16:35:22][WildStr][SearchApp.exe]

[Throw dll injection][27/06/2025 16:35:22][WildStr][StartMenuExperienceHost.exe]

[Throw dll injection][27/06/2025 16:35:22][WildStr][msedgewebview2.exe]

[Throw dll injection][27/06/2025 16:35:22][WildStr][RuntimeBroker.exe]

[Throw dll injection][27/06/2025 16:35:22][WildStr][msedgewebview2.exe]

[Throw dll injection][27/06/2025 16:35:22][WildStr][msedgewebview2.exe]

[Throw dll injection][27/06/2025 16:35:22][WildStr][SearchApp.exe]

[Throw dll injection][27/06/2025 16:35:22][WildStr][msedgewebview2.exe]

[Throw dll injection][27/06/2025 16:35:22][WildStr][msedgewebview2.exe]

[Throw dll injection][27/06/2025 16:35:22][WildStr][svchost.exe]

[Throw dll injection][27/06/2025 16:35:22][WildStr][msedgewebview2.exe]

[Throw dll injection][27/06/2025 16:35:22][WildStr][FileCoAuth.exe]

[Throw dll injection][27/06/2025 16:35:22][WildStr][RuntimeBroker.exe]

[Throw dll injection][27/06/2025 16:35:22][WildStr][svchost.exe]

[Throw dll injection][27/06/2025 16:35:22][WildStr][msedge.exe]
.exe]

[Throw dll injection][27/06/2025 16:35:22][WildStr][msedge.exe]


[Throw dll injection][27/06/2025 16:35:22][WildStr][SecurityHealthSystray.exe]

[Throw dll injection][27/06/2025 16:35:22][WildStr][msedge.exe]

[Throw dll injection][27/06/2025 16:35:22][WildStr][msedge.exe]
hService.exe]

[Throw dll injection][27/06/2025 16:35:22][WildStr][msedge.exe]


[Throw dll injection][27/06/2025 16:35:22][WildStr][OneDrive.exe]

[Throw dll injection][27/06/2025 16:35:22][WildStr][svchost.exe]

[Throw dll injection][27/06/2025 16:35:22][WildStr][cmd.exe]

[Throw dll injection][27/06/2025 16:35:22][WildStr][svchost.exe]

[Throw dll injection][27/06/2025 16:35:22][WildStr][conhost.exe]

[Throw dll injection][27/06/2025 16:35:22][WildStr][svchost.exe]

[Throw dll injection][27/06/2025 16:35:22][WildStr][svchost.exe]

[Throw dll injection][27/06/2025 16:35:22][WildStr][dllhost.exe]

[Throw dll injection][27/06/2025 16:35:22][WildStr][svchost.exe]

[Throw dll injection][27/06/2025 16:35:22][WildStr][ShellExperienceHost.exe]

[Throw dll injection][27/06/2025 16:35:22][WildStr][svchost.exe]

[Throw dll injection][27/06/2025 16:35:22][WildStr][RuntimeBroker.exe]

[Throw dll injection][27/06/2025 16:35:22][WildStr][svchost.exe]

[Throw dll injection][27/06/2025 16:35:22][WildStr][vctip.exe]

[Throw dll injection][27/06/2025 16:35:22][WildStr][svchost.exe]

[Throw dll injection][27/06/2025 16:35:22][WildStr][cpptools-srv.exe]

[Throw dll injection][27/06/2025 16:35:22][WildStr][svchost.exe]

[Throw dll injection][27/06/2025 16:35:22][WildStr][conhost.exe]

[Throw dll injection][27/06/2025 16:35:22][WildStr][powershell.exe]

[Throw dll injection][27/06/2025 16:35:22][WildStr][cpptools-srv.exe]

[Throw dll injection][27/06/2025 16:35:22][WildStr][Code.exe]

[Throw dll injection][27/06/2025 16:35:22][WildStr][conhost.exe]

[Throw dll injection][27/06/2025 16:35:22][WildStr][Code.exe]

[Throw dll injection][27/06/2025 16:35:22][WildStr][svchost.exe]

[Throw dll injection][27/06/2025 16:35:22][WildStr][Code.exe]

[Throw dll injection][27/06/2025 16:35:22][WildStr][Taskmgr.exe]

[Throw dll injection][27/06/2025 16:35:22][WildStr][Code.exe]

[Throw dll injection][27/06/2025 16:35:22][WildStr][Code.exe]

[Throw dll injection][27/06/2025 16:35:22][WildStr][Code.exe]

[Throw dll injection][27/06/2025 16:35:22][WildStr][Code.exe]

[Throw dll injection][27/06/2025 16:35:22][WildStr][Code.exe]

[Throw dll injection][27/06/2025 16:35:22][WildStr][Code.exe]

[Throw dll injection][27/06/2025 16:35:22][WildStr][conhost.exe]

[Throw dll injection][27/06/2025 16:35:22][WildStr][powershell.exe]

[Throw dll injection][27/06/2025 16:35:22][WildStr][conhost.exe]

[Throw dll injection][27/06/2025 16:35:22][WildStr][powershell.exe]

[Throw dll injection][27/06/2025 16:35:22][WildStr][TextInputHost.exe]

[Throw dll injection][27/06/2025 16:35:22][WildStr][Code.exe]

[Throw dll injection][27/06/2025 16:35:22][WildStr][cpptools.exe]

[Throw dll injection][27/06/2025 16:35:22][WildStr][conhost.exe]

[Throw dll injection][27/06/2025 16:35:22][WildStr][cpptools.exe]

[Throw dll injection][27/06/2025 16:35:22][WildStr][ApplicationFrameHost.exe]

[Throw dll injection][27/06/2025 16:35:22][WildStr][SystemSettings.exe]

[Throw dll injection][27/06/2025 16:35:22][WildStr][UserOOBEBroker.exe]

[Throw dll injection][27/06/2025 16:35:22][WildStr][SearchApp.exe]

[Throw dll injection][27/06/2025 16:35:22][WildStr][msedgewebview2.exe]

[Throw dll injection][27/06/2025 16:35:22][WildStr][msedgewebview2.exe]

[Throw dll injection][27/06/2025 16:35:22][WildStr][msedgewebview2.exe]

[Throw dll injection][27/06/2025 16:35:22][WildStr][msedgewebview2.exe]

[Throw dll injection][27/06/2025 16:35:22][WildStr][msedgewebview2.exe]

[Throw dll injection][27/06/2025 16:35:22][WildStr][msedgewebview2.exe]

[Throw dll injection][27/06/2025 16:35:22][WildStr][FileCoAuth.exe]

[Throw dll injection][27/06/2025 16:35:22][WildStr][svchost.exe]

[Throw dll injection][27/06/2025 16:35:22][WildStr][msedge.exe]

[Throw dll injection][27/06/2025 16:35:22][WildStr][msedge.exe]

[Throw dll injection][27/06/2025 16:35:22][WildStr][msedge.exe]

[Throw dll injection][27/06/2025 16:35:22][WildStr][msedge.exe]

[Throw dll injection][27/06/2025 16:35:22][WildStr][msedge.exe]

[Throw dll injection][27/06/2025 16:35:22][WildStr][svchost.exe]

[Throw dll injection][27/06/2025 16:35:22][WildStr][svchost.exe]

[Throw dll injection][27/06/2025 16:35:22][WildStr][svchost.exe]

[Throw dll injection][27/06/2025 16:35:22][WildStr][dllhost.exe]

[Throw dll injection][27/06/2025 16:35:22][WildStr][ShellExperienceHost.exe]

[Throw dll injection][27/06/2025 16:35:22][WildStr][RuntimeBroker.exe]

[Throw dll injection][27/06/2025 16:35:22][WildStr][vctip.exe]

[Throw dll injection][27/06/2025 16:35:22][WildStr][cpptools-srv.exe]

[Throw dll injection][27/06/2025 16:35:22][WildStr][conhost.exe]

[Throw dll injection][27/06/2025 16:35:22][WildStr][cpptools-srv.exe]

[Throw dll injection][27/06/2025 16:35:22][WildStr][conhost.exe]

[Throw dll injection][27/06/2025 16:35:22][WildStr][svchost.exe]

[Throw dll injection][27/06/2025 16:35:22][WildStr][Taskmgr.exe]

[Throw dll injection][27/06/2025 16:35:22][Str][SystemTimeOfDayInformation]

[Throw dll injection][27/06/2025 16:35:23][Str][OrigNtQuerySystemInformation failed: 0xC0000023
]

[Throw dll injection][27/06/2025 16:35:23][Str][Noinfo]

[Throw dll injection][27/06/2025 16:35:23][Str][Noinfo]

[Throw dll injection][27/06/2025 16:35:23][Str][Noinfo]

[Throw dll injection][27/06/2025 16:35:23][Str][SystemProcessInformation]

[Throw dll injection][27/06/2025 16:35:23][WildStr][System]

[Throw dll injection][27/06/2025 16:35:23][WildStr][System]

[Throw dll injection][27/06/2025 16:35:23][WildStr][Registry]

[Throw dll injection][27/06/2025 16:35:23][WildStr][Registry]

[Throw dll injection][27/06/2025 16:35:23][WildStr][smss.exe]

[Throw dll injection][27/06/2025 16:35:23][WildStr][smss.exe]

[Throw dll injection][27/06/2025 16:35:23][WildStr][csrss.exe]

[Throw dll injection][27/06/2025 16:35:23][WildStr][csrss.exe]

[Throw dll injection][27/06/2025 16:35:23][WildStr][wininit.exe]

[Throw dll injection][27/06/2025 16:35:23][WildStr][wininit.exe]

[Throw dll injection][27/06/2025 16:35:23][WildStr][csrss.exe]

[Throw dll injection][27/06/2025 16:35:23][WildStr][csrss.exe]

[Throw dll injection][27/06/2025 16:35:23][WildStr][winlogon.exe]

[Throw dll injection][27/06/2025 16:35:23][WildStr][winlogon.exe]

[Throw dll injection][27/06/2025 16:35:23][WildStr][services.exe]

[Throw dll injection][27/06/2025 16:35:23][WildStr][lsass.exe]
]

[Throw dll injection][27/06/2025 16:35:23][WildStr][svchost.exe]

[Throw dll injection][27/06/2025 16:35:23][WildStr][fontdrvhost.exe]

[Throw dll injection][27/06/2025 16:35:23][WildStr][lsass.exe]

[Throw dll injection][27/06/2025 16:35:23][WildStr][fontdrvhost.exe]

[Throw dll injection][27/06/2025 16:35:23][WildStr][svchost.exe]

[Throw dll injection][27/06/2025 16:35:23][WildStr][svchost.exe]

[Throw dll injection][27/06/2025 16:35:23][WildStr][fontdrvhost.exe]

[Throw dll injection][27/06/2025 16:35:23][WildStr][fontdrvhost.exe]

[Throw dll injection][27/06/2025 16:35:23][WildStr][svchost.exe]

[Throw dll injection][27/06/2025 16:35:23][WildStr][svchost.exe]

[Throw dll injection][27/06/2025 16:35:23][WildStr][svchost.exe]

[Throw dll injection][27/06/2025 16:35:23][WildStr][svchost.exe]

[Throw dll injection][27/06/2025 16:35:23][WildStr][dwm.exe]

[Throw dll injection][27/06/2025 16:35:23][WildStr][svchost.exe]

[Throw dll injection][27/06/2025 16:35:23][WildStr][svchost.exe]

[Throw dll injection][27/06/2025 16:35:23][WildStr][svchost.exe]

[Throw dll injection][27/06/2025 16:35:23][WildStr][svchost.exe]

[Throw dll injection][27/06/2025 16:35:23][WildStr][svchost.exe]

[Throw dll injection][27/06/2025 16:35:23][WildStr][svchost.exe]

[Throw dll injection][27/06/2025 16:35:23][WildStr][svchost.exe]

[Throw dll injection][27/06/2025 16:35:23][WildStr][svchost.exe]

[Throw dll injection][27/06/2025 16:35:23][WildStr][svchost.exe]

[Throw dll injection][27/06/2025 16:35:23][WildStr][svchost.exe]

[Throw dll injection][27/06/2025 16:35:23][WildStr][svchost.exe]

[Throw dll injection][27/06/2025 16:35:23][WildStr][svchost.exe]

[Throw dll injection][27/06/2025 16:35:23][WildStr][svchost.exe]

[Throw dll injection][27/06/2025 16:35:23][WildStr][svchost.exe]

[Throw dll injection][27/06/2025 16:35:23][WildStr][svchost.exe]

[Throw dll injection][27/06/2025 16:35:23][WildStr][VBoxService.exe]

[Throw dll injection][27/06/2025 16:35:23][WildStr][svchost.exe]

[Throw dll injection][27/06/2025 16:35:23][WildStr][svchost.exe]

[Throw dll injection][27/06/2025 16:35:23][WildStr][svchost.exe]

[Throw dll injection][27/06/2025 16:35:23][WildStr][svchost.exe]

[Throw dll injection][27/06/2025 16:35:23][WildStr][svchost.exe]

[Throw dll injection][27/06/2025 16:35:23][WildStr][svchost.exe]

[Throw dll injection][27/06/2025 16:35:23][WildStr][svchost.exe]

[Throw dll injection][27/06/2025 16:35:23][WildStr][svchost.exe]

[Throw dll injection][27/06/2025 16:35:23][WildStr][svchost.exe]

[Throw dll injection][27/06/2025 16:35:23][WildStr][svchost.exe]

[Throw dll injection][27/06/2025 16:35:23][WildStr][svchost.exe]

[Throw dll injection][27/06/2025 16:35:23][WildStr][svchost.exe]

[Throw dll injection][27/06/2025 16:35:23][WildStr][svchost.exe]

[Throw dll injection][27/06/2025 16:35:23][WildStr][Memory Compression]

[Throw dll injection][27/06/2025 16:35:23][WildStr][svchost.exe]

[Throw dll injection][27/06/2025 16:35:23][WildStr][VBoxService.exe]

[Throw dll injection][27/06/2025 16:35:23][WildStr][svchost.exe]

[Throw dll injection][27/06/2025 16:35:23][WildStr][svchost.exe]

[Throw dll injection][27/06/2025 16:35:23][WildStr][svchost.exe]

[Throw dll injection][27/06/2025 16:35:23][WildStr][svchost.exe]

[Throw dll injection][27/06/2025 16:35:23][WildStr][svchost.exe]

[Throw dll injection][27/06/2025 16:35:23][WildStr][svchost.exe]

[Throw dll injection][27/06/2025 16:35:23][WildStr][svchost.exe]

[Throw dll injection][27/06/2025 16:35:23][WildStr][svchost.exe]

[Throw dll injection][27/06/2025 16:35:23][WildStr][svchost.exe]

[Throw dll injection][27/06/2025 16:35:23][WildStr][svchost.exe]

[Throw dll injection][27/06/2025 16:35:23][WildStr][svchost.exe]

[Throw dll injection][27/06/2025 16:35:23][WildStr][svchost.exe]

[Throw dll injection][27/06/2025 16:35:23][WildStr][svchost.exe]

[Throw dll injection][27/06/2025 16:35:23][WildStr][Memory Compression]

[Throw dll injection][27/06/2025 16:35:23][WildStr][spoolsv.exe]

[Throw dll injection][27/06/2025 16:35:23][WildStr][svchost.exe]

[Throw dll injection][27/06/2025 16:35:23][WildStr][svchost.exe]

[Throw dll injection][27/06/2025 16:35:23][WildStr][svchost.exe]

[Throw dll injection][27/06/2025 16:35:23][WildStr][svchost.exe]

[Throw dll injection][27/06/2025 16:35:23][WildStr][svchost.exe]

[Throw dll injection][27/06/2025 16:35:23][WildStr][svchost.exe]

[Throw dll injection][27/06/2025 16:35:23][WildStr][svchost.exe]

[Throw dll injection][27/06/2025 16:35:23][WildStr][svchost.exe]

[Throw dll injection][27/06/2025 16:35:23][WildStr][svchost.exe]

[Throw dll injection][27/06/2025 16:35:23][WildStr][ssh-agent.exe]

[Throw dll injection][27/06/2025 16:35:23][WildStr][svchost.exe]

[Throw dll injection][27/06/2025 16:35:23][WildStr][sshd.exe]

[Throw dll injection][27/06/2025 16:35:23][WildStr][svchost.exe]

[Throw dll injection][27/06/2025 16:35:23][WildStr][svchost.exe]

[Throw dll injection][27/06/2025 16:35:23][WildStr][svchost.exe]

[Throw dll injection][27/06/2025 16:35:23][WildStr][svchost.exe]

[Throw dll injection][27/06/2025 16:35:23][WildStr][spoolsv.exe]

[Throw dll injection][27/06/2025 16:35:23][WildStr][svchost.exe]

[Throw dll injection][27/06/2025 16:35:23][WildStr][svchost.exe]

[Throw dll injection][27/06/2025 16:35:23][WildStr][svchost.exe]

[Throw dll injection][27/06/2025 16:35:23][WildStr][svchost.exe]

[Throw dll injection][27/06/2025 16:35:23][WildStr][svchost.exe]

[Throw dll injection][27/06/2025 16:35:23][WildStr][svchost.exe]

[Throw dll injection][27/06/2025 16:35:23][WildStr][svchost.exe]

[Throw dll injection][27/06/2025 16:35:23][WildStr][ssh-agent.exe]

[Throw dll injection][27/06/2025 16:35:23][WildStr][svchost.exe]

[Throw dll injection][27/06/2025 16:35:23][WildStr][sshd.exe]

[Throw dll injection][27/06/2025 16:35:23][WildStr][svchost.exe]

[Throw dll injection][27/06/2025 16:35:23][WildStr][svchost.exe]

[Throw dll injection][27/06/2025 16:35:23][WildStr][MpDefenderCoreService.exe]

[Throw dll injection][27/06/2025 16:35:23][WildStr][svchost.exe]

[Throw dll injection][27/06/2025 16:35:23][WildStr][MsMpEng.exe]

[Throw dll injection][27/06/2025 16:35:23][WildStr][svchost.exe]

[Throw dll injection][27/06/2025 16:35:23][WildStr][SearchIndexer.exe]

[Throw dll injection][27/06/2025 16:35:23][WildStr][svchost.exe]

[Throw dll injection][27/06/2025 16:35:23][WildStr][AggregatorHost.exe]

[Throw dll injection][27/06/2025 16:35:23][WildStr][svchost.exe]

[Throw dll injection][27/06/2025 16:35:23][WildStr][dllhost.exe]

[Throw dll injection][27/06/2025 16:35:23][WildStr][svchost.exe]

[Throw dll injection][27/06/2025 16:35:23][WildStr][svchost.exe]

[Throw dll injection][27/06/2025 16:35:23][WildStr][svchost.exe]

[Throw dll injection][27/06/2025 16:35:23][WildStr][NisSrv.exe]

[Throw dll injection][27/06/2025 16:35:23][WildStr][svchost.exe]

[Throw dll injection][27/06/2025 16:35:23][WildStr][sihost.exe]

[Throw dll injection][27/06/2025 16:35:23][WildStr][svchost.exe]

[Throw dll injection][27/06/2025 16:35:23][WildStr][svchost.exe]

[Throw dll injection][27/06/2025 16:35:23][WildStr][MpDefenderCoreService.exe]

[Throw dll injection][27/06/2025 16:35:23][WildStr][svchost.exe]

[Throw dll injection][27/06/2025 16:35:23][WildStr][MsMpEng.exe]

[Throw dll injection][27/06/2025 16:35:23][WildStr][taskhostw.exe]

[Throw dll injection][27/06/2025 16:35:23][WildStr][SearchIndexer.exe]

[Throw dll injection][27/06/2025 16:35:23][WildStr][MicrosoftEdgeUpdate.exe]

[Throw dll injection][27/06/2025 16:35:23][WildStr][AggregatorHost.exe]

[Throw dll injection][27/06/2025 16:35:23][WildStr][svchost.exe]

[Throw dll injection][27/06/2025 16:35:23][WildStr][dllhost.exe]

[Throw dll injection][27/06/2025 16:35:23][WildStr][svchost.exe]

[Throw dll injection][27/06/2025 16:35:23][WildStr][NisSrv.exe]

[Throw dll injection][27/06/2025 16:35:23][WildStr][svchost.exe]

[Throw dll injection][27/06/2025 16:35:23][WildStr][sihost.exe]

[Throw dll injection][27/06/2025 16:35:23][WildStr][svchost.exe]

[Throw dll injection][27/06/2025 16:35:23][WildStr][svchost.exe]


[Throw dll injection][27/06/2025 16:35:23][WildStr][svchost.exe]

[Throw dll injection][27/06/2025 16:35:23][WildStr][StartMenuExperienceHost.exe]

[Throw dll injection][27/06/2025 16:35:23][WildStr][taskhostw.exe]

[Throw dll injection][27/06/2025 16:35:23][WildStr][MicrosoftEdgeUpdate.exe]

[Throw dll injection][27/06/2025 16:35:23][WildStr][svchost.exe]


[Throw dll injection][27/06/2025 16:35:23][WildStr][svchost.exe]

[Throw dll injection][27/06/2025 16:35:23][WildStr][ctfmon.exe]

[Throw dll injection][27/06/2025 16:35:23][WildStr][RuntimeBroker.exe]

[Throw dll injection][27/06/2025 16:35:23][WildStr][svchost.exe]

[Throw dll injection][27/06/2025 16:35:23][WildStr][RuntimeBroker.exe]

[Throw dll injection][27/06/2025 16:35:23][WildStr][svchost.exe]

[Throw dll injection][27/06/2025 16:35:23][WildStr][svchost.exe]

[Throw dll injection][27/06/2025 16:35:23][WildStr][explorer.exe]

[Throw dll injection][27/06/2025 16:35:23][WildStr][SecurityHealthSystray.exe]

[Throw dll injection][27/06/2025 16:35:23][WildStr][svchost.exe]

[Throw dll injection][27/06/2025 16:35:23][WildStr][SecurityHealthService.exe]

[Throw dll injection][27/06/2025 16:35:23][WildStr][StartMenuExperienceHost.exe]

[Throw dll injection][27/06/2025 16:35:23][WildStr][VBoxTray.exe]

[Throw dll injection][27/06/2025 16:35:23][WildStr][RuntimeBroker.exe]

[Throw dll injection][27/06/2025 16:35:23][WildStr][OneDrive.exe]

[Throw dll injection][27/06/2025 16:35:23][WildStr][SearchApp.exe]

[Throw dll injection][27/06/2025 16:35:23][WildStr][cmd.exe]

[Throw dll injection][27/06/2025 16:35:23][WildStr][svchost.exe]

[Throw dll injection][27/06/2025 16:35:23][WildStr][RuntimeBroker.exe]

[Throw dll injection][27/06/2025 16:35:23][WildStr][svchost.exe]
exe]

[Throw dll injection][27/06/2025 16:35:23][WildStr][svchost.exe]

[Throw dll injection][27/06/2025 16:35:23][WildStr][svchost.exe]

[Throw dll injection][27/06/2025 16:35:23][WildStr][SecurityHealthSystray.exe]

[Throw dll injection][27/06/2025 16:35:23][WildStr][svchost.exe]

[Throw dll injection][27/06/2025 16:35:23][WildStr][SecurityHealthService.exe]

[Throw dll injection][27/06/2025 16:35:23][WildStr][svchost.exe]

[Throw dll injection][27/06/2025 16:35:23][WildStr][VBoxTray.exe]

[Throw dll injection][27/06/2025 16:35:23][WildStr][svchost.exe]

[Throw dll injection][27/06/2025 16:35:23][WildStr][OneDrive.exe]

[Throw dll injection][27/06/2025 16:35:23][WildStr][svchost.exe]

[Throw dll injection][27/06/2025 16:35:23][WildStr][cmd.exe]

[Throw dll injection][27/06/2025 16:35:23][WildStr][powershell.exe]

[Throw dll injection][27/06/2025 16:35:23][WildStr][conhost.exe]

[Throw dll injection][27/06/2025 16:35:23][WildStr][Code.exe]

[Throw dll injection][27/06/2025 16:35:23][WildStr][svchost.exe]

[Throw dll injection][27/06/2025 16:35:23][WildStr][Code.exe]

[Throw dll injection][27/06/2025 16:35:23][WildStr][svchost.exe]

[Throw dll injection][27/06/2025 16:35:23][WildStr][Code.exe]

[Throw dll injection][27/06/2025 16:35:23][WildStr][svchost.exe]

[Throw dll injection][27/06/2025 16:35:23][WildStr][Code.exe]

[Throw dll injection][27/06/2025 16:35:23][WildStr][svchost.exe]

[Throw dll injection][27/06/2025 16:35:23][WildStr][Code.exe]

[Throw dll injection][27/06/2025 16:35:23][WildStr][svchost.exe]

[Throw dll injection][27/06/2025 16:35:23][WildStr][Code.exe]

[Throw dll injection][27/06/2025 16:35:23][WildStr][svchost.exe]

[Throw dll injection][27/06/2025 16:35:23][WildStr][Code.exe]

[Throw dll injection][27/06/2025 16:35:23][WildStr][powershell.exe]

[Throw dll injection][27/06/2025 16:35:23][WildStr][Code.exe]

[Throw dll injection][27/06/2025 16:35:23][WildStr][Code.exe]

[Throw dll injection][27/06/2025 16:35:23][WildStr][Code.exe]

[Throw dll injection][27/06/2025 16:35:23][WildStr][Code.exe]

[Throw dll injection][27/06/2025 16:35:23][WildStr][conhost.exe]

[Throw dll injection][27/06/2025 16:35:23][WildStr][Code.exe]

[Throw dll injection][27/06/2025 16:35:23][WildStr][powershell.exe]

[Throw dll injection][27/06/2025 16:35:23][WildStr][Code.exe]

[Throw dll injection][27/06/2025 16:35:23][WildStr][Code.exe]
]

[Throw dll injection][27/06/2025 16:35:23][WildStr][Code.exe]
exe]

[Throw dll injection][27/06/2025 16:35:23][WildStr][TextInputHost.exe]

[Throw dll injection][27/06/2025 16:35:23][WildStr][Code.exe]

[Throw dll injection][27/06/2025 16:35:23][WildStr][Code.exe]

[Throw dll injection][27/06/2025 16:35:23][WildStr][Code.exe]

[Throw dll injection][27/06/2025 16:35:23][WildStr][cpptools.exe]

[Throw dll injection][27/06/2025 16:35:23][WildStr][Code.exe]

[Throw dll injection][27/06/2025 16:35:23][WildStr][conhost.exe]

[Throw dll injection][27/06/2025 16:35:23][WildStr][cpptools.exe]


[Throw dll injection][27/06/2025 16:35:23][WildStr][conhost.exe]

[Throw dll injection][27/06/2025 16:35:23][WildStr][ApplicationFrameHost.exe]

[Throw dll injection][27/06/2025 16:35:23][WildStr][powershell.exe]

[Throw dll injection][27/06/2025 16:35:23][WildStr][SystemSettings.exe]

[Throw dll injection][27/06/2025 16:35:23][WildStr][TextInputHost.exe]

[Throw dll injection][27/06/2025 16:35:23][WildStr][UserOOBEBroker.exe]

[Throw dll injection][27/06/2025 16:35:23][WildStr][Code.exe]

[Throw dll injection][27/06/2025 16:35:23][WildStr][SearchApp.exe]

[Throw dll injection][27/06/2025 16:35:23][WildStr][cpptools.exe]

[Throw dll injection][27/06/2025 16:35:23][WildStr][msedgewebview2.exe]

[Throw dll injection][27/06/2025 16:35:23][WildStr][conhost.exe]

[Throw dll injection][27/06/2025 16:35:23][WildStr][msedgewebview2.exe]

[Throw dll injection][27/06/2025 16:35:23][WildStr][cpptools.exe]

[Throw dll injection][27/06/2025 16:35:23][WildStr][msedgewebview2.exe]

[Throw dll injection][27/06/2025 16:35:23][WildStr][ApplicationFrameHost.exe]

[Throw dll injection][27/06/2025 16:35:23][WildStr][msedgewebview2.exe]

[Throw dll injection][27/06/2025 16:35:23][WildStr][SystemSettings.exe]

[Throw dll injection][27/06/2025 16:35:23][WildStr][msedgewebview2.exe]

[Throw dll injection][27/06/2025 16:35:23][WildStr][UserOOBEBroker.exe]

[Throw dll injection][27/06/2025 16:35:23][WildStr][msedgewebview2.exe]

[Throw dll injection][27/06/2025 16:35:23][WildStr][FileCoAuth.exe]

[Throw dll injection][27/06/2025 16:35:23][WildStr][svchost.exe]
.exe]

[Throw dll injection][27/06/2025 16:35:23][WildStr][msedgewebview2.exe]

[Throw dll injection][27/06/2025 16:35:23][WildStr][msedge.exe]

[Throw dll injection][27/06/2025 16:35:23][WildStr][msedgewebview2.exe]

[Throw dll injection][27/06/2025 16:35:23][WildStr][msedge.exe]

[Throw dll injection][27/06/2025 16:35:23][WildStr][msedgewebview2.exe]

[Throw dll injection][27/06/2025 16:35:23][WildStr][msedge.exe]

[Throw dll injection][27/06/2025 16:35:23][WildStr][msedgewebview2.exe]

[Throw dll injection][27/06/2025 16:35:23][WildStr][msedge.exe]

[Throw dll injection][27/06/2025 16:35:23][WildStr][msedgewebview2.exe]

[Throw dll injection][27/06/2025 16:35:23][WildStr][msedge.exe]

[Throw dll injection][27/06/2025 16:35:23][WildStr][FileCoAuth.exe]

[Throw dll injection][27/06/2025 16:35:23][WildStr][svchost.exe]

[Throw dll injection][27/06/2025 16:35:23][WildStr][svchost.exe]

[Throw dll injection][27/06/2025 16:35:23][WildStr][svchost.exe]

[Throw dll injection][27/06/2025 16:35:23][WildStr][msedge.exe]

[Throw dll injection][27/06/2025 16:35:23][WildStr][svchost.exe]

[Throw dll injection][27/06/2025 16:35:23][WildStr][msedge.exe]

[Throw dll injection][27/06/2025 16:35:23][WildStr][dllhost.exe]

[Throw dll injection][27/06/2025 16:35:23][WildStr][msedge.exe]

[Throw dll injection][27/06/2025 16:35:23][WildStr][ShellExperienceHost.exe]

[Throw dll injection][27/06/2025 16:35:23][WildStr][msedge.exe]

[Throw dll injection][27/06/2025 16:35:23][WildStr][RuntimeBroker.exe]

[Throw dll injection][27/06/2025 16:35:23][WildStr][msedge.exe]

[Throw dll injection][27/06/2025 16:35:23][WildStr][vctip.exe]

[Throw dll injection][27/06/2025 16:35:23][WildStr][svchost.exe]

[Throw dll injection][27/06/2025 16:35:23][WildStr][cpptools-srv.exe]

[Throw dll injection][27/06/2025 16:35:23][WildStr][svchost.exe]

[Throw dll injection][27/06/2025 16:35:23][WildStr][conhost.exe]

[Throw dll injection][27/06/2025 16:35:23][WildStr][svchost.exe]

[Throw dll injection][27/06/2025 16:35:23][WildStr][cpptools-srv.exe]

[Throw dll injection][27/06/2025 16:35:23][WildStr][dllhost.exe]

[Throw dll injection][27/06/2025 16:35:23][WildStr][conhost.exe]

[Throw dll injection][27/06/2025 16:35:23][WildStr][ShellExperienceHost.exe]

[Throw dll injection][27/06/2025 16:35:23][WildStr][svchost.exe]

[Throw dll injection][27/06/2025 16:35:23][WildStr][RuntimeBroker.exe]

[Throw dll injection][27/06/2025 16:35:23][WildStr][Taskmgr.exe]

[Throw dll injection][27/06/2025 16:35:23][WildStr][vctip.exe]

[Throw dll injection][27/06/2025 16:35:23][WildStr][test.exe]

[Throw dll injection][27/06/2025 16:35:23][WildStr][cpptools-srv.exe]

[Throw dll injection][27/06/2025 16:35:23][Str][SystemTimeOfDayInformation]

[Throw dll injection][27/06/2025 16:35:23][WildStr][conhost.exe]

[Throw dll injection][27/06/2025 16:35:23][WildStr][cpptools-srv.exe]

[Throw dll injection][27/06/2025 16:35:23][WildStr][conhost.exe]

[Throw dll injection][27/06/2025 16:35:23][WildStr][svchost.exe]

[Throw dll injection][27/06/2025 16:35:23][WildStr][Taskmgr.exe]

[Throw dll injection][27/06/2025 16:35:23][WildStr][test.exe]

[Throw dll injection][27/06/2025 16:35:24][Str][OrigNtQuerySystemInformation failed: 0xC0000023
]

[Throw dll injection][27/06/2025 16:35:24][Str][Noinfo]

[Throw dll injection][27/06/2025 16:35:24][Str][Noinfo]

[Throw dll injection][27/06/2025 16:35:24][Str][Noinfo]

[Throw dll injection][27/06/2025 16:35:24][Str][SystemProcessInformation]

[Throw dll injection][27/06/2025 16:35:24][Str][SystemProcessInformation]

[Throw dll injection][27/06/2025 16:35:24][WildStr][System]

[Throw dll injection][27/06/2025 16:35:24][WildStr][Registry]

[Throw dll injection][27/06/2025 16:35:24][WildStr][System]

[Throw dll injection][27/06/2025 16:35:24][WildStr][smss.exe]

[Throw dll injection][27/06/2025 16:35:24][WildStr][csrss.exe]

[Throw dll injection][27/06/2025 16:35:24][WildStr][Registry]

[Throw dll injection][27/06/2025 16:35:24][WildStr][wininit.exe]

[Throw dll injection][27/06/2025 16:35:24][WildStr][csrss.exe]

[Throw dll injection][27/06/2025 16:35:24][WildStr][smss.exe]

[Throw dll injection][27/06/2025 16:35:24][WildStr][winlogon.exe]

[Throw dll injection][27/06/2025 16:35:24][WildStr][services.exe]

[Throw dll injection][27/06/2025 16:35:24][WildStr][csrss.exe]

[Throw dll injection][27/06/2025 16:35:24][WildStr][lsass.exe]

[Throw dll injection][27/06/2025 16:35:24][WildStr][svchost.exe]

[Throw dll injection][27/06/2025 16:35:24][WildStr][wininit.exe]

[Throw dll injection][27/06/2025 16:35:24][WildStr][fontdrvhost.exe]

[Throw dll injection][27/06/2025 16:35:24][WildStr][fontdrvhost.exe]

[Throw dll injection][27/06/2025 16:35:24][WildStr][csrss.exe]

[Throw dll injection][27/06/2025 16:35:24][WildStr][svchost.exe]

[Throw dll injection][27/06/2025 16:35:24][WildStr][svchost.exe]

[Throw dll injection][27/06/2025 16:35:24][WildStr][dwm.exe]
xe]

[Throw dll injection][27/06/2025 16:35:24][WildStr][svchost.exe]

[Throw dll injection][27/06/2025 16:35:24][WildStr][svchost.exe]

[Throw dll injection][27/06/2025 16:35:24][WildStr][services.exe]

[Throw dll injection][27/06/2025 16:35:24][WildStr][svchost.exe]

[Throw dll injection][27/06/2025 16:35:24][WildStr][svchost.exe]

[Throw dll injection][27/06/2025 16:35:24][WildStr][lsass.exe]

[Throw dll injection][27/06/2025 16:35:24][WildStr][svchost.exe]

[Throw dll injection][27/06/2025 16:35:24][WildStr][svchost.exe]

[Throw dll injection][27/06/2025 16:35:24][WildStr][svchost.exe]

[Throw dll injection][27/06/2025 16:35:24][WildStr][svchost.exe]

[Throw dll injection][27/06/2025 16:35:24][WildStr][svchost.exe]

[Throw dll injection][27/06/2025 16:35:24][WildStr][fontdrvhost.exe]

[Throw dll injection][27/06/2025 16:35:24][WildStr][svchost.exe]

[Throw dll injection][27/06/2025 16:35:24][WildStr][svchost.exe]

[Throw dll injection][27/06/2025 16:35:24][WildStr][fontdrvhost.exe]

[Throw dll injection][27/06/2025 16:35:24][WildStr][svchost.exe]

[Throw dll injection][27/06/2025 16:35:24][WildStr][svchost.exe]

[Throw dll injection][27/06/2025 16:35:24][WildStr][VBoxService.exe]

[Throw dll injection][27/06/2025 16:35:24][WildStr][svchost.exe]

[Throw dll injection][27/06/2025 16:35:24][WildStr][svchost.exe]

[Throw dll injection][27/06/2025 16:35:24][WildStr][svchost.exe]

[Throw dll injection][27/06/2025 16:35:24][WildStr][svchost.exe]

[Throw dll injection][27/06/2025 16:35:24][WildStr][svchost.exe]

[Throw dll injection][27/06/2025 16:35:24][WildStr][svchost.exe]

[Throw dll injection][27/06/2025 16:35:24][WildStr][svchost.exe]

[Throw dll injection][27/06/2025 16:35:24][WildStr][svchost.exe]

[Throw dll injection][27/06/2025 16:35:24][WildStr][svchost.exe]

[Throw dll injection][27/06/2025 16:35:24][WildStr][Memory Compression]

[Throw dll injection][27/06/2025 16:35:24][WildStr][svchost.exe]

[Throw dll injection][27/06/2025 16:35:24][WildStr][svchost.exe]

[Throw dll injection][27/06/2025 16:35:24][WildStr][svchost.exe]

[Throw dll injection][27/06/2025 16:35:24][WildStr][svchost.exe]

[Throw dll injection][27/06/2025 16:35:24][WildStr][svchost.exe]

[Throw dll injection][27/06/2025 16:35:24][WildStr][svchost.exe]

[Throw dll injection][27/06/2025 16:35:24][WildStr][svchost.exe]

[Throw dll injection][27/06/2025 16:35:24][WildStr][svchost.exe]

[Throw dll injection][27/06/2025 16:35:24][WildStr][svchost.exe]

[Throw dll injection][27/06/2025 16:35:24][WildStr][svchost.exe]

[Throw dll injection][27/06/2025 16:35:24][WildStr][svchost.exe]

[Throw dll injection][27/06/2025 16:35:24][WildStr][svchost.exe]

[Throw dll injection][27/06/2025 16:35:24][WildStr][spoolsv.exe]

[Throw dll injection][27/06/2025 16:35:24][WildStr][svchost.exe]

[Throw dll injection][27/06/2025 16:35:24][WildStr][svchost.exe]

[Throw dll injection][27/06/2025 16:35:24][WildStr][svchost.exe]

[Throw dll injection][27/06/2025 16:35:24][WildStr][svchost.exe]

[Throw dll injection][27/06/2025 16:35:24][WildStr][svchost.exe]

[Throw dll injection][27/06/2025 16:35:24][WildStr][svchost.exe]

[Throw dll injection][27/06/2025 16:35:24][WildStr][svchost.exe]

[Throw dll injection][27/06/2025 16:35:24][WildStr][ssh-agent.exe]

[Throw dll injection][27/06/2025 16:35:24][WildStr][sshd.exe]

[Throw dll injection][27/06/2025 16:35:24][WildStr][svchost.exe]

[Throw dll injection][27/06/2025 16:35:24][WildStr][svchost.exe]

[Throw dll injection][27/06/2025 16:35:24][WildStr][svchost.exe]

[Throw dll injection][27/06/2025 16:35:24][WildStr][svchost.exe]

[Throw dll injection][27/06/2025 16:35:24][WildStr][svchost.exe]

[Throw dll injection][27/06/2025 16:35:24][WildStr][svchost.exe]

[Throw dll injection][27/06/2025 16:35:24][WildStr][svchost.exe]

[Throw dll injection][27/06/2025 16:35:24][WildStr][svchost.exe]

[Throw dll injection][27/06/2025 16:35:24][WildStr][VBoxService.exe]

[Throw dll injection][27/06/2025 16:35:24][WildStr][svchost.exe]

[Throw dll injection][27/06/2025 16:35:24][WildStr][svchost.exe]

[Throw dll injection][27/06/2025 16:35:24][WildStr][svchost.exe]

[Throw dll injection][27/06/2025 16:35:24][WildStr][svchost.exe]

[Throw dll injection][27/06/2025 16:35:24][WildStr][svchost.exe]

[Throw dll injection][27/06/2025 16:35:24][WildStr][svchost.exe]

[Throw dll injection][27/06/2025 16:35:24][WildStr][svchost.exe]

[Throw dll injection][27/06/2025 16:35:24][WildStr][svchost.exe]

[Throw dll injection][27/06/2025 16:35:24][WildStr][svchost.exe]

[Throw dll injection][27/06/2025 16:35:24][WildStr][svchost.exe]

[Throw dll injection][27/06/2025 16:35:24][WildStr][MpDefenderCoreService.exe]

[Throw dll injection][27/06/2025 16:35:24][WildStr][Memory Compression]

[Throw dll injection][27/06/2025 16:35:24][WildStr][MsMpEng.exe]

[Throw dll injection][27/06/2025 16:35:24][WildStr][svchost.exe]

[Throw dll injection][27/06/2025 16:35:24][WildStr][SearchIndexer.exe]

[Throw dll injection][27/06/2025 16:35:24][WildStr][svchost.exe]

[Throw dll injection][27/06/2025 16:35:24][WildStr][AggregatorHost.exe]

[Throw dll injection][27/06/2025 16:35:24][WildStr][svchost.exe]

[Throw dll injection][27/06/2025 16:35:24][WildStr][dllhost.exe]

[Throw dll injection][27/06/2025 16:35:24][WildStr][svchost.exe]

[Throw dll injection][27/06/2025 16:35:24][WildStr][svchost.exe]

[Throw dll injection][27/06/2025 16:35:24][WildStr][svchost.exe]

[Throw dll injection][27/06/2025 16:35:24][WildStr][NisSrv.exe]

[Throw dll injection][27/06/2025 16:35:24][WildStr][svchost.exe]

[Throw dll injection][27/06/2025 16:35:24][WildStr][sihost.exe]

[Throw dll injection][27/06/2025 16:35:24][WildStr][svchost.exe]

[Throw dll injection][27/06/2025 16:35:24][WildStr][svchost.exe]

[Throw dll injection][27/06/2025 16:35:24][WildStr][svchost.exe]

[Throw dll injection][27/06/2025 16:35:24][WildStr][svchost.exe]

[Throw dll injection][27/06/2025 16:35:24][WildStr][spoolsv.exe]

[Throw dll injection][27/06/2025 16:35:24][WildStr][taskhostw.exe]

[Throw dll injection][27/06/2025 16:35:24][WildStr][svchost.exe]

[Throw dll injection][27/06/2025 16:35:24][WildStr][MicrosoftEdgeUpdate.exe]

[Throw dll injection][27/06/2025 16:35:24][WildStr][svchost.exe]

[Throw dll injection][27/06/2025 16:35:24][WildStr][svchost.exe]

[Throw dll injection][27/06/2025 16:35:24][WildStr][svchost.exe]

[Throw dll injection][27/06/2025 16:35:24][WildStr][ctfmon.exe]

[Throw dll injection][27/06/2025 16:35:24][WildStr][svchost.exe]

[Throw dll injection][27/06/2025 16:35:24][WildStr][svchost.exe]

[Throw dll injection][27/06/2025 16:35:24][WildStr][ssh-agent.exe]

[Throw dll injection][27/06/2025 16:35:24][WildStr][explorer.exe]

[Throw dll injection][27/06/2025 16:35:24][WildStr][sshd.exe]

[Throw dll injection][27/06/2025 16:35:24][WildStr][svchost.exe]

[Throw dll injection][27/06/2025 16:35:24][WildStr][svchost.exe]

[Throw dll injection][27/06/2025 16:35:24][WildStr][StartMenuExperienceHost.exe]

[Throw dll injection][27/06/2025 16:35:24][WildStr][svchost.exe]

[Throw dll injection][27/06/2025 16:35:24][WildStr][RuntimeBroker.exe]

[Throw dll injection][27/06/2025 16:35:24][WildStr][svchost.exe]

[Throw dll injection][27/06/2025 16:35:24][WildStr][SearchApp.exe]

[Throw dll injection][27/06/2025 16:35:24][WildStr][svchost.exe]

[Throw dll injection][27/06/2025 16:35:24][WildStr][svchost.exe]

[Throw dll injection][27/06/2025 16:35:24][WildStr][svchost.exe]

[Throw dll injection][27/06/2025 16:35:24][WildStr][RuntimeBroker.exe]

[Throw dll injection][27/06/2025 16:35:24][WildStr][svchost.exe]

[Throw dll injection][27/06/2025 16:35:24][WildStr][RuntimeBroker.exe]

[Throw dll injection][27/06/2025 16:35:24][WildStr][svchost.exe]

[Throw dll injection][27/06/2025 16:35:24][WildStr][svchost.exe]

[Throw dll injection][27/06/2025 16:35:24][WildStr][svchost.exe]

[Throw dll injection][27/06/2025 16:35:24][WildStr][SecurityHealthSystray.exe]

[Throw dll injection][27/06/2025 16:35:24][WildStr][svchost.exe]

[Throw dll injection][27/06/2025 16:35:24][WildStr][SecurityHealthService.exe]

[Throw dll injection][27/06/2025 16:35:24][WildStr][MpDefenderCoreService.exe]

[Throw dll injection][27/06/2025 16:35:24][WildStr][VBoxTray.exe]

[Throw dll injection][27/06/2025 16:35:24][WildStr][MsMpEng.exe]

[Throw dll injection][27/06/2025 16:35:24][WildStr][OneDrive.exe]

[Throw dll injection][27/06/2025 16:35:24][WildStr][SearchIndexer.exe]

[Throw dll injection][27/06/2025 16:35:24][WildStr][cmd.exe]

[Throw dll injection][27/06/2025 16:35:24][WildStr][AggregatorHost.exe]

[Throw dll injection][27/06/2025 16:35:24][WildStr][conhost.exe]

[Throw dll injection][27/06/2025 16:35:24][WildStr][dllhost.exe]

[Throw dll injection][27/06/2025 16:35:24][WildStr][svchost.exe]

[Throw dll injection][27/06/2025 16:35:24][WildStr][svchost.exe]

[Throw dll injection][27/06/2025 16:35:24][WildStr][svchost.exe]

[Throw dll injection][27/06/2025 16:35:24][WildStr][NisSrv.exe]

[Throw dll injection][27/06/2025 16:35:24][WildStr][svchost.exe]

[Throw dll injection][27/06/2025 16:35:24][WildStr][sihost.exe]

[Throw dll injection][27/06/2025 16:35:24][WildStr][svchost.exe]

[Throw dll injection][27/06/2025 16:35:24][WildStr][svchost.exe]

[Throw dll injection][27/06/2025 16:35:24][WildStr][svchost.exe]

[Throw dll injection][27/06/2025 16:35:24][WildStr][svchost.exe]

[Throw dll injection][27/06/2025 16:35:24][WildStr][taskhostw.exe]

[Throw dll injection][27/06/2025 16:35:24][WildStr][svchost.exe]

[Throw dll injection][27/06/2025 16:35:24][WildStr][powershell.exe]
te.exe]

[Throw dll injection][27/06/2025 16:35:24][WildStr][svchost.exe]

[Throw dll injection][27/06/2025 16:35:24][WildStr][Code.exe]

[Throw dll injection][27/06/2025 16:35:24][WildStr][ctfmon.exe]

[Throw dll injection][27/06/2025 16:35:24][WildStr][Code.exe]

[Throw dll injection][27/06/2025 16:35:24][WildStr][svchost.exe]

[Throw dll injection][27/06/2025 16:35:24][WildStr][Code.exe]

[Throw dll injection][27/06/2025 16:35:24][WildStr][svchost.exe]

[Throw dll injection][27/06/2025 16:35:24][WildStr][Code.exe]

[Throw dll injection][27/06/2025 16:35:24][WildStr][explorer.exe]

[Throw dll injection][27/06/2025 16:35:24][WildStr][Code.exe]

[Throw dll injection][27/06/2025 16:35:24][WildStr][Code.exe]
]

[Throw dll injection][27/06/2025 16:35:24][WildStr][StartMenuExperienceHost.exe]

[Throw dll injection][27/06/2025 16:35:24][WildStr][Code.exe]

[Throw dll injection][27/06/2025 16:35:24][WildStr][RuntimeBroker.exe]

[Throw dll injection][27/06/2025 16:35:24][WildStr][Code.exe]

[Throw dll injection][27/06/2025 16:35:24][WildStr][SearchApp.exe]

[Throw dll injection][27/06/2025 16:35:24][WildStr][Code.exe]

[Throw dll injection][27/06/2025 16:35:24][WildStr][svchost.exe]

[Throw dll injection][27/06/2025 16:35:24][WildStr][conhost.exe]

[Throw dll injection][27/06/2025 16:35:24][WildStr][RuntimeBroker.exe]

[Throw dll injection][27/06/2025 16:35:24][WildStr][powershell.exe]

[Throw dll injection][27/06/2025 16:35:24][WildStr][RuntimeBroker.exe]

[Throw dll injection][27/06/2025 16:35:24][WildStr][conhost.exe]

[Throw dll injection][27/06/2025 16:35:24][WildStr][svchost.exe]

[Throw dll injection][27/06/2025 16:35:24][WildStr][powershell.exe]

[Throw dll injection][27/06/2025 16:35:24][WildStr][SecurityHealthSystray.exe]

[Throw dll injection][27/06/2025 16:35:24][WildStr][TextInputHost.exe]

[Throw dll injection][27/06/2025 16:35:24][WildStr][SecurityHealthService.exe]

[Throw dll injection][27/06/2025 16:35:24][WildStr][Code.exe]

[Throw dll injection][27/06/2025 16:35:24][WildStr][VBoxTray.exe]

[Throw dll injection][27/06/2025 16:35:24][WildStr][cpptools.exe]

[Throw dll injection][27/06/2025 16:35:24][WildStr][OneDrive.exe]

[Throw dll injection][27/06/2025 16:35:24][WildStr][conhost.exe]

[Throw dll injection][27/06/2025 16:35:24][WildStr][cmd.exe]

[Throw dll injection][27/06/2025 16:35:24][WildStr][cpptools.exe]

[Throw dll injection][27/06/2025 16:35:24][WildStr][conhost.exe]

[Throw dll injection][27/06/2025 16:35:24][WildStr][ApplicationFrameHost.exe]

[Throw dll injection][27/06/2025 16:35:24][WildStr][svchost.exe]

[Throw dll injection][27/06/2025 16:35:24][WildStr][SystemSettings.exe]

[Throw dll injection][27/06/2025 16:35:24][WildStr][svchost.exe]

[Throw dll injection][27/06/2025 16:35:24][WildStr][UserOOBEBroker.exe]

[Throw dll injection][27/06/2025 16:35:24][WildStr][svchost.exe]

[Throw dll injection][27/06/2025 16:35:24][WildStr][SearchApp.exe]

[Throw dll injection][27/06/2025 16:35:24][WildStr][svchost.exe]

[Throw dll injection][27/06/2025 16:35:24][WildStr][msedgewebview2.exe]

[Throw dll injection][27/06/2025 16:35:24][WildStr][svchost.exe]

[Throw dll injection][27/06/2025 16:35:24][WildStr][msedgewebview2.exe]

[Throw dll injection][27/06/2025 16:35:24][WildStr][svchost.exe]

[Throw dll injection][27/06/2025 16:35:24][WildStr][msedgewebview2.exe]

[Throw dll injection][27/06/2025 16:35:24][WildStr][powershell.exe]

[Throw dll injection][27/06/2025 16:35:24][WildStr][msedgewebview2.exe]

[Throw dll injection][27/06/2025 16:35:24][WildStr][Code.exe]

[Throw dll injection][27/06/2025 16:35:24][WildStr][msedgewebview2.exe]

[Throw dll injection][27/06/2025 16:35:24][WildStr][Code.exe]

[Throw dll injection][27/06/2025 16:35:24][WildStr][msedgewebview2.exe]

[Throw dll injection][27/06/2025 16:35:24][WildStr][Code.exe]

[Throw dll injection][27/06/2025 16:35:24][WildStr][FileCoAuth.exe]

[Throw dll injection][27/06/2025 16:35:24][WildStr][Code.exe]

[Throw dll injection][27/06/2025 16:35:24][WildStr][svchost.exe]

[Throw dll injection][27/06/2025 16:35:24][WildStr][Code.exe]


[Throw dll injection][27/06/2025 16:35:24][WildStr][msedge.exe]

[Throw dll injection][27/06/2025 16:35:24][WildStr][Code.exe]

[Throw dll injection][27/06/2025 16:35:24][WildStr][msedge.exe]

[Throw dll injection][27/06/2025 16:35:24][WildStr][Code.exe]

[Throw dll injection][27/06/2025 16:35:24][WildStr][Code.exe]

[Throw dll injection][27/06/2025 16:35:24][WildStr][msedge.exe]

[Throw dll injection][27/06/2025 16:35:24][WildStr][Code.exe]

[Throw dll injection][27/06/2025 16:35:24][WildStr][msedge.exe]

[Throw dll injection][27/06/2025 16:35:24][WildStr][conhost.exe]

[Throw dll injection][27/06/2025 16:35:24][WildStr][svchost.exe]

[Throw dll injection][27/06/2025 16:35:24][WildStr][powershell.exe]

[Throw dll injection][27/06/2025 16:35:24][WildStr][svchost.exe]

[Throw dll injection][27/06/2025 16:35:24][WildStr][conhost.exe]

[Throw dll injection][27/06/2025 16:35:24][WildStr][svchost.exe]

[Throw dll injection][27/06/2025 16:35:24][WildStr][powershell.exe]

[Throw dll injection][27/06/2025 16:35:24][WildStr][dllhost.exe]

[Throw dll injection][27/06/2025 16:35:24][WildStr][TextInputHost.exe]

[Throw dll injection][27/06/2025 16:35:24][WildStr][ShellExperienceHost.exe]

[Throw dll injection][27/06/2025 16:35:24][WildStr][Code.exe]

[Throw dll injection][27/06/2025 16:35:24][WildStr][RuntimeBroker.exe]

[Throw dll injection][27/06/2025 16:35:24][WildStr][cpptools.exe]

[Throw dll injection][27/06/2025 16:35:24][WildStr][vctip.exe]

[Throw dll injection][27/06/2025 16:35:24][WildStr][conhost.exe]

[Throw dll injection][27/06/2025 16:35:24][WildStr][cpptools-srv.exe]

[Throw dll injection][27/06/2025 16:35:24][WildStr][cpptools.exe]

[Throw dll injection][27/06/2025 16:35:24][WildStr][conhost.exe]

[Throw dll injection][27/06/2025 16:35:24][WildStr][ApplicationFrameHost.exe]

[Throw dll injection][27/06/2025 16:35:24][WildStr][cpptools-srv.exe]

[Throw dll injection][27/06/2025 16:35:24][WildStr][SystemSettings.exe]

[Throw dll injection][27/06/2025 16:35:24][WildStr][conhost.exe]

[Throw dll injection][27/06/2025 16:35:24][WildStr][UserOOBEBroker.exe]

[Throw dll injection][27/06/2025 16:35:24][WildStr][svchost.exe]

[Throw dll injection][27/06/2025 16:35:24][WildStr][SearchApp.exe]

[Throw dll injection][27/06/2025 16:35:24][WildStr][Taskmgr.exe]

[Throw dll injection][27/06/2025 16:35:24][WildStr][msedgewebview2.exe]

[Throw dll injection][27/06/2025 16:35:24][WildStr][test.exe]

[Throw dll injection][27/06/2025 16:35:24][WildStr][msedgewebview2.exe]

[Throw dll injection][27/06/2025 16:35:24][WildStr][msedgewebview2.exe]

[Throw dll injection][27/06/2025 16:35:24][WildStr][msedgewebview2.exe]

[Throw dll injection][27/06/2025 16:35:24][WildStr][msedgewebview2.exe]

[Throw dll injection][27/06/2025 16:35:24][WildStr][msedgewebview2.exe]

[Throw dll injection][27/06/2025 16:35:24][WildStr][FileCoAuth.exe]

[Throw dll injection][27/06/2025 16:35:24][WildStr][svchost.exe]

[Throw dll injection][27/06/2025 16:35:24][WildStr][msedge.exe]

[Throw dll injection][27/06/2025 16:35:24][WildStr][msedge.exe]

[Throw dll injection][27/06/2025 16:35:24][WildStr][msedge.exe]

[Throw dll injection][27/06/2025 16:35:24][WildStr][msedge.exe]

[Throw dll injection][27/06/2025 16:35:24][WildStr][msedge.exe]

[Throw dll injection][27/06/2025 16:35:24][WildStr][svchost.exe]

[Throw dll injection][27/06/2025 16:35:24][WildStr][svchost.exe]

[Throw dll injection][27/06/2025 16:35:24][WildStr][svchost.exe]

[Throw dll injection][27/06/2025 16:35:24][WildStr][dllhost.exe]

[Throw dll injection][27/06/2025 16:35:24][WildStr][ShellExperienceHost.exe]

[Throw dll injection][27/06/2025 16:35:24][WildStr][RuntimeBroker.exe]

[Throw dll injection][27/06/2025 16:35:24][WildStr][vctip.exe]

[Throw dll injection][27/06/2025 16:35:24][WildStr][cpptools-srv.exe]

[Throw dll injection][27/06/2025 16:35:24][WildStr][conhost.exe]

[Throw dll injection][27/06/2025 16:35:24][WildStr][cpptools-srv.exe]

[Throw dll injection][27/06/2025 16:35:24][WildStr][conhost.exe]

[Throw dll injection][27/06/2025 16:35:24][WildStr][svchost.exe]

[Throw dll injection][27/06/2025 16:35:24][WildStr][Taskmgr.exe]

[Throw dll injection][27/06/2025 16:35:24][WildStr][test.exe]

[Throw dll injection][27/06/2025 16:35:24][Str][SystemTimeOfDayInformation]

[Throw dll injection][27/06/2025 16:35:25][Str][OrigNtQuerySystemInformation failed: 0xC0000023
]

[Throw dll injection][27/06/2025 16:35:25][Str][Noinfo]

[Throw dll injection][27/06/2025 16:35:25][Str][Noinfo]

[Throw dll injection][27/06/2025 16:35:25][Str][Noinfo]

[Throw dll injection][27/06/2025 16:35:25][Str][SystemProcessInformation]

[Throw dll injection][27/06/2025 16:35:25][Str][SystemProcessInformation]

[Throw dll injection][27/06/2025 16:35:25][WildStr][System]

[Throw dll injection][27/06/2025 16:35:25][WildStr][Registry]

[Throw dll injection][27/06/2025 16:35:25][WildStr][System]

[Throw dll injection][27/06/2025 16:35:25][WildStr][smss.exe]

[Throw dll injection][27/06/2025 16:35:25][WildStr][csrss.exe]

[Throw dll injection][27/06/2025 16:35:25][WildStr][wininit.exe]

[Throw dll injection][27/06/2025 16:35:25][WildStr][csrss.exe]

[Throw dll injection][27/06/2025 16:35:25][WildStr][smss.exe]

[Throw dll injection][27/06/2025 16:35:25][WildStr][winlogon.exe]

[Throw dll injection][27/06/2025 16:35:25][WildStr][csrss.exe]

[Throw dll injection][27/06/2025 16:35:25][WildStr][services.exe]

[Throw dll injection][27/06/2025 16:35:25][WildStr][wininit.exe]

[Throw dll injection][27/06/2025 16:35:25][WildStr][lsass.exe]

[Throw dll injection][27/06/2025 16:35:25][WildStr][csrss.exe]

[Throw dll injection][27/06/2025 16:35:25][WildStr][svchost.exe]

[Throw dll injection][27/06/2025 16:35:25][WildStr][winlogon.exe]

[Throw dll injection][27/06/2025 16:35:25][WildStr][fontdrvhost.exe]

[Throw dll injection][27/06/2025 16:35:25][WildStr][services.exe]

[Throw dll injection][27/06/2025 16:35:25][WildStr][fontdrvhost.exe]

[Throw dll injection][27/06/2025 16:35:25][WildStr][lsass.exe]

[Throw dll injection][27/06/2025 16:35:25][WildStr][svchost.exe]

[Throw dll injection][27/06/2025 16:35:25][WildStr][svchost.exe]

[Throw dll injection][27/06/2025 16:35:25][WildStr][svchost.exe]

[Throw dll injection][27/06/2025 16:35:25][WildStr][fontdrvhost.exe]

[Throw dll injection][27/06/2025 16:35:25][WildStr][dwm.exe]

[Throw dll injection][27/06/2025 16:35:25][WildStr][fontdrvhost.exe]

[Throw dll injection][27/06/2025 16:35:25][WildStr][svchost.exe]

[Throw dll injection][27/06/2025 16:35:25][WildStr][svchost.exe]

[Throw dll injection][27/06/2025 16:35:25][WildStr][svchost.exe]

[Throw dll injection][27/06/2025 16:35:25][WildStr][svchost.exe]

[Throw dll injection][27/06/2025 16:35:25][WildStr][svchost.exe]

[Throw dll injection][27/06/2025 16:35:25][WildStr][dwm.exe]

[Throw dll injection][27/06/2025 16:35:25][WildStr][svchost.exe]

[Throw dll injection][27/06/2025 16:35:25][WildStr][svchost.exe]

[Throw dll injection][27/06/2025 16:35:25][WildStr][svchost.exe]

[Throw dll injection][27/06/2025 16:35:25][WildStr][svchost.exe]

[Throw dll injection][27/06/2025 16:35:25][WildStr][svchost.exe]

[Throw dll injection][27/06/2025 16:35:25][WildStr][svchost.exe]

[Throw dll injection][27/06/2025 16:35:25][WildStr][svchost.exe]

[Throw dll injection][27/06/2025 16:35:25][WildStr][svchost.exe]

[Throw dll injection][27/06/2025 16:35:25][WildStr][svchost.exe]

[Throw dll injection][27/06/2025 16:35:25][WildStr][svchost.exe]

[Throw dll injection][27/06/2025 16:35:25][WildStr][svchost.exe]

[Throw dll injection][27/06/2025 16:35:25][WildStr][svchost.exe]

[Throw dll injection][27/06/2025 16:35:25][WildStr][svchost.exe]

[Throw dll injection][27/06/2025 16:35:25][WildStr][svchost.exe]

[Throw dll injection][27/06/2025 16:35:25][WildStr][svchost.exe]

[Throw dll injection][27/06/2025 16:35:25][WildStr][svchost.exe]

[Throw dll injection][27/06/2025 16:35:25][WildStr][svchost.exe]

[Throw dll injection][27/06/2025 16:35:25][WildStr][svchost.exe]

[Throw dll injection][27/06/2025 16:35:25][WildStr][svchost.exe]

[Throw dll injection][27/06/2025 16:35:25][WildStr][svchost.exe]

[Throw dll injection][27/06/2025 16:35:25][WildStr][VBoxService.exe]

[Throw dll injection][27/06/2025 16:35:25][WildStr][svchost.exe]

[Throw dll injection][27/06/2025 16:35:25][WildStr][svchost.exe]

[Throw dll injection][27/06/2025 16:35:25][WildStr][svchost.exe]

[Throw dll injection][27/06/2025 16:35:25][WildStr][svchost.exe]

[Throw dll injection][27/06/2025 16:35:25][WildStr][svchost.exe]

[Throw dll injection][27/06/2025 16:35:25][WildStr][svchost.exe]

[Throw dll injection][27/06/2025 16:35:25][WildStr][VBoxService.exe]

[Throw dll injection][27/06/2025 16:35:25][WildStr][svchost.exe]

[Throw dll injection][27/06/2025 16:35:25][WildStr][svchost.exe]

[Throw dll injection][27/06/2025 16:35:25][WildStr][svchost.exe]

[Throw dll injection][27/06/2025 16:35:25][WildStr][svchost.exe]

[Throw dll injection][27/06/2025 16:35:25][WildStr][svchost.exe]

[Throw dll injection][27/06/2025 16:35:25][WildStr][svchost.exe]

[Throw dll injection][27/06/2025 16:35:25][WildStr][Memory Compression]

[Throw dll injection][27/06/2025 16:35:25][WildStr][svchost.exe]

[Throw dll injection][27/06/2025 16:35:25][WildStr][svchost.exe]

[Throw dll injection][27/06/2025 16:35:25][WildStr][svchost.exe]

[Throw dll injection][27/06/2025 16:35:25][WildStr][svchost.exe]

[Throw dll injection][27/06/2025 16:35:25][WildStr][svchost.exe]

[Throw dll injection][27/06/2025 16:35:25][WildStr][svchost.exe]

[Throw dll injection][27/06/2025 16:35:25][WildStr][Memory Compression]

[Throw dll injection][27/06/2025 16:35:25][WildStr][svchost.exe]

[Throw dll injection][27/06/2025 16:35:25][WildStr][svchost.exe]

[Throw dll injection][27/06/2025 16:35:25][WildStr][svchost.exe]

[Throw dll injection][27/06/2025 16:35:25][WildStr][svchost.exe]

[Throw dll injection][27/06/2025 16:35:25][WildStr][svchost.exe]

[Throw dll injection][27/06/2025 16:35:25][WildStr][svchost.exe]

[Throw dll injection][27/06/2025 16:35:25][WildStr][svchost.exe]

[Throw dll injection][27/06/2025 16:35:25][WildStr][svchost.exe]

[Throw dll injection][27/06/2025 16:35:25][WildStr][svchost.exe]

[Throw dll injection][27/06/2025 16:35:25][WildStr][svchost.exe]

[Throw dll injection][27/06/2025 16:35:25][WildStr][spoolsv.exe]

[Throw dll injection][27/06/2025 16:35:25][WildStr][svchost.exe]

[Throw dll injection][27/06/2025 16:35:25][WildStr][svchost.exe]

[Throw dll injection][27/06/2025 16:35:25][WildStr][svchost.exe]

[Throw dll injection][27/06/2025 16:35:25][WildStr][svchost.exe]

[Throw dll injection][27/06/2025 16:35:25][WildStr][svchost.exe]

[Throw dll injection][27/06/2025 16:35:25][WildStr][svchost.exe]

[Throw dll injection][27/06/2025 16:35:25][WildStr][spoolsv.exe]

[Throw dll injection][27/06/2025 16:35:25][WildStr][svchost.exe]

[Throw dll injection][27/06/2025 16:35:25][WildStr][svchost.exe]

[Throw dll injection][27/06/2025 16:35:25][WildStr][ssh-agent.exe]

[Throw dll injection][27/06/2025 16:35:25][WildStr][svchost.exe]

[Throw dll injection][27/06/2025 16:35:25][WildStr][sshd.exe]

[Throw dll injection][27/06/2025 16:35:25][WildStr][svchost.exe]

[Throw dll injection][27/06/2025 16:35:25][WildStr][svchost.exe]

[Throw dll injection][27/06/2025 16:35:25][WildStr][svchost.exe]

[Throw dll injection][27/06/2025 16:35:25][WildStr][svchost.exe]

[Throw dll injection][27/06/2025 16:35:25][WildStr][ssh-agent.exe]

[Throw dll injection][27/06/2025 16:35:25][WildStr][svchost.exe]

[Throw dll injection][27/06/2025 16:35:25][WildStr][sshd.exe]

[Throw dll injection][27/06/2025 16:35:25][WildStr][svchost.exe]

[Throw dll injection][27/06/2025 16:35:25][WildStr][svchost.exe]

[Throw dll injection][27/06/2025 16:35:25][WildStr][svchost.exe]

[Throw dll injection][27/06/2025 16:35:25][WildStr][svchost.exe]

[Throw dll injection][27/06/2025 16:35:25][WildStr][svchost.exe]

[Throw dll injection][27/06/2025 16:35:25][WildStr][svchost.exe]

[Throw dll injection][27/06/2025 16:35:25][WildStr][svchost.exe]

[Throw dll injection][27/06/2025 16:35:25][WildStr][svchost.exe]

[Throw dll injection][27/06/2025 16:35:25][WildStr][svchost.exe]

[Throw dll injection][27/06/2025 16:35:25][WildStr][svchost.exe]

[Throw dll injection][27/06/2025 16:35:25][WildStr][svchost.exe]

[Throw dll injection][27/06/2025 16:35:25][WildStr][svchost.exe]

[Throw dll injection][27/06/2025 16:35:25][WildStr][MpDefenderCoreService.exe]

[Throw dll injection][27/06/2025 16:35:25][WildStr][svchost.exe]

[Throw dll injection][27/06/2025 16:35:25][WildStr][MsMpEng.exe]

[Throw dll injection][27/06/2025 16:35:25][WildStr][svchost.exe]

[Throw dll injection][27/06/2025 16:35:25][WildStr][SearchIndexer.exe]

[Throw dll injection][27/06/2025 16:35:25][WildStr][svchost.exe]

[Throw dll injection][27/06/2025 16:35:25][WildStr][AggregatorHost.exe]

[Throw dll injection][27/06/2025 16:35:25][WildStr][MpDefenderCoreService.exe]

[Throw dll injection][27/06/2025 16:35:25][WildStr][dllhost.exe]

[Throw dll injection][27/06/2025 16:35:25][WildStr][MsMpEng.exe]

[Throw dll injection][27/06/2025 16:35:25][WildStr][svchost.exe]

[Throw dll injection][27/06/2025 16:35:25][WildStr][SearchIndexer.exe]

[Throw dll injection][27/06/2025 16:35:25][WildStr][NisSrv.exe]

[Throw dll injection][27/06/2025 16:35:25][WildStr][AggregatorHost.exe]

[Throw dll injection][27/06/2025 16:35:25][WildStr][sihost.exe]

[Throw dll injection][27/06/2025 16:35:25][WildStr][dllhost.exe]

[Throw dll injection][27/06/2025 16:35:25][WildStr][svchost.exe]

[Throw dll injection][27/06/2025 16:35:25][WildStr][svchost.exe]

[Throw dll injection][27/06/2025 16:35:25][WildStr][svchost.exe]

[Throw dll injection][27/06/2025 16:35:25][WildStr][NisSrv.exe]

[Throw dll injection][27/06/2025 16:35:25][WildStr][taskhostw.exe]

[Throw dll injection][27/06/2025 16:35:25][WildStr][sihost.exe]

[Throw dll injection][27/06/2025 16:35:25][WildStr][MicrosoftEdgeUpdate.exe]

[Throw dll injection][27/06/2025 16:35:25][WildStr][svchost.exe]

[Throw dll injection][27/06/2025 16:35:25][WildStr][svchost.exe]

[Throw dll injection][27/06/2025 16:35:25][WildStr][svchost.exe]

[Throw dll injection][27/06/2025 16:35:25][WildStr][ctfmon.exe]

[Throw dll injection][27/06/2025 16:35:25][WildStr][taskhostw.exe]

[Throw dll injection][27/06/2025 16:35:25][WildStr][svchost.exe]

[Throw dll injection][27/06/2025 16:35:25][WildStr][MicrosoftEdgeUpdate.exe]

[Throw dll injection][27/06/2025 16:35:25][WildStr][svchost.exe]

[Throw dll injection][27/06/2025 16:35:25][WildStr][svchost.exe]

[Throw dll injection][27/06/2025 16:35:25][WildStr][explorer.exe]

[Throw dll injection][27/06/2025 16:35:25][WildStr][ctfmon.exe]

[Throw dll injection][27/06/2025 16:35:25][WildStr][svchost.exe]

[Throw dll injection][27/06/2025 16:35:25][WildStr][svchost.exe]

[Throw dll injection][27/06/2025 16:35:25][WildStr][StartMenuExperienceHost.exe]

[Throw dll injection][27/06/2025 16:35:25][WildStr][svchost.exe]

[Throw dll injection][27/06/2025 16:35:25][WildStr][RuntimeBroker.exe]

[Throw dll injection][27/06/2025 16:35:25][WildStr][explorer.exe]

[Throw dll injection][27/06/2025 16:35:25][WildStr][SearchApp.exe]

[Throw dll injection][27/06/2025 16:35:25][WildStr][svchost.exe]

[Throw dll injection][27/06/2025 16:35:25][WildStr][svchost.exe]

[Throw dll injection][27/06/2025 16:35:25][WildStr][StartMenuExperienceHost.exe]

[Throw dll injection][27/06/2025 16:35:25][WildStr][RuntimeBroker.exe]

[Throw dll injection][27/06/2025 16:35:25][WildStr][RuntimeBroker.exe]

[Throw dll injection][27/06/2025 16:35:25][WildStr][RuntimeBroker.exe]

[Throw dll injection][27/06/2025 16:35:25][WildStr][svchost.exe]

[Throw dll injection][27/06/2025 16:35:25][WildStr][SearchApp.exe]

[Throw dll injection][27/06/2025 16:35:25][WildStr][SecurityHealthSystray.exe]

[Throw dll injection][27/06/2025 16:35:25][WildStr][svchost.exe]

[Throw dll injection][27/06/2025 16:35:25][WildStr][RuntimeBroker.exe]
e.exe]

[Throw dll injection][27/06/2025 16:35:25][WildStr][RuntimeBroker.exe]

[Throw dll injection][27/06/2025 16:35:25][WildStr][VBoxTray.exe]

[Throw dll injection][27/06/2025 16:35:25][WildStr][svchost.exe]

[Throw dll injection][27/06/2025 16:35:25][WildStr][OneDrive.exe]

[Throw dll injection][27/06/2025 16:35:25][WildStr][SecurityHealthSystray.exe]

[Throw dll injection][27/06/2025 16:35:25][WildStr][cmd.exe]

[Throw dll injection][27/06/2025 16:35:25][WildStr][SecurityHealthService.exe]

[Throw dll injection][27/06/2025 16:35:25][WildStr][conhost.exe]

[Throw dll injection][27/06/2025 16:35:25][WildStr][VBoxTray.exe]

[Throw dll injection][27/06/2025 16:35:25][WildStr][svchost.exe]

[Throw dll injection][27/06/2025 16:35:25][WildStr][svchost.exe]

[Throw dll injection][27/06/2025 16:35:25][WildStr][OneDrive.exe]

[Throw dll injection][27/06/2025 16:35:25][WildStr][svchost.exe]

[Throw dll injection][27/06/2025 16:35:25][WildStr][cmd.exe]

[Throw dll injection][27/06/2025 16:35:25][WildStr][svchost.exe]

[Throw dll injection][27/06/2025 16:35:25][WildStr][conhost.exe]

[Throw dll injection][27/06/2025 16:35:25][WildStr][svchost.exe]

[Throw dll injection][27/06/2025 16:35:25][WildStr][svchost.exe]

[Throw dll injection][27/06/2025 16:35:25][WildStr][svchost.exe]

[Throw dll injection][27/06/2025 16:35:25][WildStr][svchost.exe]

[Throw dll injection][27/06/2025 16:35:25][WildStr][powershell.exe]

[Throw dll injection][27/06/2025 16:35:25][WildStr][svchost.exe]

[Throw dll injection][27/06/2025 16:35:25][WildStr][Code.exe]

[Throw dll injection][27/06/2025 16:35:25][WildStr][svchost.exe]

[Throw dll injection][27/06/2025 16:35:25][WildStr][Code.exe]

[Throw dll injection][27/06/2025 16:35:25][WildStr][svchost.exe]

[Throw dll injection][27/06/2025 16:35:25][WildStr][Code.exe]

[Throw dll injection][27/06/2025 16:35:25][WildStr][svchost.exe]

[Throw dll injection][27/06/2025 16:35:25][WildStr][Code.exe]

[Throw dll injection][27/06/2025 16:35:25][WildStr][powershell.exe]

[Throw dll injection][27/06/2025 16:35:25][WildStr][Code.exe]

[Throw dll injection][27/06/2025 16:35:25][WildStr][Code.exe]

[Throw dll injection][27/06/2025 16:35:25][WildStr][Code.exe]

[Throw dll injection][27/06/2025 16:35:25][WildStr][Code.exe]

[Throw dll injection][27/06/2025 16:35:25][WildStr][Code.exe]

[Throw dll injection][27/06/2025 16:35:25][WildStr][Code.exe]

[Throw dll injection][27/06/2025 16:35:25][WildStr][Code.exe]

[Throw dll injection][27/06/2025 16:35:25][WildStr][Code.exe]

[Throw dll injection][27/06/2025 16:35:25][WildStr][Code.exe]

[Throw dll injection][27/06/2025 16:35:25][WildStr][Code.exe]

[Throw dll injection][27/06/2025 16:35:25][WildStr][conhost.exe]

[Throw dll injection][27/06/2025 16:35:25][WildStr][Code.exe]

[Throw dll injection][27/06/2025 16:35:25][WildStr][powershell.exe]

[Throw dll injection][27/06/2025 16:35:25][WildStr][Code.exe]

[Throw dll injection][27/06/2025 16:35:25][WildStr][conhost.exe]

[Throw dll injection][27/06/2025 16:35:25][WildStr][Code.exe]

[Throw dll injection][27/06/2025 16:35:25][WildStr][powershell.exe]

[Throw dll injection][27/06/2025 16:35:25][WildStr][Code.exe]

[Throw dll injection][27/06/2025 16:35:25][WildStr][TextInputHost.exe]

[Throw dll injection][27/06/2025 16:35:25][WildStr][conhost.exe]

[Throw dll injection][27/06/2025 16:35:25][WildStr][Code.exe]

[Throw dll injection][27/06/2025 16:35:25][WildStr][powershell.exe]

[Throw dll injection][27/06/2025 16:35:25][WildStr][cpptools.exe]

[Throw dll injection][27/06/2025 16:35:25][WildStr][conhost.exe]

[Throw dll injection][27/06/2025 16:35:25][WildStr][conhost.exe]

[Throw dll injection][27/06/2025 16:35:25][WildStr][powershell.exe]

[Throw dll injection][27/06/2025 16:35:25][WildStr][TextInputHost.exe]

[Throw dll injection][27/06/2025 16:35:25][WildStr][cpptools.exe]

[Throw dll injection][27/06/2025 16:35:25][WildStr][Code.exe]

[Throw dll injection][27/06/2025 16:35:25][WildStr][ApplicationFrameHost.exe]

[Throw dll injection][27/06/2025 16:35:25][WildStr][cpptools.exe]

[Throw dll injection][27/06/2025 16:35:25][WildStr][SystemSettings.exe]

[Throw dll injection][27/06/2025 16:35:25][WildStr][conhost.exe]

[Throw dll injection][27/06/2025 16:35:25][WildStr][UserOOBEBroker.exe]

[Throw dll injection][27/06/2025 16:35:25][WildStr][cpptools.exe]

[Throw dll injection][27/06/2025 16:35:25][WildStr][SearchApp.exe]

[Throw dll injection][27/06/2025 16:35:25][WildStr][ApplicationFrameHost.exe]

[Throw dll injection][27/06/2025 16:35:25][WildStr][msedgewebview2.exe]

[Throw dll injection][27/06/2025 16:35:25][WildStr][SystemSettings.exe]

[Throw dll injection][27/06/2025 16:35:25][WildStr][msedgewebview2.exe]

[Throw dll injection][27/06/2025 16:35:25][WildStr][UserOOBEBroker.exe]

[Throw dll injection][27/06/2025 16:35:25][WildStr][msedgewebview2.exe]

[Throw dll injection][27/06/2025 16:35:25][WildStr][SearchApp.exe]

[Throw dll injection][27/06/2025 16:35:25][WildStr][msedgewebview2.exe]

[Throw dll injection][27/06/2025 16:35:25][WildStr][msedgewebview2.exe]

[Throw dll injection][27/06/2025 16:35:25][WildStr][msedgewebview2.exe]

[Throw dll injection][27/06/2025 16:35:25][WildStr][msedgewebview2.exe]

[Throw dll injection][27/06/2025 16:35:25][WildStr][msedgewebview2.exe]

[Throw dll injection][27/06/2025 16:35:25][WildStr][msedgewebview2.exe]

[Throw dll injection][27/06/2025 16:35:25][WildStr][FileCoAuth.exe]

[Throw dll injection][27/06/2025 16:35:25][WildStr][msedgewebview2.exe]

[Throw dll injection][27/06/2025 16:35:25][WildStr][svchost.exe]

[Throw dll injection][27/06/2025 16:35:25][WildStr][msedgewebview2.exe]

[Throw dll injection][27/06/2025 16:35:25][WildStr][msedge.exe]

[Throw dll injection][27/06/2025 16:35:25][WildStr][msedgewebview2.exe]

[Throw dll injection][27/06/2025 16:35:25][WildStr][msedge.exe]

[Throw dll injection][27/06/2025 16:35:25][WildStr][FileCoAuth.exe]

[Throw dll injection][27/06/2025 16:35:25][WildStr][msedge.exe]

[Throw dll injection][27/06/2025 16:35:25][WildStr][svchost.exe]

[Throw dll injection][27/06/2025 16:35:25][WildStr][msedge.exe]

[Throw dll injection][27/06/2025 16:35:25][WildStr][msedge.exe]

[Throw dll injection][27/06/2025 16:35:25][WildStr][msedge.exe]

[Throw dll injection][27/06/2025 16:35:25][WildStr][msedge.exe]

[Throw dll injection][27/06/2025 16:35:25][WildStr][svchost.exe]

[Throw dll injection][27/06/2025 16:35:25][WildStr][msedge.exe]

[Throw dll injection][27/06/2025 16:35:25][WildStr][svchost.exe]

[Throw dll injection][27/06/2025 16:35:25][WildStr][msedge.exe]

[Throw dll injection][27/06/2025 16:35:25][WildStr][svchost.exe]

[Throw dll injection][27/06/2025 16:35:25][WildStr][msedge.exe]

[Throw dll injection][27/06/2025 16:35:25][WildStr][dllhost.exe]

[Throw dll injection][27/06/2025 16:35:25][WildStr][svchost.exe]

[Throw dll injection][27/06/2025 16:35:25][WildStr][ShellExperienceHost.exe]

[Throw dll injection][27/06/2025 16:35:25][WildStr][svchost.exe]

[Throw dll injection][27/06/2025 16:35:25][WildStr][RuntimeBroker.exe]

[Throw dll injection][27/06/2025 16:35:25][WildStr][svchost.exe]

[Throw dll injection][27/06/2025 16:35:25][WildStr][vctip.exe]

[Throw dll injection][27/06/2025 16:35:25][WildStr][dllhost.exe]

[Throw dll injection][27/06/2025 16:35:25][WildStr][cpptools-srv.exe]

[Throw dll injection][27/06/2025 16:35:25][WildStr][ShellExperienceHost.exe]

[Throw dll injection][27/06/2025 16:35:25][WildStr][conhost.exe]

[Throw dll injection][27/06/2025 16:35:25][WildStr][RuntimeBroker.exe]

[Throw dll injection][27/06/2025 16:35:25][WildStr][cpptools-srv.exe]

[Throw dll injection][27/06/2025 16:35:25][WildStr][vctip.exe]

[Throw dll injection][27/06/2025 16:35:25][WildStr][cpptools-srv.exe]

[Throw dll injection][27/06/2025 16:35:25][WildStr][svchost.exe]

[Throw dll injection][27/06/2025 16:35:25][WildStr][conhost.exe]

[Throw dll injection][27/06/2025 16:35:25][WildStr][Taskmgr.exe]

[Throw dll injection][27/06/2025 16:35:25][WildStr][cpptools-srv.exe]

[Throw dll injection][27/06/2025 16:35:25][WildStr][test.exe]

[Throw dll injection][27/06/2025 16:35:25][WildStr][conhost.exe]

[Throw dll injection][27/06/2025 16:35:25][Str][SystemTimeOfDayInformation]

[Throw dll injection][27/06/2025 16:35:25][WildStr][svchost.exe]

[Throw dll injection][27/06/2025 16:35:25][WildStr][Taskmgr.exe]

[Throw dll injection][27/06/2025 16:35:25][WildStr][test.exe]

[Throw dll injection][27/06/2025 16:35:26][Str][OrigNtQuerySystemInformation failed: 0xC0000023
]

[Throw dll injection][27/06/2025 16:35:26][Str][Noinfo]

[Throw dll injection][27/06/2025 16:35:26][Str][Noinfo]

[Throw dll injection][27/06/2025 16:35:26][Str][Noinfo]

[Throw dll injection][27/06/2025 16:35:26][Str][SystemProcessInformation]

[Throw dll injection][27/06/2025 16:35:26][Str][SystemProcessInformation]

[Throw dll injection][27/06/2025 16:35:26][WildStr][System]

[Throw dll injection][27/06/2025 16:35:26][WildStr][Registry]

[Throw dll injection][27/06/2025 16:35:26][WildStr][System]

[Throw dll injection][27/06/2025 16:35:26][WildStr][smss.exe]

[Throw dll injection][27/06/2025 16:35:26][WildStr][csrss.exe]

[Throw dll injection][27/06/2025 16:35:26][WildStr][Registry]

[Throw dll injection][27/06/2025 16:35:26][WildStr][wininit.exe]

[Throw dll injection][27/06/2025 16:35:26][WildStr][csrss.exe]

[Throw dll injection][27/06/2025 16:35:26][WildStr][smss.exe]

[Throw dll injection][27/06/2025 16:35:26][WildStr][winlogon.exe]

[Throw dll injection][27/06/2025 16:35:26][WildStr][csrss.exe]

[Throw dll injection][27/06/2025 16:35:26][WildStr][services.exe]

[Throw dll injection][27/06/2025 16:35:26][WildStr][lsass.exe]

[Throw dll injection][27/06/2025 16:35:26][WildStr][wininit.exe]

[Throw dll injection][27/06/2025 16:35:26][WildStr][svchost.exe]

[Throw dll injection][27/06/2025 16:35:26][WildStr][fontdrvhost.exe]

[Throw dll injection][27/06/2025 16:35:26][WildStr][csrss.exe]

[Throw dll injection][27/06/2025 16:35:26][WildStr][fontdrvhost.exe]

[Throw dll injection][27/06/2025 16:35:26][WildStr][svchost.exe]

[Throw dll injection][27/06/2025 16:35:26][WildStr][winlogon.exe]

[Throw dll injection][27/06/2025 16:35:26][WildStr][svchost.exe]

[Throw dll injection][27/06/2025 16:35:26][WildStr][dwm.exe]

[Throw dll injection][27/06/2025 16:35:26][WildStr][services.exe]

[Throw dll injection][27/06/2025 16:35:26][WildStr][svchost.exe]

[Throw dll injection][27/06/2025 16:35:26][WildStr][svchost.exe]

[Throw dll injection][27/06/2025 16:35:26][WildStr][lsass.exe]

[Throw dll injection][27/06/2025 16:35:26][WildStr][svchost.exe]

[Throw dll injection][27/06/2025 16:35:26][WildStr][svchost.exe]

[Throw dll injection][27/06/2025 16:35:26][WildStr][svchost.exe]

[Throw dll injection][27/06/2025 16:35:26][WildStr][svchost.exe]

[Throw dll injection][27/06/2025 16:35:26][WildStr][svchost.exe]

[Throw dll injection][27/06/2025 16:35:26][WildStr][fontdrvhost.exe]

[Throw dll injection][27/06/2025 16:35:26][WildStr][svchost.exe]

[Throw dll injection][27/06/2025 16:35:26][WildStr][svchost.exe]

[Throw dll injection][27/06/2025 16:35:26][WildStr][fontdrvhost.exe]

[Throw dll injection][27/06/2025 16:35:26][WildStr][svchost.exe]

[Throw dll injection][27/06/2025 16:35:26][WildStr][svchost.exe]

[Throw dll injection][27/06/2025 16:35:26][WildStr][svchost.exe]

[Throw dll injection][27/06/2025 16:35:26][WildStr][svchost.exe]

[Throw dll injection][27/06/2025 16:35:26][WildStr][svchost.exe]

[Throw dll injection][27/06/2025 16:35:26][WildStr][svchost.exe]

[Throw dll injection][27/06/2025 16:35:26][WildStr][svchost.exe]

[Throw dll injection][27/06/2025 16:35:26][WildStr][VBoxService.exe]

[Throw dll injection][27/06/2025 16:35:26][WildStr][dwm.exe]

[Throw dll injection][27/06/2025 16:35:26][WildStr][svchost.exe]

[Throw dll injection][27/06/2025 16:35:26][WildStr][svchost.exe]

[Throw dll injection][27/06/2025 16:35:26][WildStr][svchost.exe]

[Throw dll injection][27/06/2025 16:35:26][WildStr][svchost.exe]

[Throw dll injection][27/06/2025 16:35:26][WildStr][svchost.exe]

[Throw dll injection][27/06/2025 16:35:26][WildStr][svchost.exe]

[Throw dll injection][27/06/2025 16:35:26][WildStr][svchost.exe]

[Throw dll injection][27/06/2025 16:35:26][WildStr][svchost.exe]

[Throw dll injection][27/06/2025 16:35:26][WildStr][svchost.exe]

[Throw dll injection][27/06/2025 16:35:26][WildStr][svchost.exe]

[Throw dll injection][27/06/2025 16:35:26][WildStr][Memory Compression]

[Throw dll injection][27/06/2025 16:35:26][WildStr][svchost.exe]

[Throw dll injection][27/06/2025 16:35:26][WildStr][svchost.exe]

[Throw dll injection][27/06/2025 16:35:26][WildStr][svchost.exe]

[Throw dll injection][27/06/2025 16:35:26][WildStr][svchost.exe]

[Throw dll injection][27/06/2025 16:35:26][WildStr][svchost.exe]

[Throw dll injection][27/06/2025 16:35:26][WildStr][svchost.exe]

[Throw dll injection][27/06/2025 16:35:26][WildStr][svchost.exe]

[Throw dll injection][27/06/2025 16:35:26][WildStr][svchost.exe]

[Throw dll injection][27/06/2025 16:35:26][WildStr][svchost.exe]

[Throw dll injection][27/06/2025 16:35:26][WildStr][svchost.exe]

[Throw dll injection][27/06/2025 16:35:26][WildStr][svchost.exe]

[Throw dll injection][27/06/2025 16:35:26][WildStr][svchost.exe]

[Throw dll injection][27/06/2025 16:35:26][WildStr][svchost.exe]

[Throw dll injection][27/06/2025 16:35:26][WildStr][svchost.exe]

[Throw dll injection][27/06/2025 16:35:26][WildStr][svchost.exe]

[Throw dll injection][27/06/2025 16:35:26][WildStr][svchost.exe]

[Throw dll injection][27/06/2025 16:35:26][WildStr][svchost.exe]

[Throw dll injection][27/06/2025 16:35:26][WildStr][spoolsv.exe]
e]

[Throw dll injection][27/06/2025 16:35:26][WildStr][svchost.exe]

[Throw dll injection][27/06/2025 16:35:26][WildStr][svchost.exe]

[Throw dll injection][27/06/2025 16:35:26][WildStr][svchost.exe]

[Throw dll injection][27/06/2025 16:35:26][WildStr][svchost.exe]

[Throw dll injection][27/06/2025 16:35:26][WildStr][svchost.exe]

[Throw dll injection][27/06/2025 16:35:26][WildStr][svchost.exe]

[Throw dll injection][27/06/2025 16:35:26][WildStr][svchost.exe]

[Throw dll injection][27/06/2025 16:35:26][WildStr][svchost.exe]

[Throw dll injection][27/06/2025 16:35:26][WildStr][ssh-agent.exe]

[Throw dll injection][27/06/2025 16:35:26][WildStr][svchost.exe]

[Throw dll injection][27/06/2025 16:35:26][WildStr][sshd.exe]

[Throw dll injection][27/06/2025 16:35:26][WildStr][Memory Compression]

[Throw dll injection][27/06/2025 16:35:26][WildStr][svchost.exe]

[Throw dll injection][27/06/2025 16:35:26][WildStr][svchost.exe]

[Throw dll injection][27/06/2025 16:35:26][WildStr][svchost.exe]

[Throw dll injection][27/06/2025 16:35:26][WildStr][svchost.exe]

[Throw dll injection][27/06/2025 16:35:26][WildStr][svchost.exe]

[Throw dll injection][27/06/2025 16:35:26][WildStr][svchost.exe]

[Throw dll injection][27/06/2025 16:35:26][WildStr][svchost.exe]

[Throw dll injection][27/06/2025 16:35:26][WildStr][svchost.exe]

[Throw dll injection][27/06/2025 16:35:26][WildStr][svchost.exe]

[Throw dll injection][27/06/2025 16:35:26][WildStr][svchost.exe]

[Throw dll injection][27/06/2025 16:35:26][WildStr][svchost.exe]

[Throw dll injection][27/06/2025 16:35:26][WildStr][svchost.exe]

[Throw dll injection][27/06/2025 16:35:26][WildStr][svchost.exe]

[Throw dll injection][27/06/2025 16:35:26][WildStr][svchost.exe]

[Throw dll injection][27/06/2025 16:35:26][WildStr][svchost.exe]

[Throw dll injection][27/06/2025 16:35:26][WildStr][svchost.exe]

[Throw dll injection][27/06/2025 16:35:26][WildStr][svchost.exe]

[Throw dll injection][27/06/2025 16:35:26][WildStr][spoolsv.exe]

[Throw dll injection][27/06/2025 16:35:26][WildStr][MpDefenderCoreService.exe]

[Throw dll injection][27/06/2025 16:35:26][WildStr][svchost.exe]

[Throw dll injection][27/06/2025 16:35:26][WildStr][MsMpEng.exe]

[Throw dll injection][27/06/2025 16:35:26][WildStr][svchost.exe]

[Throw dll injection][27/06/2025 16:35:26][WildStr][SearchIndexer.exe]

[Throw dll injection][27/06/2025 16:35:26][WildStr][svchost.exe]

[Throw dll injection][27/06/2025 16:35:26][WildStr][AggregatorHost.exe]

[Throw dll injection][27/06/2025 16:35:26][WildStr][svchost.exe]

[Throw dll injection][27/06/2025 16:35:26][WildStr][dllhost.exe]

[Throw dll injection][27/06/2025 16:35:26][WildStr][ssh-agent.exe]

[Throw dll injection][27/06/2025 16:35:26][WildStr][svchost.exe]

[Throw dll injection][27/06/2025 16:35:26][WildStr][sshd.exe]

[Throw dll injection][27/06/2025 16:35:26][WildStr][NisSrv.exe]

[Throw dll injection][27/06/2025 16:35:26][WildStr][svchost.exe]

[Throw dll injection][27/06/2025 16:35:26][WildStr][sihost.exe]

[Throw dll injection][27/06/2025 16:35:26][WildStr][svchost.exe]

[Throw dll injection][27/06/2025 16:35:26][WildStr][svchost.exe]

[Throw dll injection][27/06/2025 16:35:26][WildStr][svchost.exe]

[Throw dll injection][27/06/2025 16:35:26][WildStr][svchost.exe]

[Throw dll injection][27/06/2025 16:35:26][WildStr][svchost.exe]

[Throw dll injection][27/06/2025 16:35:26][WildStr][taskhostw.exe]

[Throw dll injection][27/06/2025 16:35:26][WildStr][svchost.exe]

[Throw dll injection][27/06/2025 16:35:26][WildStr][svchost.exe]
pdate.exe]

[Throw dll injection][27/06/2025 16:35:26][WildStr][svchost.exe]

[Throw dll injection][27/06/2025 16:35:26][WildStr][svchost.exe]

[Throw dll injection][27/06/2025 16:35:26][WildStr][svchost.exe]

[Throw dll injection][27/06/2025 16:35:26][WildStr][MpDefenderCoreService.exe]

[Throw dll injection][27/06/2025 16:35:26][WildStr][MsMpEng.exe]

[Throw dll injection][27/06/2025 16:35:26][WildStr][explorer.exe]

[Throw dll injection][27/06/2025 16:35:26][WildStr][SearchIndexer.exe]

[Throw dll injection][27/06/2025 16:35:26][WildStr][svchost.exe]

[Throw dll injection][27/06/2025 16:35:26][WildStr][AggregatorHost.exe]

[Throw dll injection][27/06/2025 16:35:26][WildStr][StartMenuExperienceHost.exe]

[Throw dll injection][27/06/2025 16:35:26][WildStr][dllhost.exe]

[Throw dll injection][27/06/2025 16:35:26][WildStr][RuntimeBroker.exe]

[Throw dll injection][27/06/2025 16:35:26][WildStr][svchost.exe]

[Throw dll injection][27/06/2025 16:35:26][WildStr][SearchApp.exe]

[Throw dll injection][27/06/2025 16:35:26][WildStr][NisSrv.exe]

[Throw dll injection][27/06/2025 16:35:26][WildStr][svchost.exe]

[Throw dll injection][27/06/2025 16:35:26][WildStr][sihost.exe]
.exe]

[Throw dll injection][27/06/2025 16:35:26][WildStr][RuntimeBroker.exe]

[Throw dll injection][27/06/2025 16:35:26][WildStr][svchost.exe]

[Throw dll injection][27/06/2025 16:35:26][WildStr][svchost.exe]

[Throw dll injection][27/06/2025 16:35:26][WildStr][svchost.exe]

[Throw dll injection][27/06/2025 16:35:26][WildStr][taskhostw.exe]

[Throw dll injection][27/06/2025 16:35:26][WildStr][SecurityHealthSystray.exe]

[Throw dll injection][27/06/2025 16:35:26][WildStr][MicrosoftEdgeUpdate.exe]

[Throw dll injection][27/06/2025 16:35:26][WildStr][SecurityHealthService.exe]

[Throw dll injection][27/06/2025 16:35:26][WildStr][svchost.exe]

[Throw dll injection][27/06/2025 16:35:26][WildStr][VBoxTray.exe]

[Throw dll injection][27/06/2025 16:35:26][WildStr][ctfmon.exe]

[Throw dll injection][27/06/2025 16:35:26][WildStr][OneDrive.exe]

[Throw dll injection][27/06/2025 16:35:26][WildStr][svchost.exe]

[Throw dll injection][27/06/2025 16:35:26][WildStr][cmd.exe]

[Throw dll injection][27/06/2025 16:35:26][WildStr][conhost.exe]

[Throw dll injection][27/06/2025 16:35:26][WildStr][svchost.exe]

[Throw dll injection][27/06/2025 16:35:26][WildStr][explorer.exe]

[Throw dll injection][27/06/2025 16:35:26][WildStr][svchost.exe]

[Throw dll injection][27/06/2025 16:35:26][WildStr][svchost.exe]

[Throw dll injection][27/06/2025 16:35:26][WildStr][svchost.exe]

[Throw dll injection][27/06/2025 16:35:26][WildStr][StartMenuExperienceHost.exe]

[Throw dll injection][27/06/2025 16:35:26][WildStr][svchost.exe]

[Throw dll injection][27/06/2025 16:35:26][WildStr][RuntimeBroker.exe]

[Throw dll injection][27/06/2025 16:35:26][WildStr][svchost.exe]

[Throw dll injection][27/06/2025 16:35:26][WildStr][SearchApp.exe]

[Throw dll injection][27/06/2025 16:35:26][WildStr][svchost.exe]

[Throw dll injection][27/06/2025 16:35:26][WildStr][svchost.exe]

[Throw dll injection][27/06/2025 16:35:26][WildStr][powershell.exe]

[Throw dll injection][27/06/2025 16:35:26][WildStr][RuntimeBroker.exe]

[Throw dll injection][27/06/2025 16:35:26][WildStr][Code.exe]

[Throw dll injection][27/06/2025 16:35:26][WildStr][RuntimeBroker.exe]

[Throw dll injection][27/06/2025 16:35:26][WildStr][Code.exe]

[Throw dll injection][27/06/2025 16:35:26][WildStr][svchost.exe]

[Throw dll injection][27/06/2025 16:35:26][WildStr][Code.exe]

[Throw dll injection][27/06/2025 16:35:26][WildStr][SecurityHealthSystray.exe]

[Throw dll injection][27/06/2025 16:35:26][WildStr][Code.exe]

[Throw dll injection][27/06/2025 16:35:26][WildStr][SecurityHealthService.exe]

[Throw dll injection][27/06/2025 16:35:26][WildStr][Code.exe]

[Throw dll injection][27/06/2025 16:35:26][WildStr][VBoxTray.exe]

[Throw dll injection][27/06/2025 16:35:26][WildStr][Code.exe]

[Throw dll injection][27/06/2025 16:35:26][WildStr][OneDrive.exe]

[Throw dll injection][27/06/2025 16:35:26][WildStr][Code.exe]

[Throw dll injection][27/06/2025 16:35:26][WildStr][cmd.exe]

[Throw dll injection][27/06/2025 16:35:26][WildStr][Code.exe]

[Throw dll injection][27/06/2025 16:35:26][WildStr][conhost.exe]

[Throw dll injection][27/06/2025 16:35:26][WildStr][Code.exe]

[Throw dll injection][27/06/2025 16:35:26][WildStr][svchost.exe]

[Throw dll injection][27/06/2025 16:35:26][WildStr][conhost.exe]

[Throw dll injection][27/06/2025 16:35:26][WildStr][svchost.exe]

[Throw dll injection][27/06/2025 16:35:26][WildStr][powershell.exe]

[Throw dll injection][27/06/2025 16:35:26][WildStr][svchost.exe]

[Throw dll injection][27/06/2025 16:35:26][WildStr][conhost.exe]

[Throw dll injection][27/06/2025 16:35:26][WildStr][svchost.exe]

[Throw dll injection][27/06/2025 16:35:26][WildStr][powershell.exe]

[Throw dll injection][27/06/2025 16:35:26][WildStr][svchost.exe]

[Throw dll injection][27/06/2025 16:35:26][WildStr][TextInputHost.exe]

[Throw dll injection][27/06/2025 16:35:26][WildStr][svchost.exe]

[Throw dll injection][27/06/2025 16:35:26][WildStr][Code.exe]

[Throw dll injection][27/06/2025 16:35:26][WildStr][powershell.exe]

[Throw dll injection][27/06/2025 16:35:26][WildStr][cpptools.exe]

[Throw dll injection][27/06/2025 16:35:26][WildStr][Code.exe]

[Throw dll injection][27/06/2025 16:35:26][WildStr][conhost.exe]

[Throw dll injection][27/06/2025 16:35:26][WildStr][Code.exe]

[Throw dll injection][27/06/2025 16:35:26][WildStr][cpptools.exe]

[Throw dll injection][27/06/2025 16:35:26][WildStr][Code.exe]

[Throw dll injection][27/06/2025 16:35:26][WildStr][ApplicationFrameHost.exe]

[Throw dll injection][27/06/2025 16:35:26][WildStr][Code.exe]

[Throw dll injection][27/06/2025 16:35:26][WildStr][SystemSettings.exe]

[Throw dll injection][27/06/2025 16:35:26][WildStr][Code.exe]

[Throw dll injection][27/06/2025 16:35:26][WildStr][UserOOBEBroker.exe]

[Throw dll injection][27/06/2025 16:35:26][WildStr][Code.exe]

[Throw dll injection][27/06/2025 16:35:26][WildStr][SearchApp.exe]

[Throw dll injection][27/06/2025 16:35:26][WildStr][Code.exe]

[Throw dll injection][27/06/2025 16:35:26][WildStr][msedgewebview2.exe]

[Throw dll injection][27/06/2025 16:35:26][WildStr][Code.exe]

[Throw dll injection][27/06/2025 16:35:26][WildStr][msedgewebview2.exe]

[Throw dll injection][27/06/2025 16:35:26][WildStr][Code.exe]

[Throw dll injection][27/06/2025 16:35:26][WildStr][msedgewebview2.exe]

[Throw dll injection][27/06/2025 16:35:26][WildStr][conhost.exe]

[Throw dll injection][27/06/2025 16:35:26][WildStr][msedgewebview2.exe]

[Throw dll injection][27/06/2025 16:35:26][WildStr][powershell.exe]

[Throw dll injection][27/06/2025 16:35:26][WildStr][msedgewebview2.exe]

[Throw dll injection][27/06/2025 16:35:26][WildStr][conhost.exe]

[Throw dll injection][27/06/2025 16:35:26][WildStr][msedgewebview2.exe]

[Throw dll injection][27/06/2025 16:35:26][WildStr][powershell.exe]

[Throw dll injection][27/06/2025 16:35:26][WildStr][FileCoAuth.exe]

[Throw dll injection][27/06/2025 16:35:26][WildStr][TextInputHost.exe]

[Throw dll injection][27/06/2025 16:35:26][WildStr][svchost.exe]

[Throw dll injection][27/06/2025 16:35:26][WildStr][Code.exe]

[Throw dll injection][27/06/2025 16:35:26][WildStr][cpptools.exe]

[Throw dll injection][27/06/2025 16:35:26][WildStr][msedge.exe]

[Throw dll injection][27/06/2025 16:35:26][WildStr][conhost.exe]

[Throw dll injection][27/06/2025 16:35:26][WildStr][msedge.exe]

[Throw dll injection][27/06/2025 16:35:26][WildStr][cpptools.exe]

[Throw dll injection][27/06/2025 16:35:26][WildStr][msedge.exe]

[Throw dll injection][27/06/2025 16:35:26][WildStr][ApplicationFrameHost.exe]

[Throw dll injection][27/06/2025 16:35:26][WildStr][SystemSettings.exe]

[Throw dll injection][27/06/2025 16:35:26][WildStr][msedge.exe]

[Throw dll injection][27/06/2025 16:35:26][WildStr][UserOOBEBroker.exe]

[Throw dll injection][27/06/2025 16:35:26][WildStr][svchost.exe]

[Throw dll injection][27/06/2025 16:35:26][WildStr][SearchApp.exe]

[Throw dll injection][27/06/2025 16:35:26][WildStr][svchost.exe]

[Throw dll injection][27/06/2025 16:35:26][WildStr][msedgewebview2.exe]

[Throw dll injection][27/06/2025 16:35:26][WildStr][svchost.exe]

[Throw dll injection][27/06/2025 16:35:26][WildStr][msedgewebview2.exe]

[Throw dll injection][27/06/2025 16:35:26][WildStr][dllhost.exe]

[Throw dll injection][27/06/2025 16:35:26][WildStr][msedgewebview2.exe]

[Throw dll injection][27/06/2025 16:35:26][WildStr][ShellExperienceHost.exe]

[Throw dll injection][27/06/2025 16:35:26][WildStr][msedgewebview2.exe]

[Throw dll injection][27/06/2025 16:35:26][WildStr][RuntimeBroker.exe]

[Throw dll injection][27/06/2025 16:35:26][WildStr][msedgewebview2.exe]

[Throw dll injection][27/06/2025 16:35:26][WildStr][vctip.exe]

[Throw dll injection][27/06/2025 16:35:26][WildStr][msedgewebview2.exe]

[Throw dll injection][27/06/2025 16:35:26][WildStr][cpptools-srv.exe]

[Throw dll injection][27/06/2025 16:35:26][WildStr][FileCoAuth.exe]

[Throw dll injection][27/06/2025 16:35:26][WildStr][conhost.exe]

[Throw dll injection][27/06/2025 16:35:26][WildStr][svchost.exe]

[Throw dll injection][27/06/2025 16:35:26][WildStr][cpptools-srv.exe]

[Throw dll injection][27/06/2025 16:35:26][WildStr][msedge.exe]

[Throw dll injection][27/06/2025 16:35:26][WildStr][conhost.exe]

[Throw dll injection][27/06/2025 16:35:26][WildStr][msedge.exe]

[Throw dll injection][27/06/2025 16:35:26][WildStr][svchost.exe]

[Throw dll injection][27/06/2025 16:35:26][WildStr][msedge.exe]

[Throw dll injection][27/06/2025 16:35:26][WildStr][Taskmgr.exe]

[Throw dll injection][27/06/2025 16:35:26][WildStr][msedge.exe]

[Throw dll injection][27/06/2025 16:35:26][WildStr][test.exe]

[Throw dll injection][27/06/2025 16:35:26][WildStr][msedge.exe]

[Throw dll injection][27/06/2025 16:35:26][Str][SystemTimeOfDayInformation]

[Throw dll injection][27/06/2025 16:35:26][WildStr][svchost.exe]

[Throw dll injection][27/06/2025 16:35:26][WildStr][svchost.exe]

[Throw dll injection][27/06/2025 16:35:26][WildStr][svchost.exe]

[Throw dll injection][27/06/2025 16:35:26][WildStr][dllhost.exe]

[Throw dll injection][27/06/2025 16:35:26][WildStr][ShellExperienceHost.exe]

[Throw dll injection][27/06/2025 16:35:26][WildStr][RuntimeBroker.exe]

[Throw dll injection][27/06/2025 16:35:26][WildStr][vctip.exe]

[Throw dll injection][27/06/2025 16:35:26][WildStr][cpptools-srv.exe]

[Throw dll injection][27/06/2025 16:35:26][WildStr][conhost.exe]

[Throw dll injection][27/06/2025 16:35:26][WildStr][cpptools-srv.exe]

[Throw dll injection][27/06/2025 16:35:26][WildStr][conhost.exe]

[Throw dll injection][27/06/2025 16:35:26][WildStr][svchost.exe]

[Throw dll injection][27/06/2025 16:35:26][WildStr][Taskmgr.exe]

[Throw dll injection][27/06/2025 16:35:26][WildStr][test.exe]

[Throw dll injection][27/06/2025 16:35:27][Str][OrigNtQuerySystemInformation failed: 0xC0000023
]

[Throw dll injection][27/06/2025 16:35:27][Str][Noinfo]

[Throw dll injection][27/06/2025 16:35:27][Str][Noinfo]

[Throw dll injection][27/06/2025 16:35:27][Str][Noinfo]

[Throw dll injection][27/06/2025 16:35:27][Str][SystemProcessInformation]

[Throw dll injection][27/06/2025 16:35:27][Str][SystemProcessInformation]

[Throw dll injection][27/06/2025 16:35:27][WildStr][System]

[Throw dll injection][27/06/2025 16:35:27][WildStr][Registry]

[Throw dll injection][27/06/2025 16:35:27][WildStr][System]

[Throw dll injection][27/06/2025 16:35:27][WildStr][smss.exe]

[Throw dll injection][27/06/2025 16:35:27][WildStr][csrss.exe]

[Throw dll injection][27/06/2025 16:35:27][WildStr][wininit.exe]

[Throw dll injection][27/06/2025 16:35:27][WildStr][csrss.exe]

[Throw dll injection][27/06/2025 16:35:27][WildStr][winlogon.exe]

[Throw dll injection][27/06/2025 16:35:27][WildStr][smss.exe]

[Throw dll injection][27/06/2025 16:35:27][WildStr][services.exe]

[Throw dll injection][27/06/2025 16:35:27][WildStr][lsass.exe]

[Throw dll injection][27/06/2025 16:35:27][WildStr][csrss.exe]

[Throw dll injection][27/06/2025 16:35:27][WildStr][svchost.exe]

[Throw dll injection][27/06/2025 16:35:27][WildStr][fontdrvhost.exe]

[Throw dll injection][27/06/2025 16:35:27][WildStr][wininit.exe]

[Throw dll injection][27/06/2025 16:35:27][WildStr][fontdrvhost.exe]

[Throw dll injection][27/06/2025 16:35:27][WildStr][svchost.exe]

[Throw dll injection][27/06/2025 16:35:27][WildStr][csrss.exe]

[Throw dll injection][27/06/2025 16:35:27][WildStr][svchost.exe]

[Throw dll injection][27/06/2025 16:35:27][WildStr][dwm.exe]

[Throw dll injection][27/06/2025 16:35:27][WildStr][winlogon.exe]

[Throw dll injection][27/06/2025 16:35:27][WildStr][svchost.exe]

[Throw dll injection][27/06/2025 16:35:27][WildStr][svchost.exe]

[Throw dll injection][27/06/2025 16:35:27][WildStr][services.exe]

[Throw dll injection][27/06/2025 16:35:27][WildStr][svchost.exe]

[Throw dll injection][27/06/2025 16:35:27][WildStr][lsass.exe]

[Throw dll injection][27/06/2025 16:35:27][WildStr][svchost.exe]

[Throw dll injection][27/06/2025 16:35:27][WildStr][svchost.exe]

[Throw dll injection][27/06/2025 16:35:27][WildStr][svchost.exe]

[Throw dll injection][27/06/2025 16:35:27][WildStr][svchost.exe]

[Throw dll injection][27/06/2025 16:35:27][WildStr][svchost.exe]

[Throw dll injection][27/06/2025 16:35:27][WildStr][fontdrvhost.exe]

[Throw dll injection][27/06/2025 16:35:27][WildStr][svchost.exe]

[Throw dll injection][27/06/2025 16:35:27][WildStr][svchost.exe]

[Throw dll injection][27/06/2025 16:35:27][WildStr][fontdrvhost.exe]

[Throw dll injection][27/06/2025 16:35:27][WildStr][svchost.exe]

[Throw dll injection][27/06/2025 16:35:27][WildStr][svchost.exe]

[Throw dll injection][27/06/2025 16:35:27][WildStr][svchost.exe]

[Throw dll injection][27/06/2025 16:35:27][WildStr][svchost.exe]

[Throw dll injection][27/06/2025 16:35:27][WildStr][VBoxService.exe]

[Throw dll injection][27/06/2025 16:35:27][WildStr][svchost.exe]

[Throw dll injection][27/06/2025 16:35:27][WildStr][svchost.exe]

[Throw dll injection][27/06/2025 16:35:27][WildStr][svchost.exe]

[Throw dll injection][27/06/2025 16:35:27][WildStr][dwm.exe]

[Throw dll injection][27/06/2025 16:35:27][WildStr][svchost.exe]

[Throw dll injection][27/06/2025 16:35:27][WildStr][svchost.exe]

[Throw dll injection][27/06/2025 16:35:27][WildStr][svchost.exe]

[Throw dll injection][27/06/2025 16:35:27][WildStr][svchost.exe]

[Throw dll injection][27/06/2025 16:35:27][WildStr][svchost.exe]

[Throw dll injection][27/06/2025 16:35:27][WildStr][Memory Compression]

[Throw dll injection][27/06/2025 16:35:27][WildStr][svchost.exe]

[Throw dll injection][27/06/2025 16:35:27][WildStr][svchost.exe]

[Throw dll injection][27/06/2025 16:35:27][WildStr][svchost.exe]

[Throw dll injection][27/06/2025 16:35:27][WildStr][svchost.exe]

[Throw dll injection][27/06/2025 16:35:27][WildStr][svchost.exe]

[Throw dll injection][27/06/2025 16:35:27][WildStr][svchost.exe]

[Throw dll injection][27/06/2025 16:35:27][WildStr][svchost.exe]

[Throw dll injection][27/06/2025 16:35:27][WildStr][svchost.exe]

[Throw dll injection][27/06/2025 16:35:27][WildStr][svchost.exe]

[Throw dll injection][27/06/2025 16:35:27][WildStr][svchost.exe]

[Throw dll injection][27/06/2025 16:35:27][WildStr][svchost.exe]

[Throw dll injection][27/06/2025 16:35:27][WildStr][svchost.exe]

[Throw dll injection][27/06/2025 16:35:27][WildStr][spoolsv.exe]

[Throw dll injection][27/06/2025 16:35:27][WildStr][svchost.exe]

[Throw dll injection][27/06/2025 16:35:27][WildStr][svchost.exe]

[Throw dll injection][27/06/2025 16:35:27][WildStr][svchost.exe]

[Throw dll injection][27/06/2025 16:35:27][WildStr][svchost.exe]

[Throw dll injection][27/06/2025 16:35:27][WildStr][svchost.exe]

[Throw dll injection][27/06/2025 16:35:27][WildStr][svchost.exe]

[Throw dll injection][27/06/2025 16:35:27][WildStr][svchost.exe]

[Throw dll injection][27/06/2025 16:35:27][WildStr][ssh-agent.exe]

[Throw dll injection][27/06/2025 16:35:27][WildStr][sshd.exe]

[Throw dll injection][27/06/2025 16:35:27][WildStr][svchost.exe]

[Throw dll injection][27/06/2025 16:35:27][WildStr][svchost.exe]

[Throw dll injection][27/06/2025 16:35:27][WildStr][svchost.exe]

[Throw dll injection][27/06/2025 16:35:27][WildStr][svchost.exe]

[Throw dll injection][27/06/2025 16:35:27][WildStr][svchost.exe]

[Throw dll injection][27/06/2025 16:35:27][WildStr][svchost.exe]

[Throw dll injection][27/06/2025 16:35:27][WildStr][svchost.exe]

[Throw dll injection][27/06/2025 16:35:27][WildStr][svchost.exe]

[Throw dll injection][27/06/2025 16:35:27][WildStr][svchost.exe]

[Throw dll injection][27/06/2025 16:35:27][WildStr][svchost.exe]

[Throw dll injection][27/06/2025 16:35:27][WildStr][svchost.exe]

[Throw dll injection][27/06/2025 16:35:27][WildStr][svchost.exe]

[Throw dll injection][27/06/2025 16:35:27][WildStr][VBoxService.exe]

[Throw dll injection][27/06/2025 16:35:27][WildStr][svchost.exe]

[Throw dll injection][27/06/2025 16:35:27][WildStr][MpDefenderCoreService.exe]

[Throw dll injection][27/06/2025 16:35:27][WildStr][svchost.exe]

[Throw dll injection][27/06/2025 16:35:27][WildStr][MsMpEng.exe]

[Throw dll injection][27/06/2025 16:35:27][WildStr][svchost.exe]

[Throw dll injection][27/06/2025 16:35:27][WildStr][SearchIndexer.exe]

[Throw dll injection][27/06/2025 16:35:27][WildStr][AggregatorHost.exe]

[Throw dll injection][27/06/2025 16:35:27][WildStr][svchost.exe]

[Throw dll injection][27/06/2025 16:35:27][WildStr][dllhost.exe]

[Throw dll injection][27/06/2025 16:35:27][WildStr][svchost.exe]

[Throw dll injection][27/06/2025 16:35:27][WildStr][svchost.exe]

[Throw dll injection][27/06/2025 16:35:27][WildStr][NisSrv.exe]

[Throw dll injection][27/06/2025 16:35:27][WildStr][sihost.exe]

[Throw dll injection][27/06/2025 16:35:27][WildStr][svchost.exe]

[Throw dll injection][27/06/2025 16:35:27][WildStr][svchost.exe]

[Throw dll injection][27/06/2025 16:35:27][WildStr][svchost.exe]

[Throw dll injection][27/06/2025 16:35:27][WildStr][svchost.exe]

[Throw dll injection][27/06/2025 16:35:27][WildStr][taskhostw.exe]

[Throw dll injection][27/06/2025 16:35:27][WildStr][MicrosoftEdgeUpdate.exe]

[Throw dll injection][27/06/2025 16:35:27][WildStr][Memory Compression]

[Throw dll injection][27/06/2025 16:35:27][WildStr][svchost.exe]

[Throw dll injection][27/06/2025 16:35:27][WildStr][ctfmon.exe]

[Throw dll injection][27/06/2025 16:35:27][WildStr][svchost.exe]

[Throw dll injection][27/06/2025 16:35:27][WildStr][svchost.exe]

[Throw dll injection][27/06/2025 16:35:27][WildStr][svchost.exe]

[Throw dll injection][27/06/2025 16:35:27][WildStr][svchost.exe]

[Throw dll injection][27/06/2025 16:35:27][WildStr][explorer.exe]

[Throw dll injection][27/06/2025 16:35:27][WildStr][svchost.exe]

[Throw dll injection][27/06/2025 16:35:27][WildStr][svchost.exe]

[Throw dll injection][27/06/2025 16:35:27][WildStr][StartMenuExperienceHost.exe]

[Throw dll injection][27/06/2025 16:35:27][WildStr][svchost.exe]

[Throw dll injection][27/06/2025 16:35:27][WildStr][RuntimeBroker.exe]

[Throw dll injection][27/06/2025 16:35:27][WildStr][SearchApp.exe]

[Throw dll injection][27/06/2025 16:35:27][WildStr][svchost.exe]

[Throw dll injection][27/06/2025 16:35:27][WildStr][svchost.exe]

[Throw dll injection][27/06/2025 16:35:27][WildStr][RuntimeBroker.exe]

[Throw dll injection][27/06/2025 16:35:27][WildStr][RuntimeBroker.exe]

[Throw dll injection][27/06/2025 16:35:27][WildStr][svchost.exe]

[Throw dll injection][27/06/2025 16:35:27][WildStr][SecurityHealthSystray.exe]

[Throw dll injection][27/06/2025 16:35:27][WildStr][spoolsv.exe]
Service.exe]

[Throw dll injection][27/06/2025 16:35:27][WildStr][VBoxTray.exe]

[Throw dll injection][27/06/2025 16:35:27][WildStr][OneDrive.exe]

[Throw dll injection][27/06/2025 16:35:27][WildStr][svchost.exe]

[Throw dll injection][27/06/2025 16:35:27][WildStr][cmd.exe]

[Throw dll injection][27/06/2025 16:35:27][WildStr][conhost.exe]

[Throw dll injection][27/06/2025 16:35:27][WildStr][svchost.exe]

[Throw dll injection][27/06/2025 16:35:27][WildStr][svchost.exe]

[Throw dll injection][27/06/2025 16:35:27][WildStr][svchost.exe]

[Throw dll injection][27/06/2025 16:35:27][WildStr][svchost.exe]

[Throw dll injection][27/06/2025 16:35:27][WildStr][svchost.exe]

[Throw dll injection][27/06/2025 16:35:27][WildStr][svchost.exe]

[Throw dll injection][27/06/2025 16:35:27][WildStr][svchost.exe]

[Throw dll injection][27/06/2025 16:35:27][WildStr][svchost.exe]

[Throw dll injection][27/06/2025 16:35:27][WildStr][svchost.exe]

[Throw dll injection][27/06/2025 16:35:27][WildStr][ssh-agent.exe]

[Throw dll injection][27/06/2025 16:35:27][WildStr][powershell.exe]

[Throw dll injection][27/06/2025 16:35:27][WildStr][Code.exe]

[Throw dll injection][27/06/2025 16:35:27][WildStr][sshd.exe]

[Throw dll injection][27/06/2025 16:35:27][WildStr][Code.exe]

[Throw dll injection][27/06/2025 16:35:27][WildStr][Code.exe]

[Throw dll injection][27/06/2025 16:35:27][WildStr][svchost.exe]

[Throw dll injection][27/06/2025 16:35:27][WildStr][Code.exe]

[Throw dll injection][27/06/2025 16:35:27][WildStr][Code.exe]

[Throw dll injection][27/06/2025 16:35:27][WildStr][svchost.exe]

[Throw dll injection][27/06/2025 16:35:27][WildStr][Code.exe]

[Throw dll injection][27/06/2025 16:35:27][WildStr][Code.exe]
]

[Throw dll injection][27/06/2025 16:35:27][WildStr][Code.exe]

[Throw dll injection][27/06/2025 16:35:27][WildStr][Code.exe]

[Throw dll injection][27/06/2025 16:35:27][WildStr][svchost.exe]

[Throw dll injection][27/06/2025 16:35:27][WildStr][conhost.exe]

[Throw dll injection][27/06/2025 16:35:27][WildStr][powershell.exe]

[Throw dll injection][27/06/2025 16:35:27][WildStr][svchost.exe]

[Throw dll injection][27/06/2025 16:35:27][WildStr][conhost.exe]

[Throw dll injection][27/06/2025 16:35:27][WildStr][powershell.exe]

[Throw dll injection][27/06/2025 16:35:27][WildStr][svchost.exe]

[Throw dll injection][27/06/2025 16:35:27][WildStr][TextInputHost.exe]

[Throw dll injection][27/06/2025 16:35:27][WildStr][Code.exe]

[Throw dll injection][27/06/2025 16:35:27][WildStr][svchost.exe]

[Throw dll injection][27/06/2025 16:35:27][WildStr][cpptools.exe]

[Throw dll injection][27/06/2025 16:35:27][WildStr][conhost.exe]

[Throw dll injection][27/06/2025 16:35:27][WildStr][svchost.exe]

[Throw dll injection][27/06/2025 16:35:27][WildStr][cpptools.exe]

[Throw dll injection][27/06/2025 16:35:27][WildStr][ApplicationFrameHost.exe]

[Throw dll injection][27/06/2025 16:35:27][WildStr][svchost.exe]

[Throw dll injection][27/06/2025 16:35:27][WildStr][SystemSettings.exe]

[Throw dll injection][27/06/2025 16:35:27][WildStr][UserOOBEBroker.exe]

[Throw dll injection][27/06/2025 16:35:27][WildStr][MpDefenderCoreService.exe]

[Throw dll injection][27/06/2025 16:35:27][WildStr][SearchApp.exe]

[Throw dll injection][27/06/2025 16:35:27][WildStr][msedgewebview2.exe]

[Throw dll injection][27/06/2025 16:35:27][WildStr][MsMpEng.exe]

[Throw dll injection][27/06/2025 16:35:27][WildStr][msedgewebview2.exe]

[Throw dll injection][27/06/2025 16:35:27][WildStr][msedgewebview2.exe]

[Throw dll injection][27/06/2025 16:35:27][WildStr][SearchIndexer.exe]

[Throw dll injection][27/06/2025 16:35:27][WildStr][msedgewebview2.exe]

[Throw dll injection][27/06/2025 16:35:27][WildStr][msedgewebview2.exe]

[Throw dll injection][27/06/2025 16:35:27][WildStr][AggregatorHost.exe]

[Throw dll injection][27/06/2025 16:35:27][WildStr][msedgewebview2.exe]

[Throw dll injection][27/06/2025 16:35:27][WildStr][dllhost.exe]

[Throw dll injection][27/06/2025 16:35:27][WildStr][FileCoAuth.exe]

[Throw dll injection][27/06/2025 16:35:27][WildStr][svchost.exe]

[Throw dll injection][27/06/2025 16:35:27][WildStr][svchost.exe]

[Throw dll injection][27/06/2025 16:35:27][WildStr][msedge.exe]

[Throw dll injection][27/06/2025 16:35:27][WildStr][msedge.exe]

[Throw dll injection][27/06/2025 16:35:27][WildStr][NisSrv.exe]

[Throw dll injection][27/06/2025 16:35:27][WildStr][msedge.exe]

[Throw dll injection][27/06/2025 16:35:27][WildStr][msedge.exe]

[Throw dll injection][27/06/2025 16:35:27][WildStr][sihost.exe]

[Throw dll injection][27/06/2025 16:35:27][WildStr][msedge.exe]

[Throw dll injection][27/06/2025 16:35:27][WildStr][svchost.exe]

[Throw dll injection][27/06/2025 16:35:27][WildStr][svchost.exe]

[Throw dll injection][27/06/2025 16:35:27][WildStr][svchost.exe]

[Throw dll injection][27/06/2025 16:35:27][WildStr][svchost.exe]

[Throw dll injection][27/06/2025 16:35:27][WildStr][svchost.exe]

[Throw dll injection][27/06/2025 16:35:27][WildStr][dllhost.exe]

[Throw dll injection][27/06/2025 16:35:27][WildStr][ShellExperienceHost.exe]

[Throw dll injection][27/06/2025 16:35:27][WildStr][taskhostw.exe]

[Throw dll injection][27/06/2025 16:35:27][WildStr][RuntimeBroker.exe]

[Throw dll injection][27/06/2025 16:35:27][WildStr][MicrosoftEdgeUpdate.exe]

[Throw dll injection][27/06/2025 16:35:27][WildStr][vctip.exe]

[Throw dll injection][27/06/2025 16:35:27][WildStr][svchost.exe]

[Throw dll injection][27/06/2025 16:35:27][WildStr][cpptools-srv.exe]

[Throw dll injection][27/06/2025 16:35:27][WildStr][ctfmon.exe]

[Throw dll injection][27/06/2025 16:35:27][WildStr][conhost.exe]

[Throw dll injection][27/06/2025 16:35:27][WildStr][svchost.exe]

[Throw dll injection][27/06/2025 16:35:27][WildStr][cpptools-srv.exe]

[Throw dll injection][27/06/2025 16:35:27][WildStr][svchost.exe]

[Throw dll injection][27/06/2025 16:35:27][WildStr][conhost.exe]

[Throw dll injection][27/06/2025 16:35:27][WildStr][explorer.exe]

[Throw dll injection][27/06/2025 16:35:27][WildStr][svchost.exe]

[Throw dll injection][27/06/2025 16:35:27][WildStr][svchost.exe]

[Throw dll injection][27/06/2025 16:35:27][WildStr][Taskmgr.exe]

[Throw dll injection][27/06/2025 16:35:27][WildStr][StartMenuExperienceHost.exe]

[Throw dll injection][27/06/2025 16:35:27][WildStr][test.exe]

[Throw dll injection][27/06/2025 16:35:27][WildStr][RuntimeBroker.exe]

[Throw dll injection][27/06/2025 16:35:27][Str][SystemTimeOfDayInformation]

[Throw dll injection][27/06/2025 16:35:27][WildStr][SearchApp.exe]

[Throw dll injection][27/06/2025 16:35:27][WildStr][svchost.exe]

[Throw dll injection][27/06/2025 16:35:27][WildStr][RuntimeBroker.exe]

[Throw dll injection][27/06/2025 16:35:27][WildStr][RuntimeBroker.exe]

[Throw dll injection][27/06/2025 16:35:27][WildStr][svchost.exe]

[Throw dll injection][27/06/2025 16:35:27][WildStr][SecurityHealthSystray.exe]

[Throw dll injection][27/06/2025 16:35:27][WildStr][SecurityHealthService.exe]

[Throw dll injection][27/06/2025 16:35:27][WildStr][VBoxTray.exe]

[Throw dll injection][27/06/2025 16:35:27][WildStr][OneDrive.exe]

[Throw dll injection][27/06/2025 16:35:27][WildStr][cmd.exe]

[Throw dll injection][27/06/2025 16:35:27][WildStr][conhost.exe]

[Throw dll injection][27/06/2025 16:35:27][WildStr][svchost.exe]

[Throw dll injection][27/06/2025 16:35:27][WildStr][svchost.exe]

[Throw dll injection][27/06/2025 16:35:27][WildStr][svchost.exe]

[Throw dll injection][27/06/2025 16:35:27][WildStr][svchost.exe]

[Throw dll injection][27/06/2025 16:35:27][WildStr][svchost.exe]

[Throw dll injection][27/06/2025 16:35:27][WildStr][svchost.exe]

[Throw dll injection][27/06/2025 16:35:27][WildStr][powershell.exe]

[Throw dll injection][27/06/2025 16:35:27][WildStr][Code.exe]

[Throw dll injection][27/06/2025 16:35:27][WildStr][Code.exe]

[Throw dll injection][27/06/2025 16:35:27][WildStr][Code.exe]

[Throw dll injection][27/06/2025 16:35:27][WildStr][Code.exe]

[Throw dll injection][27/06/2025 16:35:27][WildStr][Code.exe]

[Throw dll injection][27/06/2025 16:35:27][WildStr][Code.exe]

[Throw dll injection][27/06/2025 16:35:27][WildStr][Code.exe]

[Throw dll injection][27/06/2025 16:35:27][WildStr][Code.exe]

[Throw dll injection][27/06/2025 16:35:27][WildStr][Code.exe]

[Throw dll injection][27/06/2025 16:35:27][WildStr][conhost.exe]

[Throw dll injection][27/06/2025 16:35:27][WildStr][powershell.exe]

[Throw dll injection][27/06/2025 16:35:27][WildStr][conhost.exe]

[Throw dll injection][27/06/2025 16:35:27][WildStr][powershell.exe]

[Throw dll injection][27/06/2025 16:35:27][WildStr][TextInputHost.exe]

[Throw dll injection][27/06/2025 16:35:27][WildStr][Code.exe]

[Throw dll injection][27/06/2025 16:35:27][WildStr][cpptools.exe]

[Throw dll injection][27/06/2025 16:35:27][WildStr][conhost.exe]

[Throw dll injection][27/06/2025 16:35:27][WildStr][cpptools.exe]

[Throw dll injection][27/06/2025 16:35:27][WildStr][ApplicationFrameHost.exe]

[Throw dll injection][27/06/2025 16:35:27][WildStr][SystemSettings.exe]

[Throw dll injection][27/06/2025 16:35:27][WildStr][UserOOBEBroker.exe]

[Throw dll injection][27/06/2025 16:35:27][WildStr][SearchApp.exe]

[Throw dll injection][27/06/2025 16:35:27][WildStr][msedgewebview2.exe]

[Throw dll injection][27/06/2025 16:35:27][WildStr][msedgewebview2.exe]

[Throw dll injection][27/06/2025 16:35:27][WildStr][msedgewebview2.exe]

[Throw dll injection][27/06/2025 16:35:27][WildStr][msedgewebview2.exe]

[Throw dll injection][27/06/2025 16:35:27][WildStr][msedgewebview2.exe]

[Throw dll injection][27/06/2025 16:35:27][WildStr][msedgewebview2.exe]

[Throw dll injection][27/06/2025 16:35:27][WildStr][FileCoAuth.exe]

[Throw dll injection][27/06/2025 16:35:27][WildStr][svchost.exe]

[Throw dll injection][27/06/2025 16:35:27][WildStr][msedge.exe]

[Throw dll injection][27/06/2025 16:35:27][WildStr][msedge.exe]

[Throw dll injection][27/06/2025 16:35:27][WildStr][msedge.exe]

[Throw dll injection][27/06/2025 16:35:27][WildStr][msedge.exe]

[Throw dll injection][27/06/2025 16:35:27][WildStr][msedge.exe]

[Throw dll injection][27/06/2025 16:35:27][WildStr][svchost.exe]

[Throw dll injection][27/06/2025 16:35:27][WildStr][svchost.exe]

[Throw dll injection][27/06/2025 16:35:27][WildStr][svchost.exe]

[Throw dll injection][27/06/2025 16:35:27][WildStr][dllhost.exe]

[Throw dll injection][27/06/2025 16:35:27][WildStr][ShellExperienceHost.exe]

[Throw dll injection][27/06/2025 16:35:27][WildStr][RuntimeBroker.exe]

[Throw dll injection][27/06/2025 16:35:27][WildStr][vctip.exe]

[Throw dll injection][27/06/2025 16:35:27][WildStr][cpptools-srv.exe]

[Throw dll injection][27/06/2025 16:35:27][WildStr][conhost.exe]

[Throw dll injection][27/06/2025 16:35:27][WildStr][cpptools-srv.exe]

[Throw dll injection][27/06/2025 16:35:27][WildStr][conhost.exe]

[Throw dll injection][27/06/2025 16:35:27][WildStr][svchost.exe]

[Throw dll injection][27/06/2025 16:35:27][WildStr][Taskmgr.exe]

[Throw dll injection][27/06/2025 16:35:27][WildStr][test.exe]

[Throw dll injection][27/06/2025 16:35:28][Str][OrigNtQuerySystemInformation failed: 0xC0000023
]

[Throw dll injection][27/06/2025 16:35:28][Str][Noinfo]

[Throw dll injection][27/06/2025 16:35:28][Str][Noinfo]

[Throw dll injection][27/06/2025 16:35:28][Str][Noinfo]

[Throw dll injection][27/06/2025 16:35:28][Str][SystemProcessInformation]

[Throw dll injection][27/06/2025 16:35:28][Str][SystemProcessInformation]

[Throw dll injection][27/06/2025 16:35:28][WildStr][System]

[Throw dll injection][27/06/2025 16:35:28][WildStr][Registry]

[Throw dll injection][27/06/2025 16:35:28][WildStr][System]

[Throw dll injection][27/06/2025 16:35:28][WildStr][smss.exe]

[Throw dll injection][27/06/2025 16:35:28][WildStr][csrss.exe]

[Throw dll injection][27/06/2025 16:35:28][WildStr][Registry]

[Throw dll injection][27/06/2025 16:35:28][WildStr][wininit.exe]

[Throw dll injection][27/06/2025 16:35:28][WildStr][csrss.exe]

[Throw dll injection][27/06/2025 16:35:28][WildStr][smss.exe]

[Throw dll injection][27/06/2025 16:35:28][WildStr][winlogon.exe]

[Throw dll injection][27/06/2025 16:35:28][WildStr][services.exe]

[Throw dll injection][27/06/2025 16:35:28][WildStr][csrss.exe]

[Throw dll injection][27/06/2025 16:35:28][WildStr][lsass.exe]

[Throw dll injection][27/06/2025 16:35:28][WildStr][svchost.exe]

[Throw dll injection][27/06/2025 16:35:28][WildStr][wininit.exe]

[Throw dll injection][27/06/2025 16:35:28][WildStr][fontdrvhost.exe]

[Throw dll injection][27/06/2025 16:35:28][WildStr][fontdrvhost.exe]

[Throw dll injection][27/06/2025 16:35:28][WildStr][csrss.exe]

[Throw dll injection][27/06/2025 16:35:28][WildStr][svchost.exe]

[Throw dll injection][27/06/2025 16:35:28][WildStr][svchost.exe]

[Throw dll injection][27/06/2025 16:35:28][WildStr][winlogon.exe]

[Throw dll injection][27/06/2025 16:35:28][WildStr][dwm.exe]

[Throw dll injection][27/06/2025 16:35:28][WildStr][svchost.exe]

[Throw dll injection][27/06/2025 16:35:28][WildStr][svchost.exe]


[Throw dll injection][27/06/2025 16:35:28][WildStr][svchost.exe]

[Throw dll injection][27/06/2025 16:35:28][WildStr][svchost.exe]

[Throw dll injection][27/06/2025 16:35:28][WildStr][svchost.exe]

[Throw dll injection][27/06/2025 16:35:28][WildStr][svchost.exe]

[Throw dll injection][27/06/2025 16:35:28][WildStr][svchost.exe]

[Throw dll injection][27/06/2025 16:35:28][WildStr][svchost.exe]
e]

[Throw dll injection][27/06/2025 16:35:28][WildStr][svchost.exe]

[Throw dll injection][27/06/2025 16:35:28][WildStr][fontdrvhost.exe]

[Throw dll injection][27/06/2025 16:35:28][WildStr][svchost.exe]

[Throw dll injection][27/06/2025 16:35:28][WildStr][svchost.exe]

[Throw dll injection][27/06/2025 16:35:28][WildStr][svchost.exe]

[Throw dll injection][27/06/2025 16:35:28][WildStr][svchost.exe]

[Throw dll injection][27/06/2025 16:35:28][WildStr][svchost.exe]

[Throw dll injection][27/06/2025 16:35:28][WildStr][svchost.exe]

[Throw dll injection][27/06/2025 16:35:28][WildStr][VBoxService.exe]

[Throw dll injection][27/06/2025 16:35:28][WildStr][dwm.exe]

[Throw dll injection][27/06/2025 16:35:28][WildStr][svchost.exe]

[Throw dll injection][27/06/2025 16:35:28][WildStr][svchost.exe]

[Throw dll injection][27/06/2025 16:35:28][WildStr][svchost.exe]

[Throw dll injection][27/06/2025 16:35:28][WildStr][svchost.exe]

[Throw dll injection][27/06/2025 16:35:28][WildStr][svchost.exe]

[Throw dll injection][27/06/2025 16:35:28][WildStr][svchost.exe]

[Throw dll injection][27/06/2025 16:35:28][WildStr][svchost.exe]

[Throw dll injection][27/06/2025 16:35:28][WildStr][svchost.exe]

[Throw dll injection][27/06/2025 16:35:28][WildStr][svchost.exe]

[Throw dll injection][27/06/2025 16:35:28][WildStr][Memory Compression]

[Throw dll injection][27/06/2025 16:35:28][WildStr][svchost.exe]

[Throw dll injection][27/06/2025 16:35:28][WildStr][svchost.exe]

[Throw dll injection][27/06/2025 16:35:28][WildStr][svchost.exe]

[Throw dll injection][27/06/2025 16:35:28][WildStr][svchost.exe]

[Throw dll injection][27/06/2025 16:35:28][WildStr][svchost.exe]

[Throw dll injection][27/06/2025 16:35:28][WildStr][svchost.exe]

[Throw dll injection][27/06/2025 16:35:28][WildStr][svchost.exe]

[Throw dll injection][27/06/2025 16:35:28][WildStr][svchost.exe]

[Throw dll injection][27/06/2025 16:35:28][WildStr][svchost.exe]

[Throw dll injection][27/06/2025 16:35:28][WildStr][svchost.exe]

[Throw dll injection][27/06/2025 16:35:28][WildStr][svchost.exe]

[Throw dll injection][27/06/2025 16:35:28][WildStr][svchost.exe]

[Throw dll injection][27/06/2025 16:35:28][WildStr][svchost.exe]

[Throw dll injection][27/06/2025 16:35:28][WildStr][svchost.exe]

[Throw dll injection][27/06/2025 16:35:28][WildStr][svchost.exe]

[Throw dll injection][27/06/2025 16:35:28][WildStr][svchost.exe]

[Throw dll injection][27/06/2025 16:35:28][WildStr][svchost.exe]

[Throw dll injection][27/06/2025 16:35:28][WildStr][spoolsv.exe]

[Throw dll injection][27/06/2025 16:35:28][WildStr][svchost.exe]

[Throw dll injection][27/06/2025 16:35:28][WildStr][svchost.exe]

[Throw dll injection][27/06/2025 16:35:28][WildStr][VBoxService.exe]

[Throw dll injection][27/06/2025 16:35:28][WildStr][svchost.exe]

[Throw dll injection][27/06/2025 16:35:28][WildStr][svchost.exe]

[Throw dll injection][27/06/2025 16:35:28][WildStr][svchost.exe]

[Throw dll injection][27/06/2025 16:35:28][WildStr][svchost.exe]

[Throw dll injection][27/06/2025 16:35:28][WildStr][svchost.exe]

[Throw dll injection][27/06/2025 16:35:28][WildStr][svchost.exe]

[Throw dll injection][27/06/2025 16:35:28][WildStr][ssh-agent.exe]

[Throw dll injection][27/06/2025 16:35:28][WildStr][svchost.exe]

[Throw dll injection][27/06/2025 16:35:28][WildStr][sshd.exe]

[Throw dll injection][27/06/2025 16:35:28][WildStr][svchost.exe]

[Throw dll injection][27/06/2025 16:35:28][WildStr][svchost.exe]

[Throw dll injection][27/06/2025 16:35:28][WildStr][svchost.exe]

[Throw dll injection][27/06/2025 16:35:28][WildStr][Memory Compression]

[Throw dll injection][27/06/2025 16:35:28][WildStr][svchost.exe]

[Throw dll injection][27/06/2025 16:35:28][WildStr][svchost.exe]

[Throw dll injection][27/06/2025 16:35:28][WildStr][svchost.exe]

[Throw dll injection][27/06/2025 16:35:28][WildStr][svchost.exe]

[Throw dll injection][27/06/2025 16:35:28][WildStr][svchost.exe]

[Throw dll injection][27/06/2025 16:35:28][WildStr][svchost.exe]

[Throw dll injection][27/06/2025 16:35:28][WildStr][svchost.exe]

[Throw dll injection][27/06/2025 16:35:28][WildStr][svchost.exe]

[Throw dll injection][27/06/2025 16:35:28][WildStr][svchost.exe]

[Throw dll injection][27/06/2025 16:35:28][WildStr][svchost.exe]

[Throw dll injection][27/06/2025 16:35:28][WildStr][MpDefenderCoreService.exe]

[Throw dll injection][27/06/2025 16:35:28][WildStr][svchost.exe]

[Throw dll injection][27/06/2025 16:35:28][WildStr][MsMpEng.exe]

[Throw dll injection][27/06/2025 16:35:28][WildStr][svchost.exe]

[Throw dll injection][27/06/2025 16:35:28][WildStr][spoolsv.exe]
exe]

[Throw dll injection][27/06/2025 16:35:28][WildStr][AggregatorHost.exe]

[Throw dll injection][27/06/2025 16:35:28][WildStr][svchost.exe]

[Throw dll injection][27/06/2025 16:35:28][WildStr][dllhost.exe]

[Throw dll injection][27/06/2025 16:35:28][WildStr][svchost.exe]

[Throw dll injection][27/06/2025 16:35:28][WildStr][svchost.exe]

[Throw dll injection][27/06/2025 16:35:28][WildStr][NisSrv.exe]

[Throw dll injection][27/06/2025 16:35:28][WildStr][svchost.exe]

[Throw dll injection][27/06/2025 16:35:28][WildStr][sihost.exe]

[Throw dll injection][27/06/2025 16:35:28][WildStr][ssh-agent.exe]

[Throw dll injection][27/06/2025 16:35:28][WildStr][svchost.exe]

[Throw dll injection][27/06/2025 16:35:28][WildStr][sshd.exe]

[Throw dll injection][27/06/2025 16:35:28][WildStr][svchost.exe]

[Throw dll injection][27/06/2025 16:35:28][WildStr][svchost.exe]

[Throw dll injection][27/06/2025 16:35:28][WildStr][taskhostw.exe]

[Throw dll injection][27/06/2025 16:35:28][WildStr][svchost.exe]

[Throw dll injection][27/06/2025 16:35:28][WildStr][MicrosoftEdgeUpdate.exe]

[Throw dll injection][27/06/2025 16:35:28][WildStr][svchost.exe]

[Throw dll injection][27/06/2025 16:35:28][WildStr][svchost.exe]

[Throw dll injection][27/06/2025 16:35:28][WildStr][svchost.exe]

[Throw dll injection][27/06/2025 16:35:28][WildStr][ctfmon.exe]

[Throw dll injection][27/06/2025 16:35:28][WildStr][svchost.exe]

[Throw dll injection][27/06/2025 16:35:28][WildStr][svchost.exe]

[Throw dll injection][27/06/2025 16:35:28][WildStr][svchost.exe]

[Throw dll injection][27/06/2025 16:35:28][WildStr][svchost.exe]

[Throw dll injection][27/06/2025 16:35:28][WildStr][svchost.exe]

[Throw dll injection][27/06/2025 16:35:28][WildStr][explorer.exe]

[Throw dll injection][27/06/2025 16:35:28][WildStr][svchost.exe]

[Throw dll injection][27/06/2025 16:35:28][WildStr][svchost.exe]

[Throw dll injection][27/06/2025 16:35:28][WildStr][svchost.exe]

[Throw dll injection][27/06/2025 16:35:28][WildStr][StartMenuExperienceHost.exe]

[Throw dll injection][27/06/2025 16:35:28][WildStr][MpDefenderCoreService.exe]

[Throw dll injection][27/06/2025 16:35:28][WildStr][RuntimeBroker.exe]

[Throw dll injection][27/06/2025 16:35:28][WildStr][MsMpEng.exe]

[Throw dll injection][27/06/2025 16:35:28][WildStr][SearchApp.exe]

[Throw dll injection][27/06/2025 16:35:28][WildStr][SearchIndexer.exe]

[Throw dll injection][27/06/2025 16:35:28][WildStr][svchost.exe]

[Throw dll injection][27/06/2025 16:35:28][WildStr][AggregatorHost.exe]

[Throw dll injection][27/06/2025 16:35:28][WildStr][RuntimeBroker.exe]

[Throw dll injection][27/06/2025 16:35:28][WildStr][dllhost.exe]

[Throw dll injection][27/06/2025 16:35:28][WildStr][RuntimeBroker.exe]

[Throw dll injection][27/06/2025 16:35:28][WildStr][svchost.exe]

[Throw dll injection][27/06/2025 16:35:28][WildStr][svchost.exe]

[Throw dll injection][27/06/2025 16:35:28][WildStr][NisSrv.exe]

[Throw dll injection][27/06/2025 16:35:28][WildStr][SecurityHealthSystray.exe]

[Throw dll injection][27/06/2025 16:35:28][WildStr][sihost.exe]

[Throw dll injection][27/06/2025 16:35:28][WildStr][SecurityHealthService.exe]

[Throw dll injection][27/06/2025 16:35:28][WildStr][svchost.exe]

[Throw dll injection][27/06/2025 16:35:28][WildStr][VBoxTray.exe]

[Throw dll injection][27/06/2025 16:35:28][WildStr][svchost.exe]

[Throw dll injection][27/06/2025 16:35:28][WildStr][OneDrive.exe]

[Throw dll injection][27/06/2025 16:35:28][WildStr][taskhostw.exe]

[Throw dll injection][27/06/2025 16:35:28][WildStr][cmd.exe]

[Throw dll injection][27/06/2025 16:35:28][WildStr][MicrosoftEdgeUpdate.exe]

[Throw dll injection][27/06/2025 16:35:28][WildStr][conhost.exe]

[Throw dll injection][27/06/2025 16:35:28][WildStr][svchost.exe]

[Throw dll injection][27/06/2025 16:35:28][WildStr][svchost.exe]

[Throw dll injection][27/06/2025 16:35:28][WildStr][ctfmon.exe]

[Throw dll injection][27/06/2025 16:35:28][WildStr][svchost.exe]

[Throw dll injection][27/06/2025 16:35:28][WildStr][svchost.exe]

[Throw dll injection][27/06/2025 16:35:28][WildStr][svchost.exe]

[Throw dll injection][27/06/2025 16:35:28][WildStr][svchost.exe]

[Throw dll injection][27/06/2025 16:35:28][WildStr][svchost.exe]

[Throw dll injection][27/06/2025 16:35:28][WildStr][explorer.exe]

[Throw dll injection][27/06/2025 16:35:28][WildStr][svchost.exe]

[Throw dll injection][27/06/2025 16:35:28][WildStr][svchost.exe]

[Throw dll injection][27/06/2025 16:35:28][WildStr][svchost.exe]

[Throw dll injection][27/06/2025 16:35:28][WildStr][StartMenuExperienceHost.exe]

[Throw dll injection][27/06/2025 16:35:28][WildStr][powershell.exe]

[Throw dll injection][27/06/2025 16:35:28][WildStr][RuntimeBroker.exe]

[Throw dll injection][27/06/2025 16:35:28][WildStr][Code.exe]

[Throw dll injection][27/06/2025 16:35:28][WildStr][SearchApp.exe]

[Throw dll injection][27/06/2025 16:35:28][WildStr][Code.exe]

[Throw dll injection][27/06/2025 16:35:28][WildStr][svchost.exe]

[Throw dll injection][27/06/2025 16:35:28][WildStr][Code.exe]

[Throw dll injection][27/06/2025 16:35:28][WildStr][RuntimeBroker.exe]

[Throw dll injection][27/06/2025 16:35:28][WildStr][Code.exe]

[Throw dll injection][27/06/2025 16:35:28][WildStr][RuntimeBroker.exe]

[Throw dll injection][27/06/2025 16:35:28][WildStr][Code.exe]

[Throw dll injection][27/06/2025 16:35:28][WildStr][svchost.exe]

[Throw dll injection][27/06/2025 16:35:28][WildStr][Code.exe]

[Throw dll injection][27/06/2025 16:35:28][WildStr][SecurityHealthSystray.exe]

[Throw dll injection][27/06/2025 16:35:28][WildStr][Code.exe]

[Throw dll injection][27/06/2025 16:35:28][WildStr][SecurityHealthService.exe]

[Throw dll injection][27/06/2025 16:35:28][WildStr][Code.exe]

[Throw dll injection][27/06/2025 16:35:28][WildStr][VBoxTray.exe]

[Throw dll injection][27/06/2025 16:35:28][WildStr][Code.exe]

[Throw dll injection][27/06/2025 16:35:28][WildStr][OneDrive.exe]

[Throw dll injection][27/06/2025 16:35:28][WildStr][conhost.exe]

[Throw dll injection][27/06/2025 16:35:28][WildStr][cmd.exe]

[Throw dll injection][27/06/2025 16:35:28][WildStr][powershell.exe]

[Throw dll injection][27/06/2025 16:35:28][WildStr][conhost.exe]

[Throw dll injection][27/06/2025 16:35:28][WildStr][conhost.exe]

[Throw dll injection][27/06/2025 16:35:28][WildStr][svchost.exe]

[Throw dll injection][27/06/2025 16:35:28][WildStr][powershell.exe]

[Throw dll injection][27/06/2025 16:35:28][WildStr][svchost.exe]

[Throw dll injection][27/06/2025 16:35:28][WildStr][TextInputHost.exe]

[Throw dll injection][27/06/2025 16:35:28][WildStr][svchost.exe]

[Throw dll injection][27/06/2025 16:35:28][WildStr][Code.exe]

[Throw dll injection][27/06/2025 16:35:28][WildStr][svchost.exe]

[Throw dll injection][27/06/2025 16:35:28][WildStr][cpptools.exe]

[Throw dll injection][27/06/2025 16:35:28][WildStr][svchost.exe]

[Throw dll injection][27/06/2025 16:35:28][WildStr][conhost.exe]

[Throw dll injection][27/06/2025 16:35:28][WildStr][svchost.exe]

[Throw dll injection][27/06/2025 16:35:28][WildStr][cpptools.exe]

[Throw dll injection][27/06/2025 16:35:28][WildStr][powershell.exe]

[Throw dll injection][27/06/2025 16:35:28][WildStr][ApplicationFrameHost.exe]

[Throw dll injection][27/06/2025 16:35:28][WildStr][Code.exe]

[Throw dll injection][27/06/2025 16:35:28][WildStr][SystemSettings.exe]

[Throw dll injection][27/06/2025 16:35:28][WildStr][Code.exe]

[Throw dll injection][27/06/2025 16:35:28][WildStr][UserOOBEBroker.exe]

[Throw dll injection][27/06/2025 16:35:28][WildStr][Code.exe]

[Throw dll injection][27/06/2025 16:35:28][WildStr][Code.exe]
xe]

[Throw dll injection][27/06/2025 16:35:28][WildStr][msedgewebview2.exe]

[Throw dll injection][27/06/2025 16:35:28][WildStr][Code.exe]

[Throw dll injection][27/06/2025 16:35:28][WildStr][msedgewebview2.exe]

[Throw dll injection][27/06/2025 16:35:28][WildStr][Code.exe]

[Throw dll injection][27/06/2025 16:35:28][WildStr][msedgewebview2.exe]

[Throw dll injection][27/06/2025 16:35:28][WildStr][Code.exe]

[Throw dll injection][27/06/2025 16:35:28][WildStr][msedgewebview2.exe]

[Throw dll injection][27/06/2025 16:35:28][WildStr][Code.exe]

[Throw dll injection][27/06/2025 16:35:28][WildStr][msedgewebview2.exe]

[Throw dll injection][27/06/2025 16:35:28][WildStr][Code.exe]

[Throw dll injection][27/06/2025 16:35:28][WildStr][msedgewebview2.exe]

[Throw dll injection][27/06/2025 16:35:28][WildStr][conhost.exe]

[Throw dll injection][27/06/2025 16:35:28][WildStr][FileCoAuth.exe]

[Throw dll injection][27/06/2025 16:35:28][WildStr][powershell.exe]

[Throw dll injection][27/06/2025 16:35:28][WildStr][svchost.exe]

[Throw dll injection][27/06/2025 16:35:28][WildStr][conhost.exe]

[Throw dll injection][27/06/2025 16:35:28][WildStr][msedge.exe]

[Throw dll injection][27/06/2025 16:35:28][WildStr][powershell.exe]

[Throw dll injection][27/06/2025 16:35:28][WildStr][msedge.exe]

[Throw dll injection][27/06/2025 16:35:28][WildStr][TextInputHost.exe]

[Throw dll injection][27/06/2025 16:35:28][WildStr][msedge.exe]

[Throw dll injection][27/06/2025 16:35:28][WildStr][Code.exe]

[Throw dll injection][27/06/2025 16:35:28][WildStr][msedge.exe]

[Throw dll injection][27/06/2025 16:35:28][WildStr][cpptools.exe]

[Throw dll injection][27/06/2025 16:35:28][WildStr][msedge.exe]

[Throw dll injection][27/06/2025 16:35:28][WildStr][conhost.exe]

[Throw dll injection][27/06/2025 16:35:28][WildStr][svchost.exe]

[Throw dll injection][27/06/2025 16:35:28][WildStr][cpptools.exe]

[Throw dll injection][27/06/2025 16:35:28][WildStr][svchost.exe]

[Throw dll injection][27/06/2025 16:35:28][WildStr][ApplicationFrameHost.exe]

[Throw dll injection][27/06/2025 16:35:28][WildStr][svchost.exe]

[Throw dll injection][27/06/2025 16:35:28][WildStr][SystemSettings.exe]

[Throw dll injection][27/06/2025 16:35:28][WildStr][dllhost.exe]

[Throw dll injection][27/06/2025 16:35:28][WildStr][UserOOBEBroker.exe]

[Throw dll injection][27/06/2025 16:35:28][WildStr][ShellExperienceHost.exe]

[Throw dll injection][27/06/2025 16:35:28][WildStr][SearchApp.exe]

[Throw dll injection][27/06/2025 16:35:28][WildStr][RuntimeBroker.exe]

[Throw dll injection][27/06/2025 16:35:28][WildStr][msedgewebview2.exe]

[Throw dll injection][27/06/2025 16:35:28][WildStr][vctip.exe]

[Throw dll injection][27/06/2025 16:35:28][WildStr][msedgewebview2.exe]

[Throw dll injection][27/06/2025 16:35:28][WildStr][cpptools-srv.exe]

[Throw dll injection][27/06/2025 16:35:28][WildStr][msedgewebview2.exe]

[Throw dll injection][27/06/2025 16:35:28][WildStr][conhost.exe]

[Throw dll injection][27/06/2025 16:35:28][WildStr][msedgewebview2.exe]

[Throw dll injection][27/06/2025 16:35:28][WildStr][cpptools-srv.exe]

[Throw dll injection][27/06/2025 16:35:28][WildStr][msedgewebview2.exe]

[Throw dll injection][27/06/2025 16:35:28][WildStr][conhost.exe]

[Throw dll injection][27/06/2025 16:35:28][WildStr][msedgewebview2.exe]

[Throw dll injection][27/06/2025 16:35:28][WildStr][svchost.exe]

[Throw dll injection][27/06/2025 16:35:28][WildStr][FileCoAuth.exe]

[Throw dll injection][27/06/2025 16:35:28][WildStr][Taskmgr.exe]

[Throw dll injection][27/06/2025 16:35:28][WildStr][svchost.exe]

[Throw dll injection][27/06/2025 16:35:28][WildStr][test.exe]

[Throw dll injection][27/06/2025 16:35:28][WildStr][msedge.exe]

[Throw dll injection][27/06/2025 16:35:28][WildStr][msedge.exe]

[Throw dll injection][27/06/2025 16:35:28][WildStr][msedge.exe]

[Throw dll injection][27/06/2025 16:35:28][WildStr][msedge.exe]

[Throw dll injection][27/06/2025 16:35:28][WildStr][msedge.exe]

[Throw dll injection][27/06/2025 16:35:28][WildStr][svchost.exe]

[Throw dll injection][27/06/2025 16:35:28][WildStr][svchost.exe]

[Throw dll injection][27/06/2025 16:35:28][WildStr][svchost.exe]

[Throw dll injection][27/06/2025 16:35:28][WildStr][dllhost.exe]

[Throw dll injection][27/06/2025 16:35:28][WildStr][ShellExperienceHost.exe]

[Throw dll injection][27/06/2025 16:35:28][WildStr][RuntimeBroker.exe]

[Throw dll injection][27/06/2025 16:35:28][WildStr][vctip.exe]

[Throw dll injection][27/06/2025 16:35:28][WildStr][cpptools-srv.exe]

[Throw dll injection][27/06/2025 16:35:28][WildStr][conhost.exe]

[Throw dll injection][27/06/2025 16:35:28][WildStr][cpptools-srv.exe]

[Throw dll injection][27/06/2025 16:35:28][WildStr][conhost.exe]

[Throw dll injection][27/06/2025 16:35:28][WildStr][svchost.exe]

[Throw dll injection][27/06/2025 16:35:28][WildStr][Taskmgr.exe]

[Throw dll injection][27/06/2025 16:35:28][WildStr][test.exe]

[Throw dll injection][27/06/2025 16:35:28][Str][SystemTimeOfDayInformation]

[Throw dll injection][27/06/2025 16:35:29][Str][OrigNtQuerySystemInformation failed: 0xC0000023
]

[Throw dll injection][27/06/2025 16:35:29][Str][Noinfo]

[Throw dll injection][27/06/2025 16:35:29][Str][Noinfo]

[Throw dll injection][27/06/2025 16:35:29][Str][Noinfo]

[Throw dll injection][27/06/2025 16:35:29][Str][SystemProcessInformation]

[Throw dll injection][27/06/2025 16:35:29][WildStr][System]

[Throw dll injection][27/06/2025 16:35:29][WildStr][System]

[Throw dll injection][27/06/2025 16:35:29][WildStr][Registry]

[Throw dll injection][27/06/2025 16:35:29][WildStr][Registry]

[Throw dll injection][27/06/2025 16:35:29][WildStr][smss.exe]

[Throw dll injection][27/06/2025 16:35:29][WildStr][smss.exe]

[Throw dll injection][27/06/2025 16:35:29][WildStr][csrss.exe]

[Throw dll injection][27/06/2025 16:35:29][WildStr][csrss.exe]

[Throw dll injection][27/06/2025 16:35:29][WildStr][wininit.exe]

[Throw dll injection][27/06/2025 16:35:29][WildStr][wininit.exe]

[Throw dll injection][27/06/2025 16:35:29][WildStr][csrss.exe]

[Throw dll injection][27/06/2025 16:35:29][WildStr][csrss.exe]

[Throw dll injection][27/06/2025 16:35:29][WildStr][winlogon.exe]

[Throw dll injection][27/06/2025 16:35:29][WildStr][winlogon.exe]

[Throw dll injection][27/06/2025 16:35:29][WildStr][services.exe]

[Throw dll injection][27/06/2025 16:35:29][WildStr][services.exe]

[Throw dll injection][27/06/2025 16:35:29][WildStr][lsass.exe]

[Throw dll injection][27/06/2025 16:35:29][WildStr][lsass.exe]

[Throw dll injection][27/06/2025 16:35:29][WildStr][svchost.exe]

[Throw dll injection][27/06/2025 16:35:29][WildStr][svchost.exe]

[Throw dll injection][27/06/2025 16:35:29][WildStr][fontdrvhost.exe]

[Throw dll injection][27/06/2025 16:35:29][WildStr][fontdrvhost.exe]

[Throw dll injection][27/06/2025 16:35:29][WildStr][fontdrvhost.exe]

[Throw dll injection][27/06/2025 16:35:29][WildStr][fontdrvhost.exe]

[Throw dll injection][27/06/2025 16:35:29][WildStr][svchost.exe]

[Throw dll injection][27/06/2025 16:35:29][WildStr][svchost.exe]

[Throw dll injection][27/06/2025 16:35:29][WildStr][svchost.exe]

[Throw dll injection][27/06/2025 16:35:29][WildStr][dwm.exe]

[Throw dll injection][27/06/2025 16:35:29][WildStr][dwm.exe]

[Throw dll injection][27/06/2025 16:35:29][WildStr][svchost.exe]

[Throw dll injection][27/06/2025 16:35:29][WildStr][svchost.exe]

[Throw dll injection][27/06/2025 16:35:29][WildStr][svchost.exe]

[Throw dll injection][27/06/2025 16:35:29][WildStr][svchost.exe]

[Throw dll injection][27/06/2025 16:35:29][WildStr][svchost.exe]

[Throw dll injection][27/06/2025 16:35:29][WildStr][svchost.exe]

[Throw dll injection][27/06/2025 16:35:29][WildStr][svchost.exe]

[Throw dll injection][27/06/2025 16:35:29][WildStr][svchost.exe]

[Throw dll injection][27/06/2025 16:35:29][WildStr][svchost.exe]

[Throw dll injection][27/06/2025 16:35:29][WildStr][svchost.exe]

[Throw dll injection][27/06/2025 16:35:29][WildStr][svchost.exe]

[Throw dll injection][27/06/2025 16:35:29][WildStr][svchost.exe]

[Throw dll injection][27/06/2025 16:35:29][WildStr][svchost.exe]

[Throw dll injection][27/06/2025 16:35:29][WildStr][svchost.exe]

[Throw dll injection][27/06/2025 16:35:29][WildStr][svchost.exe]

[Throw dll injection][27/06/2025 16:35:29][WildStr][svchost.exe]

[Throw dll injection][27/06/2025 16:35:29][WildStr][svchost.exe]

[Throw dll injection][27/06/2025 16:35:29][WildStr][svchost.exe]

[Throw dll injection][27/06/2025 16:35:29][WildStr][svchost.exe]

[Throw dll injection][27/06/2025 16:35:29][WildStr][svchost.exe]

[Throw dll injection][27/06/2025 16:35:29][WildStr][svchost.exe]

[Throw dll injection][27/06/2025 16:35:29][WildStr][svchost.exe]

[Throw dll injection][27/06/2025 16:35:29][WildStr][svchost.exe]

[Throw dll injection][27/06/2025 16:35:29][WildStr][svchost.exe]

[Throw dll injection][27/06/2025 16:35:29][WildStr][svchost.exe]

[Throw dll injection][27/06/2025 16:35:29][WildStr][svchost.exe]
e]

[Throw dll injection][27/06/2025 16:35:29][WildStr][svchost.exe]

[Throw dll injection][27/06/2025 16:35:29][WildStr][VBoxService.exe]

[Throw dll injection][27/06/2025 16:35:29][WildStr][svchost.exe]

[Throw dll injection][27/06/2025 16:35:29][WildStr][svchost.exe]

[Throw dll injection][27/06/2025 16:35:29][WildStr][svchost.exe]

[Throw dll injection][27/06/2025 16:35:29][WildStr][svchost.exe]

[Throw dll injection][27/06/2025 16:35:29][WildStr][svchost.exe]

[Throw dll injection][27/06/2025 16:35:29][WildStr][svchost.exe]

[Throw dll injection][27/06/2025 16:35:29][WildStr][svchost.exe]

[Throw dll injection][27/06/2025 16:35:29][WildStr][svchost.exe]

[Throw dll injection][27/06/2025 16:35:29][WildStr][Memory Compression]

[Throw dll injection][27/06/2025 16:35:29][WildStr][svchost.exe]

[Throw dll injection][27/06/2025 16:35:29][WildStr][svchost.exe]

[Throw dll injection][27/06/2025 16:35:29][WildStr][svchost.exe]

[Throw dll injection][27/06/2025 16:35:29][WildStr][svchost.exe]

[Throw dll injection][27/06/2025 16:35:29][WildStr][Memory Compression]

[Throw dll injection][27/06/2025 16:35:29][WildStr][svchost.exe]

[Throw dll injection][27/06/2025 16:35:29][WildStr][svchost.exe]

[Throw dll injection][27/06/2025 16:35:29][WildStr][svchost.exe]

[Throw dll injection][27/06/2025 16:35:29][WildStr][svchost.exe]

[Throw dll injection][27/06/2025 16:35:29][WildStr][svchost.exe]

[Throw dll injection][27/06/2025 16:35:29][WildStr][svchost.exe]

[Throw dll injection][27/06/2025 16:35:29][WildStr][svchost.exe]

[Throw dll injection][27/06/2025 16:35:29][WildStr][svchost.exe]

[Throw dll injection][27/06/2025 16:35:29][WildStr][svchost.exe]

[Throw dll injection][27/06/2025 16:35:29][WildStr][svchost.exe]

[Throw dll injection][27/06/2025 16:35:29][WildStr][svchost.exe]

[Throw dll injection][27/06/2025 16:35:29][WildStr][svchost.exe]

[Throw dll injection][27/06/2025 16:35:29][WildStr][svchost.exe]

[Throw dll injection][27/06/2025 16:35:29][WildStr][svchost.exe]

[Throw dll injection][27/06/2025 16:35:29][WildStr][svchost.exe]

[Throw dll injection][27/06/2025 16:35:29][WildStr][svchost.exe]

[Throw dll injection][27/06/2025 16:35:29][WildStr][spoolsv.exe]

[Throw dll injection][27/06/2025 16:35:29][WildStr][svchost.exe]

[Throw dll injection][27/06/2025 16:35:29][WildStr][svchost.exe]

[Throw dll injection][27/06/2025 16:35:29][WildStr][ssh-agent.exe]

[Throw dll injection][27/06/2025 16:35:29][WildStr][svchost.exe]

[Throw dll injection][27/06/2025 16:35:29][WildStr][sshd.exe]

[Throw dll injection][27/06/2025 16:35:29][WildStr][svchost.exe]

[Throw dll injection][27/06/2025 16:35:29][WildStr][svchost.exe]

[Throw dll injection][27/06/2025 16:35:29][WildStr][svchost.exe]

[Throw dll injection][27/06/2025 16:35:29][WildStr][svchost.exe]

[Throw dll injection][27/06/2025 16:35:29][WildStr][ssh-agent.exe]

[Throw dll injection][27/06/2025 16:35:29][WildStr][svchost.exe]

[Throw dll injection][27/06/2025 16:35:29][WildStr][sshd.exe]

[Throw dll injection][27/06/2025 16:35:29][WildStr][svchost.exe]

[Throw dll injection][27/06/2025 16:35:29][WildStr][svchost.exe]

[Throw dll injection][27/06/2025 16:35:29][WildStr][svchost.exe]

[Throw dll injection][27/06/2025 16:35:29][WildStr][svchost.exe]

[Throw dll injection][27/06/2025 16:35:29][WildStr][svchost.exe]

[Throw dll injection][27/06/2025 16:35:29][WildStr][svchost.exe]

[Throw dll injection][27/06/2025 16:35:29][WildStr][svchost.exe]

[Throw dll injection][27/06/2025 16:35:29][WildStr][svchost.exe]

[Throw dll injection][27/06/2025 16:35:29][WildStr][svchost.exe]

[Throw dll injection][27/06/2025 16:35:29][WildStr][svchost.exe]

[Throw dll injection][27/06/2025 16:35:29][WildStr][svchost.exe]

[Throw dll injection][27/06/2025 16:35:29][WildStr][svchost.exe]

[Throw dll injection][27/06/2025 16:35:29][WildStr][MpDefenderCoreService.exe]

[Throw dll injection][27/06/2025 16:35:29][WildStr][svchost.exe]

[Throw dll injection][27/06/2025 16:35:29][WildStr][MsMpEng.exe]

[Throw dll injection][27/06/2025 16:35:29][WildStr][svchost.exe]

[Throw dll injection][27/06/2025 16:35:29][WildStr][SearchIndexer.exe]

[Throw dll injection][27/06/2025 16:35:29][WildStr][svchost.exe]

[Throw dll injection][27/06/2025 16:35:29][WildStr][AggregatorHost.exe]

[Throw dll injection][27/06/2025 16:35:29][WildStr][MpDefenderCoreService.exe]

[Throw dll injection][27/06/2025 16:35:29][WildStr][dllhost.exe]

[Throw dll injection][27/06/2025 16:35:29][WildStr][MsMpEng.exe]

[Throw dll injection][27/06/2025 16:35:29][WildStr][svchost.exe]

[Throw dll injection][27/06/2025 16:35:29][WildStr][NisSrv.exe]

[Throw dll injection][27/06/2025 16:35:29][WildStr][SearchIndexer.exe]

[Throw dll injection][27/06/2025 16:35:29][WildStr][sihost.exe]

[Throw dll injection][27/06/2025 16:35:29][WildStr][AggregatorHost.exe]

[Throw dll injection][27/06/2025 16:35:29][WildStr][svchost.exe]

[Throw dll injection][27/06/2025 16:35:29][WildStr][dllhost.exe]

[Throw dll injection][27/06/2025 16:35:29][WildStr][svchost.exe]

[Throw dll injection][27/06/2025 16:35:29][WildStr][taskhostw.exe]

[Throw dll injection][27/06/2025 16:35:29][WildStr][MicrosoftEdgeUpdate.exe]

[Throw dll injection][27/06/2025 16:35:29][WildStr][sihost.exe]

[Throw dll injection][27/06/2025 16:35:29][WildStr][svchost.exe]

[Throw dll injection][27/06/2025 16:35:29][WildStr][ctfmon.exe]


[Throw dll injection][27/06/2025 16:35:29][WildStr][svchost.exe]

[Throw dll injection][27/06/2025 16:35:29][WildStr][svchost.exe]


[Throw dll injection][27/06/2025 16:35:29][WildStr][MicrosoftEdgeUpdate.exe]

[Throw dll injection][27/06/2025 16:35:29][WildStr][svchost.exe]

[Throw dll injection][27/06/2025 16:35:29][WildStr][svchost.exe]

[Throw dll injection][27/06/2025 16:35:29][WildStr][StartMenuExperienceHost.exe]

[Throw dll injection][27/06/2025 16:35:29][WildStr][ctfmon.exe]

[Throw dll injection][27/06/2025 16:35:29][WildStr][RuntimeBroker.exe]

[Throw dll injection][27/06/2025 16:35:29][WildStr][svchost.exe]

[Throw dll injection][27/06/2025 16:35:29][WildStr][SearchApp.exe]

[Throw dll injection][27/06/2025 16:35:29][WildStr][svchost.exe]

[Throw dll injection][27/06/2025 16:35:29][WildStr][svchost.exe]

[Throw dll injection][27/06/2025 16:35:29][WildStr][explorer.exe]

[Throw dll injection][27/06/2025 16:35:29][WildStr][RuntimeBroker.exe]

[Throw dll injection][27/06/2025 16:35:29][WildStr][svchost.exe]

[Throw dll injection][27/06/2025 16:35:29][WildStr][RuntimeBroker.exe]

[Throw dll injection][27/06/2025 16:35:29][WildStr][StartMenuExperienceHost.exe]

[Throw dll injection][27/06/2025 16:35:29][WildStr][svchost.exe]

[Throw dll injection][27/06/2025 16:35:29][WildStr][RuntimeBroker.exe]

[Throw dll injection][27/06/2025 16:35:29][WildStr][SecurityHealthSystray.exe]

[Throw dll injection][27/06/2025 16:35:29][WildStr][SearchApp.exe]

[Throw dll injection][27/06/2025 16:35:29][WildStr][SecurityHealthService.exe]

[Throw dll injection][27/06/2025 16:35:29][WildStr][svchost.exe]

[Throw dll injection][27/06/2025 16:35:29][WildStr][VBoxTray.exe]

[Throw dll injection][27/06/2025 16:35:29][WildStr][RuntimeBroker.exe]

[Throw dll injection][27/06/2025 16:35:29][WildStr][OneDrive.exe]

[Throw dll injection][27/06/2025 16:35:29][WildStr][cmd.exe]
ker.exe]

[Throw dll injection][27/06/2025 16:35:29][WildStr][svchost.exe]

[Throw dll injection][27/06/2025 16:35:29][WildStr][conhost.exe]

[Throw dll injection][27/06/2025 16:35:29][WildStr][svchost.exe]
Systray.exe]

[Throw dll injection][27/06/2025 16:35:29][WildStr][svchost.exe]
Service.exe]

[Throw dll injection][27/06/2025 16:35:29][WildStr][VBoxTray.exe]

[Throw dll injection][27/06/2025 16:35:29][WildStr][svchost.exe]

[Throw dll injection][27/06/2025 16:35:29][WildStr][OneDrive.exe]

[Throw dll injection][27/06/2025 16:35:29][WildStr][svchost.exe]

[Throw dll injection][27/06/2025 16:35:29][WildStr][cmd.exe]

[Throw dll injection][27/06/2025 16:35:29][WildStr][svchost.exe]

[Throw dll injection][27/06/2025 16:35:29][WildStr][conhost.exe]

[Throw dll injection][27/06/2025 16:35:29][WildStr][powershell.exe]

[Throw dll injection][27/06/2025 16:35:29][WildStr][svchost.exe]

[Throw dll injection][27/06/2025 16:35:29][WildStr][Code.exe]

[Throw dll injection][27/06/2025 16:35:29][WildStr][Code.exe]

[Throw dll injection][27/06/2025 16:35:29][WildStr][svchost.exe]

[Throw dll injection][27/06/2025 16:35:29][WildStr][Code.exe]

[Throw dll injection][27/06/2025 16:35:29][WildStr][Code.exe]
]

[Throw dll injection][27/06/2025 16:35:29][WildStr][Code.exe]
]

[Throw dll injection][27/06/2025 16:35:29][WildStr][Code.exe]
]

[Throw dll injection][27/06/2025 16:35:29][WildStr][Code.exe]

[Throw dll injection][27/06/2025 16:35:29][WildStr][svchost.exe]

[Throw dll injection][27/06/2025 16:35:29][WildStr][Code.exe]

[Throw dll injection][27/06/2025 16:35:29][WildStr][powershell.exe]

[Throw dll injection][27/06/2025 16:35:29][WildStr][Code.exe]

[Throw dll injection][27/06/2025 16:35:29][WildStr][Code.exe]

[Throw dll injection][27/06/2025 16:35:29][WildStr][conhost.exe]

[Throw dll injection][27/06/2025 16:35:29][WildStr][Code.exe]

[Throw dll injection][27/06/2025 16:35:29][WildStr][powershell.exe]

[Throw dll injection][27/06/2025 16:35:29][WildStr][Code.exe]

[Throw dll injection][27/06/2025 16:35:29][WildStr][conhost.exe]

[Throw dll injection][27/06/2025 16:35:29][WildStr][Code.exe]

[Throw dll injection][27/06/2025 16:35:29][WildStr][powershell.exe]

[Throw dll injection][27/06/2025 16:35:29][WildStr][Code.exe]

[Throw dll injection][27/06/2025 16:35:29][WildStr][TextInputHost.exe]

[Throw dll injection][27/06/2025 16:35:29][WildStr][Code.exe]

[Throw dll injection][27/06/2025 16:35:29][WildStr][Code.exe]

[Throw dll injection][27/06/2025 16:35:29][WildStr][Code.exe]

[Throw dll injection][27/06/2025 16:35:29][WildStr][cpptools.exe]

[Throw dll injection][27/06/2025 16:35:29][WildStr][Code.exe]

[Throw dll injection][27/06/2025 16:35:29][WildStr][conhost.exe]

[Throw dll injection][27/06/2025 16:35:29][WildStr][Code.exe]

[Throw dll injection][27/06/2025 16:35:29][WildStr][cpptools.exe]

[Throw dll injection][27/06/2025 16:35:29][WildStr][conhost.exe]

[Throw dll injection][27/06/2025 16:35:29][WildStr][ApplicationFrameHost.exe]

[Throw dll injection][27/06/2025 16:35:29][WildStr][powershell.exe]

[Throw dll injection][27/06/2025 16:35:29][WildStr][SystemSettings.exe]

[Throw dll injection][27/06/2025 16:35:29][WildStr][conhost.exe]

[Throw dll injection][27/06/2025 16:35:29][WildStr][UserOOBEBroker.exe]

[Throw dll injection][27/06/2025 16:35:29][WildStr][powershell.exe]

[Throw dll injection][27/06/2025 16:35:29][WildStr][SearchApp.exe]

[Throw dll injection][27/06/2025 16:35:29][WildStr][TextInputHost.exe]

[Throw dll injection][27/06/2025 16:35:29][WildStr][msedgewebview2.exe]

[Throw dll injection][27/06/2025 16:35:29][WildStr][Code.exe]

[Throw dll injection][27/06/2025 16:35:29][WildStr][msedgewebview2.exe]

[Throw dll injection][27/06/2025 16:35:29][WildStr][cpptools.exe]

[Throw dll injection][27/06/2025 16:35:29][WildStr][msedgewebview2.exe]

[Throw dll injection][27/06/2025 16:35:29][WildStr][conhost.exe]

[Throw dll injection][27/06/2025 16:35:29][WildStr][msedgewebview2.exe]

[Throw dll injection][27/06/2025 16:35:29][WildStr][cpptools.exe]

[Throw dll injection][27/06/2025 16:35:29][WildStr][msedgewebview2.exe]

[Throw dll injection][27/06/2025 16:35:29][WildStr][ApplicationFrameHost.exe]

[Throw dll injection][27/06/2025 16:35:29][WildStr][msedgewebview2.exe]

[Throw dll injection][27/06/2025 16:35:29][WildStr][SystemSettings.exe]

[Throw dll injection][27/06/2025 16:35:29][WildStr][FileCoAuth.exe]

[Throw dll injection][27/06/2025 16:35:29][WildStr][UserOOBEBroker.exe]

[Throw dll injection][27/06/2025 16:35:29][WildStr][svchost.exe]

[Throw dll injection][27/06/2025 16:35:29][WildStr][SearchApp.exe]

[Throw dll injection][27/06/2025 16:35:29][WildStr][msedge.exe]

[Throw dll injection][27/06/2025 16:35:29][WildStr][msedgewebview2.exe]

[Throw dll injection][27/06/2025 16:35:29][WildStr][msedge.exe]

[Throw dll injection][27/06/2025 16:35:29][WildStr][msedgewebview2.exe]

[Throw dll injection][27/06/2025 16:35:29][WildStr][msedge.exe]

[Throw dll injection][27/06/2025 16:35:29][WildStr][msedgewebview2.exe]

[Throw dll injection][27/06/2025 16:35:29][WildStr][msedge.exe]

[Throw dll injection][27/06/2025 16:35:29][WildStr][msedgewebview2.exe]

[Throw dll injection][27/06/2025 16:35:29][WildStr][msedge.exe]

[Throw dll injection][27/06/2025 16:35:29][WildStr][msedgewebview2.exe]

[Throw dll injection][27/06/2025 16:35:29][WildStr][svchost.exe]

[Throw dll injection][27/06/2025 16:35:29][WildStr][msedgewebview2.exe]

[Throw dll injection][27/06/2025 16:35:29][WildStr][svchost.exe]

[Throw dll injection][27/06/2025 16:35:29][WildStr][FileCoAuth.exe]

[Throw dll injection][27/06/2025 16:35:29][WildStr][svchost.exe]

[Throw dll injection][27/06/2025 16:35:29][WildStr][svchost.exe]

[Throw dll injection][27/06/2025 16:35:29][WildStr][dllhost.exe]

[Throw dll injection][27/06/2025 16:35:29][WildStr][msedge.exe]

[Throw dll injection][27/06/2025 16:35:29][WildStr][ShellExperienceHost.exe]

[Throw dll injection][27/06/2025 16:35:29][WildStr][msedge.exe]

[Throw dll injection][27/06/2025 16:35:29][WildStr][RuntimeBroker.exe]

[Throw dll injection][27/06/2025 16:35:29][WildStr][msedge.exe]

[Throw dll injection][27/06/2025 16:35:29][WildStr][vctip.exe]

[Throw dll injection][27/06/2025 16:35:29][WildStr][msedge.exe]

[Throw dll injection][27/06/2025 16:35:29][WildStr][cpptools-srv.exe]

[Throw dll injection][27/06/2025 16:35:29][WildStr][msedge.exe]

[Throw dll injection][27/06/2025 16:35:29][WildStr][conhost.exe]

[Throw dll injection][27/06/2025 16:35:29][WildStr][svchost.exe]

[Throw dll injection][27/06/2025 16:35:29][WildStr][cpptools-srv.exe]

[Throw dll injection][27/06/2025 16:35:29][WildStr][svchost.exe]

[Throw dll injection][27/06/2025 16:35:29][WildStr][conhost.exe]

[Throw dll injection][27/06/2025 16:35:29][WildStr][svchost.exe]

[Throw dll injection][27/06/2025 16:35:29][WildStr][svchost.exe]

[Throw dll injection][27/06/2025 16:35:29][WildStr][dllhost.exe]

[Throw dll injection][27/06/2025 16:35:29][WildStr][Taskmgr.exe]

[Throw dll injection][27/06/2025 16:35:29][WildStr][ShellExperienceHost.exe]

[Throw dll injection][27/06/2025 16:35:29][WildStr][test.exe]

[Throw dll injection][27/06/2025 16:35:29][WildStr][RuntimeBroker.exe]

[Throw dll injection][27/06/2025 16:35:29][WildStr][vctip.exe]

[Throw dll injection][27/06/2025 16:35:29][WildStr][cpptools-srv.exe]

[Throw dll injection][27/06/2025 16:35:29][WildStr][conhost.exe]

[Throw dll injection][27/06/2025 16:35:29][WildStr][cpptools-srv.exe]

[Throw dll injection][27/06/2025 16:35:29][WildStr][conhost.exe]

[Throw dll injection][27/06/2025 16:35:29][WildStr][svchost.exe]

[Throw dll injection][27/06/2025 16:35:29][WildStr][Taskmgr.exe]

[Throw dll injection][27/06/2025 16:35:29][WildStr][test.exe]

[Throw dll injection][27/06/2025 16:35:29][Str][SystemTimeOfDayInformation]

[Throw dll injection][27/06/2025 16:35:30][Str][OrigNtQuerySystemInformation failed: 0xC0000023
]

[Throw dll injection][27/06/2025 16:35:30][Str][Noinfo]

[Throw dll injection][27/06/2025 16:35:30][Str][Noinfo]

[Throw dll injection][27/06/2025 16:35:30][Str][Noinfo]

[Throw dll injection][27/06/2025 16:35:30][Str][SystemProcessInformation]

[Throw dll injection][27/06/2025 16:35:30][WildStr][System]

[Throw dll injection][27/06/2025 16:35:30][WildStr][Registry]

[Throw dll injection][27/06/2025 16:35:30][WildStr][Registry]

[Throw dll injection][27/06/2025 16:35:30][WildStr][smss.exe]

[Throw dll injection][27/06/2025 16:35:30][WildStr][smss.exe]

[Throw dll injection][27/06/2025 16:35:30][WildStr][csrss.exe]

[Throw dll injection][27/06/2025 16:35:30][WildStr][csrss.exe]

[Throw dll injection][27/06/2025 16:35:30][WildStr][wininit.exe]

[Throw dll injection][27/06/2025 16:35:30][WildStr][wininit.exe]

[Throw dll injection][27/06/2025 16:35:30][WildStr][csrss.exe]

[Throw dll injection][27/06/2025 16:35:30][WildStr][csrss.exe]

[Throw dll injection][27/06/2025 16:35:30][WildStr][winlogon.exe]

[Throw dll injection][27/06/2025 16:35:30][WildStr][winlogon.exe]

[Throw dll injection][27/06/2025 16:35:30][WildStr][services.exe]

[Throw dll injection][27/06/2025 16:35:30][WildStr][services.exe]

[Throw dll injection][27/06/2025 16:35:30][WildStr][lsass.exe]

[Throw dll injection][27/06/2025 16:35:30][WildStr][lsass.exe]

[Throw dll injection][27/06/2025 16:35:30][WildStr][svchost.exe]

[Throw dll injection][27/06/2025 16:35:30][WildStr][svchost.exe]

[Throw dll injection][27/06/2025 16:35:30][WildStr][fontdrvhost.exe]

[Throw dll injection][27/06/2025 16:35:30][WildStr][fontdrvhost.exe]

[Throw dll injection][27/06/2025 16:35:30][WildStr][fontdrvhost.exe]

[Throw dll injection][27/06/2025 16:35:30][WildStr][fontdrvhost.exe]

[Throw dll injection][27/06/2025 16:35:30][WildStr][svchost.exe]

[Throw dll injection][27/06/2025 16:35:30][WildStr][svchost.exe]

[Throw dll injection][27/06/2025 16:35:30][WildStr][svchost.exe]

[Throw dll injection][27/06/2025 16:35:30][WildStr][svchost.exe]

[Throw dll injection][27/06/2025 16:35:30][WildStr][dwm.exe]

[Throw dll injection][27/06/2025 16:35:30][WildStr][dwm.exe]

[Throw dll injection][27/06/2025 16:35:30][WildStr][svchost.exe]

[Throw dll injection][27/06/2025 16:35:30][WildStr][svchost.exe]

[Throw dll injection][27/06/2025 16:35:30][WildStr][svchost.exe]

[Throw dll injection][27/06/2025 16:35:30][WildStr][svchost.exe]

[Throw dll injection][27/06/2025 16:35:30][WildStr][svchost.exe]

[Throw dll injection][27/06/2025 16:35:30][WildStr][svchost.exe]

[Throw dll injection][27/06/2025 16:35:30][WildStr][svchost.exe]

[Throw dll injection][27/06/2025 16:35:30][WildStr][svchost.exe]

[Throw dll injection][27/06/2025 16:35:30][WildStr][svchost.exe]

[Throw dll injection][27/06/2025 16:35:30][WildStr][svchost.exe]

[Throw dll injection][27/06/2025 16:35:30][WildStr][svchost.exe]

[Throw dll injection][27/06/2025 16:35:30][WildStr][svchost.exe]

[Throw dll injection][27/06/2025 16:35:30][WildStr][svchost.exe]

[Throw dll injection][27/06/2025 16:35:30][WildStr][svchost.exe]

[Throw dll injection][27/06/2025 16:35:30][WildStr][svchost.exe]

[Throw dll injection][27/06/2025 16:35:30][WildStr][svchost.exe]

[Throw dll injection][27/06/2025 16:35:30][WildStr][svchost.exe]

[Throw dll injection][27/06/2025 16:35:30][WildStr][svchost.exe]

[Throw dll injection][27/06/2025 16:35:30][WildStr][svchost.exe]

[Throw dll injection][27/06/2025 16:35:30][WildStr][svchost.exe]

[Throw dll injection][27/06/2025 16:35:30][WildStr][svchost.exe]

[Throw dll injection][27/06/2025 16:35:30][WildStr][svchost.exe]

[Throw dll injection][27/06/2025 16:35:30][WildStr][svchost.exe]

[Throw dll injection][27/06/2025 16:35:30][WildStr][svchost.exe]

[Throw dll injection][27/06/2025 16:35:30][WildStr][svchost.exe]

[Throw dll injection][27/06/2025 16:35:30][WildStr][svchost.exe]

[Throw dll injection][27/06/2025 16:35:30][WildStr][VBoxService.exe]

[Throw dll injection][27/06/2025 16:35:30][WildStr][VBoxService.exe]

[Throw dll injection][27/06/2025 16:35:30][WildStr][svchost.exe]

[Throw dll injection][27/06/2025 16:35:30][WildStr][svchost.exe]

[Throw dll injection][27/06/2025 16:35:30][WildStr][svchost.exe]

[Throw dll injection][27/06/2025 16:35:30][WildStr][svchost.exe]

[Throw dll injection][27/06/2025 16:35:30][WildStr][svchost.exe]

[Throw dll injection][27/06/2025 16:35:30][WildStr][svchost.exe]

[Throw dll injection][27/06/2025 16:35:30][WildStr][svchost.exe]

[Throw dll injection][27/06/2025 16:35:30][WildStr][svchost.exe]

[Throw dll injection][27/06/2025 16:35:30][WildStr][svchost.exe]

[Throw dll injection][27/06/2025 16:35:30][WildStr][svchost.exe]

[Throw dll injection][27/06/2025 16:35:30][WildStr][svchost.exe]

[Throw dll injection][27/06/2025 16:35:30][WildStr][Memory Compression]

[Throw dll injection][27/06/2025 16:35:30][WildStr][Memory Compression]

[Throw dll injection][27/06/2025 16:35:30][WildStr][svchost.exe]

[Throw dll injection][27/06/2025 16:35:30][WildStr][svchost.exe]

[Throw dll injection][27/06/2025 16:35:30][WildStr][svchost.exe]

[Throw dll injection][27/06/2025 16:35:30][WildStr][svchost.exe]

[Throw dll injection][27/06/2025 16:35:30][WildStr][svchost.exe]

[Throw dll injection][27/06/2025 16:35:30][WildStr][svchost.exe]

[Throw dll injection][27/06/2025 16:35:30][WildStr][svchost.exe]

[Throw dll injection][27/06/2025 16:35:30][WildStr][svchost.exe]

[Throw dll injection][27/06/2025 16:35:30][WildStr][svchost.exe]

[Throw dll injection][27/06/2025 16:35:30][WildStr][svchost.exe]

[Throw dll injection][27/06/2025 16:35:30][WildStr][svchost.exe]

[Throw dll injection][27/06/2025 16:35:30][WildStr][svchost.exe]

[Throw dll injection][27/06/2025 16:35:30][WildStr][svchost.exe]

[Throw dll injection][27/06/2025 16:35:30][WildStr][svchost.exe]

[Throw dll injection][27/06/2025 16:35:30][WildStr][svchost.exe]

[Throw dll injection][27/06/2025 16:35:30][WildStr][svchost.exe]

[Throw dll injection][27/06/2025 16:35:30][WildStr][spoolsv.exe]

[Throw dll injection][27/06/2025 16:35:30][WildStr][spoolsv.exe]

[Throw dll injection][27/06/2025 16:35:30][WildStr][svchost.exe]

[Throw dll injection][27/06/2025 16:35:30][WildStr][svchost.exe]

[Throw dll injection][27/06/2025 16:35:30][WildStr][svchost.exe]

[Throw dll injection][27/06/2025 16:35:30][WildStr][svchost.exe]

[Throw dll injection][27/06/2025 16:35:30][WildStr][svchost.exe]

[Throw dll injection][27/06/2025 16:35:30][WildStr][svchost.exe]

[Throw dll injection][27/06/2025 16:35:30][WildStr][svchost.exe]

[Throw dll injection][27/06/2025 16:35:30][WildStr][svchost.exe]

[Throw dll injection][27/06/2025 16:35:30][WildStr][ssh-agent.exe]

[Throw dll injection][27/06/2025 16:35:30][WildStr][ssh-agent.exe]

[Throw dll injection][27/06/2025 16:35:30][WildStr][sshd.exe]

[Throw dll injection][27/06/2025 16:35:30][WildStr][sshd.exe]

[Throw dll injection][27/06/2025 16:35:30][WildStr][svchost.exe]

[Throw dll injection][27/06/2025 16:35:30][WildStr][svchost.exe]

[Throw dll injection][27/06/2025 16:35:30][WildStr][svchost.exe]

[Throw dll injection][27/06/2025 16:35:30][WildStr][svchost.exe]

[Throw dll injection][27/06/2025 16:35:30][WildStr][svchost.exe]

[Throw dll injection][27/06/2025 16:35:30][WildStr][svchost.exe]

[Throw dll injection][27/06/2025 16:35:30][WildStr][svchost.exe]

[Throw dll injection][27/06/2025 16:35:30][WildStr][svchost.exe]

[Throw dll injection][27/06/2025 16:35:30][WildStr][svchost.exe]

[Throw dll injection][27/06/2025 16:35:30][WildStr][svchost.exe]

[Throw dll injection][27/06/2025 16:35:30][WildStr][svchost.exe]

[Throw dll injection][27/06/2025 16:35:30][WildStr][svchost.exe]

[Throw dll injection][27/06/2025 16:35:30][WildStr][svchost.exe]

[Throw dll injection][27/06/2025 16:35:30][WildStr][svchost.exe]

[Throw dll injection][27/06/2025 16:35:30][WildStr][svchost.exe]

[Throw dll injection][27/06/2025 16:35:30][WildStr][svchost.exe]

[Throw dll injection][27/06/2025 16:35:30][WildStr][svchost.exe]

[Throw dll injection][27/06/2025 16:35:30][WildStr][MpDefenderCoreService.exe]

[Throw dll injection][27/06/2025 16:35:30][WildStr][MpDefenderCoreService.exe]

[Throw dll injection][27/06/2025 16:35:30][WildStr][MsMpEng.exe]

[Throw dll injection][27/06/2025 16:35:30][WildStr][MsMpEng.exe]

[Throw dll injection][27/06/2025 16:35:30][WildStr][SearchIndexer.exe]

[Throw dll injection][27/06/2025 16:35:30][WildStr][SearchIndexer.exe]

[Throw dll injection][27/06/2025 16:35:30][WildStr][AggregatorHost.exe]

[Throw dll injection][27/06/2025 16:35:30][WildStr][AggregatorHost.exe]

[Throw dll injection][27/06/2025 16:35:30][WildStr][dllhost.exe]

[Throw dll injection][27/06/2025 16:35:30][WildStr][dllhost.exe]

[Throw dll injection][27/06/2025 16:35:30][WildStr][svchost.exe]

[Throw dll injection][27/06/2025 16:35:30][WildStr][svchost.exe]

[Throw dll injection][27/06/2025 16:35:30][WildStr][NisSrv.exe]

[Throw dll injection][27/06/2025 16:35:30][WildStr][NisSrv.exe]

[Throw dll injection][27/06/2025 16:35:30][WildStr][sihost.exe]

[Throw dll injection][27/06/2025 16:35:30][WildStr][svchost.exe]

[Throw dll injection][27/06/2025 16:35:30][WildStr][svchost.exe]

[Throw dll injection][27/06/2025 16:35:30][WildStr][svchost.exe]

[Throw dll injection][27/06/2025 16:35:30][WildStr][svchost.exe]

[Throw dll injection][27/06/2025 16:35:30][WildStr][taskhostw.exe]

[Throw dll injection][27/06/2025 16:35:30][WildStr][taskhostw.exe]

[Throw dll injection][27/06/2025 16:35:30][WildStr][MicrosoftEdgeUpdate.exe]

[Throw dll injection][27/06/2025 16:35:30][WildStr][svchost.exe]

[Throw dll injection][27/06/2025 16:35:30][WildStr][MicrosoftEdgeUpdate.exe]

[Throw dll injection][27/06/2025 16:35:30][WildStr][ctfmon.exe]

[Throw dll injection][27/06/2025 16:35:30][WildStr][svchost.exe]

[Throw dll injection][27/06/2025 16:35:30][WildStr][svchost.exe]

[Throw dll injection][27/06/2025 16:35:30][WildStr][svchost.exe]

[Throw dll injection][27/06/2025 16:35:30][WildStr][explorer.exe]

[Throw dll injection][27/06/2025 16:35:30][WildStr][ctfmon.exe]

[Throw dll injection][27/06/2025 16:35:30][WildStr][svchost.exe]

[Throw dll injection][27/06/2025 16:35:30][WildStr][StartMenuExperienceHost.exe]

[Throw dll injection][27/06/2025 16:35:30][WildStr][svchost.exe]

[Throw dll injection][27/06/2025 16:35:30][WildStr][RuntimeBroker.exe]

[Throw dll injection][27/06/2025 16:35:30][WildStr][SearchApp.exe]

[Throw dll injection][27/06/2025 16:35:30][WildStr][svchost.exe]

[Throw dll injection][27/06/2025 16:35:30][WildStr][svchost.exe]

[Throw dll injection][27/06/2025 16:35:30][WildStr][RuntimeBroker.exe]

[Throw dll injection][27/06/2025 16:35:30][WildStr][explorer.exe]

[Throw dll injection][27/06/2025 16:35:30][WildStr][RuntimeBroker.exe]

[Throw dll injection][27/06/2025 16:35:30][WildStr][svchost.exe]

[Throw dll injection][27/06/2025 16:35:30][WildStr][svchost.exe]

[Throw dll injection][27/06/2025 16:35:30][WildStr][SecurityHealthSystray.exe]

[Throw dll injection][27/06/2025 16:35:30][WildStr][SecurityHealthService.exe]

[Throw dll injection][27/06/2025 16:35:30][WildStr][StartMenuExperienceHost.exe]

[Throw dll injection][27/06/2025 16:35:30][WildStr][VBoxTray.exe]

[Throw dll injection][27/06/2025 16:35:30][WildStr][RuntimeBroker.exe]

[Throw dll injection][27/06/2025 16:35:30][WildStr][OneDrive.exe]

[Throw dll injection][27/06/2025 16:35:30][WildStr][cmd.exe]

[Throw dll injection][27/06/2025 16:35:30][WildStr][SearchApp.exe]

[Throw dll injection][27/06/2025 16:35:30][WildStr][conhost.exe]

[Throw dll injection][27/06/2025 16:35:30][WildStr][svchost.exe]

[Throw dll injection][27/06/2025 16:35:30][WildStr][svchost.exe]

[Throw dll injection][27/06/2025 16:35:30][WildStr][svchost.exe]

[Throw dll injection][27/06/2025 16:35:30][WildStr][svchost.exe]

[Throw dll injection][27/06/2025 16:35:30][WildStr][RuntimeBroker.exe]

[Throw dll injection][27/06/2025 16:35:30][WildStr][svchost.exe]

[Throw dll injection][27/06/2025 16:35:30][WildStr][svchost.exe]

[Throw dll injection][27/06/2025 16:35:30][WildStr][RuntimeBroker.exe]

[Throw dll injection][27/06/2025 16:35:30][WildStr][svchost.exe]

[Throw dll injection][27/06/2025 16:35:30][WildStr][powershell.exe]

[Throw dll injection][27/06/2025 16:35:30][WildStr][svchost.exe]

[Throw dll injection][27/06/2025 16:35:30][WildStr][Code.exe]

[Throw dll injection][27/06/2025 16:35:30][WildStr][Code.exe]

[Throw dll injection][27/06/2025 16:35:30][WildStr][SecurityHealthSystray.exe]

[Throw dll injection][27/06/2025 16:35:30][WildStr][Code.exe]

[Throw dll injection][27/06/2025 16:35:30][WildStr][Code.exe]

[Throw dll injection][27/06/2025 16:35:30][WildStr][SecurityHealthService.exe]

[Throw dll injection][27/06/2025 16:35:30][WildStr][Code.exe]

[Throw dll injection][27/06/2025 16:35:30][WildStr][Code.exe]

[Throw dll injection][27/06/2025 16:35:30][WildStr][VBoxTray.exe]

[Throw dll injection][27/06/2025 16:35:30][WildStr][Code.exe]

[Throw dll injection][27/06/2025 16:35:30][WildStr][Code.exe]

[Throw dll injection][27/06/2025 16:35:30][WildStr][OneDrive.exe]

[Throw dll injection][27/06/2025 16:35:30][WildStr][Code.exe]

[Throw dll injection][27/06/2025 16:35:30][WildStr][cmd.exe]

[Throw dll injection][27/06/2025 16:35:30][WildStr][conhost.exe]

[Throw dll injection][27/06/2025 16:35:30][WildStr][powershell.exe]

[Throw dll injection][27/06/2025 16:35:30][WildStr][conhost.exe]

[Throw dll injection][27/06/2025 16:35:30][WildStr][conhost.exe]

[Throw dll injection][27/06/2025 16:35:30][WildStr][powershell.exe]

[Throw dll injection][27/06/2025 16:35:30][WildStr][svchost.exe]

[Throw dll injection][27/06/2025 16:35:30][WildStr][TextInputHost.exe]

[Throw dll injection][27/06/2025 16:35:30][WildStr][Code.exe]

[Throw dll injection][27/06/2025 16:35:30][WildStr][svchost.exe]

[Throw dll injection][27/06/2025 16:35:30][WildStr][cpptools.exe]

[Throw dll injection][27/06/2025 16:35:30][WildStr][svchost.exe]

[Throw dll injection][27/06/2025 16:35:30][WildStr][conhost.exe]

[Throw dll injection][27/06/2025 16:35:30][WildStr][cpptools.exe]

[Throw dll injection][27/06/2025 16:35:30][WildStr][svchost.exe]

[Throw dll injection][27/06/2025 16:35:30][WildStr][ApplicationFrameHost.exe]

[Throw dll injection][27/06/2025 16:35:30][WildStr][SystemSettings.exe]

[Throw dll injection][27/06/2025 16:35:30][WildStr][svchost.exe]

[Throw dll injection][27/06/2025 16:35:30][WildStr][UserOOBEBroker.exe]

[Throw dll injection][27/06/2025 16:35:30][WildStr][SearchApp.exe]

[Throw dll injection][27/06/2025 16:35:30][WildStr][svchost.exe]

[Throw dll injection][27/06/2025 16:35:30][WildStr][msedgewebview2.exe]

[Throw dll injection][27/06/2025 16:35:30][WildStr][powershell.exe]

[Throw dll injection][27/06/2025 16:35:30][WildStr][msedgewebview2.exe]

[Throw dll injection][27/06/2025 16:35:30][WildStr][msedgewebview2.exe]

[Throw dll injection][27/06/2025 16:35:30][WildStr][Code.exe]

[Throw dll injection][27/06/2025 16:35:30][WildStr][msedgewebview2.exe]

[Throw dll injection][27/06/2025 16:35:30][WildStr][msedgewebview2.exe]

[Throw dll injection][27/06/2025 16:35:30][WildStr][Code.exe]

[Throw dll injection][27/06/2025 16:35:30][WildStr][msedgewebview2.exe]

[Throw dll injection][27/06/2025 16:35:30][WildStr][FileCoAuth.exe]

[Throw dll injection][27/06/2025 16:35:30][WildStr][Code.exe]

[Throw dll injection][27/06/2025 16:35:30][WildStr][svchost.exe]

[Throw dll injection][27/06/2025 16:35:30][WildStr][Code.exe]

[Throw dll injection][27/06/2025 16:35:30][WildStr][msedge.exe]

[Throw dll injection][27/06/2025 16:35:30][WildStr][msedge.exe]

[Throw dll injection][27/06/2025 16:35:30][WildStr][Code.exe]

[Throw dll injection][27/06/2025 16:35:30][WildStr][msedge.exe]

[Throw dll injection][27/06/2025 16:35:30][WildStr][Code.exe]

[Throw dll injection][27/06/2025 16:35:30][WildStr][msedge.exe]

[Throw dll injection][27/06/2025 16:35:30][WildStr][Code.exe]

[Throw dll injection][27/06/2025 16:35:30][WildStr][msedge.exe]

[Throw dll injection][27/06/2025 16:35:30][WildStr][svchost.exe]

[Throw dll injection][27/06/2025 16:35:30][WildStr][Code.exe]

[Throw dll injection][27/06/2025 16:35:30][WildStr][svchost.exe]

[Throw dll injection][27/06/2025 16:35:30][WildStr][svchost.exe]

[Throw dll injection][27/06/2025 16:35:30][WildStr][Code.exe]

[Throw dll injection][27/06/2025 16:35:30][WildStr][dllhost.exe]

[Throw dll injection][27/06/2025 16:35:30][WildStr][conhost.exe]

[Throw dll injection][27/06/2025 16:35:30][WildStr][ShellExperienceHost.exe]

[Throw dll injection][27/06/2025 16:35:30][WildStr][RuntimeBroker.exe]

[Throw dll injection][27/06/2025 16:35:30][WildStr][powershell.exe]

[Throw dll injection][27/06/2025 16:35:30][WildStr][vctip.exe]

[Throw dll injection][27/06/2025 16:35:30][WildStr][conhost.exe]

[Throw dll injection][27/06/2025 16:35:30][WildStr][cpptools-srv.exe]

[Throw dll injection][27/06/2025 16:35:30][WildStr][conhost.exe]

[Throw dll injection][27/06/2025 16:35:30][WildStr][powershell.exe]

[Throw dll injection][27/06/2025 16:35:30][WildStr][cpptools-srv.exe]

[Throw dll injection][27/06/2025 16:35:30][WildStr][TextInputHost.exe]

[Throw dll injection][27/06/2025 16:35:30][WildStr][conhost.exe]

[Throw dll injection][27/06/2025 16:35:30][WildStr][Code.exe]

[Throw dll injection][27/06/2025 16:35:30][WildStr][svchost.exe]

[Throw dll injection][27/06/2025 16:35:30][WildStr][Taskmgr.exe]

[Throw dll injection][27/06/2025 16:35:30][WildStr][cpptools.exe]

[Throw dll injection][27/06/2025 16:35:30][WildStr][test.exe]

[Throw dll injection][27/06/2025 16:35:30][WildStr][conhost.exe]

[Throw dll injection][27/06/2025 16:35:30][Str][SystemTimeOfDayInformation]

[Throw dll injection][27/06/2025 16:35:30][WildStr][cpptools.exe]

[Throw dll injection][27/06/2025 16:35:30][WildStr][ApplicationFrameHost.exe]

[Throw dll injection][27/06/2025 16:35:30][WildStr][SystemSettings.exe]

[Throw dll injection][27/06/2025 16:35:30][WildStr][UserOOBEBroker.exe]

[Throw dll injection][27/06/2025 16:35:30][WildStr][SearchApp.exe]

[Throw dll injection][27/06/2025 16:35:30][WildStr][msedgewebview2.exe]

[Throw dll injection][27/06/2025 16:35:30][WildStr][msedgewebview2.exe]

[Throw dll injection][27/06/2025 16:35:30][WildStr][msedgewebview2.exe]

[Throw dll injection][27/06/2025 16:35:30][WildStr][msedgewebview2.exe]

[Throw dll injection][27/06/2025 16:35:30][WildStr][msedgewebview2.exe]

[Throw dll injection][27/06/2025 16:35:30][WildStr][msedgewebview2.exe]

[Throw dll injection][27/06/2025 16:35:30][WildStr][FileCoAuth.exe]

[Throw dll injection][27/06/2025 16:35:30][WildStr][svchost.exe]

[Throw dll injection][27/06/2025 16:35:30][WildStr][msedge.exe]

[Throw dll injection][27/06/2025 16:35:30][WildStr][msedge.exe]

[Throw dll injection][27/06/2025 16:35:30][WildStr][msedge.exe]

[Throw dll injection][27/06/2025 16:35:30][WildStr][msedge.exe]

[Throw dll injection][27/06/2025 16:35:30][WildStr][msedge.exe]

[Throw dll injection][27/06/2025 16:35:30][WildStr][svchost.exe]

[Throw dll injection][27/06/2025 16:35:30][WildStr][svchost.exe]

[Throw dll injection][27/06/2025 16:35:30][WildStr][svchost.exe]

[Throw dll injection][27/06/2025 16:35:30][WildStr][dllhost.exe]

[Throw dll injection][27/06/2025 16:35:30][WildStr][ShellExperienceHost.exe]

[Throw dll injection][27/06/2025 16:35:30][WildStr][RuntimeBroker.exe]

[Throw dll injection][27/06/2025 16:35:30][WildStr][vctip.exe]

[Throw dll injection][27/06/2025 16:35:30][WildStr][cpptools-srv.exe]

[Throw dll injection][27/06/2025 16:35:30][WildStr][conhost.exe]

[Throw dll injection][27/06/2025 16:35:30][WildStr][cpptools-srv.exe]

[Throw dll injection][27/06/2025 16:35:30][WildStr][conhost.exe]

[Throw dll injection][27/06/2025 16:35:30][WildStr][svchost.exe]

[Throw dll injection][27/06/2025 16:35:30][WildStr][Taskmgr.exe]

[Throw dll injection][27/06/2025 16:35:30][WildStr][test.exe]

[Throw dll injection][27/06/2025 16:35:31][Str][OrigNtQuerySystemInformation failed: 0xC0000023
]

[Throw dll injection][27/06/2025 16:35:31][Str][Noinfo]

[Throw dll injection][27/06/2025 16:35:31][Str][Noinfo]

[Throw dll injection][27/06/2025 16:35:31][Str][Noinfo]

[Throw dll injection][27/06/2025 16:35:31][Str][SystemProcessInformation]

[Throw dll injection][27/06/2025 16:35:31][Str][SystemProcessInformation]

[Throw dll injection][27/06/2025 16:35:31][WildStr][System]

[Throw dll injection][27/06/2025 16:35:31][WildStr][Registry]

[Throw dll injection][27/06/2025 16:35:31][WildStr][System]

[Throw dll injection][27/06/2025 16:35:31][WildStr][smss.exe]

[Throw dll injection][27/06/2025 16:35:31][WildStr][csrss.exe]

[Throw dll injection][27/06/2025 16:35:31][WildStr][Registry]

[Throw dll injection][27/06/2025 16:35:31][WildStr][wininit.exe]

[Throw dll injection][27/06/2025 16:35:31][WildStr][smss.exe]

[Throw dll injection][27/06/2025 16:35:31][WildStr][csrss.exe]

[Throw dll injection][27/06/2025 16:35:31][WildStr][csrss.exe]

[Throw dll injection][27/06/2025 16:35:31][WildStr][winlogon.exe]

[Throw dll injection][27/06/2025 16:35:31][WildStr][wininit.exe]

[Throw dll injection][27/06/2025 16:35:31][WildStr][services.exe]

[Throw dll injection][27/06/2025 16:35:31][WildStr][csrss.exe]

[Throw dll injection][27/06/2025 16:35:31][WildStr][lsass.exe]

[Throw dll injection][27/06/2025 16:35:31][WildStr][winlogon.exe]

[Throw dll injection][27/06/2025 16:35:31][WildStr][svchost.exe]

[Throw dll injection][27/06/2025 16:35:31][WildStr][services.exe]

[Throw dll injection][27/06/2025 16:35:31][WildStr][fontdrvhost.exe]

[Throw dll injection][27/06/2025 16:35:31][WildStr][lsass.exe]

[Throw dll injection][27/06/2025 16:35:31][WildStr][fontdrvhost.exe]

[Throw dll injection][27/06/2025 16:35:31][WildStr][svchost.exe]

[Throw dll injection][27/06/2025 16:35:31][WildStr][svchost.exe]

[Throw dll injection][27/06/2025 16:35:31][WildStr][fontdrvhost.exe]

[Throw dll injection][27/06/2025 16:35:31][WildStr][svchost.exe]

[Throw dll injection][27/06/2025 16:35:31][WildStr][fontdrvhost.exe]

[Throw dll injection][27/06/2025 16:35:31][WildStr][dwm.exe]

[Throw dll injection][27/06/2025 16:35:31][WildStr][svchost.exe]

[Throw dll injection][27/06/2025 16:35:31][WildStr][svchost.exe]

[Throw dll injection][27/06/2025 16:35:31][WildStr][svchost.exe]

[Throw dll injection][27/06/2025 16:35:31][WildStr][svchost.exe]

[Throw dll injection][27/06/2025 16:35:31][WildStr][dwm.exe]

[Throw dll injection][27/06/2025 16:35:31][WildStr][svchost.exe]

[Throw dll injection][27/06/2025 16:35:31][WildStr][svchost.exe]

[Throw dll injection][27/06/2025 16:35:31][WildStr][svchost.exe]

[Throw dll injection][27/06/2025 16:35:31][WildStr][svchost.exe]

[Throw dll injection][27/06/2025 16:35:31][WildStr][svchost.exe]

[Throw dll injection][27/06/2025 16:35:31][WildStr][svchost.exe]

[Throw dll injection][27/06/2025 16:35:31][WildStr][svchost.exe]

[Throw dll injection][27/06/2025 16:35:31][WildStr][svchost.exe]

[Throw dll injection][27/06/2025 16:35:31][WildStr][svchost.exe]

[Throw dll injection][27/06/2025 16:35:31][WildStr][svchost.exe]

[Throw dll injection][27/06/2025 16:35:31][WildStr][svchost.exe]

[Throw dll injection][27/06/2025 16:35:31][WildStr][svchost.exe]

[Throw dll injection][27/06/2025 16:35:31][WildStr][svchost.exe]

[Throw dll injection][27/06/2025 16:35:31][WildStr][svchost.exe]

[Throw dll injection][27/06/2025 16:35:31][WildStr][svchost.exe]

[Throw dll injection][27/06/2025 16:35:31][WildStr][svchost.exe]

[Throw dll injection][27/06/2025 16:35:31][WildStr][svchost.exe]

[Throw dll injection][27/06/2025 16:35:31][WildStr][svchost.exe]

[Throw dll injection][27/06/2025 16:35:31][WildStr][svchost.exe]

[Throw dll injection][27/06/2025 16:35:31][WildStr][svchost.exe]

[Throw dll injection][27/06/2025 16:35:31][WildStr][svchost.exe]

[Throw dll injection][27/06/2025 16:35:31][WildStr][svchost.exe]

[Throw dll injection][27/06/2025 16:35:31][WildStr][VBoxService.exe]

[Throw dll injection][27/06/2025 16:35:31][WildStr][svchost.exe]

[Throw dll injection][27/06/2025 16:35:31][WildStr][svchost.exe]

[Throw dll injection][27/06/2025 16:35:31][WildStr][svchost.exe]

[Throw dll injection][27/06/2025 16:35:31][WildStr][svchost.exe]

[Throw dll injection][27/06/2025 16:35:31][WildStr][VBoxService.exe]

[Throw dll injection][27/06/2025 16:35:31][WildStr][svchost.exe]

[Throw dll injection][27/06/2025 16:35:31][WildStr][svchost.exe]

[Throw dll injection][27/06/2025 16:35:31][WildStr][svchost.exe]

[Throw dll injection][27/06/2025 16:35:31][WildStr][svchost.exe]

[Throw dll injection][27/06/2025 16:35:31][WildStr][svchost.exe]

[Throw dll injection][27/06/2025 16:35:31][WildStr][svchost.exe]

[Throw dll injection][27/06/2025 16:35:31][WildStr][svchost.exe]

[Throw dll injection][27/06/2025 16:35:31][WildStr][svchost.exe]

[Throw dll injection][27/06/2025 16:35:31][WildStr][Memory Compression]

[Throw dll injection][27/06/2025 16:35:31][WildStr][svchost.exe]

[Throw dll injection][27/06/2025 16:35:31][WildStr][svchost.exe]

[Throw dll injection][27/06/2025 16:35:31][WildStr][svchost.exe]

[Throw dll injection][27/06/2025 16:35:31][WildStr][Memory Compression]

[Throw dll injection][27/06/2025 16:35:31][WildStr][svchost.exe]

[Throw dll injection][27/06/2025 16:35:31][WildStr][svchost.exe]

[Throw dll injection][27/06/2025 16:35:31][WildStr][svchost.exe]

[Throw dll injection][27/06/2025 16:35:31][WildStr][svchost.exe]

[Throw dll injection][27/06/2025 16:35:31][WildStr][svchost.exe]

[Throw dll injection][27/06/2025 16:35:31][WildStr][svchost.exe]

[Throw dll injection][27/06/2025 16:35:31][WildStr][svchost.exe]

[Throw dll injection][27/06/2025 16:35:31][WildStr][svchost.exe]

[Throw dll injection][27/06/2025 16:35:31][WildStr][svchost.exe]

[Throw dll injection][27/06/2025 16:35:31][WildStr][svchost.exe]

[Throw dll injection][27/06/2025 16:35:31][WildStr][svchost.exe]

[Throw dll injection][27/06/2025 16:35:31][WildStr][svchost.exe]

[Throw dll injection][27/06/2025 16:35:31][WildStr][spoolsv.exe]

[Throw dll injection][27/06/2025 16:35:31][WildStr][svchost.exe]

[Throw dll injection][27/06/2025 16:35:31][WildStr][svchost.exe]

[Throw dll injection][27/06/2025 16:35:31][WildStr][svchost.exe]

[Throw dll injection][27/06/2025 16:35:31][WildStr][svchost.exe]

[Throw dll injection][27/06/2025 16:35:31][WildStr][spoolsv.exe]

[Throw dll injection][27/06/2025 16:35:31][WildStr][svchost.exe]

[Throw dll injection][27/06/2025 16:35:31][WildStr][svchost.exe]

[Throw dll injection][27/06/2025 16:35:31][WildStr][svchost.exe]

[Throw dll injection][27/06/2025 16:35:31][WildStr][svchost.exe]

[Throw dll injection][27/06/2025 16:35:31][WildStr][ssh-agent.exe]

[Throw dll injection][27/06/2025 16:35:31][WildStr][svchost.exe]

[Throw dll injection][27/06/2025 16:35:31][WildStr][sshd.exe]

[Throw dll injection][27/06/2025 16:35:31][WildStr][svchost.exe]

[Throw dll injection][27/06/2025 16:35:31][WildStr][svchost.exe]

[Throw dll injection][27/06/2025 16:35:31][WildStr][ssh-agent.exe]

[Throw dll injection][27/06/2025 16:35:31][WildStr][svchost.exe]

[Throw dll injection][27/06/2025 16:35:31][WildStr][sshd.exe]

[Throw dll injection][27/06/2025 16:35:31][WildStr][svchost.exe]

[Throw dll injection][27/06/2025 16:35:31][WildStr][svchost.exe]

[Throw dll injection][27/06/2025 16:35:31][WildStr][svchost.exe]

[Throw dll injection][27/06/2025 16:35:31][WildStr][svchost.exe]

[Throw dll injection][27/06/2025 16:35:31][WildStr][svchost.exe]

[Throw dll injection][27/06/2025 16:35:31][WildStr][svchost.exe]

[Throw dll injection][27/06/2025 16:35:31][WildStr][svchost.exe]

[Throw dll injection][27/06/2025 16:35:31][WildStr][svchost.exe]

[Throw dll injection][27/06/2025 16:35:31][WildStr][svchost.exe]

[Throw dll injection][27/06/2025 16:35:31][WildStr][svchost.exe]

[Throw dll injection][27/06/2025 16:35:31][WildStr][svchost.exe]

[Throw dll injection][27/06/2025 16:35:31][WildStr][svchost.exe]

[Throw dll injection][27/06/2025 16:35:31][WildStr][svchost.exe]

[Throw dll injection][27/06/2025 16:35:31][WildStr][svchost.exe]

[Throw dll injection][27/06/2025 16:35:31][WildStr][MpDefenderCoreService.exe]

[Throw dll injection][27/06/2025 16:35:31][WildStr][svchost.exe]

[Throw dll injection][27/06/2025 16:35:31][WildStr][MsMpEng.exe]

[Throw dll injection][27/06/2025 16:35:31][WildStr][svchost.exe]

[Throw dll injection][27/06/2025 16:35:31][WildStr][SearchIndexer.exe]

[Throw dll injection][27/06/2025 16:35:31][WildStr][MpDefenderCoreService.exe]

[Throw dll injection][27/06/2025 16:35:31][WildStr][AggregatorHost.exe]

[Throw dll injection][27/06/2025 16:35:31][WildStr][MsMpEng.exe]

[Throw dll injection][27/06/2025 16:35:31][WildStr][dllhost.exe]

[Throw dll injection][27/06/2025 16:35:31][WildStr][SearchIndexer.exe]

[Throw dll injection][27/06/2025 16:35:31][WildStr][svchost.exe]

[Throw dll injection][27/06/2025 16:35:31][WildStr][AggregatorHost.exe]

[Throw dll injection][27/06/2025 16:35:31][WildStr][NisSrv.exe]

[Throw dll injection][27/06/2025 16:35:31][WildStr][dllhost.exe]

[Throw dll injection][27/06/2025 16:35:31][WildStr][sihost.exe]

[Throw dll injection][27/06/2025 16:35:31][WildStr][svchost.exe]

[Throw dll injection][27/06/2025 16:35:31][WildStr][svchost.exe]

[Throw dll injection][27/06/2025 16:35:31][WildStr][NisSrv.exe]

[Throw dll injection][27/06/2025 16:35:31][WildStr][svchost.exe]

[Throw dll injection][27/06/2025 16:35:31][WildStr][sihost.exe]

[Throw dll injection][27/06/2025 16:35:31][WildStr][taskhostw.exe]

[Throw dll injection][27/06/2025 16:35:31][WildStr][svchost.exe]

[Throw dll injection][27/06/2025 16:35:31][WildStr][MicrosoftEdgeUpdate.exe]

[Throw dll injection][27/06/2025 16:35:31][WildStr][svchost.exe]

[Throw dll injection][27/06/2025 16:35:31][WildStr][svchost.exe]

[Throw dll injection][27/06/2025 16:35:31][WildStr][taskhostw.exe]

[Throw dll injection][27/06/2025 16:35:31][WildStr][ctfmon.exe]

[Throw dll injection][27/06/2025 16:35:31][WildStr][MicrosoftEdgeUpdate.exe]

[Throw dll injection][27/06/2025 16:35:31][WildStr][svchost.exe]

[Throw dll injection][27/06/2025 16:35:31][WildStr][svchost.exe]

[Throw dll injection][27/06/2025 16:35:31][WildStr][svchost.exe]

[Throw dll injection][27/06/2025 16:35:31][WildStr][ctfmon.exe]

[Throw dll injection][27/06/2025 16:35:31][WildStr][explorer.exe]

[Throw dll injection][27/06/2025 16:35:31][WildStr][svchost.exe]

[Throw dll injection][27/06/2025 16:35:31][WildStr][svchost.exe]

[Throw dll injection][27/06/2025 16:35:31][WildStr][svchost.exe]

[Throw dll injection][27/06/2025 16:35:31][WildStr][StartMenuExperienceHost.exe]

[Throw dll injection][27/06/2025 16:35:31][WildStr][explorer.exe]

[Throw dll injection][27/06/2025 16:35:31][WildStr][RuntimeBroker.exe]

[Throw dll injection][27/06/2025 16:35:31][WildStr][svchost.exe]

[Throw dll injection][27/06/2025 16:35:31][WildStr][SearchApp.exe]

[Throw dll injection][27/06/2025 16:35:31][WildStr][StartMenuExperienceHost.exe]

[Throw dll injection][27/06/2025 16:35:31][WildStr][svchost.exe]

[Throw dll injection][27/06/2025 16:35:31][WildStr][RuntimeBroker.exe]

[Throw dll injection][27/06/2025 16:35:31][WildStr][RuntimeBroker.exe]

[Throw dll injection][27/06/2025 16:35:31][WildStr][SearchApp.exe]

[Throw dll injection][27/06/2025 16:35:31][WildStr][RuntimeBroker.exe]

[Throw dll injection][27/06/2025 16:35:31][WildStr][svchost.exe]

[Throw dll injection][27/06/2025 16:35:31][WildStr][RuntimeBroker.exe]

[Throw dll injection][27/06/2025 16:35:31][WildStr][SecurityHealthSystray.exe]

[Throw dll injection][27/06/2025 16:35:31][WildStr][RuntimeBroker.exe]

[Throw dll injection][27/06/2025 16:35:31][WildStr][SecurityHealthService.exe]

[Throw dll injection][27/06/2025 16:35:31][WildStr][svchost.exe]

[Throw dll injection][27/06/2025 16:35:31][WildStr][VBoxTray.exe]

[Throw dll injection][27/06/2025 16:35:31][WildStr][SecurityHealthSystray.exe]

[Throw dll injection][27/06/2025 16:35:31][WildStr][OneDrive.exe]

[Throw dll injection][27/06/2025 16:35:31][WildStr][SecurityHealthService.exe]

[Throw dll injection][27/06/2025 16:35:31][WildStr][cmd.exe]

[Throw dll injection][27/06/2025 16:35:31][WildStr][VBoxTray.exe]

[Throw dll injection][27/06/2025 16:35:31][WildStr][conhost.exe]

[Throw dll injection][27/06/2025 16:35:31][WildStr][OneDrive.exe]

[Throw dll injection][27/06/2025 16:35:31][WildStr][svchost.exe]

[Throw dll injection][27/06/2025 16:35:31][WildStr][cmd.exe]

[Throw dll injection][27/06/2025 16:35:31][WildStr][svchost.exe]

[Throw dll injection][27/06/2025 16:35:31][WildStr][conhost.exe]

[Throw dll injection][27/06/2025 16:35:31][WildStr][svchost.exe]

[Throw dll injection][27/06/2025 16:35:31][WildStr][svchost.exe]

[Throw dll injection][27/06/2025 16:35:31][WildStr][svchost.exe]

[Throw dll injection][27/06/2025 16:35:31][WildStr][svchost.exe]

[Throw dll injection][27/06/2025 16:35:31][WildStr][svchost.exe]

[Throw dll injection][27/06/2025 16:35:31][WildStr][svchost.exe]

[Throw dll injection][27/06/2025 16:35:31][WildStr][svchost.exe]

[Throw dll injection][27/06/2025 16:35:31][WildStr][powershell.exe]

[Throw dll injection][27/06/2025 16:35:31][WildStr][svchost.exe]

[Throw dll injection][27/06/2025 16:35:31][WildStr][Code.exe]

[Throw dll injection][27/06/2025 16:35:31][WildStr][svchost.exe]

[Throw dll injection][27/06/2025 16:35:31][WildStr][Code.exe]

[Throw dll injection][27/06/2025 16:35:31][WildStr][powershell.exe]

[Throw dll injection][27/06/2025 16:35:31][WildStr][Code.exe]

[Throw dll injection][27/06/2025 16:35:31][WildStr][Code.exe]

[Throw dll injection][27/06/2025 16:35:31][WildStr][Code.exe]

[Throw dll injection][27/06/2025 16:35:31][WildStr][Code.exe]

[Throw dll injection][27/06/2025 16:35:31][WildStr][Code.exe]

[Throw dll injection][27/06/2025 16:35:31][WildStr][Code.exe]

[Throw dll injection][27/06/2025 16:35:31][WildStr][Code.exe]

[Throw dll injection][27/06/2025 16:35:31][WildStr][Code.exe]

[Throw dll injection][27/06/2025 16:35:31][WildStr][Code.exe]

[Throw dll injection][27/06/2025 16:35:31][WildStr][Code.exe]

[Throw dll injection][27/06/2025 16:35:31][WildStr][Code.exe]

[Throw dll injection][27/06/2025 16:35:31][WildStr][Code.exe]

[Throw dll injection][27/06/2025 16:35:31][WildStr][conhost.exe]

[Throw dll injection][27/06/2025 16:35:31][WildStr][Code.exe]

[Throw dll injection][27/06/2025 16:35:31][WildStr][powershell.exe]

[Throw dll injection][27/06/2025 16:35:31][WildStr][Code.exe]

[Throw dll injection][27/06/2025 16:35:31][WildStr][conhost.exe]

[Throw dll injection][27/06/2025 16:35:31][WildStr][Code.exe]

[Throw dll injection][27/06/2025 16:35:31][WildStr][powershell.exe]

[Throw dll injection][27/06/2025 16:35:31][WildStr][conhost.exe]

[Throw dll injection][27/06/2025 16:35:31][WildStr][TextInputHost.exe]

[Throw dll injection][27/06/2025 16:35:31][WildStr][powershell.exe]

[Throw dll injection][27/06/2025 16:35:31][WildStr][Code.exe]

[Throw dll injection][27/06/2025 16:35:31][WildStr][conhost.exe]

[Throw dll injection][27/06/2025 16:35:31][WildStr][cpptools.exe]

[Throw dll injection][27/06/2025 16:35:31][WildStr][powershell.exe]

[Throw dll injection][27/06/2025 16:35:31][WildStr][conhost.exe]

[Throw dll injection][27/06/2025 16:35:31][WildStr][TextInputHost.exe]

[Throw dll injection][27/06/2025 16:35:31][WildStr][cpptools.exe]

[Throw dll injection][27/06/2025 16:35:31][WildStr][Code.exe]

[Throw dll injection][27/06/2025 16:35:31][WildStr][ApplicationFrameHost.exe]

[Throw dll injection][27/06/2025 16:35:31][WildStr][cpptools.exe]

[Throw dll injection][27/06/2025 16:35:31][WildStr][SystemSettings.exe]

[Throw dll injection][27/06/2025 16:35:31][WildStr][conhost.exe]

[Throw dll injection][27/06/2025 16:35:31][WildStr][UserOOBEBroker.exe]

[Throw dll injection][27/06/2025 16:35:31][WildStr][cpptools.exe]

[Throw dll injection][27/06/2025 16:35:31][WildStr][SearchApp.exe]

[Throw dll injection][27/06/2025 16:35:31][WildStr][ApplicationFrameHost.exe]

[Throw dll injection][27/06/2025 16:35:31][WildStr][msedgewebview2.exe]

[Throw dll injection][27/06/2025 16:35:31][WildStr][SystemSettings.exe]

[Throw dll injection][27/06/2025 16:35:31][WildStr][msedgewebview2.exe]

[Throw dll injection][27/06/2025 16:35:31][WildStr][UserOOBEBroker.exe]

[Throw dll injection][27/06/2025 16:35:31][WildStr][msedgewebview2.exe]

[Throw dll injection][27/06/2025 16:35:31][WildStr][SearchApp.exe]

[Throw dll injection][27/06/2025 16:35:31][WildStr][msedgewebview2.exe]

[Throw dll injection][27/06/2025 16:35:31][WildStr][msedgewebview2.exe]

[Throw dll injection][27/06/2025 16:35:31][WildStr][msedgewebview2.exe]

[Throw dll injection][27/06/2025 16:35:31][WildStr][msedgewebview2.exe]

[Throw dll injection][27/06/2025 16:35:31][WildStr][msedgewebview2.exe]

[Throw dll injection][27/06/2025 16:35:31][WildStr][msedgewebview2.exe]

[Throw dll injection][27/06/2025 16:35:31][WildStr][FileCoAuth.exe]

[Throw dll injection][27/06/2025 16:35:31][WildStr][msedgewebview2.exe]

[Throw dll injection][27/06/2025 16:35:31][WildStr][svchost.exe]

[Throw dll injection][27/06/2025 16:35:31][WildStr][msedgewebview2.exe]

[Throw dll injection][27/06/2025 16:35:31][WildStr][msedge.exe]

[Throw dll injection][27/06/2025 16:35:31][WildStr][msedgewebview2.exe]

[Throw dll injection][27/06/2025 16:35:31][WildStr][msedge.exe]

[Throw dll injection][27/06/2025 16:35:31][WildStr][FileCoAuth.exe]

[Throw dll injection][27/06/2025 16:35:31][WildStr][msedge.exe]

[Throw dll injection][27/06/2025 16:35:31][WildStr][svchost.exe]

[Throw dll injection][27/06/2025 16:35:31][WildStr][msedge.exe]

[Throw dll injection][27/06/2025 16:35:31][WildStr][msedge.exe]

[Throw dll injection][27/06/2025 16:35:31][WildStr][msedge.exe]

[Throw dll injection][27/06/2025 16:35:31][WildStr][msedge.exe]

[Throw dll injection][27/06/2025 16:35:31][WildStr][svchost.exe]

[Throw dll injection][27/06/2025 16:35:31][WildStr][msedge.exe]

[Throw dll injection][27/06/2025 16:35:31][WildStr][svchost.exe]

[Throw dll injection][27/06/2025 16:35:31][WildStr][msedge.exe]

[Throw dll injection][27/06/2025 16:35:31][WildStr][svchost.exe]

[Throw dll injection][27/06/2025 16:35:31][WildStr][msedge.exe]

[Throw dll injection][27/06/2025 16:35:31][WildStr][dllhost.exe]

[Throw dll injection][27/06/2025 16:35:31][WildStr][svchost.exe]

[Throw dll injection][27/06/2025 16:35:31][WildStr][ShellExperienceHost.exe]

[Throw dll injection][27/06/2025 16:35:31][WildStr][svchost.exe]

[Throw dll injection][27/06/2025 16:35:31][WildStr][RuntimeBroker.exe]

[Throw dll injection][27/06/2025 16:35:31][WildStr][svchost.exe]

[Throw dll injection][27/06/2025 16:35:31][WildStr][vctip.exe]

[Throw dll injection][27/06/2025 16:35:31][WildStr][dllhost.exe]

[Throw dll injection][27/06/2025 16:35:31][WildStr][cpptools-srv.exe]

[Throw dll injection][27/06/2025 16:35:31][WildStr][ShellExperienceHost.exe]

[Throw dll injection][27/06/2025 16:35:31][WildStr][conhost.exe]

[Throw dll injection][27/06/2025 16:35:31][WildStr][RuntimeBroker.exe]

[Throw dll injection][27/06/2025 16:35:31][WildStr][cpptools-srv.exe]

[Throw dll injection][27/06/2025 16:35:31][WildStr][vctip.exe]

[Throw dll injection][27/06/2025 16:35:31][WildStr][conhost.exe]

[Throw dll injection][27/06/2025 16:35:31][WildStr][cpptools-srv.exe]

[Throw dll injection][27/06/2025 16:35:31][WildStr][svchost.exe]

[Throw dll injection][27/06/2025 16:35:31][WildStr][conhost.exe]

[Throw dll injection][27/06/2025 16:35:31][WildStr][Taskmgr.exe]

[Throw dll injection][27/06/2025 16:35:31][WildStr][cpptools-srv.exe]

[Throw dll injection][27/06/2025 16:35:31][WildStr][test.exe]

[Throw dll injection][27/06/2025 16:35:31][WildStr][conhost.exe]

[Throw dll injection][27/06/2025 16:35:31][Str][SystemTimeOfDayInformation]

[Throw dll injection][27/06/2025 16:35:31][WildStr][svchost.exe]

[Throw dll injection][27/06/2025 16:35:31][WildStr][Taskmgr.exe]

[Throw dll injection][27/06/2025 16:35:31][WildStr][test.exe]

[Throw dll injection][27/06/2025 16:35:32][Str][OrigNtQuerySystemInformation failed: 0xC0000023
]

[Throw dll injection][27/06/2025 16:35:32][Str][Noinfo]

[Throw dll injection][27/06/2025 16:35:32][Str][Noinfo]

[Throw dll injection][27/06/2025 16:35:32][Str][Noinfo]

[Throw dll injection][27/06/2025 16:35:32][Str][SystemProcessInformation]

[Throw dll injection][27/06/2025 16:35:32][Str][SystemProcessInformation]

[Throw dll injection][27/06/2025 16:35:32][WildStr][System]

[Throw dll injection][27/06/2025 16:35:32][WildStr][System]

[Throw dll injection][27/06/2025 16:35:32][WildStr][Registry]

[Throw dll injection][27/06/2025 16:35:32][WildStr][Registry]

[Throw dll injection][27/06/2025 16:35:32][WildStr][smss.exe]

[Throw dll injection][27/06/2025 16:35:32][WildStr][smss.exe]

[Throw dll injection][27/06/2025 16:35:32][WildStr][csrss.exe]

[Throw dll injection][27/06/2025 16:35:32][WildStr][csrss.exe]

[Throw dll injection][27/06/2025 16:35:32][WildStr][wininit.exe]

[Throw dll injection][27/06/2025 16:35:32][WildStr][wininit.exe]

[Throw dll injection][27/06/2025 16:35:32][WildStr][csrss.exe]

[Throw dll injection][27/06/2025 16:35:32][WildStr][csrss.exe]

[Throw dll injection][27/06/2025 16:35:32][WildStr][winlogon.exe]

[Throw dll injection][27/06/2025 16:35:32][WildStr][winlogon.exe]

[Throw dll injection][27/06/2025 16:35:32][WildStr][services.exe]

[Throw dll injection][27/06/2025 16:35:32][WildStr][services.exe]

[Throw dll injection][27/06/2025 16:35:32][WildStr][lsass.exe]

[Throw dll injection][27/06/2025 16:35:32][WildStr][lsass.exe]

[Throw dll injection][27/06/2025 16:35:32][WildStr][svchost.exe]

[Throw dll injection][27/06/2025 16:35:32][WildStr][svchost.exe]

[Throw dll injection][27/06/2025 16:35:32][WildStr][fontdrvhost.exe]

[Throw dll injection][27/06/2025 16:35:32][WildStr][fontdrvhost.exe]

[Throw dll injection][27/06/2025 16:35:32][WildStr][fontdrvhost.exe]

[Throw dll injection][27/06/2025 16:35:32][WildStr][fontdrvhost.exe]

[Throw dll injection][27/06/2025 16:35:32][WildStr][svchost.exe]

[Throw dll injection][27/06/2025 16:35:32][WildStr][svchost.exe]

[Throw dll injection][27/06/2025 16:35:32][WildStr][svchost.exe]

[Throw dll injection][27/06/2025 16:35:32][WildStr][svchost.exe]

[Throw dll injection][27/06/2025 16:35:32][WildStr][dwm.exe]

[Throw dll injection][27/06/2025 16:35:32][WildStr][dwm.exe]

[Throw dll injection][27/06/2025 16:35:32][WildStr][svchost.exe]

[Throw dll injection][27/06/2025 16:35:32][WildStr][svchost.exe]

[Throw dll injection][27/06/2025 16:35:32][WildStr][svchost.exe]

[Throw dll injection][27/06/2025 16:35:32][WildStr][svchost.exe]

[Throw dll injection][27/06/2025 16:35:32][WildStr][svchost.exe]

[Throw dll injection][27/06/2025 16:35:32][WildStr][svchost.exe]

[Throw dll injection][27/06/2025 16:35:32][WildStr][svchost.exe]

[Throw dll injection][27/06/2025 16:35:32][WildStr][svchost.exe]

[Throw dll injection][27/06/2025 16:35:32][WildStr][svchost.exe]

[Throw dll injection][27/06/2025 16:35:32][WildStr][svchost.exe]

[Throw dll injection][27/06/2025 16:35:32][WildStr][svchost.exe]

[Throw dll injection][27/06/2025 16:35:32][WildStr][svchost.exe]

[Throw dll injection][27/06/2025 16:35:32][WildStr][svchost.exe]

[Throw dll injection][27/06/2025 16:35:32][WildStr][svchost.exe]

[Throw dll injection][27/06/2025 16:35:32][WildStr][svchost.exe]

[Throw dll injection][27/06/2025 16:35:32][WildStr][svchost.exe]

[Throw dll injection][27/06/2025 16:35:32][WildStr][svchost.exe]

[Throw dll injection][27/06/2025 16:35:32][WildStr][svchost.exe]

[Throw dll injection][27/06/2025 16:35:32][WildStr][svchost.exe]

[Throw dll injection][27/06/2025 16:35:32][WildStr][svchost.exe]

[Throw dll injection][27/06/2025 16:35:32][WildStr][svchost.exe]

[Throw dll injection][27/06/2025 16:35:32][WildStr][svchost.exe]

[Throw dll injection][27/06/2025 16:35:32][WildStr][svchost.exe]

[Throw dll injection][27/06/2025 16:35:32][WildStr][svchost.exe]

[Throw dll injection][27/06/2025 16:35:32][WildStr][svchost.exe]

[Throw dll injection][27/06/2025 16:35:32][WildStr][VBoxService.exe]

[Throw dll injection][27/06/2025 16:35:32][WildStr][VBoxService.exe]

[Throw dll injection][27/06/2025 16:35:32][WildStr][svchost.exe]

[Throw dll injection][27/06/2025 16:35:32][WildStr][svchost.exe]

[Throw dll injection][27/06/2025 16:35:32][WildStr][svchost.exe]

[Throw dll injection][27/06/2025 16:35:32][WildStr][svchost.exe]

[Throw dll injection][27/06/2025 16:35:32][WildStr][svchost.exe]

[Throw dll injection][27/06/2025 16:35:32][WildStr][svchost.exe]

[Throw dll injection][27/06/2025 16:35:32][WildStr][svchost.exe]

[Throw dll injection][27/06/2025 16:35:32][WildStr][svchost.exe]

[Throw dll injection][27/06/2025 16:35:32][WildStr][svchost.exe]

[Throw dll injection][27/06/2025 16:35:32][WildStr][svchost.exe]

[Throw dll injection][27/06/2025 16:35:32][WildStr][svchost.exe]

[Throw dll injection][27/06/2025 16:35:32][WildStr][svchost.exe]

[Throw dll injection][27/06/2025 16:35:32][WildStr][Memory Compression]

[Throw dll injection][27/06/2025 16:35:32][WildStr][Memory Compression]

[Throw dll injection][27/06/2025 16:35:32][WildStr][svchost.exe]

[Throw dll injection][27/06/2025 16:35:32][WildStr][svchost.exe]

[Throw dll injection][27/06/2025 16:35:32][WildStr][svchost.exe]

[Throw dll injection][27/06/2025 16:35:32][WildStr][svchost.exe]

[Throw dll injection][27/06/2025 16:35:32][WildStr][svchost.exe]

[Throw dll injection][27/06/2025 16:35:32][WildStr][svchost.exe]

[Throw dll injection][27/06/2025 16:35:32][WildStr][svchost.exe]

[Throw dll injection][27/06/2025 16:35:32][WildStr][svchost.exe]

[Throw dll injection][27/06/2025 16:35:32][WildStr][svchost.exe]

[Throw dll injection][27/06/2025 16:35:32][WildStr][svchost.exe]

[Throw dll injection][27/06/2025 16:35:32][WildStr][svchost.exe]

[Throw dll injection][27/06/2025 16:35:32][WildStr][svchost.exe]

[Throw dll injection][27/06/2025 16:35:32][WildStr][svchost.exe]

[Throw dll injection][27/06/2025 16:35:32][WildStr][svchost.exe]

[Throw dll injection][27/06/2025 16:35:32][WildStr][svchost.exe]

[Throw dll injection][27/06/2025 16:35:32][WildStr][svchost.exe]

[Throw dll injection][27/06/2025 16:35:32][WildStr][spoolsv.exe]

[Throw dll injection][27/06/2025 16:35:32][WildStr][spoolsv.exe]

[Throw dll injection][27/06/2025 16:35:32][WildStr][svchost.exe]

[Throw dll injection][27/06/2025 16:35:32][WildStr][svchost.exe]

[Throw dll injection][27/06/2025 16:35:32][WildStr][svchost.exe]

[Throw dll injection][27/06/2025 16:35:32][WildStr][svchost.exe]

[Throw dll injection][27/06/2025 16:35:32][WildStr][svchost.exe]

[Throw dll injection][27/06/2025 16:35:32][WildStr][svchost.exe]

[Throw dll injection][27/06/2025 16:35:32][WildStr][svchost.exe]

[Throw dll injection][27/06/2025 16:35:32][WildStr][svchost.exe]

[Throw dll injection][27/06/2025 16:35:32][WildStr][ssh-agent.exe]

[Throw dll injection][27/06/2025 16:35:32][WildStr][ssh-agent.exe]

[Throw dll injection][27/06/2025 16:35:32][WildStr][sshd.exe]

[Throw dll injection][27/06/2025 16:35:32][WildStr][sshd.exe]

[Throw dll injection][27/06/2025 16:35:32][WildStr][svchost.exe]

[Throw dll injection][27/06/2025 16:35:32][WildStr][svchost.exe]

[Throw dll injection][27/06/2025 16:35:32][WildStr][svchost.exe]

[Throw dll injection][27/06/2025 16:35:32][WildStr][svchost.exe]

[Throw dll injection][27/06/2025 16:35:32][WildStr][svchost.exe]

[Throw dll injection][27/06/2025 16:35:32][WildStr][svchost.exe]

[Throw dll injection][27/06/2025 16:35:32][WildStr][svchost.exe]

[Throw dll injection][27/06/2025 16:35:32][WildStr][svchost.exe]

[Throw dll injection][27/06/2025 16:35:32][WildStr][svchost.exe]

[Throw dll injection][27/06/2025 16:35:32][WildStr][svchost.exe]

[Throw dll injection][27/06/2025 16:35:32][WildStr][svchost.exe]

[Throw dll injection][27/06/2025 16:35:32][WildStr][svchost.exe]

[Throw dll injection][27/06/2025 16:35:32][WildStr][svchost.exe]

[Throw dll injection][27/06/2025 16:35:32][WildStr][svchost.exe]

[Throw dll injection][27/06/2025 16:35:32][WildStr][svchost.exe]

[Throw dll injection][27/06/2025 16:35:32][WildStr][svchost.exe]

[Throw dll injection][27/06/2025 16:35:32][WildStr][svchost.exe]

[Throw dll injection][27/06/2025 16:35:32][WildStr][svchost.exe]

[Throw dll injection][27/06/2025 16:35:32][WildStr][MpDefenderCoreService.exe]

[Throw dll injection][27/06/2025 16:35:32][WildStr][MpDefenderCoreService.exe]

[Throw dll injection][27/06/2025 16:35:32][WildStr][MsMpEng.exe]

[Throw dll injection][27/06/2025 16:35:32][WildStr][MsMpEng.exe]

[Throw dll injection][27/06/2025 16:35:32][WildStr][SearchIndexer.exe]

[Throw dll injection][27/06/2025 16:35:32][WildStr][SearchIndexer.exe]

[Throw dll injection][27/06/2025 16:35:32][WildStr][AggregatorHost.exe]

[Throw dll injection][27/06/2025 16:35:32][WildStr][AggregatorHost.exe]

[Throw dll injection][27/06/2025 16:35:32][WildStr][dllhost.exe]

[Throw dll injection][27/06/2025 16:35:32][WildStr][dllhost.exe]

[Throw dll injection][27/06/2025 16:35:32][WildStr][svchost.exe]

[Throw dll injection][27/06/2025 16:35:32][WildStr][svchost.exe]

[Throw dll injection][27/06/2025 16:35:32][WildStr][NisSrv.exe]

[Throw dll injection][27/06/2025 16:35:32][WildStr][NisSrv.exe]

[Throw dll injection][27/06/2025 16:35:32][WildStr][sihost.exe]

[Throw dll injection][27/06/2025 16:35:32][WildStr][sihost.exe]

[Throw dll injection][27/06/2025 16:35:32][WildStr][svchost.exe]

[Throw dll injection][27/06/2025 16:35:32][WildStr][svchost.exe]

[Throw dll injection][27/06/2025 16:35:32][WildStr][svchost.exe]

[Throw dll injection][27/06/2025 16:35:32][WildStr][svchost.exe]

[Throw dll injection][27/06/2025 16:35:32][WildStr][taskhostw.exe]

[Throw dll injection][27/06/2025 16:35:32][WildStr][taskhostw.exe]

[Throw dll injection][27/06/2025 16:35:32][WildStr][MicrosoftEdgeUpdate.exe]

[Throw dll injection][27/06/2025 16:35:32][WildStr][MicrosoftEdgeUpdate.exe]

[Throw dll injection][27/06/2025 16:35:32][WildStr][svchost.exe]

[Throw dll injection][27/06/2025 16:35:32][WildStr][svchost.exe]

[Throw dll injection][27/06/2025 16:35:32][WildStr][ctfmon.exe]

[Throw dll injection][27/06/2025 16:35:32][WildStr][ctfmon.exe]

[Throw dll injection][27/06/2025 16:35:32][WildStr][svchost.exe]

[Throw dll injection][27/06/2025 16:35:32][WildStr][svchost.exe]

[Throw dll injection][27/06/2025 16:35:32][WildStr][svchost.exe]

[Throw dll injection][27/06/2025 16:35:32][WildStr][svchost.exe]

[Throw dll injection][27/06/2025 16:35:32][WildStr][explorer.exe]

[Throw dll injection][27/06/2025 16:35:32][WildStr][explorer.exe]

[Throw dll injection][27/06/2025 16:35:32][WildStr][svchost.exe]

[Throw dll injection][27/06/2025 16:35:32][WildStr][svchost.exe]

[Throw dll injection][27/06/2025 16:35:32][WildStr][StartMenuExperienceHost.exe]

[Throw dll injection][27/06/2025 16:35:32][WildStr][StartMenuExperienceHost.exe]

[Throw dll injection][27/06/2025 16:35:32][WildStr][RuntimeBroker.exe]

[Throw dll injection][27/06/2025 16:35:32][WildStr][RuntimeBroker.exe]

[Throw dll injection][27/06/2025 16:35:32][WildStr][SearchApp.exe]

[Throw dll injection][27/06/2025 16:35:32][WildStr][SearchApp.exe]

[Throw dll injection][27/06/2025 16:35:32][WildStr][svchost.exe]

[Throw dll injection][27/06/2025 16:35:32][WildStr][svchost.exe]

[Throw dll injection][27/06/2025 16:35:32][WildStr][RuntimeBroker.exe]

[Throw dll injection][27/06/2025 16:35:32][WildStr][RuntimeBroker.exe]

[Throw dll injection][27/06/2025 16:35:32][WildStr][RuntimeBroker.exe]

[Throw dll injection][27/06/2025 16:35:32][WildStr][RuntimeBroker.exe]

[Throw dll injection][27/06/2025 16:35:32][WildStr][svchost.exe]

[Throw dll injection][27/06/2025 16:35:32][WildStr][svchost.exe]

[Throw dll injection][27/06/2025 16:35:32][WildStr][SecurityHealthSystray.exe]

[Throw dll injection][27/06/2025 16:35:32][WildStr][SecurityHealthSystray.exe]

[Throw dll injection][27/06/2025 16:35:32][WildStr][SecurityHealthService.exe]

[Throw dll injection][27/06/2025 16:35:32][WildStr][SecurityHealthService.exe]

[Throw dll injection][27/06/2025 16:35:32][WildStr][VBoxTray.exe]

[Throw dll injection][27/06/2025 16:35:32][WildStr][VBoxTray.exe]

[Throw dll injection][27/06/2025 16:35:32][WildStr][OneDrive.exe]

[Throw dll injection][27/06/2025 16:35:32][WildStr][OneDrive.exe]

[Throw dll injection][27/06/2025 16:35:32][WildStr][cmd.exe]

[Throw dll injection][27/06/2025 16:35:32][WildStr][cmd.exe]

[Throw dll injection][27/06/2025 16:35:32][WildStr][conhost.exe]

[Throw dll injection][27/06/2025 16:35:32][WildStr][conhost.exe]

[Throw dll injection][27/06/2025 16:35:32][WildStr][svchost.exe]

[Throw dll injection][27/06/2025 16:35:32][WildStr][svchost.exe]

[Throw dll injection][27/06/2025 16:35:32][WildStr][svchost.exe]

[Throw dll injection][27/06/2025 16:35:32][WildStr][svchost.exe]

[Throw dll injection][27/06/2025 16:35:32][WildStr][svchost.exe]

[Throw dll injection][27/06/2025 16:35:32][WildStr][svchost.exe]

[Throw dll injection][27/06/2025 16:35:32][WildStr][svchost.exe]

[Throw dll injection][27/06/2025 16:35:32][WildStr][svchost.exe]

[Throw dll injection][27/06/2025 16:35:32][WildStr][svchost.exe]

[Throw dll injection][27/06/2025 16:35:32][WildStr][svchost.exe]

[Throw dll injection][27/06/2025 16:35:32][WildStr][svchost.exe]

[Throw dll injection][27/06/2025 16:35:32][WildStr][svchost.exe]

[Throw dll injection][27/06/2025 16:35:32][WildStr][powershell.exe]

[Throw dll injection][27/06/2025 16:35:32][WildStr][powershell.exe]

[Throw dll injection][27/06/2025 16:35:32][WildStr][Code.exe]

[Throw dll injection][27/06/2025 16:35:32][WildStr][Code.exe]

[Throw dll injection][27/06/2025 16:35:32][WildStr][Code.exe]

[Throw dll injection][27/06/2025 16:35:32][WildStr][Code.exe]

[Throw dll injection][27/06/2025 16:35:32][WildStr][Code.exe]

[Throw dll injection][27/06/2025 16:35:32][WildStr][Code.exe]

[Throw dll injection][27/06/2025 16:35:32][WildStr][Code.exe]

[Throw dll injection][27/06/2025 16:35:32][WildStr][Code.exe]

[Throw dll injection][27/06/2025 16:35:32][WildStr][Code.exe]

[Throw dll injection][27/06/2025 16:35:32][WildStr][Code.exe]

[Throw dll injection][27/06/2025 16:35:32][WildStr][Code.exe]

[Throw dll injection][27/06/2025 16:35:32][WildStr][Code.exe]

[Throw dll injection][27/06/2025 16:35:32][WildStr][Code.exe]

[Throw dll injection][27/06/2025 16:35:32][WildStr][Code.exe]

[Throw dll injection][27/06/2025 16:35:32][WildStr][Code.exe]

[Throw dll injection][27/06/2025 16:35:32][WildStr][Code.exe]

[Throw dll injection][27/06/2025 16:35:32][WildStr][Code.exe]

[Throw dll injection][27/06/2025 16:35:32][WildStr][conhost.exe]

[Throw dll injection][27/06/2025 16:35:32][WildStr][conhost.exe]

[Throw dll injection][27/06/2025 16:35:32][WildStr][powershell.exe]

[Throw dll injection][27/06/2025 16:35:32][WildStr][powershell.exe]

[Throw dll injection][27/06/2025 16:35:32][WildStr][conhost.exe]

[Throw dll injection][27/06/2025 16:35:32][WildStr][powershell.exe]

[Throw dll injection][27/06/2025 16:35:32][WildStr][powershell.exe]

[Throw dll injection][27/06/2025 16:35:32][WildStr][TextInputHost.exe]

[Throw dll injection][27/06/2025 16:35:32][WildStr][TextInputHost.exe]

[Throw dll injection][27/06/2025 16:35:32][WildStr][Code.exe]

[Throw dll injection][27/06/2025 16:35:32][WildStr][Code.exe]

[Throw dll injection][27/06/2025 16:35:32][WildStr][cpptools.exe]

[Throw dll injection][27/06/2025 16:35:32][WildStr][cpptools.exe]

[Throw dll injection][27/06/2025 16:35:32][WildStr][conhost.exe]

[Throw dll injection][27/06/2025 16:35:32][WildStr][conhost.exe]

[Throw dll injection][27/06/2025 16:35:32][WildStr][cpptools.exe]

[Throw dll injection][27/06/2025 16:35:32][WildStr][cpptools.exe]

[Throw dll injection][27/06/2025 16:35:32][WildStr][ApplicationFrameHost.exe]

[Throw dll injection][27/06/2025 16:35:32][WildStr][ApplicationFrameHost.exe]

[Throw dll injection][27/06/2025 16:35:32][WildStr][SystemSettings.exe]

[Throw dll injection][27/06/2025 16:35:32][WildStr][SystemSettings.exe]

[Throw dll injection][27/06/2025 16:35:32][WildStr][UserOOBEBroker.exe]

[Throw dll injection][27/06/2025 16:35:32][WildStr][UserOOBEBroker.exe]

[Throw dll injection][27/06/2025 16:35:32][WildStr][SearchApp.exe]

[Throw dll injection][27/06/2025 16:35:32][WildStr][SearchApp.exe]

[Throw dll injection][27/06/2025 16:35:32][WildStr][msedgewebview2.exe]

[Throw dll injection][27/06/2025 16:35:32][WildStr][msedgewebview2.exe]

[Throw dll injection][27/06/2025 16:35:32][WildStr][msedgewebview2.exe]

[Throw dll injection][27/06/2025 16:35:32][WildStr][msedgewebview2.exe]

[Throw dll injection][27/06/2025 16:35:32][WildStr][msedgewebview2.exe]

[Throw dll injection][27/06/2025 16:35:32][WildStr][msedgewebview2.exe]

[Throw dll injection][27/06/2025 16:35:32][WildStr][msedgewebview2.exe]

[Throw dll injection][27/06/2025 16:35:32][WildStr][msedgewebview2.exe]

[Throw dll injection][27/06/2025 16:35:32][WildStr][msedgewebview2.exe]

[Throw dll injection][27/06/2025 16:35:32][WildStr][msedgewebview2.exe]

[Throw dll injection][27/06/2025 16:35:32][WildStr][msedgewebview2.exe]

[Throw dll injection][27/06/2025 16:35:32][WildStr][FileCoAuth.exe]

[Throw dll injection][27/06/2025 16:35:32][WildStr][FileCoAuth.exe]

[Throw dll injection][27/06/2025 16:35:32][WildStr][svchost.exe]

[Throw dll injection][27/06/2025 16:35:32][WildStr][svchost.exe]

[Throw dll injection][27/06/2025 16:35:32][WildStr][msedge.exe]

[Throw dll injection][27/06/2025 16:35:32][WildStr][msedge.exe]

[Throw dll injection][27/06/2025 16:35:32][WildStr][msedge.exe]

[Throw dll injection][27/06/2025 16:35:32][WildStr][msedge.exe]

[Throw dll injection][27/06/2025 16:35:32][WildStr][msedge.exe]

[Throw dll injection][27/06/2025 16:35:32][WildStr][msedge.exe]

[Throw dll injection][27/06/2025 16:35:32][WildStr][msedge.exe]

[Throw dll injection][27/06/2025 16:35:32][WildStr][msedge.exe]

[Throw dll injection][27/06/2025 16:35:32][WildStr][msedge.exe]

[Throw dll injection][27/06/2025 16:35:32][WildStr][msedge.exe]

[Throw dll injection][27/06/2025 16:35:32][WildStr][svchost.exe]

[Throw dll injection][27/06/2025 16:35:32][WildStr][svchost.exe]

[Throw dll injection][27/06/2025 16:35:32][WildStr][svchost.exe]

[Throw dll injection][27/06/2025 16:35:32][WildStr][svchost.exe]

[Throw dll injection][27/06/2025 16:35:32][WildStr][svchost.exe]

[Throw dll injection][27/06/2025 16:35:32][WildStr][svchost.exe]

[Throw dll injection][27/06/2025 16:35:32][WildStr][dllhost.exe]

[Throw dll injection][27/06/2025 16:35:32][WildStr][dllhost.exe]

[Throw dll injection][27/06/2025 16:35:32][WildStr][ShellExperienceHost.exe]

[Throw dll injection][27/06/2025 16:35:32][WildStr][ShellExperienceHost.exe]

[Throw dll injection][27/06/2025 16:35:32][WildStr][RuntimeBroker.exe]

[Throw dll injection][27/06/2025 16:35:32][WildStr][RuntimeBroker.exe]

[Throw dll injection][27/06/2025 16:35:32][WildStr][vctip.exe]

[Throw dll injection][27/06/2025 16:35:32][WildStr][vctip.exe]

[Throw dll injection][27/06/2025 16:35:32][WildStr][cpptools-srv.exe]

[Throw dll injection][27/06/2025 16:35:32][WildStr][cpptools-srv.exe]

[Throw dll injection][27/06/2025 16:35:32][WildStr][conhost.exe]

[Throw dll injection][27/06/2025 16:35:32][WildStr][conhost.exe]

[Throw dll injection][27/06/2025 16:35:32][WildStr][cpptools-srv.exe]

[Throw dll injection][27/06/2025 16:35:32][WildStr][cpptools-srv.exe]

[Throw dll injection][27/06/2025 16:35:32][WildStr][conhost.exe]

[Throw dll injection][27/06/2025 16:35:32][WildStr][conhost.exe]

[Throw dll injection][27/06/2025 16:35:32][WildStr][svchost.exe]

[Throw dll injection][27/06/2025 16:35:32][WildStr][svchost.exe]

[Throw dll injection][27/06/2025 16:35:32][WildStr][Taskmgr.exe]

[Throw dll injection][27/06/2025 16:35:32][WildStr][Taskmgr.exe]

[Throw dll injection][27/06/2025 16:35:32][WildStr][test.exe]

[Throw dll injection][27/06/2025 16:35:32][WildStr][test.exe]

[Throw dll injection][27/06/2025 16:35:32][Str][SystemTimeOfDayInformation]

[Throw dll injection][27/06/2025 16:35:33][Str][OrigNtQuerySystemInformation failed: 0xC0000023
]

[Throw dll injection][27/06/2025 16:35:33][Str][Noinfo]

[Throw dll injection][27/06/2025 16:35:33][Str][Noinfo]

[Throw dll injection][27/06/2025 16:35:33][Str][Noinfo]

[Throw dll injection][27/06/2025 16:35:33][Str][SystemProcessInformation]

[Throw dll injection][27/06/2025 16:35:33][WildStr][System]

[Throw dll injection][27/06/2025 16:35:33][WildStr][System]

[Throw dll injection][27/06/2025 16:35:33][WildStr][Registry]

[Throw dll injection][27/06/2025 16:35:33][WildStr][Registry]

[Throw dll injection][27/06/2025 16:35:33][WildStr][smss.exe]

[Throw dll injection][27/06/2025 16:35:33][WildStr][smss.exe]

[Throw dll injection][27/06/2025 16:35:33][WildStr][csrss.exe]

[Throw dll injection][27/06/2025 16:35:33][WildStr][csrss.exe]

[Throw dll injection][27/06/2025 16:35:33][WildStr][wininit.exe]

[Throw dll injection][27/06/2025 16:35:33][WildStr][wininit.exe]

[Throw dll injection][27/06/2025 16:35:33][WildStr][csrss.exe]

[Throw dll injection][27/06/2025 16:35:33][WildStr][csrss.exe]

[Throw dll injection][27/06/2025 16:35:33][WildStr][winlogon.exe]

[Throw dll injection][27/06/2025 16:35:33][WildStr][winlogon.exe]

[Throw dll injection][27/06/2025 16:35:33][WildStr][services.exe]

[Throw dll injection][27/06/2025 16:35:33][WildStr][services.exe]

[Throw dll injection][27/06/2025 16:35:33][WildStr][lsass.exe]

[Throw dll injection][27/06/2025 16:35:33][WildStr][lsass.exe]

[Throw dll injection][27/06/2025 16:35:33][WildStr][svchost.exe]

[Throw dll injection][27/06/2025 16:35:33][WildStr][svchost.exe]

[Throw dll injection][27/06/2025 16:35:33][WildStr][fontdrvhost.exe]

[Throw dll injection][27/06/2025 16:35:33][WildStr][fontdrvhost.exe]

[Throw dll injection][27/06/2025 16:35:33][WildStr][fontdrvhost.exe]

[Throw dll injection][27/06/2025 16:35:33][WildStr][fontdrvhost.exe]

[Throw dll injection][27/06/2025 16:35:33][WildStr][svchost.exe]

[Throw dll injection][27/06/2025 16:35:33][WildStr][svchost.exe]

[Throw dll injection][27/06/2025 16:35:33][WildStr][svchost.exe]

[Throw dll injection][27/06/2025 16:35:33][WildStr][svchost.exe]

[Throw dll injection][27/06/2025 16:35:33][WildStr][dwm.exe]

[Throw dll injection][27/06/2025 16:35:33][WildStr][dwm.exe]

[Throw dll injection][27/06/2025 16:35:33][WildStr][svchost.exe]

[Throw dll injection][27/06/2025 16:35:33][WildStr][svchost.exe]

[Throw dll injection][27/06/2025 16:35:33][WildStr][svchost.exe]

[Throw dll injection][27/06/2025 16:35:33][WildStr][svchost.exe]

[Throw dll injection][27/06/2025 16:35:33][WildStr][svchost.exe]

[Throw dll injection][27/06/2025 16:35:33][WildStr][svchost.exe]

[Throw dll injection][27/06/2025 16:35:33][WildStr][svchost.exe]

[Throw dll injection][27/06/2025 16:35:33][WildStr][svchost.exe]

[Throw dll injection][27/06/2025 16:35:33][WildStr][svchost.exe]

[Throw dll injection][27/06/2025 16:35:33][WildStr][svchost.exe]

[Throw dll injection][27/06/2025 16:35:33][WildStr][svchost.exe]

[Throw dll injection][27/06/2025 16:35:33][WildStr][svchost.exe]

[Throw dll injection][27/06/2025 16:35:33][WildStr][svchost.exe]

[Throw dll injection][27/06/2025 16:35:33][WildStr][svchost.exe]

[Throw dll injection][27/06/2025 16:35:33][WildStr][svchost.exe]

[Throw dll injection][27/06/2025 16:35:33][WildStr][svchost.exe]

[Throw dll injection][27/06/2025 16:35:33][WildStr][svchost.exe]

[Throw dll injection][27/06/2025 16:35:33][WildStr][svchost.exe]

[Throw dll injection][27/06/2025 16:35:33][WildStr][svchost.exe]

[Throw dll injection][27/06/2025 16:35:33][WildStr][svchost.exe]

[Throw dll injection][27/06/2025 16:35:33][WildStr][svchost.exe]

[Throw dll injection][27/06/2025 16:35:33][WildStr][svchost.exe]

[Throw dll injection][27/06/2025 16:35:33][WildStr][svchost.exe]

[Throw dll injection][27/06/2025 16:35:33][WildStr][svchost.exe]

[Throw dll injection][27/06/2025 16:35:33][WildStr][VBoxService.exe]

[Throw dll injection][27/06/2025 16:35:33][WildStr][VBoxService.exe]

[Throw dll injection][27/06/2025 16:35:33][WildStr][svchost.exe]

[Throw dll injection][27/06/2025 16:35:33][WildStr][svchost.exe]

[Throw dll injection][27/06/2025 16:35:33][WildStr][svchost.exe]

[Throw dll injection][27/06/2025 16:35:33][WildStr][svchost.exe]

[Throw dll injection][27/06/2025 16:35:33][WildStr][svchost.exe]

[Throw dll injection][27/06/2025 16:35:33][WildStr][svchost.exe]

[Throw dll injection][27/06/2025 16:35:33][WildStr][svchost.exe]

[Throw dll injection][27/06/2025 16:35:33][WildStr][svchost.exe]

[Throw dll injection][27/06/2025 16:35:33][WildStr][svchost.exe]

[Throw dll injection][27/06/2025 16:35:33][WildStr][svchost.exe]

[Throw dll injection][27/06/2025 16:35:33][WildStr][svchost.exe]

[Throw dll injection][27/06/2025 16:35:33][WildStr][svchost.exe]

[Throw dll injection][27/06/2025 16:35:33][WildStr][Memory Compression]

[Throw dll injection][27/06/2025 16:35:33][WildStr][Memory Compression]

[Throw dll injection][27/06/2025 16:35:33][WildStr][svchost.exe]

[Throw dll injection][27/06/2025 16:35:33][WildStr][svchost.exe]

[Throw dll injection][27/06/2025 16:35:33][WildStr][svchost.exe]

[Throw dll injection][27/06/2025 16:35:33][WildStr][svchost.exe]

[Throw dll injection][27/06/2025 16:35:33][WildStr][svchost.exe]

[Throw dll injection][27/06/2025 16:35:33][WildStr][svchost.exe]

[Throw dll injection][27/06/2025 16:35:33][WildStr][svchost.exe]

[Throw dll injection][27/06/2025 16:35:33][WildStr][svchost.exe]

[Throw dll injection][27/06/2025 16:35:33][WildStr][svchost.exe]

[Throw dll injection][27/06/2025 16:35:33][WildStr][svchost.exe]

[Throw dll injection][27/06/2025 16:35:33][WildStr][svchost.exe]

[Throw dll injection][27/06/2025 16:35:33][WildStr][svchost.exe]

[Throw dll injection][27/06/2025 16:35:33][WildStr][svchost.exe]

[Throw dll injection][27/06/2025 16:35:33][WildStr][svchost.exe]

[Throw dll injection][27/06/2025 16:35:33][WildStr][svchost.exe]

[Throw dll injection][27/06/2025 16:35:33][WildStr][spoolsv.exe]

[Throw dll injection][27/06/2025 16:35:33][WildStr][spoolsv.exe]

[Throw dll injection][27/06/2025 16:35:33][WildStr][svchost.exe]

[Throw dll injection][27/06/2025 16:35:33][WildStr][svchost.exe]

[Throw dll injection][27/06/2025 16:35:33][WildStr][svchost.exe]

[Throw dll injection][27/06/2025 16:35:33][WildStr][svchost.exe]

[Throw dll injection][27/06/2025 16:35:33][WildStr][svchost.exe]

[Throw dll injection][27/06/2025 16:35:33][WildStr][svchost.exe]

[Throw dll injection][27/06/2025 16:35:33][WildStr][ssh-agent.exe]

[Throw dll injection][27/06/2025 16:35:33][WildStr][svchost.exe]

[Throw dll injection][27/06/2025 16:35:33][WildStr][sshd.exe]

[Throw dll injection][27/06/2025 16:35:33][WildStr][ssh-agent.exe]

[Throw dll injection][27/06/2025 16:35:33][WildStr][svchost.exe]

[Throw dll injection][27/06/2025 16:35:33][WildStr][sshd.exe]

[Throw dll injection][27/06/2025 16:35:33][WildStr][svchost.exe]

[Throw dll injection][27/06/2025 16:35:33][WildStr][svchost.exe]

[Throw dll injection][27/06/2025 16:35:33][WildStr][svchost.exe]

[Throw dll injection][27/06/2025 16:35:33][WildStr][svchost.exe]

[Throw dll injection][27/06/2025 16:35:33][WildStr][svchost.exe]

[Throw dll injection][27/06/2025 16:35:33][WildStr][svchost.exe]

[Throw dll injection][27/06/2025 16:35:33][WildStr][svchost.exe]

[Throw dll injection][27/06/2025 16:35:33][WildStr][svchost.exe]

[Throw dll injection][27/06/2025 16:35:33][WildStr][svchost.exe]

[Throw dll injection][27/06/2025 16:35:33][WildStr][svchost.exe]

[Throw dll injection][27/06/2025 16:35:33][WildStr][svchost.exe]

[Throw dll injection][27/06/2025 16:35:33][WildStr][svchost.exe]

[Throw dll injection][27/06/2025 16:35:33][WildStr][svchost.exe]

[Throw dll injection][27/06/2025 16:35:33][WildStr][svchost.exe]

[Throw dll injection][27/06/2025 16:35:33][WildStr][svchost.exe]

[Throw dll injection][27/06/2025 16:35:33][WildStr][MpDefenderCoreService.exe]

[Throw dll injection][27/06/2025 16:35:33][WildStr][svchost.exe]

[Throw dll injection][27/06/2025 16:35:33][WildStr][MsMpEng.exe]

[Throw dll injection][27/06/2025 16:35:33][WildStr][MpDefenderCoreService.exe]

[Throw dll injection][27/06/2025 16:35:33][WildStr][MsMpEng.exe]
exe]

[Throw dll injection][27/06/2025 16:35:33][WildStr][AggregatorHost.exe]

[Throw dll injection][27/06/2025 16:35:33][WildStr][SearchIndexer.exe]

[Throw dll injection][27/06/2025 16:35:33][WildStr][dllhost.exe]

[Throw dll injection][27/06/2025 16:35:33][WildStr][AggregatorHost.exe]

[Throw dll injection][27/06/2025 16:35:33][WildStr][svchost.exe]

[Throw dll injection][27/06/2025 16:35:33][WildStr][dllhost.exe]

[Throw dll injection][27/06/2025 16:35:33][WildStr][NisSrv.exe]

[Throw dll injection][27/06/2025 16:35:33][WildStr][svchost.exe]

[Throw dll injection][27/06/2025 16:35:33][WildStr][sihost.exe]

[Throw dll injection][27/06/2025 16:35:33][WildStr][NisSrv.exe]

[Throw dll injection][27/06/2025 16:35:33][WildStr][svchost.exe]

[Throw dll injection][27/06/2025 16:35:33][WildStr][sihost.exe]

[Throw dll injection][27/06/2025 16:35:33][WildStr][svchost.exe]

[Throw dll injection][27/06/2025 16:35:33][WildStr][svchost.exe]

[Throw dll injection][27/06/2025 16:35:33][WildStr][taskhostw.exe]

[Throw dll injection][27/06/2025 16:35:33][WildStr][svchost.exe]

[Throw dll injection][27/06/2025 16:35:33][WildStr][MicrosoftEdgeUpdate.exe]

[Throw dll injection][27/06/2025 16:35:33][WildStr][taskhostw.exe]

[Throw dll injection][27/06/2025 16:35:33][WildStr][svchost.exe]

[Throw dll injection][27/06/2025 16:35:33][WildStr][MicrosoftEdgeUpdate.exe]

[Throw dll injection][27/06/2025 16:35:33][WildStr][ctfmon.exe]

[Throw dll injection][27/06/2025 16:35:33][WildStr][svchost.exe]

[Throw dll injection][27/06/2025 16:35:33][WildStr][svchost.exe]

[Throw dll injection][27/06/2025 16:35:33][WildStr][ctfmon.exe]

[Throw dll injection][27/06/2025 16:35:33][WildStr][svchost.exe]

[Throw dll injection][27/06/2025 16:35:33][WildStr][svchost.exe]

[Throw dll injection][27/06/2025 16:35:33][WildStr][explorer.exe]

[Throw dll injection][27/06/2025 16:35:33][WildStr][svchost.exe]

[Throw dll injection][27/06/2025 16:35:33][WildStr][svchost.exe]

[Throw dll injection][27/06/2025 16:35:33][WildStr][explorer.exe]

[Throw dll injection][27/06/2025 16:35:33][WildStr][StartMenuExperienceHost.exe]

[Throw dll injection][27/06/2025 16:35:33][WildStr][svchost.exe]

[Throw dll injection][27/06/2025 16:35:33][WildStr][RuntimeBroker.exe]

[Throw dll injection][27/06/2025 16:35:33][WildStr][StartMenuExperienceHost.exe]

[Throw dll injection][27/06/2025 16:35:33][WildStr][SearchApp.exe]

[Throw dll injection][27/06/2025 16:35:33][WildStr][RuntimeBroker.exe]

[Throw dll injection][27/06/2025 16:35:33][WildStr][svchost.exe]

[Throw dll injection][27/06/2025 16:35:33][WildStr][SearchApp.exe]

[Throw dll injection][27/06/2025 16:35:33][WildStr][RuntimeBroker.exe]

[Throw dll injection][27/06/2025 16:35:33][WildStr][svchost.exe]

[Throw dll injection][27/06/2025 16:35:33][WildStr][RuntimeBroker.exe]

[Throw dll injection][27/06/2025 16:35:33][WildStr][RuntimeBroker.exe]

[Throw dll injection][27/06/2025 16:35:33][WildStr][svchost.exe]

[Throw dll injection][27/06/2025 16:35:33][WildStr][svchost.exe]

[Throw dll injection][27/06/2025 16:35:33][WildStr][SecurityHealthSystray.exe]

[Throw dll injection][27/06/2025 16:35:33][WildStr][SecurityHealthSystray.exe]

[Throw dll injection][27/06/2025 16:35:33][WildStr][SecurityHealthService.exe]

[Throw dll injection][27/06/2025 16:35:33][WildStr][SecurityHealthService.exe]

[Throw dll injection][27/06/2025 16:35:33][WildStr][VBoxTray.exe]

[Throw dll injection][27/06/2025 16:35:33][WildStr][VBoxTray.exe]

[Throw dll injection][27/06/2025 16:35:33][WildStr][OneDrive.exe]

[Throw dll injection][27/06/2025 16:35:33][WildStr][OneDrive.exe]

[Throw dll injection][27/06/2025 16:35:33][WildStr][cmd.exe]

[Throw dll injection][27/06/2025 16:35:33][WildStr][cmd.exe]

[Throw dll injection][27/06/2025 16:35:33][WildStr][conhost.exe]

[Throw dll injection][27/06/2025 16:35:33][WildStr][conhost.exe]

[Throw dll injection][27/06/2025 16:35:33][WildStr][svchost.exe]

[Throw dll injection][27/06/2025 16:35:33][WildStr][svchost.exe]

[Throw dll injection][27/06/2025 16:35:33][WildStr][svchost.exe]

[Throw dll injection][27/06/2025 16:35:33][WildStr][svchost.exe]

[Throw dll injection][27/06/2025 16:35:33][WildStr][svchost.exe]

[Throw dll injection][27/06/2025 16:35:33][WildStr][svchost.exe]

[Throw dll injection][27/06/2025 16:35:33][WildStr][svchost.exe]

[Throw dll injection][27/06/2025 16:35:33][WildStr][svchost.exe]

[Throw dll injection][27/06/2025 16:35:33][WildStr][svchost.exe]

[Throw dll injection][27/06/2025 16:35:33][WildStr][svchost.exe]

[Throw dll injection][27/06/2025 16:35:33][WildStr][svchost.exe]

[Throw dll injection][27/06/2025 16:35:33][WildStr][svchost.exe]

[Throw dll injection][27/06/2025 16:35:33][WildStr][powershell.exe]

[Throw dll injection][27/06/2025 16:35:33][WildStr][powershell.exe]

[Throw dll injection][27/06/2025 16:35:33][WildStr][Code.exe]

[Throw dll injection][27/06/2025 16:35:33][WildStr][Code.exe]

[Throw dll injection][27/06/2025 16:35:33][WildStr][Code.exe]

[Throw dll injection][27/06/2025 16:35:33][WildStr][Code.exe]

[Throw dll injection][27/06/2025 16:35:33][WildStr][Code.exe]

[Throw dll injection][27/06/2025 16:35:33][WildStr][Code.exe]

[Throw dll injection][27/06/2025 16:35:33][WildStr][Code.exe]

[Throw dll injection][27/06/2025 16:35:33][WildStr][Code.exe]

[Throw dll injection][27/06/2025 16:35:33][WildStr][Code.exe]

[Throw dll injection][27/06/2025 16:35:33][WildStr][Code.exe]

[Throw dll injection][27/06/2025 16:35:33][WildStr][Code.exe]

[Throw dll injection][27/06/2025 16:35:33][WildStr][Code.exe]

[Throw dll injection][27/06/2025 16:35:33][WildStr][Code.exe]

[Throw dll injection][27/06/2025 16:35:33][WildStr][Code.exe]

[Throw dll injection][27/06/2025 16:35:33][WildStr][Code.exe]

[Throw dll injection][27/06/2025 16:35:33][WildStr][Code.exe]

[Throw dll injection][27/06/2025 16:35:33][WildStr][Code.exe]

[Throw dll injection][27/06/2025 16:35:33][WildStr][Code.exe]

[Throw dll injection][27/06/2025 16:35:33][WildStr][conhost.exe]

[Throw dll injection][27/06/2025 16:35:33][WildStr][conhost.exe]

[Throw dll injection][27/06/2025 16:35:33][WildStr][powershell.exe]

[Throw dll injection][27/06/2025 16:35:33][WildStr][powershell.exe]

[Throw dll injection][27/06/2025 16:35:33][WildStr][conhost.exe]

[Throw dll injection][27/06/2025 16:35:33][WildStr][powershell.exe]

[Throw dll injection][27/06/2025 16:35:33][WildStr][powershell.exe]

[Throw dll injection][27/06/2025 16:35:33][WildStr][TextInputHost.exe]

[Throw dll injection][27/06/2025 16:35:33][WildStr][TextInputHost.exe]

[Throw dll injection][27/06/2025 16:35:33][WildStr][Code.exe]

[Throw dll injection][27/06/2025 16:35:33][WildStr][Code.exe]

[Throw dll injection][27/06/2025 16:35:33][WildStr][cpptools.exe]

[Throw dll injection][27/06/2025 16:35:33][WildStr][cpptools.exe]

[Throw dll injection][27/06/2025 16:35:33][WildStr][conhost.exe]

[Throw dll injection][27/06/2025 16:35:33][WildStr][conhost.exe]

[Throw dll injection][27/06/2025 16:35:33][WildStr][cpptools.exe]

[Throw dll injection][27/06/2025 16:35:33][WildStr][cpptools.exe]

[Throw dll injection][27/06/2025 16:35:33][WildStr][ApplicationFrameHost.exe]

[Throw dll injection][27/06/2025 16:35:33][WildStr][ApplicationFrameHost.exe]

[Throw dll injection][27/06/2025 16:35:33][WildStr][SystemSettings.exe]

[Throw dll injection][27/06/2025 16:35:33][WildStr][SystemSettings.exe]

[Throw dll injection][27/06/2025 16:35:33][WildStr][UserOOBEBroker.exe]

[Throw dll injection][27/06/2025 16:35:33][WildStr][UserOOBEBroker.exe]

[Throw dll injection][27/06/2025 16:35:33][WildStr][SearchApp.exe]

[Throw dll injection][27/06/2025 16:35:33][WildStr][SearchApp.exe]

[Throw dll injection][27/06/2025 16:35:33][WildStr][msedgewebview2.exe]

[Throw dll injection][27/06/2025 16:35:33][WildStr][msedgewebview2.exe]

[Throw dll injection][27/06/2025 16:35:33][WildStr][msedgewebview2.exe]

[Throw dll injection][27/06/2025 16:35:33][WildStr][msedgewebview2.exe]

[Throw dll injection][27/06/2025 16:35:33][WildStr][msedgewebview2.exe]

[Throw dll injection][27/06/2025 16:35:33][WildStr][msedgewebview2.exe]

[Throw dll injection][27/06/2025 16:35:33][WildStr][msedgewebview2.exe]

[Throw dll injection][27/06/2025 16:35:33][WildStr][msedgewebview2.exe]

[Throw dll injection][27/06/2025 16:35:33][WildStr][msedgewebview2.exe]

[Throw dll injection][27/06/2025 16:35:33][WildStr][msedgewebview2.exe]

[Throw dll injection][27/06/2025 16:35:33][WildStr][msedgewebview2.exe]

[Throw dll injection][27/06/2025 16:35:33][WildStr][msedgewebview2.exe]

[Throw dll injection][27/06/2025 16:35:33][WildStr][FileCoAuth.exe]

[Throw dll injection][27/06/2025 16:35:33][WildStr][FileCoAuth.exe]

[Throw dll injection][27/06/2025 16:35:33][WildStr][svchost.exe]

[Throw dll injection][27/06/2025 16:35:33][WildStr][svchost.exe]

[Throw dll injection][27/06/2025 16:35:33][WildStr][msedge.exe]

[Throw dll injection][27/06/2025 16:35:33][WildStr][msedge.exe]

[Throw dll injection][27/06/2025 16:35:33][WildStr][msedge.exe]

[Throw dll injection][27/06/2025 16:35:33][WildStr][msedge.exe]

[Throw dll injection][27/06/2025 16:35:33][WildStr][msedge.exe]

[Throw dll injection][27/06/2025 16:35:33][WildStr][msedge.exe]

[Throw dll injection][27/06/2025 16:35:33][WildStr][msedge.exe]

[Throw dll injection][27/06/2025 16:35:33][WildStr][msedge.exe]

[Throw dll injection][27/06/2025 16:35:33][WildStr][msedge.exe]

[Throw dll injection][27/06/2025 16:35:33][WildStr][msedge.exe]

[Throw dll injection][27/06/2025 16:35:33][WildStr][svchost.exe]

[Throw dll injection][27/06/2025 16:35:33][WildStr][svchost.exe]

[Throw dll injection][27/06/2025 16:35:33][WildStr][svchost.exe]

[Throw dll injection][27/06/2025 16:35:33][WildStr][svchost.exe]

[Throw dll injection][27/06/2025 16:35:33][WildStr][svchost.exe]

[Throw dll injection][27/06/2025 16:35:33][WildStr][svchost.exe]

[Throw dll injection][27/06/2025 16:35:33][WildStr][dllhost.exe]

[Throw dll injection][27/06/2025 16:35:33][WildStr][dllhost.exe]

[Throw dll injection][27/06/2025 16:35:33][WildStr][ShellExperienceHost.exe]

[Throw dll injection][27/06/2025 16:35:33][WildStr][ShellExperienceHost.exe]

[Throw dll injection][27/06/2025 16:35:33][WildStr][RuntimeBroker.exe]

[Throw dll injection][27/06/2025 16:35:33][WildStr][RuntimeBroker.exe]

[Throw dll injection][27/06/2025 16:35:33][WildStr][vctip.exe]

[Throw dll injection][27/06/2025 16:35:33][WildStr][vctip.exe]

[Throw dll injection][27/06/2025 16:35:33][WildStr][cpptools-srv.exe]

[Throw dll injection][27/06/2025 16:35:33][WildStr][cpptools-srv.exe]

[Throw dll injection][27/06/2025 16:35:33][WildStr][conhost.exe]

[Throw dll injection][27/06/2025 16:35:33][WildStr][conhost.exe]

[Throw dll injection][27/06/2025 16:35:33][WildStr][cpptools-srv.exe]

[Throw dll injection][27/06/2025 16:35:33][WildStr][cpptools-srv.exe]

[Throw dll injection][27/06/2025 16:35:33][WildStr][conhost.exe]

[Throw dll injection][27/06/2025 16:35:33][WildStr][svchost.exe]

[Throw dll injection][27/06/2025 16:35:33][WildStr][test.exe]
]

[Throw dll injection][27/06/2025 16:35:33][WildStr][test.exe]

[Throw dll injection][27/06/2025 16:35:33][Str][SystemTimeOfDayInformation]

[Throw dll injection][27/06/2025 16:35:34][Str][OrigNtQuerySystemInformation failed: 0xC0000023
]

[Throw dll injection][27/06/2025 16:35:34][Str][Noinfo]

[Throw dll injection][27/06/2025 16:35:34][Str][Noinfo]

[Throw dll injection][27/06/2025 16:35:34][Str][Noinfo]

[Throw dll injection][27/06/2025 16:35:34][Str][SystemProcessInformation]

[Throw dll injection][27/06/2025 16:35:34][Str][SystemProcessInformation]

[Throw dll injection][27/06/2025 16:35:34][WildStr][System]

[Throw dll injection][27/06/2025 16:35:34][WildStr][System]

[Throw dll injection][27/06/2025 16:35:34][WildStr][Registry]

[Throw dll injection][27/06/2025 16:35:34][WildStr][smss.exe]

[Throw dll injection][27/06/2025 16:35:34][WildStr][smss.exe]

[Throw dll injection][27/06/2025 16:35:34][WildStr][csrss.exe]

[Throw dll injection][27/06/2025 16:35:34][WildStr][csrss.exe]

[Throw dll injection][27/06/2025 16:35:34][WildStr][wininit.exe]

[Throw dll injection][27/06/2025 16:35:34][WildStr][wininit.exe]

[Throw dll injection][27/06/2025 16:35:34][WildStr][csrss.exe]

[Throw dll injection][27/06/2025 16:35:34][WildStr][csrss.exe]

[Throw dll injection][27/06/2025 16:35:34][WildStr][winlogon.exe]

[Throw dll injection][27/06/2025 16:35:34][WildStr][winlogon.exe]

[Throw dll injection][27/06/2025 16:35:34][WildStr][services.exe]

[Throw dll injection][27/06/2025 16:35:34][WildStr][services.exe]

[Throw dll injection][27/06/2025 16:35:34][WildStr][lsass.exe]

[Throw dll injection][27/06/2025 16:35:34][WildStr][lsass.exe]

[Throw dll injection][27/06/2025 16:35:34][WildStr][svchost.exe]

[Throw dll injection][27/06/2025 16:35:34][WildStr][svchost.exe]

[Throw dll injection][27/06/2025 16:35:34][WildStr][fontdrvhost.exe]

[Throw dll injection][27/06/2025 16:35:34][WildStr][fontdrvhost.exe]

[Throw dll injection][27/06/2025 16:35:34][WildStr][fontdrvhost.exe]

[Throw dll injection][27/06/2025 16:35:34][WildStr][fontdrvhost.exe]

[Throw dll injection][27/06/2025 16:35:34][WildStr][svchost.exe]

[Throw dll injection][27/06/2025 16:35:34][WildStr][svchost.exe]

[Throw dll injection][27/06/2025 16:35:34][WildStr][svchost.exe]

[Throw dll injection][27/06/2025 16:35:34][WildStr][svchost.exe]

[Throw dll injection][27/06/2025 16:35:34][WildStr][dwm.exe]

[Throw dll injection][27/06/2025 16:35:34][WildStr][dwm.exe]

[Throw dll injection][27/06/2025 16:35:34][WildStr][svchost.exe]

[Throw dll injection][27/06/2025 16:35:34][WildStr][svchost.exe]

[Throw dll injection][27/06/2025 16:35:34][WildStr][svchost.exe]

[Throw dll injection][27/06/2025 16:35:34][WildStr][svchost.exe]

[Throw dll injection][27/06/2025 16:35:34][WildStr][svchost.exe]

[Throw dll injection][27/06/2025 16:35:34][WildStr][svchost.exe]

[Throw dll injection][27/06/2025 16:35:34][WildStr][svchost.exe]

[Throw dll injection][27/06/2025 16:35:34][WildStr][svchost.exe]

[Throw dll injection][27/06/2025 16:35:34][WildStr][svchost.exe]

[Throw dll injection][27/06/2025 16:35:34][WildStr][svchost.exe]

[Throw dll injection][27/06/2025 16:35:34][WildStr][svchost.exe]

[Throw dll injection][27/06/2025 16:35:34][WildStr][svchost.exe]

[Throw dll injection][27/06/2025 16:35:34][WildStr][svchost.exe]

[Throw dll injection][27/06/2025 16:35:34][WildStr][svchost.exe]

[Throw dll injection][27/06/2025 16:35:34][WildStr][svchost.exe]

[Throw dll injection][27/06/2025 16:35:34][WildStr][svchost.exe]

[Throw dll injection][27/06/2025 16:35:34][WildStr][svchost.exe]

[Throw dll injection][27/06/2025 16:35:34][WildStr][svchost.exe]

[Throw dll injection][27/06/2025 16:35:34][WildStr][svchost.exe]

[Throw dll injection][27/06/2025 16:35:34][WildStr][svchost.exe]

[Throw dll injection][27/06/2025 16:35:34][WildStr][svchost.exe]

[Throw dll injection][27/06/2025 16:35:34][WildStr][svchost.exe]

[Throw dll injection][27/06/2025 16:35:34][WildStr][svchost.exe]

[Throw dll injection][27/06/2025 16:35:34][WildStr][svchost.exe]

[Throw dll injection][27/06/2025 16:35:34][WildStr][svchost.exe]

[Throw dll injection][27/06/2025 16:35:34][WildStr][VBoxService.exe]

[Throw dll injection][27/06/2025 16:35:34][WildStr][VBoxService.exe]

[Throw dll injection][27/06/2025 16:35:34][WildStr][svchost.exe]

[Throw dll injection][27/06/2025 16:35:34][WildStr][svchost.exe]

[Throw dll injection][27/06/2025 16:35:34][WildStr][svchost.exe]

[Throw dll injection][27/06/2025 16:35:34][WildStr][svchost.exe]

[Throw dll injection][27/06/2025 16:35:34][WildStr][svchost.exe]

[Throw dll injection][27/06/2025 16:35:34][WildStr][svchost.exe]

[Throw dll injection][27/06/2025 16:35:34][WildStr][svchost.exe]

[Throw dll injection][27/06/2025 16:35:34][WildStr][svchost.exe]

[Throw dll injection][27/06/2025 16:35:34][WildStr][svchost.exe]

[Throw dll injection][27/06/2025 16:35:34][WildStr][svchost.exe]

[Throw dll injection][27/06/2025 16:35:34][WildStr][svchost.exe]

[Throw dll injection][27/06/2025 16:35:34][WildStr][svchost.exe]

[Throw dll injection][27/06/2025 16:35:34][WildStr][Memory Compression]

[Throw dll injection][27/06/2025 16:35:34][WildStr][Memory Compression]

[Throw dll injection][27/06/2025 16:35:34][WildStr][svchost.exe]

[Throw dll injection][27/06/2025 16:35:34][WildStr][svchost.exe]

[Throw dll injection][27/06/2025 16:35:34][WildStr][svchost.exe]

[Throw dll injection][27/06/2025 16:35:34][WildStr][svchost.exe]

[Throw dll injection][27/06/2025 16:35:34][WildStr][svchost.exe]

[Throw dll injection][27/06/2025 16:35:34][WildStr][svchost.exe]

[Throw dll injection][27/06/2025 16:35:34][WildStr][svchost.exe]

[Throw dll injection][27/06/2025 16:35:34][WildStr][svchost.exe]

[Throw dll injection][27/06/2025 16:35:34][WildStr][svchost.exe]

[Throw dll injection][27/06/2025 16:35:34][WildStr][svchost.exe]

[Throw dll injection][27/06/2025 16:35:34][WildStr][svchost.exe]

[Throw dll injection][27/06/2025 16:35:34][WildStr][svchost.exe]

[Throw dll injection][27/06/2025 16:35:34][WildStr][svchost.exe]

[Throw dll injection][27/06/2025 16:35:34][WildStr][svchost.exe]

[Throw dll injection][27/06/2025 16:35:34][WildStr][svchost.exe]

[Throw dll injection][27/06/2025 16:35:34][WildStr][svchost.exe]

[Throw dll injection][27/06/2025 16:35:34][WildStr][spoolsv.exe]

[Throw dll injection][27/06/2025 16:35:34][WildStr][spoolsv.exe]

[Throw dll injection][27/06/2025 16:35:34][WildStr][svchost.exe]

[Throw dll injection][27/06/2025 16:35:34][WildStr][svchost.exe]

[Throw dll injection][27/06/2025 16:35:34][WildStr][svchost.exe]

[Throw dll injection][27/06/2025 16:35:34][WildStr][svchost.exe]

[Throw dll injection][27/06/2025 16:35:34][WildStr][svchost.exe]

[Throw dll injection][27/06/2025 16:35:34][WildStr][svchost.exe]

[Throw dll injection][27/06/2025 16:35:34][WildStr][svchost.exe]

[Throw dll injection][27/06/2025 16:35:34][WildStr][svchost.exe]

[Throw dll injection][27/06/2025 16:35:34][WildStr][ssh-agent.exe]

[Throw dll injection][27/06/2025 16:35:34][WildStr][ssh-agent.exe]

[Throw dll injection][27/06/2025 16:35:34][WildStr][sshd.exe]

[Throw dll injection][27/06/2025 16:35:34][WildStr][sshd.exe]

[Throw dll injection][27/06/2025 16:35:34][WildStr][svchost.exe]

[Throw dll injection][27/06/2025 16:35:34][WildStr][svchost.exe]

[Throw dll injection][27/06/2025 16:35:34][WildStr][svchost.exe]

[Throw dll injection][27/06/2025 16:35:34][WildStr][svchost.exe]

[Throw dll injection][27/06/2025 16:35:34][WildStr][svchost.exe]

[Throw dll injection][27/06/2025 16:35:34][WildStr][svchost.exe]

[Throw dll injection][27/06/2025 16:35:34][WildStr][svchost.exe]

[Throw dll injection][27/06/2025 16:35:34][WildStr][svchost.exe]

[Throw dll injection][27/06/2025 16:35:34][WildStr][svchost.exe]

[Throw dll injection][27/06/2025 16:35:34][WildStr][svchost.exe]

[Throw dll injection][27/06/2025 16:35:34][WildStr][svchost.exe]

[Throw dll injection][27/06/2025 16:35:34][WildStr][svchost.exe]

[Throw dll injection][27/06/2025 16:35:34][WildStr][svchost.exe]

[Throw dll injection][27/06/2025 16:35:34][WildStr][svchost.exe]

[Throw dll injection][27/06/2025 16:35:34][WildStr][svchost.exe]

[Throw dll injection][27/06/2025 16:35:34][WildStr][svchost.exe]

[Throw dll injection][27/06/2025 16:35:34][WildStr][svchost.exe]

[Throw dll injection][27/06/2025 16:35:34][WildStr][MpDefenderCoreService.exe]

[Throw dll injection][27/06/2025 16:35:34][WildStr][MpDefenderCoreService.exe]

[Throw dll injection][27/06/2025 16:35:34][WildStr][MsMpEng.exe]

[Throw dll injection][27/06/2025 16:35:34][WildStr][MsMpEng.exe]

[Throw dll injection][27/06/2025 16:35:34][WildStr][SearchIndexer.exe]

[Throw dll injection][27/06/2025 16:35:34][WildStr][SearchIndexer.exe]

[Throw dll injection][27/06/2025 16:35:34][WildStr][AggregatorHost.exe]

[Throw dll injection][27/06/2025 16:35:34][WildStr][AggregatorHost.exe]

[Throw dll injection][27/06/2025 16:35:34][WildStr][dllhost.exe]

[Throw dll injection][27/06/2025 16:35:34][WildStr][dllhost.exe]

[Throw dll injection][27/06/2025 16:35:34][WildStr][svchost.exe]

[Throw dll injection][27/06/2025 16:35:34][WildStr][svchost.exe]

[Throw dll injection][27/06/2025 16:35:34][WildStr][NisSrv.exe]

[Throw dll injection][27/06/2025 16:35:34][WildStr][NisSrv.exe]

[Throw dll injection][27/06/2025 16:35:34][WildStr][sihost.exe]

[Throw dll injection][27/06/2025 16:35:34][WildStr][sihost.exe]

[Throw dll injection][27/06/2025 16:35:34][WildStr][svchost.exe]

[Throw dll injection][27/06/2025 16:35:34][WildStr][svchost.exe]

[Throw dll injection][27/06/2025 16:35:34][WildStr][svchost.exe]

[Throw dll injection][27/06/2025 16:35:34][WildStr][svchost.exe]

[Throw dll injection][27/06/2025 16:35:34][WildStr][taskhostw.exe]

[Throw dll injection][27/06/2025 16:35:34][WildStr][taskhostw.exe]

[Throw dll injection][27/06/2025 16:35:34][WildStr][MicrosoftEdgeUpdate.exe]

[Throw dll injection][27/06/2025 16:35:34][WildStr][MicrosoftEdgeUpdate.exe]

[Throw dll injection][27/06/2025 16:35:34][WildStr][svchost.exe]

[Throw dll injection][27/06/2025 16:35:34][WildStr][svchost.exe]

[Throw dll injection][27/06/2025 16:35:34][WildStr][ctfmon.exe]

[Throw dll injection][27/06/2025 16:35:34][WildStr][ctfmon.exe]

[Throw dll injection][27/06/2025 16:35:34][WildStr][svchost.exe]

[Throw dll injection][27/06/2025 16:35:34][WildStr][svchost.exe]

[Throw dll injection][27/06/2025 16:35:34][WildStr][svchost.exe]

[Throw dll injection][27/06/2025 16:35:34][WildStr][svchost.exe]

[Throw dll injection][27/06/2025 16:35:34][WildStr][explorer.exe]

[Throw dll injection][27/06/2025 16:35:34][WildStr][explorer.exe]

[Throw dll injection][27/06/2025 16:35:34][WildStr][svchost.exe]

[Throw dll injection][27/06/2025 16:35:34][WildStr][svchost.exe]

[Throw dll injection][27/06/2025 16:35:34][WildStr][StartMenuExperienceHost.exe]

[Throw dll injection][27/06/2025 16:35:34][WildStr][StartMenuExperienceHost.exe]

[Throw dll injection][27/06/2025 16:35:34][WildStr][RuntimeBroker.exe]

[Throw dll injection][27/06/2025 16:35:34][WildStr][RuntimeBroker.exe]

[Throw dll injection][27/06/2025 16:35:34][WildStr][SearchApp.exe]

[Throw dll injection][27/06/2025 16:35:34][WildStr][SearchApp.exe]

[Throw dll injection][27/06/2025 16:35:34][WildStr][svchost.exe]

[Throw dll injection][27/06/2025 16:35:34][WildStr][svchost.exe]

[Throw dll injection][27/06/2025 16:35:34][WildStr][RuntimeBroker.exe]

[Throw dll injection][27/06/2025 16:35:34][WildStr][RuntimeBroker.exe]

[Throw dll injection][27/06/2025 16:35:34][WildStr][RuntimeBroker.exe]

[Throw dll injection][27/06/2025 16:35:34][WildStr][RuntimeBroker.exe]

[Throw dll injection][27/06/2025 16:35:34][WildStr][svchost.exe]

[Throw dll injection][27/06/2025 16:35:34][WildStr][svchost.exe]

[Throw dll injection][27/06/2025 16:35:34][WildStr][SecurityHealthSystray.exe]

[Throw dll injection][27/06/2025 16:35:34][WildStr][SecurityHealthSystray.exe]

[Throw dll injection][27/06/2025 16:35:34][WildStr][SecurityHealthService.exe]

[Throw dll injection][27/06/2025 16:35:34][WildStr][SecurityHealthService.exe]

[Throw dll injection][27/06/2025 16:35:34][WildStr][VBoxTray.exe]

[Throw dll injection][27/06/2025 16:35:34][WildStr][VBoxTray.exe]

[Throw dll injection][27/06/2025 16:35:34][WildStr][OneDrive.exe]

[Throw dll injection][27/06/2025 16:35:34][WildStr][OneDrive.exe]

[Throw dll injection][27/06/2025 16:35:34][WildStr][cmd.exe]

[Throw dll injection][27/06/2025 16:35:34][WildStr][cmd.exe]

[Throw dll injection][27/06/2025 16:35:34][WildStr][conhost.exe]

[Throw dll injection][27/06/2025 16:35:34][WildStr][conhost.exe]

[Throw dll injection][27/06/2025 16:35:34][WildStr][svchost.exe]

[Throw dll injection][27/06/2025 16:35:34][WildStr][svchost.exe]

[Throw dll injection][27/06/2025 16:35:34][WildStr][svchost.exe]

[Throw dll injection][27/06/2025 16:35:34][WildStr][svchost.exe]

[Throw dll injection][27/06/2025 16:35:34][WildStr][svchost.exe]

[Throw dll injection][27/06/2025 16:35:34][WildStr][svchost.exe]

[Throw dll injection][27/06/2025 16:35:34][WildStr][svchost.exe]

[Throw dll injection][27/06/2025 16:35:34][WildStr][svchost.exe]

[Throw dll injection][27/06/2025 16:35:34][WildStr][svchost.exe]

[Throw dll injection][27/06/2025 16:35:34][WildStr][svchost.exe]

[Throw dll injection][27/06/2025 16:35:34][WildStr][svchost.exe]

[Throw dll injection][27/06/2025 16:35:34][WildStr][powershell.exe]

[Throw dll injection][27/06/2025 16:35:34][WildStr][powershell.exe]

[Throw dll injection][27/06/2025 16:35:34][WildStr][Code.exe]

[Throw dll injection][27/06/2025 16:35:34][WildStr][Code.exe]

[Throw dll injection][27/06/2025 16:35:34][WildStr][Code.exe]

[Throw dll injection][27/06/2025 16:35:34][WildStr][Code.exe]

[Throw dll injection][27/06/2025 16:35:34][WildStr][Code.exe]

[Throw dll injection][27/06/2025 16:35:34][WildStr][Code.exe]

[Throw dll injection][27/06/2025 16:35:34][WildStr][Code.exe]

[Throw dll injection][27/06/2025 16:35:34][WildStr][Code.exe]

[Throw dll injection][27/06/2025 16:35:34][WildStr][Code.exe]

[Throw dll injection][27/06/2025 16:35:34][WildStr][Code.exe]

[Throw dll injection][27/06/2025 16:35:34][WildStr][Code.exe]

[Throw dll injection][27/06/2025 16:35:34][WildStr][Code.exe]

[Throw dll injection][27/06/2025 16:35:34][WildStr][Code.exe]

[Throw dll injection][27/06/2025 16:35:34][WildStr][Code.exe]

[Throw dll injection][27/06/2025 16:35:34][WildStr][Code.exe]

[Throw dll injection][27/06/2025 16:35:34][WildStr][Code.exe]

[Throw dll injection][27/06/2025 16:35:34][WildStr][Code.exe]

[Throw dll injection][27/06/2025 16:35:34][WildStr][Code.exe]

[Throw dll injection][27/06/2025 16:35:34][WildStr][conhost.exe]

[Throw dll injection][27/06/2025 16:35:34][WildStr][conhost.exe]

[Throw dll injection][27/06/2025 16:35:34][WildStr][powershell.exe]

[Throw dll injection][27/06/2025 16:35:34][WildStr][powershell.exe]

[Throw dll injection][27/06/2025 16:35:34][WildStr][conhost.exe]

[Throw dll injection][27/06/2025 16:35:34][WildStr][conhost.exe]

[Throw dll injection][27/06/2025 16:35:34][WildStr][powershell.exe]

[Throw dll injection][27/06/2025 16:35:34][WildStr][powershell.exe]

[Throw dll injection][27/06/2025 16:35:34][WildStr][TextInputHost.exe]

[Throw dll injection][27/06/2025 16:35:34][WildStr][TextInputHost.exe]

[Throw dll injection][27/06/2025 16:35:34][WildStr][Code.exe]

[Throw dll injection][27/06/2025 16:35:34][WildStr][Code.exe]

[Throw dll injection][27/06/2025 16:35:34][WildStr][cpptools.exe]

[Throw dll injection][27/06/2025 16:35:34][WildStr][cpptools.exe]

[Throw dll injection][27/06/2025 16:35:34][WildStr][conhost.exe]

[Throw dll injection][27/06/2025 16:35:34][WildStr][conhost.exe]

[Throw dll injection][27/06/2025 16:35:34][WildStr][cpptools.exe]

[Throw dll injection][27/06/2025 16:35:34][WildStr][cpptools.exe]

[Throw dll injection][27/06/2025 16:35:34][WildStr][ApplicationFrameHost.exe]

[Throw dll injection][27/06/2025 16:35:34][WildStr][ApplicationFrameHost.exe]

[Throw dll injection][27/06/2025 16:35:34][WildStr][SystemSettings.exe]

[Throw dll injection][27/06/2025 16:35:34][WildStr][SystemSettings.exe]

[Throw dll injection][27/06/2025 16:35:34][WildStr][UserOOBEBroker.exe]

[Throw dll injection][27/06/2025 16:35:34][WildStr][UserOOBEBroker.exe]

[Throw dll injection][27/06/2025 16:35:34][WildStr][SearchApp.exe]

[Throw dll injection][27/06/2025 16:35:34][WildStr][SearchApp.exe]

[Throw dll injection][27/06/2025 16:35:34][WildStr][msedgewebview2.exe]

[Throw dll injection][27/06/2025 16:35:34][WildStr][msedgewebview2.exe]

[Throw dll injection][27/06/2025 16:35:34][WildStr][msedgewebview2.exe]

[Throw dll injection][27/06/2025 16:35:34][WildStr][msedgewebview2.exe]

[Throw dll injection][27/06/2025 16:35:34][WildStr][msedgewebview2.exe]

[Throw dll injection][27/06/2025 16:35:34][WildStr][msedgewebview2.exe]

[Throw dll injection][27/06/2025 16:35:34][WildStr][msedgewebview2.exe]

[Throw dll injection][27/06/2025 16:35:34][WildStr][msedgewebview2.exe]

[Throw dll injection][27/06/2025 16:35:34][WildStr][msedgewebview2.exe]

[Throw dll injection][27/06/2025 16:35:34][WildStr][msedgewebview2.exe]

[Throw dll injection][27/06/2025 16:35:34][WildStr][msedgewebview2.exe]

[Throw dll injection][27/06/2025 16:35:34][WildStr][msedgewebview2.exe]

[Throw dll injection][27/06/2025 16:35:34][WildStr][FileCoAuth.exe]

[Throw dll injection][27/06/2025 16:35:34][WildStr][FileCoAuth.exe]

[Throw dll injection][27/06/2025 16:35:34][WildStr][svchost.exe]

[Throw dll injection][27/06/2025 16:35:34][WildStr][svchost.exe]

[Throw dll injection][27/06/2025 16:35:34][WildStr][msedge.exe]

[Throw dll injection][27/06/2025 16:35:34][WildStr][msedge.exe]

[Throw dll injection][27/06/2025 16:35:34][WildStr][msedge.exe]

[Throw dll injection][27/06/2025 16:35:34][WildStr][msedge.exe]

[Throw dll injection][27/06/2025 16:35:34][WildStr][msedge.exe]

[Throw dll injection][27/06/2025 16:35:34][WildStr][msedge.exe]

[Throw dll injection][27/06/2025 16:35:34][WildStr][msedge.exe]

[Throw dll injection][27/06/2025 16:35:34][WildStr][msedge.exe]

[Throw dll injection][27/06/2025 16:35:34][WildStr][msedge.exe]

[Throw dll injection][27/06/2025 16:35:34][WildStr][svchost.exe]

[Throw dll injection][27/06/2025 16:35:34][WildStr][svchost.exe]

[Throw dll injection][27/06/2025 16:35:34][WildStr][svchost.exe]

[Throw dll injection][27/06/2025 16:35:34][WildStr][svchost.exe]

[Throw dll injection][27/06/2025 16:35:34][WildStr][svchost.exe]

[Throw dll injection][27/06/2025 16:35:34][WildStr][svchost.exe]

[Throw dll injection][27/06/2025 16:35:34][WildStr][dllhost.exe]

[Throw dll injection][27/06/2025 16:35:34][WildStr][dllhost.exe]

[Throw dll injection][27/06/2025 16:35:34][WildStr][ShellExperienceHost.exe]

[Throw dll injection][27/06/2025 16:35:34][WildStr][ShellExperienceHost.exe]

[Throw dll injection][27/06/2025 16:35:34][WildStr][RuntimeBroker.exe]

[Throw dll injection][27/06/2025 16:35:34][WildStr][RuntimeBroker.exe]

[Throw dll injection][27/06/2025 16:35:34][WildStr][vctip.exe]

[Throw dll injection][27/06/2025 16:35:34][WildStr][vctip.exe]

[Throw dll injection][27/06/2025 16:35:34][WildStr][cpptools-srv.exe]

[Throw dll injection][27/06/2025 16:35:34][WildStr][cpptools-srv.exe]

[Throw dll injection][27/06/2025 16:35:34][WildStr][conhost.exe]

[Throw dll injection][27/06/2025 16:35:34][WildStr][conhost.exe]

[Throw dll injection][27/06/2025 16:35:34][WildStr][cpptools-srv.exe]

[Throw dll injection][27/06/2025 16:35:34][WildStr][cpptools-srv.exe]

[Throw dll injection][27/06/2025 16:35:34][WildStr][conhost.exe]

[Throw dll injection][27/06/2025 16:35:34][WildStr][conhost.exe]

[Throw dll injection][27/06/2025 16:35:34][WildStr][svchost.exe]

[Throw dll injection][27/06/2025 16:35:34][WildStr][svchost.exe]

[Throw dll injection][27/06/2025 16:35:34][WildStr][Taskmgr.exe]

[Throw dll injection][27/06/2025 16:35:34][WildStr][Taskmgr.exe]

[Throw dll injection][27/06/2025 16:35:34][WildStr][test.exe]

[Throw dll injection][27/06/2025 16:35:34][WildStr][test.exe]

[Throw dll injection][27/06/2025 16:35:34][Str][SystemTimeOfDayInformation]

[Throw dll injection][27/06/2025 16:35:35][Str][OrigNtQuerySystemInformation failed: 0xC0000023
]

[Throw dll injection][27/06/2025 16:35:35][Str][Noinfo]

[Throw dll injection][27/06/2025 16:35:35][Str][Noinfo]

[Throw dll injection][27/06/2025 16:35:35][Str][Noinfo]

[Throw dll injection][27/06/2025 16:35:35][Str][SystemProcessInformation]

[Throw dll injection][27/06/2025 16:35:35][Str][SystemProcessInformation]

[Throw dll injection][27/06/2025 16:35:35][WildStr][System]

[Throw dll injection][27/06/2025 16:35:35][WildStr][Registry]

[Throw dll injection][27/06/2025 16:35:35][WildStr][smss.exe]

[Throw dll injection][27/06/2025 16:35:35][WildStr][System]

[Throw dll injection][27/06/2025 16:35:35][WildStr][csrss.exe]

[Throw dll injection][27/06/2025 16:35:35][WildStr][wininit.exe]

[Throw dll injection][27/06/2025 16:35:35][WildStr][Registry]

[Throw dll injection][27/06/2025 16:35:35][WildStr][csrss.exe]

[Throw dll injection][27/06/2025 16:35:35][WildStr][winlogon.exe]

[Throw dll injection][27/06/2025 16:35:35][WildStr][smss.exe]

[Throw dll injection][27/06/2025 16:35:35][WildStr][services.exe]

[Throw dll injection][27/06/2025 16:35:35][WildStr][lsass.exe]

[Throw dll injection][27/06/2025 16:35:35][WildStr][csrss.exe]

[Throw dll injection][27/06/2025 16:35:35][WildStr][svchost.exe]

[Throw dll injection][27/06/2025 16:35:35][WildStr][fontdrvhost.exe]

[Throw dll injection][27/06/2025 16:35:35][WildStr][wininit.exe]

[Throw dll injection][27/06/2025 16:35:35][WildStr][fontdrvhost.exe]

[Throw dll injection][27/06/2025 16:35:35][WildStr][svchost.exe]

[Throw dll injection][27/06/2025 16:35:35][WildStr][csrss.exe]

[Throw dll injection][27/06/2025 16:35:35][WildStr][svchost.exe]

[Throw dll injection][27/06/2025 16:35:35][WildStr][dwm.exe]

[Throw dll injection][27/06/2025 16:35:35][WildStr][winlogon.exe]

[Throw dll injection][27/06/2025 16:35:35][WildStr][svchost.exe]

[Throw dll injection][27/06/2025 16:35:35][WildStr][svchost.exe]

[Throw dll injection][27/06/2025 16:35:35][WildStr][services.exe]

[Throw dll injection][27/06/2025 16:35:35][WildStr][svchost.exe]

[Throw dll injection][27/06/2025 16:35:35][WildStr][svchost.exe]

[Throw dll injection][27/06/2025 16:35:35][WildStr][lsass.exe]

[Throw dll injection][27/06/2025 16:35:35][WildStr][svchost.exe]

[Throw dll injection][27/06/2025 16:35:35][WildStr][svchost.exe]

[Throw dll injection][27/06/2025 16:35:35][WildStr][svchost.exe]

[Throw dll injection][27/06/2025 16:35:35][WildStr][svchost.exe]

[Throw dll injection][27/06/2025 16:35:35][WildStr][fontdrvhost.exe]

[Throw dll injection][27/06/2025 16:35:35][WildStr][svchost.exe]

[Throw dll injection][27/06/2025 16:35:35][WildStr][svchost.exe]

[Throw dll injection][27/06/2025 16:35:35][WildStr][fontdrvhost.exe]

[Throw dll injection][27/06/2025 16:35:35][WildStr][svchost.exe]

[Throw dll injection][27/06/2025 16:35:35][WildStr][svchost.exe]

[Throw dll injection][27/06/2025 16:35:35][WildStr][svchost.exe]

[Throw dll injection][27/06/2025 16:35:35][WildStr][svchost.exe]

[Throw dll injection][27/06/2025 16:35:35][WildStr][svchost.exe]

[Throw dll injection][27/06/2025 16:35:35][WildStr][svchost.exe]

[Throw dll injection][27/06/2025 16:35:35][WildStr][VBoxService.exe]

[Throw dll injection][27/06/2025 16:35:35][WildStr][dwm.exe]

[Throw dll injection][27/06/2025 16:35:35][WildStr][svchost.exe]

[Throw dll injection][27/06/2025 16:35:35][WildStr][svchost.exe]

[Throw dll injection][27/06/2025 16:35:35][WildStr][svchost.exe]

[Throw dll injection][27/06/2025 16:35:35][WildStr][svchost.exe]

[Throw dll injection][27/06/2025 16:35:35][WildStr][svchost.exe]

[Throw dll injection][27/06/2025 16:35:35][WildStr][svchost.exe]

[Throw dll injection][27/06/2025 16:35:35][WildStr][svchost.exe]

[Throw dll injection][27/06/2025 16:35:35][WildStr][svchost.exe]

[Throw dll injection][27/06/2025 16:35:35][WildStr][svchost.exe]

[Throw dll injection][27/06/2025 16:35:35][WildStr][Memory Compression]

[Throw dll injection][27/06/2025 16:35:35][WildStr][svchost.exe]

[Throw dll injection][27/06/2025 16:35:35][WildStr][svchost.exe]

[Throw dll injection][27/06/2025 16:35:35][WildStr][svchost.exe]

[Throw dll injection][27/06/2025 16:35:35][WildStr][svchost.exe]

[Throw dll injection][27/06/2025 16:35:35][WildStr][svchost.exe]

[Throw dll injection][27/06/2025 16:35:35][WildStr][svchost.exe]

[Throw dll injection][27/06/2025 16:35:35][WildStr][svchost.exe]

[Throw dll injection][27/06/2025 16:35:35][WildStr][svchost.exe]

[Throw dll injection][27/06/2025 16:35:35][WildStr][svchost.exe]

[Throw dll injection][27/06/2025 16:35:35][WildStr][svchost.exe]

[Throw dll injection][27/06/2025 16:35:35][WildStr][svchost.exe]

[Throw dll injection][27/06/2025 16:35:35][WildStr][svchost.exe]

[Throw dll injection][27/06/2025 16:35:35][WildStr][svchost.exe]

[Throw dll injection][27/06/2025 16:35:35][WildStr][svchost.exe]

[Throw dll injection][27/06/2025 16:35:35][WildStr][svchost.exe]

[Throw dll injection][27/06/2025 16:35:35][WildStr][svchost.exe]

[Throw dll injection][27/06/2025 16:35:35][WildStr][svchost.exe]

[Throw dll injection][27/06/2025 16:35:35][WildStr][spoolsv.exe]

[Throw dll injection][27/06/2025 16:35:35][WildStr][svchost.exe]

[Throw dll injection][27/06/2025 16:35:35][WildStr][svchost.exe]

[Throw dll injection][27/06/2025 16:35:35][WildStr][VBoxService.exe]

[Throw dll injection][27/06/2025 16:35:35][WildStr][svchost.exe]

[Throw dll injection][27/06/2025 16:35:35][WildStr][svchost.exe]

[Throw dll injection][27/06/2025 16:35:35][WildStr][svchost.exe]

[Throw dll injection][27/06/2025 16:35:35][WildStr][svchost.exe]

[Throw dll injection][27/06/2025 16:35:35][WildStr][svchost.exe]

[Throw dll injection][27/06/2025 16:35:35][WildStr][svchost.exe]

[Throw dll injection][27/06/2025 16:35:35][WildStr][ssh-agent.exe]

[Throw dll injection][27/06/2025 16:35:35][WildStr][svchost.exe]

[Throw dll injection][27/06/2025 16:35:35][WildStr][svchost.exe]

[Throw dll injection][27/06/2025 16:35:35][WildStr][sshd.exe]

[Throw dll injection][27/06/2025 16:35:35][WildStr][svchost.exe]

[Throw dll injection][27/06/2025 16:35:35][WildStr][Memory Compression]

[Throw dll injection][27/06/2025 16:35:35][WildStr][svchost.exe]

[Throw dll injection][27/06/2025 16:35:35][WildStr][svchost.exe]

[Throw dll injection][27/06/2025 16:35:35][WildStr][svchost.exe]

[Throw dll injection][27/06/2025 16:35:35][WildStr][svchost.exe]

[Throw dll injection][27/06/2025 16:35:35][WildStr][svchost.exe]

[Throw dll injection][27/06/2025 16:35:35][WildStr][svchost.exe]

[Throw dll injection][27/06/2025 16:35:35][WildStr][svchost.exe]

[Throw dll injection][27/06/2025 16:35:35][WildStr][svchost.exe]

[Throw dll injection][27/06/2025 16:35:35][WildStr][svchost.exe]

[Throw dll injection][27/06/2025 16:35:35][WildStr][svchost.exe]

[Throw dll injection][27/06/2025 16:35:35][WildStr][svchost.exe]

[Throw dll injection][27/06/2025 16:35:35][WildStr][svchost.exe]

[Throw dll injection][27/06/2025 16:35:35][WildStr][svchost.exe]

[Throw dll injection][27/06/2025 16:35:35][WildStr][svchost.exe]

[Throw dll injection][27/06/2025 16:35:35][WildStr][svchost.exe]

[Throw dll injection][27/06/2025 16:35:35][WildStr][MpDefenderCoreService.exe]

[Throw dll injection][27/06/2025 16:35:35][WildStr][svchost.exe]

[Throw dll injection][27/06/2025 16:35:35][WildStr][MsMpEng.exe]

[Throw dll injection][27/06/2025 16:35:35][WildStr][spoolsv.exe]

[Throw dll injection][27/06/2025 16:35:35][WildStr][svchost.exe]

[Throw dll injection][27/06/2025 16:35:35][WildStr][SearchIndexer.exe]

[Throw dll injection][27/06/2025 16:35:35][WildStr][svchost.exe]

[Throw dll injection][27/06/2025 16:35:35][WildStr][svchost.exe]
.exe]

[Throw dll injection][27/06/2025 16:35:35][WildStr][svchost.exe]

[Throw dll injection][27/06/2025 16:35:35][WildStr][dllhost.exe]

[Throw dll injection][27/06/2025 16:35:35][WildStr][ssh-agent.exe]

[Throw dll injection][27/06/2025 16:35:35][WildStr][svchost.exe]

[Throw dll injection][27/06/2025 16:35:35][WildStr][sshd.exe]

[Throw dll injection][27/06/2025 16:35:35][WildStr][NisSrv.exe]

[Throw dll injection][27/06/2025 16:35:35][WildStr][svchost.exe]

[Throw dll injection][27/06/2025 16:35:35][WildStr][sihost.exe]

[Throw dll injection][27/06/2025 16:35:35][WildStr][svchost.exe]

[Throw dll injection][27/06/2025 16:35:35][WildStr][svchost.exe]

[Throw dll injection][27/06/2025 16:35:35][WildStr][svchost.exe]

[Throw dll injection][27/06/2025 16:35:35][WildStr][svchost.exe]

[Throw dll injection][27/06/2025 16:35:35][WildStr][svchost.exe]

[Throw dll injection][27/06/2025 16:35:35][WildStr][taskhostw.exe]

[Throw dll injection][27/06/2025 16:35:35][WildStr][svchost.exe]

[Throw dll injection][27/06/2025 16:35:35][WildStr][MicrosoftEdgeUpdate.exe]

[Throw dll injection][27/06/2025 16:35:35][WildStr][svchost.exe]

[Throw dll injection][27/06/2025 16:35:35][WildStr][svchost.exe]

[Throw dll injection][27/06/2025 16:35:35][WildStr][svchost.exe]

[Throw dll injection][27/06/2025 16:35:35][WildStr][ctfmon.exe]

[Throw dll injection][27/06/2025 16:35:35][WildStr][svchost.exe]

[Throw dll injection][27/06/2025 16:35:35][WildStr][svchost.exe]

[Throw dll injection][27/06/2025 16:35:35][WildStr][MpDefenderCoreService.exe]

[Throw dll injection][27/06/2025 16:35:35][WildStr][svchost.exe]

[Throw dll injection][27/06/2025 16:35:35][WildStr][MsMpEng.exe]

[Throw dll injection][27/06/2025 16:35:35][WildStr][explorer.exe]

[Throw dll injection][27/06/2025 16:35:35][WildStr][SearchIndexer.exe]

[Throw dll injection][27/06/2025 16:35:35][WildStr][svchost.exe]

[Throw dll injection][27/06/2025 16:35:35][WildStr][AggregatorHost.exe]

[Throw dll injection][27/06/2025 16:35:35][WildStr][StartMenuExperienceHost.exe]

[Throw dll injection][27/06/2025 16:35:35][WildStr][dllhost.exe]

[Throw dll injection][27/06/2025 16:35:35][WildStr][RuntimeBroker.exe]

[Throw dll injection][27/06/2025 16:35:35][WildStr][svchost.exe]

[Throw dll injection][27/06/2025 16:35:35][WildStr][NisSrv.exe]

[Throw dll injection][27/06/2025 16:35:35][WildStr][SearchApp.exe]

[Throw dll injection][27/06/2025 16:35:35][WildStr][sihost.exe]

[Throw dll injection][27/06/2025 16:35:35][WildStr][svchost.exe]

[Throw dll injection][27/06/2025 16:35:35][WildStr][svchost.exe]

[Throw dll injection][27/06/2025 16:35:35][WildStr][RuntimeBroker.exe]

[Throw dll injection][27/06/2025 16:35:35][WildStr][svchost.exe]

[Throw dll injection][27/06/2025 16:35:35][WildStr][taskhostw.exe]
e]

[Throw dll injection][27/06/2025 16:35:35][WildStr][svchost.exe]

[Throw dll injection][27/06/2025 16:35:35][WildStr][MicrosoftEdgeUpdate.exe]

[Throw dll injection][27/06/2025 16:35:35][WildStr][SecurityHealthSystray.exe]

[Throw dll injection][27/06/2025 16:35:35][WildStr][svchost.exe]

[Throw dll injection][27/06/2025 16:35:35][WildStr][SecurityHealthService.exe]

[Throw dll injection][27/06/2025 16:35:35][WildStr][ctfmon.exe]

[Throw dll injection][27/06/2025 16:35:35][WildStr][VBoxTray.exe]

[Throw dll injection][27/06/2025 16:35:35][WildStr][svchost.exe]

[Throw dll injection][27/06/2025 16:35:35][WildStr][OneDrive.exe]

[Throw dll injection][27/06/2025 16:35:35][WildStr][svchost.exe]

[Throw dll injection][27/06/2025 16:35:35][WildStr][cmd.exe]

[Throw dll injection][27/06/2025 16:35:35][WildStr][explorer.exe]

[Throw dll injection][27/06/2025 16:35:35][WildStr][conhost.exe]

[Throw dll injection][27/06/2025 16:35:35][WildStr][svchost.exe]

[Throw dll injection][27/06/2025 16:35:35][WildStr][svchost.exe]

[Throw dll injection][27/06/2025 16:35:35][WildStr][StartMenuExperienceHost.exe]

[Throw dll injection][27/06/2025 16:35:35][WildStr][svchost.exe]

[Throw dll injection][27/06/2025 16:35:35][WildStr][RuntimeBroker.exe]

[Throw dll injection][27/06/2025 16:35:35][WildStr][svchost.exe]

[Throw dll injection][27/06/2025 16:35:35][WildStr][SearchApp.exe]

[Throw dll injection][27/06/2025 16:35:35][WildStr][svchost.exe]

[Throw dll injection][27/06/2025 16:35:35][WildStr][svchost.exe]

[Throw dll injection][27/06/2025 16:35:35][WildStr][svchost.exe]

[Throw dll injection][27/06/2025 16:35:35][WildStr][RuntimeBroker.exe]

[Throw dll injection][27/06/2025 16:35:35][WildStr][svchost.exe]

[Throw dll injection][27/06/2025 16:35:35][WildStr][RuntimeBroker.exe]

[Throw dll injection][27/06/2025 16:35:35][WildStr][powershell.exe]

[Throw dll injection][27/06/2025 16:35:35][WildStr][svchost.exe]

[Throw dll injection][27/06/2025 16:35:35][WildStr][Code.exe]

[Throw dll injection][27/06/2025 16:35:35][WildStr][SecurityHealthSystray.exe]

[Throw dll injection][27/06/2025 16:35:35][WildStr][Code.exe]

[Throw dll injection][27/06/2025 16:35:35][WildStr][SecurityHealthService.exe]

[Throw dll injection][27/06/2025 16:35:35][WildStr][Code.exe]

[Throw dll injection][27/06/2025 16:35:35][WildStr][VBoxTray.exe]

[Throw dll injection][27/06/2025 16:35:35][WildStr][Code.exe]

[Throw dll injection][27/06/2025 16:35:35][WildStr][OneDrive.exe]

[Throw dll injection][27/06/2025 16:35:35][WildStr][Code.exe]

[Throw dll injection][27/06/2025 16:35:35][WildStr][cmd.exe]

[Throw dll injection][27/06/2025 16:35:35][WildStr][Code.exe]

[Throw dll injection][27/06/2025 16:35:35][WildStr][conhost.exe]

[Throw dll injection][27/06/2025 16:35:35][WildStr][Code.exe]

[Throw dll injection][27/06/2025 16:35:35][WildStr][svchost.exe]

[Throw dll injection][27/06/2025 16:35:35][WildStr][Code.exe]

[Throw dll injection][27/06/2025 16:35:35][WildStr][svchost.exe]

[Throw dll injection][27/06/2025 16:35:35][WildStr][Code.exe]

[Throw dll injection][27/06/2025 16:35:35][WildStr][svchost.exe]

[Throw dll injection][27/06/2025 16:35:35][WildStr][conhost.exe]

[Throw dll injection][27/06/2025 16:35:35][WildStr][svchost.exe]

[Throw dll injection][27/06/2025 16:35:35][WildStr][powershell.exe]

[Throw dll injection][27/06/2025 16:35:35][WildStr][svchost.exe]

[Throw dll injection][27/06/2025 16:35:35][WildStr][conhost.exe]

[Throw dll injection][27/06/2025 16:35:35][WildStr][svchost.exe]

[Throw dll injection][27/06/2025 16:35:35][WildStr][powershell.exe]

[Throw dll injection][27/06/2025 16:35:35][WildStr][powershell.exe]

[Throw dll injection][27/06/2025 16:35:35][WildStr][TextInputHost.exe]

[Throw dll injection][27/06/2025 16:35:35][WildStr][Code.exe]

[Throw dll injection][27/06/2025 16:35:35][WildStr][Code.exe]

[Throw dll injection][27/06/2025 16:35:35][WildStr][Code.exe]

[Throw dll injection][27/06/2025 16:35:35][WildStr][cpptools.exe]

[Throw dll injection][27/06/2025 16:35:35][WildStr][Code.exe]

[Throw dll injection][27/06/2025 16:35:35][WildStr][conhost.exe]

[Throw dll injection][27/06/2025 16:35:35][WildStr][Code.exe]

[Throw dll injection][27/06/2025 16:35:35][WildStr][cpptools.exe]

[Throw dll injection][27/06/2025 16:35:35][WildStr][Code.exe]

[Throw dll injection][27/06/2025 16:35:35][WildStr][ApplicationFrameHost.exe]

[Throw dll injection][27/06/2025 16:35:35][WildStr][Code.exe]

[Throw dll injection][27/06/2025 16:35:35][WildStr][SystemSettings.exe]

[Throw dll injection][27/06/2025 16:35:35][WildStr][Code.exe]

[Throw dll injection][27/06/2025 16:35:35][WildStr][UserOOBEBroker.exe]

[Throw dll injection][27/06/2025 16:35:35][WildStr][Code.exe]

[Throw dll injection][27/06/2025 16:35:35][WildStr][SearchApp.exe]

[Throw dll injection][27/06/2025 16:35:35][WildStr][Code.exe]

[Throw dll injection][27/06/2025 16:35:35][WildStr][msedgewebview2.exe]

[Throw dll injection][27/06/2025 16:35:35][WildStr][conhost.exe]

[Throw dll injection][27/06/2025 16:35:35][WildStr][msedgewebview2.exe]

[Throw dll injection][27/06/2025 16:35:35][WildStr][powershell.exe]

[Throw dll injection][27/06/2025 16:35:35][WildStr][msedgewebview2.exe]

[Throw dll injection][27/06/2025 16:35:35][WildStr][conhost.exe]

[Throw dll injection][27/06/2025 16:35:35][WildStr][msedgewebview2.exe]

[Throw dll injection][27/06/2025 16:35:35][WildStr][powershell.exe]

[Throw dll injection][27/06/2025 16:35:35][WildStr][msedgewebview2.exe]

[Throw dll injection][27/06/2025 16:35:35][WildStr][TextInputHost.exe]

[Throw dll injection][27/06/2025 16:35:35][WildStr][msedgewebview2.exe]

[Throw dll injection][27/06/2025 16:35:35][WildStr][Code.exe]

[Throw dll injection][27/06/2025 16:35:35][WildStr][FileCoAuth.exe]

[Throw dll injection][27/06/2025 16:35:35][WildStr][cpptools.exe]

[Throw dll injection][27/06/2025 16:35:35][WildStr][svchost.exe]

[Throw dll injection][27/06/2025 16:35:35][WildStr][conhost.exe]

[Throw dll injection][27/06/2025 16:35:35][WildStr][msedge.exe]

[Throw dll injection][27/06/2025 16:35:35][WildStr][cpptools.exe]

[Throw dll injection][27/06/2025 16:35:35][WildStr][msedge.exe]

[Throw dll injection][27/06/2025 16:35:35][WildStr][ApplicationFrameHost.exe]

[Throw dll injection][27/06/2025 16:35:35][WildStr][msedge.exe]

[Throw dll injection][27/06/2025 16:35:35][WildStr][SystemSettings.exe]

[Throw dll injection][27/06/2025 16:35:35][WildStr][msedge.exe]

[Throw dll injection][27/06/2025 16:35:35][WildStr][UserOOBEBroker.exe]

[Throw dll injection][27/06/2025 16:35:35][WildStr][msedge.exe]

[Throw dll injection][27/06/2025 16:35:35][WildStr][SearchApp.exe]

[Throw dll injection][27/06/2025 16:35:35][WildStr][svchost.exe]

[Throw dll injection][27/06/2025 16:35:35][WildStr][msedgewebview2.exe]

[Throw dll injection][27/06/2025 16:35:35][WildStr][svchost.exe]

[Throw dll injection][27/06/2025 16:35:35][WildStr][msedgewebview2.exe]

[Throw dll injection][27/06/2025 16:35:35][WildStr][svchost.exe]

[Throw dll injection][27/06/2025 16:35:35][WildStr][msedgewebview2.exe]

[Throw dll injection][27/06/2025 16:35:35][WildStr][dllhost.exe]

[Throw dll injection][27/06/2025 16:35:35][WildStr][msedgewebview2.exe]

[Throw dll injection][27/06/2025 16:35:35][WildStr][ShellExperienceHost.exe]

[Throw dll injection][27/06/2025 16:35:35][WildStr][msedgewebview2.exe]

[Throw dll injection][27/06/2025 16:35:35][WildStr][RuntimeBroker.exe]

[Throw dll injection][27/06/2025 16:35:35][WildStr][msedgewebview2.exe]

[Throw dll injection][27/06/2025 16:35:35][WildStr][vctip.exe]

[Throw dll injection][27/06/2025 16:35:35][WildStr][FileCoAuth.exe]

[Throw dll injection][27/06/2025 16:35:35][WildStr][cpptools-srv.exe]

[Throw dll injection][27/06/2025 16:35:35][WildStr][svchost.exe]

[Throw dll injection][27/06/2025 16:35:35][WildStr][conhost.exe]

[Throw dll injection][27/06/2025 16:35:35][WildStr][msedge.exe]

[Throw dll injection][27/06/2025 16:35:35][WildStr][cpptools-srv.exe]

[Throw dll injection][27/06/2025 16:35:35][WildStr][msedge.exe]


[Throw dll injection][27/06/2025 16:35:35][WildStr][svchost.exe]

[Throw dll injection][27/06/2025 16:35:35][WildStr][msedge.exe]

[Throw dll injection][27/06/2025 16:35:35][WildStr][Taskmgr.exe]

[Throw dll injection][27/06/2025 16:35:35][WildStr][msedge.exe]

[Throw dll injection][27/06/2025 16:35:35][Str][SystemTimeOfDayInformation]

[Throw dll injection][27/06/2025 16:35:35][WildStr][msedge.exe]

[Throw dll injection][27/06/2025 16:35:35][WildStr][svchost.exe]

[Throw dll injection][27/06/2025 16:35:35][WildStr][svchost.exe]

[Throw dll injection][27/06/2025 16:35:35][WildStr][svchost.exe]

[Throw dll injection][27/06/2025 16:35:35][WildStr][dllhost.exe]

[Throw dll injection][27/06/2025 16:35:35][WildStr][ShellExperienceHost.exe]

[Throw dll injection][27/06/2025 16:35:35][WildStr][RuntimeBroker.exe]

[Throw dll injection][27/06/2025 16:35:35][WildStr][vctip.exe]

[Throw dll injection][27/06/2025 16:35:35][WildStr][cpptools-srv.exe]

[Throw dll injection][27/06/2025 16:35:35][WildStr][conhost.exe]

[Throw dll injection][27/06/2025 16:35:35][WildStr][cpptools-srv.exe]

[Throw dll injection][27/06/2025 16:35:35][WildStr][conhost.exe]

[Throw dll injection][27/06/2025 16:35:35][WildStr][svchost.exe]

[Throw dll injection][27/06/2025 16:35:35][WildStr][Taskmgr.exe]

[Throw dll injection][27/06/2025 16:35:36][Str][OrigNtQuerySystemInformation failed: 0xC0000023
]

[Throw dll injection][27/06/2025 16:35:36][Str][Noinfo]

[Throw dll injection][27/06/2025 16:35:36][Str][Noinfo]

[Throw dll injection][27/06/2025 16:35:36][Str][Noinfo]

[Throw dll injection][27/06/2025 16:35:36][Str][SystemProcessInformation]

[Throw dll injection][27/06/2025 16:35:36][Str][SystemProcessInformation]

[Throw dll injection][27/06/2025 16:35:36][WildStr][System]

[Throw dll injection][27/06/2025 16:35:36][WildStr][Registry]

[Throw dll injection][27/06/2025 16:35:36][WildStr][System]

[Throw dll injection][27/06/2025 16:35:36][WildStr][smss.exe]

[Throw dll injection][27/06/2025 16:35:36][WildStr][csrss.exe]

[Throw dll injection][27/06/2025 16:35:36][WildStr][wininit.exe]

[Throw dll injection][27/06/2025 16:35:36][WildStr][csrss.exe]

[Throw dll injection][27/06/2025 16:35:36][WildStr][winlogon.exe]

[Throw dll injection][27/06/2025 16:35:36][WildStr][csrss.exe]

[Throw dll injection][27/06/2025 16:35:36][WildStr][services.exe]

[Throw dll injection][27/06/2025 16:35:36][WildStr][lsass.exe]

[Throw dll injection][27/06/2025 16:35:36][WildStr][wininit.exe]

[Throw dll injection][27/06/2025 16:35:36][WildStr][svchost.exe]

[Throw dll injection][27/06/2025 16:35:36][WildStr][fontdrvhost.exe]

[Throw dll injection][27/06/2025 16:35:36][WildStr][csrss.exe]

[Throw dll injection][27/06/2025 16:35:36][WildStr][fontdrvhost.exe]

[Throw dll injection][27/06/2025 16:35:36][WildStr][winlogon.exe]

[Throw dll injection][27/06/2025 16:35:36][WildStr][services.exe]

[Throw dll injection][27/06/2025 16:35:36][WildStr][svchost.exe]

[Throw dll injection][27/06/2025 16:35:36][WildStr][lsass.exe]

[Throw dll injection][27/06/2025 16:35:36][WildStr][dwm.exe]

[Throw dll injection][27/06/2025 16:35:36][WildStr][svchost.exe]

[Throw dll injection][27/06/2025 16:35:36][WildStr][svchost.exe]

[Throw dll injection][27/06/2025 16:35:36][WildStr][fontdrvhost.exe]

[Throw dll injection][27/06/2025 16:35:36][WildStr][fontdrvhost.exe]

[Throw dll injection][27/06/2025 16:35:36][WildStr][svchost.exe]

[Throw dll injection][27/06/2025 16:35:36][WildStr][svchost.exe]

[Throw dll injection][27/06/2025 16:35:36][WildStr][svchost.exe]

[Throw dll injection][27/06/2025 16:35:36][WildStr][dwm.exe]

[Throw dll injection][27/06/2025 16:35:36][WildStr][svchost.exe]

[Throw dll injection][27/06/2025 16:35:36][WildStr][svchost.exe]

[Throw dll injection][27/06/2025 16:35:36][WildStr][svchost.exe]

[Throw dll injection][27/06/2025 16:35:36][WildStr][svchost.exe]

[Throw dll injection][27/06/2025 16:35:36][WildStr][svchost.exe]

[Throw dll injection][27/06/2025 16:35:36][WildStr][svchost.exe]

[Throw dll injection][27/06/2025 16:35:36][WildStr][svchost.exe]

[Throw dll injection][27/06/2025 16:35:36][WildStr][svchost.exe]

[Throw dll injection][27/06/2025 16:35:36][WildStr][svchost.exe]

[Throw dll injection][27/06/2025 16:35:36][WildStr][svchost.exe]

[Throw dll injection][27/06/2025 16:35:36][WildStr][svchost.exe]

[Throw dll injection][27/06/2025 16:35:36][WildStr][svchost.exe]

[Throw dll injection][27/06/2025 16:35:36][WildStr][svchost.exe]

[Throw dll injection][27/06/2025 16:35:36][WildStr][svchost.exe]

[Throw dll injection][27/06/2025 16:35:36][WildStr][svchost.exe]

[Throw dll injection][27/06/2025 16:35:36][WildStr][svchost.exe]

[Throw dll injection][27/06/2025 16:35:36][WildStr][VBoxService.exe]

[Throw dll injection][27/06/2025 16:35:36][WildStr][svchost.exe]

[Throw dll injection][27/06/2025 16:35:36][WildStr][svchost.exe]

[Throw dll injection][27/06/2025 16:35:36][WildStr][svchost.exe]

[Throw dll injection][27/06/2025 16:35:36][WildStr][svchost.exe]

[Throw dll injection][27/06/2025 16:35:36][WildStr][svchost.exe]

[Throw dll injection][27/06/2025 16:35:36][WildStr][svchost.exe]

[Throw dll injection][27/06/2025 16:35:36][WildStr][svchost.exe]

[Throw dll injection][27/06/2025 16:35:36][WildStr][svchost.exe]

[Throw dll injection][27/06/2025 16:35:36][WildStr][svchost.exe]

[Throw dll injection][27/06/2025 16:35:36][WildStr][svchost.exe]

[Throw dll injection][27/06/2025 16:35:36][WildStr][VBoxService.exe]

[Throw dll injection][27/06/2025 16:35:36][WildStr][svchost.exe]

[Throw dll injection][27/06/2025 16:35:36][WildStr][svchost.exe]

[Throw dll injection][27/06/2025 16:35:36][WildStr][Memory Compression]

[Throw dll injection][27/06/2025 16:35:36][WildStr][svchost.exe]

[Throw dll injection][27/06/2025 16:35:36][WildStr][svchost.exe]

[Throw dll injection][27/06/2025 16:35:36][WildStr][svchost.exe]

[Throw dll injection][27/06/2025 16:35:36][WildStr][svchost.exe]

[Throw dll injection][27/06/2025 16:35:36][WildStr][svchost.exe]

[Throw dll injection][27/06/2025 16:35:36][WildStr][svchost.exe]

[Throw dll injection][27/06/2025 16:35:36][WildStr][svchost.exe]

[Throw dll injection][27/06/2025 16:35:36][WildStr][svchost.exe]

[Throw dll injection][27/06/2025 16:35:36][WildStr][svchost.exe]

[Throw dll injection][27/06/2025 16:35:36][WildStr][Memory Compression]

[Throw dll injection][27/06/2025 16:35:36][WildStr][svchost.exe]

[Throw dll injection][27/06/2025 16:35:36][WildStr][svchost.exe]

[Throw dll injection][27/06/2025 16:35:36][WildStr][svchost.exe]

[Throw dll injection][27/06/2025 16:35:36][WildStr][svchost.exe]

[Throw dll injection][27/06/2025 16:35:36][WildStr][svchost.exe]

[Throw dll injection][27/06/2025 16:35:36][WildStr][svchost.exe]

[Throw dll injection][27/06/2025 16:35:36][WildStr][spoolsv.exe]

[Throw dll injection][27/06/2025 16:35:36][WildStr][svchost.exe]

[Throw dll injection][27/06/2025 16:35:36][WildStr][svchost.exe]

[Throw dll injection][27/06/2025 16:35:36][WildStr][svchost.exe]

[Throw dll injection][27/06/2025 16:35:36][WildStr][svchost.exe]

[Throw dll injection][27/06/2025 16:35:36][WildStr][svchost.exe]

[Throw dll injection][27/06/2025 16:35:36][WildStr][svchost.exe]

[Throw dll injection][27/06/2025 16:35:36][WildStr][svchost.exe]

[Throw dll injection][27/06/2025 16:35:36][WildStr][spoolsv.exe]

[Throw dll injection][27/06/2025 16:35:36][WildStr][svchost.exe]

[Throw dll injection][27/06/2025 16:35:36][WildStr][svchost.exe]

[Throw dll injection][27/06/2025 16:35:36][WildStr][svchost.exe]

[Throw dll injection][27/06/2025 16:35:36][WildStr][svchost.exe]

[Throw dll injection][27/06/2025 16:35:36][WildStr][ssh-agent.exe]

[Throw dll injection][27/06/2025 16:35:36][WildStr][svchost.exe]

[Throw dll injection][27/06/2025 16:35:36][WildStr][ssh-agent.exe]

[Throw dll injection][27/06/2025 16:35:36][WildStr][sshd.exe]

[Throw dll injection][27/06/2025 16:35:36][WildStr][sshd.exe]

[Throw dll injection][27/06/2025 16:35:36][WildStr][svchost.exe]

[Throw dll injection][27/06/2025 16:35:36][WildStr][svchost.exe]

[Throw dll injection][27/06/2025 16:35:36][WildStr][svchost.exe]

[Throw dll injection][27/06/2025 16:35:36][WildStr][svchost.exe]

[Throw dll injection][27/06/2025 16:35:36][WildStr][svchost.exe]

[Throw dll injection][27/06/2025 16:35:36][WildStr][svchost.exe]

[Throw dll injection][27/06/2025 16:35:36][WildStr][svchost.exe]

[Throw dll injection][27/06/2025 16:35:36][WildStr][svchost.exe]

[Throw dll injection][27/06/2025 16:35:36][WildStr][svchost.exe]

[Throw dll injection][27/06/2025 16:35:36][WildStr][svchost.exe]

[Throw dll injection][27/06/2025 16:35:36][WildStr][svchost.exe]

[Throw dll injection][27/06/2025 16:35:36][WildStr][svchost.exe]

[Throw dll injection][27/06/2025 16:35:36][WildStr][svchost.exe]

[Throw dll injection][27/06/2025 16:35:36][WildStr][svchost.exe]

[Throw dll injection][27/06/2025 16:35:36][WildStr][svchost.exe]

[Throw dll injection][27/06/2025 16:35:36][WildStr][svchost.exe]

[Throw dll injection][27/06/2025 16:35:36][WildStr][svchost.exe]

[Throw dll injection][27/06/2025 16:35:36][WildStr][svchost.exe]

[Throw dll injection][27/06/2025 16:35:36][WildStr][MpDefenderCoreService.exe]

[Throw dll injection][27/06/2025 16:35:36][WildStr][MpDefenderCoreService.exe]

[Throw dll injection][27/06/2025 16:35:36][WildStr][MsMpEng.exe]

[Throw dll injection][27/06/2025 16:35:36][WildStr][MsMpEng.exe]

[Throw dll injection][27/06/2025 16:35:36][WildStr][SearchIndexer.exe]

[Throw dll injection][27/06/2025 16:35:36][WildStr][SearchIndexer.exe]

[Throw dll injection][27/06/2025 16:35:36][WildStr][AggregatorHost.exe]

[Throw dll injection][27/06/2025 16:35:36][WildStr][AggregatorHost.exe]

[Throw dll injection][27/06/2025 16:35:36][WildStr][dllhost.exe]

[Throw dll injection][27/06/2025 16:35:36][WildStr][dllhost.exe]

[Throw dll injection][27/06/2025 16:35:36][WildStr][svchost.exe]

[Throw dll injection][27/06/2025 16:35:36][WildStr][svchost.exe]

[Throw dll injection][27/06/2025 16:35:36][WildStr][NisSrv.exe]

[Throw dll injection][27/06/2025 16:35:36][WildStr][NisSrv.exe]

[Throw dll injection][27/06/2025 16:35:36][WildStr][sihost.exe]

[Throw dll injection][27/06/2025 16:35:36][WildStr][sihost.exe]

[Throw dll injection][27/06/2025 16:35:36][WildStr][svchost.exe]

[Throw dll injection][27/06/2025 16:35:36][WildStr][svchost.exe]

[Throw dll injection][27/06/2025 16:35:36][WildStr][svchost.exe]

[Throw dll injection][27/06/2025 16:35:36][WildStr][svchost.exe]

[Throw dll injection][27/06/2025 16:35:36][WildStr][taskhostw.exe]

[Throw dll injection][27/06/2025 16:35:36][WildStr][taskhostw.exe]

[Throw dll injection][27/06/2025 16:35:36][WildStr][MicrosoftEdgeUpdate.exe]

[Throw dll injection][27/06/2025 16:35:36][WildStr][MicrosoftEdgeUpdate.exe]

[Throw dll injection][27/06/2025 16:35:36][WildStr][svchost.exe]

[Throw dll injection][27/06/2025 16:35:36][WildStr][svchost.exe]

[Throw dll injection][27/06/2025 16:35:36][WildStr][ctfmon.exe]

[Throw dll injection][27/06/2025 16:35:36][WildStr][ctfmon.exe]

[Throw dll injection][27/06/2025 16:35:36][WildStr][svchost.exe]

[Throw dll injection][27/06/2025 16:35:36][WildStr][svchost.exe]

[Throw dll injection][27/06/2025 16:35:36][WildStr][svchost.exe]

[Throw dll injection][27/06/2025 16:35:36][WildStr][svchost.exe]

[Throw dll injection][27/06/2025 16:35:36][WildStr][explorer.exe]

[Throw dll injection][27/06/2025 16:35:36][WildStr][explorer.exe]

[Throw dll injection][27/06/2025 16:35:36][WildStr][svchost.exe]

[Throw dll injection][27/06/2025 16:35:36][WildStr][svchost.exe]

[Throw dll injection][27/06/2025 16:35:36][WildStr][StartMenuExperienceHost.exe]

[Throw dll injection][27/06/2025 16:35:36][WildStr][StartMenuExperienceHost.exe]

[Throw dll injection][27/06/2025 16:35:36][WildStr][RuntimeBroker.exe]

[Throw dll injection][27/06/2025 16:35:36][WildStr][RuntimeBroker.exe]

[Throw dll injection][27/06/2025 16:35:36][WildStr][svchost.exe]


[Throw dll injection][27/06/2025 16:35:36][WildStr][svchost.exe]
exe]

[Throw dll injection][27/06/2025 16:35:36][WildStr][RuntimeBroker.exe]

[Throw dll injection][27/06/2025 16:35:36][WildStr][RuntimeBroker.exe]

[Throw dll injection][27/06/2025 16:35:36][WildStr][svchost.exe]

[Throw dll injection][27/06/2025 16:35:36][WildStr][RuntimeBroker.exe]

[Throw dll injection][27/06/2025 16:35:36][WildStr][SecurityHealthSystray.exe]

[Throw dll injection][27/06/2025 16:35:36][WildStr][svchost.exe]

[Throw dll injection][27/06/2025 16:35:36][WildStr][SecurityHealthService.exe]

[Throw dll injection][27/06/2025 16:35:36][WildStr][SecurityHealthSystray.exe]

[Throw dll injection][27/06/2025 16:35:36][WildStr][VBoxTray.exe]

[Throw dll injection][27/06/2025 16:35:36][WildStr][SecurityHealthService.exe]

[Throw dll injection][27/06/2025 16:35:36][WildStr][OneDrive.exe]

[Throw dll injection][27/06/2025 16:35:36][WildStr][VBoxTray.exe]

[Throw dll injection][27/06/2025 16:35:36][WildStr][cmd.exe]

[Throw dll injection][27/06/2025 16:35:36][WildStr][OneDrive.exe]

[Throw dll injection][27/06/2025 16:35:36][WildStr][conhost.exe]

[Throw dll injection][27/06/2025 16:35:36][WildStr][cmd.exe]

[Throw dll injection][27/06/2025 16:35:36][WildStr][svchost.exe]

[Throw dll injection][27/06/2025 16:35:36][WildStr][conhost.exe]

[Throw dll injection][27/06/2025 16:35:36][WildStr][svchost.exe]

[Throw dll injection][27/06/2025 16:35:36][WildStr][svchost.exe]

[Throw dll injection][27/06/2025 16:35:36][WildStr][svchost.exe]

[Throw dll injection][27/06/2025 16:35:36][WildStr][svchost.exe]

[Throw dll injection][27/06/2025 16:35:36][WildStr][svchost.exe]

[Throw dll injection][27/06/2025 16:35:36][WildStr][svchost.exe]

[Throw dll injection][27/06/2025 16:35:36][WildStr][svchost.exe]

[Throw dll injection][27/06/2025 16:35:36][WildStr][svchost.exe]

[Throw dll injection][27/06/2025 16:35:36][WildStr][svchost.exe]

[Throw dll injection][27/06/2025 16:35:36][WildStr][svchost.exe]

[Throw dll injection][27/06/2025 16:35:36][WildStr][powershell.exe]

[Throw dll injection][27/06/2025 16:35:36][WildStr][svchost.exe]

[Throw dll injection][27/06/2025 16:35:36][WildStr][Code.exe]

[Throw dll injection][27/06/2025 16:35:36][WildStr][powershell.exe]

[Throw dll injection][27/06/2025 16:35:36][WildStr][Code.exe]

[Throw dll injection][27/06/2025 16:35:36][WildStr][Code.exe]

[Throw dll injection][27/06/2025 16:35:36][WildStr][Code.exe]

[Throw dll injection][27/06/2025 16:35:36][WildStr][Code.exe]

[Throw dll injection][27/06/2025 16:35:36][WildStr][Code.exe]

[Throw dll injection][27/06/2025 16:35:36][WildStr][Code.exe]

[Throw dll injection][27/06/2025 16:35:36][WildStr][Code.exe]

[Throw dll injection][27/06/2025 16:35:36][WildStr][Code.exe]

[Throw dll injection][27/06/2025 16:35:36][WildStr][Code.exe]

[Throw dll injection][27/06/2025 16:35:36][WildStr][Code.exe]

[Throw dll injection][27/06/2025 16:35:36][WildStr][Code.exe]

[Throw dll injection][27/06/2025 16:35:36][WildStr][Code.exe]

[Throw dll injection][27/06/2025 16:35:36][WildStr][Code.exe]

[Throw dll injection][27/06/2025 16:35:36][WildStr][Code.exe]

[Throw dll injection][27/06/2025 16:35:36][WildStr][Code.exe]

[Throw dll injection][27/06/2025 16:35:36][WildStr][Code.exe]

[Throw dll injection][27/06/2025 16:35:36][WildStr][conhost.exe]

[Throw dll injection][27/06/2025 16:35:36][WildStr][Code.exe]

[Throw dll injection][27/06/2025 16:35:36][WildStr][powershell.exe]

[Throw dll injection][27/06/2025 16:35:36][WildStr][conhost.exe]

[Throw dll injection][27/06/2025 16:35:36][WildStr][conhost.exe]

[Throw dll injection][27/06/2025 16:35:36][WildStr][powershell.exe]

[Throw dll injection][27/06/2025 16:35:36][WildStr][powershell.exe]

[Throw dll injection][27/06/2025 16:35:36][WildStr][conhost.exe]

[Throw dll injection][27/06/2025 16:35:36][WildStr][TextInputHost.exe]

[Throw dll injection][27/06/2025 16:35:36][WildStr][powershell.exe]

[Throw dll injection][27/06/2025 16:35:36][WildStr][Code.exe]

[Throw dll injection][27/06/2025 16:35:36][WildStr][TextInputHost.exe]

[Throw dll injection][27/06/2025 16:35:36][WildStr][cpptools.exe]

[Throw dll injection][27/06/2025 16:35:36][WildStr][Code.exe]

[Throw dll injection][27/06/2025 16:35:36][WildStr][conhost.exe]

[Throw dll injection][27/06/2025 16:35:36][WildStr][cpptools.exe]

[Throw dll injection][27/06/2025 16:35:36][WildStr][cpptools.exe]

[Throw dll injection][27/06/2025 16:35:36][WildStr][conhost.exe]

[Throw dll injection][27/06/2025 16:35:36][WildStr][ApplicationFrameHost.exe]

[Throw dll injection][27/06/2025 16:35:36][WildStr][cpptools.exe]

[Throw dll injection][27/06/2025 16:35:36][WildStr][SystemSettings.exe]

[Throw dll injection][27/06/2025 16:35:36][WildStr][ApplicationFrameHost.exe]

[Throw dll injection][27/06/2025 16:35:36][WildStr][UserOOBEBroker.exe]

[Throw dll injection][27/06/2025 16:35:36][WildStr][SystemSettings.exe]

[Throw dll injection][27/06/2025 16:35:36][WildStr][SearchApp.exe]

[Throw dll injection][27/06/2025 16:35:36][WildStr][UserOOBEBroker.exe]

[Throw dll injection][27/06/2025 16:35:36][WildStr][msedgewebview2.exe]

[Throw dll injection][27/06/2025 16:35:36][WildStr][SearchApp.exe]

[Throw dll injection][27/06/2025 16:35:36][WildStr][msedgewebview2.exe]

[Throw dll injection][27/06/2025 16:35:36][WildStr][msedgewebview2.exe]

[Throw dll injection][27/06/2025 16:35:36][WildStr][msedgewebview2.exe]

[Throw dll injection][27/06/2025 16:35:36][WildStr][msedgewebview2.exe]

[Throw dll injection][27/06/2025 16:35:36][WildStr][msedgewebview2.exe]

[Throw dll injection][27/06/2025 16:35:36][WildStr][msedgewebview2.exe]

[Throw dll injection][27/06/2025 16:35:36][WildStr][msedgewebview2.exe]

[Throw dll injection][27/06/2025 16:35:36][WildStr][msedgewebview2.exe]

[Throw dll injection][27/06/2025 16:35:36][WildStr][msedgewebview2.exe]

[Throw dll injection][27/06/2025 16:35:36][WildStr][msedgewebview2.exe]

[Throw dll injection][27/06/2025 16:35:36][WildStr][FileCoAuth.exe]

[Throw dll injection][27/06/2025 16:35:36][WildStr][msedgewebview2.exe]

[Throw dll injection][27/06/2025 16:35:36][WildStr][svchost.exe]

[Throw dll injection][27/06/2025 16:35:36][WildStr][FileCoAuth.exe]

[Throw dll injection][27/06/2025 16:35:36][WildStr][msedge.exe]

[Throw dll injection][27/06/2025 16:35:36][WildStr][svchost.exe]

[Throw dll injection][27/06/2025 16:35:36][WildStr][msedge.exe]

[Throw dll injection][27/06/2025 16:35:36][WildStr][msedge.exe]

[Throw dll injection][27/06/2025 16:35:36][WildStr][msedge.exe]

[Throw dll injection][27/06/2025 16:35:36][WildStr][msedge.exe]

[Throw dll injection][27/06/2025 16:35:36][WildStr][msedge.exe]

[Throw dll injection][27/06/2025 16:35:36][WildStr][msedge.exe]

[Throw dll injection][27/06/2025 16:35:36][WildStr][msedge.exe]

[Throw dll injection][27/06/2025 16:35:36][WildStr][msedge.exe]

[Throw dll injection][27/06/2025 16:35:36][WildStr][svchost.exe]

[Throw dll injection][27/06/2025 16:35:36][WildStr][svchost.exe]

[Throw dll injection][27/06/2025 16:35:36][WildStr][svchost.exe]

[Throw dll injection][27/06/2025 16:35:36][WildStr][svchost.exe]

[Throw dll injection][27/06/2025 16:35:36][WildStr][svchost.exe]

[Throw dll injection][27/06/2025 16:35:36][WildStr][svchost.exe]

[Throw dll injection][27/06/2025 16:35:36][WildStr][dllhost.exe]

[Throw dll injection][27/06/2025 16:35:36][WildStr][dllhost.exe]

[Throw dll injection][27/06/2025 16:35:36][WildStr][ShellExperienceHost.exe]

[Throw dll injection][27/06/2025 16:35:36][WildStr][ShellExperienceHost.exe]

[Throw dll injection][27/06/2025 16:35:36][WildStr][RuntimeBroker.exe]

[Throw dll injection][27/06/2025 16:35:36][WildStr][RuntimeBroker.exe]

[Throw dll injection][27/06/2025 16:35:36][WildStr][vctip.exe]

[Throw dll injection][27/06/2025 16:35:36][WildStr][cpptools-srv.exe]

[Throw dll injection][27/06/2025 16:35:36][WildStr][cpptools-srv.exe]

[Throw dll injection][27/06/2025 16:35:36][WildStr][conhost.exe]

[Throw dll injection][27/06/2025 16:35:36][WildStr][conhost.exe]

[Throw dll injection][27/06/2025 16:35:36][WildStr][cpptools-srv.exe]

[Throw dll injection][27/06/2025 16:35:36][WildStr][cpptools-srv.exe]

[Throw dll injection][27/06/2025 16:35:36][WildStr][conhost.exe]

[Throw dll injection][27/06/2025 16:35:36][WildStr][conhost.exe]

[Throw dll injection][27/06/2025 16:35:36][WildStr][svchost.exe]

[Throw dll injection][27/06/2025 16:35:36][WildStr][svchost.exe]

[Throw dll injection][27/06/2025 16:35:36][WildStr][Taskmgr.exe]

[Throw dll injection][27/06/2025 16:35:36][WildStr][Taskmgr.exe]

[Throw dll injection][27/06/2025 16:35:36][Str][SystemTimeOfDayInformation]

[Throw dll injection][27/06/2025 16:35:37][Str][OrigNtQuerySystemInformation failed: 0xC0000023
]

[Throw dll injection][27/06/2025 16:35:37][Str][Noinfo]

[Throw dll injection][27/06/2025 16:35:37][Str][Noinfo]

[Throw dll injection][27/06/2025 16:35:37][Str][Noinfo]

[Throw dll injection][27/06/2025 16:35:37][Str][SystemProcessInformation]

[Throw dll injection][27/06/2025 16:35:37][WildStr][System]

[Throw dll injection][27/06/2025 16:35:37][WildStr][System]

[Throw dll injection][27/06/2025 16:35:37][WildStr][Registry]

[Throw dll injection][27/06/2025 16:35:37][WildStr][Registry]

[Throw dll injection][27/06/2025 16:35:37][WildStr][smss.exe]

[Throw dll injection][27/06/2025 16:35:37][WildStr][smss.exe]

[Throw dll injection][27/06/2025 16:35:37][WildStr][csrss.exe]

[Throw dll injection][27/06/2025 16:35:37][WildStr][csrss.exe]

[Throw dll injection][27/06/2025 16:35:37][WildStr][wininit.exe]

[Throw dll injection][27/06/2025 16:35:37][WildStr][wininit.exe]

[Throw dll injection][27/06/2025 16:35:37][WildStr][csrss.exe]

[Throw dll injection][27/06/2025 16:35:37][WildStr][csrss.exe]

[Throw dll injection][27/06/2025 16:35:37][WildStr][winlogon.exe]

[Throw dll injection][27/06/2025 16:35:37][WildStr][winlogon.exe]

[Throw dll injection][27/06/2025 16:35:37][WildStr][services.exe]

[Throw dll injection][27/06/2025 16:35:37][WildStr][services.exe]

[Throw dll injection][27/06/2025 16:35:37][WildStr][lsass.exe]

[Throw dll injection][27/06/2025 16:35:37][WildStr][lsass.exe]

[Throw dll injection][27/06/2025 16:35:37][WildStr][svchost.exe]

[Throw dll injection][27/06/2025 16:35:37][WildStr][svchost.exe]

[Throw dll injection][27/06/2025 16:35:37][WildStr][fontdrvhost.exe]

[Throw dll injection][27/06/2025 16:35:37][WildStr][fontdrvhost.exe]

[Throw dll injection][27/06/2025 16:35:37][WildStr][fontdrvhost.exe]

[Throw dll injection][27/06/2025 16:35:37][WildStr][svchost.exe]
e]

[Throw dll injection][27/06/2025 16:35:37][WildStr][svchost.exe]

[Throw dll injection][27/06/2025 16:35:37][WildStr][svchost.exe]

[Throw dll injection][27/06/2025 16:35:37][WildStr][dwm.exe]
e]

[Throw dll injection][27/06/2025 16:35:37][WildStr][dwm.exe]

[Throw dll injection][27/06/2025 16:35:37][WildStr][svchost.exe]

[Throw dll injection][27/06/2025 16:35:37][WildStr][svchost.exe]

[Throw dll injection][27/06/2025 16:35:37][WildStr][svchost.exe]

[Throw dll injection][27/06/2025 16:35:37][WildStr][svchost.exe]

[Throw dll injection][27/06/2025 16:35:37][WildStr][svchost.exe]

[Throw dll injection][27/06/2025 16:35:37][WildStr][svchost.exe]

[Throw dll injection][27/06/2025 16:35:37][WildStr][svchost.exe]

[Throw dll injection][27/06/2025 16:35:37][WildStr][svchost.exe]

[Throw dll injection][27/06/2025 16:35:37][WildStr][svchost.exe]

[Throw dll injection][27/06/2025 16:35:37][WildStr][svchost.exe]

[Throw dll injection][27/06/2025 16:35:37][WildStr][svchost.exe]

[Throw dll injection][27/06/2025 16:35:37][WildStr][svchost.exe]

[Throw dll injection][27/06/2025 16:35:37][WildStr][svchost.exe]

[Throw dll injection][27/06/2025 16:35:37][WildStr][svchost.exe]

[Throw dll injection][27/06/2025 16:35:37][WildStr][svchost.exe]

[Throw dll injection][27/06/2025 16:35:37][WildStr][svchost.exe]

[Throw dll injection][27/06/2025 16:35:37][WildStr][svchost.exe]

[Throw dll injection][27/06/2025 16:35:37][WildStr][svchost.exe]

[Throw dll injection][27/06/2025 16:35:37][WildStr][svchost.exe]

[Throw dll injection][27/06/2025 16:35:37][WildStr][svchost.exe]

[Throw dll injection][27/06/2025 16:35:37][WildStr][svchost.exe]

[Throw dll injection][27/06/2025 16:35:37][WildStr][svchost.exe]

[Throw dll injection][27/06/2025 16:35:37][WildStr][svchost.exe]

[Throw dll injection][27/06/2025 16:35:37][WildStr][svchost.exe]

[Throw dll injection][27/06/2025 16:35:37][WildStr][svchost.exe]

[Throw dll injection][27/06/2025 16:35:37][WildStr][VBoxService.exe]

[Throw dll injection][27/06/2025 16:35:37][WildStr][svchost.exe]

[Throw dll injection][27/06/2025 16:35:37][WildStr][svchost.exe]

[Throw dll injection][27/06/2025 16:35:37][WildStr][VBoxService.exe]

[Throw dll injection][27/06/2025 16:35:37][WildStr][svchost.exe]

[Throw dll injection][27/06/2025 16:35:37][WildStr][svchost.exe]

[Throw dll injection][27/06/2025 16:35:37][WildStr][svchost.exe]

[Throw dll injection][27/06/2025 16:35:37][WildStr][svchost.exe]

[Throw dll injection][27/06/2025 16:35:37][WildStr][svchost.exe]

[Throw dll injection][27/06/2025 16:35:37][WildStr][svchost.exe]

[Throw dll injection][27/06/2025 16:35:37][WildStr][svchost.exe]

[Throw dll injection][27/06/2025 16:35:37][WildStr][svchost.exe]

[Throw dll injection][27/06/2025 16:35:37][WildStr][svchost.exe]

[Throw dll injection][27/06/2025 16:35:37][WildStr][svchost.exe]

[Throw dll injection][27/06/2025 16:35:37][WildStr][Memory Compression]

[Throw dll injection][27/06/2025 16:35:37][WildStr][svchost.exe]

[Throw dll injection][27/06/2025 16:35:37][WildStr][svchost.exe]

[Throw dll injection][27/06/2025 16:35:37][WildStr][Memory Compression]

[Throw dll injection][27/06/2025 16:35:37][WildStr][svchost.exe]

[Throw dll injection][27/06/2025 16:35:37][WildStr][svchost.exe]

[Throw dll injection][27/06/2025 16:35:37][WildStr][svchost.exe]

[Throw dll injection][27/06/2025 16:35:37][WildStr][svchost.exe]

[Throw dll injection][27/06/2025 16:35:37][WildStr][svchost.exe]

[Throw dll injection][27/06/2025 16:35:37][WildStr][svchost.exe]

[Throw dll injection][27/06/2025 16:35:37][WildStr][svchost.exe]

[Throw dll injection][27/06/2025 16:35:37][WildStr][svchost.exe]

[Throw dll injection][27/06/2025 16:35:37][WildStr][svchost.exe]

[Throw dll injection][27/06/2025 16:35:37][WildStr][svchost.exe]

[Throw dll injection][27/06/2025 16:35:37][WildStr][svchost.exe]

[Throw dll injection][27/06/2025 16:35:37][WildStr][svchost.exe]

[Throw dll injection][27/06/2025 16:35:37][WildStr][svchost.exe]

[Throw dll injection][27/06/2025 16:35:37][WildStr][svchost.exe]

[Throw dll injection][27/06/2025 16:35:37][WildStr][spoolsv.exe]

[Throw dll injection][27/06/2025 16:35:37][WildStr][svchost.exe]

[Throw dll injection][27/06/2025 16:35:37][WildStr][svchost.exe]

[Throw dll injection][27/06/2025 16:35:37][WildStr][spoolsv.exe]

[Throw dll injection][27/06/2025 16:35:37][WildStr][svchost.exe]

[Throw dll injection][27/06/2025 16:35:37][WildStr][svchost.exe]

[Throw dll injection][27/06/2025 16:35:37][WildStr][svchost.exe]

[Throw dll injection][27/06/2025 16:35:37][WildStr][svchost.exe]

[Throw dll injection][27/06/2025 16:35:37][WildStr][svchost.exe]

[Throw dll injection][27/06/2025 16:35:37][WildStr][svchost.exe]

[Throw dll injection][27/06/2025 16:35:37][WildStr][ssh-agent.exe]

[Throw dll injection][27/06/2025 16:35:37][WildStr][svchost.exe]

[Throw dll injection][27/06/2025 16:35:37][WildStr][sshd.exe]

[Throw dll injection][27/06/2025 16:35:37][WildStr][ssh-agent.exe]

[Throw dll injection][27/06/2025 16:35:37][WildStr][svchost.exe]

[Throw dll injection][27/06/2025 16:35:37][WildStr][sshd.exe]

[Throw dll injection][27/06/2025 16:35:37][WildStr][svchost.exe]

[Throw dll injection][27/06/2025 16:35:37][WildStr][svchost.exe]

[Throw dll injection][27/06/2025 16:35:37][WildStr][svchost.exe]

[Throw dll injection][27/06/2025 16:35:37][WildStr][svchost.exe]

[Throw dll injection][27/06/2025 16:35:37][WildStr][svchost.exe]

[Throw dll injection][27/06/2025 16:35:37][WildStr][svchost.exe]

[Throw dll injection][27/06/2025 16:35:37][WildStr][svchost.exe]

[Throw dll injection][27/06/2025 16:35:37][WildStr][svchost.exe]

[Throw dll injection][27/06/2025 16:35:37][WildStr][svchost.exe]

[Throw dll injection][27/06/2025 16:35:37][WildStr][svchost.exe]

[Throw dll injection][27/06/2025 16:35:37][WildStr][svchost.exe]

[Throw dll injection][27/06/2025 16:35:37][WildStr][svchost.exe]

[Throw dll injection][27/06/2025 16:35:37][WildStr][svchost.exe]

[Throw dll injection][27/06/2025 16:35:37][WildStr][svchost.exe]

[Throw dll injection][27/06/2025 16:35:37][WildStr][svchost.exe]

[Throw dll injection][27/06/2025 16:35:37][WildStr][svchost.exe]

[Throw dll injection][27/06/2025 16:35:37][WildStr][MpDefenderCoreService.exe]

[Throw dll injection][27/06/2025 16:35:37][WildStr][svchost.exe]

[Throw dll injection][27/06/2025 16:35:37][WildStr][MsMpEng.exe]

[Throw dll injection][27/06/2025 16:35:37][WildStr][MpDefenderCoreService.exe]

[Throw dll injection][27/06/2025 16:35:37][WildStr][SearchIndexer.exe]

[Throw dll injection][27/06/2025 16:35:37][WildStr][MsMpEng.exe]

[Throw dll injection][27/06/2025 16:35:37][WildStr][AggregatorHost.exe]

[Throw dll injection][27/06/2025 16:35:37][WildStr][SearchIndexer.exe]

[Throw dll injection][27/06/2025 16:35:37][WildStr][dllhost.exe]

[Throw dll injection][27/06/2025 16:35:37][WildStr][AggregatorHost.exe]

[Throw dll injection][27/06/2025 16:35:37][WildStr][svchost.exe]

[Throw dll injection][27/06/2025 16:35:37][WildStr][dllhost.exe]

[Throw dll injection][27/06/2025 16:35:37][WildStr][NisSrv.exe]

[Throw dll injection][27/06/2025 16:35:37][WildStr][svchost.exe]

[Throw dll injection][27/06/2025 16:35:37][WildStr][sihost.exe]

[Throw dll injection][27/06/2025 16:35:37][WildStr][NisSrv.exe]

[Throw dll injection][27/06/2025 16:35:37][WildStr][sihost.exe]


[Throw dll injection][27/06/2025 16:35:37][WildStr][svchost.exe]

[Throw dll injection][27/06/2025 16:35:37][WildStr][svchost.exe]

[Throw dll injection][27/06/2025 16:35:37][WildStr][taskhostw.exe]

[Throw dll injection][27/06/2025 16:35:37][WildStr][MicrosoftEdgeUpdate.exe]

[Throw dll injection][27/06/2025 16:35:37][WildStr][MicrosoftEdgeUpdate.exe]

[Throw dll injection][27/06/2025 16:35:37][WildStr][svchost.exe]

[Throw dll injection][27/06/2025 16:35:37][WildStr][svchost.exe]

[Throw dll injection][27/06/2025 16:35:37][WildStr][ctfmon.exe]

[Throw dll injection][27/06/2025 16:35:37][WildStr][ctfmon.exe]

[Throw dll injection][27/06/2025 16:35:37][WildStr][svchost.exe]

[Throw dll injection][27/06/2025 16:35:37][WildStr][svchost.exe]

[Throw dll injection][27/06/2025 16:35:37][WildStr][svchost.exe]

[Throw dll injection][27/06/2025 16:35:37][WildStr][svchost.exe]

[Throw dll injection][27/06/2025 16:35:37][WildStr][explorer.exe]

[Throw dll injection][27/06/2025 16:35:37][WildStr][explorer.exe]

[Throw dll injection][27/06/2025 16:35:37][WildStr][svchost.exe]

[Throw dll injection][27/06/2025 16:35:37][WildStr][svchost.exe]

[Throw dll injection][27/06/2025 16:35:37][WildStr][StartMenuExperienceHost.exe]

[Throw dll injection][27/06/2025 16:35:37][WildStr][StartMenuExperienceHost.exe]

[Throw dll injection][27/06/2025 16:35:37][WildStr][RuntimeBroker.exe]

[Throw dll injection][27/06/2025 16:35:37][WildStr][RuntimeBroker.exe]

[Throw dll injection][27/06/2025 16:35:37][WildStr][SearchApp.exe]

[Throw dll injection][27/06/2025 16:35:37][WildStr][SearchApp.exe]

[Throw dll injection][27/06/2025 16:35:37][WildStr][svchost.exe]

[Throw dll injection][27/06/2025 16:35:37][WildStr][svchost.exe]

[Throw dll injection][27/06/2025 16:35:37][WildStr][RuntimeBroker.exe]

[Throw dll injection][27/06/2025 16:35:37][WildStr][RuntimeBroker.exe]

[Throw dll injection][27/06/2025 16:35:37][WildStr][RuntimeBroker.exe]

[Throw dll injection][27/06/2025 16:35:37][WildStr][RuntimeBroker.exe]

[Throw dll injection][27/06/2025 16:35:37][WildStr][svchost.exe]

[Throw dll injection][27/06/2025 16:35:37][WildStr][svchost.exe]

[Throw dll injection][27/06/2025 16:35:37][WildStr][SecurityHealthSystray.exe]

[Throw dll injection][27/06/2025 16:35:37][WildStr][SecurityHealthSystray.exe]

[Throw dll injection][27/06/2025 16:35:37][WildStr][SecurityHealthService.exe]

[Throw dll injection][27/06/2025 16:35:37][WildStr][SecurityHealthService.exe]

[Throw dll injection][27/06/2025 16:35:37][WildStr][VBoxTray.exe]

[Throw dll injection][27/06/2025 16:35:37][WildStr][VBoxTray.exe]

[Throw dll injection][27/06/2025 16:35:37][WildStr][OneDrive.exe]

[Throw dll injection][27/06/2025 16:35:37][WildStr][OneDrive.exe]

[Throw dll injection][27/06/2025 16:35:37][WildStr][cmd.exe]

[Throw dll injection][27/06/2025 16:35:37][WildStr][cmd.exe]

[Throw dll injection][27/06/2025 16:35:37][WildStr][conhost.exe]

[Throw dll injection][27/06/2025 16:35:37][WildStr][conhost.exe]

[Throw dll injection][27/06/2025 16:35:37][WildStr][svchost.exe]

[Throw dll injection][27/06/2025 16:35:37][WildStr][svchost.exe]

[Throw dll injection][27/06/2025 16:35:37][WildStr][svchost.exe]

[Throw dll injection][27/06/2025 16:35:37][WildStr][svchost.exe]

[Throw dll injection][27/06/2025 16:35:37][WildStr][svchost.exe]

[Throw dll injection][27/06/2025 16:35:37][WildStr][svchost.exe]

[Throw dll injection][27/06/2025 16:35:37][WildStr][svchost.exe]

[Throw dll injection][27/06/2025 16:35:37][WildStr][svchost.exe]

[Throw dll injection][27/06/2025 16:35:37][WildStr][svchost.exe]

[Throw dll injection][27/06/2025 16:35:37][WildStr][svchost.exe]

[Throw dll injection][27/06/2025 16:35:37][WildStr][powershell.exe]

[Throw dll injection][27/06/2025 16:35:37][WildStr][powershell.exe]

[Throw dll injection][27/06/2025 16:35:37][WildStr][Code.exe]

[Throw dll injection][27/06/2025 16:35:37][WildStr][Code.exe]

[Throw dll injection][27/06/2025 16:35:37][WildStr][Code.exe]

[Throw dll injection][27/06/2025 16:35:37][WildStr][Code.exe]

[Throw dll injection][27/06/2025 16:35:37][WildStr][Code.exe]

[Throw dll injection][27/06/2025 16:35:37][WildStr][Code.exe]

[Throw dll injection][27/06/2025 16:35:37][WildStr][Code.exe]

[Throw dll injection][27/06/2025 16:35:37][WildStr][Code.exe]

[Throw dll injection][27/06/2025 16:35:37][WildStr][Code.exe]

[Throw dll injection][27/06/2025 16:35:37][WildStr][Code.exe]

[Throw dll injection][27/06/2025 16:35:37][WildStr][Code.exe]

[Throw dll injection][27/06/2025 16:35:37][WildStr][Code.exe]

[Throw dll injection][27/06/2025 16:35:37][WildStr][Code.exe]

[Throw dll injection][27/06/2025 16:35:37][WildStr][Code.exe]

[Throw dll injection][27/06/2025 16:35:37][WildStr][Code.exe]

[Throw dll injection][27/06/2025 16:35:37][WildStr][Code.exe]

[Throw dll injection][27/06/2025 16:35:37][WildStr][Code.exe]

[Throw dll injection][27/06/2025 16:35:37][WildStr][Code.exe]

[Throw dll injection][27/06/2025 16:35:37][WildStr][conhost.exe]

[Throw dll injection][27/06/2025 16:35:37][WildStr][conhost.exe]

[Throw dll injection][27/06/2025 16:35:37][WildStr][powershell.exe]

[Throw dll injection][27/06/2025 16:35:37][WildStr][powershell.exe]

[Throw dll injection][27/06/2025 16:35:37][WildStr][conhost.exe]

[Throw dll injection][27/06/2025 16:35:37][WildStr][conhost.exe]

[Throw dll injection][27/06/2025 16:35:37][WildStr][powershell.exe]

[Throw dll injection][27/06/2025 16:35:37][WildStr][powershell.exe]

[Throw dll injection][27/06/2025 16:35:37][WildStr][TextInputHost.exe]

[Throw dll injection][27/06/2025 16:35:37][WildStr][TextInputHost.exe]

[Throw dll injection][27/06/2025 16:35:37][WildStr][Code.exe]

[Throw dll injection][27/06/2025 16:35:37][WildStr][cpptools.exe]

[Throw dll injection][27/06/2025 16:35:37][WildStr][conhost.exe]

[Throw dll injection][27/06/2025 16:35:37][WildStr][conhost.exe]

[Throw dll injection][27/06/2025 16:35:37][WildStr][cpptools.exe]

[Throw dll injection][27/06/2025 16:35:37][WildStr][ApplicationFrameHost.exe]

[Throw dll injection][27/06/2025 16:35:37][WildStr][ApplicationFrameHost.exe]

[Throw dll injection][27/06/2025 16:35:37][WildStr][SystemSettings.exe]

[Throw dll injection][27/06/2025 16:35:37][WildStr][SystemSettings.exe]

[Throw dll injection][27/06/2025 16:35:37][WildStr][UserOOBEBroker.exe]

[Throw dll injection][27/06/2025 16:35:37][WildStr][UserOOBEBroker.exe]

[Throw dll injection][27/06/2025 16:35:37][WildStr][SearchApp.exe]

[Throw dll injection][27/06/2025 16:35:37][WildStr][SearchApp.exe]

[Throw dll injection][27/06/2025 16:35:37][WildStr][msedgewebview2.exe]

[Throw dll injection][27/06/2025 16:35:37][WildStr][msedgewebview2.exe]

[Throw dll injection][27/06/2025 16:35:37][WildStr][msedgewebview2.exe]

[Throw dll injection][27/06/2025 16:35:37][WildStr][msedgewebview2.exe]

[Throw dll injection][27/06/2025 16:35:37][WildStr][msedgewebview2.exe]

[Throw dll injection][27/06/2025 16:35:37][WildStr][msedgewebview2.exe]

[Throw dll injection][27/06/2025 16:35:37][WildStr][msedgewebview2.exe]

[Throw dll injection][27/06/2025 16:35:37][WildStr][msedgewebview2.exe]

[Throw dll injection][27/06/2025 16:35:37][WildStr][msedgewebview2.exe]

[Throw dll injection][27/06/2025 16:35:37][WildStr][msedgewebview2.exe]

[Throw dll injection][27/06/2025 16:35:37][WildStr][msedgewebview2.exe]

[Throw dll injection][27/06/2025 16:35:37][WildStr][msedgewebview2.exe]

[Throw dll injection][27/06/2025 16:35:37][WildStr][FileCoAuth.exe]

[Throw dll injection][27/06/2025 16:35:37][WildStr][FileCoAuth.exe]

[Throw dll injection][27/06/2025 16:35:37][WildStr][svchost.exe]

[Throw dll injection][27/06/2025 16:35:37][WildStr][svchost.exe]

[Throw dll injection][27/06/2025 16:35:37][WildStr][msedge.exe]

[Throw dll injection][27/06/2025 16:35:37][WildStr][msedge.exe]

[Throw dll injection][27/06/2025 16:35:37][WildStr][msedge.exe]

[Throw dll injection][27/06/2025 16:35:37][WildStr][msedge.exe]

[Throw dll injection][27/06/2025 16:35:37][WildStr][msedge.exe]

[Throw dll injection][27/06/2025 16:35:37][WildStr][msedge.exe]

[Throw dll injection][27/06/2025 16:35:37][WildStr][msedge.exe]

[Throw dll injection][27/06/2025 16:35:37][WildStr][msedge.exe]

[Throw dll injection][27/06/2025 16:35:37][WildStr][msedge.exe]

[Throw dll injection][27/06/2025 16:35:37][WildStr][msedge.exe]

[Throw dll injection][27/06/2025 16:35:37][WildStr][svchost.exe]

[Throw dll injection][27/06/2025 16:35:37][WildStr][svchost.exe]

[Throw dll injection][27/06/2025 16:35:37][WildStr][svchost.exe]

[Throw dll injection][27/06/2025 16:35:37][WildStr][svchost.exe]

[Throw dll injection][27/06/2025 16:35:37][WildStr][svchost.exe]

[Throw dll injection][27/06/2025 16:35:37][WildStr][svchost.exe]

[Throw dll injection][27/06/2025 16:35:37][WildStr][dllhost.exe]

[Throw dll injection][27/06/2025 16:35:37][WildStr][dllhost.exe]

[Throw dll injection][27/06/2025 16:35:37][WildStr][ShellExperienceHost.exe]

[Throw dll injection][27/06/2025 16:35:37][WildStr][ShellExperienceHost.exe]

[Throw dll injection][27/06/2025 16:35:37][WildStr][RuntimeBroker.exe]

[Throw dll injection][27/06/2025 16:35:37][WildStr][RuntimeBroker.exe]

[Throw dll injection][27/06/2025 16:35:37][WildStr][vctip.exe]

[Throw dll injection][27/06/2025 16:35:37][WildStr][vctip.exe]

[Throw dll injection][27/06/2025 16:35:37][WildStr][cpptools-srv.exe]

[Throw dll injection][27/06/2025 16:35:37][WildStr][cpptools-srv.exe]

[Throw dll injection][27/06/2025 16:35:37][WildStr][conhost.exe]

[Throw dll injection][27/06/2025 16:35:37][WildStr][conhost.exe]

[Throw dll injection][27/06/2025 16:35:37][WildStr][cpptools-srv.exe]

[Throw dll injection][27/06/2025 16:35:37][WildStr][cpptools-srv.exe]

[Throw dll injection][27/06/2025 16:35:37][WildStr][conhost.exe]

[Throw dll injection][27/06/2025 16:35:37][WildStr][conhost.exe]

[Throw dll injection][27/06/2025 16:35:37][WildStr][svchost.exe]

[Throw dll injection][27/06/2025 16:35:37][WildStr][svchost.exe]

[Throw dll injection][27/06/2025 16:35:37][Str][SystemTimeOfDayInformation]

[Throw dll injection][27/06/2025 16:35:37][WildStr][Taskmgr.exe]

[Throw dll injection][27/06/2025 16:35:38][Str][OrigNtQuerySystemInformation failed: 0xC0000023
]

[Throw dll injection][27/06/2025 16:35:38][Str][Noinfo]

[Throw dll injection][27/06/2025 16:35:38][Str][Noinfo]

[Throw dll injection][27/06/2025 16:35:38][Str][Noinfo]

[Throw dll injection][27/06/2025 16:35:38][Str][SystemProcessInformation]

[Throw dll injection][27/06/2025 16:35:38][Str][SystemProcessInformation]

[Throw dll injection][27/06/2025 16:35:38][WildStr][System]

[Throw dll injection][27/06/2025 16:35:38][WildStr][Registry]

[Throw dll injection][27/06/2025 16:35:38][WildStr][System]

[Throw dll injection][27/06/2025 16:35:38][WildStr][smss.exe]

[Throw dll injection][27/06/2025 16:35:38][WildStr][csrss.exe]

[Throw dll injection][27/06/2025 16:35:38][WildStr][Registry]

[Throw dll injection][27/06/2025 16:35:38][WildStr][wininit.exe]

[Throw dll injection][27/06/2025 16:35:38][WildStr][csrss.exe]

[Throw dll injection][27/06/2025 16:35:38][WildStr][smss.exe]

[Throw dll injection][27/06/2025 16:35:38][WildStr][winlogon.exe]

[Throw dll injection][27/06/2025 16:35:38][WildStr][services.exe]

[Throw dll injection][27/06/2025 16:35:38][WildStr][csrss.exe]

[Throw dll injection][27/06/2025 16:35:38][WildStr][lsass.exe]

[Throw dll injection][27/06/2025 16:35:38][WildStr][svchost.exe]

[Throw dll injection][27/06/2025 16:35:38][WildStr][wininit.exe]

[Throw dll injection][27/06/2025 16:35:38][WildStr][fontdrvhost.exe]

[Throw dll injection][27/06/2025 16:35:38][WildStr][fontdrvhost.exe]

[Throw dll injection][27/06/2025 16:35:38][WildStr][csrss.exe]

[Throw dll injection][27/06/2025 16:35:38][WildStr][svchost.exe]

[Throw dll injection][27/06/2025 16:35:38][WildStr][svchost.exe]

[Throw dll injection][27/06/2025 16:35:38][WildStr][dwm.exe]

[Throw dll injection][27/06/2025 16:35:38][WildStr][winlogon.exe]

[Throw dll injection][27/06/2025 16:35:38][WildStr][svchost.exe]

[Throw dll injection][27/06/2025 16:35:38][WildStr][services.exe]

[Throw dll injection][27/06/2025 16:35:38][WildStr][svchost.exe]

[Throw dll injection][27/06/2025 16:35:38][WildStr][lsass.exe]

[Throw dll injection][27/06/2025 16:35:38][WildStr][svchost.exe]

[Throw dll injection][27/06/2025 16:35:38][WildStr][svchost.exe]

[Throw dll injection][27/06/2025 16:35:38][WildStr][svchost.exe]

[Throw dll injection][27/06/2025 16:35:38][WildStr][fontdrvhost.exe]

[Throw dll injection][27/06/2025 16:35:38][WildStr][svchost.exe]

[Throw dll injection][27/06/2025 16:35:38][WildStr][fontdrvhost.exe]

[Throw dll injection][27/06/2025 16:35:38][WildStr][svchost.exe]

[Throw dll injection][27/06/2025 16:35:38][WildStr][svchost.exe]

[Throw dll injection][27/06/2025 16:35:38][WildStr][svchost.exe]

[Throw dll injection][27/06/2025 16:35:38][WildStr][svchost.exe]

[Throw dll injection][27/06/2025 16:35:38][WildStr][svchost.exe]

[Throw dll injection][27/06/2025 16:35:38][WildStr][dwm.exe]

[Throw dll injection][27/06/2025 16:35:38][WildStr][svchost.exe]

[Throw dll injection][27/06/2025 16:35:38][WildStr][svchost.exe]

[Throw dll injection][27/06/2025 16:35:38][WildStr][svchost.exe]

[Throw dll injection][27/06/2025 16:35:38][WildStr][svchost.exe]

[Throw dll injection][27/06/2025 16:35:38][WildStr][svchost.exe]

[Throw dll injection][27/06/2025 16:35:38][WildStr][svchost.exe]

[Throw dll injection][27/06/2025 16:35:38][WildStr][svchost.exe]

[Throw dll injection][27/06/2025 16:35:38][WildStr][svchost.exe]

[Throw dll injection][27/06/2025 16:35:38][WildStr][svchost.exe]

[Throw dll injection][27/06/2025 16:35:38][WildStr][svchost.exe]

[Throw dll injection][27/06/2025 16:35:38][WildStr][VBoxService.exe]

[Throw dll injection][27/06/2025 16:35:38][WildStr][svchost.exe]

[Throw dll injection][27/06/2025 16:35:38][WildStr][svchost.exe]

[Throw dll injection][27/06/2025 16:35:38][WildStr][svchost.exe]

[Throw dll injection][27/06/2025 16:35:38][WildStr][svchost.exe]

[Throw dll injection][27/06/2025 16:35:38][WildStr][svchost.exe]

[Throw dll injection][27/06/2025 16:35:38][WildStr][svchost.exe]

[Throw dll injection][27/06/2025 16:35:38][WildStr][svchost.exe]

[Throw dll injection][27/06/2025 16:35:38][WildStr][svchost.exe]

[Throw dll injection][27/06/2025 16:35:38][WildStr][svchost.exe]

[Throw dll injection][27/06/2025 16:35:38][WildStr][svchost.exe]

[Throw dll injection][27/06/2025 16:35:38][WildStr][svchost.exe]

[Throw dll injection][27/06/2025 16:35:38][WildStr][svchost.exe]

[Throw dll injection][27/06/2025 16:35:38][WildStr][svchost.exe]

[Throw dll injection][27/06/2025 16:35:38][WildStr][Memory Compression]

[Throw dll injection][27/06/2025 16:35:38][WildStr][svchost.exe]

[Throw dll injection][27/06/2025 16:35:38][WildStr][svchost.exe]

[Throw dll injection][27/06/2025 16:35:38][WildStr][VBoxService.exe]

[Throw dll injection][27/06/2025 16:35:38][WildStr][svchost.exe]

[Throw dll injection][27/06/2025 16:35:38][WildStr][svchost.exe]

[Throw dll injection][27/06/2025 16:35:38][WildStr][svchost.exe]

[Throw dll injection][27/06/2025 16:35:38][WildStr][svchost.exe]

[Throw dll injection][27/06/2025 16:35:38][WildStr][svchost.exe]

[Throw dll injection][27/06/2025 16:35:38][WildStr][svchost.exe]

[Throw dll injection][27/06/2025 16:35:38][WildStr][svchost.exe]

[Throw dll injection][27/06/2025 16:35:38][WildStr][svchost.exe]

[Throw dll injection][27/06/2025 16:35:38][WildStr][svchost.exe]

[Throw dll injection][27/06/2025 16:35:38][WildStr][svchost.exe]

[Throw dll injection][27/06/2025 16:35:38][WildStr][svchost.exe]

[Throw dll injection][27/06/2025 16:35:38][WildStr][svchost.exe]

[Throw dll injection][27/06/2025 16:35:38][WildStr][svchost.exe]

[Throw dll injection][27/06/2025 16:35:38][WildStr][Memory Compression]

[Throw dll injection][27/06/2025 16:35:38][WildStr][spoolsv.exe]

[Throw dll injection][27/06/2025 16:35:38][WildStr][svchost.exe]

[Throw dll injection][27/06/2025 16:35:38][WildStr][svchost.exe]

[Throw dll injection][27/06/2025 16:35:38][WildStr][svchost.exe]

[Throw dll injection][27/06/2025 16:35:38][WildStr][svchost.exe]

[Throw dll injection][27/06/2025 16:35:38][WildStr][svchost.exe]

[Throw dll injection][27/06/2025 16:35:38][WildStr][svchost.exe]

[Throw dll injection][27/06/2025 16:35:38][WildStr][svchost.exe]

[Throw dll injection][27/06/2025 16:35:38][WildStr][svchost.exe]

[Throw dll injection][27/06/2025 16:35:38][WildStr][ssh-agent.exe]

[Throw dll injection][27/06/2025 16:35:38][WildStr][svchost.exe]

[Throw dll injection][27/06/2025 16:35:38][WildStr][sshd.exe]

[Throw dll injection][27/06/2025 16:35:38][WildStr][svchost.exe]

[Throw dll injection][27/06/2025 16:35:38][WildStr][svchost.exe]

[Throw dll injection][27/06/2025 16:35:38][WildStr][svchost.exe]

[Throw dll injection][27/06/2025 16:35:38][WildStr][svchost.exe]

[Throw dll injection][27/06/2025 16:35:38][WildStr][spoolsv.exe]

[Throw dll injection][27/06/2025 16:35:38][WildStr][svchost.exe]

[Throw dll injection][27/06/2025 16:35:38][WildStr][svchost.exe]

[Throw dll injection][27/06/2025 16:35:38][WildStr][svchost.exe]

[Throw dll injection][27/06/2025 16:35:38][WildStr][svchost.exe]

[Throw dll injection][27/06/2025 16:35:38][WildStr][svchost.exe]

[Throw dll injection][27/06/2025 16:35:38][WildStr][svchost.exe]

[Throw dll injection][27/06/2025 16:35:38][WildStr][svchost.exe]

[Throw dll injection][27/06/2025 16:35:38][WildStr][svchost.exe]

[Throw dll injection][27/06/2025 16:35:38][WildStr][svchost.exe]

[Throw dll injection][27/06/2025 16:35:38][WildStr][ssh-agent.exe]

[Throw dll injection][27/06/2025 16:35:38][WildStr][svchost.exe]

[Throw dll injection][27/06/2025 16:35:38][WildStr][sshd.exe]

[Throw dll injection][27/06/2025 16:35:38][WildStr][svchost.exe]

[Throw dll injection][27/06/2025 16:35:38][WildStr][svchost.exe]

[Throw dll injection][27/06/2025 16:35:38][WildStr][MpDefenderCoreService.exe]

[Throw dll injection][27/06/2025 16:35:38][WildStr][svchost.exe]

[Throw dll injection][27/06/2025 16:35:38][WildStr][MsMpEng.exe]

[Throw dll injection][27/06/2025 16:35:38][WildStr][svchost.exe]

[Throw dll injection][27/06/2025 16:35:38][WildStr][SearchIndexer.exe]

[Throw dll injection][27/06/2025 16:35:38][WildStr][svchost.exe]

[Throw dll injection][27/06/2025 16:35:38][WildStr][AggregatorHost.exe]

[Throw dll injection][27/06/2025 16:35:38][WildStr][svchost.exe]

[Throw dll injection][27/06/2025 16:35:38][WildStr][dllhost.exe]

[Throw dll injection][27/06/2025 16:35:38][WildStr][svchost.exe]

[Throw dll injection][27/06/2025 16:35:38][WildStr][svchost.exe]

[Throw dll injection][27/06/2025 16:35:38][WildStr][svchost.exe]

[Throw dll injection][27/06/2025 16:35:38][WildStr][NisSrv.exe]

[Throw dll injection][27/06/2025 16:35:38][WildStr][svchost.exe]

[Throw dll injection][27/06/2025 16:35:38][WildStr][sihost.exe]

[Throw dll injection][27/06/2025 16:35:38][WildStr][svchost.exe]

[Throw dll injection][27/06/2025 16:35:38][WildStr][svchost.exe]

[Throw dll injection][27/06/2025 16:35:38][WildStr][MpDefenderCoreService.exe]

[Throw dll injection][27/06/2025 16:35:38][WildStr][svchost.exe]

[Throw dll injection][27/06/2025 16:35:38][WildStr][MsMpEng.exe]

[Throw dll injection][27/06/2025 16:35:38][WildStr][taskhostw.exe]

[Throw dll injection][27/06/2025 16:35:38][WildStr][SearchIndexer.exe]

[Throw dll injection][27/06/2025 16:35:38][WildStr][MicrosoftEdgeUpdate.exe]

[Throw dll injection][27/06/2025 16:35:38][WildStr][AggregatorHost.exe]

[Throw dll injection][27/06/2025 16:35:38][WildStr][svchost.exe]

[Throw dll injection][27/06/2025 16:35:38][WildStr][dllhost.exe]

[Throw dll injection][27/06/2025 16:35:38][WildStr][ctfmon.exe]

[Throw dll injection][27/06/2025 16:35:38][WildStr][svchost.exe]

[Throw dll injection][27/06/2025 16:35:38][WildStr][svchost.exe]

[Throw dll injection][27/06/2025 16:35:38][WildStr][NisSrv.exe]

[Throw dll injection][27/06/2025 16:35:38][WildStr][svchost.exe]

[Throw dll injection][27/06/2025 16:35:38][WildStr][sihost.exe]

[Throw dll injection][27/06/2025 16:35:38][WildStr][explorer.exe]

[Throw dll injection][27/06/2025 16:35:38][WildStr][svchost.exe]

[Throw dll injection][27/06/2025 16:35:38][WildStr][svchost.exe]

[Throw dll injection][27/06/2025 16:35:38][WildStr][svchost.exe]

[Throw dll injection][27/06/2025 16:35:38][WildStr][StartMenuExperienceHost.exe]

[Throw dll injection][27/06/2025 16:35:38][WildStr][taskhostw.exe]

[Throw dll injection][27/06/2025 16:35:38][WildStr][RuntimeBroker.exe]

[Throw dll injection][27/06/2025 16:35:38][WildStr][MicrosoftEdgeUpdate.exe]

[Throw dll injection][27/06/2025 16:35:38][WildStr][SearchApp.exe]

[Throw dll injection][27/06/2025 16:35:38][WildStr][svchost.exe]

[Throw dll injection][27/06/2025 16:35:38][WildStr][svchost.exe]

[Throw dll injection][27/06/2025 16:35:38][WildStr][ctfmon.exe]

[Throw dll injection][27/06/2025 16:35:38][WildStr][RuntimeBroker.exe]

[Throw dll injection][27/06/2025 16:35:38][WildStr][svchost.exe]

[Throw dll injection][27/06/2025 16:35:38][WildStr][RuntimeBroker.exe]

[Throw dll injection][27/06/2025 16:35:38][WildStr][svchost.exe]

[Throw dll injection][27/06/2025 16:35:38][WildStr][svchost.exe]

[Throw dll injection][27/06/2025 16:35:38][WildStr][explorer.exe]

[Throw dll injection][27/06/2025 16:35:38][WildStr][SecurityHealthSystray.exe]

[Throw dll injection][27/06/2025 16:35:38][WildStr][svchost.exe]

[Throw dll injection][27/06/2025 16:35:38][WildStr][SecurityHealthService.exe]

[Throw dll injection][27/06/2025 16:35:38][WildStr][StartMenuExperienceHost.exe]

[Throw dll injection][27/06/2025 16:35:38][WildStr][VBoxTray.exe]

[Throw dll injection][27/06/2025 16:35:38][WildStr][RuntimeBroker.exe]

[Throw dll injection][27/06/2025 16:35:38][WildStr][OneDrive.exe]

[Throw dll injection][27/06/2025 16:35:38][WildStr][SearchApp.exe]

[Throw dll injection][27/06/2025 16:35:38][WildStr][cmd.exe]

[Throw dll injection][27/06/2025 16:35:38][WildStr][svchost.exe]

[Throw dll injection][27/06/2025 16:35:38][WildStr][conhost.exe]

[Throw dll injection][27/06/2025 16:35:38][WildStr][RuntimeBroker.exe]

[Throw dll injection][27/06/2025 16:35:38][WildStr][svchost.exe]

[Throw dll injection][27/06/2025 16:35:38][WildStr][RuntimeBroker.exe]

[Throw dll injection][27/06/2025 16:35:38][WildStr][svchost.exe]

[Throw dll injection][27/06/2025 16:35:38][WildStr][svchost.exe]

[Throw dll injection][27/06/2025 16:35:38][WildStr][svchost.exe]

[Throw dll injection][27/06/2025 16:35:38][WildStr][SecurityHealthSystray.exe]

[Throw dll injection][27/06/2025 16:35:38][WildStr][svchost.exe]

[Throw dll injection][27/06/2025 16:35:38][WildStr][SecurityHealthService.exe]

[Throw dll injection][27/06/2025 16:35:38][WildStr][svchost.exe]

[Throw dll injection][27/06/2025 16:35:38][WildStr][VBoxTray.exe]

[Throw dll injection][27/06/2025 16:35:38][WildStr][svchost.exe]

[Throw dll injection][27/06/2025 16:35:38][WildStr][OneDrive.exe]

[Throw dll injection][27/06/2025 16:35:38][WildStr][powershell.exe]

[Throw dll injection][27/06/2025 16:35:38][WildStr][cmd.exe]

[Throw dll injection][27/06/2025 16:35:38][WildStr][Code.exe]

[Throw dll injection][27/06/2025 16:35:38][WildStr][conhost.exe]

[Throw dll injection][27/06/2025 16:35:38][WildStr][Code.exe]

[Throw dll injection][27/06/2025 16:35:38][WildStr][svchost.exe]

[Throw dll injection][27/06/2025 16:35:38][WildStr][Code.exe]

[Throw dll injection][27/06/2025 16:35:38][WildStr][svchost.exe]

[Throw dll injection][27/06/2025 16:35:38][WildStr][Code.exe]

[Throw dll injection][27/06/2025 16:35:38][WildStr][svchost.exe]

[Throw dll injection][27/06/2025 16:35:38][WildStr][Code.exe]

[Throw dll injection][27/06/2025 16:35:38][WildStr][svchost.exe]

[Throw dll injection][27/06/2025 16:35:38][WildStr][Code.exe]

[Throw dll injection][27/06/2025 16:35:38][WildStr][svchost.exe]

[Throw dll injection][27/06/2025 16:35:38][WildStr][Code.exe]

[Throw dll injection][27/06/2025 16:35:38][WildStr][svchost.exe]

[Throw dll injection][27/06/2025 16:35:38][WildStr][Code.exe]

[Throw dll injection][27/06/2025 16:35:38][WildStr][powershell.exe]

[Throw dll injection][27/06/2025 16:35:38][WildStr][Code.exe]

[Throw dll injection][27/06/2025 16:35:38][WildStr][Code.exe]

[Throw dll injection][27/06/2025 16:35:38][WildStr][conhost.exe]

[Throw dll injection][27/06/2025 16:35:38][WildStr][Code.exe]

[Throw dll injection][27/06/2025 16:35:38][WildStr][powershell.exe]

[Throw dll injection][27/06/2025 16:35:38][WildStr][Code.exe]

[Throw dll injection][27/06/2025 16:35:38][WildStr][conhost.exe]

[Throw dll injection][27/06/2025 16:35:38][WildStr][Code.exe]

[Throw dll injection][27/06/2025 16:35:38][WildStr][powershell.exe]

[Throw dll injection][27/06/2025 16:35:38][WildStr][Code.exe]

[Throw dll injection][27/06/2025 16:35:38][WildStr][TextInputHost.exe]

[Throw dll injection][27/06/2025 16:35:38][WildStr][Code.exe]

[Throw dll injection][27/06/2025 16:35:38][WildStr][Code.exe]

[Throw dll injection][27/06/2025 16:35:38][WildStr][Code.exe]

[Throw dll injection][27/06/2025 16:35:38][WildStr][cpptools.exe]

[Throw dll injection][27/06/2025 16:35:38][WildStr][Code.exe]

[Throw dll injection][27/06/2025 16:35:38][WildStr][conhost.exe]

[Throw dll injection][27/06/2025 16:35:38][WildStr][Code.exe]

[Throw dll injection][27/06/2025 16:35:38][WildStr][cpptools.exe]

[Throw dll injection][27/06/2025 16:35:38][WildStr][conhost.exe]

[Throw dll injection][27/06/2025 16:35:38][WildStr][ApplicationFrameHost.exe]

[Throw dll injection][27/06/2025 16:35:38][WildStr][powershell.exe]

[Throw dll injection][27/06/2025 16:35:38][WildStr][SystemSettings.exe]

[Throw dll injection][27/06/2025 16:35:38][WildStr][conhost.exe]

[Throw dll injection][27/06/2025 16:35:38][WildStr][UserOOBEBroker.exe]

[Throw dll injection][27/06/2025 16:35:38][WildStr][powershell.exe]

[Throw dll injection][27/06/2025 16:35:38][WildStr][SearchApp.exe]

[Throw dll injection][27/06/2025 16:35:38][WildStr][TextInputHost.exe]

[Throw dll injection][27/06/2025 16:35:38][WildStr][msedgewebview2.exe]

[Throw dll injection][27/06/2025 16:35:38][WildStr][Code.exe]

[Throw dll injection][27/06/2025 16:35:38][WildStr][msedgewebview2.exe]

[Throw dll injection][27/06/2025 16:35:38][WildStr][cpptools.exe]

[Throw dll injection][27/06/2025 16:35:38][WildStr][msedgewebview2.exe]

[Throw dll injection][27/06/2025 16:35:38][WildStr][conhost.exe]

[Throw dll injection][27/06/2025 16:35:38][WildStr][msedgewebview2.exe]

[Throw dll injection][27/06/2025 16:35:38][WildStr][cpptools.exe]

[Throw dll injection][27/06/2025 16:35:38][WildStr][msedgewebview2.exe]

[Throw dll injection][27/06/2025 16:35:38][WildStr][ApplicationFrameHost.exe]

[Throw dll injection][27/06/2025 16:35:38][WildStr][msedgewebview2.exe]

[Throw dll injection][27/06/2025 16:35:38][WildStr][SystemSettings.exe]

[Throw dll injection][27/06/2025 16:35:38][WildStr][FileCoAuth.exe]

[Throw dll injection][27/06/2025 16:35:38][WildStr][UserOOBEBroker.exe]

[Throw dll injection][27/06/2025 16:35:38][WildStr][svchost.exe]

[Throw dll injection][27/06/2025 16:35:38][WildStr][SearchApp.exe]

[Throw dll injection][27/06/2025 16:35:38][WildStr][msedge.exe]

[Throw dll injection][27/06/2025 16:35:38][WildStr][msedgewebview2.exe]

[Throw dll injection][27/06/2025 16:35:38][WildStr][msedge.exe]

[Throw dll injection][27/06/2025 16:35:38][WildStr][msedgewebview2.exe]

[Throw dll injection][27/06/2025 16:35:38][WildStr][msedge.exe]

[Throw dll injection][27/06/2025 16:35:38][WildStr][msedgewebview2.exe]

[Throw dll injection][27/06/2025 16:35:38][WildStr][msedge.exe]

[Throw dll injection][27/06/2025 16:35:38][WildStr][msedgewebview2.exe]

[Throw dll injection][27/06/2025 16:35:38][WildStr][msedge.exe]

[Throw dll injection][27/06/2025 16:35:38][WildStr][msedgewebview2.exe]

[Throw dll injection][27/06/2025 16:35:38][WildStr][svchost.exe]

[Throw dll injection][27/06/2025 16:35:38][WildStr][msedgewebview2.exe]

[Throw dll injection][27/06/2025 16:35:38][WildStr][svchost.exe]

[Throw dll injection][27/06/2025 16:35:38][WildStr][FileCoAuth.exe]

[Throw dll injection][27/06/2025 16:35:38][WildStr][svchost.exe]

[Throw dll injection][27/06/2025 16:35:38][WildStr][svchost.exe]

[Throw dll injection][27/06/2025 16:35:38][WildStr][dllhost.exe]

[Throw dll injection][27/06/2025 16:35:38][WildStr][msedge.exe]

[Throw dll injection][27/06/2025 16:35:38][WildStr][ShellExperienceHost.exe]

[Throw dll injection][27/06/2025 16:35:38][WildStr][msedge.exe]

[Throw dll injection][27/06/2025 16:35:38][WildStr][RuntimeBroker.exe]

[Throw dll injection][27/06/2025 16:35:38][WildStr][msedge.exe]

[Throw dll injection][27/06/2025 16:35:38][WildStr][vctip.exe]

[Throw dll injection][27/06/2025 16:35:38][WildStr][msedge.exe]

[Throw dll injection][27/06/2025 16:35:38][WildStr][cpptools-srv.exe]

[Throw dll injection][27/06/2025 16:35:38][WildStr][msedge.exe]

[Throw dll injection][27/06/2025 16:35:38][WildStr][conhost.exe]

[Throw dll injection][27/06/2025 16:35:38][WildStr][svchost.exe]

[Throw dll injection][27/06/2025 16:35:38][WildStr][cpptools-srv.exe]

[Throw dll injection][27/06/2025 16:35:38][WildStr][svchost.exe]

[Throw dll injection][27/06/2025 16:35:38][WildStr][conhost.exe]

[Throw dll injection][27/06/2025 16:35:38][WildStr][svchost.exe]

[Throw dll injection][27/06/2025 16:35:38][WildStr][svchost.exe]

[Throw dll injection][27/06/2025 16:35:38][WildStr][dllhost.exe]

[Throw dll injection][27/06/2025 16:35:38][WildStr][Taskmgr.exe]

[Throw dll injection][27/06/2025 16:35:38][WildStr][ShellExperienceHost.exe]

[Throw dll injection][27/06/2025 16:35:38][Str][SystemTimeOfDayInformation]

[Throw dll injection][27/06/2025 16:35:38][WildStr][RuntimeBroker.exe]

[Throw dll injection][27/06/2025 16:35:38][WildStr][vctip.exe]

[Throw dll injection][27/06/2025 16:35:38][WildStr][cpptools-srv.exe]

[Throw dll injection][27/06/2025 16:35:38][WildStr][conhost.exe]

[Throw dll injection][27/06/2025 16:35:38][WildStr][cpptools-srv.exe]

[Throw dll injection][27/06/2025 16:35:38][WildStr][conhost.exe]

[Throw dll injection][27/06/2025 16:35:38][WildStr][svchost.exe]

[Throw dll injection][27/06/2025 16:35:38][WildStr][Taskmgr.exe]

[Throw dll injection][27/06/2025 16:35:39][Str][OrigNtQuerySystemInformation failed: 0xC0000023
]

[Throw dll injection][27/06/2025 16:35:39][Str][Noinfo]

[Throw dll injection][27/06/2025 16:35:39][Str][Noinfo]

[Throw dll injection][27/06/2025 16:35:39][Str][Noinfo]

[Throw dll injection][27/06/2025 16:35:39][Str][SystemProcessInformation]

[Throw dll injection][27/06/2025 16:35:39][Str][SystemProcessInformation]

[Throw dll injection][27/06/2025 16:35:39][WildStr][System]

[Throw dll injection][27/06/2025 16:35:39][WildStr][System]

[Throw dll injection][27/06/2025 16:35:39][WildStr][Registry]

[Throw dll injection][27/06/2025 16:35:39][WildStr][smss.exe]

[Throw dll injection][27/06/2025 16:35:39][WildStr][Registry]

[Throw dll injection][27/06/2025 16:35:39][WildStr][csrss.exe]

[Throw dll injection][27/06/2025 16:35:39][WildStr][smss.exe]

[Throw dll injection][27/06/2025 16:35:39][WildStr][wininit.exe]

[Throw dll injection][27/06/2025 16:35:39][WildStr][csrss.exe]

[Throw dll injection][27/06/2025 16:35:39][WildStr][csrss.exe]

[Throw dll injection][27/06/2025 16:35:39][WildStr][winlogon.exe]

[Throw dll injection][27/06/2025 16:35:39][WildStr][services.exe]

[Throw dll injection][27/06/2025 16:35:39][WildStr][csrss.exe]

[Throw dll injection][27/06/2025 16:35:39][WildStr][lsass.exe]

[Throw dll injection][27/06/2025 16:35:39][WildStr][winlogon.exe]

[Throw dll injection][27/06/2025 16:35:39][WildStr][fontdrvhost.exe]

[Throw dll injection][27/06/2025 16:35:39][WildStr][fontdrvhost.exe]

[Throw dll injection][27/06/2025 16:35:39][WildStr][services.exe]

[Throw dll injection][27/06/2025 16:35:39][WildStr][svchost.exe]

[Throw dll injection][27/06/2025 16:35:39][WildStr][svchost.exe]

[Throw dll injection][27/06/2025 16:35:39][WildStr][lsass.exe]

[Throw dll injection][27/06/2025 16:35:39][WildStr][dwm.exe]

[Throw dll injection][27/06/2025 16:35:39][WildStr][svchost.exe]

[Throw dll injection][27/06/2025 16:35:39][WildStr][svchost.exe]

[Throw dll injection][27/06/2025 16:35:39][WildStr][svchost.exe]

[Throw dll injection][27/06/2025 16:35:39][WildStr][fontdrvhost.exe]

[Throw dll injection][27/06/2025 16:35:39][WildStr][svchost.exe]

[Throw dll injection][27/06/2025 16:35:39][WildStr][fontdrvhost.exe]

[Throw dll injection][27/06/2025 16:35:39][WildStr][svchost.exe]

[Throw dll injection][27/06/2025 16:35:39][WildStr][svchost.exe]

[Throw dll injection][27/06/2025 16:35:39][WildStr][svchost.exe]

[Throw dll injection][27/06/2025 16:35:39][WildStr][svchost.exe]

[Throw dll injection][27/06/2025 16:35:39][WildStr][svchost.exe]

[Throw dll injection][27/06/2025 16:35:39][WildStr][svchost.exe]

[Throw dll injection][27/06/2025 16:35:39][WildStr][svchost.exe]

[Throw dll injection][27/06/2025 16:35:39][WildStr][dwm.exe]

[Throw dll injection][27/06/2025 16:35:39][WildStr][svchost.exe]

[Throw dll injection][27/06/2025 16:35:39][WildStr][svchost.exe]

[Throw dll injection][27/06/2025 16:35:39][WildStr][svchost.exe]

[Throw dll injection][27/06/2025 16:35:39][WildStr][svchost.exe]

[Throw dll injection][27/06/2025 16:35:39][WildStr][svchost.exe]

[Throw dll injection][27/06/2025 16:35:39][WildStr][VBoxService.exe]

[Throw dll injection][27/06/2025 16:35:39][WildStr][svchost.exe]

[Throw dll injection][27/06/2025 16:35:39][WildStr][svchost.exe]

[Throw dll injection][27/06/2025 16:35:39][WildStr][svchost.exe]

[Throw dll injection][27/06/2025 16:35:39][WildStr][svchost.exe]

[Throw dll injection][27/06/2025 16:35:39][WildStr][svchost.exe]

[Throw dll injection][27/06/2025 16:35:39][WildStr][svchost.exe]

[Throw dll injection][27/06/2025 16:35:39][WildStr][svchost.exe]

[Throw dll injection][27/06/2025 16:35:39][WildStr][svchost.exe]

[Throw dll injection][27/06/2025 16:35:39][WildStr][svchost.exe]

[Throw dll injection][27/06/2025 16:35:39][WildStr][Memory Compression]

[Throw dll injection][27/06/2025 16:35:39][WildStr][svchost.exe]

[Throw dll injection][27/06/2025 16:35:39][WildStr][svchost.exe]

[Throw dll injection][27/06/2025 16:35:39][WildStr][svchost.exe]

[Throw dll injection][27/06/2025 16:35:39][WildStr][svchost.exe]

[Throw dll injection][27/06/2025 16:35:39][WildStr][svchost.exe]

[Throw dll injection][27/06/2025 16:35:39][WildStr][svchost.exe]

[Throw dll injection][27/06/2025 16:35:39][WildStr][svchost.exe]

[Throw dll injection][27/06/2025 16:35:39][WildStr][svchost.exe]

[Throw dll injection][27/06/2025 16:35:39][WildStr][svchost.exe]

[Throw dll injection][27/06/2025 16:35:39][WildStr][svchost.exe]

[Throw dll injection][27/06/2025 16:35:39][WildStr][svchost.exe]

[Throw dll injection][27/06/2025 16:35:39][WildStr][svchost.exe]

[Throw dll injection][27/06/2025 16:35:39][WildStr][VBoxService.exe]

[Throw dll injection][27/06/2025 16:35:39][WildStr][svchost.exe]

[Throw dll injection][27/06/2025 16:35:39][WildStr][svchost.exe]

[Throw dll injection][27/06/2025 16:35:39][WildStr][spoolsv.exe]

[Throw dll injection][27/06/2025 16:35:39][WildStr][svchost.exe]

[Throw dll injection][27/06/2025 16:35:39][WildStr][svchost.exe]

[Throw dll injection][27/06/2025 16:35:39][WildStr][svchost.exe]

[Throw dll injection][27/06/2025 16:35:39][WildStr][svchost.exe]

[Throw dll injection][27/06/2025 16:35:39][WildStr][svchost.exe]

[Throw dll injection][27/06/2025 16:35:39][WildStr][svchost.exe]

[Throw dll injection][27/06/2025 16:35:39][WildStr][svchost.exe]

[Throw dll injection][27/06/2025 16:35:39][WildStr][svchost.exe]

[Throw dll injection][27/06/2025 16:35:39][WildStr][svchost.exe]

[Throw dll injection][27/06/2025 16:35:39][WildStr][Memory Compression]

[Throw dll injection][27/06/2025 16:35:39][WildStr][ssh-agent.exe]

[Throw dll injection][27/06/2025 16:35:39][WildStr][svchost.exe]

[Throw dll injection][27/06/2025 16:35:39][WildStr][sshd.exe]

[Throw dll injection][27/06/2025 16:35:39][WildStr][svchost.exe]

[Throw dll injection][27/06/2025 16:35:39][WildStr][svchost.exe]

[Throw dll injection][27/06/2025 16:35:39][WildStr][svchost.exe]

[Throw dll injection][27/06/2025 16:35:39][WildStr][svchost.exe]

[Throw dll injection][27/06/2025 16:35:39][WildStr][svchost.exe]

[Throw dll injection][27/06/2025 16:35:39][WildStr][svchost.exe]

[Throw dll injection][27/06/2025 16:35:39][WildStr][svchost.exe]

[Throw dll injection][27/06/2025 16:35:39][WildStr][svchost.exe]

[Throw dll injection][27/06/2025 16:35:39][WildStr][svchost.exe]

[Throw dll injection][27/06/2025 16:35:39][WildStr][svchost.exe]

[Throw dll injection][27/06/2025 16:35:39][WildStr][svchost.exe]

[Throw dll injection][27/06/2025 16:35:39][WildStr][svchost.exe]

[Throw dll injection][27/06/2025 16:35:39][WildStr][svchost.exe]

[Throw dll injection][27/06/2025 16:35:39][WildStr][spoolsv.exe]

[Throw dll injection][27/06/2025 16:35:39][WildStr][svchost.exe]

[Throw dll injection][27/06/2025 16:35:39][WildStr][svchost.exe]

[Throw dll injection][27/06/2025 16:35:39][WildStr][svchost.exe]

[Throw dll injection][27/06/2025 16:35:39][WildStr][svchost.exe]

[Throw dll injection][27/06/2025 16:35:39][WildStr][MpDefenderCoreService.exe]

[Throw dll injection][27/06/2025 16:35:39][WildStr][svchost.exe]

[Throw dll injection][27/06/2025 16:35:39][WildStr][MsMpEng.exe]

[Throw dll injection][27/06/2025 16:35:39][WildStr][svchost.exe]

[Throw dll injection][27/06/2025 16:35:39][WildStr][SearchIndexer.exe]

[Throw dll injection][27/06/2025 16:35:39][WildStr][ssh-agent.exe]

[Throw dll injection][27/06/2025 16:35:39][WildStr][AggregatorHost.exe]

[Throw dll injection][27/06/2025 16:35:39][WildStr][sshd.exe]

[Throw dll injection][27/06/2025 16:35:39][WildStr][dllhost.exe]

[Throw dll injection][27/06/2025 16:35:39][WildStr][svchost.exe]

[Throw dll injection][27/06/2025 16:35:39][WildStr][svchost.exe]

[Throw dll injection][27/06/2025 16:35:39][WildStr][svchost.exe]

[Throw dll injection][27/06/2025 16:35:39][WildStr][NisSrv.exe]

[Throw dll injection][27/06/2025 16:35:39][WildStr][svchost.exe]

[Throw dll injection][27/06/2025 16:35:39][WildStr][sihost.exe]

[Throw dll injection][27/06/2025 16:35:39][WildStr][svchost.exe]

[Throw dll injection][27/06/2025 16:35:39][WildStr][svchost.exe]

[Throw dll injection][27/06/2025 16:35:39][WildStr][svchost.exe]

[Throw dll injection][27/06/2025 16:35:39][WildStr][svchost.exe]

[Throw dll injection][27/06/2025 16:35:39][WildStr][taskhostw.exe]

[Throw dll injection][27/06/2025 16:35:39][WildStr][svchost.exe]
pdate.exe]

[Throw dll injection][27/06/2025 16:35:39][WildStr][svchost.exe]

[Throw dll injection][27/06/2025 16:35:39][WildStr][ctfmon.exe]

[Throw dll injection][27/06/2025 16:35:39][WildStr][svchost.exe]

[Throw dll injection][27/06/2025 16:35:39][WildStr][svchost.exe]

[Throw dll injection][27/06/2025 16:35:39][WildStr][svchost.exe]

[Throw dll injection][27/06/2025 16:35:39][WildStr][svchost.exe]

[Throw dll injection][27/06/2025 16:35:39][WildStr][explorer.exe]

[Throw dll injection][27/06/2025 16:35:39][WildStr][MpDefenderCoreService.exe]

[Throw dll injection][27/06/2025 16:35:39][WildStr][MsMpEng.exe]

[Throw dll injection][27/06/2025 16:35:39][WildStr][svchost.exe]

[Throw dll injection][27/06/2025 16:35:39][WildStr][StartMenuExperienceHost.exe]

[Throw dll injection][27/06/2025 16:35:39][WildStr][AggregatorHost.exe]

[Throw dll injection][27/06/2025 16:35:39][WildStr][RuntimeBroker.exe]

[Throw dll injection][27/06/2025 16:35:39][WildStr][dllhost.exe]

[Throw dll injection][27/06/2025 16:35:39][WildStr][SearchApp.exe]

[Throw dll injection][27/06/2025 16:35:39][WildStr][svchost.exe]

[Throw dll injection][27/06/2025 16:35:39][WildStr][svchost.exe]

[Throw dll injection][27/06/2025 16:35:39][WildStr][NisSrv.exe]

[Throw dll injection][27/06/2025 16:35:39][WildStr][RuntimeBroker.exe]

[Throw dll injection][27/06/2025 16:35:39][WildStr][sihost.exe]
.exe]

[Throw dll injection][27/06/2025 16:35:39][WildStr][svchost.exe]

[Throw dll injection][27/06/2025 16:35:39][WildStr][SecurityHealthSystray.exe]

[Throw dll injection][27/06/2025 16:35:39][WildStr][svchost.exe]

[Throw dll injection][27/06/2025 16:35:39][WildStr][SecurityHealthService.exe]

[Throw dll injection][27/06/2025 16:35:39][WildStr][taskhostw.exe]

[Throw dll injection][27/06/2025 16:35:39][WildStr][VBoxTray.exe]

[Throw dll injection][27/06/2025 16:35:39][WildStr][MicrosoftEdgeUpdate.exe]

[Throw dll injection][27/06/2025 16:35:39][WildStr][OneDrive.exe]

[Throw dll injection][27/06/2025 16:35:39][WildStr][svchost.exe]

[Throw dll injection][27/06/2025 16:35:39][WildStr][cmd.exe]

[Throw dll injection][27/06/2025 16:35:39][WildStr][ctfmon.exe]

[Throw dll injection][27/06/2025 16:35:39][WildStr][conhost.exe]

[Throw dll injection][27/06/2025 16:35:39][WildStr][svchost.exe]

[Throw dll injection][27/06/2025 16:35:39][WildStr][svchost.exe]

[Throw dll injection][27/06/2025 16:35:39][WildStr][svchost.exe]

[Throw dll injection][27/06/2025 16:35:39][WildStr][svchost.exe]

[Throw dll injection][27/06/2025 16:35:39][WildStr][explorer.exe]

[Throw dll injection][27/06/2025 16:35:39][WildStr][svchost.exe]

[Throw dll injection][27/06/2025 16:35:39][WildStr][svchost.exe]

[Throw dll injection][27/06/2025 16:35:39][WildStr][StartMenuExperienceHost.exe]

[Throw dll injection][27/06/2025 16:35:39][WildStr][svchost.exe]

[Throw dll injection][27/06/2025 16:35:39][WildStr][RuntimeBroker.exe]

[Throw dll injection][27/06/2025 16:35:39][WildStr][svchost.exe]

[Throw dll injection][27/06/2025 16:35:39][WildStr][SearchApp.exe]

[Throw dll injection][27/06/2025 16:35:39][WildStr][svchost.exe]

[Throw dll injection][27/06/2025 16:35:39][WildStr][svchost.exe]

[Throw dll injection][27/06/2025 16:35:39][WildStr][powershell.exe]

[Throw dll injection][27/06/2025 16:35:39][WildStr][RuntimeBroker.exe]

[Throw dll injection][27/06/2025 16:35:39][WildStr][Code.exe]

[Throw dll injection][27/06/2025 16:35:39][WildStr][RuntimeBroker.exe]

[Throw dll injection][27/06/2025 16:35:39][WildStr][Code.exe]

[Throw dll injection][27/06/2025 16:35:39][WildStr][svchost.exe]

[Throw dll injection][27/06/2025 16:35:39][WildStr][Code.exe]

[Throw dll injection][27/06/2025 16:35:39][WildStr][SecurityHealthSystray.exe]

[Throw dll injection][27/06/2025 16:35:39][WildStr][Code.exe]

[Throw dll injection][27/06/2025 16:35:39][WildStr][SecurityHealthService.exe]

[Throw dll injection][27/06/2025 16:35:39][WildStr][Code.exe]

[Throw dll injection][27/06/2025 16:35:39][WildStr][VBoxTray.exe]

[Throw dll injection][27/06/2025 16:35:39][WildStr][Code.exe]

[Throw dll injection][27/06/2025 16:35:39][WildStr][OneDrive.exe]

[Throw dll injection][27/06/2025 16:35:39][WildStr][Code.exe]

[Throw dll injection][27/06/2025 16:35:39][WildStr][cmd.exe]

[Throw dll injection][27/06/2025 16:35:39][WildStr][Code.exe]

[Throw dll injection][27/06/2025 16:35:39][WildStr][conhost.exe]

[Throw dll injection][27/06/2025 16:35:39][WildStr][Code.exe]

[Throw dll injection][27/06/2025 16:35:39][WildStr][svchost.exe]

[Throw dll injection][27/06/2025 16:35:39][WildStr][conhost.exe]

[Throw dll injection][27/06/2025 16:35:39][WildStr][svchost.exe]

[Throw dll injection][27/06/2025 16:35:39][WildStr][powershell.exe]

[Throw dll injection][27/06/2025 16:35:39][WildStr][svchost.exe]

[Throw dll injection][27/06/2025 16:35:39][WildStr][conhost.exe]

[Throw dll injection][27/06/2025 16:35:39][WildStr][svchost.exe]

[Throw dll injection][27/06/2025 16:35:39][WildStr][powershell.exe]

[Throw dll injection][27/06/2025 16:35:39][WildStr][svchost.exe]

[Throw dll injection][27/06/2025 16:35:39][WildStr][TextInputHost.exe]

[Throw dll injection][27/06/2025 16:35:39][WildStr][svchost.exe]

[Throw dll injection][27/06/2025 16:35:39][WildStr][Code.exe]

[Throw dll injection][27/06/2025 16:35:39][WildStr][powershell.exe]

[Throw dll injection][27/06/2025 16:35:39][WildStr][cpptools.exe]

[Throw dll injection][27/06/2025 16:35:39][WildStr][Code.exe]

[Throw dll injection][27/06/2025 16:35:39][WildStr][conhost.exe]

[Throw dll injection][27/06/2025 16:35:39][WildStr][Code.exe]

[Throw dll injection][27/06/2025 16:35:39][WildStr][cpptools.exe]

[Throw dll injection][27/06/2025 16:35:39][WildStr][Code.exe]

[Throw dll injection][27/06/2025 16:35:39][WildStr][ApplicationFrameHost.exe]

[Throw dll injection][27/06/2025 16:35:39][WildStr][Code.exe]

[Throw dll injection][27/06/2025 16:35:39][WildStr][SystemSettings.exe]

[Throw dll injection][27/06/2025 16:35:39][WildStr][Code.exe]

[Throw dll injection][27/06/2025 16:35:39][WildStr][UserOOBEBroker.exe]

[Throw dll injection][27/06/2025 16:35:39][WildStr][Code.exe]

[Throw dll injection][27/06/2025 16:35:39][WildStr][SearchApp.exe]

[Throw dll injection][27/06/2025 16:35:39][WildStr][Code.exe]

[Throw dll injection][27/06/2025 16:35:39][WildStr][msedgewebview2.exe]

[Throw dll injection][27/06/2025 16:35:39][WildStr][Code.exe]

[Throw dll injection][27/06/2025 16:35:39][WildStr][msedgewebview2.exe]

[Throw dll injection][27/06/2025 16:35:39][WildStr][Code.exe]

[Throw dll injection][27/06/2025 16:35:39][WildStr][msedgewebview2.exe]

[Throw dll injection][27/06/2025 16:35:39][WildStr][conhost.exe]

[Throw dll injection][27/06/2025 16:35:39][WildStr][msedgewebview2.exe]

[Throw dll injection][27/06/2025 16:35:39][WildStr][powershell.exe]

[Throw dll injection][27/06/2025 16:35:39][WildStr][msedgewebview2.exe]

[Throw dll injection][27/06/2025 16:35:39][WildStr][conhost.exe]

[Throw dll injection][27/06/2025 16:35:39][WildStr][msedgewebview2.exe]

[Throw dll injection][27/06/2025 16:35:39][WildStr][powershell.exe]

[Throw dll injection][27/06/2025 16:35:39][WildStr][FileCoAuth.exe]

[Throw dll injection][27/06/2025 16:35:39][WildStr][TextInputHost.exe]

[Throw dll injection][27/06/2025 16:35:39][WildStr][svchost.exe]

[Throw dll injection][27/06/2025 16:35:39][WildStr][Code.exe]

[Throw dll injection][27/06/2025 16:35:39][WildStr][msedge.exe]

[Throw dll injection][27/06/2025 16:35:39][WildStr][cpptools.exe]

[Throw dll injection][27/06/2025 16:35:39][WildStr][msedge.exe]

[Throw dll injection][27/06/2025 16:35:39][WildStr][conhost.exe]

[Throw dll injection][27/06/2025 16:35:39][WildStr][msedge.exe]

[Throw dll injection][27/06/2025 16:35:39][WildStr][cpptools.exe]

[Throw dll injection][27/06/2025 16:35:39][WildStr][msedge.exe]

[Throw dll injection][27/06/2025 16:35:39][WildStr][ApplicationFrameHost.exe]

[Throw dll injection][27/06/2025 16:35:39][WildStr][msedge.exe]

[Throw dll injection][27/06/2025 16:35:39][WildStr][SystemSettings.exe]

[Throw dll injection][27/06/2025 16:35:39][WildStr][svchost.exe]

[Throw dll injection][27/06/2025 16:35:39][WildStr][UserOOBEBroker.exe]

[Throw dll injection][27/06/2025 16:35:39][WildStr][svchost.exe]

[Throw dll injection][27/06/2025 16:35:39][WildStr][SearchApp.exe]

[Throw dll injection][27/06/2025 16:35:39][WildStr][svchost.exe]

[Throw dll injection][27/06/2025 16:35:39][WildStr][msedgewebview2.exe]

[Throw dll injection][27/06/2025 16:35:39][WildStr][dllhost.exe]

[Throw dll injection][27/06/2025 16:35:39][WildStr][msedgewebview2.exe]

[Throw dll injection][27/06/2025 16:35:39][WildStr][ShellExperienceHost.exe]

[Throw dll injection][27/06/2025 16:35:39][WildStr][msedgewebview2.exe]

[Throw dll injection][27/06/2025 16:35:39][WildStr][RuntimeBroker.exe]

[Throw dll injection][27/06/2025 16:35:39][WildStr][msedgewebview2.exe]

[Throw dll injection][27/06/2025 16:35:39][WildStr][vctip.exe]

[Throw dll injection][27/06/2025 16:35:39][WildStr][msedgewebview2.exe]

[Throw dll injection][27/06/2025 16:35:39][WildStr][cpptools-srv.exe]

[Throw dll injection][27/06/2025 16:35:39][WildStr][msedgewebview2.exe]

[Throw dll injection][27/06/2025 16:35:39][WildStr][conhost.exe]

[Throw dll injection][27/06/2025 16:35:39][WildStr][FileCoAuth.exe]

[Throw dll injection][27/06/2025 16:35:39][WildStr][cpptools-srv.exe]

[Throw dll injection][27/06/2025 16:35:39][WildStr][svchost.exe]

[Throw dll injection][27/06/2025 16:35:39][WildStr][conhost.exe]

[Throw dll injection][27/06/2025 16:35:39][WildStr][msedge.exe]

[Throw dll injection][27/06/2025 16:35:39][WildStr][svchost.exe]

[Throw dll injection][27/06/2025 16:35:39][WildStr][msedge.exe]

[Throw dll injection][27/06/2025 16:35:39][WildStr][Taskmgr.exe]

[Throw dll injection][27/06/2025 16:35:39][WildStr][msedge.exe]

[Throw dll injection][27/06/2025 16:35:39][WildStr][msedge.exe]

[Throw dll injection][27/06/2025 16:35:39][WildStr][msedge.exe]

[Throw dll injection][27/06/2025 16:35:39][WildStr][svchost.exe]

[Throw dll injection][27/06/2025 16:35:39][WildStr][svchost.exe]

[Throw dll injection][27/06/2025 16:35:39][WildStr][svchost.exe]

[Throw dll injection][27/06/2025 16:35:39][WildStr][dllhost.exe]

[Throw dll injection][27/06/2025 16:35:39][WildStr][ShellExperienceHost.exe]

[Throw dll injection][27/06/2025 16:35:39][WildStr][RuntimeBroker.exe]

[Throw dll injection][27/06/2025 16:35:39][WildStr][vctip.exe]

[Throw dll injection][27/06/2025 16:35:39][WildStr][cpptools-srv.exe]

[Throw dll injection][27/06/2025 16:35:39][WildStr][conhost.exe]

[Throw dll injection][27/06/2025 16:35:39][WildStr][cpptools-srv.exe]

[Throw dll injection][27/06/2025 16:35:39][WildStr][conhost.exe]

[Throw dll injection][27/06/2025 16:35:39][WildStr][svchost.exe]

[Throw dll injection][27/06/2025 16:35:39][WildStr][Taskmgr.exe]

[Throw dll injection][27/06/2025 16:35:39][Str][SystemTimeOfDayInformation]

[Throw dll injection][27/06/2025 16:35:40][Str][OrigNtQuerySystemInformation failed: 0xC0000023
]

[Throw dll injection][27/06/2025 16:35:40][Str][Noinfo]

[Throw dll injection][27/06/2025 16:35:40][Str][Noinfo]

[Throw dll injection][27/06/2025 16:35:40][Str][Noinfo]

[Throw dll injection][27/06/2025 16:35:40][Str][SystemProcessInformation]

[Throw dll injection][27/06/2025 16:35:40][WildStr][System]

[Throw dll injection][27/06/2025 16:35:40][WildStr][Registry]

[Throw dll injection][27/06/2025 16:35:40][WildStr][Registry]

[Throw dll injection][27/06/2025 16:35:40][WildStr][smss.exe]

[Throw dll injection][27/06/2025 16:35:40][WildStr][csrss.exe]

[Throw dll injection][27/06/2025 16:35:40][WildStr][smss.exe]

[Throw dll injection][27/06/2025 16:35:40][WildStr][csrss.exe]

[Throw dll injection][27/06/2025 16:35:40][WildStr][wininit.exe]

[Throw dll injection][27/06/2025 16:35:40][WildStr][wininit.exe]

[Throw dll injection][27/06/2025 16:35:40][WildStr][csrss.exe]
]

[Throw dll injection][27/06/2025 16:35:40][WildStr][services.exe]

[Throw dll injection][27/06/2025 16:35:40][WildStr][winlogon.exe]

[Throw dll injection][27/06/2025 16:35:40][WildStr][lsass.exe]

[Throw dll injection][27/06/2025 16:35:40][WildStr][services.exe]

[Throw dll injection][27/06/2025 16:35:40][WildStr][lsass.exe]


[Throw dll injection][27/06/2025 16:35:40][WildStr][fontdrvhost.exe]

[Throw dll injection][27/06/2025 16:35:40][WildStr][svchost.exe]

[Throw dll injection][27/06/2025 16:35:40][WildStr][fontdrvhost.exe]

[Throw dll injection][27/06/2025 16:35:40][WildStr][fontdrvhost.exe]

[Throw dll injection][27/06/2025 16:35:40][WildStr][svchost.exe]

[Throw dll injection][27/06/2025 16:35:40][WildStr][fontdrvhost.exe]

[Throw dll injection][27/06/2025 16:35:40][WildStr][svchost.exe]

[Throw dll injection][27/06/2025 16:35:40][WildStr][svchost.exe]

[Throw dll injection][27/06/2025 16:35:40][WildStr][svchost.exe]

[Throw dll injection][27/06/2025 16:35:40][WildStr][svchost.exe]

[Throw dll injection][27/06/2025 16:35:40][WildStr][dwm.exe]

[Throw dll injection][27/06/2025 16:35:40][WildStr][svchost.exe]

[Throw dll injection][27/06/2025 16:35:40][WildStr][svchost.exe]

[Throw dll injection][27/06/2025 16:35:40][WildStr][svchost.exe]

[Throw dll injection][27/06/2025 16:35:40][WildStr][svchost.exe]

[Throw dll injection][27/06/2025 16:35:40][WildStr][svchost.exe]

[Throw dll injection][27/06/2025 16:35:40][WildStr][svchost.exe]

[Throw dll injection][27/06/2025 16:35:40][WildStr][svchost.exe]

[Throw dll injection][27/06/2025 16:35:40][WildStr][svchost.exe]

[Throw dll injection][27/06/2025 16:35:40][WildStr][svchost.exe]

[Throw dll injection][27/06/2025 16:35:40][WildStr][svchost.exe]

[Throw dll injection][27/06/2025 16:35:40][WildStr][svchost.exe]

[Throw dll injection][27/06/2025 16:35:40][WildStr][svchost.exe]

[Throw dll injection][27/06/2025 16:35:40][WildStr][svchost.exe]

[Throw dll injection][27/06/2025 16:35:40][WildStr][svchost.exe]

[Throw dll injection][27/06/2025 16:35:40][WildStr][svchost.exe]

[Throw dll injection][27/06/2025 16:35:40][WildStr][svchost.exe]

[Throw dll injection][27/06/2025 16:35:40][WildStr][svchost.exe]

[Throw dll injection][27/06/2025 16:35:40][WildStr][svchost.exe]

[Throw dll injection][27/06/2025 16:35:40][WildStr][svchost.exe]

[Throw dll injection][27/06/2025 16:35:40][WildStr][svchost.exe]

[Throw dll injection][27/06/2025 16:35:40][WildStr][svchost.exe]

[Throw dll injection][27/06/2025 16:35:40][WildStr][VBoxService.exe]

[Throw dll injection][27/06/2025 16:35:40][WildStr][VBoxService.exe]

[Throw dll injection][27/06/2025 16:35:40][WildStr][svchost.exe]

[Throw dll injection][27/06/2025 16:35:40][WildStr][svchost.exe]

[Throw dll injection][27/06/2025 16:35:40][WildStr][svchost.exe]

[Throw dll injection][27/06/2025 16:35:40][WildStr][svchost.exe]

[Throw dll injection][27/06/2025 16:35:40][WildStr][svchost.exe]

[Throw dll injection][27/06/2025 16:35:40][WildStr][svchost.exe]

[Throw dll injection][27/06/2025 16:35:40][WildStr][svchost.exe]

[Throw dll injection][27/06/2025 16:35:40][WildStr][svchost.exe]

[Throw dll injection][27/06/2025 16:35:40][WildStr][svchost.exe]

[Throw dll injection][27/06/2025 16:35:40][WildStr][svchost.exe]

[Throw dll injection][27/06/2025 16:35:40][WildStr][svchost.exe]

[Throw dll injection][27/06/2025 16:35:40][WildStr][svchost.exe]

[Throw dll injection][27/06/2025 16:35:40][WildStr][Memory Compression]

[Throw dll injection][27/06/2025 16:35:40][WildStr][Memory Compression]

[Throw dll injection][27/06/2025 16:35:40][WildStr][svchost.exe]

[Throw dll injection][27/06/2025 16:35:40][WildStr][svchost.exe]

[Throw dll injection][27/06/2025 16:35:40][WildStr][svchost.exe]

[Throw dll injection][27/06/2025 16:35:40][WildStr][svchost.exe]

[Throw dll injection][27/06/2025 16:35:40][WildStr][svchost.exe]

[Throw dll injection][27/06/2025 16:35:40][WildStr][svchost.exe]

[Throw dll injection][27/06/2025 16:35:40][WildStr][svchost.exe]

[Throw dll injection][27/06/2025 16:35:40][WildStr][svchost.exe]

[Throw dll injection][27/06/2025 16:35:40][WildStr][svchost.exe]

[Throw dll injection][27/06/2025 16:35:40][WildStr][svchost.exe]

[Throw dll injection][27/06/2025 16:35:40][WildStr][svchost.exe]

[Throw dll injection][27/06/2025 16:35:40][WildStr][svchost.exe]

[Throw dll injection][27/06/2025 16:35:40][WildStr][svchost.exe]

[Throw dll injection][27/06/2025 16:35:40][WildStr][svchost.exe]

[Throw dll injection][27/06/2025 16:35:40][WildStr][svchost.exe]

[Throw dll injection][27/06/2025 16:35:40][WildStr][svchost.exe]

[Throw dll injection][27/06/2025 16:35:40][WildStr][spoolsv.exe]

[Throw dll injection][27/06/2025 16:35:40][WildStr][spoolsv.exe]

[Throw dll injection][27/06/2025 16:35:40][WildStr][svchost.exe]

[Throw dll injection][27/06/2025 16:35:40][WildStr][svchost.exe]

[Throw dll injection][27/06/2025 16:35:40][WildStr][svchost.exe]

[Throw dll injection][27/06/2025 16:35:40][WildStr][svchost.exe]

[Throw dll injection][27/06/2025 16:35:40][WildStr][svchost.exe]

[Throw dll injection][27/06/2025 16:35:40][WildStr][svchost.exe]

[Throw dll injection][27/06/2025 16:35:40][WildStr][svchost.exe]

[Throw dll injection][27/06/2025 16:35:40][WildStr][svchost.exe]

[Throw dll injection][27/06/2025 16:35:40][WildStr][ssh-agent.exe]

[Throw dll injection][27/06/2025 16:35:40][WildStr][ssh-agent.exe]

[Throw dll injection][27/06/2025 16:35:40][WildStr][sshd.exe]

[Throw dll injection][27/06/2025 16:35:40][WildStr][sshd.exe]

[Throw dll injection][27/06/2025 16:35:40][WildStr][svchost.exe]

[Throw dll injection][27/06/2025 16:35:40][WildStr][svchost.exe]

[Throw dll injection][27/06/2025 16:35:40][WildStr][svchost.exe]

[Throw dll injection][27/06/2025 16:35:40][WildStr][svchost.exe]

[Throw dll injection][27/06/2025 16:35:40][WildStr][svchost.exe]

[Throw dll injection][27/06/2025 16:35:40][WildStr][svchost.exe]

[Throw dll injection][27/06/2025 16:35:40][WildStr][svchost.exe]

[Throw dll injection][27/06/2025 16:35:40][WildStr][svchost.exe]

[Throw dll injection][27/06/2025 16:35:40][WildStr][svchost.exe]

[Throw dll injection][27/06/2025 16:35:40][WildStr][svchost.exe]

[Throw dll injection][27/06/2025 16:35:40][WildStr][svchost.exe]

[Throw dll injection][27/06/2025 16:35:40][WildStr][svchost.exe]

[Throw dll injection][27/06/2025 16:35:40][WildStr][svchost.exe]

[Throw dll injection][27/06/2025 16:35:40][WildStr][svchost.exe]

[Throw dll injection][27/06/2025 16:35:40][WildStr][svchost.exe]

[Throw dll injection][27/06/2025 16:35:40][WildStr][svchost.exe]

[Throw dll injection][27/06/2025 16:35:40][WildStr][svchost.exe]

[Throw dll injection][27/06/2025 16:35:40][WildStr][svchost.exe]

[Throw dll injection][27/06/2025 16:35:40][WildStr][MpDefenderCoreService.exe]

[Throw dll injection][27/06/2025 16:35:40][WildStr][MpDefenderCoreService.exe]

[Throw dll injection][27/06/2025 16:35:40][WildStr][MsMpEng.exe]

[Throw dll injection][27/06/2025 16:35:40][WildStr][MsMpEng.exe]

[Throw dll injection][27/06/2025 16:35:40][WildStr][SearchIndexer.exe]

[Throw dll injection][27/06/2025 16:35:40][WildStr][SearchIndexer.exe]

[Throw dll injection][27/06/2025 16:35:40][WildStr][AggregatorHost.exe]

[Throw dll injection][27/06/2025 16:35:40][WildStr][AggregatorHost.exe]

[Throw dll injection][27/06/2025 16:35:40][WildStr][dllhost.exe]

[Throw dll injection][27/06/2025 16:35:40][WildStr][dllhost.exe]

[Throw dll injection][27/06/2025 16:35:40][WildStr][svchost.exe]

[Throw dll injection][27/06/2025 16:35:40][WildStr][svchost.exe]

[Throw dll injection][27/06/2025 16:35:40][WildStr][NisSrv.exe]

[Throw dll injection][27/06/2025 16:35:40][WildStr][NisSrv.exe]

[Throw dll injection][27/06/2025 16:35:40][WildStr][sihost.exe]

[Throw dll injection][27/06/2025 16:35:40][WildStr][sihost.exe]

[Throw dll injection][27/06/2025 16:35:40][WildStr][svchost.exe]

[Throw dll injection][27/06/2025 16:35:40][WildStr][svchost.exe]

[Throw dll injection][27/06/2025 16:35:40][WildStr][svchost.exe]

[Throw dll injection][27/06/2025 16:35:40][WildStr][svchost.exe]

[Throw dll injection][27/06/2025 16:35:40][WildStr][taskhostw.exe]

[Throw dll injection][27/06/2025 16:35:40][WildStr][taskhostw.exe]

[Throw dll injection][27/06/2025 16:35:40][WildStr][MicrosoftEdgeUpdate.exe]

[Throw dll injection][27/06/2025 16:35:40][WildStr][svchost.exe]

[Throw dll injection][27/06/2025 16:35:40][WildStr][ctfmon.exe]

[Throw dll injection][27/06/2025 16:35:40][WildStr][svchost.exe]

[Throw dll injection][27/06/2025 16:35:40][WildStr][svchost.exe]

[Throw dll injection][27/06/2025 16:35:40][WildStr][svchost.exe]

[Throw dll injection][27/06/2025 16:35:40][WildStr][svchost.exe]

[Throw dll injection][27/06/2025 16:35:40][WildStr][explorer.exe]

[Throw dll injection][27/06/2025 16:35:40][WildStr][explorer.exe]

[Throw dll injection][27/06/2025 16:35:40][WildStr][svchost.exe]

[Throw dll injection][27/06/2025 16:35:40][WildStr][svchost.exe]

[Throw dll injection][27/06/2025 16:35:40][WildStr][StartMenuExperienceHost.exe]

[Throw dll injection][27/06/2025 16:35:40][WildStr][StartMenuExperienceHost.exe]

[Throw dll injection][27/06/2025 16:35:40][WildStr][RuntimeBroker.exe]

[Throw dll injection][27/06/2025 16:35:40][WildStr][RuntimeBroker.exe]

[Throw dll injection][27/06/2025 16:35:40][WildStr][SearchApp.exe]

[Throw dll injection][27/06/2025 16:35:40][WildStr][SearchApp.exe]

[Throw dll injection][27/06/2025 16:35:40][WildStr][svchost.exe]

[Throw dll injection][27/06/2025 16:35:40][WildStr][svchost.exe]

[Throw dll injection][27/06/2025 16:35:40][WildStr][RuntimeBroker.exe]

[Throw dll injection][27/06/2025 16:35:40][WildStr][RuntimeBroker.exe]

[Throw dll injection][27/06/2025 16:35:40][WildStr][RuntimeBroker.exe]

[Throw dll injection][27/06/2025 16:35:40][WildStr][svchost.exe]

[Throw dll injection][27/06/2025 16:35:40][WildStr][svchost.exe]

[Throw dll injection][27/06/2025 16:35:40][WildStr][SecurityHealthSystray.exe]

[Throw dll injection][27/06/2025 16:35:40][WildStr][SecurityHealthService.exe]

[Throw dll injection][27/06/2025 16:35:40][WildStr][SecurityHealthService.exe]

[Throw dll injection][27/06/2025 16:35:40][WildStr][VBoxTray.exe]

[Throw dll injection][27/06/2025 16:35:40][WildStr][VBoxTray.exe]

[Throw dll injection][27/06/2025 16:35:40][WildStr][OneDrive.exe]

[Throw dll injection][27/06/2025 16:35:40][WildStr][OneDrive.exe]

[Throw dll injection][27/06/2025 16:35:40][WildStr][cmd.exe]

[Throw dll injection][27/06/2025 16:35:40][WildStr][cmd.exe]

[Throw dll injection][27/06/2025 16:35:40][WildStr][conhost.exe]

[Throw dll injection][27/06/2025 16:35:40][WildStr][conhost.exe]

[Throw dll injection][27/06/2025 16:35:40][WildStr][svchost.exe]

[Throw dll injection][27/06/2025 16:35:40][WildStr][svchost.exe]

[Throw dll injection][27/06/2025 16:35:40][WildStr][svchost.exe]

[Throw dll injection][27/06/2025 16:35:40][WildStr][svchost.exe]

[Throw dll injection][27/06/2025 16:35:40][WildStr][svchost.exe]

[Throw dll injection][27/06/2025 16:35:40][WildStr][svchost.exe]

[Throw dll injection][27/06/2025 16:35:40][WildStr][svchost.exe]

[Throw dll injection][27/06/2025 16:35:40][WildStr][svchost.exe]

[Throw dll injection][27/06/2025 16:35:40][WildStr][svchost.exe]

[Throw dll injection][27/06/2025 16:35:40][WildStr][svchost.exe]

[Throw dll injection][27/06/2025 16:35:40][WildStr][svchost.exe]

[Throw dll injection][27/06/2025 16:35:40][WildStr][svchost.exe]

[Throw dll injection][27/06/2025 16:35:40][WildStr][powershell.exe]

[Throw dll injection][27/06/2025 16:35:40][WildStr][powershell.exe]

[Throw dll injection][27/06/2025 16:35:40][WildStr][Code.exe]

[Throw dll injection][27/06/2025 16:35:40][WildStr][Code.exe]

[Throw dll injection][27/06/2025 16:35:40][WildStr][Code.exe]

[Throw dll injection][27/06/2025 16:35:40][WildStr][Code.exe]

[Throw dll injection][27/06/2025 16:35:40][WildStr][Code.exe]

[Throw dll injection][27/06/2025 16:35:40][WildStr][Code.exe]

[Throw dll injection][27/06/2025 16:35:40][WildStr][Code.exe]

[Throw dll injection][27/06/2025 16:35:40][WildStr][Code.exe]

[Throw dll injection][27/06/2025 16:35:40][WildStr][Code.exe]

[Throw dll injection][27/06/2025 16:35:40][WildStr][Code.exe]

[Throw dll injection][27/06/2025 16:35:40][WildStr][Code.exe]

[Throw dll injection][27/06/2025 16:35:40][WildStr][Code.exe]

[Throw dll injection][27/06/2025 16:35:40][WildStr][Code.exe]

[Throw dll injection][27/06/2025 16:35:40][WildStr][Code.exe]

[Throw dll injection][27/06/2025 16:35:40][WildStr][Code.exe]

[Throw dll injection][27/06/2025 16:35:40][WildStr][Code.exe]

[Throw dll injection][27/06/2025 16:35:40][WildStr][Code.exe]

[Throw dll injection][27/06/2025 16:35:40][WildStr][Code.exe]

[Throw dll injection][27/06/2025 16:35:40][WildStr][conhost.exe]

[Throw dll injection][27/06/2025 16:35:40][WildStr][conhost.exe]

[Throw dll injection][27/06/2025 16:35:40][WildStr][powershell.exe]

[Throw dll injection][27/06/2025 16:35:40][WildStr][powershell.exe]

[Throw dll injection][27/06/2025 16:35:40][WildStr][conhost.exe]

[Throw dll injection][27/06/2025 16:35:40][WildStr][conhost.exe]

[Throw dll injection][27/06/2025 16:35:40][WildStr][powershell.exe]

[Throw dll injection][27/06/2025 16:35:40][WildStr][powershell.exe]

[Throw dll injection][27/06/2025 16:35:40][WildStr][TextInputHost.exe]

[Throw dll injection][27/06/2025 16:35:40][WildStr][TextInputHost.exe]

[Throw dll injection][27/06/2025 16:35:40][WildStr][Code.exe]

[Throw dll injection][27/06/2025 16:35:40][WildStr][Code.exe]

[Throw dll injection][27/06/2025 16:35:40][WildStr][cpptools.exe]

[Throw dll injection][27/06/2025 16:35:40][WildStr][cpptools.exe]

[Throw dll injection][27/06/2025 16:35:40][WildStr][conhost.exe]

[Throw dll injection][27/06/2025 16:35:40][WildStr][conhost.exe]

[Throw dll injection][27/06/2025 16:35:40][WildStr][cpptools.exe]

[Throw dll injection][27/06/2025 16:35:40][WildStr][cpptools.exe]

[Throw dll injection][27/06/2025 16:35:40][WildStr][ApplicationFrameHost.exe]

[Throw dll injection][27/06/2025 16:35:40][WildStr][ApplicationFrameHost.exe]

[Throw dll injection][27/06/2025 16:35:40][WildStr][SystemSettings.exe]

[Throw dll injection][27/06/2025 16:35:40][WildStr][SystemSettings.exe]

[Throw dll injection][27/06/2025 16:35:40][WildStr][UserOOBEBroker.exe]

[Throw dll injection][27/06/2025 16:35:40][WildStr][UserOOBEBroker.exe]

[Throw dll injection][27/06/2025 16:35:40][WildStr][SearchApp.exe]

[Throw dll injection][27/06/2025 16:35:40][WildStr][SearchApp.exe]

[Throw dll injection][27/06/2025 16:35:40][WildStr][msedgewebview2.exe]

[Throw dll injection][27/06/2025 16:35:40][WildStr][msedgewebview2.exe]

[Throw dll injection][27/06/2025 16:35:40][WildStr][msedgewebview2.exe]

[Throw dll injection][27/06/2025 16:35:40][WildStr][msedgewebview2.exe]

[Throw dll injection][27/06/2025 16:35:40][WildStr][msedgewebview2.exe]

[Throw dll injection][27/06/2025 16:35:40][WildStr][msedgewebview2.exe]

[Throw dll injection][27/06/2025 16:35:40][WildStr][msedgewebview2.exe]

[Throw dll injection][27/06/2025 16:35:40][WildStr][msedgewebview2.exe]

[Throw dll injection][27/06/2025 16:35:40][WildStr][msedgewebview2.exe]

[Throw dll injection][27/06/2025 16:35:40][WildStr][msedgewebview2.exe]

[Throw dll injection][27/06/2025 16:35:40][WildStr][msedgewebview2.exe]

[Throw dll injection][27/06/2025 16:35:40][WildStr][msedgewebview2.exe]

[Throw dll injection][27/06/2025 16:35:40][WildStr][FileCoAuth.exe]

[Throw dll injection][27/06/2025 16:35:40][WildStr][FileCoAuth.exe]

[Throw dll injection][27/06/2025 16:35:40][WildStr][svchost.exe]

[Throw dll injection][27/06/2025 16:35:40][WildStr][svchost.exe]

[Throw dll injection][27/06/2025 16:35:40][WildStr][msedge.exe]

[Throw dll injection][27/06/2025 16:35:40][WildStr][msedge.exe]

[Throw dll injection][27/06/2025 16:35:40][WildStr][msedge.exe]

[Throw dll injection][27/06/2025 16:35:40][WildStr][msedge.exe]

[Throw dll injection][27/06/2025 16:35:40][WildStr][msedge.exe]

[Throw dll injection][27/06/2025 16:35:40][WildStr][msedge.exe]

[Throw dll injection][27/06/2025 16:35:40][WildStr][msedge.exe]

[Throw dll injection][27/06/2025 16:35:40][WildStr][msedge.exe]

[Throw dll injection][27/06/2025 16:35:40][WildStr][msedge.exe]

[Throw dll injection][27/06/2025 16:35:40][WildStr][msedge.exe]

[Throw dll injection][27/06/2025 16:35:40][WildStr][svchost.exe]

[Throw dll injection][27/06/2025 16:35:40][WildStr][svchost.exe]

[Throw dll injection][27/06/2025 16:35:40][WildStr][svchost.exe]

[Throw dll injection][27/06/2025 16:35:40][WildStr][svchost.exe]

[Throw dll injection][27/06/2025 16:35:40][WildStr][svchost.exe]

[Throw dll injection][27/06/2025 16:35:40][WildStr][svchost.exe]

[Throw dll injection][27/06/2025 16:35:40][WildStr][dllhost.exe]

[Throw dll injection][27/06/2025 16:35:40][WildStr][dllhost.exe]

[Throw dll injection][27/06/2025 16:35:40][WildStr][ShellExperienceHost.exe]

[Throw dll injection][27/06/2025 16:35:40][WildStr][ShellExperienceHost.exe]

[Throw dll injection][27/06/2025 16:35:40][WildStr][RuntimeBroker.exe]

[Throw dll injection][27/06/2025 16:35:40][WildStr][RuntimeBroker.exe]

[Throw dll injection][27/06/2025 16:35:40][WildStr][vctip.exe]

[Throw dll injection][27/06/2025 16:35:40][WildStr][vctip.exe]

[Throw dll injection][27/06/2025 16:35:40][WildStr][cpptools-srv.exe]

[Throw dll injection][27/06/2025 16:35:40][WildStr][cpptools-srv.exe]

[Throw dll injection][27/06/2025 16:35:40][WildStr][conhost.exe]

[Throw dll injection][27/06/2025 16:35:40][WildStr][conhost.exe]

[Throw dll injection][27/06/2025 16:35:40][WildStr][cpptools-srv.exe]

[Throw dll injection][27/06/2025 16:35:40][WildStr][cpptools-srv.exe]

[Throw dll injection][27/06/2025 16:35:40][WildStr][conhost.exe]

[Throw dll injection][27/06/2025 16:35:40][WildStr][conhost.exe]

[Throw dll injection][27/06/2025 16:35:40][WildStr][svchost.exe]

[Throw dll injection][27/06/2025 16:35:40][WildStr][svchost.exe]

[Throw dll injection][27/06/2025 16:35:40][WildStr][Taskmgr.exe]

[Throw dll injection][27/06/2025 16:35:40][WildStr][Taskmgr.exe]

[Throw dll injection][27/06/2025 16:35:40][Str][SystemTimeOfDayInformation]

[Throw dll injection][27/06/2025 16:35:41][Str][OrigNtQuerySystemInformation failed: 0xC0000023
]

[Throw dll injection][27/06/2025 16:35:41][Str][Noinfo]

[Throw dll injection][27/06/2025 16:35:41][Str][Noinfo]

[Throw dll injection][27/06/2025 16:35:41][Str][Noinfo]

[Throw dll injection][27/06/2025 16:35:41][Str][SystemProcessInformation]

[Throw dll injection][27/06/2025 16:35:41][Str][SystemProcessInformation]

[Throw dll injection][27/06/2025 16:35:41][WildStr][System]

[Throw dll injection][27/06/2025 16:35:41][WildStr][Registry]

[Throw dll injection][27/06/2025 16:35:41][WildStr][System]

[Throw dll injection][27/06/2025 16:35:41][WildStr][smss.exe]

[Throw dll injection][27/06/2025 16:35:41][WildStr][Registry]

[Throw dll injection][27/06/2025 16:35:41][WildStr][csrss.exe]

[Throw dll injection][27/06/2025 16:35:41][WildStr][smss.exe]

[Throw dll injection][27/06/2025 16:35:41][WildStr][wininit.exe]

[Throw dll injection][27/06/2025 16:35:41][WildStr][csrss.exe]

[Throw dll injection][27/06/2025 16:35:41][WildStr][wininit.exe]

[Throw dll injection][27/06/2025 16:35:41][WildStr][winlogon.exe]

[Throw dll injection][27/06/2025 16:35:41][WildStr][csrss.exe]

[Throw dll injection][27/06/2025 16:35:41][WildStr][services.exe]

[Throw dll injection][27/06/2025 16:35:41][WildStr][winlogon.exe]

[Throw dll injection][27/06/2025 16:35:41][WildStr][lsass.exe]

[Throw dll injection][27/06/2025 16:35:41][WildStr][services.exe]

[Throw dll injection][27/06/2025 16:35:41][WildStr][svchost.exe]

[Throw dll injection][27/06/2025 16:35:41][WildStr][lsass.exe]

[Throw dll injection][27/06/2025 16:35:41][WildStr][fontdrvhost.exe]

[Throw dll injection][27/06/2025 16:35:41][WildStr][svchost.exe]

[Throw dll injection][27/06/2025 16:35:41][WildStr][fontdrvhost.exe]

[Throw dll injection][27/06/2025 16:35:41][WildStr][fontdrvhost.exe]

[Throw dll injection][27/06/2025 16:35:41][WildStr][fontdrvhost.exe]

[Throw dll injection][27/06/2025 16:35:41][WildStr][svchost.exe]

[Throw dll injection][27/06/2025 16:35:41][WildStr][svchost.exe]

[Throw dll injection][27/06/2025 16:35:41][WildStr][svchost.exe]

[Throw dll injection][27/06/2025 16:35:41][WildStr][svchost.exe]

[Throw dll injection][27/06/2025 16:35:41][WildStr][dwm.exe]

[Throw dll injection][27/06/2025 16:35:41][WildStr][dwm.exe]

[Throw dll injection][27/06/2025 16:35:41][WildStr][svchost.exe]

[Throw dll injection][27/06/2025 16:35:41][WildStr][svchost.exe]

[Throw dll injection][27/06/2025 16:35:41][WildStr][svchost.exe]

[Throw dll injection][27/06/2025 16:35:41][WildStr][svchost.exe]

[Throw dll injection][27/06/2025 16:35:41][WildStr][svchost.exe]

[Throw dll injection][27/06/2025 16:35:41][WildStr][svchost.exe]

[Throw dll injection][27/06/2025 16:35:41][WildStr][svchost.exe]

[Throw dll injection][27/06/2025 16:35:41][WildStr][svchost.exe]

[Throw dll injection][27/06/2025 16:35:41][WildStr][svchost.exe]

[Throw dll injection][27/06/2025 16:35:41][WildStr][svchost.exe]

[Throw dll injection][27/06/2025 16:35:41][WildStr][svchost.exe]

[Throw dll injection][27/06/2025 16:35:41][WildStr][svchost.exe]

[Throw dll injection][27/06/2025 16:35:41][WildStr][svchost.exe]

[Throw dll injection][27/06/2025 16:35:41][WildStr][svchost.exe]

[Throw dll injection][27/06/2025 16:35:41][WildStr][svchost.exe]

[Throw dll injection][27/06/2025 16:35:41][WildStr][svchost.exe]

[Throw dll injection][27/06/2025 16:35:41][WildStr][svchost.exe]

[Throw dll injection][27/06/2025 16:35:41][WildStr][svchost.exe]

[Throw dll injection][27/06/2025 16:35:41][WildStr][svchost.exe]

[Throw dll injection][27/06/2025 16:35:41][WildStr][svchost.exe]

[Throw dll injection][27/06/2025 16:35:41][WildStr][svchost.exe]

[Throw dll injection][27/06/2025 16:35:41][WildStr][svchost.exe]

[Throw dll injection][27/06/2025 16:35:41][WildStr][svchost.exe]

[Throw dll injection][27/06/2025 16:35:41][WildStr][svchost.exe]

[Throw dll injection][27/06/2025 16:35:41][WildStr][svchost.exe]

[Throw dll injection][27/06/2025 16:35:41][WildStr][VBoxService.exe]

[Throw dll injection][27/06/2025 16:35:41][WildStr][VBoxService.exe]

[Throw dll injection][27/06/2025 16:35:41][WildStr][svchost.exe]

[Throw dll injection][27/06/2025 16:35:41][WildStr][svchost.exe]

[Throw dll injection][27/06/2025 16:35:41][WildStr][svchost.exe]

[Throw dll injection][27/06/2025 16:35:41][WildStr][svchost.exe]

[Throw dll injection][27/06/2025 16:35:41][WildStr][svchost.exe]

[Throw dll injection][27/06/2025 16:35:41][WildStr][svchost.exe]

[Throw dll injection][27/06/2025 16:35:41][WildStr][svchost.exe]

[Throw dll injection][27/06/2025 16:35:41][WildStr][svchost.exe]

[Throw dll injection][27/06/2025 16:35:41][WildStr][svchost.exe]

[Throw dll injection][27/06/2025 16:35:41][WildStr][svchost.exe]

[Throw dll injection][27/06/2025 16:35:41][WildStr][svchost.exe]

[Throw dll injection][27/06/2025 16:35:41][WildStr][svchost.exe]

[Throw dll injection][27/06/2025 16:35:41][WildStr][Memory Compression]

[Throw dll injection][27/06/2025 16:35:41][WildStr][Memory Compression]

[Throw dll injection][27/06/2025 16:35:41][WildStr][svchost.exe]

[Throw dll injection][27/06/2025 16:35:41][WildStr][svchost.exe]

[Throw dll injection][27/06/2025 16:35:41][WildStr][svchost.exe]

[Throw dll injection][27/06/2025 16:35:41][WildStr][svchost.exe]

[Throw dll injection][27/06/2025 16:35:41][WildStr][svchost.exe]

[Throw dll injection][27/06/2025 16:35:41][WildStr][svchost.exe]

[Throw dll injection][27/06/2025 16:35:41][WildStr][svchost.exe]

[Throw dll injection][27/06/2025 16:35:41][WildStr][svchost.exe]

[Throw dll injection][27/06/2025 16:35:41][WildStr][svchost.exe]

[Throw dll injection][27/06/2025 16:35:41][WildStr][svchost.exe]

[Throw dll injection][27/06/2025 16:35:41][WildStr][svchost.exe]

[Throw dll injection][27/06/2025 16:35:41][WildStr][svchost.exe]

[Throw dll injection][27/06/2025 16:35:41][WildStr][svchost.exe]

[Throw dll injection][27/06/2025 16:35:41][WildStr][svchost.exe]

[Throw dll injection][27/06/2025 16:35:41][WildStr][svchost.exe]

[Throw dll injection][27/06/2025 16:35:41][WildStr][svchost.exe]

[Throw dll injection][27/06/2025 16:35:41][WildStr][spoolsv.exe]

[Throw dll injection][27/06/2025 16:35:41][WildStr][spoolsv.exe]

[Throw dll injection][27/06/2025 16:35:41][WildStr][svchost.exe]

[Throw dll injection][27/06/2025 16:35:41][WildStr][svchost.exe]

[Throw dll injection][27/06/2025 16:35:41][WildStr][svchost.exe]

[Throw dll injection][27/06/2025 16:35:41][WildStr][svchost.exe]

[Throw dll injection][27/06/2025 16:35:41][WildStr][svchost.exe]

[Throw dll injection][27/06/2025 16:35:41][WildStr][svchost.exe]

[Throw dll injection][27/06/2025 16:35:41][WildStr][svchost.exe]

[Throw dll injection][27/06/2025 16:35:41][WildStr][svchost.exe]

[Throw dll injection][27/06/2025 16:35:41][WildStr][ssh-agent.exe]

[Throw dll injection][27/06/2025 16:35:41][WildStr][ssh-agent.exe]

[Throw dll injection][27/06/2025 16:35:41][WildStr][sshd.exe]

[Throw dll injection][27/06/2025 16:35:41][WildStr][sshd.exe]

[Throw dll injection][27/06/2025 16:35:41][WildStr][svchost.exe]

[Throw dll injection][27/06/2025 16:35:41][WildStr][svchost.exe]

[Throw dll injection][27/06/2025 16:35:41][WildStr][svchost.exe]

[Throw dll injection][27/06/2025 16:35:41][WildStr][svchost.exe]

[Throw dll injection][27/06/2025 16:35:41][WildStr][svchost.exe]

[Throw dll injection][27/06/2025 16:35:41][WildStr][svchost.exe]

[Throw dll injection][27/06/2025 16:35:41][WildStr][svchost.exe]

[Throw dll injection][27/06/2025 16:35:41][WildStr][svchost.exe]

[Throw dll injection][27/06/2025 16:35:41][WildStr][svchost.exe]

[Throw dll injection][27/06/2025 16:35:41][WildStr][svchost.exe]

[Throw dll injection][27/06/2025 16:35:41][WildStr][svchost.exe]

[Throw dll injection][27/06/2025 16:35:41][WildStr][svchost.exe]

[Throw dll injection][27/06/2025 16:35:41][WildStr][svchost.exe]

[Throw dll injection][27/06/2025 16:35:41][WildStr][svchost.exe]

[Throw dll injection][27/06/2025 16:35:41][WildStr][svchost.exe]

[Throw dll injection][27/06/2025 16:35:41][WildStr][svchost.exe]

[Throw dll injection][27/06/2025 16:35:41][WildStr][svchost.exe]

[Throw dll injection][27/06/2025 16:35:41][WildStr][svchost.exe]

[Throw dll injection][27/06/2025 16:35:41][WildStr][MpDefenderCoreService.exe]

[Throw dll injection][27/06/2025 16:35:41][WildStr][MpDefenderCoreService.exe]

[Throw dll injection][27/06/2025 16:35:41][WildStr][MsMpEng.exe]

[Throw dll injection][27/06/2025 16:35:41][WildStr][MsMpEng.exe]

[Throw dll injection][27/06/2025 16:35:41][WildStr][SearchIndexer.exe]

[Throw dll injection][27/06/2025 16:35:41][WildStr][SearchIndexer.exe]

[Throw dll injection][27/06/2025 16:35:41][WildStr][AggregatorHost.exe]

[Throw dll injection][27/06/2025 16:35:41][WildStr][AggregatorHost.exe]

[Throw dll injection][27/06/2025 16:35:41][WildStr][dllhost.exe]

[Throw dll injection][27/06/2025 16:35:41][WildStr][dllhost.exe]

[Throw dll injection][27/06/2025 16:35:41][WildStr][svchost.exe]

[Throw dll injection][27/06/2025 16:35:41][WildStr][svchost.exe]

[Throw dll injection][27/06/2025 16:35:41][WildStr][NisSrv.exe]

[Throw dll injection][27/06/2025 16:35:41][WildStr][NisSrv.exe]

[Throw dll injection][27/06/2025 16:35:41][WildStr][sihost.exe]

[Throw dll injection][27/06/2025 16:35:41][WildStr][sihost.exe]

[Throw dll injection][27/06/2025 16:35:41][WildStr][svchost.exe]

[Throw dll injection][27/06/2025 16:35:41][WildStr][svchost.exe]

[Throw dll injection][27/06/2025 16:35:41][WildStr][svchost.exe]

[Throw dll injection][27/06/2025 16:35:41][WildStr][svchost.exe]

[Throw dll injection][27/06/2025 16:35:41][WildStr][taskhostw.exe]

[Throw dll injection][27/06/2025 16:35:41][WildStr][taskhostw.exe]

[Throw dll injection][27/06/2025 16:35:41][WildStr][MicrosoftEdgeUpdate.exe]

[Throw dll injection][27/06/2025 16:35:41][WildStr][MicrosoftEdgeUpdate.exe]

[Throw dll injection][27/06/2025 16:35:41][WildStr][svchost.exe]

[Throw dll injection][27/06/2025 16:35:41][WildStr][svchost.exe]

[Throw dll injection][27/06/2025 16:35:41][WildStr][ctfmon.exe]

[Throw dll injection][27/06/2025 16:35:41][WildStr][ctfmon.exe]

[Throw dll injection][27/06/2025 16:35:41][WildStr][svchost.exe]

[Throw dll injection][27/06/2025 16:35:41][WildStr][svchost.exe]

[Throw dll injection][27/06/2025 16:35:41][WildStr][svchost.exe]

[Throw dll injection][27/06/2025 16:35:41][WildStr][svchost.exe]

[Throw dll injection][27/06/2025 16:35:41][WildStr][explorer.exe]

[Throw dll injection][27/06/2025 16:35:41][WildStr][explorer.exe]

[Throw dll injection][27/06/2025 16:35:41][WildStr][svchost.exe]

[Throw dll injection][27/06/2025 16:35:41][WildStr][svchost.exe]

[Throw dll injection][27/06/2025 16:35:41][WildStr][StartMenuExperienceHost.exe]

[Throw dll injection][27/06/2025 16:35:41][WildStr][RuntimeBroker.exe]

[Throw dll injection][27/06/2025 16:35:41][WildStr][RuntimeBroker.exe]

[Throw dll injection][27/06/2025 16:35:41][WildStr][SearchApp.exe]

[Throw dll injection][27/06/2025 16:35:41][WildStr][SearchApp.exe]

[Throw dll injection][27/06/2025 16:35:41][WildStr][svchost.exe]

[Throw dll injection][27/06/2025 16:35:41][WildStr][svchost.exe]

[Throw dll injection][27/06/2025 16:35:41][WildStr][RuntimeBroker.exe]

[Throw dll injection][27/06/2025 16:35:41][WildStr][RuntimeBroker.exe]

[Throw dll injection][27/06/2025 16:35:41][WildStr][RuntimeBroker.exe]

[Throw dll injection][27/06/2025 16:35:41][WildStr][RuntimeBroker.exe]

[Throw dll injection][27/06/2025 16:35:41][WildStr][svchost.exe]

[Throw dll injection][27/06/2025 16:35:41][WildStr][svchost.exe]

[Throw dll injection][27/06/2025 16:35:41][WildStr][SecurityHealthSystray.exe]

[Throw dll injection][27/06/2025 16:35:41][WildStr][SecurityHealthSystray.exe]

[Throw dll injection][27/06/2025 16:35:41][WildStr][SecurityHealthService.exe]

[Throw dll injection][27/06/2025 16:35:41][WildStr][SecurityHealthService.exe]

[Throw dll injection][27/06/2025 16:35:41][WildStr][VBoxTray.exe]

[Throw dll injection][27/06/2025 16:35:41][WildStr][VBoxTray.exe]

[Throw dll injection][27/06/2025 16:35:41][WildStr][OneDrive.exe]

[Throw dll injection][27/06/2025 16:35:41][WildStr][OneDrive.exe]

[Throw dll injection][27/06/2025 16:35:41][WildStr][cmd.exe]

[Throw dll injection][27/06/2025 16:35:41][WildStr][cmd.exe]

[Throw dll injection][27/06/2025 16:35:41][WildStr][conhost.exe]

[Throw dll injection][27/06/2025 16:35:41][WildStr][conhost.exe]

[Throw dll injection][27/06/2025 16:35:41][WildStr][svchost.exe]

[Throw dll injection][27/06/2025 16:35:41][WildStr][svchost.exe]

[Throw dll injection][27/06/2025 16:35:41][WildStr][svchost.exe]

[Throw dll injection][27/06/2025 16:35:41][WildStr][svchost.exe]

[Throw dll injection][27/06/2025 16:35:41][WildStr][svchost.exe]

[Throw dll injection][27/06/2025 16:35:41][WildStr][svchost.exe]

[Throw dll injection][27/06/2025 16:35:41][WildStr][svchost.exe]

[Throw dll injection][27/06/2025 16:35:41][WildStr][svchost.exe]

[Throw dll injection][27/06/2025 16:35:41][WildStr][svchost.exe]

[Throw dll injection][27/06/2025 16:35:41][WildStr][svchost.exe]

[Throw dll injection][27/06/2025 16:35:41][WildStr][svchost.exe]

[Throw dll injection][27/06/2025 16:35:41][WildStr][svchost.exe]

[Throw dll injection][27/06/2025 16:35:41][WildStr][powershell.exe]

[Throw dll injection][27/06/2025 16:35:41][WildStr][powershell.exe]

[Throw dll injection][27/06/2025 16:35:41][WildStr][Code.exe]

[Throw dll injection][27/06/2025 16:35:41][WildStr][Code.exe]

[Throw dll injection][27/06/2025 16:35:41][WildStr][Code.exe]

[Throw dll injection][27/06/2025 16:35:41][WildStr][Code.exe]

[Throw dll injection][27/06/2025 16:35:41][WildStr][Code.exe]

[Throw dll injection][27/06/2025 16:35:41][WildStr][Code.exe]

[Throw dll injection][27/06/2025 16:35:41][WildStr][Code.exe]

[Throw dll injection][27/06/2025 16:35:41][WildStr][Code.exe]

[Throw dll injection][27/06/2025 16:35:41][WildStr][Code.exe]

[Throw dll injection][27/06/2025 16:35:41][WildStr][Code.exe]

[Throw dll injection][27/06/2025 16:35:41][WildStr][Code.exe]

[Throw dll injection][27/06/2025 16:35:41][WildStr][Code.exe]

[Throw dll injection][27/06/2025 16:35:41][WildStr][Code.exe]

[Throw dll injection][27/06/2025 16:35:41][WildStr][Code.exe]

[Throw dll injection][27/06/2025 16:35:41][WildStr][Code.exe]

[Throw dll injection][27/06/2025 16:35:41][WildStr][Code.exe]

[Throw dll injection][27/06/2025 16:35:41][WildStr][Code.exe]

[Throw dll injection][27/06/2025 16:35:41][WildStr][Code.exe]

[Throw dll injection][27/06/2025 16:35:41][WildStr][conhost.exe]

[Throw dll injection][27/06/2025 16:35:41][WildStr][conhost.exe]

[Throw dll injection][27/06/2025 16:35:41][WildStr][powershell.exe]

[Throw dll injection][27/06/2025 16:35:41][WildStr][powershell.exe]

[Throw dll injection][27/06/2025 16:35:41][WildStr][conhost.exe]

[Throw dll injection][27/06/2025 16:35:41][WildStr][conhost.exe]

[Throw dll injection][27/06/2025 16:35:41][WildStr][powershell.exe]

[Throw dll injection][27/06/2025 16:35:41][WildStr][powershell.exe]

[Throw dll injection][27/06/2025 16:35:41][WildStr][TextInputHost.exe]

[Throw dll injection][27/06/2025 16:35:41][WildStr][TextInputHost.exe]

[Throw dll injection][27/06/2025 16:35:41][WildStr][Code.exe]

[Throw dll injection][27/06/2025 16:35:41][WildStr][Code.exe]

[Throw dll injection][27/06/2025 16:35:41][WildStr][cpptools.exe]

[Throw dll injection][27/06/2025 16:35:41][WildStr][cpptools.exe]

[Throw dll injection][27/06/2025 16:35:41][WildStr][conhost.exe]

[Throw dll injection][27/06/2025 16:35:41][WildStr][conhost.exe]

[Throw dll injection][27/06/2025 16:35:41][WildStr][cpptools.exe]

[Throw dll injection][27/06/2025 16:35:41][WildStr][cpptools.exe]

[Throw dll injection][27/06/2025 16:35:41][WildStr][ApplicationFrameHost.exe]

[Throw dll injection][27/06/2025 16:35:41][WildStr][ApplicationFrameHost.exe]

[Throw dll injection][27/06/2025 16:35:41][WildStr][SystemSettings.exe]

[Throw dll injection][27/06/2025 16:35:41][WildStr][SystemSettings.exe]

[Throw dll injection][27/06/2025 16:35:41][WildStr][UserOOBEBroker.exe]

[Throw dll injection][27/06/2025 16:35:41][WildStr][UserOOBEBroker.exe]

[Throw dll injection][27/06/2025 16:35:41][WildStr][SearchApp.exe]

[Throw dll injection][27/06/2025 16:35:41][WildStr][SearchApp.exe]

[Throw dll injection][27/06/2025 16:35:41][WildStr][msedgewebview2.exe]

[Throw dll injection][27/06/2025 16:35:41][WildStr][msedgewebview2.exe]

[Throw dll injection][27/06/2025 16:35:41][WildStr][msedgewebview2.exe]

[Throw dll injection][27/06/2025 16:35:41][WildStr][msedgewebview2.exe]

[Throw dll injection][27/06/2025 16:35:41][WildStr][msedgewebview2.exe]

[Throw dll injection][27/06/2025 16:35:41][WildStr][msedgewebview2.exe]

[Throw dll injection][27/06/2025 16:35:41][WildStr][msedgewebview2.exe]

[Throw dll injection][27/06/2025 16:35:41][WildStr][msedgewebview2.exe]

[Throw dll injection][27/06/2025 16:35:41][WildStr][msedgewebview2.exe]

[Throw dll injection][27/06/2025 16:35:41][WildStr][msedgewebview2.exe]

[Throw dll injection][27/06/2025 16:35:41][WildStr][msedgewebview2.exe]

[Throw dll injection][27/06/2025 16:35:41][WildStr][msedgewebview2.exe]

[Throw dll injection][27/06/2025 16:35:41][WildStr][FileCoAuth.exe]

[Throw dll injection][27/06/2025 16:35:41][WildStr][FileCoAuth.exe]

[Throw dll injection][27/06/2025 16:35:41][WildStr][svchost.exe]

[Throw dll injection][27/06/2025 16:35:41][WildStr][svchost.exe]

[Throw dll injection][27/06/2025 16:35:41][WildStr][msedge.exe]

[Throw dll injection][27/06/2025 16:35:41][WildStr][msedge.exe]

[Throw dll injection][27/06/2025 16:35:41][WildStr][msedge.exe]

[Throw dll injection][27/06/2025 16:35:41][WildStr][msedge.exe]

[Throw dll injection][27/06/2025 16:35:41][WildStr][msedge.exe]

[Throw dll injection][27/06/2025 16:35:41][WildStr][msedge.exe]

[Throw dll injection][27/06/2025 16:35:41][WildStr][msedge.exe]

[Throw dll injection][27/06/2025 16:35:41][WildStr][msedge.exe]

[Throw dll injection][27/06/2025 16:35:41][WildStr][msedge.exe]

[Throw dll injection][27/06/2025 16:35:41][WildStr][svchost.exe]

[Throw dll injection][27/06/2025 16:35:41][WildStr][svchost.exe]

[Throw dll injection][27/06/2025 16:35:41][WildStr][svchost.exe]

[Throw dll injection][27/06/2025 16:35:41][WildStr][svchost.exe]

[Throw dll injection][27/06/2025 16:35:41][WildStr][svchost.exe]

[Throw dll injection][27/06/2025 16:35:41][WildStr][svchost.exe]

[Throw dll injection][27/06/2025 16:35:41][WildStr][dllhost.exe]

[Throw dll injection][27/06/2025 16:35:41][WildStr][dllhost.exe]

[Throw dll injection][27/06/2025 16:35:41][WildStr][ShellExperienceHost.exe]

[Throw dll injection][27/06/2025 16:35:41][WildStr][ShellExperienceHost.exe]

[Throw dll injection][27/06/2025 16:35:41][WildStr][RuntimeBroker.exe]

[Throw dll injection][27/06/2025 16:35:41][WildStr][RuntimeBroker.exe]

[Throw dll injection][27/06/2025 16:35:41][WildStr][vctip.exe]

[Throw dll injection][27/06/2025 16:35:41][WildStr][vctip.exe]

[Throw dll injection][27/06/2025 16:35:41][WildStr][cpptools-srv.exe]

[Throw dll injection][27/06/2025 16:35:41][WildStr][cpptools-srv.exe]

[Throw dll injection][27/06/2025 16:35:41][WildStr][conhost.exe]

[Throw dll injection][27/06/2025 16:35:41][WildStr][conhost.exe]

[Throw dll injection][27/06/2025 16:35:41][WildStr][cpptools-srv.exe]

[Throw dll injection][27/06/2025 16:35:41][WildStr][cpptools-srv.exe]

[Throw dll injection][27/06/2025 16:35:41][WildStr][conhost.exe]

[Throw dll injection][27/06/2025 16:35:41][WildStr][conhost.exe]

[Throw dll injection][27/06/2025 16:35:41][WildStr][svchost.exe]

[Throw dll injection][27/06/2025 16:35:41][WildStr][svchost.exe]

[Throw dll injection][27/06/2025 16:35:41][WildStr][Taskmgr.exe]

[Throw dll injection][27/06/2025 16:35:41][WildStr][Taskmgr.exe]

[Throw dll injection][27/06/2025 16:35:41][Str][SystemTimeOfDayInformation]

[Throw dll injection][27/06/2025 16:35:42][Str][OrigNtQuerySystemInformation failed: 0xC0000023
]

[Throw dll injection][27/06/2025 16:35:42][Str][Noinfo]

[Throw dll injection][27/06/2025 16:35:42][Str][Noinfo]

[Throw dll injection][27/06/2025 16:35:42][Str][Noinfo]

[Throw dll injection][27/06/2025 16:35:42][Str][SystemProcessInformation]

[Throw dll injection][27/06/2025 16:35:42][Str][SystemProcessInformation]

[Throw dll injection][27/06/2025 16:35:42][WildStr][System]

[Throw dll injection][27/06/2025 16:35:42][WildStr][Registry]

[Throw dll injection][27/06/2025 16:35:42][WildStr][System]

[Throw dll injection][27/06/2025 16:35:42][WildStr][smss.exe]

[Throw dll injection][27/06/2025 16:35:42][WildStr][csrss.exe]

[Throw dll injection][27/06/2025 16:35:42][WildStr][Registry]

[Throw dll injection][27/06/2025 16:35:42][WildStr][wininit.exe]

[Throw dll injection][27/06/2025 16:35:42][WildStr][csrss.exe]

[Throw dll injection][27/06/2025 16:35:42][WildStr][smss.exe]

[Throw dll injection][27/06/2025 16:35:42][WildStr][winlogon.exe]

[Throw dll injection][27/06/2025 16:35:42][WildStr][csrss.exe]
]

[Throw dll injection][27/06/2025 16:35:42][WildStr][lsass.exe]

[Throw dll injection][27/06/2025 16:35:42][WildStr][svchost.exe]

[Throw dll injection][27/06/2025 16:35:42][WildStr][wininit.exe]

[Throw dll injection][27/06/2025 16:35:42][WildStr][fontdrvhost.exe]

[Throw dll injection][27/06/2025 16:35:42][WildStr][fontdrvhost.exe]

[Throw dll injection][27/06/2025 16:35:42][WildStr][csrss.exe]

[Throw dll injection][27/06/2025 16:35:42][WildStr][svchost.exe]

[Throw dll injection][27/06/2025 16:35:42][WildStr][svchost.exe]

[Throw dll injection][27/06/2025 16:35:42][WildStr][winlogon.exe]

[Throw dll injection][27/06/2025 16:35:42][WildStr][dwm.exe]

[Throw dll injection][27/06/2025 16:35:42][WildStr][services.exe]

[Throw dll injection][27/06/2025 16:35:42][WildStr][svchost.exe]

[Throw dll injection][27/06/2025 16:35:42][WildStr][svchost.exe]

[Throw dll injection][27/06/2025 16:35:42][WildStr][lsass.exe]

[Throw dll injection][27/06/2025 16:35:42][WildStr][svchost.exe]

[Throw dll injection][27/06/2025 16:35:42][WildStr][svchost.exe]

[Throw dll injection][27/06/2025 16:35:42][WildStr][svchost.exe]

[Throw dll injection][27/06/2025 16:35:42][WildStr][svchost.exe]

[Throw dll injection][27/06/2025 16:35:42][WildStr][svchost.exe]

[Throw dll injection][27/06/2025 16:35:42][WildStr][fontdrvhost.exe]

[Throw dll injection][27/06/2025 16:35:42][WildStr][svchost.exe]

[Throw dll injection][27/06/2025 16:35:42][WildStr][svchost.exe]

[Throw dll injection][27/06/2025 16:35:42][WildStr][fontdrvhost.exe]

[Throw dll injection][27/06/2025 16:35:42][WildStr][svchost.exe]

[Throw dll injection][27/06/2025 16:35:42][WildStr][svchost.exe]

[Throw dll injection][27/06/2025 16:35:42][WildStr][svchost.exe]

[Throw dll injection][27/06/2025 16:35:42][WildStr][svchost.exe]

[Throw dll injection][27/06/2025 16:35:42][WildStr][svchost.exe]

[Throw dll injection][27/06/2025 16:35:42][WildStr][svchost.exe]

[Throw dll injection][27/06/2025 16:35:42][WildStr][svchost.exe]

[Throw dll injection][27/06/2025 16:35:42][WildStr][dwm.exe]

[Throw dll injection][27/06/2025 16:35:42][WildStr][VBoxService.exe]

[Throw dll injection][27/06/2025 16:35:42][WildStr][svchost.exe]

[Throw dll injection][27/06/2025 16:35:42][WildStr][svchost.exe]

[Throw dll injection][27/06/2025 16:35:42][WildStr][svchost.exe]

[Throw dll injection][27/06/2025 16:35:42][WildStr][svchost.exe]

[Throw dll injection][27/06/2025 16:35:42][WildStr][svchost.exe]

[Throw dll injection][27/06/2025 16:35:42][WildStr][svchost.exe]

[Throw dll injection][27/06/2025 16:35:42][WildStr][svchost.exe]

[Throw dll injection][27/06/2025 16:35:42][WildStr][svchost.exe]

[Throw dll injection][27/06/2025 16:35:42][WildStr][svchost.exe]

[Throw dll injection][27/06/2025 16:35:42][WildStr][svchost.exe]

[Throw dll injection][27/06/2025 16:35:42][WildStr][Memory Compression]

[Throw dll injection][27/06/2025 16:35:42][WildStr][svchost.exe]

[Throw dll injection][27/06/2025 16:35:42][WildStr][svchost.exe]

[Throw dll injection][27/06/2025 16:35:42][WildStr][svchost.exe]

[Throw dll injection][27/06/2025 16:35:42][WildStr][svchost.exe]

[Throw dll injection][27/06/2025 16:35:42][WildStr][svchost.exe]

[Throw dll injection][27/06/2025 16:35:42][WildStr][svchost.exe]

[Throw dll injection][27/06/2025 16:35:42][WildStr][svchost.exe]

[Throw dll injection][27/06/2025 16:35:42][WildStr][svchost.exe]

[Throw dll injection][27/06/2025 16:35:42][WildStr][svchost.exe]

[Throw dll injection][27/06/2025 16:35:42][WildStr][svchost.exe]

[Throw dll injection][27/06/2025 16:35:42][WildStr][svchost.exe]

[Throw dll injection][27/06/2025 16:35:42][WildStr][svchost.exe]

[Throw dll injection][27/06/2025 16:35:42][WildStr][svchost.exe]

[Throw dll injection][27/06/2025 16:35:42][WildStr][svchost.exe]

[Throw dll injection][27/06/2025 16:35:42][WildStr][svchost.exe]

[Throw dll injection][27/06/2025 16:35:42][WildStr][svchost.exe]

[Throw dll injection][27/06/2025 16:35:42][WildStr][VBoxService.exe]

[Throw dll injection][27/06/2025 16:35:42][WildStr][spoolsv.exe]

[Throw dll injection][27/06/2025 16:35:42][WildStr][svchost.exe]

[Throw dll injection][27/06/2025 16:35:42][WildStr][svchost.exe]

[Throw dll injection][27/06/2025 16:35:42][WildStr][svchost.exe]

[Throw dll injection][27/06/2025 16:35:42][WildStr][svchost.exe]

[Throw dll injection][27/06/2025 16:35:42][WildStr][svchost.exe]

[Throw dll injection][27/06/2025 16:35:42][WildStr][svchost.exe]

[Throw dll injection][27/06/2025 16:35:42][WildStr][svchost.exe]

[Throw dll injection][27/06/2025 16:35:42][WildStr][svchost.exe]

[Throw dll injection][27/06/2025 16:35:42][WildStr][svchost.exe]

[Throw dll injection][27/06/2025 16:35:42][WildStr][ssh-agent.exe]

[Throw dll injection][27/06/2025 16:35:42][WildStr][svchost.exe]

[Throw dll injection][27/06/2025 16:35:42][WildStr][sshd.exe]

[Throw dll injection][27/06/2025 16:35:42][WildStr][Memory Compression]

[Throw dll injection][27/06/2025 16:35:42][WildStr][svchost.exe]

[Throw dll injection][27/06/2025 16:35:42][WildStr][svchost.exe]

[Throw dll injection][27/06/2025 16:35:42][WildStr][svchost.exe]

[Throw dll injection][27/06/2025 16:35:42][WildStr][svchost.exe]

[Throw dll injection][27/06/2025 16:35:42][WildStr][svchost.exe]

[Throw dll injection][27/06/2025 16:35:42][WildStr][svchost.exe]

[Throw dll injection][27/06/2025 16:35:42][WildStr][svchost.exe]

[Throw dll injection][27/06/2025 16:35:42][WildStr][svchost.exe]

[Throw dll injection][27/06/2025 16:35:42][WildStr][svchost.exe]

[Throw dll injection][27/06/2025 16:35:42][WildStr][svchost.exe]

[Throw dll injection][27/06/2025 16:35:42][WildStr][svchost.exe]

[Throw dll injection][27/06/2025 16:35:42][WildStr][svchost.exe]

[Throw dll injection][27/06/2025 16:35:42][WildStr][svchost.exe]

[Throw dll injection][27/06/2025 16:35:42][WildStr][svchost.exe]

[Throw dll injection][27/06/2025 16:35:42][WildStr][svchost.exe]

[Throw dll injection][27/06/2025 16:35:42][WildStr][svchost.exe]

[Throw dll injection][27/06/2025 16:35:42][WildStr][svchost.exe]

[Throw dll injection][27/06/2025 16:35:42][WildStr][spoolsv.exe]

[Throw dll injection][27/06/2025 16:35:42][WildStr][MpDefenderCoreService.exe]

[Throw dll injection][27/06/2025 16:35:42][WildStr][svchost.exe]

[Throw dll injection][27/06/2025 16:35:42][WildStr][MsMpEng.exe]

[Throw dll injection][27/06/2025 16:35:42][WildStr][svchost.exe]
exe]

[Throw dll injection][27/06/2025 16:35:42][WildStr][AggregatorHost.exe]

[Throw dll injection][27/06/2025 16:35:42][WildStr][svchost.exe]

[Throw dll injection][27/06/2025 16:35:42][WildStr][dllhost.exe]

[Throw dll injection][27/06/2025 16:35:42][WildStr][svchost.exe]

[Throw dll injection][27/06/2025 16:35:42][WildStr][svchost.exe]

[Throw dll injection][27/06/2025 16:35:42][WildStr][ssh-agent.exe]

[Throw dll injection][27/06/2025 16:35:42][WildStr][NisSrv.exe]

[Throw dll injection][27/06/2025 16:35:42][WildStr][sshd.exe]

[Throw dll injection][27/06/2025 16:35:42][WildStr][sihost.exe]

[Throw dll injection][27/06/2025 16:35:42][WildStr][svchost.exe]

[Throw dll injection][27/06/2025 16:35:42][WildStr][svchost.exe]

[Throw dll injection][27/06/2025 16:35:42][WildStr][svchost.exe]

[Throw dll injection][27/06/2025 16:35:42][WildStr][svchost.exe]

[Throw dll injection][27/06/2025 16:35:42][WildStr][taskhostw.exe]

[Throw dll injection][27/06/2025 16:35:42][WildStr][svchost.exe]

[Throw dll injection][27/06/2025 16:35:42][WildStr][MicrosoftEdgeUpdate.exe]

[Throw dll injection][27/06/2025 16:35:42][WildStr][svchost.exe]

[Throw dll injection][27/06/2025 16:35:42][WildStr][svchost.exe]

[Throw dll injection][27/06/2025 16:35:42][WildStr][svchost.exe]

[Throw dll injection][27/06/2025 16:35:42][WildStr][ctfmon.exe]

[Throw dll injection][27/06/2025 16:35:42][WildStr][svchost.exe]

[Throw dll injection][27/06/2025 16:35:42][WildStr][svchost.exe]

[Throw dll injection][27/06/2025 16:35:42][WildStr][svchost.exe]

[Throw dll injection][27/06/2025 16:35:42][WildStr][svchost.exe]

[Throw dll injection][27/06/2025 16:35:42][WildStr][svchost.exe]

[Throw dll injection][27/06/2025 16:35:42][WildStr][explorer.exe]

[Throw dll injection][27/06/2025 16:35:42][WildStr][svchost.exe]

[Throw dll injection][27/06/2025 16:35:42][WildStr][svchost.exe]

[Throw dll injection][27/06/2025 16:35:42][WildStr][MpDefenderCoreService.exe]

[Throw dll injection][27/06/2025 16:35:42][WildStr][StartMenuExperienceHost.exe]

[Throw dll injection][27/06/2025 16:35:42][WildStr][MsMpEng.exe]

[Throw dll injection][27/06/2025 16:35:42][WildStr][RuntimeBroker.exe]

[Throw dll injection][27/06/2025 16:35:42][WildStr][SearchIndexer.exe]

[Throw dll injection][27/06/2025 16:35:42][WildStr][SearchApp.exe]

[Throw dll injection][27/06/2025 16:35:42][WildStr][AggregatorHost.exe]

[Throw dll injection][27/06/2025 16:35:42][WildStr][svchost.exe]

[Throw dll injection][27/06/2025 16:35:42][WildStr][dllhost.exe]

[Throw dll injection][27/06/2025 16:35:42][WildStr][RuntimeBroker.exe]

[Throw dll injection][27/06/2025 16:35:42][WildStr][svchost.exe]

[Throw dll injection][27/06/2025 16:35:42][WildStr][NisSrv.exe]

[Throw dll injection][27/06/2025 16:35:42][WildStr][RuntimeBroker.exe]

[Throw dll injection][27/06/2025 16:35:42][WildStr][sihost.exe]

[Throw dll injection][27/06/2025 16:35:42][WildStr][svchost.exe]

[Throw dll injection][27/06/2025 16:35:42][WildStr][svchost.exe]

[Throw dll injection][27/06/2025 16:35:42][WildStr][SecurityHealthSystray.exe]

[Throw dll injection][27/06/2025 16:35:42][WildStr][svchost.exe]

[Throw dll injection][27/06/2025 16:35:42][WildStr][SecurityHealthService.exe]

[Throw dll injection][27/06/2025 16:35:42][WildStr][taskhostw.exe]

[Throw dll injection][27/06/2025 16:35:42][WildStr][VBoxTray.exe]

[Throw dll injection][27/06/2025 16:35:42][WildStr][MicrosoftEdgeUpdate.exe]

[Throw dll injection][27/06/2025 16:35:42][WildStr][OneDrive.exe]

[Throw dll injection][27/06/2025 16:35:42][WildStr][svchost.exe]

[Throw dll injection][27/06/2025 16:35:42][WildStr][cmd.exe]

[Throw dll injection][27/06/2025 16:35:42][WildStr][ctfmon.exe]

[Throw dll injection][27/06/2025 16:35:42][WildStr][svchost.exe]

[Throw dll injection][27/06/2025 16:35:42][WildStr][conhost.exe]

[Throw dll injection][27/06/2025 16:35:42][WildStr][svchost.exe]

[Throw dll injection][27/06/2025 16:35:42][WildStr][svchost.exe]

[Throw dll injection][27/06/2025 16:35:42][WildStr][explorer.exe]

[Throw dll injection][27/06/2025 16:35:42][WildStr][svchost.exe]

[Throw dll injection][27/06/2025 16:35:42][WildStr][svchost.exe]

[Throw dll injection][27/06/2025 16:35:42][WildStr][svchost.exe]

[Throw dll injection][27/06/2025 16:35:42][WildStr][StartMenuExperienceHost.exe]

[Throw dll injection][27/06/2025 16:35:42][WildStr][svchost.exe]

[Throw dll injection][27/06/2025 16:35:42][WildStr][RuntimeBroker.exe]

[Throw dll injection][27/06/2025 16:35:42][WildStr][svchost.exe]

[Throw dll injection][27/06/2025 16:35:42][WildStr][SearchApp.exe]

[Throw dll injection][27/06/2025 16:35:42][WildStr][svchost.exe]

[Throw dll injection][27/06/2025 16:35:42][WildStr][powershell.exe]

[Throw dll injection][27/06/2025 16:35:42][WildStr][svchost.exe]

[Throw dll injection][27/06/2025 16:35:42][WildStr][Code.exe]

[Throw dll injection][27/06/2025 16:35:42][WildStr][RuntimeBroker.exe]

[Throw dll injection][27/06/2025 16:35:42][WildStr][Code.exe]

[Throw dll injection][27/06/2025 16:35:42][WildStr][RuntimeBroker.exe]

[Throw dll injection][27/06/2025 16:35:42][WildStr][Code.exe]

[Throw dll injection][27/06/2025 16:35:42][WildStr][svchost.exe]

[Throw dll injection][27/06/2025 16:35:42][WildStr][Code.exe]

[Throw dll injection][27/06/2025 16:35:42][WildStr][SecurityHealthSystray.exe]

[Throw dll injection][27/06/2025 16:35:42][WildStr][Code.exe]

[Throw dll injection][27/06/2025 16:35:42][WildStr][SecurityHealthService.exe]

[Throw dll injection][27/06/2025 16:35:42][WildStr][Code.exe]

[Throw dll injection][27/06/2025 16:35:42][WildStr][VBoxTray.exe]

[Throw dll injection][27/06/2025 16:35:42][WildStr][OneDrive.exe]

[Throw dll injection][27/06/2025 16:35:42][WildStr][cmd.exe]

[Throw dll injection][27/06/2025 16:35:42][WildStr][Code.exe]

[Throw dll injection][27/06/2025 16:35:42][WildStr][conhost.exe]

[Throw dll injection][27/06/2025 16:35:42][WildStr][Code.exe]

[Throw dll injection][27/06/2025 16:35:42][WildStr][svchost.exe]

[Throw dll injection][27/06/2025 16:35:42][WildStr][svchost.exe]

[Throw dll injection][27/06/2025 16:35:42][WildStr][conhost.exe]

[Throw dll injection][27/06/2025 16:35:42][WildStr][svchost.exe]

[Throw dll injection][27/06/2025 16:35:42][WildStr][powershell.exe]

[Throw dll injection][27/06/2025 16:35:42][WildStr][svchost.exe]

[Throw dll injection][27/06/2025 16:35:42][WildStr][conhost.exe]

[Throw dll injection][27/06/2025 16:35:42][WildStr][svchost.exe]

[Throw dll injection][27/06/2025 16:35:42][WildStr][powershell.exe]

[Throw dll injection][27/06/2025 16:35:42][WildStr][svchost.exe]

[Throw dll injection][27/06/2025 16:35:42][WildStr][TextInputHost.exe]

[Throw dll injection][27/06/2025 16:35:42][WildStr][powershell.exe]

[Throw dll injection][27/06/2025 16:35:42][WildStr][Code.exe]

[Throw dll injection][27/06/2025 16:35:42][WildStr][Code.exe]

[Throw dll injection][27/06/2025 16:35:42][WildStr][cpptools.exe]

[Throw dll injection][27/06/2025 16:35:42][WildStr][Code.exe]

[Throw dll injection][27/06/2025 16:35:42][WildStr][conhost.exe]

[Throw dll injection][27/06/2025 16:35:42][WildStr][Code.exe]

[Throw dll injection][27/06/2025 16:35:42][WildStr][cpptools.exe]

[Throw dll injection][27/06/2025 16:35:42][WildStr][Code.exe]

[Throw dll injection][27/06/2025 16:35:42][WildStr][ApplicationFrameHost.exe]

[Throw dll injection][27/06/2025 16:35:42][WildStr][Code.exe]

[Throw dll injection][27/06/2025 16:35:42][WildStr][SystemSettings.exe]

[Throw dll injection][27/06/2025 16:35:42][WildStr][Code.exe]

[Throw dll injection][27/06/2025 16:35:42][WildStr][UserOOBEBroker.exe]

[Throw dll injection][27/06/2025 16:35:42][WildStr][Code.exe]

[Throw dll injection][27/06/2025 16:35:42][WildStr][SearchApp.exe]

[Throw dll injection][27/06/2025 16:35:42][WildStr][Code.exe]

[Throw dll injection][27/06/2025 16:35:42][WildStr][msedgewebview2.exe]

[Throw dll injection][27/06/2025 16:35:42][WildStr][Code.exe]

[Throw dll injection][27/06/2025 16:35:42][WildStr][msedgewebview2.exe]

[Throw dll injection][27/06/2025 16:35:42][WildStr][conhost.exe]

[Throw dll injection][27/06/2025 16:35:42][WildStr][msedgewebview2.exe]

[Throw dll injection][27/06/2025 16:35:42][WildStr][powershell.exe]

[Throw dll injection][27/06/2025 16:35:42][WildStr][conhost.exe]
.exe]

[Throw dll injection][27/06/2025 16:35:42][WildStr][powershell.exe]
e]

[Throw dll injection][27/06/2025 16:35:42][WildStr][msedgewebview2.exe]

[Throw dll injection][27/06/2025 16:35:42][WildStr][TextInputHost.exe]

[Throw dll injection][27/06/2025 16:35:42][WildStr][FileCoAuth.exe]

[Throw dll injection][27/06/2025 16:35:42][WildStr][Code.exe]

[Throw dll injection][27/06/2025 16:35:42][WildStr][svchost.exe]

[Throw dll injection][27/06/2025 16:35:42][WildStr][cpptools.exe]

[Throw dll injection][27/06/2025 16:35:42][WildStr][msedge.exe]

[Throw dll injection][27/06/2025 16:35:42][WildStr][conhost.exe]

[Throw dll injection][27/06/2025 16:35:42][WildStr][msedge.exe]

[Throw dll injection][27/06/2025 16:35:42][WildStr][cpptools.exe]

[Throw dll injection][27/06/2025 16:35:42][WildStr][msedge.exe]

[Throw dll injection][27/06/2025 16:35:42][WildStr][ApplicationFrameHost.exe]

[Throw dll injection][27/06/2025 16:35:42][WildStr][msedge.exe]

[Throw dll injection][27/06/2025 16:35:42][WildStr][SystemSettings.exe]

[Throw dll injection][27/06/2025 16:35:42][WildStr][msedge.exe]

[Throw dll injection][27/06/2025 16:35:42][WildStr][UserOOBEBroker.exe]

[Throw dll injection][27/06/2025 16:35:42][WildStr][svchost.exe]

[Throw dll injection][27/06/2025 16:35:42][WildStr][SearchApp.exe]

[Throw dll injection][27/06/2025 16:35:42][WildStr][msedgewebview2.exe]

[Throw dll injection][27/06/2025 16:35:42][WildStr][msedgewebview2.exe]

[Throw dll injection][27/06/2025 16:35:42][WildStr][svchost.exe]

[Throw dll injection][27/06/2025 16:35:42][WildStr][msedgewebview2.exe]

[Throw dll injection][27/06/2025 16:35:42][WildStr][dllhost.exe]

[Throw dll injection][27/06/2025 16:35:42][WildStr][msedgewebview2.exe]

[Throw dll injection][27/06/2025 16:35:42][WildStr][ShellExperienceHost.exe]

[Throw dll injection][27/06/2025 16:35:42][WildStr][msedgewebview2.exe]

[Throw dll injection][27/06/2025 16:35:42][WildStr][RuntimeBroker.exe]

[Throw dll injection][27/06/2025 16:35:42][WildStr][msedgewebview2.exe]

[Throw dll injection][27/06/2025 16:35:42][WildStr][vctip.exe]

[Throw dll injection][27/06/2025 16:35:42][WildStr][FileCoAuth.exe]

[Throw dll injection][27/06/2025 16:35:42][WildStr][cpptools-srv.exe]

[Throw dll injection][27/06/2025 16:35:42][WildStr][svchost.exe]

[Throw dll injection][27/06/2025 16:35:42][WildStr][conhost.exe]

[Throw dll injection][27/06/2025 16:35:42][WildStr][msedge.exe]

[Throw dll injection][27/06/2025 16:35:42][WildStr][cpptools-srv.exe]

[Throw dll injection][27/06/2025 16:35:42][WildStr][msedge.exe]

[Throw dll injection][27/06/2025 16:35:42][WildStr][conhost.exe]

[Throw dll injection][27/06/2025 16:35:42][WildStr][msedge.exe]

[Throw dll injection][27/06/2025 16:35:42][WildStr][svchost.exe]

[Throw dll injection][27/06/2025 16:35:42][WildStr][msedge.exe]

[Throw dll injection][27/06/2025 16:35:42][WildStr][Taskmgr.exe]

[Throw dll injection][27/06/2025 16:35:42][WildStr][msedge.exe]

[Throw dll injection][27/06/2025 16:35:42][WildStr][svchost.exe]

[Throw dll injection][27/06/2025 16:35:42][WildStr][svchost.exe]

[Throw dll injection][27/06/2025 16:35:42][WildStr][svchost.exe]

[Throw dll injection][27/06/2025 16:35:42][WildStr][dllhost.exe]

[Throw dll injection][27/06/2025 16:35:42][WildStr][ShellExperienceHost.exe]

[Throw dll injection][27/06/2025 16:35:42][WildStr][RuntimeBroker.exe]

[Throw dll injection][27/06/2025 16:35:42][WildStr][vctip.exe]

[Throw dll injection][27/06/2025 16:35:42][WildStr][cpptools-srv.exe]

[Throw dll injection][27/06/2025 16:35:42][WildStr][conhost.exe]

[Throw dll injection][27/06/2025 16:35:42][WildStr][cpptools-srv.exe]

[Throw dll injection][27/06/2025 16:35:42][WildStr][conhost.exe]

[Throw dll injection][27/06/2025 16:35:42][WildStr][svchost.exe]

[Throw dll injection][27/06/2025 16:35:42][WildStr][Taskmgr.exe]

[Throw dll injection][27/06/2025 16:35:42][Str][SystemTimeOfDayInformation]

[Throw dll injection][27/06/2025 16:35:43][Str][OrigNtQuerySystemInformation failed: 0xC0000023
]

[Throw dll injection][27/06/2025 16:35:43][Str][Noinfo]

[Throw dll injection][27/06/2025 16:35:43][Str][Noinfo]

[Throw dll injection][27/06/2025 16:35:43][Str][Noinfo]

[Throw dll injection][27/06/2025 16:35:43][Str][SystemProcessInformation]

[Throw dll injection][27/06/2025 16:35:43][WildStr][System]

[Throw dll injection][27/06/2025 16:35:43][WildStr][Registry]

[Throw dll injection][27/06/2025 16:35:43][WildStr][Registry]

[Throw dll injection][27/06/2025 16:35:43][WildStr][smss.exe]

[Throw dll injection][27/06/2025 16:35:43][WildStr][smss.exe]

[Throw dll injection][27/06/2025 16:35:43][WildStr][csrss.exe]

[Throw dll injection][27/06/2025 16:35:43][WildStr][csrss.exe]

[Throw dll injection][27/06/2025 16:35:43][WildStr][wininit.exe]

[Throw dll injection][27/06/2025 16:35:43][WildStr][wininit.exe]

[Throw dll injection][27/06/2025 16:35:43][WildStr][csrss.exe]

[Throw dll injection][27/06/2025 16:35:43][WildStr][csrss.exe]

[Throw dll injection][27/06/2025 16:35:43][WildStr][winlogon.exe]

[Throw dll injection][27/06/2025 16:35:43][WildStr][winlogon.exe]

[Throw dll injection][27/06/2025 16:35:43][WildStr][services.exe]

[Throw dll injection][27/06/2025 16:35:43][WildStr][services.exe]

[Throw dll injection][27/06/2025 16:35:43][WildStr][lsass.exe]

[Throw dll injection][27/06/2025 16:35:43][WildStr][lsass.exe]

[Throw dll injection][27/06/2025 16:35:43][WildStr][svchost.exe]

[Throw dll injection][27/06/2025 16:35:43][WildStr][svchost.exe]

[Throw dll injection][27/06/2025 16:35:43][WildStr][fontdrvhost.exe]

[Throw dll injection][27/06/2025 16:35:43][WildStr][fontdrvhost.exe]

[Throw dll injection][27/06/2025 16:35:43][WildStr][fontdrvhost.exe]

[Throw dll injection][27/06/2025 16:35:43][WildStr][fontdrvhost.exe]

[Throw dll injection][27/06/2025 16:35:43][WildStr][svchost.exe]

[Throw dll injection][27/06/2025 16:35:43][WildStr][svchost.exe]

[Throw dll injection][27/06/2025 16:35:43][WildStr][svchost.exe]

[Throw dll injection][27/06/2025 16:35:43][WildStr][svchost.exe]

[Throw dll injection][27/06/2025 16:35:43][WildStr][dwm.exe]

[Throw dll injection][27/06/2025 16:35:43][WildStr][dwm.exe]

[Throw dll injection][27/06/2025 16:35:43][WildStr][svchost.exe]

[Throw dll injection][27/06/2025 16:35:43][WildStr][svchost.exe]

[Throw dll injection][27/06/2025 16:35:43][WildStr][svchost.exe]

[Throw dll injection][27/06/2025 16:35:43][WildStr][svchost.exe]

[Throw dll injection][27/06/2025 16:35:43][WildStr][svchost.exe]

[Throw dll injection][27/06/2025 16:35:43][WildStr][svchost.exe]

[Throw dll injection][27/06/2025 16:35:43][WildStr][svchost.exe]

[Throw dll injection][27/06/2025 16:35:43][WildStr][svchost.exe]

[Throw dll injection][27/06/2025 16:35:43][WildStr][svchost.exe]

[Throw dll injection][27/06/2025 16:35:43][WildStr][svchost.exe]

[Throw dll injection][27/06/2025 16:35:43][WildStr][svchost.exe]

[Throw dll injection][27/06/2025 16:35:43][WildStr][svchost.exe]

[Throw dll injection][27/06/2025 16:35:43][WildStr][svchost.exe]

[Throw dll injection][27/06/2025 16:35:43][WildStr][svchost.exe]

[Throw dll injection][27/06/2025 16:35:43][WildStr][svchost.exe]

[Throw dll injection][27/06/2025 16:35:43][WildStr][svchost.exe]

[Throw dll injection][27/06/2025 16:35:43][WildStr][svchost.exe]

[Throw dll injection][27/06/2025 16:35:43][WildStr][svchost.exe]

[Throw dll injection][27/06/2025 16:35:43][WildStr][svchost.exe]

[Throw dll injection][27/06/2025 16:35:43][WildStr][svchost.exe]

[Throw dll injection][27/06/2025 16:35:43][WildStr][svchost.exe]

[Throw dll injection][27/06/2025 16:35:43][WildStr][svchost.exe]

[Throw dll injection][27/06/2025 16:35:43][WildStr][svchost.exe]

[Throw dll injection][27/06/2025 16:35:43][WildStr][svchost.exe]

[Throw dll injection][27/06/2025 16:35:43][WildStr][svchost.exe]

[Throw dll injection][27/06/2025 16:35:43][WildStr][svchost.exe]

[Throw dll injection][27/06/2025 16:35:43][WildStr][VBoxService.exe]

[Throw dll injection][27/06/2025 16:35:43][WildStr][VBoxService.exe]

[Throw dll injection][27/06/2025 16:35:43][WildStr][svchost.exe]

[Throw dll injection][27/06/2025 16:35:43][WildStr][svchost.exe]

[Throw dll injection][27/06/2025 16:35:43][WildStr][svchost.exe]

[Throw dll injection][27/06/2025 16:35:43][WildStr][svchost.exe]

[Throw dll injection][27/06/2025 16:35:43][WildStr][svchost.exe]

[Throw dll injection][27/06/2025 16:35:43][WildStr][svchost.exe]

[Throw dll injection][27/06/2025 16:35:43][WildStr][svchost.exe]

[Throw dll injection][27/06/2025 16:35:43][WildStr][svchost.exe]

[Throw dll injection][27/06/2025 16:35:43][WildStr][svchost.exe]

[Throw dll injection][27/06/2025 16:35:43][WildStr][svchost.exe]

[Throw dll injection][27/06/2025 16:35:43][WildStr][Memory Compression]

[Throw dll injection][27/06/2025 16:35:43][WildStr][svchost.exe]

[Throw dll injection][27/06/2025 16:35:43][WildStr][svchost.exe]

[Throw dll injection][27/06/2025 16:35:43][WildStr][Memory Compression]

[Throw dll injection][27/06/2025 16:35:43][WildStr][svchost.exe]

[Throw dll injection][27/06/2025 16:35:43][WildStr][svchost.exe]

[Throw dll injection][27/06/2025 16:35:43][WildStr][svchost.exe]

[Throw dll injection][27/06/2025 16:35:43][WildStr][svchost.exe]

[Throw dll injection][27/06/2025 16:35:43][WildStr][svchost.exe]

[Throw dll injection][27/06/2025 16:35:43][WildStr][svchost.exe]

[Throw dll injection][27/06/2025 16:35:43][WildStr][svchost.exe]

[Throw dll injection][27/06/2025 16:35:43][WildStr][svchost.exe]

[Throw dll injection][27/06/2025 16:35:43][WildStr][svchost.exe]

[Throw dll injection][27/06/2025 16:35:43][WildStr][svchost.exe]

[Throw dll injection][27/06/2025 16:35:43][WildStr][svchost.exe]

[Throw dll injection][27/06/2025 16:35:43][WildStr][svchost.exe]

[Throw dll injection][27/06/2025 16:35:43][WildStr][svchost.exe]

[Throw dll injection][27/06/2025 16:35:43][WildStr][svchost.exe]

[Throw dll injection][27/06/2025 16:35:43][WildStr][spoolsv.exe]

[Throw dll injection][27/06/2025 16:35:43][WildStr][svchost.exe]

[Throw dll injection][27/06/2025 16:35:43][WildStr][svchost.exe]

[Throw dll injection][27/06/2025 16:35:43][WildStr][spoolsv.exe]

[Throw dll injection][27/06/2025 16:35:43][WildStr][svchost.exe]

[Throw dll injection][27/06/2025 16:35:43][WildStr][svchost.exe]

[Throw dll injection][27/06/2025 16:35:43][WildStr][svchost.exe]

[Throw dll injection][27/06/2025 16:35:43][WildStr][svchost.exe]

[Throw dll injection][27/06/2025 16:35:43][WildStr][svchost.exe]

[Throw dll injection][27/06/2025 16:35:43][WildStr][svchost.exe]

[Throw dll injection][27/06/2025 16:35:43][WildStr][ssh-agent.exe]

[Throw dll injection][27/06/2025 16:35:43][WildStr][svchost.exe]

[Throw dll injection][27/06/2025 16:35:43][WildStr][sshd.exe]

[Throw dll injection][27/06/2025 16:35:43][WildStr][ssh-agent.exe]

[Throw dll injection][27/06/2025 16:35:43][WildStr][svchost.exe]

[Throw dll injection][27/06/2025 16:35:43][WildStr][sshd.exe]

[Throw dll injection][27/06/2025 16:35:43][WildStr][svchost.exe]

[Throw dll injection][27/06/2025 16:35:43][WildStr][svchost.exe]

[Throw dll injection][27/06/2025 16:35:43][WildStr][svchost.exe]

[Throw dll injection][27/06/2025 16:35:43][WildStr][svchost.exe]

[Throw dll injection][27/06/2025 16:35:43][WildStr][svchost.exe]

[Throw dll injection][27/06/2025 16:35:43][WildStr][svchost.exe]

[Throw dll injection][27/06/2025 16:35:43][WildStr][svchost.exe]

[Throw dll injection][27/06/2025 16:35:43][WildStr][svchost.exe]

[Throw dll injection][27/06/2025 16:35:43][WildStr][svchost.exe]

[Throw dll injection][27/06/2025 16:35:43][WildStr][svchost.exe]

[Throw dll injection][27/06/2025 16:35:43][WildStr][svchost.exe]

[Throw dll injection][27/06/2025 16:35:43][WildStr][svchost.exe]

[Throw dll injection][27/06/2025 16:35:43][WildStr][svchost.exe]

[Throw dll injection][27/06/2025 16:35:43][WildStr][svchost.exe]

[Throw dll injection][27/06/2025 16:35:43][WildStr][svchost.exe]

[Throw dll injection][27/06/2025 16:35:43][WildStr][svchost.exe]

[Throw dll injection][27/06/2025 16:35:43][WildStr][MpDefenderCoreService.exe]

[Throw dll injection][27/06/2025 16:35:43][WildStr][svchost.exe]

[Throw dll injection][27/06/2025 16:35:43][WildStr][MsMpEng.exe]

[Throw dll injection][27/06/2025 16:35:43][WildStr][MpDefenderCoreService.exe]

[Throw dll injection][27/06/2025 16:35:43][WildStr][SearchIndexer.exe]

[Throw dll injection][27/06/2025 16:35:43][WildStr][MsMpEng.exe]

[Throw dll injection][27/06/2025 16:35:43][WildStr][AggregatorHost.exe]

[Throw dll injection][27/06/2025 16:35:43][WildStr][SearchIndexer.exe]

[Throw dll injection][27/06/2025 16:35:43][WildStr][dllhost.exe]

[Throw dll injection][27/06/2025 16:35:43][WildStr][AggregatorHost.exe]

[Throw dll injection][27/06/2025 16:35:43][WildStr][svchost.exe]

[Throw dll injection][27/06/2025 16:35:43][WildStr][dllhost.exe]

[Throw dll injection][27/06/2025 16:35:43][WildStr][NisSrv.exe]

[Throw dll injection][27/06/2025 16:35:43][WildStr][svchost.exe]

[Throw dll injection][27/06/2025 16:35:43][WildStr][sihost.exe]

[Throw dll injection][27/06/2025 16:35:43][WildStr][NisSrv.exe]

[Throw dll injection][27/06/2025 16:35:43][WildStr][svchost.exe]

[Throw dll injection][27/06/2025 16:35:43][WildStr][sihost.exe]

[Throw dll injection][27/06/2025 16:35:43][WildStr][svchost.exe]

[Throw dll injection][27/06/2025 16:35:43][WildStr][svchost.exe]

[Throw dll injection][27/06/2025 16:35:43][WildStr][taskhostw.exe]

[Throw dll injection][27/06/2025 16:35:43][WildStr][svchost.exe]
pdate.exe]

[Throw dll injection][27/06/2025 16:35:43][WildStr][svchost.exe]

[Throw dll injection][27/06/2025 16:35:43][WildStr][taskhostw.exe]

[Throw dll injection][27/06/2025 16:35:43][WildStr][ctfmon.exe]

[Throw dll injection][27/06/2025 16:35:43][WildStr][MicrosoftEdgeUpdate.exe]

[Throw dll injection][27/06/2025 16:35:43][WildStr][svchost.exe]

[Throw dll injection][27/06/2025 16:35:43][WildStr][svchost.exe]

[Throw dll injection][27/06/2025 16:35:43][WildStr][svchost.exe]

[Throw dll injection][27/06/2025 16:35:43][WildStr][ctfmon.exe]

[Throw dll injection][27/06/2025 16:35:43][WildStr][explorer.exe]

[Throw dll injection][27/06/2025 16:35:43][WildStr][svchost.exe]

[Throw dll injection][27/06/2025 16:35:43][WildStr][svchost.exe]

[Throw dll injection][27/06/2025 16:35:43][WildStr][svchost.exe]

[Throw dll injection][27/06/2025 16:35:43][WildStr][StartMenuExperienceHost.exe]

[Throw dll injection][27/06/2025 16:35:43][WildStr][explorer.exe]

[Throw dll injection][27/06/2025 16:35:43][WildStr][RuntimeBroker.exe]

[Throw dll injection][27/06/2025 16:35:43][WildStr][svchost.exe]

[Throw dll injection][27/06/2025 16:35:43][WildStr][SearchApp.exe]

[Throw dll injection][27/06/2025 16:35:43][WildStr][StartMenuExperienceHost.exe]

[Throw dll injection][27/06/2025 16:35:43][WildStr][svchost.exe]

[Throw dll injection][27/06/2025 16:35:43][WildStr][RuntimeBroker.exe]

[Throw dll injection][27/06/2025 16:35:43][WildStr][RuntimeBroker.exe]

[Throw dll injection][27/06/2025 16:35:43][WildStr][SearchApp.exe]

[Throw dll injection][27/06/2025 16:35:43][WildStr][RuntimeBroker.exe]

[Throw dll injection][27/06/2025 16:35:43][WildStr][svchost.exe]

[Throw dll injection][27/06/2025 16:35:43][WildStr][svchost.exe]

[Throw dll injection][27/06/2025 16:35:43][WildStr][RuntimeBroker.exe]

[Throw dll injection][27/06/2025 16:35:43][WildStr][SecurityHealthSystray.exe]

[Throw dll injection][27/06/2025 16:35:43][WildStr][RuntimeBroker.exe]

[Throw dll injection][27/06/2025 16:35:43][WildStr][SecurityHealthService.exe]

[Throw dll injection][27/06/2025 16:35:43][WildStr][svchost.exe]

[Throw dll injection][27/06/2025 16:35:43][WildStr][VBoxTray.exe]

[Throw dll injection][27/06/2025 16:35:43][WildStr][SecurityHealthSystray.exe]

[Throw dll injection][27/06/2025 16:35:43][WildStr][OneDrive.exe]

[Throw dll injection][27/06/2025 16:35:43][WildStr][SecurityHealthService.exe]

[Throw dll injection][27/06/2025 16:35:43][WildStr][cmd.exe]

[Throw dll injection][27/06/2025 16:35:43][WildStr][VBoxTray.exe]

[Throw dll injection][27/06/2025 16:35:43][WildStr][conhost.exe]

[Throw dll injection][27/06/2025 16:35:43][WildStr][OneDrive.exe]

[Throw dll injection][27/06/2025 16:35:43][WildStr][svchost.exe]

[Throw dll injection][27/06/2025 16:35:43][WildStr][cmd.exe]

[Throw dll injection][27/06/2025 16:35:43][WildStr][svchost.exe]

[Throw dll injection][27/06/2025 16:35:43][WildStr][svchost.exe]

[Throw dll injection][27/06/2025 16:35:43][WildStr][svchost.exe]

[Throw dll injection][27/06/2025 16:35:43][WildStr][svchost.exe]

[Throw dll injection][27/06/2025 16:35:43][WildStr][svchost.exe]

[Throw dll injection][27/06/2025 16:35:43][WildStr][svchost.exe]

[Throw dll injection][27/06/2025 16:35:43][WildStr][powershell.exe]

[Throw dll injection][27/06/2025 16:35:43][WildStr][svchost.exe]

[Throw dll injection][27/06/2025 16:35:43][WildStr][Code.exe]

[Throw dll injection][27/06/2025 16:35:43][WildStr][svchost.exe]

[Throw dll injection][27/06/2025 16:35:43][WildStr][Code.exe]

[Throw dll injection][27/06/2025 16:35:43][WildStr][powershell.exe]

[Throw dll injection][27/06/2025 16:35:43][WildStr][Code.exe]

[Throw dll injection][27/06/2025 16:35:43][WildStr][Code.exe]

[Throw dll injection][27/06/2025 16:35:43][WildStr][Code.exe]

[Throw dll injection][27/06/2025 16:35:43][WildStr][Code.exe]

[Throw dll injection][27/06/2025 16:35:43][WildStr][Code.exe]

[Throw dll injection][27/06/2025 16:35:43][WildStr][Code.exe]

[Throw dll injection][27/06/2025 16:35:43][WildStr][Code.exe]

[Throw dll injection][27/06/2025 16:35:43][WildStr][Code.exe]

[Throw dll injection][27/06/2025 16:35:43][WildStr][Code.exe]

[Throw dll injection][27/06/2025 16:35:43][WildStr][Code.exe]

[Throw dll injection][27/06/2025 16:35:43][WildStr][Code.exe]

[Throw dll injection][27/06/2025 16:35:43][WildStr][Code.exe]

[Throw dll injection][27/06/2025 16:35:43][WildStr][Code.exe]

[Throw dll injection][27/06/2025 16:35:43][WildStr][Code.exe]

[Throw dll injection][27/06/2025 16:35:43][WildStr][conhost.exe]

[Throw dll injection][27/06/2025 16:35:43][WildStr][Code.exe]
exe]

[Throw dll injection][27/06/2025 16:35:43][WildStr][conhost.exe]

[Throw dll injection][27/06/2025 16:35:43][WildStr][Code.exe]

[Throw dll injection][27/06/2025 16:35:43][WildStr][powershell.exe]

[Throw dll injection][27/06/2025 16:35:43][WildStr][conhost.exe]

[Throw dll injection][27/06/2025 16:35:43][WildStr][TextInputHost.exe]

[Throw dll injection][27/06/2025 16:35:43][WildStr][Code.exe]
exe]

[Throw dll injection][27/06/2025 16:35:43][WildStr][conhost.exe]

[Throw dll injection][27/06/2025 16:35:43][WildStr][cpptools.exe]

[Throw dll injection][27/06/2025 16:35:43][WildStr][powershell.exe]

[Throw dll injection][27/06/2025 16:35:43][WildStr][conhost.exe]

[Throw dll injection][27/06/2025 16:35:43][WildStr][TextInputHost.exe]

[Throw dll injection][27/06/2025 16:35:43][WildStr][cpptools.exe]

[Throw dll injection][27/06/2025 16:35:43][WildStr][Code.exe]

[Throw dll injection][27/06/2025 16:35:43][WildStr][ApplicationFrameHost.exe]

[Throw dll injection][27/06/2025 16:35:43][WildStr][cpptools.exe]

[Throw dll injection][27/06/2025 16:35:43][WildStr][SystemSettings.exe]

[Throw dll injection][27/06/2025 16:35:43][WildStr][conhost.exe]

[Throw dll injection][27/06/2025 16:35:43][WildStr][UserOOBEBroker.exe]

[Throw dll injection][27/06/2025 16:35:43][WildStr][cpptools.exe]

[Throw dll injection][27/06/2025 16:35:43][WildStr][SearchApp.exe]

[Throw dll injection][27/06/2025 16:35:43][WildStr][ApplicationFrameHost.exe]

[Throw dll injection][27/06/2025 16:35:43][WildStr][msedgewebview2.exe]

[Throw dll injection][27/06/2025 16:35:43][WildStr][SystemSettings.exe]

[Throw dll injection][27/06/2025 16:35:43][WildStr][msedgewebview2.exe]

[Throw dll injection][27/06/2025 16:35:43][WildStr][msedgewebview2.exe]

[Throw dll injection][27/06/2025 16:35:43][WildStr][msedgewebview2.exe]

[Throw dll injection][27/06/2025 16:35:43][WildStr][SearchApp.exe]

[Throw dll injection][27/06/2025 16:35:43][WildStr][msedgewebview2.exe]

[Throw dll injection][27/06/2025 16:35:43][WildStr][msedgewebview2.exe]

[Throw dll injection][27/06/2025 16:35:43][WildStr][msedgewebview2.exe]

[Throw dll injection][27/06/2025 16:35:43][WildStr][msedgewebview2.exe]

[Throw dll injection][27/06/2025 16:35:43][WildStr][FileCoAuth.exe]

[Throw dll injection][27/06/2025 16:35:43][WildStr][msedgewebview2.exe]

[Throw dll injection][27/06/2025 16:35:43][WildStr][svchost.exe]

[Throw dll injection][27/06/2025 16:35:43][WildStr][msedgewebview2.exe]

[Throw dll injection][27/06/2025 16:35:43][WildStr][msedge.exe]

[Throw dll injection][27/06/2025 16:35:43][WildStr][msedgewebview2.exe]

[Throw dll injection][27/06/2025 16:35:43][WildStr][msedge.exe]

[Throw dll injection][27/06/2025 16:35:43][WildStr][msedgewebview2.exe]

[Throw dll injection][27/06/2025 16:35:43][WildStr][msedge.exe]

[Throw dll injection][27/06/2025 16:35:43][WildStr][FileCoAuth.exe]

[Throw dll injection][27/06/2025 16:35:43][WildStr][msedge.exe]

[Throw dll injection][27/06/2025 16:35:43][WildStr][msedge.exe]


[Throw dll injection][27/06/2025 16:35:43][WildStr][msedge.exe]

[Throw dll injection][27/06/2025 16:35:43][WildStr][svchost.exe]

[Throw dll injection][27/06/2025 16:35:43][WildStr][msedge.exe]

[Throw dll injection][27/06/2025 16:35:43][WildStr][svchost.exe]

[Throw dll injection][27/06/2025 16:35:43][WildStr][msedge.exe]

[Throw dll injection][27/06/2025 16:35:43][WildStr][svchost.exe]

[Throw dll injection][27/06/2025 16:35:43][WildStr][msedge.exe]

[Throw dll injection][27/06/2025 16:35:43][WildStr][dllhost.exe]

[Throw dll injection][27/06/2025 16:35:43][WildStr][msedge.exe]

[Throw dll injection][27/06/2025 16:35:43][WildStr][ShellExperienceHost.exe]

[Throw dll injection][27/06/2025 16:35:43][WildStr][svchost.exe]

[Throw dll injection][27/06/2025 16:35:43][WildStr][RuntimeBroker.exe]

[Throw dll injection][27/06/2025 16:35:43][WildStr][svchost.exe]

[Throw dll injection][27/06/2025 16:35:43][WildStr][vctip.exe]

[Throw dll injection][27/06/2025 16:35:43][WildStr][svchost.exe]

[Throw dll injection][27/06/2025 16:35:43][WildStr][cpptools-srv.exe]

[Throw dll injection][27/06/2025 16:35:43][WildStr][dllhost.exe]

[Throw dll injection][27/06/2025 16:35:43][WildStr][conhost.exe]

[Throw dll injection][27/06/2025 16:35:43][WildStr][ShellExperienceHost.exe]

[Throw dll injection][27/06/2025 16:35:43][WildStr][RuntimeBroker.exe]

[Throw dll injection][27/06/2025 16:35:43][WildStr][conhost.exe]

[Throw dll injection][27/06/2025 16:35:43][WildStr][svchost.exe]

[Throw dll injection][27/06/2025 16:35:43][WildStr][cpptools-srv.exe]

[Throw dll injection][27/06/2025 16:35:43][WildStr][Taskmgr.exe]

[Throw dll injection][27/06/2025 16:35:43][WildStr][conhost.exe]

[Throw dll injection][27/06/2025 16:35:43][WildStr][cpptools-srv.exe]

[Throw dll injection][27/06/2025 16:35:43][WildStr][conhost.exe]

[Throw dll injection][27/06/2025 16:35:43][WildStr][svchost.exe]

[Throw dll injection][27/06/2025 16:35:43][WildStr][Taskmgr.exe]

[Throw dll injection][27/06/2025 16:35:43][Str][SystemTimeOfDayInformation]

[Throw dll injection][27/06/2025 16:35:44][Str][OrigNtQuerySystemInformation failed: 0xC0000023
]

[Throw dll injection][27/06/2025 16:35:44][Str][Noinfo]

[Throw dll injection][27/06/2025 16:35:44][Str][Noinfo]

[Throw dll injection][27/06/2025 16:35:44][Str][Noinfo]

[Throw dll injection][27/06/2025 16:35:44][Str][SystemProcessInformation]

[Throw dll injection][27/06/2025 16:35:44][Str][SystemProcessInformation]

[Throw dll injection][27/06/2025 16:35:44][WildStr][System]

[Throw dll injection][27/06/2025 16:35:44][WildStr][System]

[Throw dll injection][27/06/2025 16:35:44][WildStr][Registry]

[Throw dll injection][27/06/2025 16:35:44][WildStr][smss.exe]

[Throw dll injection][27/06/2025 16:35:44][WildStr][Registry]

[Throw dll injection][27/06/2025 16:35:44][WildStr][csrss.exe]

[Throw dll injection][27/06/2025 16:35:44][WildStr][smss.exe]

[Throw dll injection][27/06/2025 16:35:44][WildStr][wininit.exe]

[Throw dll injection][27/06/2025 16:35:44][WildStr][csrss.exe]

[Throw dll injection][27/06/2025 16:35:44][WildStr][csrss.exe]

[Throw dll injection][27/06/2025 16:35:44][WildStr][wininit.exe]

[Throw dll injection][27/06/2025 16:35:44][WildStr][winlogon.exe]

[Throw dll injection][27/06/2025 16:35:44][WildStr][services.exe]

[Throw dll injection][27/06/2025 16:35:44][WildStr][csrss.exe]

[Throw dll injection][27/06/2025 16:35:44][WildStr][lsass.exe]

[Throw dll injection][27/06/2025 16:35:44][WildStr][svchost.exe]

[Throw dll injection][27/06/2025 16:35:44][WildStr][fontdrvhost.exe]

[Throw dll injection][27/06/2025 16:35:44][WildStr][winlogon.exe]

[Throw dll injection][27/06/2025 16:35:44][WildStr][fontdrvhost.exe]

[Throw dll injection][27/06/2025 16:35:44][WildStr][svchost.exe]

[Throw dll injection][27/06/2025 16:35:44][WildStr][services.exe]

[Throw dll injection][27/06/2025 16:35:44][WildStr][svchost.exe]

[Throw dll injection][27/06/2025 16:35:44][WildStr][dwm.exe]

[Throw dll injection][27/06/2025 16:35:44][WildStr][lsass.exe]

[Throw dll injection][27/06/2025 16:35:44][WildStr][svchost.exe]

[Throw dll injection][27/06/2025 16:35:44][WildStr][svchost.exe]

[Throw dll injection][27/06/2025 16:35:44][WildStr][svchost.exe]

[Throw dll injection][27/06/2025 16:35:44][WildStr][svchost.exe]

[Throw dll injection][27/06/2025 16:35:44][WildStr][svchost.exe]

[Throw dll injection][27/06/2025 16:35:44][WildStr][fontdrvhost.exe]

[Throw dll injection][27/06/2025 16:35:44][WildStr][svchost.exe]

[Throw dll injection][27/06/2025 16:35:44][WildStr][svchost.exe]

[Throw dll injection][27/06/2025 16:35:44][WildStr][fontdrvhost.exe]

[Throw dll injection][27/06/2025 16:35:44][WildStr][svchost.exe]

[Throw dll injection][27/06/2025 16:35:44][WildStr][svchost.exe]

[Throw dll injection][27/06/2025 16:35:44][WildStr][svchost.exe]

[Throw dll injection][27/06/2025 16:35:44][WildStr][svchost.exe]

[Throw dll injection][27/06/2025 16:35:44][WildStr][svchost.exe]

[Throw dll injection][27/06/2025 16:35:44][WildStr][svchost.exe]

[Throw dll injection][27/06/2025 16:35:44][WildStr][svchost.exe]

[Throw dll injection][27/06/2025 16:35:44][WildStr][svchost.exe]

[Throw dll injection][27/06/2025 16:35:44][WildStr][dwm.exe]

[Throw dll injection][27/06/2025 16:35:44][WildStr][svchost.exe]

[Throw dll injection][27/06/2025 16:35:44][WildStr][VBoxService.exe]

[Throw dll injection][27/06/2025 16:35:44][WildStr][svchost.exe]

[Throw dll injection][27/06/2025 16:35:44][WildStr][svchost.exe]

[Throw dll injection][27/06/2025 16:35:44][WildStr][svchost.exe]

[Throw dll injection][27/06/2025 16:35:44][WildStr][svchost.exe]

[Throw dll injection][27/06/2025 16:35:44][WildStr][svchost.exe]

[Throw dll injection][27/06/2025 16:35:44][WildStr][svchost.exe]

[Throw dll injection][27/06/2025 16:35:44][WildStr][svchost.exe]

[Throw dll injection][27/06/2025 16:35:44][WildStr][svchost.exe]

[Throw dll injection][27/06/2025 16:35:44][WildStr][svchost.exe]

[Throw dll injection][27/06/2025 16:35:44][WildStr][svchost.exe]

[Throw dll injection][27/06/2025 16:35:44][WildStr][svchost.exe]

[Throw dll injection][27/06/2025 16:35:44][WildStr][Memory Compression]

[Throw dll injection][27/06/2025 16:35:44][WildStr][svchost.exe]

[Throw dll injection][27/06/2025 16:35:44][WildStr][svchost.exe]

[Throw dll injection][27/06/2025 16:35:44][WildStr][svchost.exe]

[Throw dll injection][27/06/2025 16:35:44][WildStr][svchost.exe]

[Throw dll injection][27/06/2025 16:35:44][WildStr][svchost.exe]

[Throw dll injection][27/06/2025 16:35:44][WildStr][svchost.exe]

[Throw dll injection][27/06/2025 16:35:44][WildStr][svchost.exe]

[Throw dll injection][27/06/2025 16:35:44][WildStr][svchost.exe]

[Throw dll injection][27/06/2025 16:35:44][WildStr][svchost.exe]

[Throw dll injection][27/06/2025 16:35:44][WildStr][svchost.exe]

[Throw dll injection][27/06/2025 16:35:44][WildStr][svchost.exe]

[Throw dll injection][27/06/2025 16:35:44][WildStr][svchost.exe]

[Throw dll injection][27/06/2025 16:35:44][WildStr][svchost.exe]

[Throw dll injection][27/06/2025 16:35:44][WildStr][svchost.exe]

[Throw dll injection][27/06/2025 16:35:44][WildStr][VBoxService.exe]

[Throw dll injection][27/06/2025 16:35:44][WildStr][svchost.exe]

[Throw dll injection][27/06/2025 16:35:44][WildStr][svchost.exe]

[Throw dll injection][27/06/2025 16:35:44][WildStr][spoolsv.exe]

[Throw dll injection][27/06/2025 16:35:44][WildStr][svchost.exe]

[Throw dll injection][27/06/2025 16:35:44][WildStr][svchost.exe]

[Throw dll injection][27/06/2025 16:35:44][WildStr][svchost.exe]

[Throw dll injection][27/06/2025 16:35:44][WildStr][svchost.exe]

[Throw dll injection][27/06/2025 16:35:44][WildStr][svchost.exe]

[Throw dll injection][27/06/2025 16:35:44][WildStr][svchost.exe]

[Throw dll injection][27/06/2025 16:35:44][WildStr][svchost.exe]

[Throw dll injection][27/06/2025 16:35:44][WildStr][svchost.exe]

[Throw dll injection][27/06/2025 16:35:44][WildStr][svchost.exe]

[Throw dll injection][27/06/2025 16:35:44][WildStr][ssh-agent.exe]

[Throw dll injection][27/06/2025 16:35:44][WildStr][Memory Compression]

[Throw dll injection][27/06/2025 16:35:44][WildStr][sshd.exe]

[Throw dll injection][27/06/2025 16:35:44][WildStr][svchost.exe]

[Throw dll injection][27/06/2025 16:35:44][WildStr][svchost.exe]

[Throw dll injection][27/06/2025 16:35:44][WildStr][svchost.exe]

[Throw dll injection][27/06/2025 16:35:44][WildStr][svchost.exe]

[Throw dll injection][27/06/2025 16:35:44][WildStr][svchost.exe]

[Throw dll injection][27/06/2025 16:35:44][WildStr][svchost.exe]

[Throw dll injection][27/06/2025 16:35:44][WildStr][svchost.exe]

[Throw dll injection][27/06/2025 16:35:44][WildStr][svchost.exe]

[Throw dll injection][27/06/2025 16:35:44][WildStr][svchost.exe]

[Throw dll injection][27/06/2025 16:35:44][WildStr][svchost.exe]

[Throw dll injection][27/06/2025 16:35:44][WildStr][svchost.exe]

[Throw dll injection][27/06/2025 16:35:44][WildStr][svchost.exe]

[Throw dll injection][27/06/2025 16:35:44][WildStr][svchost.exe]

[Throw dll injection][27/06/2025 16:35:44][WildStr][svchost.exe]

[Throw dll injection][27/06/2025 16:35:44][WildStr][svchost.exe]

[Throw dll injection][27/06/2025 16:35:44][WildStr][svchost.exe]

[Throw dll injection][27/06/2025 16:35:44][WildStr][spoolsv.exe]

[Throw dll injection][27/06/2025 16:35:44][WildStr][svchost.exe]

[Throw dll injection][27/06/2025 16:35:44][WildStr][svchost.exe]

[Throw dll injection][27/06/2025 16:35:44][WildStr][MpDefenderCoreService.exe]

[Throw dll injection][27/06/2025 16:35:44][WildStr][svchost.exe]

[Throw dll injection][27/06/2025 16:35:44][WildStr][MsMpEng.exe]

[Throw dll injection][27/06/2025 16:35:44][WildStr][svchost.exe]

[Throw dll injection][27/06/2025 16:35:44][WildStr][SearchIndexer.exe]

[Throw dll injection][27/06/2025 16:35:44][WildStr][svchost.exe]

[Throw dll injection][27/06/2025 16:35:44][WildStr][AggregatorHost.exe]

[Throw dll injection][27/06/2025 16:35:44][WildStr][ssh-agent.exe]

[Throw dll injection][27/06/2025 16:35:44][WildStr][dllhost.exe]

[Throw dll injection][27/06/2025 16:35:44][WildStr][sshd.exe]

[Throw dll injection][27/06/2025 16:35:44][WildStr][svchost.exe]

[Throw dll injection][27/06/2025 16:35:44][WildStr][svchost.exe]

[Throw dll injection][27/06/2025 16:35:44][WildStr][NisSrv.exe]

[Throw dll injection][27/06/2025 16:35:44][WildStr][svchost.exe]

[Throw dll injection][27/06/2025 16:35:44][WildStr][sihost.exe]

[Throw dll injection][27/06/2025 16:35:44][WildStr][svchost.exe]

[Throw dll injection][27/06/2025 16:35:44][WildStr][svchost.exe]

[Throw dll injection][27/06/2025 16:35:44][WildStr][svchost.exe]

[Throw dll injection][27/06/2025 16:35:44][WildStr][svchost.exe]

[Throw dll injection][27/06/2025 16:35:44][WildStr][svchost.exe]

[Throw dll injection][27/06/2025 16:35:44][WildStr][taskhostw.exe]

[Throw dll injection][27/06/2025 16:35:44][WildStr][svchost.exe]

[Throw dll injection][27/06/2025 16:35:44][WildStr][MicrosoftEdgeUpdate.exe]

[Throw dll injection][27/06/2025 16:35:44][WildStr][svchost.exe]

[Throw dll injection][27/06/2025 16:35:44][WildStr][svchost.exe]

[Throw dll injection][27/06/2025 16:35:44][WildStr][svchost.exe]

[Throw dll injection][27/06/2025 16:35:44][WildStr][ctfmon.exe]

[Throw dll injection][27/06/2025 16:35:44][WildStr][svchost.exe]

[Throw dll injection][27/06/2025 16:35:44][WildStr][svchost.exe]

[Throw dll injection][27/06/2025 16:35:44][WildStr][MpDefenderCoreService.exe]

[Throw dll injection][27/06/2025 16:35:44][WildStr][svchost.exe]

[Throw dll injection][27/06/2025 16:35:44][WildStr][MsMpEng.exe]

[Throw dll injection][27/06/2025 16:35:44][WildStr][explorer.exe]

[Throw dll injection][27/06/2025 16:35:44][WildStr][SearchIndexer.exe]

[Throw dll injection][27/06/2025 16:35:44][WildStr][svchost.exe]

[Throw dll injection][27/06/2025 16:35:44][WildStr][AggregatorHost.exe]

[Throw dll injection][27/06/2025 16:35:44][WildStr][StartMenuExperienceHost.exe]

[Throw dll injection][27/06/2025 16:35:44][WildStr][dllhost.exe]

[Throw dll injection][27/06/2025 16:35:44][WildStr][RuntimeBroker.exe]

[Throw dll injection][27/06/2025 16:35:44][WildStr][svchost.exe]

[Throw dll injection][27/06/2025 16:35:44][WildStr][SearchApp.exe]

[Throw dll injection][27/06/2025 16:35:44][WildStr][NisSrv.exe]

[Throw dll injection][27/06/2025 16:35:44][WildStr][svchost.exe]

[Throw dll injection][27/06/2025 16:35:44][WildStr][sihost.exe]

[Throw dll injection][27/06/2025 16:35:44][WildStr][RuntimeBroker.exe]

[Throw dll injection][27/06/2025 16:35:44][WildStr][svchost.exe]
exe]

[Throw dll injection][27/06/2025 16:35:44][WildStr][svchost.exe]

[Throw dll injection][27/06/2025 16:35:44][WildStr][svchost.exe]

[Throw dll injection][27/06/2025 16:35:44][WildStr][SecurityHealthSystray.exe]

[Throw dll injection][27/06/2025 16:35:44][WildStr][taskhostw.exe]

[Throw dll injection][27/06/2025 16:35:44][WildStr][SecurityHealthService.exe]

[Throw dll injection][27/06/2025 16:35:44][WildStr][MicrosoftEdgeUpdate.exe]

[Throw dll injection][27/06/2025 16:35:44][WildStr][VBoxTray.exe]

[Throw dll injection][27/06/2025 16:35:44][WildStr][svchost.exe]

[Throw dll injection][27/06/2025 16:35:44][WildStr][OneDrive.exe]

[Throw dll injection][27/06/2025 16:35:44][WildStr][ctfmon.exe]

[Throw dll injection][27/06/2025 16:35:44][WildStr][svchost.exe]

[Throw dll injection][27/06/2025 16:35:44][WildStr][cmd.exe]

[Throw dll injection][27/06/2025 16:35:44][WildStr][conhost.exe]

[Throw dll injection][27/06/2025 16:35:44][WildStr][explorer.exe]

[Throw dll injection][27/06/2025 16:35:44][WildStr][svchost.exe]

[Throw dll injection][27/06/2025 16:35:44][WildStr][svchost.exe]

[Throw dll injection][27/06/2025 16:35:44][WildStr][svchost.exe]

[Throw dll injection][27/06/2025 16:35:44][WildStr][StartMenuExperienceHost.exe]

[Throw dll injection][27/06/2025 16:35:44][WildStr][svchost.exe]

[Throw dll injection][27/06/2025 16:35:44][WildStr][RuntimeBroker.exe]

[Throw dll injection][27/06/2025 16:35:44][WildStr][svchost.exe]

[Throw dll injection][27/06/2025 16:35:44][WildStr][SearchApp.exe]

[Throw dll injection][27/06/2025 16:35:44][WildStr][svchost.exe]

[Throw dll injection][27/06/2025 16:35:44][WildStr][svchost.exe]

[Throw dll injection][27/06/2025 16:35:44][WildStr][svchost.exe]

[Throw dll injection][27/06/2025 16:35:44][WildStr][RuntimeBroker.exe]

[Throw dll injection][27/06/2025 16:35:44][WildStr][powershell.exe]

[Throw dll injection][27/06/2025 16:35:44][WildStr][RuntimeBroker.exe]

[Throw dll injection][27/06/2025 16:35:44][WildStr][Code.exe]

[Throw dll injection][27/06/2025 16:35:44][WildStr][svchost.exe]

[Throw dll injection][27/06/2025 16:35:44][WildStr][Code.exe]

[Throw dll injection][27/06/2025 16:35:44][WildStr][SecurityHealthSystray.exe]

[Throw dll injection][27/06/2025 16:35:44][WildStr][Code.exe]

[Throw dll injection][27/06/2025 16:35:44][WildStr][SecurityHealthService.exe]

[Throw dll injection][27/06/2025 16:35:44][WildStr][Code.exe]

[Throw dll injection][27/06/2025 16:35:44][WildStr][VBoxTray.exe]

[Throw dll injection][27/06/2025 16:35:44][WildStr][Code.exe]

[Throw dll injection][27/06/2025 16:35:44][WildStr][OneDrive.exe]

[Throw dll injection][27/06/2025 16:35:44][WildStr][Code.exe]

[Throw dll injection][27/06/2025 16:35:44][WildStr][cmd.exe]

[Throw dll injection][27/06/2025 16:35:44][WildStr][Code.exe]

[Throw dll injection][27/06/2025 16:35:44][WildStr][conhost.exe]

[Throw dll injection][27/06/2025 16:35:44][WildStr][Code.exe]

[Throw dll injection][27/06/2025 16:35:44][WildStr][svchost.exe]

[Throw dll injection][27/06/2025 16:35:44][WildStr][Code.exe]

[Throw dll injection][27/06/2025 16:35:44][WildStr][svchost.exe]

[Throw dll injection][27/06/2025 16:35:44][WildStr][conhost.exe]

[Throw dll injection][27/06/2025 16:35:44][WildStr][svchost.exe]

[Throw dll injection][27/06/2025 16:35:44][WildStr][powershell.exe]

[Throw dll injection][27/06/2025 16:35:44][WildStr][svchost.exe]

[Throw dll injection][27/06/2025 16:35:44][WildStr][conhost.exe]

[Throw dll injection][27/06/2025 16:35:44][WildStr][svchost.exe]

[Throw dll injection][27/06/2025 16:35:44][WildStr][powershell.exe]

[Throw dll injection][27/06/2025 16:35:44][WildStr][svchost.exe]

[Throw dll injection][27/06/2025 16:35:44][WildStr][TextInputHost.exe]

[Throw dll injection][27/06/2025 16:35:44][WildStr][powershell.exe]

[Throw dll injection][27/06/2025 16:35:44][WildStr][Code.exe]

[Throw dll injection][27/06/2025 16:35:44][WildStr][Code.exe]

[Throw dll injection][27/06/2025 16:35:44][WildStr][cpptools.exe]

[Throw dll injection][27/06/2025 16:35:44][WildStr][Code.exe]

[Throw dll injection][27/06/2025 16:35:44][WildStr][conhost.exe]

[Throw dll injection][27/06/2025 16:35:44][WildStr][Code.exe]

[Throw dll injection][27/06/2025 16:35:44][WildStr][cpptools.exe]

[Throw dll injection][27/06/2025 16:35:44][WildStr][Code.exe]

[Throw dll injection][27/06/2025 16:35:44][WildStr][ApplicationFrameHost.exe]

[Throw dll injection][27/06/2025 16:35:44][WildStr][Code.exe]

[Throw dll injection][27/06/2025 16:35:44][WildStr][SystemSettings.exe]

[Throw dll injection][27/06/2025 16:35:44][WildStr][Code.exe]

[Throw dll injection][27/06/2025 16:35:44][WildStr][UserOOBEBroker.exe]

[Throw dll injection][27/06/2025 16:35:44][WildStr][Code.exe]

[Throw dll injection][27/06/2025 16:35:44][WildStr][SearchApp.exe]

[Throw dll injection][27/06/2025 16:35:44][WildStr][Code.exe]

[Throw dll injection][27/06/2025 16:35:44][WildStr][msedgewebview2.exe]

[Throw dll injection][27/06/2025 16:35:44][WildStr][Code.exe]

[Throw dll injection][27/06/2025 16:35:44][WildStr][msedgewebview2.exe]

[Throw dll injection][27/06/2025 16:35:44][WildStr][conhost.exe]

[Throw dll injection][27/06/2025 16:35:44][WildStr][msedgewebview2.exe]

[Throw dll injection][27/06/2025 16:35:44][WildStr][powershell.exe]

[Throw dll injection][27/06/2025 16:35:44][WildStr][msedgewebview2.exe]

[Throw dll injection][27/06/2025 16:35:44][WildStr][conhost.exe]

[Throw dll injection][27/06/2025 16:35:44][WildStr][msedgewebview2.exe]

[Throw dll injection][27/06/2025 16:35:44][WildStr][powershell.exe]

[Throw dll injection][27/06/2025 16:35:44][WildStr][msedgewebview2.exe]

[Throw dll injection][27/06/2025 16:35:44][WildStr][TextInputHost.exe]

[Throw dll injection][27/06/2025 16:35:44][WildStr][FileCoAuth.exe]

[Throw dll injection][27/06/2025 16:35:44][WildStr][Code.exe]

[Throw dll injection][27/06/2025 16:35:44][WildStr][svchost.exe]

[Throw dll injection][27/06/2025 16:35:44][WildStr][cpptools.exe]

[Throw dll injection][27/06/2025 16:35:44][WildStr][msedge.exe]

[Throw dll injection][27/06/2025 16:35:44][WildStr][conhost.exe]

[Throw dll injection][27/06/2025 16:35:44][WildStr][msedge.exe]

[Throw dll injection][27/06/2025 16:35:44][WildStr][cpptools.exe]

[Throw dll injection][27/06/2025 16:35:44][WildStr][msedge.exe]

[Throw dll injection][27/06/2025 16:35:44][WildStr][ApplicationFrameHost.exe]

[Throw dll injection][27/06/2025 16:35:44][WildStr][msedge.exe]

[Throw dll injection][27/06/2025 16:35:44][WildStr][SystemSettings.exe]

[Throw dll injection][27/06/2025 16:35:44][WildStr][msedge.exe]

[Throw dll injection][27/06/2025 16:35:44][WildStr][UserOOBEBroker.exe]

[Throw dll injection][27/06/2025 16:35:44][WildStr][svchost.exe]

[Throw dll injection][27/06/2025 16:35:44][WildStr][SearchApp.exe]

[Throw dll injection][27/06/2025 16:35:44][WildStr][svchost.exe]

[Throw dll injection][27/06/2025 16:35:44][WildStr][msedgewebview2.exe]

[Throw dll injection][27/06/2025 16:35:44][WildStr][svchost.exe]

[Throw dll injection][27/06/2025 16:35:44][WildStr][msedgewebview2.exe]

[Throw dll injection][27/06/2025 16:35:44][WildStr][dllhost.exe]

[Throw dll injection][27/06/2025 16:35:44][WildStr][msedgewebview2.exe]

[Throw dll injection][27/06/2025 16:35:44][WildStr][ShellExperienceHost.exe]

[Throw dll injection][27/06/2025 16:35:44][WildStr][msedgewebview2.exe]

[Throw dll injection][27/06/2025 16:35:44][WildStr][RuntimeBroker.exe]

[Throw dll injection][27/06/2025 16:35:44][WildStr][msedgewebview2.exe]

[Throw dll injection][27/06/2025 16:35:44][WildStr][vctip.exe]

[Throw dll injection][27/06/2025 16:35:44][WildStr][msedgewebview2.exe]

[Throw dll injection][27/06/2025 16:35:44][WildStr][cpptools-srv.exe]

[Throw dll injection][27/06/2025 16:35:44][WildStr][FileCoAuth.exe]

[Throw dll injection][27/06/2025 16:35:44][WildStr][conhost.exe]

[Throw dll injection][27/06/2025 16:35:44][WildStr][svchost.exe]

[Throw dll injection][27/06/2025 16:35:44][WildStr][cpptools-srv.exe]

[Throw dll injection][27/06/2025 16:35:44][WildStr][msedge.exe]

[Throw dll injection][27/06/2025 16:35:44][WildStr][conhost.exe]

[Throw dll injection][27/06/2025 16:35:44][WildStr][msedge.exe]

[Throw dll injection][27/06/2025 16:35:44][WildStr][svchost.exe]

[Throw dll injection][27/06/2025 16:35:44][WildStr][msedge.exe]

[Throw dll injection][27/06/2025 16:35:44][WildStr][Taskmgr.exe]

[Throw dll injection][27/06/2025 16:35:44][WildStr][msedge.exe]

[Throw dll injection][27/06/2025 16:35:44][Str][SystemTimeOfDayInformation]

[Throw dll injection][27/06/2025 16:35:44][WildStr][svchost.exe]

[Throw dll injection][27/06/2025 16:35:44][WildStr][svchost.exe]

[Throw dll injection][27/06/2025 16:35:44][WildStr][svchost.exe]

[Throw dll injection][27/06/2025 16:35:44][WildStr][dllhost.exe]

[Throw dll injection][27/06/2025 16:35:44][WildStr][ShellExperienceHost.exe]

[Throw dll injection][27/06/2025 16:35:44][WildStr][RuntimeBroker.exe]

[Throw dll injection][27/06/2025 16:35:44][WildStr][vctip.exe]

[Throw dll injection][27/06/2025 16:35:44][WildStr][cpptools-srv.exe]

[Throw dll injection][27/06/2025 16:35:44][WildStr][conhost.exe]

[Throw dll injection][27/06/2025 16:35:44][WildStr][cpptools-srv.exe]

[Throw dll injection][27/06/2025 16:35:44][WildStr][conhost.exe]

[Throw dll injection][27/06/2025 16:35:44][WildStr][svchost.exe]

[Throw dll injection][27/06/2025 16:35:44][WildStr][Taskmgr.exe]

[Throw dll injection][27/06/2025 16:35:45][Str][DLL_PROCESS_DETACH]

[Throw dll injection][27/06/2025 17:24:04][Str][DLL_PROCESS_ATTACH]

[Throw dll injection][27/06/2025 17:24:04][Str][Inside StartHook function.]

[Throw dll injection][27/06/2025 17:24:04][Str][Found ntdll.dll]

[Throw dll injection][27/06/2025 17:24:04][Str][Found NtQuerySystemInformation in IAT]

[Throw dll injection][27/06/2025 17:24:04][WildStr][System]

[Throw dll injection][27/06/2025 17:24:04][WildStr][System]

[Throw dll injection][27/06/2025 17:24:04][WildStr][Registry]

[Throw dll injection][27/06/2025 17:24:04][WildStr][Registry]

[Throw dll injection][27/06/2025 17:24:04][WildStr][smss.exe]

[Throw dll injection][27/06/2025 17:24:04][WildStr][smss.exe]

[Throw dll injection][27/06/2025 17:24:04][WildStr][csrss.exe]

[Throw dll injection][27/06/2025 17:24:04][WildStr][csrss.exe]

[Throw dll injection][27/06/2025 17:24:04][WildStr][wininit.exe]

[Throw dll injection][27/06/2025 17:24:04][WildStr][csrss.exe]


[Throw dll injection][27/06/2025 17:24:04][WildStr][winlogon.exe]

[Throw dll injection][27/06/2025 17:24:04][WildStr][csrss.exe]

[Throw dll injection][27/06/2025 17:24:04][WildStr][services.exe]

[Throw dll injection][27/06/2025 17:24:04][WildStr][lsass.exe]

[Throw dll injection][27/06/2025 17:24:04][WildStr][winlogon.exe]

[Throw dll injection][27/06/2025 17:24:04][WildStr][svchost.exe]

[Throw dll injection][27/06/2025 17:24:04][WildStr][services.exe]

[Throw dll injection][27/06/2025 17:24:04][WildStr][fontdrvhost.exe]

[Throw dll injection][27/06/2025 17:24:04][WildStr][fontdrvhost.exe]

[Throw dll injection][27/06/2025 17:24:04][WildStr][lsass.exe]

[Throw dll injection][27/06/2025 17:24:04][WildStr][svchost.exe]

[Throw dll injection][27/06/2025 17:24:04][WildStr][svchost.exe]

[Throw dll injection][27/06/2025 17:24:04][WildStr][fontdrvhost.exe]

[Throw dll injection][27/06/2025 17:24:04][WildStr][svchost.exe]

[Throw dll injection][27/06/2025 17:24:04][WildStr][dwm.exe]
t.exe]

[Throw dll injection][27/06/2025 17:24:04][WildStr][svchost.exe]

[Throw dll injection][27/06/2025 17:24:04][WildStr][svchost.exe]

[Throw dll injection][27/06/2025 17:24:04][WildStr][svchost.exe]

[Throw dll injection][27/06/2025 17:24:04][WildStr][svchost.exe]

[Throw dll injection][27/06/2025 17:24:04][WildStr][svchost.exe]

[Throw dll injection][27/06/2025 17:24:04][WildStr][svchost.exe]

[Throw dll injection][27/06/2025 17:24:04][WildStr][svchost.exe]

[Throw dll injection][27/06/2025 17:24:04][WildStr][svchost.exe]

[Throw dll injection][27/06/2025 17:24:04][WildStr][svchost.exe]

[Throw dll injection][27/06/2025 17:24:04][WildStr][svchost.exe]

[Throw dll injection][27/06/2025 17:24:04][WildStr][svchost.exe]

[Throw dll injection][27/06/2025 17:24:04][WildStr][svchost.exe]

[Throw dll injection][27/06/2025 17:24:04][WildStr][svchost.exe]

[Throw dll injection][27/06/2025 17:24:04][WildStr][svchost.exe]

[Throw dll injection][27/06/2025 17:24:04][WildStr][svchost.exe]

[Throw dll injection][27/06/2025 17:24:04][WildStr][svchost.exe]

[Throw dll injection][27/06/2025 17:24:04][WildStr][svchost.exe]

[Throw dll injection][27/06/2025 17:24:04][WildStr][svchost.exe]

[Throw dll injection][27/06/2025 17:24:04][WildStr][svchost.exe]

[Throw dll injection][27/06/2025 17:24:04][WildStr][svchost.exe]

[Throw dll injection][27/06/2025 17:24:04][WildStr][svchost.exe]

[Throw dll injection][27/06/2025 17:24:04][WildStr][svchost.exe]

[Throw dll injection][27/06/2025 17:24:04][WildStr][svchost.exe]

[Throw dll injection][27/06/2025 17:24:04][WildStr][svchost.exe]

[Throw dll injection][27/06/2025 17:24:04][WildStr][VBoxService.exe]

[Throw dll injection][27/06/2025 17:24:04][WildStr][svchost.exe]

[Throw dll injection][27/06/2025 17:24:04][WildStr][svchost.exe]

[Throw dll injection][27/06/2025 17:24:04][WildStr][svchost.exe]

[Throw dll injection][27/06/2025 17:24:04][WildStr][svchost.exe]

[Throw dll injection][27/06/2025 17:24:04][WildStr][svchost.exe]

[Throw dll injection][27/06/2025 17:24:04][WildStr][svchost.exe]

[Throw dll injection][27/06/2025 17:24:04][WildStr][svchost.exe]

[Throw dll injection][27/06/2025 17:24:04][WildStr][svchost.exe]

[Throw dll injection][27/06/2025 17:24:04][WildStr][VBoxService.exe]

[Throw dll injection][27/06/2025 17:24:04][WildStr][svchost.exe]

[Throw dll injection][27/06/2025 17:24:04][WildStr][svchost.exe]

[Throw dll injection][27/06/2025 17:24:04][WildStr][svchost.exe]

[Throw dll injection][27/06/2025 17:24:04][WildStr][Memory Compression]

[Throw dll injection][27/06/2025 17:24:04][WildStr][svchost.exe]

[Throw dll injection][27/06/2025 17:24:04][WildStr][svchost.exe]

[Throw dll injection][27/06/2025 17:24:04][WildStr][svchost.exe]

[Throw dll injection][27/06/2025 17:24:04][WildStr][svchost.exe]

[Throw dll injection][27/06/2025 17:24:04][WildStr][svchost.exe]

[Throw dll injection][27/06/2025 17:24:04][WildStr][svchost.exe]
sion]

[Throw dll injection][27/06/2025 17:24:04][WildStr][svchost.exe]

[Throw dll injection][27/06/2025 17:24:04][WildStr][svchost.exe]

[Throw dll injection][27/06/2025 17:24:04][WildStr][svchost.exe]

[Throw dll injection][27/06/2025 17:24:04][WildStr][svchost.exe]

[Throw dll injection][27/06/2025 17:24:04][WildStr][svchost.exe]

[Throw dll injection][27/06/2025 17:24:04][WildStr][svchost.exe]

[Throw dll injection][27/06/2025 17:24:04][WildStr][svchost.exe]

[Throw dll injection][27/06/2025 17:24:04][WildStr][svchost.exe]

[Throw dll injection][27/06/2025 17:24:04][WildStr][spoolsv.exe]

[Throw dll injection][27/06/2025 17:24:04][WildStr][svchost.exe]

[Throw dll injection][27/06/2025 17:24:04][WildStr][svchost.exe]

[Throw dll injection][27/06/2025 17:24:04][WildStr][svchost.exe]

[Throw dll injection][27/06/2025 17:24:04][WildStr][svchost.exe]

[Throw dll injection][27/06/2025 17:24:04][WildStr][svchost.exe]

[Throw dll injection][27/06/2025 17:24:04][WildStr][svchost.exe]

[Throw dll injection][27/06/2025 17:24:04][WildStr][svchost.exe]

[Throw dll injection][27/06/2025 17:24:04][WildStr][svchost.exe]

[Throw dll injection][27/06/2025 17:24:04][WildStr][spoolsv.exe]

[Throw dll injection][27/06/2025 17:24:04][WildStr][ssh-agent.exe]

[Throw dll injection][27/06/2025 17:24:04][WildStr][svchost.exe]

[Throw dll injection][27/06/2025 17:24:04][WildStr][sshd.exe]

[Throw dll injection][27/06/2025 17:24:04][WildStr][svchost.exe]

[Throw dll injection][27/06/2025 17:24:04][WildStr][svchost.exe]

[Throw dll injection][27/06/2025 17:24:04][WildStr][svchost.exe]

[Throw dll injection][27/06/2025 17:24:04][WildStr][svchost.exe]

[Throw dll injection][27/06/2025 17:24:04][WildStr][svchost.exe]

[Throw dll injection][27/06/2025 17:24:04][WildStr][svchost.exe]

[Throw dll injection][27/06/2025 17:24:04][WildStr][ssh-agent.exe]

[Throw dll injection][27/06/2025 17:24:04][WildStr][svchost.exe]

[Throw dll injection][27/06/2025 17:24:04][WildStr][sshd.exe]

[Throw dll injection][27/06/2025 17:24:04][WildStr][svchost.exe]

[Throw dll injection][27/06/2025 17:24:04][WildStr][svchost.exe]

[Throw dll injection][27/06/2025 17:24:04][WildStr][svchost.exe]

[Throw dll injection][27/06/2025 17:24:04][WildStr][svchost.exe]

[Throw dll injection][27/06/2025 17:24:04][WildStr][svchost.exe]

[Throw dll injection][27/06/2025 17:24:04][WildStr][svchost.exe]

[Throw dll injection][27/06/2025 17:24:04][WildStr][svchost.exe]

[Throw dll injection][27/06/2025 17:24:04][WildStr][svchost.exe]

[Throw dll injection][27/06/2025 17:24:04][WildStr][svchost.exe]

[Throw dll injection][27/06/2025 17:24:04][WildStr][svchost.exe]

[Throw dll injection][27/06/2025 17:24:04][WildStr][MpDefenderCoreService.exe]

[Throw dll injection][27/06/2025 17:24:04][WildStr][svchost.exe]

[Throw dll injection][27/06/2025 17:24:04][WildStr][MsMpEng.exe]

[Throw dll injection][27/06/2025 17:24:04][WildStr][svchost.exe]

[Throw dll injection][27/06/2025 17:24:04][WildStr][SearchIndexer.exe]

[Throw dll injection][27/06/2025 17:24:04][WildStr][svchost.exe]

[Throw dll injection][27/06/2025 17:24:04][WildStr][AggregatorHost.exe]

[Throw dll injection][27/06/2025 17:24:04][WildStr][svchost.exe]

[Throw dll injection][27/06/2025 17:24:04][WildStr][dllhost.exe]

[Throw dll injection][27/06/2025 17:24:04][WildStr][MpDefenderCoreService.exe]

[Throw dll injection][27/06/2025 17:24:04][WildStr][svchost.exe]

[Throw dll injection][27/06/2025 17:24:04][WildStr][MsMpEng.exe]

[Throw dll injection][27/06/2025 17:24:04][WildStr][NisSrv.exe]

[Throw dll injection][27/06/2025 17:24:04][WildStr][SearchIndexer.exe]

[Throw dll injection][27/06/2025 17:24:04][WildStr][sihost.exe]

[Throw dll injection][27/06/2025 17:24:04][WildStr][AggregatorHost.exe]

[Throw dll injection][27/06/2025 17:24:04][WildStr][svchost.exe]

[Throw dll injection][27/06/2025 17:24:04][WildStr][dllhost.exe]

[Throw dll injection][27/06/2025 17:24:04][WildStr][svchost.exe]

[Throw dll injection][27/06/2025 17:24:04][WildStr][svchost.exe]

[Throw dll injection][27/06/2025 17:24:04][WildStr][taskhostw.exe]

[Throw dll injection][27/06/2025 17:24:04][WildStr][NisSrv.exe]

[Throw dll injection][27/06/2025 17:24:04][WildStr][MicrosoftEdgeUpdate.exe]

[Throw dll injection][27/06/2025 17:24:04][WildStr][sihost.exe]

[Throw dll injection][27/06/2025 17:24:04][WildStr][svchost.exe]

[Throw dll injection][27/06/2025 17:24:04][WildStr][svchost.exe]

[Throw dll injection][27/06/2025 17:24:04][WildStr][ctfmon.exe]

[Throw dll injection][27/06/2025 17:24:04][WildStr][svchost.exe]

[Throw dll injection][27/06/2025 17:24:04][WildStr][svchost.exe]


[Throw dll injection][27/06/2025 17:24:04][WildStr][MicrosoftEdgeUpdate.exe]

[Throw dll injection][27/06/2025 17:24:04][WildStr][svchost.exe]

[Throw dll injection][27/06/2025 17:24:04][WildStr][svchost.exe]

[Throw dll injection][27/06/2025 17:24:04][WildStr][explorer.exe]

[Throw dll injection][27/06/2025 17:24:04][WildStr][ctfmon.exe]

[Throw dll injection][27/06/2025 17:24:04][WildStr][svchost.exe]

[Throw dll injection][27/06/2025 17:24:04][WildStr][svchost.exe]

[Throw dll injection][27/06/2025 17:24:04][WildStr][StartMenuExperienceHost.exe]

[Throw dll injection][27/06/2025 17:24:04][WildStr][svchost.exe]

[Throw dll injection][27/06/2025 17:24:04][WildStr][RuntimeBroker.exe]

[Throw dll injection][27/06/2025 17:24:04][WildStr][explorer.exe]

[Throw dll injection][27/06/2025 17:24:04][WildStr][SearchApp.exe]

[Throw dll injection][27/06/2025 17:24:04][WildStr][svchost.exe]

[Throw dll injection][27/06/2025 17:24:04][WildStr][svchost.exe]

[Throw dll injection][27/06/2025 17:24:04][WildStr][StartMenuExperienceHost.exe]

[Throw dll injection][27/06/2025 17:24:04][WildStr][RuntimeBroker.exe]

[Throw dll injection][27/06/2025 17:24:04][WildStr][RuntimeBroker.exe]

[Throw dll injection][27/06/2025 17:24:04][WildStr][RuntimeBroker.exe]

[Throw dll injection][27/06/2025 17:24:04][WildStr][svchost.exe]


[Throw dll injection][27/06/2025 17:24:04][WildStr][svchost.exe]

[Throw dll injection][27/06/2025 17:24:04][WildStr][SecurityHealthSystray.exe]

[Throw dll injection][27/06/2025 17:24:04][WildStr][SecurityHealthService.exe]

[Throw dll injection][27/06/2025 17:24:04][WildStr][RuntimeBroker.exe]

[Throw dll injection][27/06/2025 17:24:04][WildStr][VBoxTray.exe]

[Throw dll injection][27/06/2025 17:24:04][WildStr][svchost.exe]

[Throw dll injection][27/06/2025 17:24:04][WildStr][OneDrive.exe]

[Throw dll injection][27/06/2025 17:24:04][WildStr][svchost.exe]
Systray.exe]

[Throw dll injection][27/06/2025 17:24:04][WildStr][SecurityHealthService.exe]

[Throw dll injection][27/06/2025 17:24:04][WildStr][svchost.exe]

[Throw dll injection][27/06/2025 17:24:04][WildStr][VBoxTray.exe]

[Throw dll injection][27/06/2025 17:24:04][WildStr][svchost.exe]

[Throw dll injection][27/06/2025 17:24:04][WildStr][OneDrive.exe]

[Throw dll injection][27/06/2025 17:24:04][WildStr][svchost.exe]

[Throw dll injection][27/06/2025 17:24:04][WildStr][svchost.exe]

[Throw dll injection][27/06/2025 17:24:04][WildStr][svchost.exe]

[Throw dll injection][27/06/2025 17:24:04][WildStr][svchost.exe]

[Throw dll injection][27/06/2025 17:24:04][WildStr][TextInputHost.exe]

[Throw dll injection][27/06/2025 17:24:04][WildStr][svchost.exe]

[Throw dll injection][27/06/2025 17:24:04][WildStr][ApplicationFrameHost.exe]

[Throw dll injection][27/06/2025 17:24:04][WildStr][svchost.exe]

[Throw dll injection][27/06/2025 17:24:04][WildStr][SystemSettings.exe]

[Throw dll injection][27/06/2025 17:24:04][WildStr][svchost.exe]

[Throw dll injection][27/06/2025 17:24:04][WildStr][UserOOBEBroker.exe]

[Throw dll injection][27/06/2025 17:24:04][WildStr][svchost.exe]

[Throw dll injection][27/06/2025 17:24:04][WildStr][SearchApp.exe]

[Throw dll injection][27/06/2025 17:24:04][WildStr][TextInputHost.exe]

[Throw dll injection][27/06/2025 17:24:04][WildStr][msedgewebview2.exe]

[Throw dll injection][27/06/2025 17:24:04][WildStr][ApplicationFrameHost.exe]

[Throw dll injection][27/06/2025 17:24:04][WildStr][msedgewebview2.exe]

[Throw dll injection][27/06/2025 17:24:04][WildStr][SystemSettings.exe]

[Throw dll injection][27/06/2025 17:24:04][WildStr][UserOOBEBroker.exe]

[Throw dll injection][27/06/2025 17:24:04][WildStr][msedgewebview2.exe]

[Throw dll injection][27/06/2025 17:24:04][WildStr][SearchApp.exe]

[Throw dll injection][27/06/2025 17:24:04][WildStr][msedgewebview2.exe]

[Throw dll injection][27/06/2025 17:24:04][WildStr][msedgewebview2.exe]

[Throw dll injection][27/06/2025 17:24:04][WildStr][msedgewebview2.exe]

[Throw dll injection][27/06/2025 17:24:04][WildStr][FileCoAuth.exe]

[Throw dll injection][27/06/2025 17:24:04][WildStr][msedgewebview2.exe]

[Throw dll injection][27/06/2025 17:24:04][WildStr][svchost.exe]

[Throw dll injection][27/06/2025 17:24:04][WildStr][msedgewebview2.exe]

[Throw dll injection][27/06/2025 17:24:04][WildStr][msedge.exe]

[Throw dll injection][27/06/2025 17:24:04][WildStr][msedgewebview2.exe]

[Throw dll injection][27/06/2025 17:24:04][WildStr][msedge.exe]

[Throw dll injection][27/06/2025 17:24:04][WildStr][msedgewebview2.exe]

[Throw dll injection][27/06/2025 17:24:04][WildStr][msedge.exe]

[Throw dll injection][27/06/2025 17:24:04][WildStr][FileCoAuth.exe]

[Throw dll injection][27/06/2025 17:24:04][WildStr][msedge.exe]

[Throw dll injection][27/06/2025 17:24:04][WildStr][svchost.exe]

[Throw dll injection][27/06/2025 17:24:04][WildStr][msedge.exe]

[Throw dll injection][27/06/2025 17:24:04][WildStr][msedge.exe]

[Throw dll injection][27/06/2025 17:24:04][WildStr][svchost.exe]

[Throw dll injection][27/06/2025 17:24:04][WildStr][msedge.exe]

[Throw dll injection][27/06/2025 17:24:04][WildStr][svchost.exe]

[Throw dll injection][27/06/2025 17:24:04][WildStr][msedge.exe]

[Throw dll injection][27/06/2025 17:24:04][WildStr][svchost.exe]

[Throw dll injection][27/06/2025 17:24:04][WildStr][msedge.exe]

[Throw dll injection][27/06/2025 17:24:04][WildStr][dllhost.exe]

[Throw dll injection][27/06/2025 17:24:04][WildStr][msedge.exe]

[Throw dll injection][27/06/2025 17:24:04][WildStr][ShellExperienceHost.exe]

[Throw dll injection][27/06/2025 17:24:04][WildStr][svchost.exe]

[Throw dll injection][27/06/2025 17:24:04][WildStr][RuntimeBroker.exe]

[Throw dll injection][27/06/2025 17:24:04][WildStr][svchost.exe]

[Throw dll injection][27/06/2025 17:24:04][WildStr][powershell.exe]

[Throw dll injection][27/06/2025 17:24:04][WildStr][svchost.exe]

[Throw dll injection][27/06/2025 17:24:04][WildStr][conhost.exe]

[Throw dll injection][27/06/2025 17:24:04][WildStr][dllhost.exe]

[Throw dll injection][27/06/2025 17:24:04][WildStr][cmd.exe]

[Throw dll injection][27/06/2025 17:24:04][WildStr][ShellExperienceHost.exe]

[Throw dll injection][27/06/2025 17:24:04][WildStr][conhost.exe]

[Throw dll injection][27/06/2025 17:24:04][WildStr][RuntimeBroker.exe]

[Throw dll injection][27/06/2025 17:24:04][WildStr][powershell.exe]

[Throw dll injection][27/06/2025 17:24:04][WildStr][powershell.exe]

[Throw dll injection][27/06/2025 17:24:04][WildStr][Code.exe]

[Throw dll injection][27/06/2025 17:24:04][WildStr][conhost.exe]

[Throw dll injection][27/06/2025 17:24:04][WildStr][Code.exe]

[Throw dll injection][27/06/2025 17:24:04][WildStr][Code.exe]

[Throw dll injection][27/06/2025 17:24:04][WildStr][Code.exe]
]

[Throw dll injection][27/06/2025 17:24:04][WildStr][powershell.exe]

[Throw dll injection][27/06/2025 17:24:04][WildStr][Code.exe]

[Throw dll injection][27/06/2025 17:24:04][WildStr][Code.exe]

[Throw dll injection][27/06/2025 17:24:04][WildStr][Code.exe]

[Throw dll injection][27/06/2025 17:24:04][WildStr][Code.exe]

[Throw dll injection][27/06/2025 17:24:04][WildStr][Code.exe]

[Throw dll injection][27/06/2025 17:24:04][WildStr][Code.exe]

[Throw dll injection][27/06/2025 17:24:04][WildStr][Code.exe]

[Throw dll injection][27/06/2025 17:24:04][WildStr][Code.exe]

[Throw dll injection][27/06/2025 17:24:04][WildStr][cpptools.exe]

[Throw dll injection][27/06/2025 17:24:04][WildStr][Code.exe]

[Throw dll injection][27/06/2025 17:24:04][WildStr][conhost.exe]

[Throw dll injection][27/06/2025 17:24:04][WildStr][Code.exe]

[Throw dll injection][27/06/2025 17:24:04][WildStr][cpptools.exe]

[Throw dll injection][27/06/2025 17:24:04][WildStr][cpptools-srv.exe]

[Throw dll injection][27/06/2025 17:24:04][WildStr][cpptools.exe]

[Throw dll injection][27/06/2025 17:24:04][WildStr][conhost.exe]

[Throw dll injection][27/06/2025 17:24:04][WildStr][conhost.exe]

[Throw dll injection][27/06/2025 17:24:04][WildStr][svchost.exe]

[Throw dll injection][27/06/2025 17:24:04][WildStr][Code.exe]

[Throw dll injection][27/06/2025 17:24:04][WildStr][svchost.exe]

[Throw dll injection][27/06/2025 17:24:04][WildStr][cpptools.exe]

[Throw dll injection][27/06/2025 17:24:04][WildStr][Code.exe]

[Throw dll injection][27/06/2025 17:24:04][WildStr][cpptools-srv.exe]

[Throw dll injection][27/06/2025 17:24:04][WildStr][conhost.exe]

[Throw dll injection][27/06/2025 17:24:04][WildStr][conhost.exe]

[Throw dll injection][27/06/2025 17:24:04][WildStr][powershell.exe]

[Throw dll injection][27/06/2025 17:24:04][WildStr][svchost.exe]

[Throw dll injection][27/06/2025 17:24:04][WildStr][vctip.exe]

[Throw dll injection][27/06/2025 17:24:04][WildStr][svchost.exe]

[Throw dll injection][27/06/2025 17:24:04][WildStr][cpptools-srv.exe]

[Throw dll injection][27/06/2025 17:24:04][WildStr][Code.exe]

[Throw dll injection][27/06/2025 17:24:04][WildStr][conhost.exe]

[Throw dll injection][27/06/2025 17:24:04][WildStr][conhost.exe]

[Throw dll injection][27/06/2025 17:24:04][WildStr][svchost.exe]

[Throw dll injection][27/06/2025 17:24:04][WildStr][powershell.exe]

[Throw dll injection][27/06/2025 17:24:04][WildStr][smartscreen.exe]

[Throw dll injection][27/06/2025 17:24:04][WildStr][vctip.exe]

[Throw dll injection][27/06/2025 17:24:04][WildStr][Taskmgr.exe]

[Throw dll injection][27/06/2025 17:24:04][WildStr][cpptools-srv.exe]

[Throw dll injection][27/06/2025 17:24:04][WildStr][conhost.exe]

[Throw dll injection][27/06/2025 17:24:04][WildStr][svchost.exe]

[Throw dll injection][27/06/2025 17:24:04][WildStr][smartscreen.exe]

[Throw dll injection][27/06/2025 17:24:04][WildStr][Taskmgr.exe]

[Throw dll injection][27/06/2025 17:24:05][WildStr][System]

[Throw dll injection][27/06/2025 17:24:05][WildStr][Registry]

[Throw dll injection][27/06/2025 17:24:05][WildStr][Registry]

[Throw dll injection][27/06/2025 17:24:05][WildStr][smss.exe]

[Throw dll injection][27/06/2025 17:24:05][WildStr][csrss.exe]

[Throw dll injection][27/06/2025 17:24:05][WildStr][wininit.exe]

[Throw dll injection][27/06/2025 17:24:05][WildStr][wininit.exe]

[Throw dll injection][27/06/2025 17:24:05][WildStr][csrss.exe]

[Throw dll injection][27/06/2025 17:24:05][WildStr][winlogon.exe]

[Throw dll injection][27/06/2025 17:24:05][WildStr][winlogon.exe]

[Throw dll injection][27/06/2025 17:24:05][WildStr][services.exe]

[Throw dll injection][27/06/2025 17:24:05][WildStr][lsass.exe]

[Throw dll injection][27/06/2025 17:24:05][WildStr][services.exe]

[Throw dll injection][27/06/2025 17:24:05][WildStr][lsass.exe]

[Throw dll injection][27/06/2025 17:24:05][WildStr][svchost.exe]

[Throw dll injection][27/06/2025 17:24:05][WildStr][svchost.exe]

[Throw dll injection][27/06/2025 17:24:05][WildStr][fontdrvhost.exe]

[Throw dll injection][27/06/2025 17:24:05][WildStr][fontdrvhost.exe]

[Throw dll injection][27/06/2025 17:24:05][WildStr][fontdrvhost.exe]

[Throw dll injection][27/06/2025 17:24:05][WildStr][svchost.exe]

[Throw dll injection][27/06/2025 17:24:05][WildStr][fontdrvhost.exe]

[Throw dll injection][27/06/2025 17:24:05][WildStr][svchost.exe]

[Throw dll injection][27/06/2025 17:24:05][WildStr][svchost.exe]

[Throw dll injection][27/06/2025 17:24:05][WildStr][dwm.exe]

[Throw dll injection][27/06/2025 17:24:05][WildStr][svchost.exe]

[Throw dll injection][27/06/2025 17:24:05][WildStr][dwm.exe]

[Throw dll injection][27/06/2025 17:24:05][WildStr][svchost.exe]

[Throw dll injection][27/06/2025 17:24:05][WildStr][svchost.exe]

[Throw dll injection][27/06/2025 17:24:05][WildStr][svchost.exe]

[Throw dll injection][27/06/2025 17:24:05][WildStr][svchost.exe]

[Throw dll injection][27/06/2025 17:24:05][WildStr][svchost.exe]

[Throw dll injection][27/06/2025 17:24:05][WildStr][svchost.exe]

[Throw dll injection][27/06/2025 17:24:05][WildStr][svchost.exe]

[Throw dll injection][27/06/2025 17:24:05][WildStr][svchost.exe]

[Throw dll injection][27/06/2025 17:24:05][WildStr][svchost.exe]

[Throw dll injection][27/06/2025 17:24:05][WildStr][svchost.exe]

[Throw dll injection][27/06/2025 17:24:05][WildStr][svchost.exe]

[Throw dll injection][27/06/2025 17:24:05][WildStr][svchost.exe]

[Throw dll injection][27/06/2025 17:24:05][WildStr][svchost.exe]

[Throw dll injection][27/06/2025 17:24:05][WildStr][svchost.exe]

[Throw dll injection][27/06/2025 17:24:05][WildStr][svchost.exe]

[Throw dll injection][27/06/2025 17:24:05][WildStr][svchost.exe]

[Throw dll injection][27/06/2025 17:24:05][WildStr][svchost.exe]

[Throw dll injection][27/06/2025 17:24:05][WildStr][svchost.exe]

[Throw dll injection][27/06/2025 17:24:05][WildStr][svchost.exe]

[Throw dll injection][27/06/2025 17:24:05][WildStr][svchost.exe]

[Throw dll injection][27/06/2025 17:24:05][WildStr][svchost.exe]

[Throw dll injection][27/06/2025 17:24:05][WildStr][svchost.exe]

[Throw dll injection][27/06/2025 17:24:05][WildStr][VBoxService.exe]

[Throw dll injection][27/06/2025 17:24:05][WildStr][svchost.exe]

[Throw dll injection][27/06/2025 17:24:05][WildStr][svchost.exe]

[Throw dll injection][27/06/2025 17:24:05][WildStr][svchost.exe]

[Throw dll injection][27/06/2025 17:24:05][WildStr][svchost.exe]

[Throw dll injection][27/06/2025 17:24:05][WildStr][svchost.exe]
e]

[Throw dll injection][27/06/2025 17:24:05][WildStr][svchost.exe]

[Throw dll injection][27/06/2025 17:24:05][WildStr][svchost.exe]

[Throw dll injection][27/06/2025 17:24:05][WildStr][svchost.exe]

[Throw dll injection][27/06/2025 17:24:05][WildStr][svchost.exe]

[Throw dll injection][27/06/2025 17:24:05][WildStr][svchost.exe]

[Throw dll injection][27/06/2025 17:24:05][WildStr][svchost.exe]

[Throw dll injection][27/06/2025 17:24:05][WildStr][Memory Compression]

[Throw dll injection][27/06/2025 17:24:05][WildStr][svchost.exe]

[Throw dll injection][27/06/2025 17:24:05][WildStr][svchost.exe]

[Throw dll injection][27/06/2025 17:24:05][WildStr][svchost.exe]

[Throw dll injection][27/06/2025 17:24:05][WildStr][svchost.exe]

[Throw dll injection][27/06/2025 17:24:05][WildStr][Memory Compression]

[Throw dll injection][27/06/2025 17:24:05][WildStr][svchost.exe]

[Throw dll injection][27/06/2025 17:24:05][WildStr][svchost.exe]

[Throw dll injection][27/06/2025 17:24:05][WildStr][svchost.exe]

[Throw dll injection][27/06/2025 17:24:05][WildStr][svchost.exe]

[Throw dll injection][27/06/2025 17:24:05][WildStr][svchost.exe]

[Throw dll injection][27/06/2025 17:24:05][WildStr][svchost.exe]

[Throw dll injection][27/06/2025 17:24:05][WildStr][svchost.exe]

[Throw dll injection][27/06/2025 17:24:05][WildStr][svchost.exe]

[Throw dll injection][27/06/2025 17:24:05][WildStr][svchost.exe]

[Throw dll injection][27/06/2025 17:24:05][WildStr][svchost.exe]

[Throw dll injection][27/06/2025 17:24:05][WildStr][svchost.exe]

[Throw dll injection][27/06/2025 17:24:05][WildStr][svchost.exe]

[Throw dll injection][27/06/2025 17:24:05][WildStr][svchost.exe]

[Throw dll injection][27/06/2025 17:24:05][WildStr][svchost.exe]

[Throw dll injection][27/06/2025 17:24:05][WildStr][svchost.exe]

[Throw dll injection][27/06/2025 17:24:05][WildStr][svchost.exe]

[Throw dll injection][27/06/2025 17:24:05][WildStr][spoolsv.exe]

[Throw dll injection][27/06/2025 17:24:05][WildStr][ssh-agent.exe]

[Throw dll injection][27/06/2025 17:24:05][WildStr][sshd.exe]

[Throw dll injection][27/06/2025 17:24:05][WildStr][svchost.exe]

[Throw dll injection][27/06/2025 17:24:05][WildStr][svchost.exe]

[Throw dll injection][27/06/2025 17:24:05][WildStr][svchost.exe]

[Throw dll injection][27/06/2025 17:24:05][WildStr][svchost.exe]

[Throw dll injection][27/06/2025 17:24:05][WildStr][svchost.exe]

[Throw dll injection][27/06/2025 17:24:05][WildStr][svchost.exe]

[Throw dll injection][27/06/2025 17:24:05][WildStr][svchost.exe]

[Throw dll injection][27/06/2025 17:24:05][WildStr][svchost.exe]

[Throw dll injection][27/06/2025 17:24:05][WildStr][ssh-agent.exe]

[Throw dll injection][27/06/2025 17:24:05][WildStr][svchost.exe]

[Throw dll injection][27/06/2025 17:24:05][WildStr][sshd.exe]

[Throw dll injection][27/06/2025 17:24:05][WildStr][svchost.exe]

[Throw dll injection][27/06/2025 17:24:05][WildStr][svchost.exe]

[Throw dll injection][27/06/2025 17:24:05][WildStr][svchost.exe]

[Throw dll injection][27/06/2025 17:24:05][WildStr][svchost.exe]

[Throw dll injection][27/06/2025 17:24:05][WildStr][svchost.exe]

[Throw dll injection][27/06/2025 17:24:05][WildStr][svchost.exe]

[Throw dll injection][27/06/2025 17:24:05][WildStr][svchost.exe]

[Throw dll injection][27/06/2025 17:24:05][WildStr][MpDefenderCoreService.exe]

[Throw dll injection][27/06/2025 17:24:05][WildStr][svchost.exe]

[Throw dll injection][27/06/2025 17:24:05][WildStr][MsMpEng.exe]

[Throw dll injection][27/06/2025 17:24:05][WildStr][svchost.exe]

[Throw dll injection][27/06/2025 17:24:05][WildStr][SearchIndexer.exe]

[Throw dll injection][27/06/2025 17:24:05][WildStr][svchost.exe]

[Throw dll injection][27/06/2025 17:24:06][WildStr][AggregatorHost.exe]

[Throw dll injection][27/06/2025 17:24:06][WildStr][svchost.exe]

[Throw dll injection][27/06/2025 17:24:06][WildStr][dllhost.exe]

[Throw dll injection][27/06/2025 17:24:06][WildStr][svchost.exe]

[Throw dll injection][27/06/2025 17:24:06][WildStr][MpDefenderCoreService.exe]

[Throw dll injection][27/06/2025 17:24:06][WildStr][svchost.exe]

[Throw dll injection][27/06/2025 17:24:06][WildStr][NisSrv.exe]

[Throw dll injection][27/06/2025 17:24:06][WildStr][MsMpEng.exe]

[Throw dll injection][27/06/2025 17:24:06][WildStr][sihost.exe]

[Throw dll injection][27/06/2025 17:24:06][WildStr][SearchIndexer.exe]

[Throw dll injection][27/06/2025 17:24:06][WildStr][AggregatorHost.exe]

[Throw dll injection][27/06/2025 17:24:06][WildStr][svchost.exe]

[Throw dll injection][27/06/2025 17:24:06][WildStr][dllhost.exe]

[Throw dll injection][27/06/2025 17:24:06][WildStr][svchost.exe]

[Throw dll injection][27/06/2025 17:24:06][WildStr][svchost.exe]

[Throw dll injection][27/06/2025 17:24:06][WildStr][NisSrv.exe]
]

[Throw dll injection][27/06/2025 17:24:06][WildStr][sihost.exe]

[Throw dll injection][27/06/2025 17:24:06][WildStr][MicrosoftEdgeUpdate.exe]

[Throw dll injection][27/06/2025 17:24:06][WildStr][svchost.exe]

[Throw dll injection][27/06/2025 17:24:06][WildStr][svchost.exe]

[Throw dll injection][27/06/2025 17:24:06][WildStr][ctfmon.exe]

[Throw dll injection][27/06/2025 17:24:06][WildStr][taskhostw.exe]

[Throw dll injection][27/06/2025 17:24:06][WildStr][svchost.exe]

[Throw dll injection][27/06/2025 17:24:06][WildStr][MicrosoftEdgeUpdate.exe]

[Throw dll injection][27/06/2025 17:24:06][WildStr][svchost.exe]

[Throw dll injection][27/06/2025 17:24:06][WildStr][svchost.exe]

[Throw dll injection][27/06/2025 17:24:06][WildStr][explorer.exe]

[Throw dll injection][27/06/2025 17:24:06][WildStr][ctfmon.exe]

[Throw dll injection][27/06/2025 17:24:06][WildStr][svchost.exe]

[Throw dll injection][27/06/2025 17:24:06][WildStr][svchost.exe]

[Throw dll injection][27/06/2025 17:24:06][WildStr][StartMenuExperienceHost.exe]

[Throw dll injection][27/06/2025 17:24:06][WildStr][svchost.exe]

[Throw dll injection][27/06/2025 17:24:06][WildStr][RuntimeBroker.exe]

[Throw dll injection][27/06/2025 17:24:06][WildStr][explorer.exe]

[Throw dll injection][27/06/2025 17:24:06][WildStr][SearchApp.exe]

[Throw dll injection][27/06/2025 17:24:06][WildStr][svchost.exe]

[Throw dll injection][27/06/2025 17:24:06][WildStr][svchost.exe]

[Throw dll injection][27/06/2025 17:24:06][WildStr][StartMenuExperienceHost.exe]

[Throw dll injection][27/06/2025 17:24:06][WildStr][RuntimeBroker.exe]

[Throw dll injection][27/06/2025 17:24:06][WildStr][RuntimeBroker.exe]

[Throw dll injection][27/06/2025 17:24:06][WildStr][RuntimeBroker.exe]

[Throw dll injection][27/06/2025 17:24:06][WildStr][SearchApp.exe]

[Throw dll injection][27/06/2025 17:24:06][WildStr][svchost.exe]

[Throw dll injection][27/06/2025 17:24:06][WildStr][RuntimeBroker.exe]

[Throw dll injection][27/06/2025 17:24:06][WildStr][SecurityHealthSystray.exe]

[Throw dll injection][27/06/2025 17:24:06][WildStr][SecurityHealthService.exe]

[Throw dll injection][27/06/2025 17:24:06][WildStr][svchost.exe]

[Throw dll injection][27/06/2025 17:24:06][WildStr][VBoxTray.exe]

[Throw dll injection][27/06/2025 17:24:06][WildStr][OneDrive.exe]
ystray.exe]

[Throw dll injection][27/06/2025 17:24:06][WildStr][SecurityHealthService.exe]

[Throw dll injection][27/06/2025 17:24:06][WildStr][svchost.exe]

[Throw dll injection][27/06/2025 17:24:06][WildStr][VBoxTray.exe]

[Throw dll injection][27/06/2025 17:24:06][WildStr][svchost.exe]

[Throw dll injection][27/06/2025 17:24:06][WildStr][OneDrive.exe]

[Throw dll injection][27/06/2025 17:24:06][WildStr][svchost.exe]

[Throw dll injection][27/06/2025 17:24:06][WildStr][svchost.exe]

[Throw dll injection][27/06/2025 17:24:06][WildStr][svchost.exe]

[Throw dll injection][27/06/2025 17:24:06][WildStr][svchost.exe]

[Throw dll injection][27/06/2025 17:24:06][WildStr][svchost.exe]

[Throw dll injection][27/06/2025 17:24:06][WildStr][svchost.exe]

[Throw dll injection][27/06/2025 17:24:06][WildStr][svchost.exe]

[Throw dll injection][27/06/2025 17:24:06][WildStr][TextInputHost.exe]

[Throw dll injection][27/06/2025 17:24:06][WildStr][svchost.exe]

[Throw dll injection][27/06/2025 17:24:06][WildStr][ApplicationFrameHost.exe]

[Throw dll injection][27/06/2025 17:24:06][WildStr][svchost.exe]

[Throw dll injection][27/06/2025 17:24:06][WildStr][SystemSettings.exe]

[Throw dll injection][27/06/2025 17:24:06][WildStr][TextInputHost.exe]

[Throw dll injection][27/06/2025 17:24:06][WildStr][UserOOBEBroker.exe]

[Throw dll injection][27/06/2025 17:24:06][WildStr][ApplicationFrameHost.exe]

[Throw dll injection][27/06/2025 17:24:06][WildStr][SearchApp.exe]

[Throw dll injection][27/06/2025 17:24:06][WildStr][SystemSettings.exe]

[Throw dll injection][27/06/2025 17:24:06][WildStr][msedgewebview2.exe]

[Throw dll injection][27/06/2025 17:24:06][WildStr][UserOOBEBroker.exe]

[Throw dll injection][27/06/2025 17:24:06][WildStr][msedgewebview2.exe]

[Throw dll injection][27/06/2025 17:24:06][WildStr][SearchApp.exe]

[Throw dll injection][27/06/2025 17:24:06][WildStr][msedgewebview2.exe]

[Throw dll injection][27/06/2025 17:24:06][WildStr][msedgewebview2.exe]

[Throw dll injection][27/06/2025 17:24:06][WildStr][msedgewebview2.exe]

[Throw dll injection][27/06/2025 17:24:06][WildStr][msedgewebview2.exe]

[Throw dll injection][27/06/2025 17:24:06][WildStr][msedgewebview2.exe]

[Throw dll injection][27/06/2025 17:24:06][WildStr][msedgewebview2.exe]

[Throw dll injection][27/06/2025 17:24:06][WildStr][msedgewebview2.exe]

[Throw dll injection][27/06/2025 17:24:06][WildStr][msedgewebview2.exe]

[Throw dll injection][27/06/2025 17:24:06][WildStr][FileCoAuth.exe]

[Throw dll injection][27/06/2025 17:24:06][WildStr][svchost.exe]
.exe]

[Throw dll injection][27/06/2025 17:24:06][WildStr][msedgewebview2.exe]

[Throw dll injection][27/06/2025 17:24:06][WildStr][msedge.exe]

[Throw dll injection][27/06/2025 17:24:06][WildStr][FileCoAuth.exe]

[Throw dll injection][27/06/2025 17:24:06][WildStr][msedge.exe]

[Throw dll injection][27/06/2025 17:24:06][WildStr][svchost.exe]

[Throw dll injection][27/06/2025 17:24:06][WildStr][msedge.exe]

[Throw dll injection][27/06/2025 17:24:06][WildStr][msedge.exe]

[Throw dll injection][27/06/2025 17:24:06][WildStr][msedge.exe]

[Throw dll injection][27/06/2025 17:24:06][WildStr][msedge.exe]

[Throw dll injection][27/06/2025 17:24:06][WildStr][msedge.exe]

[Throw dll injection][27/06/2025 17:24:06][WildStr][msedge.exe]

[Throw dll injection][27/06/2025 17:24:06][WildStr][svchost.exe]

[Throw dll injection][27/06/2025 17:24:06][WildStr][msedge.exe]

[Throw dll injection][27/06/2025 17:24:06][WildStr][svchost.exe]

[Throw dll injection][27/06/2025 17:24:06][WildStr][msedge.exe]

[Throw dll injection][27/06/2025 17:24:06][WildStr][svchost.exe]

[Throw dll injection][27/06/2025 17:24:06][WildStr][svchost.exe]

[Throw dll injection][27/06/2025 17:24:06][WildStr][dllhost.exe]

[Throw dll injection][27/06/2025 17:24:06][WildStr][svchost.exe]

[Throw dll injection][27/06/2025 17:24:06][WildStr][ShellExperienceHost.exe]

[Throw dll injection][27/06/2025 17:24:06][WildStr][svchost.exe]

[Throw dll injection][27/06/2025 17:24:06][WildStr][RuntimeBroker.exe]

[Throw dll injection][27/06/2025 17:24:06][WildStr][dllhost.exe]

[Throw dll injection][27/06/2025 17:24:06][WildStr][powershell.exe]

[Throw dll injection][27/06/2025 17:24:06][WildStr][ShellExperienceHost.exe]

[Throw dll injection][27/06/2025 17:24:06][WildStr][conhost.exe]

[Throw dll injection][27/06/2025 17:24:06][WildStr][RuntimeBroker.exe]

[Throw dll injection][27/06/2025 17:24:06][WildStr][cmd.exe]

[Throw dll injection][27/06/2025 17:24:06][WildStr][powershell.exe]

[Throw dll injection][27/06/2025 17:24:06][WildStr][conhost.exe]

[Throw dll injection][27/06/2025 17:24:06][WildStr][conhost.exe]

[Throw dll injection][27/06/2025 17:24:06][WildStr][powershell.exe]

[Throw dll injection][27/06/2025 17:24:06][WildStr][cmd.exe]

[Throw dll injection][27/06/2025 17:24:06][WildStr][Code.exe]

[Throw dll injection][27/06/2025 17:24:06][WildStr][conhost.exe]

[Throw dll injection][27/06/2025 17:24:06][WildStr][Code.exe]

[Throw dll injection][27/06/2025 17:24:06][WildStr][powershell.exe]

[Throw dll injection][27/06/2025 17:24:06][WildStr][Code.exe]

[Throw dll injection][27/06/2025 17:24:06][WildStr][Code.exe]

[Throw dll injection][27/06/2025 17:24:06][WildStr][Code.exe]

[Throw dll injection][27/06/2025 17:24:06][WildStr][Code.exe]

[Throw dll injection][27/06/2025 17:24:06][WildStr][Code.exe]

[Throw dll injection][27/06/2025 17:24:06][WildStr][Code.exe]

[Throw dll injection][27/06/2025 17:24:06][WildStr][Code.exe]

[Throw dll injection][27/06/2025 17:24:06][WildStr][Code.exe]

[Throw dll injection][27/06/2025 17:24:06][WildStr][Code.exe]

[Throw dll injection][27/06/2025 17:24:06][WildStr][Code.exe]

[Throw dll injection][27/06/2025 17:24:06][WildStr][Code.exe]

[Throw dll injection][27/06/2025 17:24:06][WildStr][cpptools.exe]

[Throw dll injection][27/06/2025 17:24:06][WildStr][Code.exe]

[Throw dll injection][27/06/2025 17:24:06][WildStr][conhost.exe]

[Throw dll injection][27/06/2025 17:24:06][WildStr][Code.exe]

[Throw dll injection][27/06/2025 17:24:06][WildStr][Code.exe]

[Throw dll injection][27/06/2025 17:24:06][WildStr][cpptools.exe]

[Throw dll injection][27/06/2025 17:24:06][WildStr][cpptools.exe]

[Throw dll injection][27/06/2025 17:24:06][WildStr][conhost.exe]

[Throw dll injection][27/06/2025 17:24:06][WildStr][cpptools-srv.exe]

[Throw dll injection][27/06/2025 17:24:06][WildStr][Code.exe]

[Throw dll injection][27/06/2025 17:24:06][WildStr][cpptools.exe]

[Throw dll injection][27/06/2025 17:24:06][WildStr][cpptools-srv.exe]

[Throw dll injection][27/06/2025 17:24:06][WildStr][svchost.exe]

[Throw dll injection][27/06/2025 17:24:06][WildStr][conhost.exe]

[Throw dll injection][27/06/2025 17:24:06][WildStr][Code.exe]

[Throw dll injection][27/06/2025 17:24:06][WildStr][svchost.exe]

[Throw dll injection][27/06/2025 17:24:06][WildStr][conhost.exe]

[Throw dll injection][27/06/2025 17:24:06][WildStr][svchost.exe]

[Throw dll injection][27/06/2025 17:24:06][WildStr][powershell.exe]

[Throw dll injection][27/06/2025 17:24:06][WildStr][vctip.exe]

[Throw dll injection][27/06/2025 17:24:06][WildStr][Code.exe]

[Throw dll injection][27/06/2025 17:24:06][WildStr][cpptools-srv.exe]

[Throw dll injection][27/06/2025 17:24:06][WildStr][conhost.exe]

[Throw dll injection][27/06/2025 17:24:06][WildStr][conhost.exe]

[Throw dll injection][27/06/2025 17:24:06][WildStr][powershell.exe]

[Throw dll injection][27/06/2025 17:24:06][WildStr][svchost.exe]

[Throw dll injection][27/06/2025 17:24:06][WildStr][vctip.exe]

[Throw dll injection][27/06/2025 17:24:06][WildStr][smartscreen.exe]

[Throw dll injection][27/06/2025 17:24:06][WildStr][cpptools-srv.exe]

[Throw dll injection][27/06/2025 17:24:06][WildStr][Taskmgr.exe]

[Throw dll injection][27/06/2025 17:24:06][WildStr][conhost.exe]

[Throw dll injection][27/06/2025 17:24:06][WildStr][svchost.exe]

[Throw dll injection][27/06/2025 17:24:06][WildStr][smartscreen.exe]

[Throw dll injection][27/06/2025 17:24:06][WildStr][Taskmgr.exe]

[Throw dll injection][27/06/2025 17:24:06][WildStr][System]

[Throw dll injection][27/06/2025 17:24:06][WildStr][Registry]

[Throw dll injection][27/06/2025 17:24:06][WildStr][Registry]

[Throw dll injection][27/06/2025 17:24:06][WildStr][smss.exe]

[Throw dll injection][27/06/2025 17:24:06][WildStr][csrss.exe]

[Throw dll injection][27/06/2025 17:24:06][WildStr][csrss.exe]

[Throw dll injection][27/06/2025 17:24:06][WildStr][wininit.exe]

[Throw dll injection][27/06/2025 17:24:06][WildStr][wininit.exe]

[Throw dll injection][27/06/2025 17:24:06][WildStr][csrss.exe]

[Throw dll injection][27/06/2025 17:24:06][WildStr][csrss.exe]

[Throw dll injection][27/06/2025 17:24:06][WildStr][winlogon.exe]

[Throw dll injection][27/06/2025 17:24:06][WildStr][services.exe]

[Throw dll injection][27/06/2025 17:24:06][WildStr][services.exe]

[Throw dll injection][27/06/2025 17:24:06][WildStr][lsass.exe]

[Throw dll injection][27/06/2025 17:24:06][WildStr][lsass.exe]

[Throw dll injection][27/06/2025 17:24:06][WildStr][svchost.exe]

[Throw dll injection][27/06/2025 17:24:06][WildStr][svchost.exe]

[Throw dll injection][27/06/2025 17:24:06][WildStr][fontdrvhost.exe]

[Throw dll injection][27/06/2025 17:24:06][WildStr][fontdrvhost.exe]

[Throw dll injection][27/06/2025 17:24:06][WildStr][fontdrvhost.exe]

[Throw dll injection][27/06/2025 17:24:06][WildStr][svchost.exe]

[Throw dll injection][27/06/2025 17:24:06][WildStr][fontdrvhost.exe]

[Throw dll injection][27/06/2025 17:24:06][WildStr][svchost.exe]

[Throw dll injection][27/06/2025 17:24:06][WildStr][dwm.exe]

[Throw dll injection][27/06/2025 17:24:06][WildStr][svchost.exe]

[Throw dll injection][27/06/2025 17:24:06][WildStr][svchost.exe]

[Throw dll injection][27/06/2025 17:24:06][WildStr][dwm.exe]
e]

[Throw dll injection][27/06/2025 17:24:06][WildStr][svchost.exe]

[Throw dll injection][27/06/2025 17:24:06][WildStr][svchost.exe]

[Throw dll injection][27/06/2025 17:24:06][WildStr][svchost.exe]

[Throw dll injection][27/06/2025 17:24:06][WildStr][svchost.exe]

[Throw dll injection][27/06/2025 17:24:06][WildStr][svchost.exe]

[Throw dll injection][27/06/2025 17:24:06][WildStr][svchost.exe]

[Throw dll injection][27/06/2025 17:24:06][WildStr][svchost.exe]

[Throw dll injection][27/06/2025 17:24:06][WildStr][svchost.exe]

[Throw dll injection][27/06/2025 17:24:06][WildStr][svchost.exe]

[Throw dll injection][27/06/2025 17:24:06][WildStr][svchost.exe]

[Throw dll injection][27/06/2025 17:24:06][WildStr][svchost.exe]

[Throw dll injection][27/06/2025 17:24:06][WildStr][svchost.exe]

[Throw dll injection][27/06/2025 17:24:06][WildStr][svchost.exe]

[Throw dll injection][27/06/2025 17:24:06][WildStr][svchost.exe]

[Throw dll injection][27/06/2025 17:24:06][WildStr][svchost.exe]

[Throw dll injection][27/06/2025 17:24:06][WildStr][svchost.exe]

[Throw dll injection][27/06/2025 17:24:06][WildStr][svchost.exe]

[Throw dll injection][27/06/2025 17:24:06][WildStr][svchost.exe]

[Throw dll injection][27/06/2025 17:24:06][WildStr][svchost.exe]

[Throw dll injection][27/06/2025 17:24:06][WildStr][svchost.exe]

[Throw dll injection][27/06/2025 17:24:06][WildStr][svchost.exe]

[Throw dll injection][27/06/2025 17:24:06][WildStr][VBoxService.exe]

[Throw dll injection][27/06/2025 17:24:06][WildStr][VBoxService.exe]

[Throw dll injection][27/06/2025 17:24:06][WildStr][svchost.exe]

[Throw dll injection][27/06/2025 17:24:06][WildStr][svchost.exe]

[Throw dll injection][27/06/2025 17:24:06][WildStr][svchost.exe]

[Throw dll injection][27/06/2025 17:24:06][WildStr][svchost.exe]

[Throw dll injection][27/06/2025 17:24:06][WildStr][svchost.exe]

[Throw dll injection][27/06/2025 17:24:06][WildStr][svchost.exe]

[Throw dll injection][27/06/2025 17:24:06][WildStr][svchost.exe]

[Throw dll injection][27/06/2025 17:24:06][WildStr][svchost.exe]

[Throw dll injection][27/06/2025 17:24:06][WildStr][svchost.exe]

[Throw dll injection][27/06/2025 17:24:06][WildStr][svchost.exe]

[Throw dll injection][27/06/2025 17:24:06][WildStr][Memory Compression]

[Throw dll injection][27/06/2025 17:24:06][WildStr][svchost.exe]

[Throw dll injection][27/06/2025 17:24:06][WildStr][svchost.exe]

[Throw dll injection][27/06/2025 17:24:06][WildStr][Memory Compression]

[Throw dll injection][27/06/2025 17:24:06][WildStr][svchost.exe]

[Throw dll injection][27/06/2025 17:24:06][WildStr][svchost.exe]

[Throw dll injection][27/06/2025 17:24:06][WildStr][svchost.exe]

[Throw dll injection][27/06/2025 17:24:06][WildStr][svchost.exe]

[Throw dll injection][27/06/2025 17:24:06][WildStr][svchost.exe]

[Throw dll injection][27/06/2025 17:24:06][WildStr][svchost.exe]

[Throw dll injection][27/06/2025 17:24:06][WildStr][svchost.exe]

[Throw dll injection][27/06/2025 17:24:06][WildStr][svchost.exe]

[Throw dll injection][27/06/2025 17:24:06][WildStr][svchost.exe]

[Throw dll injection][27/06/2025 17:24:06][WildStr][svchost.exe]

[Throw dll injection][27/06/2025 17:24:06][WildStr][svchost.exe]

[Throw dll injection][27/06/2025 17:24:06][WildStr][svchost.exe]

[Throw dll injection][27/06/2025 17:24:07][WildStr][svchost.exe]

[Throw dll injection][27/06/2025 17:24:07][WildStr][svchost.exe]

[Throw dll injection][27/06/2025 17:24:07][WildStr][spoolsv.exe]

[Throw dll injection][27/06/2025 17:24:07][WildStr][svchost.exe]

[Throw dll injection][27/06/2025 17:24:07][WildStr][svchost.exe]

[Throw dll injection][27/06/2025 17:24:07][WildStr][spoolsv.exe]

[Throw dll injection][27/06/2025 17:24:07][WildStr][svchost.exe]

[Throw dll injection][27/06/2025 17:24:07][WildStr][svchost.exe]

[Throw dll injection][27/06/2025 17:24:07][WildStr][svchost.exe]

[Throw dll injection][27/06/2025 17:24:07][WildStr][svchost.exe]

[Throw dll injection][27/06/2025 17:24:07][WildStr][svchost.exe]

[Throw dll injection][27/06/2025 17:24:07][WildStr][svchost.exe]

[Throw dll injection][27/06/2025 17:24:07][WildStr][ssh-agent.exe]

[Throw dll injection][27/06/2025 17:24:07][WildStr][svchost.exe]

[Throw dll injection][27/06/2025 17:24:07][WildStr][sshd.exe]

[Throw dll injection][27/06/2025 17:24:07][WildStr][ssh-agent.exe]

[Throw dll injection][27/06/2025 17:24:07][WildStr][svchost.exe]

[Throw dll injection][27/06/2025 17:24:07][WildStr][sshd.exe]

[Throw dll injection][27/06/2025 17:24:07][WildStr][svchost.exe]

[Throw dll injection][27/06/2025 17:24:07][WildStr][svchost.exe]

[Throw dll injection][27/06/2025 17:24:07][WildStr][svchost.exe]

[Throw dll injection][27/06/2025 17:24:07][WildStr][svchost.exe]

[Throw dll injection][27/06/2025 17:24:07][WildStr][svchost.exe]

[Throw dll injection][27/06/2025 17:24:07][WildStr][svchost.exe]

[Throw dll injection][27/06/2025 17:24:07][WildStr][svchost.exe]

[Throw dll injection][27/06/2025 17:24:07][WildStr][svchost.exe]

[Throw dll injection][27/06/2025 17:24:07][WildStr][svchost.exe]

[Throw dll injection][27/06/2025 17:24:07][WildStr][svchost.exe]

[Throw dll injection][27/06/2025 17:24:07][WildStr][svchost.exe]

[Throw dll injection][27/06/2025 17:24:07][WildStr][svchost.exe]

[Throw dll injection][27/06/2025 17:24:07][WildStr][svchost.exe]

[Throw dll injection][27/06/2025 17:24:07][WildStr][svchost.exe]

[Throw dll injection][27/06/2025 17:24:07][WildStr][svchost.exe]

[Throw dll injection][27/06/2025 17:24:07][WildStr][svchost.exe]

[Throw dll injection][27/06/2025 17:24:07][WildStr][MpDefenderCoreService.exe]

[Throw dll injection][27/06/2025 17:24:07][WildStr][svchost.exe]

[Throw dll injection][27/06/2025 17:24:07][WildStr][MsMpEng.exe]

[Throw dll injection][27/06/2025 17:24:07][WildStr][MpDefenderCoreService.exe]

[Throw dll injection][27/06/2025 17:24:07][WildStr][SearchIndexer.exe]

[Throw dll injection][27/06/2025 17:24:07][WildStr][MsMpEng.exe]

[Throw dll injection][27/06/2025 17:24:07][WildStr][AggregatorHost.exe]

[Throw dll injection][27/06/2025 17:24:07][WildStr][SearchIndexer.exe]

[Throw dll injection][27/06/2025 17:24:07][WildStr][dllhost.exe]

[Throw dll injection][27/06/2025 17:24:07][WildStr][AggregatorHost.exe]

[Throw dll injection][27/06/2025 17:24:07][WildStr][svchost.exe]

[Throw dll injection][27/06/2025 17:24:07][WildStr][dllhost.exe]

[Throw dll injection][27/06/2025 17:24:07][WildStr][NisSrv.exe]

[Throw dll injection][27/06/2025 17:24:07][WildStr][svchost.exe]

[Throw dll injection][27/06/2025 17:24:07][WildStr][sihost.exe]

[Throw dll injection][27/06/2025 17:24:07][WildStr][NisSrv.exe]

[Throw dll injection][27/06/2025 17:24:07][WildStr][svchost.exe]

[Throw dll injection][27/06/2025 17:24:07][WildStr][sihost.exe]

[Throw dll injection][27/06/2025 17:24:07][WildStr][svchost.exe]

[Throw dll injection][27/06/2025 17:24:07][WildStr][svchost.exe]

[Throw dll injection][27/06/2025 17:24:07][WildStr][taskhostw.exe]

[Throw dll injection][27/06/2025 17:24:07][WildStr][svchost.exe]

[Throw dll injection][27/06/2025 17:24:07][WildStr][MicrosoftEdgeUpdate.exe]

[Throw dll injection][27/06/2025 17:24:07][WildStr][taskhostw.exe]

[Throw dll injection][27/06/2025 17:24:07][WildStr][svchost.exe]

[Throw dll injection][27/06/2025 17:24:07][WildStr][MicrosoftEdgeUpdate.exe]

[Throw dll injection][27/06/2025 17:24:07][WildStr][ctfmon.exe]

[Throw dll injection][27/06/2025 17:24:07][WildStr][svchost.exe]

[Throw dll injection][27/06/2025 17:24:07][WildStr][svchost.exe]

[Throw dll injection][27/06/2025 17:24:07][WildStr][ctfmon.exe]

[Throw dll injection][27/06/2025 17:24:07][WildStr][svchost.exe]

[Throw dll injection][27/06/2025 17:24:07][WildStr][svchost.exe]

[Throw dll injection][27/06/2025 17:24:07][WildStr][svchost.exe]

[Throw dll injection][27/06/2025 17:24:07][WildStr][explorer.exe]

[Throw dll injection][27/06/2025 17:24:07][WildStr][explorer.exe]

[Throw dll injection][27/06/2025 17:24:07][WildStr][svchost.exe]

[Throw dll injection][27/06/2025 17:24:07][WildStr][svchost.exe]

[Throw dll injection][27/06/2025 17:24:07][WildStr][StartMenuExperienceHost.exe]

[Throw dll injection][27/06/2025 17:24:07][WildStr][StartMenuExperienceHost.exe]

[Throw dll injection][27/06/2025 17:24:07][WildStr][RuntimeBroker.exe]

[Throw dll injection][27/06/2025 17:24:07][WildStr][RuntimeBroker.exe]

[Throw dll injection][27/06/2025 17:24:07][WildStr][SearchApp.exe]

[Throw dll injection][27/06/2025 17:24:07][WildStr][SearchApp.exe]

[Throw dll injection][27/06/2025 17:24:07][WildStr][svchost.exe]

[Throw dll injection][27/06/2025 17:24:07][WildStr][svchost.exe]

[Throw dll injection][27/06/2025 17:24:07][WildStr][RuntimeBroker.exe]

[Throw dll injection][27/06/2025 17:24:07][WildStr][RuntimeBroker.exe]

[Throw dll injection][27/06/2025 17:24:07][WildStr][RuntimeBroker.exe]

[Throw dll injection][27/06/2025 17:24:07][WildStr][RuntimeBroker.exe]

[Throw dll injection][27/06/2025 17:24:07][WildStr][svchost.exe]

[Throw dll injection][27/06/2025 17:24:07][WildStr][svchost.exe]

[Throw dll injection][27/06/2025 17:24:07][WildStr][SecurityHealthSystray.exe]

[Throw dll injection][27/06/2025 17:24:07][WildStr][SecurityHealthSystray.exe]

[Throw dll injection][27/06/2025 17:24:07][WildStr][SecurityHealthService.exe]

[Throw dll injection][27/06/2025 17:24:07][WildStr][SecurityHealthService.exe]

[Throw dll injection][27/06/2025 17:24:07][WildStr][VBoxTray.exe]

[Throw dll injection][27/06/2025 17:24:07][WildStr][VBoxTray.exe]

[Throw dll injection][27/06/2025 17:24:07][WildStr][OneDrive.exe]

[Throw dll injection][27/06/2025 17:24:07][WildStr][OneDrive.exe]

[Throw dll injection][27/06/2025 17:24:07][WildStr][svchost.exe]

[Throw dll injection][27/06/2025 17:24:07][WildStr][svchost.exe]

[Throw dll injection][27/06/2025 17:24:07][WildStr][svchost.exe]

[Throw dll injection][27/06/2025 17:24:07][WildStr][svchost.exe]

[Throw dll injection][27/06/2025 17:24:07][WildStr][svchost.exe]

[Throw dll injection][27/06/2025 17:24:07][WildStr][svchost.exe]

[Throw dll injection][27/06/2025 17:24:07][WildStr][svchost.exe]

[Throw dll injection][27/06/2025 17:24:07][WildStr][svchost.exe]

[Throw dll injection][27/06/2025 17:24:07][WildStr][svchost.exe]

[Throw dll injection][27/06/2025 17:24:07][WildStr][svchost.exe]

[Throw dll injection][27/06/2025 17:24:07][WildStr][svchost.exe]

[Throw dll injection][27/06/2025 17:24:07][WildStr][svchost.exe]

[Throw dll injection][27/06/2025 17:24:07][WildStr][TextInputHost.exe]

[Throw dll injection][27/06/2025 17:24:07][WildStr][TextInputHost.exe]

[Throw dll injection][27/06/2025 17:24:07][WildStr][ApplicationFrameHost.exe]

[Throw dll injection][27/06/2025 17:24:07][WildStr][ApplicationFrameHost.exe]

[Throw dll injection][27/06/2025 17:24:07][WildStr][SystemSettings.exe]

[Throw dll injection][27/06/2025 17:24:07][WildStr][SystemSettings.exe]

[Throw dll injection][27/06/2025 17:24:07][WildStr][UserOOBEBroker.exe]

[Throw dll injection][27/06/2025 17:24:07][WildStr][UserOOBEBroker.exe]

[Throw dll injection][27/06/2025 17:24:07][WildStr][SearchApp.exe]

[Throw dll injection][27/06/2025 17:24:07][WildStr][SearchApp.exe]

[Throw dll injection][27/06/2025 17:24:07][WildStr][msedgewebview2.exe]

[Throw dll injection][27/06/2025 17:24:07][WildStr][msedgewebview2.exe]

[Throw dll injection][27/06/2025 17:24:07][WildStr][msedgewebview2.exe]

[Throw dll injection][27/06/2025 17:24:07][WildStr][msedgewebview2.exe]

[Throw dll injection][27/06/2025 17:24:07][WildStr][msedgewebview2.exe]

[Throw dll injection][27/06/2025 17:24:07][WildStr][msedgewebview2.exe]

[Throw dll injection][27/06/2025 17:24:07][WildStr][msedgewebview2.exe]

[Throw dll injection][27/06/2025 17:24:07][WildStr][msedgewebview2.exe]

[Throw dll injection][27/06/2025 17:24:07][WildStr][msedgewebview2.exe]

[Throw dll injection][27/06/2025 17:24:07][WildStr][msedgewebview2.exe]

[Throw dll injection][27/06/2025 17:24:07][WildStr][msedgewebview2.exe]

[Throw dll injection][27/06/2025 17:24:07][WildStr][msedgewebview2.exe]

[Throw dll injection][27/06/2025 17:24:07][WildStr][FileCoAuth.exe]

[Throw dll injection][27/06/2025 17:24:07][WildStr][FileCoAuth.exe]

[Throw dll injection][27/06/2025 17:24:07][WildStr][svchost.exe]

[Throw dll injection][27/06/2025 17:24:07][WildStr][svchost.exe]

[Throw dll injection][27/06/2025 17:24:07][WildStr][msedge.exe]

[Throw dll injection][27/06/2025 17:24:07][WildStr][msedge.exe]

[Throw dll injection][27/06/2025 17:24:07][WildStr][msedge.exe]

[Throw dll injection][27/06/2025 17:24:07][WildStr][msedge.exe]

[Throw dll injection][27/06/2025 17:24:07][WildStr][msedge.exe]

[Throw dll injection][27/06/2025 17:24:07][WildStr][msedge.exe]

[Throw dll injection][27/06/2025 17:24:07][WildStr][msedge.exe]

[Throw dll injection][27/06/2025 17:24:07][WildStr][msedge.exe]

[Throw dll injection][27/06/2025 17:24:07][WildStr][msedge.exe]

[Throw dll injection][27/06/2025 17:24:07][WildStr][msedge.exe]

[Throw dll injection][27/06/2025 17:24:07][WildStr][svchost.exe]

[Throw dll injection][27/06/2025 17:24:07][WildStr][svchost.exe]

[Throw dll injection][27/06/2025 17:24:07][WildStr][svchost.exe]

[Throw dll injection][27/06/2025 17:24:07][WildStr][svchost.exe]

[Throw dll injection][27/06/2025 17:24:07][WildStr][svchost.exe]

[Throw dll injection][27/06/2025 17:24:07][WildStr][svchost.exe]

[Throw dll injection][27/06/2025 17:24:07][WildStr][dllhost.exe]

[Throw dll injection][27/06/2025 17:24:07][WildStr][dllhost.exe]

[Throw dll injection][27/06/2025 17:24:07][WildStr][ShellExperienceHost.exe]

[Throw dll injection][27/06/2025 17:24:07][WildStr][ShellExperienceHost.exe]

[Throw dll injection][27/06/2025 17:24:07][WildStr][RuntimeBroker.exe]

[Throw dll injection][27/06/2025 17:24:07][WildStr][RuntimeBroker.exe]

[Throw dll injection][27/06/2025 17:24:07][WildStr][powershell.exe]

[Throw dll injection][27/06/2025 17:24:07][WildStr][powershell.exe]

[Throw dll injection][27/06/2025 17:24:07][WildStr][conhost.exe]

[Throw dll injection][27/06/2025 17:24:07][WildStr][conhost.exe]

[Throw dll injection][27/06/2025 17:24:07][WildStr][cmd.exe]

[Throw dll injection][27/06/2025 17:24:07][WildStr][cmd.exe]

[Throw dll injection][27/06/2025 17:24:07][WildStr][conhost.exe]

[Throw dll injection][27/06/2025 17:24:07][WildStr][conhost.exe]

[Throw dll injection][27/06/2025 17:24:07][WildStr][powershell.exe]

[Throw dll injection][27/06/2025 17:24:07][WildStr][powershell.exe]

[Throw dll injection][27/06/2025 17:24:07][WildStr][Code.exe]

[Throw dll injection][27/06/2025 17:24:07][WildStr][Code.exe]

[Throw dll injection][27/06/2025 17:24:07][WildStr][Code.exe]

[Throw dll injection][27/06/2025 17:24:07][WildStr][Code.exe]

[Throw dll injection][27/06/2025 17:24:07][WildStr][Code.exe]

[Throw dll injection][27/06/2025 17:24:07][WildStr][Code.exe]

[Throw dll injection][27/06/2025 17:24:07][WildStr][Code.exe]

[Throw dll injection][27/06/2025 17:24:07][WildStr][Code.exe]

[Throw dll injection][27/06/2025 17:24:07][WildStr][Code.exe]

[Throw dll injection][27/06/2025 17:24:07][WildStr][Code.exe]

[Throw dll injection][27/06/2025 17:24:07][WildStr][Code.exe]

[Throw dll injection][27/06/2025 17:24:07][WildStr][Code.exe]

[Throw dll injection][27/06/2025 17:24:07][WildStr][Code.exe]

[Throw dll injection][27/06/2025 17:24:07][WildStr][Code.exe]

[Throw dll injection][27/06/2025 17:24:07][WildStr][Code.exe]

[Throw dll injection][27/06/2025 17:24:07][WildStr][cpptools.exe]

[Throw dll injection][27/06/2025 17:24:07][WildStr][cpptools.exe]

[Throw dll injection][27/06/2025 17:24:07][WildStr][conhost.exe]

[Throw dll injection][27/06/2025 17:24:07][WildStr][conhost.exe]

[Throw dll injection][27/06/2025 17:24:07][WildStr][Code.exe]

[Throw dll injection][27/06/2025 17:24:07][WildStr][cpptools.exe]

[Throw dll injection][27/06/2025 17:24:07][WildStr][cpptools.exe]

[Throw dll injection][27/06/2025 17:24:07][WildStr][cpptools-srv.exe]

[Throw dll injection][27/06/2025 17:24:07][WildStr][conhost.exe]

[Throw dll injection][27/06/2025 17:24:07][WildStr][conhost.exe]

[Throw dll injection][27/06/2025 17:24:07][WildStr][svchost.exe]

[Throw dll injection][27/06/2025 17:24:07][WildStr][svchost.exe]

[Throw dll injection][27/06/2025 17:24:07][WildStr][svchost.exe]

[Throw dll injection][27/06/2025 17:24:07][WildStr][svchost.exe]

[Throw dll injection][27/06/2025 17:24:07][WildStr][Code.exe]

[Throw dll injection][27/06/2025 17:24:07][WildStr][Code.exe]

[Throw dll injection][27/06/2025 17:24:07][WildStr][conhost.exe]

[Throw dll injection][27/06/2025 17:24:07][WildStr][conhost.exe]

[Throw dll injection][27/06/2025 17:24:07][WildStr][powershell.exe]

[Throw dll injection][27/06/2025 17:24:07][WildStr][powershell.exe]

[Throw dll injection][27/06/2025 17:24:07][WildStr][vctip.exe]

[Throw dll injection][27/06/2025 17:24:07][WildStr][vctip.exe]

[Throw dll injection][27/06/2025 17:24:07][WildStr][cpptools-srv.exe]

[Throw dll injection][27/06/2025 17:24:07][WildStr][cpptools-srv.exe]

[Throw dll injection][27/06/2025 17:24:07][WildStr][conhost.exe]

[Throw dll injection][27/06/2025 17:24:07][WildStr][conhost.exe]

[Throw dll injection][27/06/2025 17:24:07][WildStr][svchost.exe]

[Throw dll injection][27/06/2025 17:24:07][WildStr][svchost.exe]

[Throw dll injection][27/06/2025 17:24:07][WildStr][smartscreen.exe]

[Throw dll injection][27/06/2025 17:24:07][WildStr][smartscreen.exe]

[Throw dll injection][27/06/2025 17:24:07][WildStr][Taskmgr.exe]

[Throw dll injection][27/06/2025 17:24:07][WildStr][Taskmgr.exe]

[Throw dll injection][27/06/2025 17:24:07][WildStr][System]

[Throw dll injection][27/06/2025 17:24:07][WildStr][Registry]

[Throw dll injection][27/06/2025 17:24:07][WildStr][smss.exe]

[Throw dll injection][27/06/2025 17:24:07][WildStr][csrss.exe]

[Throw dll injection][27/06/2025 17:24:07][WildStr][wininit.exe]

[Throw dll injection][27/06/2025 17:24:07][WildStr][csrss.exe]

[Throw dll injection][27/06/2025 17:24:07][WildStr][winlogon.exe]

[Throw dll injection][27/06/2025 17:24:07][WildStr][Registry]

[Throw dll injection][27/06/2025 17:24:07][WildStr][services.exe]

[Throw dll injection][27/06/2025 17:24:07][WildStr][lsass.exe]

[Throw dll injection][27/06/2025 17:24:07][WildStr][svchost.exe]

[Throw dll injection][27/06/2025 17:24:07][WildStr][fontdrvhost.exe]

[Throw dll injection][27/06/2025 17:24:07][WildStr][fontdrvhost.exe]

[Throw dll injection][27/06/2025 17:24:07][WildStr][svchost.exe]

[Throw dll injection][27/06/2025 17:24:07][WildStr][smss.exe]

[Throw dll injection][27/06/2025 17:24:07][WildStr][svchost.exe]

[Throw dll injection][27/06/2025 17:24:07][WildStr][csrss.exe]

[Throw dll injection][27/06/2025 17:24:07][WildStr][dwm.exe]

[Throw dll injection][27/06/2025 17:24:07][WildStr][svchost.exe]

[Throw dll injection][27/06/2025 17:24:07][WildStr][svchost.exe]

[Throw dll injection][27/06/2025 17:24:07][WildStr][wininit.exe]

[Throw dll injection][27/06/2025 17:24:07][WildStr][svchost.exe]

[Throw dll injection][27/06/2025 17:24:07][WildStr][csrss.exe]

[Throw dll injection][27/06/2025 17:24:07][WildStr][svchost.exe]

[Throw dll injection][27/06/2025 17:24:07][WildStr][svchost.exe]

[Throw dll injection][27/06/2025 17:24:07][WildStr][winlogon.exe]

[Throw dll injection][27/06/2025 17:24:07][WildStr][svchost.exe]

[Throw dll injection][27/06/2025 17:24:07][WildStr][svchost.exe]

[Throw dll injection][27/06/2025 17:24:07][WildStr][services.exe]

[Throw dll injection][27/06/2025 17:24:07][WildStr][svchost.exe]

[Throw dll injection][27/06/2025 17:24:07][WildStr][svchost.exe]

[Throw dll injection][27/06/2025 17:24:07][WildStr][lsass.exe]

[Throw dll injection][27/06/2025 17:24:07][WildStr][svchost.exe]

[Throw dll injection][27/06/2025 17:24:07][WildStr][svchost.exe]

[Throw dll injection][27/06/2025 17:24:07][WildStr][svchost.exe]

[Throw dll injection][27/06/2025 17:24:07][WildStr][svchost.exe]

[Throw dll injection][27/06/2025 17:24:07][WildStr][svchost.exe]
e]

[Throw dll injection][27/06/2025 17:24:07][WildStr][VBoxService.exe]

[Throw dll injection][27/06/2025 17:24:07][WildStr][svchost.exe]

[Throw dll injection][27/06/2025 17:24:07][WildStr][svchost.exe]

[Throw dll injection][27/06/2025 17:24:07][WildStr][fontdrvhost.exe]

[Throw dll injection][27/06/2025 17:24:07][WildStr][svchost.exe]

[Throw dll injection][27/06/2025 17:24:07][WildStr][svchost.exe]

[Throw dll injection][27/06/2025 17:24:07][WildStr][svchost.exe]

[Throw dll injection][27/06/2025 17:24:07][WildStr][svchost.exe]

[Throw dll injection][27/06/2025 17:24:07][WildStr][Memory Compression]

[Throw dll injection][27/06/2025 17:24:07][WildStr][svchost.exe]

[Throw dll injection][27/06/2025 17:24:07][WildStr][svchost.exe]

[Throw dll injection][27/06/2025 17:24:07][WildStr][svchost.exe]

[Throw dll injection][27/06/2025 17:24:07][WildStr][svchost.exe]

[Throw dll injection][27/06/2025 17:24:07][WildStr][svchost.exe]

[Throw dll injection][27/06/2025 17:24:07][WildStr][dwm.exe]

[Throw dll injection][27/06/2025 17:24:08][WildStr][svchost.exe]

[Throw dll injection][27/06/2025 17:24:08][WildStr][svchost.exe]

[Throw dll injection][27/06/2025 17:24:08][WildStr][svchost.exe]

[Throw dll injection][27/06/2025 17:24:08][WildStr][svchost.exe]

[Throw dll injection][27/06/2025 17:24:08][WildStr][svchost.exe]

[Throw dll injection][27/06/2025 17:24:08][WildStr][spoolsv.exe]

[Throw dll injection][27/06/2025 17:24:08][WildStr][svchost.exe]

[Throw dll injection][27/06/2025 17:24:08][WildStr][svchost.exe]

[Throw dll injection][27/06/2025 17:24:08][WildStr][svchost.exe]

[Throw dll injection][27/06/2025 17:24:08][WildStr][svchost.exe]

[Throw dll injection][27/06/2025 17:24:08][WildStr][svchost.exe]

[Throw dll injection][27/06/2025 17:24:08][WildStr][svchost.exe]

[Throw dll injection][27/06/2025 17:24:08][WildStr][ssh-agent.exe]

[Throw dll injection][27/06/2025 17:24:08][WildStr][svchost.exe]

[Throw dll injection][27/06/2025 17:24:08][WildStr][sshd.exe]

[Throw dll injection][27/06/2025 17:24:08][WildStr][svchost.exe]

[Throw dll injection][27/06/2025 17:24:08][WildStr][svchost.exe]

[Throw dll injection][27/06/2025 17:24:08][WildStr][svchost.exe]

[Throw dll injection][27/06/2025 17:24:08][WildStr][svchost.exe]

[Throw dll injection][27/06/2025 17:24:08][WildStr][svchost.exe]

[Throw dll injection][27/06/2025 17:24:08][WildStr][svchost.exe]

[Throw dll injection][27/06/2025 17:24:08][WildStr][svchost.exe]

[Throw dll injection][27/06/2025 17:24:08][WildStr][svchost.exe]

[Throw dll injection][27/06/2025 17:24:08][WildStr][svchost.exe]

[Throw dll injection][27/06/2025 17:24:08][WildStr][svchost.exe]

[Throw dll injection][27/06/2025 17:24:08][WildStr][svchost.exe]

[Throw dll injection][27/06/2025 17:24:08][WildStr][svchost.exe]

[Throw dll injection][27/06/2025 17:24:08][WildStr][svchost.exe]

[Throw dll injection][27/06/2025 17:24:08][WildStr][svchost.exe]

[Throw dll injection][27/06/2025 17:24:08][WildStr][svchost.exe]

[Throw dll injection][27/06/2025 17:24:08][WildStr][svchost.exe]

[Throw dll injection][27/06/2025 17:24:08][WildStr][VBoxService.exe]

[Throw dll injection][27/06/2025 17:24:08][WildStr][MpDefenderCoreService.exe]

[Throw dll injection][27/06/2025 17:24:08][WildStr][MsMpEng.exe]

[Throw dll injection][27/06/2025 17:24:08][WildStr][svchost.exe]
exe]

[Throw dll injection][27/06/2025 17:24:08][WildStr][AggregatorHost.exe]

[Throw dll injection][27/06/2025 17:24:08][WildStr][svchost.exe]

[Throw dll injection][27/06/2025 17:24:08][WildStr][dllhost.exe]

[Throw dll injection][27/06/2025 17:24:08][WildStr][svchost.exe]

[Throw dll injection][27/06/2025 17:24:08][WildStr][svchost.exe]

[Throw dll injection][27/06/2025 17:24:08][WildStr][svchost.exe]

[Throw dll injection][27/06/2025 17:24:08][WildStr][svchost.exe]

[Throw dll injection][27/06/2025 17:24:08][WildStr][NisSrv.exe]

[Throw dll injection][27/06/2025 17:24:08][WildStr][svchost.exe]

[Throw dll injection][27/06/2025 17:24:08][WildStr][sihost.exe]

[Throw dll injection][27/06/2025 17:24:08][WildStr][Memory Compression]

[Throw dll injection][27/06/2025 17:24:08][WildStr][svchost.exe]

[Throw dll injection][27/06/2025 17:24:08][WildStr][svchost.exe]

[Throw dll injection][27/06/2025 17:24:08][WildStr][svchost.exe]

[Throw dll injection][27/06/2025 17:24:08][WildStr][svchost.exe]

[Throw dll injection][27/06/2025 17:24:08][WildStr][taskhostw.exe]

[Throw dll injection][27/06/2025 17:24:08][WildStr][svchost.exe]

[Throw dll injection][27/06/2025 17:24:08][WildStr][MicrosoftEdgeUpdate.exe]

[Throw dll injection][27/06/2025 17:24:08][WildStr][svchost.exe]

[Throw dll injection][27/06/2025 17:24:08][WildStr][svchost.exe]

[Throw dll injection][27/06/2025 17:24:08][WildStr][svchost.exe]

[Throw dll injection][27/06/2025 17:24:08][WildStr][ctfmon.exe]

[Throw dll injection][27/06/2025 17:24:08][WildStr][svchost.exe]

[Throw dll injection][27/06/2025 17:24:08][WildStr][svchost.exe]

[Throw dll injection][27/06/2025 17:24:08][WildStr][svchost.exe]

[Throw dll injection][27/06/2025 17:24:08][WildStr][svchost.exe]

[Throw dll injection][27/06/2025 17:24:08][WildStr][explorer.exe]

[Throw dll injection][27/06/2025 17:24:08][WildStr][svchost.exe]

[Throw dll injection][27/06/2025 17:24:08][WildStr][svchost.exe]

[Throw dll injection][27/06/2025 17:24:08][WildStr][spoolsv.exe]

[Throw dll injection][27/06/2025 17:24:08][WildStr][StartMenuExperienceHost.exe]

[Throw dll injection][27/06/2025 17:24:08][WildStr][svchost.exe]

[Throw dll injection][27/06/2025 17:24:08][WildStr][RuntimeBroker.exe]

[Throw dll injection][27/06/2025 17:24:08][WildStr][svchost.exe]

[Throw dll injection][27/06/2025 17:24:08][WildStr][SearchApp.exe]

[Throw dll injection][27/06/2025 17:24:08][WildStr][svchost.exe]

[Throw dll injection][27/06/2025 17:24:08][WildStr][svchost.exe]

[Throw dll injection][27/06/2025 17:24:08][WildStr][svchost.exe]

[Throw dll injection][27/06/2025 17:24:08][WildStr][ssh-agent.exe]

[Throw dll injection][27/06/2025 17:24:08][WildStr][sshd.exe]

[Throw dll injection][27/06/2025 17:24:08][WildStr][RuntimeBroker.exe]

[Throw dll injection][27/06/2025 17:24:08][WildStr][svchost.exe]

[Throw dll injection][27/06/2025 17:24:08][WildStr][RuntimeBroker.exe]

[Throw dll injection][27/06/2025 17:24:08][WildStr][svchost.exe]

[Throw dll injection][27/06/2025 17:24:08][WildStr][svchost.exe]

[Throw dll injection][27/06/2025 17:24:08][WildStr][svchost.exe]

[Throw dll injection][27/06/2025 17:24:08][WildStr][SecurityHealthSystray.exe]

[Throw dll injection][27/06/2025 17:24:08][WildStr][SecurityHealthService.exe]

[Throw dll injection][27/06/2025 17:24:08][WildStr][VBoxTray.exe]

[Throw dll injection][27/06/2025 17:24:08][WildStr][svchost.exe]

[Throw dll injection][27/06/2025 17:24:08][WildStr][OneDrive.exe]

[Throw dll injection][27/06/2025 17:24:08][WildStr][svchost.exe]

[Throw dll injection][27/06/2025 17:24:08][WildStr][svchost.exe]

[Throw dll injection][27/06/2025 17:24:08][WildStr][svchost.exe]

[Throw dll injection][27/06/2025 17:24:08][WildStr][svchost.exe]

[Throw dll injection][27/06/2025 17:24:08][WildStr][svchost.exe]

[Throw dll injection][27/06/2025 17:24:08][WildStr][svchost.exe]

[Throw dll injection][27/06/2025 17:24:08][WildStr][svchost.exe]

[Throw dll injection][27/06/2025 17:24:08][WildStr][svchost.exe]

[Throw dll injection][27/06/2025 17:24:08][WildStr][TextInputHost.exe]

[Throw dll injection][27/06/2025 17:24:08][WildStr][ApplicationFrameHost.exe]

[Throw dll injection][27/06/2025 17:24:08][WildStr][svchost.exe]

[Throw dll injection][27/06/2025 17:24:08][WildStr][SystemSettings.exe]

[Throw dll injection][27/06/2025 17:24:08][WildStr][svchost.exe]

[Throw dll injection][27/06/2025 17:24:08][WildStr][UserOOBEBroker.exe]

[Throw dll injection][27/06/2025 17:24:08][WildStr][SearchApp.exe]

[Throw dll injection][27/06/2025 17:24:08][WildStr][msedgewebview2.exe]

[Throw dll injection][27/06/2025 17:24:08][WildStr][MpDefenderCoreService.exe]

[Throw dll injection][27/06/2025 17:24:08][WildStr][msedgewebview2.exe]

[Throw dll injection][27/06/2025 17:24:08][WildStr][msedgewebview2.exe]

[Throw dll injection][27/06/2025 17:24:08][WildStr][msedgewebview2.exe]

[Throw dll injection][27/06/2025 17:24:08][WildStr][msedgewebview2.exe]

[Throw dll injection][27/06/2025 17:24:08][WildStr][msedgewebview2.exe]

[Throw dll injection][27/06/2025 17:24:08][WildStr][FileCoAuth.exe]

[Throw dll injection][27/06/2025 17:24:08][WildStr][svchost.exe]

[Throw dll injection][27/06/2025 17:24:08][WildStr][msedge.exe]

[Throw dll injection][27/06/2025 17:24:08][WildStr][msedge.exe]

[Throw dll injection][27/06/2025 17:24:08][WildStr][msedge.exe]

[Throw dll injection][27/06/2025 17:24:08][WildStr][msedge.exe]

[Throw dll injection][27/06/2025 17:24:08][WildStr][MsMpEng.exe]

[Throw dll injection][27/06/2025 17:24:08][WildStr][msedge.exe]

[Throw dll injection][27/06/2025 17:24:08][WildStr][SearchIndexer.exe]

[Throw dll injection][27/06/2025 17:24:08][WildStr][svchost.exe]

[Throw dll injection][27/06/2025 17:24:08][WildStr][svchost.exe]

[Throw dll injection][27/06/2025 17:24:08][WildStr][AggregatorHost.exe]

[Throw dll injection][27/06/2025 17:24:08][WildStr][dllhost.exe]

[Throw dll injection][27/06/2025 17:24:08][WildStr][svchost.exe]

[Throw dll injection][27/06/2025 17:24:08][WildStr][svchost.exe]

[Throw dll injection][27/06/2025 17:24:08][WildStr][dllhost.exe]

[Throw dll injection][27/06/2025 17:24:08][WildStr][NisSrv.exe]

[Throw dll injection][27/06/2025 17:24:08][WildStr][ShellExperienceHost.exe]

[Throw dll injection][27/06/2025 17:24:08][WildStr][RuntimeBroker.exe]

[Throw dll injection][27/06/2025 17:24:08][WildStr][svchost.exe]

[Throw dll injection][27/06/2025 17:24:08][WildStr][powershell.exe]

[Throw dll injection][27/06/2025 17:24:08][WildStr][svchost.exe]

[Throw dll injection][27/06/2025 17:24:08][WildStr][cmd.exe]

[Throw dll injection][27/06/2025 17:24:08][WildStr][taskhostw.exe]

[Throw dll injection][27/06/2025 17:24:08][WildStr][conhost.exe]

[Throw dll injection][27/06/2025 17:24:08][WildStr][MicrosoftEdgeUpdate.exe]

[Throw dll injection][27/06/2025 17:24:08][WildStr][powershell.exe]

[Throw dll injection][27/06/2025 17:24:08][WildStr][svchost.exe]

[Throw dll injection][27/06/2025 17:24:08][WildStr][Code.exe]

[Throw dll injection][27/06/2025 17:24:08][WildStr][ctfmon.exe]

[Throw dll injection][27/06/2025 17:24:08][WildStr][Code.exe]

[Throw dll injection][27/06/2025 17:24:08][WildStr][svchost.exe]

[Throw dll injection][27/06/2025 17:24:08][WildStr][Code.exe]

[Throw dll injection][27/06/2025 17:24:08][WildStr][svchost.exe]

[Throw dll injection][27/06/2025 17:24:08][WildStr][Code.exe]

[Throw dll injection][27/06/2025 17:24:08][WildStr][explorer.exe]

[Throw dll injection][27/06/2025 17:24:08][WildStr][Code.exe]

[Throw dll injection][27/06/2025 17:24:08][WildStr][svchost.exe]

[Throw dll injection][27/06/2025 17:24:08][WildStr][StartMenuExperienceHost.exe]

[Throw dll injection][27/06/2025 17:24:08][WildStr][Code.exe]

[Throw dll injection][27/06/2025 17:24:08][WildStr][Code.exe]

[Throw dll injection][27/06/2025 17:24:08][WildStr][RuntimeBroker.exe]

[Throw dll injection][27/06/2025 17:24:08][WildStr][Code.exe]

[Throw dll injection][27/06/2025 17:24:08][WildStr][SearchApp.exe]

[Throw dll injection][27/06/2025 17:24:08][WildStr][svchost.exe]


[Throw dll injection][27/06/2025 17:24:08][WildStr][RuntimeBroker.exe]

[Throw dll injection][27/06/2025 17:24:08][WildStr][conhost.exe]

[Throw dll injection][27/06/2025 17:24:08][WildStr][RuntimeBroker.exe]

[Throw dll injection][27/06/2025 17:24:08][WildStr][Code.exe]

[Throw dll injection][27/06/2025 17:24:08][WildStr][svchost.exe]

[Throw dll injection][27/06/2025 17:24:08][WildStr][cpptools.exe]

[Throw dll injection][27/06/2025 17:24:08][WildStr][SecurityHealthSystray.exe]

[Throw dll injection][27/06/2025 17:24:08][WildStr][cpptools-srv.exe]

[Throw dll injection][27/06/2025 17:24:08][WildStr][SecurityHealthService.exe]

[Throw dll injection][27/06/2025 17:24:08][WildStr][conhost.exe]

[Throw dll injection][27/06/2025 17:24:08][WildStr][VBoxTray.exe]

[Throw dll injection][27/06/2025 17:24:08][WildStr][svchost.exe]

[Throw dll injection][27/06/2025 17:24:08][WildStr][OneDrive.exe]

[Throw dll injection][27/06/2025 17:24:08][WildStr][svchost.exe]

[Throw dll injection][27/06/2025 17:24:08][WildStr][svchost.exe]

[Throw dll injection][27/06/2025 17:24:08][WildStr][Code.exe]

[Throw dll injection][27/06/2025 17:24:08][WildStr][svchost.exe]

[Throw dll injection][27/06/2025 17:24:08][WildStr][conhost.exe]

[Throw dll injection][27/06/2025 17:24:08][WildStr][svchost.exe]

[Throw dll injection][27/06/2025 17:24:08][WildStr][powershell.exe]

[Throw dll injection][27/06/2025 17:24:08][WildStr][svchost.exe]

[Throw dll injection][27/06/2025 17:24:08][WildStr][vctip.exe]

[Throw dll injection][27/06/2025 17:24:08][WildStr][svchost.exe]

[Throw dll injection][27/06/2025 17:24:08][WildStr][cpptools-srv.exe]

[Throw dll injection][27/06/2025 17:24:08][WildStr][svchost.exe]

[Throw dll injection][27/06/2025 17:24:08][WildStr][conhost.exe]

[Throw dll injection][27/06/2025 17:24:08][WildStr][TextInputHost.exe]

[Throw dll injection][27/06/2025 17:24:08][WildStr][svchost.exe]

[Throw dll injection][27/06/2025 17:24:08][WildStr][ApplicationFrameHost.exe]

[Throw dll injection][27/06/2025 17:24:08][WildStr][smartscreen.exe]

[Throw dll injection][27/06/2025 17:24:08][WildStr][SystemSettings.exe]

[Throw dll injection][27/06/2025 17:24:08][WildStr][conhost.exe]

[Throw dll injection][27/06/2025 17:24:08][WildStr][UserOOBEBroker.exe]

[Throw dll injection][27/06/2025 17:24:08][WildStr][SearchApp.exe]

[Throw dll injection][27/06/2025 17:24:08][WildStr][powershell.exe]

[Throw dll injection][27/06/2025 17:24:08][WildStr][msedgewebview2.exe]

[Throw dll injection][27/06/2025 17:24:08][WildStr][msedgewebview2.exe]

[Throw dll injection][27/06/2025 17:24:08][WildStr][msedgewebview2.exe]

[Throw dll injection][27/06/2025 17:24:08][WildStr][msedgewebview2.exe]

[Throw dll injection][27/06/2025 17:24:08][WildStr][msedgewebview2.exe]

[Throw dll injection][27/06/2025 17:24:08][WildStr][msedgewebview2.exe]

[Throw dll injection][27/06/2025 17:24:08][WildStr][FileCoAuth.exe]

[Throw dll injection][27/06/2025 17:24:08][WildStr][svchost.exe]

[Throw dll injection][27/06/2025 17:24:08][WildStr][msedge.exe]

[Throw dll injection][27/06/2025 17:24:08][WildStr][msedge.exe]

[Throw dll injection][27/06/2025 17:24:08][WildStr][msedge.exe]

[Throw dll injection][27/06/2025 17:24:08][WildStr][msedge.exe]

[Throw dll injection][27/06/2025 17:24:08][WildStr][msedge.exe]

[Throw dll injection][27/06/2025 17:24:08][WildStr][svchost.exe]

[Throw dll injection][27/06/2025 17:24:08][WildStr][svchost.exe]

[Throw dll injection][27/06/2025 17:24:08][WildStr][svchost.exe]

[Throw dll injection][27/06/2025 17:24:08][WildStr][dllhost.exe]

[Throw dll injection][27/06/2025 17:24:08][WildStr][ShellExperienceHost.exe]

[Throw dll injection][27/06/2025 17:24:08][WildStr][RuntimeBroker.exe]

[Throw dll injection][27/06/2025 17:24:08][WildStr][powershell.exe]

[Throw dll injection][27/06/2025 17:24:08][WildStr][conhost.exe]

[Throw dll injection][27/06/2025 17:24:08][WildStr][cmd.exe]

[Throw dll injection][27/06/2025 17:24:08][WildStr][conhost.exe]

[Throw dll injection][27/06/2025 17:24:08][WildStr][powershell.exe]

[Throw dll injection][27/06/2025 17:24:08][WildStr][Code.exe]

[Throw dll injection][27/06/2025 17:24:08][WildStr][Code.exe]

[Throw dll injection][27/06/2025 17:24:08][WildStr][Code.exe]

[Throw dll injection][27/06/2025 17:24:08][WildStr][Code.exe]

[Throw dll injection][27/06/2025 17:24:08][WildStr][Code.exe]

[Throw dll injection][27/06/2025 17:24:08][WildStr][Code.exe]

[Throw dll injection][27/06/2025 17:24:08][WildStr][Code.exe]

[Throw dll injection][27/06/2025 17:24:08][WildStr][Code.exe]

[Throw dll injection][27/06/2025 17:24:08][WildStr][cpptools.exe]

[Throw dll injection][27/06/2025 17:24:08][WildStr][conhost.exe]

[Throw dll injection][27/06/2025 17:24:08][WildStr][Code.exe]

[Throw dll injection][27/06/2025 17:24:08][WildStr][cpptools.exe]

[Throw dll injection][27/06/2025 17:24:08][WildStr][cpptools-srv.exe]

[Throw dll injection][27/06/2025 17:24:08][WildStr][conhost.exe]

[Throw dll injection][27/06/2025 17:24:08][WildStr][svchost.exe]

[Throw dll injection][27/06/2025 17:24:08][WildStr][svchost.exe]

[Throw dll injection][27/06/2025 17:24:08][WildStr][Code.exe]

[Throw dll injection][27/06/2025 17:24:08][WildStr][conhost.exe]

[Throw dll injection][27/06/2025 17:24:08][WildStr][powershell.exe]

[Throw dll injection][27/06/2025 17:24:08][WildStr][vctip.exe]

[Throw dll injection][27/06/2025 17:24:08][WildStr][cpptools-srv.exe]

[Throw dll injection][27/06/2025 17:24:08][WildStr][conhost.exe]

[Throw dll injection][27/06/2025 17:24:08][WildStr][svchost.exe]

[Throw dll injection][27/06/2025 17:24:08][WildStr][smartscreen.exe]

[Throw dll injection][27/06/2025 17:24:08][WildStr][Taskmgr.exe]

[Throw dll injection][27/06/2025 17:24:08][WildStr][conhost.exe]

[Throw dll injection][27/06/2025 17:24:08][WildStr][powershell.exe]

[Throw dll injection][27/06/2025 17:24:08][WildStr][System]

[Throw dll injection][27/06/2025 17:24:08][WildStr][Registry]

[Throw dll injection][27/06/2025 17:24:08][WildStr][smss.exe]

[Throw dll injection][27/06/2025 17:24:08][WildStr][System]

[Throw dll injection][27/06/2025 17:24:08][WildStr][csrss.exe]

[Throw dll injection][27/06/2025 17:24:08][WildStr][Registry]

[Throw dll injection][27/06/2025 17:24:08][WildStr][wininit.exe]

[Throw dll injection][27/06/2025 17:24:08][WildStr][smss.exe]

[Throw dll injection][27/06/2025 17:24:08][WildStr][csrss.exe]

[Throw dll injection][27/06/2025 17:24:08][WildStr][winlogon.exe]

[Throw dll injection][27/06/2025 17:24:08][WildStr][csrss.exe]

[Throw dll injection][27/06/2025 17:24:08][WildStr][wininit.exe]

[Throw dll injection][27/06/2025 17:24:08][WildStr][services.exe]

[Throw dll injection][27/06/2025 17:24:08][WildStr][csrss.exe]

[Throw dll injection][27/06/2025 17:24:08][WildStr][lsass.exe]

[Throw dll injection][27/06/2025 17:24:08][WildStr][winlogon.exe]

[Throw dll injection][27/06/2025 17:24:08][WildStr][svchost.exe]

[Throw dll injection][27/06/2025 17:24:08][WildStr][fontdrvhost.exe]

[Throw dll injection][27/06/2025 17:24:08][WildStr][services.exe]

[Throw dll injection][27/06/2025 17:24:08][WildStr][fontdrvhost.exe]

[Throw dll injection][27/06/2025 17:24:08][WildStr][lsass.exe]

[Throw dll injection][27/06/2025 17:24:08][WildStr][svchost.exe]

[Throw dll injection][27/06/2025 17:24:08][WildStr][svchost.exe]

[Throw dll injection][27/06/2025 17:24:08][WildStr][svchost.exe]

[Throw dll injection][27/06/2025 17:24:08][WildStr][dwm.exe]

[Throw dll injection][27/06/2025 17:24:08][WildStr][fontdrvhost.exe]

[Throw dll injection][27/06/2025 17:24:08][WildStr][svchost.exe]
e]

[Throw dll injection][27/06/2025 17:24:08][WildStr][svchost.exe]

[Throw dll injection][27/06/2025 17:24:08][WildStr][svchost.exe]

[Throw dll injection][27/06/2025 17:24:08][WildStr][svchost.exe]

[Throw dll injection][27/06/2025 17:24:08][WildStr][svchost.exe]

[Throw dll injection][27/06/2025 17:24:08][WildStr][dwm.exe]

[Throw dll injection][27/06/2025 17:24:08][WildStr][svchost.exe]

[Throw dll injection][27/06/2025 17:24:08][WildStr][svchost.exe]

[Throw dll injection][27/06/2025 17:24:08][WildStr][svchost.exe]

[Throw dll injection][27/06/2025 17:24:08][WildStr][svchost.exe]

[Throw dll injection][27/06/2025 17:24:08][WildStr][svchost.exe]

[Throw dll injection][27/06/2025 17:24:08][WildStr][svchost.exe]

[Throw dll injection][27/06/2025 17:24:08][WildStr][svchost.exe]

[Throw dll injection][27/06/2025 17:24:08][WildStr][svchost.exe]

[Throw dll injection][27/06/2025 17:24:08][WildStr][svchost.exe]

[Throw dll injection][27/06/2025 17:24:08][WildStr][svchost.exe]

[Throw dll injection][27/06/2025 17:24:08][WildStr][svchost.exe]

[Throw dll injection][27/06/2025 17:24:08][WildStr][svchost.exe]

[Throw dll injection][27/06/2025 17:24:08][WildStr][svchost.exe]

[Throw dll injection][27/06/2025 17:24:08][WildStr][svchost.exe]

[Throw dll injection][27/06/2025 17:24:08][WildStr][svchost.exe]

[Throw dll injection][27/06/2025 17:24:08][WildStr][svchost.exe]

[Throw dll injection][27/06/2025 17:24:08][WildStr][svchost.exe]

[Throw dll injection][27/06/2025 17:24:08][WildStr][svchost.exe]

[Throw dll injection][27/06/2025 17:24:08][WildStr][VBoxService.exe]

[Throw dll injection][27/06/2025 17:24:08][WildStr][svchost.exe]

[Throw dll injection][27/06/2025 17:24:08][WildStr][svchost.exe]

[Throw dll injection][27/06/2025 17:24:08][WildStr][svchost.exe]

[Throw dll injection][27/06/2025 17:24:08][WildStr][svchost.exe]

[Throw dll injection][27/06/2025 17:24:08][WildStr][svchost.exe]

[Throw dll injection][27/06/2025 17:24:08][WildStr][svchost.exe]

[Throw dll injection][27/06/2025 17:24:08][WildStr][svchost.exe]

[Throw dll injection][27/06/2025 17:24:08][WildStr][svchost.exe]

[Throw dll injection][27/06/2025 17:24:08][WildStr][VBoxService.exe]

[Throw dll injection][27/06/2025 17:24:08][WildStr][svchost.exe]

[Throw dll injection][27/06/2025 17:24:08][WildStr][svchost.exe]

[Throw dll injection][27/06/2025 17:24:08][WildStr][svchost.exe]

[Throw dll injection][27/06/2025 17:24:08][WildStr][svchost.exe]

[Throw dll injection][27/06/2025 17:24:08][WildStr][Memory Compression]

[Throw dll injection][27/06/2025 17:24:08][WildStr][svchost.exe]

[Throw dll injection][27/06/2025 17:24:08][WildStr][svchost.exe]

[Throw dll injection][27/06/2025 17:24:08][WildStr][svchost.exe]

[Throw dll injection][27/06/2025 17:24:08][WildStr][svchost.exe]

[Throw dll injection][27/06/2025 17:24:08][WildStr][svchost.exe]

[Throw dll injection][27/06/2025 17:24:08][WildStr][svchost.exe]

[Throw dll injection][27/06/2025 17:24:08][WildStr][svchost.exe]

[Throw dll injection][27/06/2025 17:24:08][WildStr][svchost.exe]

[Throw dll injection][27/06/2025 17:24:08][WildStr][Memory Compression]

[Throw dll injection][27/06/2025 17:24:08][WildStr][svchost.exe]

[Throw dll injection][27/06/2025 17:24:08][WildStr][svchost.exe]

[Throw dll injection][27/06/2025 17:24:08][WildStr][svchost.exe]

[Throw dll injection][27/06/2025 17:24:08][WildStr][svchost.exe]

[Throw dll injection][27/06/2025 17:24:08][WildStr][svchost.exe]

[Throw dll injection][27/06/2025 17:24:08][WildStr][svchost.exe]

[Throw dll injection][27/06/2025 17:24:08][WildStr][svchost.exe]

[Throw dll injection][27/06/2025 17:24:08][WildStr][svchost.exe]

[Throw dll injection][27/06/2025 17:24:08][WildStr][spoolsv.exe]

[Throw dll injection][27/06/2025 17:24:08][WildStr][svchost.exe]

[Throw dll injection][27/06/2025 17:24:08][WildStr][svchost.exe]

[Throw dll injection][27/06/2025 17:24:08][WildStr][svchost.exe]

[Throw dll injection][27/06/2025 17:24:08][WildStr][svchost.exe]

[Throw dll injection][27/06/2025 17:24:08][WildStr][svchost.exe]

[Throw dll injection][27/06/2025 17:24:08][WildStr][svchost.exe]

[Throw dll injection][27/06/2025 17:24:08][WildStr][svchost.exe]

[Throw dll injection][27/06/2025 17:24:08][WildStr][spoolsv.exe]

[Throw dll injection][27/06/2025 17:24:08][WildStr][svchost.exe]


[Throw dll injection][27/06/2025 17:24:08][WildStr][sshd.exe]

[Throw dll injection][27/06/2025 17:24:08][WildStr][svchost.exe]

[Throw dll injection][27/06/2025 17:24:08][WildStr][svchost.exe]

[Throw dll injection][27/06/2025 17:24:08][WildStr][svchost.exe]

[Throw dll injection][27/06/2025 17:24:08][WildStr][svchost.exe]

[Throw dll injection][27/06/2025 17:24:08][WildStr][svchost.exe]

[Throw dll injection][27/06/2025 17:24:08][WildStr][svchost.exe]

[Throw dll injection][27/06/2025 17:24:08][WildStr][ssh-agent.exe]

[Throw dll injection][27/06/2025 17:24:08][WildStr][svchost.exe]

[Throw dll injection][27/06/2025 17:24:08][WildStr][sshd.exe]

[Throw dll injection][27/06/2025 17:24:08][WildStr][svchost.exe]

[Throw dll injection][27/06/2025 17:24:08][WildStr][svchost.exe]

[Throw dll injection][27/06/2025 17:24:08][WildStr][svchost.exe]

[Throw dll injection][27/06/2025 17:24:08][WildStr][svchost.exe]

[Throw dll injection][27/06/2025 17:24:08][WildStr][svchost.exe]

[Throw dll injection][27/06/2025 17:24:08][WildStr][svchost.exe]

[Throw dll injection][27/06/2025 17:24:08][WildStr][svchost.exe]

[Throw dll injection][27/06/2025 17:24:08][WildStr][svchost.exe]

[Throw dll injection][27/06/2025 17:24:08][WildStr][svchost.exe]

[Throw dll injection][27/06/2025 17:24:08][WildStr][svchost.exe]

[Throw dll injection][27/06/2025 17:24:08][WildStr][MpDefenderCoreService.exe]

[Throw dll injection][27/06/2025 17:24:08][WildStr][svchost.exe]

[Throw dll injection][27/06/2025 17:24:08][WildStr][MsMpEng.exe]

[Throw dll injection][27/06/2025 17:24:08][WildStr][svchost.exe]

[Throw dll injection][27/06/2025 17:24:08][WildStr][SearchIndexer.exe]

[Throw dll injection][27/06/2025 17:24:08][WildStr][svchost.exe]

[Throw dll injection][27/06/2025 17:24:08][WildStr][AggregatorHost.exe]

[Throw dll injection][27/06/2025 17:24:08][WildStr][svchost.exe]

[Throw dll injection][27/06/2025 17:24:08][WildStr][dllhost.exe]
Service.exe]

[Throw dll injection][27/06/2025 17:24:08][WildStr][MsMpEng.exe]

[Throw dll injection][27/06/2025 17:24:08][WildStr][svchost.exe]

[Throw dll injection][27/06/2025 17:24:08][WildStr][SearchIndexer.exe]

[Throw dll injection][27/06/2025 17:24:08][WildStr][NisSrv.exe]

[Throw dll injection][27/06/2025 17:24:08][WildStr][AggregatorHost.exe]

[Throw dll injection][27/06/2025 17:24:08][WildStr][sihost.exe]

[Throw dll injection][27/06/2025 17:24:08][WildStr][dllhost.exe]

[Throw dll injection][27/06/2025 17:24:08][WildStr][svchost.exe]

[Throw dll injection][27/06/2025 17:24:08][WildStr][svchost.exe]

[Throw dll injection][27/06/2025 17:24:08][WildStr][svchost.exe]

[Throw dll injection][27/06/2025 17:24:08][WildStr][NisSrv.exe]

[Throw dll injection][27/06/2025 17:24:08][WildStr][taskhostw.exe]

[Throw dll injection][27/06/2025 17:24:08][WildStr][sihost.exe]

[Throw dll injection][27/06/2025 17:24:08][WildStr][MicrosoftEdgeUpdate.exe]

[Throw dll injection][27/06/2025 17:24:08][WildStr][svchost.exe]

[Throw dll injection][27/06/2025 17:24:08][WildStr][svchost.exe]

[Throw dll injection][27/06/2025 17:24:08][WildStr][svchost.exe]

[Throw dll injection][27/06/2025 17:24:08][WildStr][ctfmon.exe]

[Throw dll injection][27/06/2025 17:24:08][WildStr][taskhostw.exe]

[Throw dll injection][27/06/2025 17:24:08][WildStr][svchost.exe]

[Throw dll injection][27/06/2025 17:24:08][WildStr][svchost.exe]
pdate.exe]

[Throw dll injection][27/06/2025 17:24:08][WildStr][explorer.exe]

[Throw dll injection][27/06/2025 17:24:08][WildStr][svchost.exe]

[Throw dll injection][27/06/2025 17:24:08][WildStr][ctfmon.exe]

[Throw dll injection][27/06/2025 17:24:08][WildStr][StartMenuExperienceHost.exe]

[Throw dll injection][27/06/2025 17:24:08][WildStr][svchost.exe]

[Throw dll injection][27/06/2025 17:24:08][WildStr][RuntimeBroker.exe]

[Throw dll injection][27/06/2025 17:24:08][WildStr][svchost.exe]

[Throw dll injection][27/06/2025 17:24:08][WildStr][SearchApp.exe]

[Throw dll injection][27/06/2025 17:24:08][WildStr][svchost.exe]

[Throw dll injection][27/06/2025 17:24:08][WildStr][svchost.exe]

[Throw dll injection][27/06/2025 17:24:08][WildStr][RuntimeBroker.exe]

[Throw dll injection][27/06/2025 17:24:08][WildStr][StartMenuExperienceHost.exe]

[Throw dll injection][27/06/2025 17:24:08][WildStr][RuntimeBroker.exe]

[Throw dll injection][27/06/2025 17:24:08][WildStr][RuntimeBroker.exe]

[Throw dll injection][27/06/2025 17:24:08][WildStr][svchost.exe]

[Throw dll injection][27/06/2025 17:24:08][WildStr][SearchApp.exe]

[Throw dll injection][27/06/2025 17:24:08][WildStr][SecurityHealthSystray.exe]

[Throw dll injection][27/06/2025 17:24:08][WildStr][svchost.exe]

[Throw dll injection][27/06/2025 17:24:08][WildStr][SecurityHealthService.exe]

[Throw dll injection][27/06/2025 17:24:08][WildStr][RuntimeBroker.exe]

[Throw dll injection][27/06/2025 17:24:08][WildStr][VBoxTray.exe]

[Throw dll injection][27/06/2025 17:24:08][WildStr][RuntimeBroker.exe]

[Throw dll injection][27/06/2025 17:24:08][WildStr][OneDrive.exe]

[Throw dll injection][27/06/2025 17:24:08][WildStr][svchost.exe]

[Throw dll injection][27/06/2025 17:24:08][WildStr][svchost.exe]

[Throw dll injection][27/06/2025 17:24:08][WildStr][SecurityHealthSystray.exe]

[Throw dll injection][27/06/2025 17:24:08][WildStr][SecurityHealthService.exe]

[Throw dll injection][27/06/2025 17:24:08][WildStr][svchost.exe]

[Throw dll injection][27/06/2025 17:24:08][WildStr][VBoxTray.exe]

[Throw dll injection][27/06/2025 17:24:08][WildStr][svchost.exe]

[Throw dll injection][27/06/2025 17:24:08][WildStr][OneDrive.exe]

[Throw dll injection][27/06/2025 17:24:08][WildStr][svchost.exe]

[Throw dll injection][27/06/2025 17:24:08][WildStr][svchost.exe]

[Throw dll injection][27/06/2025 17:24:08][WildStr][svchost.exe]

[Throw dll injection][27/06/2025 17:24:08][WildStr][svchost.exe]

[Throw dll injection][27/06/2025 17:24:08][WildStr][TextInputHost.exe]

[Throw dll injection][27/06/2025 17:24:08][WildStr][svchost.exe]

[Throw dll injection][27/06/2025 17:24:08][WildStr][ApplicationFrameHost.exe]

[Throw dll injection][27/06/2025 17:24:08][WildStr][svchost.exe]

[Throw dll injection][27/06/2025 17:24:08][WildStr][SystemSettings.exe]

[Throw dll injection][27/06/2025 17:24:08][WildStr][svchost.exe]

[Throw dll injection][27/06/2025 17:24:08][WildStr][UserOOBEBroker.exe]

[Throw dll injection][27/06/2025 17:24:08][WildStr][svchost.exe]

[Throw dll injection][27/06/2025 17:24:08][WildStr][SearchApp.exe]

[Throw dll injection][27/06/2025 17:24:08][WildStr][TextInputHost.exe]

[Throw dll injection][27/06/2025 17:24:08][WildStr][msedgewebview2.exe]

[Throw dll injection][27/06/2025 17:24:08][WildStr][ApplicationFrameHost.exe]

[Throw dll injection][27/06/2025 17:24:08][WildStr][msedgewebview2.exe]

[Throw dll injection][27/06/2025 17:24:08][WildStr][SystemSettings.exe]

[Throw dll injection][27/06/2025 17:24:08][WildStr][msedgewebview2.exe]

[Throw dll injection][27/06/2025 17:24:08][WildStr][UserOOBEBroker.exe]

[Throw dll injection][27/06/2025 17:24:08][WildStr][msedgewebview2.exe]

[Throw dll injection][27/06/2025 17:24:08][WildStr][SearchApp.exe]

[Throw dll injection][27/06/2025 17:24:08][WildStr][msedgewebview2.exe]

[Throw dll injection][27/06/2025 17:24:08][WildStr][msedgewebview2.exe]

[Throw dll injection][27/06/2025 17:24:08][WildStr][msedgewebview2.exe]

[Throw dll injection][27/06/2025 17:24:08][WildStr][msedgewebview2.exe]

[Throw dll injection][27/06/2025 17:24:08][WildStr][FileCoAuth.exe]

[Throw dll injection][27/06/2025 17:24:08][WildStr][msedgewebview2.exe]

[Throw dll injection][27/06/2025 17:24:08][WildStr][svchost.exe]

[Throw dll injection][27/06/2025 17:24:08][WildStr][msedgewebview2.exe]

[Throw dll injection][27/06/2025 17:24:08][WildStr][msedge.exe]

[Throw dll injection][27/06/2025 17:24:08][WildStr][msedgewebview2.exe]

[Throw dll injection][27/06/2025 17:24:08][WildStr][msedge.exe]

[Throw dll injection][27/06/2025 17:24:08][WildStr][msedgewebview2.exe]

[Throw dll injection][27/06/2025 17:24:08][WildStr][msedge.exe]

[Throw dll injection][27/06/2025 17:24:08][WildStr][FileCoAuth.exe]

[Throw dll injection][27/06/2025 17:24:08][WildStr][msedge.exe]

[Throw dll injection][27/06/2025 17:24:08][WildStr][svchost.exe]

[Throw dll injection][27/06/2025 17:24:08][WildStr][msedge.exe]

[Throw dll injection][27/06/2025 17:24:08][WildStr][msedge.exe]

[Throw dll injection][27/06/2025 17:24:08][WildStr][svchost.exe]

[Throw dll injection][27/06/2025 17:24:08][WildStr][msedge.exe]

[Throw dll injection][27/06/2025 17:24:08][WildStr][svchost.exe]

[Throw dll injection][27/06/2025 17:24:08][WildStr][msedge.exe]

[Throw dll injection][27/06/2025 17:24:08][WildStr][svchost.exe]

[Throw dll injection][27/06/2025 17:24:08][WildStr][msedge.exe]

[Throw dll injection][27/06/2025 17:24:08][WildStr][dllhost.exe]

[Throw dll injection][27/06/2025 17:24:08][WildStr][msedge.exe]

[Throw dll injection][27/06/2025 17:24:08][WildStr][ShellExperienceHost.exe]

[Throw dll injection][27/06/2025 17:24:08][WildStr][svchost.exe]

[Throw dll injection][27/06/2025 17:24:08][WildStr][RuntimeBroker.exe]

[Throw dll injection][27/06/2025 17:24:08][WildStr][svchost.exe]

[Throw dll injection][27/06/2025 17:24:08][WildStr][powershell.exe]

[Throw dll injection][27/06/2025 17:24:08][WildStr][svchost.exe]

[Throw dll injection][27/06/2025 17:24:09][WildStr][conhost.exe]

[Throw dll injection][27/06/2025 17:24:09][WildStr][dllhost.exe]

[Throw dll injection][27/06/2025 17:24:09][WildStr][cmd.exe]

[Throw dll injection][27/06/2025 17:24:09][WildStr][ShellExperienceHost.exe]

[Throw dll injection][27/06/2025 17:24:09][WildStr][RuntimeBroker.exe]

[Throw dll injection][27/06/2025 17:24:09][WildStr][powershell.exe]

[Throw dll injection][27/06/2025 17:24:09][WildStr][Code.exe]

[Throw dll injection][27/06/2025 17:24:09][WildStr][conhost.exe]

[Throw dll injection][27/06/2025 17:24:09][WildStr][Code.exe]

[Throw dll injection][27/06/2025 17:24:09][WildStr][cmd.exe]

[Throw dll injection][27/06/2025 17:24:09][WildStr][Code.exe]

[Throw dll injection][27/06/2025 17:24:09][WildStr][conhost.exe]

[Throw dll injection][27/06/2025 17:24:09][WildStr][Code.exe]

[Throw dll injection][27/06/2025 17:24:09][WildStr][powershell.exe]

[Throw dll injection][27/06/2025 17:24:09][WildStr][Code.exe]

[Throw dll injection][27/06/2025 17:24:09][WildStr][Code.exe]

[Throw dll injection][27/06/2025 17:24:09][WildStr][Code.exe]

[Throw dll injection][27/06/2025 17:24:09][WildStr][Code.exe]

[Throw dll injection][27/06/2025 17:24:09][WildStr][Code.exe]

[Throw dll injection][27/06/2025 17:24:09][WildStr][Code.exe]

[Throw dll injection][27/06/2025 17:24:09][WildStr][Code.exe]

[Throw dll injection][27/06/2025 17:24:09][WildStr][Code.exe]

[Throw dll injection][27/06/2025 17:24:09][WildStr][cpptools.exe]

[Throw dll injection][27/06/2025 17:24:09][WildStr][Code.exe]

[Throw dll injection][27/06/2025 17:24:09][WildStr][conhost.exe]

[Throw dll injection][27/06/2025 17:24:09][WildStr][Code.exe]

[Throw dll injection][27/06/2025 17:24:09][WildStr][Code.exe]

[Throw dll injection][27/06/2025 17:24:09][WildStr][Code.exe]

[Throw dll injection][27/06/2025 17:24:09][WildStr][cpptools.exe]

[Throw dll injection][27/06/2025 17:24:09][WildStr][Code.exe]

[Throw dll injection][27/06/2025 17:24:09][WildStr][cpptools-srv.exe]

[Throw dll injection][27/06/2025 17:24:09][WildStr][cpptools.exe]

[Throw dll injection][27/06/2025 17:24:09][WildStr][conhost.exe]

[Throw dll injection][27/06/2025 17:24:09][WildStr][conhost.exe]

[Throw dll injection][27/06/2025 17:24:09][WildStr][Code.exe]

[Throw dll injection][27/06/2025 17:24:09][WildStr][svchost.exe]

[Throw dll injection][27/06/2025 17:24:09][WildStr][cpptools.exe]

[Throw dll injection][27/06/2025 17:24:09][WildStr][svchost.exe]

[Throw dll injection][27/06/2025 17:24:09][WildStr][Code.exe]

[Throw dll injection][27/06/2025 17:24:09][WildStr][cpptools-srv.exe]

[Throw dll injection][27/06/2025 17:24:09][WildStr][conhost.exe]

[Throw dll injection][27/06/2025 17:24:09][WildStr][powershell.exe]

[Throw dll injection][27/06/2025 17:24:09][WildStr][svchost.exe]

[Throw dll injection][27/06/2025 17:24:09][WildStr][vctip.exe]

[Throw dll injection][27/06/2025 17:24:09][WildStr][svchost.exe]

[Throw dll injection][27/06/2025 17:24:09][WildStr][cpptools-srv.exe]

[Throw dll injection][27/06/2025 17:24:09][WildStr][Code.exe]

[Throw dll injection][27/06/2025 17:24:09][WildStr][conhost.exe]

[Throw dll injection][27/06/2025 17:24:09][WildStr][conhost.exe]

[Throw dll injection][27/06/2025 17:24:09][WildStr][svchost.exe]

[Throw dll injection][27/06/2025 17:24:09][WildStr][powershell.exe]

[Throw dll injection][27/06/2025 17:24:09][WildStr][vctip.exe]

[Throw dll injection][27/06/2025 17:24:09][WildStr][smartscreen.exe]

[Throw dll injection][27/06/2025 17:24:09][WildStr][cpptools-srv.exe]

[Throw dll injection][27/06/2025 17:24:09][WildStr][conhost.exe]

[Throw dll injection][27/06/2025 17:24:09][WildStr][Taskmgr.exe]

[Throw dll injection][27/06/2025 17:24:09][WildStr][svchost.exe]

[Throw dll injection][27/06/2025 17:24:09][WildStr][smartscreen.exe]

[Throw dll injection][27/06/2025 17:24:09][WildStr][conhost.exe]

[Throw dll injection][27/06/2025 17:24:09][WildStr][Taskmgr.exe]

[Throw dll injection][27/06/2025 17:24:09][WildStr][conhost.exe]

[Throw dll injection][27/06/2025 17:24:09][WildStr][powershell.exe]

[Throw dll injection][27/06/2025 17:24:09][WildStr][powershell.exe]

[Throw dll injection][27/06/2025 17:24:09][WildStr][System]

[Throw dll injection][27/06/2025 17:24:09][WildStr][Registry]

[Throw dll injection][27/06/2025 17:24:09][WildStr][Registry]

[Throw dll injection][27/06/2025 17:24:09][WildStr][smss.exe]

[Throw dll injection][27/06/2025 17:24:09][WildStr][smss.exe]

[Throw dll injection][27/06/2025 17:24:09][WildStr][csrss.exe]

[Throw dll injection][27/06/2025 17:24:09][WildStr][csrss.exe]

[Throw dll injection][27/06/2025 17:24:09][WildStr][wininit.exe]

[Throw dll injection][27/06/2025 17:24:09][WildStr][wininit.exe]

[Throw dll injection][27/06/2025 17:24:09][WildStr][csrss.exe]

[Throw dll injection][27/06/2025 17:24:09][WildStr][csrss.exe]

[Throw dll injection][27/06/2025 17:24:09][WildStr][winlogon.exe]

[Throw dll injection][27/06/2025 17:24:09][WildStr][winlogon.exe]

[Throw dll injection][27/06/2025 17:24:09][WildStr][services.exe]

[Throw dll injection][27/06/2025 17:24:09][WildStr][lsass.exe]
]

[Throw dll injection][27/06/2025 17:24:09][WildStr][lsass.exe]

[Throw dll injection][27/06/2025 17:24:09][WildStr][svchost.exe]

[Throw dll injection][27/06/2025 17:24:09][WildStr][svchost.exe]

[Throw dll injection][27/06/2025 17:24:09][WildStr][fontdrvhost.exe]

[Throw dll injection][27/06/2025 17:24:09][WildStr][fontdrvhost.exe]

[Throw dll injection][27/06/2025 17:24:09][WildStr][fontdrvhost.exe]

[Throw dll injection][27/06/2025 17:24:09][WildStr][fontdrvhost.exe]

[Throw dll injection][27/06/2025 17:24:09][WildStr][svchost.exe]

[Throw dll injection][27/06/2025 17:24:09][WildStr][svchost.exe]

[Throw dll injection][27/06/2025 17:24:09][WildStr][svchost.exe]

[Throw dll injection][27/06/2025 17:24:09][WildStr][svchost.exe]

[Throw dll injection][27/06/2025 17:24:09][WildStr][dwm.exe]

[Throw dll injection][27/06/2025 17:24:09][WildStr][dwm.exe]

[Throw dll injection][27/06/2025 17:24:09][WildStr][svchost.exe]

[Throw dll injection][27/06/2025 17:24:09][WildStr][svchost.exe]

[Throw dll injection][27/06/2025 17:24:09][WildStr][svchost.exe]

[Throw dll injection][27/06/2025 17:24:09][WildStr][svchost.exe]

[Throw dll injection][27/06/2025 17:24:09][WildStr][svchost.exe]

[Throw dll injection][27/06/2025 17:24:09][WildStr][svchost.exe]

[Throw dll injection][27/06/2025 17:24:09][WildStr][svchost.exe]

[Throw dll injection][27/06/2025 17:24:09][WildStr][svchost.exe]

[Throw dll injection][27/06/2025 17:24:09][WildStr][svchost.exe]

[Throw dll injection][27/06/2025 17:24:09][WildStr][svchost.exe]

[Throw dll injection][27/06/2025 17:24:09][WildStr][svchost.exe]

[Throw dll injection][27/06/2025 17:24:10][WildStr][svchost.exe]

[Throw dll injection][27/06/2025 17:24:10][WildStr][svchost.exe]

[Throw dll injection][27/06/2025 17:24:10][WildStr][svchost.exe]

[Throw dll injection][27/06/2025 17:24:10][WildStr][svchost.exe]

[Throw dll injection][27/06/2025 17:24:10][WildStr][svchost.exe]

[Throw dll injection][27/06/2025 17:24:10][WildStr][svchost.exe]

[Throw dll injection][27/06/2025 17:24:10][WildStr][svchost.exe]

[Throw dll injection][27/06/2025 17:24:10][WildStr][svchost.exe]

[Throw dll injection][27/06/2025 17:24:10][WildStr][svchost.exe]

[Throw dll injection][27/06/2025 17:24:10][WildStr][svchost.exe]

[Throw dll injection][27/06/2025 17:24:10][WildStr][svchost.exe]

[Throw dll injection][27/06/2025 17:24:10][WildStr][svchost.exe]

[Throw dll injection][27/06/2025 17:24:10][WildStr][svchost.exe]

[Throw dll injection][27/06/2025 17:24:10][WildStr][svchost.exe]

[Throw dll injection][27/06/2025 17:24:10][WildStr][VBoxService.exe]

[Throw dll injection][27/06/2025 17:24:10][WildStr][VBoxService.exe]

[Throw dll injection][27/06/2025 17:24:10][WildStr][svchost.exe]

[Throw dll injection][27/06/2025 17:24:10][WildStr][svchost.exe]

[Throw dll injection][27/06/2025 17:24:10][WildStr][svchost.exe]

[Throw dll injection][27/06/2025 17:24:10][WildStr][svchost.exe]

[Throw dll injection][27/06/2025 17:24:10][WildStr][svchost.exe]

[Throw dll injection][27/06/2025 17:24:10][WildStr][svchost.exe]

[Throw dll injection][27/06/2025 17:24:10][WildStr][svchost.exe]

[Throw dll injection][27/06/2025 17:24:10][WildStr][svchost.exe]

[Throw dll injection][27/06/2025 17:24:10][WildStr][svchost.exe]

[Throw dll injection][27/06/2025 17:24:10][WildStr][svchost.exe]

[Throw dll injection][27/06/2025 17:24:10][WildStr][svchost.exe]

[Throw dll injection][27/06/2025 17:24:10][WildStr][svchost.exe]

[Throw dll injection][27/06/2025 17:24:10][WildStr][Memory Compression]

[Throw dll injection][27/06/2025 17:24:10][WildStr][Memory Compression]

[Throw dll injection][27/06/2025 17:24:10][WildStr][svchost.exe]

[Throw dll injection][27/06/2025 17:24:10][WildStr][svchost.exe]

[Throw dll injection][27/06/2025 17:24:10][WildStr][svchost.exe]

[Throw dll injection][27/06/2025 17:24:10][WildStr][svchost.exe]

[Throw dll injection][27/06/2025 17:24:10][WildStr][svchost.exe]

[Throw dll injection][27/06/2025 17:24:10][WildStr][svchost.exe]

[Throw dll injection][27/06/2025 17:24:10][WildStr][svchost.exe]

[Throw dll injection][27/06/2025 17:24:10][WildStr][svchost.exe]

[Throw dll injection][27/06/2025 17:24:10][WildStr][svchost.exe]

[Throw dll injection][27/06/2025 17:24:10][WildStr][svchost.exe]

[Throw dll injection][27/06/2025 17:24:10][WildStr][svchost.exe]

[Throw dll injection][27/06/2025 17:24:10][WildStr][svchost.exe]

[Throw dll injection][27/06/2025 17:24:10][WildStr][svchost.exe]

[Throw dll injection][27/06/2025 17:24:10][WildStr][svchost.exe]

[Throw dll injection][27/06/2025 17:24:10][WildStr][svchost.exe]

[Throw dll injection][27/06/2025 17:24:10][WildStr][svchost.exe]

[Throw dll injection][27/06/2025 17:24:10][WildStr][spoolsv.exe]

[Throw dll injection][27/06/2025 17:24:10][WildStr][spoolsv.exe]

[Throw dll injection][27/06/2025 17:24:10][WildStr][svchost.exe]

[Throw dll injection][27/06/2025 17:24:10][WildStr][svchost.exe]

[Throw dll injection][27/06/2025 17:24:10][WildStr][svchost.exe]

[Throw dll injection][27/06/2025 17:24:10][WildStr][svchost.exe]

[Throw dll injection][27/06/2025 17:24:10][WildStr][svchost.exe]

[Throw dll injection][27/06/2025 17:24:10][WildStr][svchost.exe]

[Throw dll injection][27/06/2025 17:24:10][WildStr][svchost.exe]

[Throw dll injection][27/06/2025 17:24:10][WildStr][svchost.exe]

[Throw dll injection][27/06/2025 17:24:10][WildStr][ssh-agent.exe]

[Throw dll injection][27/06/2025 17:24:10][WildStr][ssh-agent.exe]

[Throw dll injection][27/06/2025 17:24:10][WildStr][sshd.exe]

[Throw dll injection][27/06/2025 17:24:10][WildStr][sshd.exe]

[Throw dll injection][27/06/2025 17:24:10][WildStr][svchost.exe]

[Throw dll injection][27/06/2025 17:24:10][WildStr][svchost.exe]

[Throw dll injection][27/06/2025 17:24:10][WildStr][svchost.exe]

[Throw dll injection][27/06/2025 17:24:10][WildStr][svchost.exe]

[Throw dll injection][27/06/2025 17:24:10][WildStr][svchost.exe]

[Throw dll injection][27/06/2025 17:24:10][WildStr][svchost.exe]

[Throw dll injection][27/06/2025 17:24:10][WildStr][svchost.exe]

[Throw dll injection][27/06/2025 17:24:10][WildStr][svchost.exe]

[Throw dll injection][27/06/2025 17:24:10][WildStr][svchost.exe]

[Throw dll injection][27/06/2025 17:24:10][WildStr][svchost.exe]

[Throw dll injection][27/06/2025 17:24:10][WildStr][svchost.exe]

[Throw dll injection][27/06/2025 17:24:10][WildStr][svchost.exe]

[Throw dll injection][27/06/2025 17:24:10][WildStr][svchost.exe]

[Throw dll injection][27/06/2025 17:24:10][WildStr][svchost.exe]

[Throw dll injection][27/06/2025 17:24:10][WildStr][svchost.exe]

[Throw dll injection][27/06/2025 17:24:10][WildStr][svchost.exe]

[Throw dll injection][27/06/2025 17:24:10][WildStr][svchost.exe]

[Throw dll injection][27/06/2025 17:24:10][WildStr][svchost.exe]

[Throw dll injection][27/06/2025 17:24:10][WildStr][MpDefenderCoreService.exe]

[Throw dll injection][27/06/2025 17:24:10][WildStr][MpDefenderCoreService.exe]

[Throw dll injection][27/06/2025 17:24:10][WildStr][MsMpEng.exe]

[Throw dll injection][27/06/2025 17:24:10][WildStr][MsMpEng.exe]

[Throw dll injection][27/06/2025 17:24:10][WildStr][SearchIndexer.exe]

[Throw dll injection][27/06/2025 17:24:10][WildStr][SearchIndexer.exe]

[Throw dll injection][27/06/2025 17:24:10][WildStr][AggregatorHost.exe]

[Throw dll injection][27/06/2025 17:24:10][WildStr][dllhost.exe]
.exe]

[Throw dll injection][27/06/2025 17:24:10][WildStr][dllhost.exe]

[Throw dll injection][27/06/2025 17:24:10][WildStr][svchost.exe]

[Throw dll injection][27/06/2025 17:24:10][WildStr][NisSrv.exe]


[Throw dll injection][27/06/2025 17:24:10][WildStr][NisSrv.exe]

[Throw dll injection][27/06/2025 17:24:10][WildStr][svchost.exe]

[Throw dll injection][27/06/2025 17:24:10][WildStr][sihost.exe]

[Throw dll injection][27/06/2025 17:24:10][WildStr][svchost.exe]

[Throw dll injection][27/06/2025 17:24:10][WildStr][svchost.exe]

[Throw dll injection][27/06/2025 17:24:10][WildStr][taskhostw.exe]

[Throw dll injection][27/06/2025 17:24:10][WildStr][svchost.exe]

[Throw dll injection][27/06/2025 17:24:10][WildStr][MicrosoftEdgeUpdate.exe]

[Throw dll injection][27/06/2025 17:24:10][WildStr][taskhostw.exe]

[Throw dll injection][27/06/2025 17:24:10][WildStr][svchost.exe]

[Throw dll injection][27/06/2025 17:24:10][WildStr][MicrosoftEdgeUpdate.exe]

[Throw dll injection][27/06/2025 17:24:10][WildStr][ctfmon.exe]

[Throw dll injection][27/06/2025 17:24:10][WildStr][svchost.exe]

[Throw dll injection][27/06/2025 17:24:10][WildStr][svchost.exe]

[Throw dll injection][27/06/2025 17:24:10][WildStr][ctfmon.exe]

[Throw dll injection][27/06/2025 17:24:10][WildStr][svchost.exe]

[Throw dll injection][27/06/2025 17:24:10][WildStr][svchost.exe]

[Throw dll injection][27/06/2025 17:24:10][WildStr][explorer.exe]

[Throw dll injection][27/06/2025 17:24:10][WildStr][svchost.exe]

[Throw dll injection][27/06/2025 17:24:10][WildStr][svchost.exe]

[Throw dll injection][27/06/2025 17:24:10][WildStr][explorer.exe]

[Throw dll injection][27/06/2025 17:24:10][WildStr][StartMenuExperienceHost.exe]

[Throw dll injection][27/06/2025 17:24:10][WildStr][svchost.exe]

[Throw dll injection][27/06/2025 17:24:10][WildStr][RuntimeBroker.exe]

[Throw dll injection][27/06/2025 17:24:10][WildStr][StartMenuExperienceHost.exe]

[Throw dll injection][27/06/2025 17:24:10][WildStr][SearchApp.exe]

[Throw dll injection][27/06/2025 17:24:10][WildStr][RuntimeBroker.exe]

[Throw dll injection][27/06/2025 17:24:10][WildStr][svchost.exe]

[Throw dll injection][27/06/2025 17:24:10][WildStr][SearchApp.exe]

[Throw dll injection][27/06/2025 17:24:10][WildStr][RuntimeBroker.exe]

[Throw dll injection][27/06/2025 17:24:10][WildStr][svchost.exe]

[Throw dll injection][27/06/2025 17:24:10][WildStr][RuntimeBroker.exe]

[Throw dll injection][27/06/2025 17:24:10][WildStr][RuntimeBroker.exe]

[Throw dll injection][27/06/2025 17:24:10][WildStr][svchost.exe]

[Throw dll injection][27/06/2025 17:24:10][WildStr][RuntimeBroker.exe]

[Throw dll injection][27/06/2025 17:24:10][WildStr][SecurityHealthSystray.exe]

[Throw dll injection][27/06/2025 17:24:10][WildStr][svchost.exe]

[Throw dll injection][27/06/2025 17:24:10][WildStr][SecurityHealthService.exe]

[Throw dll injection][27/06/2025 17:24:10][WildStr][SecurityHealthSystray.exe]

[Throw dll injection][27/06/2025 17:24:10][WildStr][VBoxTray.exe]

[Throw dll injection][27/06/2025 17:24:10][WildStr][SecurityHealthService.exe]

[Throw dll injection][27/06/2025 17:24:10][WildStr][OneDrive.exe]

[Throw dll injection][27/06/2025 17:24:10][WildStr][VBoxTray.exe]

[Throw dll injection][27/06/2025 17:24:10][WildStr][svchost.exe]

[Throw dll injection][27/06/2025 17:24:10][WildStr][OneDrive.exe]

[Throw dll injection][27/06/2025 17:24:10][WildStr][svchost.exe]

[Throw dll injection][27/06/2025 17:24:10][WildStr][svchost.exe]

[Throw dll injection][27/06/2025 17:24:10][WildStr][svchost.exe]

[Throw dll injection][27/06/2025 17:24:10][WildStr][svchost.exe]

[Throw dll injection][27/06/2025 17:24:10][WildStr][svchost.exe]

[Throw dll injection][27/06/2025 17:24:10][WildStr][svchost.exe]

[Throw dll injection][27/06/2025 17:24:10][WildStr][svchost.exe]

[Throw dll injection][27/06/2025 17:24:10][WildStr][svchost.exe]

[Throw dll injection][27/06/2025 17:24:10][WildStr][svchost.exe]

[Throw dll injection][27/06/2025 17:24:10][WildStr][svchost.exe]

[Throw dll injection][27/06/2025 17:24:10][WildStr][TextInputHost.exe]

[Throw dll injection][27/06/2025 17:24:10][WildStr][svchost.exe]

[Throw dll injection][27/06/2025 17:24:10][WildStr][ApplicationFrameHost.exe]

[Throw dll injection][27/06/2025 17:24:10][WildStr][TextInputHost.exe]

[Throw dll injection][27/06/2025 17:24:10][WildStr][SystemSettings.exe]

[Throw dll injection][27/06/2025 17:24:10][WildStr][ApplicationFrameHost.exe]

[Throw dll injection][27/06/2025 17:24:10][WildStr][UserOOBEBroker.exe]

[Throw dll injection][27/06/2025 17:24:10][WildStr][SystemSettings.exe]

[Throw dll injection][27/06/2025 17:24:10][WildStr][SearchApp.exe]

[Throw dll injection][27/06/2025 17:24:10][WildStr][UserOOBEBroker.exe]

[Throw dll injection][27/06/2025 17:24:10][WildStr][msedgewebview2.exe]

[Throw dll injection][27/06/2025 17:24:10][WildStr][SearchApp.exe]

[Throw dll injection][27/06/2025 17:24:10][WildStr][msedgewebview2.exe]

[Throw dll injection][27/06/2025 17:24:10][WildStr][msedgewebview2.exe]

[Throw dll injection][27/06/2025 17:24:10][WildStr][msedgewebview2.exe]

[Throw dll injection][27/06/2025 17:24:10][WildStr][msedgewebview2.exe]

[Throw dll injection][27/06/2025 17:24:10][WildStr][msedgewebview2.exe]

[Throw dll injection][27/06/2025 17:24:10][WildStr][msedgewebview2.exe]

[Throw dll injection][27/06/2025 17:24:10][WildStr][msedgewebview2.exe]

[Throw dll injection][27/06/2025 17:24:10][WildStr][msedgewebview2.exe]

[Throw dll injection][27/06/2025 17:24:10][WildStr][msedgewebview2.exe]

[Throw dll injection][27/06/2025 17:24:10][WildStr][msedgewebview2.exe]

[Throw dll injection][27/06/2025 17:24:10][WildStr][FileCoAuth.exe]

[Throw dll injection][27/06/2025 17:24:10][WildStr][msedgewebview2.exe]

[Throw dll injection][27/06/2025 17:24:10][WildStr][svchost.exe]

[Throw dll injection][27/06/2025 17:24:10][WildStr][FileCoAuth.exe]

[Throw dll injection][27/06/2025 17:24:10][WildStr][msedge.exe]

[Throw dll injection][27/06/2025 17:24:10][WildStr][svchost.exe]

[Throw dll injection][27/06/2025 17:24:10][WildStr][msedge.exe]

[Throw dll injection][27/06/2025 17:24:10][WildStr][msedge.exe]

[Throw dll injection][27/06/2025 17:24:10][WildStr][msedge.exe]

[Throw dll injection][27/06/2025 17:24:10][WildStr][msedge.exe]

[Throw dll injection][27/06/2025 17:24:10][WildStr][msedge.exe]

[Throw dll injection][27/06/2025 17:24:10][WildStr][msedge.exe]

[Throw dll injection][27/06/2025 17:24:10][WildStr][msedge.exe]

[Throw dll injection][27/06/2025 17:24:10][WildStr][msedge.exe]

[Throw dll injection][27/06/2025 17:24:10][WildStr][svchost.exe]

[Throw dll injection][27/06/2025 17:24:10][WildStr][msedge.exe]

[Throw dll injection][27/06/2025 17:24:10][WildStr][svchost.exe]

[Throw dll injection][27/06/2025 17:24:10][WildStr][svchost.exe]

[Throw dll injection][27/06/2025 17:24:10][WildStr][svchost.exe]

[Throw dll injection][27/06/2025 17:24:10][WildStr][svchost.exe]

[Throw dll injection][27/06/2025 17:24:10][WildStr][dllhost.exe]

[Throw dll injection][27/06/2025 17:24:10][WildStr][svchost.exe]

[Throw dll injection][27/06/2025 17:24:10][WildStr][ShellExperienceHost.exe]

[Throw dll injection][27/06/2025 17:24:10][WildStr][dllhost.exe]

[Throw dll injection][27/06/2025 17:24:10][WildStr][RuntimeBroker.exe]

[Throw dll injection][27/06/2025 17:24:10][WildStr][ShellExperienceHost.exe]

[Throw dll injection][27/06/2025 17:24:10][WildStr][powershell.exe]

[Throw dll injection][27/06/2025 17:24:10][WildStr][RuntimeBroker.exe]

[Throw dll injection][27/06/2025 17:24:10][WildStr][conhost.exe]

[Throw dll injection][27/06/2025 17:24:10][WildStr][powershell.exe]

[Throw dll injection][27/06/2025 17:24:10][WildStr][cmd.exe]

[Throw dll injection][27/06/2025 17:24:10][WildStr][conhost.exe]

[Throw dll injection][27/06/2025 17:24:10][WildStr][conhost.exe]

[Throw dll injection][27/06/2025 17:24:10][WildStr][cmd.exe]

[Throw dll injection][27/06/2025 17:24:10][WildStr][powershell.exe]

[Throw dll injection][27/06/2025 17:24:10][WildStr][conhost.exe]

[Throw dll injection][27/06/2025 17:24:10][WildStr][Code.exe]

[Throw dll injection][27/06/2025 17:24:10][WildStr][powershell.exe]

[Throw dll injection][27/06/2025 17:24:10][WildStr][Code.exe]

[Throw dll injection][27/06/2025 17:24:10][WildStr][Code.exe]

[Throw dll injection][27/06/2025 17:24:10][WildStr][Code.exe]

[Throw dll injection][27/06/2025 17:24:10][WildStr][Code.exe]

[Throw dll injection][27/06/2025 17:24:10][WildStr][Code.exe]

[Throw dll injection][27/06/2025 17:24:10][WildStr][Code.exe]

[Throw dll injection][27/06/2025 17:24:10][WildStr][Code.exe]

[Throw dll injection][27/06/2025 17:24:10][WildStr][Code.exe]

[Throw dll injection][27/06/2025 17:24:10][WildStr][Code.exe]

[Throw dll injection][27/06/2025 17:24:10][WildStr][Code.exe]

[Throw dll injection][27/06/2025 17:24:10][WildStr][Code.exe]

[Throw dll injection][27/06/2025 17:24:10][WildStr][Code.exe]

[Throw dll injection][27/06/2025 17:24:10][WildStr][Code.exe]

[Throw dll injection][27/06/2025 17:24:10][WildStr][Code.exe]

[Throw dll injection][27/06/2025 17:24:10][WildStr][cpptools.exe]

[Throw dll injection][27/06/2025 17:24:10][WildStr][Code.exe]

[Throw dll injection][27/06/2025 17:24:10][WildStr][conhost.exe]

[Throw dll injection][27/06/2025 17:24:10][WildStr][cpptools.exe]

[Throw dll injection][27/06/2025 17:24:10][WildStr][Code.exe]

[Throw dll injection][27/06/2025 17:24:10][WildStr][conhost.exe]

[Throw dll injection][27/06/2025 17:24:10][WildStr][cpptools.exe]

[Throw dll injection][27/06/2025 17:24:10][WildStr][Code.exe]

[Throw dll injection][27/06/2025 17:24:10][WildStr][cpptools-srv.exe]

[Throw dll injection][27/06/2025 17:24:10][WildStr][cpptools.exe]

[Throw dll injection][27/06/2025 17:24:10][WildStr][conhost.exe]

[Throw dll injection][27/06/2025 17:24:10][WildStr][cpptools-srv.exe]

[Throw dll injection][27/06/2025 17:24:10][WildStr][svchost.exe]

[Throw dll injection][27/06/2025 17:24:10][WildStr][conhost.exe]

[Throw dll injection][27/06/2025 17:24:10][WildStr][svchost.exe]

[Throw dll injection][27/06/2025 17:24:10][WildStr][svchost.exe]

[Throw dll injection][27/06/2025 17:24:10][WildStr][Code.exe]

[Throw dll injection][27/06/2025 17:24:10][WildStr][svchost.exe]

[Throw dll injection][27/06/2025 17:24:10][WildStr][conhost.exe]

[Throw dll injection][27/06/2025 17:24:10][WildStr][Code.exe]

[Throw dll injection][27/06/2025 17:24:10][WildStr][powershell.exe]

[Throw dll injection][27/06/2025 17:24:10][WildStr][conhost.exe]

[Throw dll injection][27/06/2025 17:24:10][WildStr][vctip.exe]

[Throw dll injection][27/06/2025 17:24:10][WildStr][powershell.exe]

[Throw dll injection][27/06/2025 17:24:10][WildStr][cpptools-srv.exe]

[Throw dll injection][27/06/2025 17:24:10][WildStr][vctip.exe]

[Throw dll injection][27/06/2025 17:24:10][WildStr][conhost.exe]

[Throw dll injection][27/06/2025 17:24:10][WildStr][cpptools-srv.exe]

[Throw dll injection][27/06/2025 17:24:10][WildStr][svchost.exe]

[Throw dll injection][27/06/2025 17:24:10][WildStr][smartscreen.exe]

[Throw dll injection][27/06/2025 17:24:10][WildStr][svchost.exe]

[Throw dll injection][27/06/2025 17:24:10][WildStr][Taskmgr.exe]

[Throw dll injection][27/06/2025 17:24:10][WildStr][smartscreen.exe]

[Throw dll injection][27/06/2025 17:24:10][WildStr][conhost.exe]

[Throw dll injection][27/06/2025 17:24:10][WildStr][Taskmgr.exe]

[Throw dll injection][27/06/2025 17:24:10][WildStr][powershell.exe]

[Throw dll injection][27/06/2025 17:24:10][WildStr][conhost.exe]

[Throw dll injection][27/06/2025 17:24:10][WildStr][powershell.exe]

[Throw dll injection][27/06/2025 17:24:10][WildStr][System]

[Throw dll injection][27/06/2025 17:24:10][WildStr][Registry]

[Throw dll injection][27/06/2025 17:24:10][WildStr][Registry]

[Throw dll injection][27/06/2025 17:24:10][WildStr][smss.exe]

[Throw dll injection][27/06/2025 17:24:10][WildStr][smss.exe]

[Throw dll injection][27/06/2025 17:24:10][WildStr][csrss.exe]

[Throw dll injection][27/06/2025 17:24:10][WildStr][csrss.exe]

[Throw dll injection][27/06/2025 17:24:10][WildStr][wininit.exe]

[Throw dll injection][27/06/2025 17:24:10][WildStr][wininit.exe]

[Throw dll injection][27/06/2025 17:24:10][WildStr][csrss.exe]

[Throw dll injection][27/06/2025 17:24:10][WildStr][csrss.exe]

[Throw dll injection][27/06/2025 17:24:10][WildStr][winlogon.exe]

[Throw dll injection][27/06/2025 17:24:10][WildStr][services.exe]

[Throw dll injection][27/06/2025 17:24:10][WildStr][services.exe]

[Throw dll injection][27/06/2025 17:24:10][WildStr][lsass.exe]

[Throw dll injection][27/06/2025 17:24:10][WildStr][lsass.exe]

[Throw dll injection][27/06/2025 17:24:10][WildStr][svchost.exe]

[Throw dll injection][27/06/2025 17:24:10][WildStr][svchost.exe]

[Throw dll injection][27/06/2025 17:24:10][WildStr][fontdrvhost.exe]

[Throw dll injection][27/06/2025 17:24:10][WildStr][fontdrvhost.exe]

[Throw dll injection][27/06/2025 17:24:10][WildStr][fontdrvhost.exe]

[Throw dll injection][27/06/2025 17:24:10][WildStr][fontdrvhost.exe]

[Throw dll injection][27/06/2025 17:24:10][WildStr][svchost.exe]

[Throw dll injection][27/06/2025 17:24:10][WildStr][svchost.exe]

[Throw dll injection][27/06/2025 17:24:10][WildStr][svchost.exe]

[Throw dll injection][27/06/2025 17:24:10][WildStr][dwm.exe]

[Throw dll injection][27/06/2025 17:24:10][WildStr][dwm.exe]

[Throw dll injection][27/06/2025 17:24:10][WildStr][svchost.exe]

[Throw dll injection][27/06/2025 17:24:10][WildStr][svchost.exe]

[Throw dll injection][27/06/2025 17:24:10][WildStr][svchost.exe]

[Throw dll injection][27/06/2025 17:24:10][WildStr][svchost.exe]

[Throw dll injection][27/06/2025 17:24:10][WildStr][svchost.exe]

[Throw dll injection][27/06/2025 17:24:10][WildStr][svchost.exe]

[Throw dll injection][27/06/2025 17:24:10][WildStr][svchost.exe]

[Throw dll injection][27/06/2025 17:24:10][WildStr][svchost.exe]

[Throw dll injection][27/06/2025 17:24:10][WildStr][svchost.exe]

[Throw dll injection][27/06/2025 17:24:10][WildStr][svchost.exe]

[Throw dll injection][27/06/2025 17:24:10][WildStr][svchost.exe]

[Throw dll injection][27/06/2025 17:24:10][WildStr][svchost.exe]

[Throw dll injection][27/06/2025 17:24:10][WildStr][svchost.exe]

[Throw dll injection][27/06/2025 17:24:10][WildStr][svchost.exe]

[Throw dll injection][27/06/2025 17:24:10][WildStr][svchost.exe]

[Throw dll injection][27/06/2025 17:24:10][WildStr][svchost.exe]

[Throw dll injection][27/06/2025 17:24:10][WildStr][svchost.exe]

[Throw dll injection][27/06/2025 17:24:10][WildStr][svchost.exe]

[Throw dll injection][27/06/2025 17:24:11][WildStr][svchost.exe]

[Throw dll injection][27/06/2025 17:24:11][WildStr][svchost.exe]

[Throw dll injection][27/06/2025 17:24:11][WildStr][svchost.exe]

[Throw dll injection][27/06/2025 17:24:11][WildStr][svchost.exe]

[Throw dll injection][27/06/2025 17:24:11][WildStr][svchost.exe]

[Throw dll injection][27/06/2025 17:24:11][WildStr][svchost.exe]

[Throw dll injection][27/06/2025 17:24:11][WildStr][svchost.exe]

[Throw dll injection][27/06/2025 17:24:11][WildStr][svchost.exe]

[Throw dll injection][27/06/2025 17:24:11][WildStr][VBoxService.exe]

[Throw dll injection][27/06/2025 17:24:11][WildStr][VBoxService.exe]

[Throw dll injection][27/06/2025 17:24:11][WildStr][svchost.exe]

[Throw dll injection][27/06/2025 17:24:11][WildStr][svchost.exe]

[Throw dll injection][27/06/2025 17:24:11][WildStr][svchost.exe]

[Throw dll injection][27/06/2025 17:24:11][WildStr][svchost.exe]

[Throw dll injection][27/06/2025 17:24:11][WildStr][svchost.exe]

[Throw dll injection][27/06/2025 17:24:11][WildStr][svchost.exe]

[Throw dll injection][27/06/2025 17:24:11][WildStr][svchost.exe]

[Throw dll injection][27/06/2025 17:24:11][WildStr][svchost.exe]

[Throw dll injection][27/06/2025 17:24:11][WildStr][svchost.exe]

[Throw dll injection][27/06/2025 17:24:11][WildStr][svchost.exe]

[Throw dll injection][27/06/2025 17:24:11][WildStr][svchost.exe]

[Throw dll injection][27/06/2025 17:24:11][WildStr][svchost.exe]

[Throw dll injection][27/06/2025 17:24:11][WildStr][Memory Compression]

[Throw dll injection][27/06/2025 17:24:11][WildStr][Memory Compression]

[Throw dll injection][27/06/2025 17:24:11][WildStr][svchost.exe]

[Throw dll injection][27/06/2025 17:24:11][WildStr][svchost.exe]

[Throw dll injection][27/06/2025 17:24:11][WildStr][svchost.exe]

[Throw dll injection][27/06/2025 17:24:11][WildStr][svchost.exe]

[Throw dll injection][27/06/2025 17:24:11][WildStr][svchost.exe]

[Throw dll injection][27/06/2025 17:24:11][WildStr][svchost.exe]

[Throw dll injection][27/06/2025 17:24:11][WildStr][svchost.exe]

[Throw dll injection][27/06/2025 17:24:11][WildStr][svchost.exe]

[Throw dll injection][27/06/2025 17:24:11][WildStr][svchost.exe]

[Throw dll injection][27/06/2025 17:24:11][WildStr][svchost.exe]

[Throw dll injection][27/06/2025 17:24:11][WildStr][svchost.exe]

[Throw dll injection][27/06/2025 17:24:11][WildStr][svchost.exe]

[Throw dll injection][27/06/2025 17:24:11][WildStr][svchost.exe]

[Throw dll injection][27/06/2025 17:24:11][WildStr][svchost.exe]

[Throw dll injection][27/06/2025 17:24:11][WildStr][svchost.exe]

[Throw dll injection][27/06/2025 17:24:11][WildStr][svchost.exe]

[Throw dll injection][27/06/2025 17:24:11][WildStr][spoolsv.exe]

[Throw dll injection][27/06/2025 17:24:11][WildStr][spoolsv.exe]

[Throw dll injection][27/06/2025 17:24:11][WildStr][svchost.exe]

[Throw dll injection][27/06/2025 17:24:11][WildStr][svchost.exe]

[Throw dll injection][27/06/2025 17:24:11][WildStr][svchost.exe]

[Throw dll injection][27/06/2025 17:24:11][WildStr][svchost.exe]

[Throw dll injection][27/06/2025 17:24:11][WildStr][svchost.exe]

[Throw dll injection][27/06/2025 17:24:11][WildStr][svchost.exe]

[Throw dll injection][27/06/2025 17:24:11][WildStr][svchost.exe]

[Throw dll injection][27/06/2025 17:24:11][WildStr][svchost.exe]

[Throw dll injection][27/06/2025 17:24:11][WildStr][ssh-agent.exe]

[Throw dll injection][27/06/2025 17:24:11][WildStr][ssh-agent.exe]

[Throw dll injection][27/06/2025 17:24:11][WildStr][sshd.exe]

[Throw dll injection][27/06/2025 17:24:11][WildStr][sshd.exe]

[Throw dll injection][27/06/2025 17:24:11][WildStr][svchost.exe]

[Throw dll injection][27/06/2025 17:24:11][WildStr][svchost.exe]

[Throw dll injection][27/06/2025 17:24:11][WildStr][svchost.exe]

[Throw dll injection][27/06/2025 17:24:11][WildStr][svchost.exe]

[Throw dll injection][27/06/2025 17:24:11][WildStr][svchost.exe]

[Throw dll injection][27/06/2025 17:24:11][WildStr][svchost.exe]

[Throw dll injection][27/06/2025 17:24:11][WildStr][svchost.exe]

[Throw dll injection][27/06/2025 17:24:11][WildStr][svchost.exe]

[Throw dll injection][27/06/2025 17:24:11][WildStr][svchost.exe]

[Throw dll injection][27/06/2025 17:24:11][WildStr][svchost.exe]

[Throw dll injection][27/06/2025 17:24:11][WildStr][svchost.exe]

[Throw dll injection][27/06/2025 17:24:11][WildStr][svchost.exe]

[Throw dll injection][27/06/2025 17:24:11][WildStr][svchost.exe]

[Throw dll injection][27/06/2025 17:24:11][WildStr][svchost.exe]

[Throw dll injection][27/06/2025 17:24:11][WildStr][svchost.exe]

[Throw dll injection][27/06/2025 17:24:11][WildStr][svchost.exe]

[Throw dll injection][27/06/2025 17:24:11][WildStr][svchost.exe]

[Throw dll injection][27/06/2025 17:24:11][WildStr][svchost.exe]

[Throw dll injection][27/06/2025 17:24:11][WildStr][MpDefenderCoreService.exe]

[Throw dll injection][27/06/2025 17:24:11][WildStr][MpDefenderCoreService.exe]

[Throw dll injection][27/06/2025 17:24:11][WildStr][MsMpEng.exe]

[Throw dll injection][27/06/2025 17:24:11][WildStr][MsMpEng.exe]

[Throw dll injection][27/06/2025 17:24:11][WildStr][SearchIndexer.exe]

[Throw dll injection][27/06/2025 17:24:11][WildStr][SearchIndexer.exe]

[Throw dll injection][27/06/2025 17:24:11][WildStr][AggregatorHost.exe]

[Throw dll injection][27/06/2025 17:24:11][WildStr][AggregatorHost.exe]

[Throw dll injection][27/06/2025 17:24:11][WildStr][dllhost.exe]

[Throw dll injection][27/06/2025 17:24:11][WildStr][dllhost.exe]

[Throw dll injection][27/06/2025 17:24:11][WildStr][svchost.exe]

[Throw dll injection][27/06/2025 17:24:11][WildStr][svchost.exe]

[Throw dll injection][27/06/2025 17:24:11][WildStr][NisSrv.exe]

[Throw dll injection][27/06/2025 17:24:11][WildStr][NisSrv.exe]

[Throw dll injection][27/06/2025 17:24:11][WildStr][sihost.exe]

[Throw dll injection][27/06/2025 17:24:11][WildStr][sihost.exe]

[Throw dll injection][27/06/2025 17:24:11][WildStr][svchost.exe]

[Throw dll injection][27/06/2025 17:24:11][WildStr][svchost.exe]

[Throw dll injection][27/06/2025 17:24:11][WildStr][svchost.exe]

[Throw dll injection][27/06/2025 17:24:11][WildStr][taskhostw.exe]

[Throw dll injection][27/06/2025 17:24:11][WildStr][taskhostw.exe]

[Throw dll injection][27/06/2025 17:24:11][WildStr][MicrosoftEdgeUpdate.exe]

[Throw dll injection][27/06/2025 17:24:11][WildStr][MicrosoftEdgeUpdate.exe]

[Throw dll injection][27/06/2025 17:24:11][WildStr][svchost.exe]

[Throw dll injection][27/06/2025 17:24:11][WildStr][svchost.exe]

[Throw dll injection][27/06/2025 17:24:11][WildStr][ctfmon.exe]

[Throw dll injection][27/06/2025 17:24:11][WildStr][ctfmon.exe]

[Throw dll injection][27/06/2025 17:24:11][WildStr][svchost.exe]

[Throw dll injection][27/06/2025 17:24:11][WildStr][svchost.exe]

[Throw dll injection][27/06/2025 17:24:11][WildStr][svchost.exe]

[Throw dll injection][27/06/2025 17:24:11][WildStr][svchost.exe]

[Throw dll injection][27/06/2025 17:24:11][WildStr][explorer.exe]

[Throw dll injection][27/06/2025 17:24:11][WildStr][explorer.exe]

[Throw dll injection][27/06/2025 17:24:11][WildStr][svchost.exe]

[Throw dll injection][27/06/2025 17:24:11][WildStr][svchost.exe]

[Throw dll injection][27/06/2025 17:24:11][WildStr][StartMenuExperienceHost.exe]

[Throw dll injection][27/06/2025 17:24:11][WildStr][StartMenuExperienceHost.exe]

[Throw dll injection][27/06/2025 17:24:11][WildStr][RuntimeBroker.exe]

[Throw dll injection][27/06/2025 17:24:11][WildStr][RuntimeBroker.exe]

[Throw dll injection][27/06/2025 17:24:11][WildStr][SearchApp.exe]

[Throw dll injection][27/06/2025 17:24:11][WildStr][SearchApp.exe]

[Throw dll injection][27/06/2025 17:24:11][WildStr][svchost.exe]

[Throw dll injection][27/06/2025 17:24:11][WildStr][svchost.exe]

[Throw dll injection][27/06/2025 17:24:11][WildStr][RuntimeBroker.exe]

[Throw dll injection][27/06/2025 17:24:11][WildStr][RuntimeBroker.exe]

[Throw dll injection][27/06/2025 17:24:11][WildStr][RuntimeBroker.exe]

[Throw dll injection][27/06/2025 17:24:11][WildStr][RuntimeBroker.exe]

[Throw dll injection][27/06/2025 17:24:11][WildStr][svchost.exe]

[Throw dll injection][27/06/2025 17:24:11][WildStr][svchost.exe]

[Throw dll injection][27/06/2025 17:24:11][WildStr][SecurityHealthSystray.exe]

[Throw dll injection][27/06/2025 17:24:11][WildStr][SecurityHealthSystray.exe]

[Throw dll injection][27/06/2025 17:24:11][WildStr][SecurityHealthService.exe]

[Throw dll injection][27/06/2025 17:24:11][WildStr][SecurityHealthService.exe]

[Throw dll injection][27/06/2025 17:24:11][WildStr][VBoxTray.exe]

[Throw dll injection][27/06/2025 17:24:11][WildStr][VBoxTray.exe]

[Throw dll injection][27/06/2025 17:24:11][WildStr][OneDrive.exe]

[Throw dll injection][27/06/2025 17:24:11][WildStr][OneDrive.exe]

[Throw dll injection][27/06/2025 17:24:11][WildStr][svchost.exe]

[Throw dll injection][27/06/2025 17:24:11][WildStr][svchost.exe]

[Throw dll injection][27/06/2025 17:24:11][WildStr][svchost.exe]

[Throw dll injection][27/06/2025 17:24:11][WildStr][svchost.exe]

[Throw dll injection][27/06/2025 17:24:11][WildStr][svchost.exe]

[Throw dll injection][27/06/2025 17:24:11][WildStr][svchost.exe]

[Throw dll injection][27/06/2025 17:24:11][WildStr][svchost.exe]

[Throw dll injection][27/06/2025 17:24:11][WildStr][svchost.exe]

[Throw dll injection][27/06/2025 17:24:11][WildStr][svchost.exe]

[Throw dll injection][27/06/2025 17:24:11][WildStr][svchost.exe]

[Throw dll injection][27/06/2025 17:24:11][WildStr][svchost.exe]

[Throw dll injection][27/06/2025 17:24:11][WildStr][svchost.exe]

[Throw dll injection][27/06/2025 17:24:11][WildStr][TextInputHost.exe]

[Throw dll injection][27/06/2025 17:24:11][WildStr][TextInputHost.exe]

[Throw dll injection][27/06/2025 17:24:11][WildStr][ApplicationFrameHost.exe]

[Throw dll injection][27/06/2025 17:24:11][WildStr][ApplicationFrameHost.exe]

[Throw dll injection][27/06/2025 17:24:11][WildStr][SystemSettings.exe]

[Throw dll injection][27/06/2025 17:24:11][WildStr][SystemSettings.exe]

[Throw dll injection][27/06/2025 17:24:11][WildStr][UserOOBEBroker.exe]

[Throw dll injection][27/06/2025 17:24:11][WildStr][UserOOBEBroker.exe]

[Throw dll injection][27/06/2025 17:24:11][WildStr][SearchApp.exe]

[Throw dll injection][27/06/2025 17:24:11][WildStr][SearchApp.exe]

[Throw dll injection][27/06/2025 17:24:11][WildStr][msedgewebview2.exe]

[Throw dll injection][27/06/2025 17:24:11][WildStr][msedgewebview2.exe]

[Throw dll injection][27/06/2025 17:24:11][WildStr][msedgewebview2.exe]

[Throw dll injection][27/06/2025 17:24:11][WildStr][msedgewebview2.exe]

[Throw dll injection][27/06/2025 17:24:11][WildStr][msedgewebview2.exe]

[Throw dll injection][27/06/2025 17:24:11][WildStr][msedgewebview2.exe]

[Throw dll injection][27/06/2025 17:24:11][WildStr][msedgewebview2.exe]

[Throw dll injection][27/06/2025 17:24:11][WildStr][msedgewebview2.exe]

[Throw dll injection][27/06/2025 17:24:11][WildStr][msedgewebview2.exe]

[Throw dll injection][27/06/2025 17:24:11][WildStr][msedgewebview2.exe]

[Throw dll injection][27/06/2025 17:24:11][WildStr][msedgewebview2.exe]

[Throw dll injection][27/06/2025 17:24:11][WildStr][msedgewebview2.exe]

[Throw dll injection][27/06/2025 17:24:11][WildStr][FileCoAuth.exe]

[Throw dll injection][27/06/2025 17:24:11][WildStr][FileCoAuth.exe]

[Throw dll injection][27/06/2025 17:24:11][WildStr][svchost.exe]

[Throw dll injection][27/06/2025 17:24:11][WildStr][svchost.exe]

[Throw dll injection][27/06/2025 17:24:11][WildStr][msedge.exe]

[Throw dll injection][27/06/2025 17:24:11][WildStr][msedge.exe]

[Throw dll injection][27/06/2025 17:24:11][WildStr][msedge.exe]

[Throw dll injection][27/06/2025 17:24:11][WildStr][msedge.exe]

[Throw dll injection][27/06/2025 17:24:11][WildStr][msedge.exe]

[Throw dll injection][27/06/2025 17:24:11][WildStr][msedge.exe]

[Throw dll injection][27/06/2025 17:24:11][WildStr][msedge.exe]

[Throw dll injection][27/06/2025 17:24:11][WildStr][msedge.exe]

[Throw dll injection][27/06/2025 17:24:11][WildStr][msedge.exe]

[Throw dll injection][27/06/2025 17:24:11][WildStr][msedge.exe]

[Throw dll injection][27/06/2025 17:24:11][WildStr][svchost.exe]

[Throw dll injection][27/06/2025 17:24:11][WildStr][svchost.exe]

[Throw dll injection][27/06/2025 17:24:11][WildStr][svchost.exe]

[Throw dll injection][27/06/2025 17:24:11][WildStr][svchost.exe]

[Throw dll injection][27/06/2025 17:24:11][WildStr][svchost.exe]

[Throw dll injection][27/06/2025 17:24:11][WildStr][svchost.exe]

[Throw dll injection][27/06/2025 17:24:11][WildStr][dllhost.exe]

[Throw dll injection][27/06/2025 17:24:11][WildStr][dllhost.exe]

[Throw dll injection][27/06/2025 17:24:11][WildStr][ShellExperienceHost.exe]

[Throw dll injection][27/06/2025 17:24:11][WildStr][ShellExperienceHost.exe]

[Throw dll injection][27/06/2025 17:24:11][WildStr][RuntimeBroker.exe]

[Throw dll injection][27/06/2025 17:24:11][WildStr][RuntimeBroker.exe]

[Throw dll injection][27/06/2025 17:24:11][WildStr][powershell.exe]

[Throw dll injection][27/06/2025 17:24:11][WildStr][powershell.exe]

[Throw dll injection][27/06/2025 17:24:11][WildStr][conhost.exe]

[Throw dll injection][27/06/2025 17:24:11][WildStr][conhost.exe]

[Throw dll injection][27/06/2025 17:24:11][WildStr][cmd.exe]

[Throw dll injection][27/06/2025 17:24:11][WildStr][cmd.exe]

[Throw dll injection][27/06/2025 17:24:11][WildStr][conhost.exe]

[Throw dll injection][27/06/2025 17:24:11][WildStr][conhost.exe]

[Throw dll injection][27/06/2025 17:24:11][WildStr][powershell.exe]

[Throw dll injection][27/06/2025 17:24:11][WildStr][powershell.exe]

[Throw dll injection][27/06/2025 17:24:11][WildStr][Code.exe]

[Throw dll injection][27/06/2025 17:24:11][WildStr][Code.exe]

[Throw dll injection][27/06/2025 17:24:11][WildStr][Code.exe]

[Throw dll injection][27/06/2025 17:24:11][WildStr][Code.exe]

[Throw dll injection][27/06/2025 17:24:11][WildStr][Code.exe]

[Throw dll injection][27/06/2025 17:24:11][WildStr][Code.exe]

[Throw dll injection][27/06/2025 17:24:11][WildStr][Code.exe]

[Throw dll injection][27/06/2025 17:24:11][WildStr][Code.exe]

[Throw dll injection][27/06/2025 17:24:11][WildStr][Code.exe]

[Throw dll injection][27/06/2025 17:24:11][WildStr][Code.exe]

[Throw dll injection][27/06/2025 17:24:11][WildStr][Code.exe]

[Throw dll injection][27/06/2025 17:24:11][WildStr][Code.exe]

[Throw dll injection][27/06/2025 17:24:11][WildStr][Code.exe]

[Throw dll injection][27/06/2025 17:24:11][WildStr][Code.exe]

[Throw dll injection][27/06/2025 17:24:11][WildStr][Code.exe]

[Throw dll injection][27/06/2025 17:24:11][WildStr][cpptools.exe]

[Throw dll injection][27/06/2025 17:24:11][WildStr][cpptools.exe]

[Throw dll injection][27/06/2025 17:24:11][WildStr][conhost.exe]

[Throw dll injection][27/06/2025 17:24:11][WildStr][conhost.exe]

[Throw dll injection][27/06/2025 17:24:11][WildStr][Code.exe]

[Throw dll injection][27/06/2025 17:24:11][WildStr][Code.exe]

[Throw dll injection][27/06/2025 17:24:11][WildStr][cpptools.exe]

[Throw dll injection][27/06/2025 17:24:11][WildStr][cpptools.exe]

[Throw dll injection][27/06/2025 17:24:11][WildStr][cpptools-srv.exe]

[Throw dll injection][27/06/2025 17:24:11][WildStr][cpptools-srv.exe]

[Throw dll injection][27/06/2025 17:24:11][WildStr][conhost.exe]

[Throw dll injection][27/06/2025 17:24:11][WildStr][conhost.exe]

[Throw dll injection][27/06/2025 17:24:11][WildStr][svchost.exe]

[Throw dll injection][27/06/2025 17:24:11][WildStr][svchost.exe]

[Throw dll injection][27/06/2025 17:24:11][WildStr][svchost.exe]

[Throw dll injection][27/06/2025 17:24:11][WildStr][svchost.exe]

[Throw dll injection][27/06/2025 17:24:11][WildStr][Code.exe]

[Throw dll injection][27/06/2025 17:24:11][WildStr][Code.exe]

[Throw dll injection][27/06/2025 17:24:11][WildStr][conhost.exe]

[Throw dll injection][27/06/2025 17:24:11][WildStr][conhost.exe]

[Throw dll injection][27/06/2025 17:24:11][WildStr][powershell.exe]

[Throw dll injection][27/06/2025 17:24:11][WildStr][powershell.exe]

[Throw dll injection][27/06/2025 17:24:11][WildStr][vctip.exe]

[Throw dll injection][27/06/2025 17:24:11][WildStr][vctip.exe]

[Throw dll injection][27/06/2025 17:24:11][WildStr][cpptools-srv.exe]

[Throw dll injection][27/06/2025 17:24:11][WildStr][cpptools-srv.exe]

[Throw dll injection][27/06/2025 17:24:11][WildStr][conhost.exe]

[Throw dll injection][27/06/2025 17:24:11][WildStr][conhost.exe]

[Throw dll injection][27/06/2025 17:24:11][WildStr][svchost.exe]

[Throw dll injection][27/06/2025 17:24:11][WildStr][svchost.exe]

[Throw dll injection][27/06/2025 17:24:11][WildStr][smartscreen.exe]

[Throw dll injection][27/06/2025 17:24:11][WildStr][Taskmgr.exe]
e]

[Throw dll injection][27/06/2025 17:24:11][WildStr][Taskmgr.exe]

[Throw dll injection][27/06/2025 17:24:11][WildStr][conhost.exe]

[Throw dll injection][27/06/2025 17:24:11][WildStr][conhost.exe]

[Throw dll injection][27/06/2025 17:24:11][WildStr][powershell.exe]

[Throw dll injection][27/06/2025 17:24:11][WildStr][powershell.exe]

[Throw dll injection][27/06/2025 17:24:12][WildStr][System]

[Throw dll injection][27/06/2025 17:24:12][WildStr][System]


[Throw dll injection][27/06/2025 17:24:12][WildStr][smss.exe]

[Throw dll injection][27/06/2025 17:24:12][WildStr][Registry]

[Throw dll injection][27/06/2025 17:24:12][WildStr][csrss.exe]

[Throw dll injection][27/06/2025 17:24:12][WildStr][smss.exe]

[Throw dll injection][27/06/2025 17:24:12][WildStr][csrss.exe]


[Throw dll injection][27/06/2025 17:24:12][WildStr][csrss.exe]

[Throw dll injection][27/06/2025 17:24:12][WildStr][wininit.exe]

[Throw dll injection][27/06/2025 17:24:12][WildStr][csrss.exe]
]

[Throw dll injection][27/06/2025 17:24:12][WildStr][winlogon.exe]

[Throw dll injection][27/06/2025 17:24:12][WildStr][services.exe]

[Throw dll injection][27/06/2025 17:24:12][WildStr][services.exe]

[Throw dll injection][27/06/2025 17:24:12][WildStr][lsass.exe]

[Throw dll injection][27/06/2025 17:24:12][WildStr][lsass.exe]

[Throw dll injection][27/06/2025 17:24:12][WildStr][svchost.exe]

[Throw dll injection][27/06/2025 17:24:12][WildStr][fontdrvhost.exe]

[Throw dll injection][27/06/2025 17:24:12][WildStr][fontdrvhost.exe]

[Throw dll injection][27/06/2025 17:24:12][WildStr][svchost.exe]

[Throw dll injection][27/06/2025 17:24:12][WildStr][svchost.exe]

[Throw dll injection][27/06/2025 17:24:12][WildStr][svchost.exe]

[Throw dll injection][27/06/2025 17:24:12][WildStr][svchost.exe]

[Throw dll injection][27/06/2025 17:24:12][WildStr][dwm.exe]

[Throw dll injection][27/06/2025 17:24:12][WildStr][dwm.exe]

[Throw dll injection][27/06/2025 17:24:12][WildStr][svchost.exe]

[Throw dll injection][27/06/2025 17:24:12][WildStr][svchost.exe]

[Throw dll injection][27/06/2025 17:24:12][WildStr][svchost.exe]

[Throw dll injection][27/06/2025 17:24:12][WildStr][svchost.exe]

[Throw dll injection][27/06/2025 17:24:12][WildStr][svchost.exe]

[Throw dll injection][27/06/2025 17:24:12][WildStr][svchost.exe]

[Throw dll injection][27/06/2025 17:24:12][WildStr][svchost.exe]

[Throw dll injection][27/06/2025 17:24:12][WildStr][svchost.exe]

[Throw dll injection][27/06/2025 17:24:12][WildStr][svchost.exe]

[Throw dll injection][27/06/2025 17:24:12][WildStr][svchost.exe]

[Throw dll injection][27/06/2025 17:24:12][WildStr][svchost.exe]

[Throw dll injection][27/06/2025 17:24:12][WildStr][svchost.exe]

[Throw dll injection][27/06/2025 17:24:12][WildStr][svchost.exe]

[Throw dll injection][27/06/2025 17:24:12][WildStr][svchost.exe]

[Throw dll injection][27/06/2025 17:24:12][WildStr][svchost.exe]

[Throw dll injection][27/06/2025 17:24:12][WildStr][svchost.exe]

[Throw dll injection][27/06/2025 17:24:12][WildStr][svchost.exe]

[Throw dll injection][27/06/2025 17:24:12][WildStr][svchost.exe]

[Throw dll injection][27/06/2025 17:24:12][WildStr][svchost.exe]

[Throw dll injection][27/06/2025 17:24:12][WildStr][svchost.exe]

[Throw dll injection][27/06/2025 17:24:12][WildStr][svchost.exe]

[Throw dll injection][27/06/2025 17:24:12][WildStr][svchost.exe]

[Throw dll injection][27/06/2025 17:24:12][WildStr][VBoxService.exe]

[Throw dll injection][27/06/2025 17:24:12][WildStr][svchost.exe]

[Throw dll injection][27/06/2025 17:24:12][WildStr][svchost.exe]

[Throw dll injection][27/06/2025 17:24:12][WildStr][svchost.exe]

[Throw dll injection][27/06/2025 17:24:12][WildStr][svchost.exe]

[Throw dll injection][27/06/2025 17:24:12][WildStr][VBoxService.exe]

[Throw dll injection][27/06/2025 17:24:12][WildStr][svchost.exe]

[Throw dll injection][27/06/2025 17:24:12][WildStr][svchost.exe]

[Throw dll injection][27/06/2025 17:24:12][WildStr][svchost.exe]

[Throw dll injection][27/06/2025 17:24:12][WildStr][svchost.exe]

[Throw dll injection][27/06/2025 17:24:12][WildStr][svchost.exe]

[Throw dll injection][27/06/2025 17:24:12][WildStr][svchost.exe]

[Throw dll injection][27/06/2025 17:24:12][WildStr][svchost.exe]

[Throw dll injection][27/06/2025 17:24:12][WildStr][svchost.exe]

[Throw dll injection][27/06/2025 17:24:12][WildStr][Memory Compression]

[Throw dll injection][27/06/2025 17:24:12][WildStr][svchost.exe]

[Throw dll injection][27/06/2025 17:24:12][WildStr][svchost.exe]

[Throw dll injection][27/06/2025 17:24:12][WildStr][Memory Compression]

[Throw dll injection][27/06/2025 17:24:12][WildStr][svchost.exe]

[Throw dll injection][27/06/2025 17:24:12][WildStr][svchost.exe]

[Throw dll injection][27/06/2025 17:24:12][WildStr][svchost.exe]

[Throw dll injection][27/06/2025 17:24:12][WildStr][svchost.exe]

[Throw dll injection][27/06/2025 17:24:12][WildStr][svchost.exe]

[Throw dll injection][27/06/2025 17:24:12][WildStr][svchost.exe]

[Throw dll injection][27/06/2025 17:24:12][WildStr][svchost.exe]

[Throw dll injection][27/06/2025 17:24:12][WildStr][svchost.exe]

[Throw dll injection][27/06/2025 17:24:12][WildStr][svchost.exe]

[Throw dll injection][27/06/2025 17:24:12][WildStr][svchost.exe]

[Throw dll injection][27/06/2025 17:24:12][WildStr][svchost.exe]

[Throw dll injection][27/06/2025 17:24:12][WildStr][svchost.exe]

[Throw dll injection][27/06/2025 17:24:12][WildStr][svchost.exe]

[Throw dll injection][27/06/2025 17:24:12][WildStr][svchost.exe]

[Throw dll injection][27/06/2025 17:24:12][WildStr][spoolsv.exe]

[Throw dll injection][27/06/2025 17:24:12][WildStr][svchost.exe]

[Throw dll injection][27/06/2025 17:24:12][WildStr][svchost.exe]

[Throw dll injection][27/06/2025 17:24:12][WildStr][spoolsv.exe]

[Throw dll injection][27/06/2025 17:24:12][WildStr][svchost.exe]

[Throw dll injection][27/06/2025 17:24:12][WildStr][svchost.exe]

[Throw dll injection][27/06/2025 17:24:12][WildStr][svchost.exe]

[Throw dll injection][27/06/2025 17:24:12][WildStr][svchost.exe]

[Throw dll injection][27/06/2025 17:24:12][WildStr][svchost.exe]

[Throw dll injection][27/06/2025 17:24:12][WildStr][svchost.exe]

[Throw dll injection][27/06/2025 17:24:12][WildStr][svchost.exe]

[Throw dll injection][27/06/2025 17:24:12][WildStr][ssh-agent.exe]

[Throw dll injection][27/06/2025 17:24:12][WildStr][ssh-agent.exe]

[Throw dll injection][27/06/2025 17:24:12][WildStr][sshd.exe]

[Throw dll injection][27/06/2025 17:24:12][WildStr][sshd.exe]

[Throw dll injection][27/06/2025 17:24:12][WildStr][svchost.exe]

[Throw dll injection][27/06/2025 17:24:12][WildStr][svchost.exe]

[Throw dll injection][27/06/2025 17:24:12][WildStr][svchost.exe]

[Throw dll injection][27/06/2025 17:24:12][WildStr][svchost.exe]

[Throw dll injection][27/06/2025 17:24:12][WildStr][svchost.exe]

[Throw dll injection][27/06/2025 17:24:12][WildStr][svchost.exe]

[Throw dll injection][27/06/2025 17:24:12][WildStr][svchost.exe]

[Throw dll injection][27/06/2025 17:24:12][WildStr][svchost.exe]

[Throw dll injection][27/06/2025 17:24:12][WildStr][svchost.exe]

[Throw dll injection][27/06/2025 17:24:12][WildStr][svchost.exe]

[Throw dll injection][27/06/2025 17:24:12][WildStr][svchost.exe]

[Throw dll injection][27/06/2025 17:24:12][WildStr][svchost.exe]

[Throw dll injection][27/06/2025 17:24:12][WildStr][svchost.exe]

[Throw dll injection][27/06/2025 17:24:12][WildStr][svchost.exe]

[Throw dll injection][27/06/2025 17:24:12][WildStr][svchost.exe]

[Throw dll injection][27/06/2025 17:24:12][WildStr][svchost.exe]
Service.exe]

[Throw dll injection][27/06/2025 17:24:12][WildStr][MsMpEng.exe]

[Throw dll injection][27/06/2025 17:24:12][WildStr][MpDefenderCoreService.exe]

[Throw dll injection][27/06/2025 17:24:12][WildStr][SearchIndexer.exe]

[Throw dll injection][27/06/2025 17:24:12][WildStr][MsMpEng.exe]

[Throw dll injection][27/06/2025 17:24:12][WildStr][AggregatorHost.exe]

[Throw dll injection][27/06/2025 17:24:12][WildStr][SearchIndexer.exe]

[Throw dll injection][27/06/2025 17:24:12][WildStr][AggregatorHost.exe]

[Throw dll injection][27/06/2025 17:24:12][WildStr][svchost.exe]

[Throw dll injection][27/06/2025 17:24:12][WildStr][dllhost.exe]

[Throw dll injection][27/06/2025 17:24:12][WildStr][svchost.exe]

[Throw dll injection][27/06/2025 17:24:12][WildStr][NisSrv.exe]

[Throw dll injection][27/06/2025 17:24:12][WildStr][NisSrv.exe]

[Throw dll injection][27/06/2025 17:24:12][WildStr][sihost.exe]

[Throw dll injection][27/06/2025 17:24:12][WildStr][sihost.exe]

[Throw dll injection][27/06/2025 17:24:12][WildStr][svchost.exe]

[Throw dll injection][27/06/2025 17:24:12][WildStr][svchost.exe]

[Throw dll injection][27/06/2025 17:24:12][WildStr][svchost.exe]

[Throw dll injection][27/06/2025 17:24:12][WildStr][svchost.exe]

[Throw dll injection][27/06/2025 17:24:12][WildStr][taskhostw.exe]

[Throw dll injection][27/06/2025 17:24:12][WildStr][taskhostw.exe]

[Throw dll injection][27/06/2025 17:24:12][WildStr][MicrosoftEdgeUpdate.exe]

[Throw dll injection][27/06/2025 17:24:12][WildStr][MicrosoftEdgeUpdate.exe]

[Throw dll injection][27/06/2025 17:24:12][WildStr][svchost.exe]

[Throw dll injection][27/06/2025 17:24:12][WildStr][svchost.exe]

[Throw dll injection][27/06/2025 17:24:12][WildStr][ctfmon.exe]

[Throw dll injection][27/06/2025 17:24:12][WildStr][ctfmon.exe]

[Throw dll injection][27/06/2025 17:24:12][WildStr][svchost.exe]

[Throw dll injection][27/06/2025 17:24:12][WildStr][svchost.exe]

[Throw dll injection][27/06/2025 17:24:12][WildStr][svchost.exe]

[Throw dll injection][27/06/2025 17:24:12][WildStr][svchost.exe]

[Throw dll injection][27/06/2025 17:24:12][WildStr][explorer.exe]

[Throw dll injection][27/06/2025 17:24:12][WildStr][explorer.exe]

[Throw dll injection][27/06/2025 17:24:12][WildStr][svchost.exe]

[Throw dll injection][27/06/2025 17:24:12][WildStr][svchost.exe]

[Throw dll injection][27/06/2025 17:24:12][WildStr][StartMenuExperienceHost.exe]

[Throw dll injection][27/06/2025 17:24:12][WildStr][StartMenuExperienceHost.exe]

[Throw dll injection][27/06/2025 17:24:12][WildStr][RuntimeBroker.exe]

[Throw dll injection][27/06/2025 17:24:12][WildStr][RuntimeBroker.exe]

[Throw dll injection][27/06/2025 17:24:12][WildStr][SearchApp.exe]

[Throw dll injection][27/06/2025 17:24:12][WildStr][SearchApp.exe]

[Throw dll injection][27/06/2025 17:24:12][WildStr][svchost.exe]

[Throw dll injection][27/06/2025 17:24:12][WildStr][svchost.exe]

[Throw dll injection][27/06/2025 17:24:12][WildStr][RuntimeBroker.exe]

[Throw dll injection][27/06/2025 17:24:12][WildStr][RuntimeBroker.exe]

[Throw dll injection][27/06/2025 17:24:12][WildStr][RuntimeBroker.exe]

[Throw dll injection][27/06/2025 17:24:12][WildStr][RuntimeBroker.exe]

[Throw dll injection][27/06/2025 17:24:12][WildStr][svchost.exe]

[Throw dll injection][27/06/2025 17:24:12][WildStr][svchost.exe]

[Throw dll injection][27/06/2025 17:24:12][WildStr][SecurityHealthSystray.exe]

[Throw dll injection][27/06/2025 17:24:12][WildStr][SecurityHealthSystray.exe]

[Throw dll injection][27/06/2025 17:24:12][WildStr][SecurityHealthService.exe]

[Throw dll injection][27/06/2025 17:24:12][WildStr][VBoxTray.exe]
ervice.exe]

[Throw dll injection][27/06/2025 17:24:12][WildStr][VBoxTray.exe]

[Throw dll injection][27/06/2025 17:24:12][WildStr][OneDrive.exe]

[Throw dll injection][27/06/2025 17:24:12][WildStr][OneDrive.exe]

[Throw dll injection][27/06/2025 17:24:12][WildStr][svchost.exe]

[Throw dll injection][27/06/2025 17:24:12][WildStr][svchost.exe]

[Throw dll injection][27/06/2025 17:24:12][WildStr][svchost.exe]

[Throw dll injection][27/06/2025 17:24:12][WildStr][svchost.exe]

[Throw dll injection][27/06/2025 17:24:12][WildStr][svchost.exe]

[Throw dll injection][27/06/2025 17:24:12][WildStr][svchost.exe]

[Throw dll injection][27/06/2025 17:24:12][WildStr][svchost.exe]

[Throw dll injection][27/06/2025 17:24:12][WildStr][svchost.exe]

[Throw dll injection][27/06/2025 17:24:12][WildStr][svchost.exe]

[Throw dll injection][27/06/2025 17:24:12][WildStr][svchost.exe]

[Throw dll injection][27/06/2025 17:24:12][WildStr][TextInputHost.exe]

[Throw dll injection][27/06/2025 17:24:12][WildStr][svchost.exe]

[Throw dll injection][27/06/2025 17:24:12][WildStr][ApplicationFrameHost.exe]

[Throw dll injection][27/06/2025 17:24:12][WildStr][TextInputHost.exe]

[Throw dll injection][27/06/2025 17:24:12][WildStr][SystemSettings.exe]

[Throw dll injection][27/06/2025 17:24:12][WildStr][ApplicationFrameHost.exe]

[Throw dll injection][27/06/2025 17:24:12][WildStr][UserOOBEBroker.exe]

[Throw dll injection][27/06/2025 17:24:12][WildStr][SystemSettings.exe]

[Throw dll injection][27/06/2025 17:24:12][WildStr][SearchApp.exe]

[Throw dll injection][27/06/2025 17:24:12][WildStr][UserOOBEBroker.exe]

[Throw dll injection][27/06/2025 17:24:12][WildStr][msedgewebview2.exe]

[Throw dll injection][27/06/2025 17:24:12][WildStr][SearchApp.exe]

[Throw dll injection][27/06/2025 17:24:12][WildStr][msedgewebview2.exe]

[Throw dll injection][27/06/2025 17:24:12][WildStr][msedgewebview2.exe]

[Throw dll injection][27/06/2025 17:24:12][WildStr][msedgewebview2.exe]

[Throw dll injection][27/06/2025 17:24:12][WildStr][msedgewebview2.exe]

[Throw dll injection][27/06/2025 17:24:12][WildStr][msedgewebview2.exe]

[Throw dll injection][27/06/2025 17:24:12][WildStr][msedgewebview2.exe]

[Throw dll injection][27/06/2025 17:24:12][WildStr][msedgewebview2.exe]

[Throw dll injection][27/06/2025 17:24:12][WildStr][msedgewebview2.exe]

[Throw dll injection][27/06/2025 17:24:12][WildStr][msedgewebview2.exe]

[Throw dll injection][27/06/2025 17:24:12][WildStr][msedgewebview2.exe]

[Throw dll injection][27/06/2025 17:24:12][WildStr][msedgewebview2.exe]

[Throw dll injection][27/06/2025 17:24:12][WildStr][svchost.exe]

[Throw dll injection][27/06/2025 17:24:12][WildStr][FileCoAuth.exe]

[Throw dll injection][27/06/2025 17:24:12][WildStr][msedge.exe]

[Throw dll injection][27/06/2025 17:24:12][WildStr][svchost.exe]

[Throw dll injection][27/06/2025 17:24:12][WildStr][msedge.exe]

[Throw dll injection][27/06/2025 17:24:12][WildStr][msedge.exe]

[Throw dll injection][27/06/2025 17:24:12][WildStr][msedge.exe]

[Throw dll injection][27/06/2025 17:24:12][WildStr][msedge.exe]

[Throw dll injection][27/06/2025 17:24:12][WildStr][msedge.exe]

[Throw dll injection][27/06/2025 17:24:12][WildStr][msedge.exe]

[Throw dll injection][27/06/2025 17:24:12][WildStr][msedge.exe]

[Throw dll injection][27/06/2025 17:24:12][WildStr][svchost.exe]

[Throw dll injection][27/06/2025 17:24:12][WildStr][svchost.exe]

[Throw dll injection][27/06/2025 17:24:12][WildStr][svchost.exe]

[Throw dll injection][27/06/2025 17:24:12][WildStr][svchost.exe]

[Throw dll injection][27/06/2025 17:24:12][WildStr][svchost.exe]

[Throw dll injection][27/06/2025 17:24:12][WildStr][svchost.exe]

[Throw dll injection][27/06/2025 17:24:12][WildStr][dllhost.exe]

[Throw dll injection][27/06/2025 17:24:12][WildStr][ShellExperienceHost.exe]

[Throw dll injection][27/06/2025 17:24:12][WildStr][RuntimeBroker.exe]

[Throw dll injection][27/06/2025 17:24:12][WildStr][ShellExperienceHost.exe]

[Throw dll injection][27/06/2025 17:24:12][WildStr][powershell.exe]

[Throw dll injection][27/06/2025 17:24:12][WildStr][RuntimeBroker.exe]

[Throw dll injection][27/06/2025 17:24:12][WildStr][conhost.exe]

[Throw dll injection][27/06/2025 17:24:12][WildStr][powershell.exe]

[Throw dll injection][27/06/2025 17:24:12][WildStr][cmd.exe]

[Throw dll injection][27/06/2025 17:24:12][WildStr][conhost.exe]

[Throw dll injection][27/06/2025 17:24:12][WildStr][conhost.exe]

[Throw dll injection][27/06/2025 17:24:12][WildStr][cmd.exe]

[Throw dll injection][27/06/2025 17:24:12][WildStr][powershell.exe]

[Throw dll injection][27/06/2025 17:24:12][WildStr][Code.exe]
exe]

[Throw dll injection][27/06/2025 17:24:12][WildStr][Code.exe]

[Throw dll injection][27/06/2025 17:24:12][WildStr][Code.exe]

[Throw dll injection][27/06/2025 17:24:12][WildStr][Code.exe]

[Throw dll injection][27/06/2025 17:24:12][WildStr][Code.exe]

[Throw dll injection][27/06/2025 17:24:12][WildStr][Code.exe]

[Throw dll injection][27/06/2025 17:24:12][WildStr][Code.exe]

[Throw dll injection][27/06/2025 17:24:12][WildStr][Code.exe]

[Throw dll injection][27/06/2025 17:24:12][WildStr][Code.exe]

[Throw dll injection][27/06/2025 17:24:12][WildStr][Code.exe]

[Throw dll injection][27/06/2025 17:24:12][WildStr][Code.exe]

[Throw dll injection][27/06/2025 17:24:12][WildStr][Code.exe]

[Throw dll injection][27/06/2025 17:24:12][WildStr][Code.exe]

[Throw dll injection][27/06/2025 17:24:12][WildStr][Code.exe]

[Throw dll injection][27/06/2025 17:24:12][WildStr][Code.exe]

[Throw dll injection][27/06/2025 17:24:12][WildStr][Code.exe]

[Throw dll injection][27/06/2025 17:24:12][WildStr][cpptools.exe]

[Throw dll injection][27/06/2025 17:24:12][WildStr][cpptools.exe]

[Throw dll injection][27/06/2025 17:24:12][WildStr][Code.exe]

[Throw dll injection][27/06/2025 17:24:12][WildStr][conhost.exe]

[Throw dll injection][27/06/2025 17:24:12][WildStr][cpptools.exe]

[Throw dll injection][27/06/2025 17:24:12][WildStr][Code.exe]

[Throw dll injection][27/06/2025 17:24:12][WildStr][cpptools-srv.exe]

[Throw dll injection][27/06/2025 17:24:12][WildStr][cpptools.exe]

[Throw dll injection][27/06/2025 17:24:12][WildStr][conhost.exe]

[Throw dll injection][27/06/2025 17:24:12][WildStr][cpptools-srv.exe]

[Throw dll injection][27/06/2025 17:24:12][WildStr][svchost.exe]

[Throw dll injection][27/06/2025 17:24:12][WildStr][conhost.exe]

[Throw dll injection][27/06/2025 17:24:12][WildStr][svchost.exe]

[Throw dll injection][27/06/2025 17:24:12][WildStr][svchost.exe]

[Throw dll injection][27/06/2025 17:24:12][WildStr][Code.exe]

[Throw dll injection][27/06/2025 17:24:12][WildStr][svchost.exe]

[Throw dll injection][27/06/2025 17:24:12][WildStr][conhost.exe]

[Throw dll injection][27/06/2025 17:24:12][WildStr][Code.exe]

[Throw dll injection][27/06/2025 17:24:12][WildStr][conhost.exe]
]

[Throw dll injection][27/06/2025 17:24:12][WildStr][vctip.exe]

[Throw dll injection][27/06/2025 17:24:12][WildStr][powershell.exe]

[Throw dll injection][27/06/2025 17:24:12][WildStr][cpptools-srv.exe]

[Throw dll injection][27/06/2025 17:24:12][WildStr][vctip.exe]

[Throw dll injection][27/06/2025 17:24:12][WildStr][conhost.exe]

[Throw dll injection][27/06/2025 17:24:12][WildStr][cpptools-srv.exe]

[Throw dll injection][27/06/2025 17:24:12][WildStr][svchost.exe]

[Throw dll injection][27/06/2025 17:24:12][WildStr][conhost.exe]

[Throw dll injection][27/06/2025 17:24:12][WildStr][svchost.exe]
e]

[Throw dll injection][27/06/2025 17:24:12][WildStr][Taskmgr.exe]

[Throw dll injection][27/06/2025 17:24:12][WildStr][smartscreen.exe]

[Throw dll injection][27/06/2025 17:24:12][WildStr][conhost.exe]

[Throw dll injection][27/06/2025 17:24:12][WildStr][Taskmgr.exe]

[Throw dll injection][27/06/2025 17:24:12][WildStr][powershell.exe]

[Throw dll injection][27/06/2025 17:24:12][WildStr][powershell.exe]

[Throw dll injection][27/06/2025 17:24:13][WildStr][System]

[Throw dll injection][27/06/2025 17:24:13][WildStr][System]

[Throw dll injection][27/06/2025 17:24:13][WildStr][Registry]

[Throw dll injection][27/06/2025 17:24:13][WildStr][Registry]

[Throw dll injection][27/06/2025 17:24:13][WildStr][smss.exe]

[Throw dll injection][27/06/2025 17:24:13][WildStr][smss.exe]

[Throw dll injection][27/06/2025 17:24:13][WildStr][csrss.exe]

[Throw dll injection][27/06/2025 17:24:13][WildStr][csrss.exe]


[Throw dll injection][27/06/2025 17:24:13][WildStr][csrss.exe]

[Throw dll injection][27/06/2025 17:24:13][WildStr][wininit.exe]

[Throw dll injection][27/06/2025 17:24:13][WildStr][winlogon.exe]

[Throw dll injection][27/06/2025 17:24:13][WildStr][csrss.exe]

[Throw dll injection][27/06/2025 17:24:13][WildStr][services.exe]

[Throw dll injection][27/06/2025 17:24:13][WildStr][winlogon.exe]

[Throw dll injection][27/06/2025 17:24:13][WildStr][lsass.exe]

[Throw dll injection][27/06/2025 17:24:13][WildStr][services.exe]

[Throw dll injection][27/06/2025 17:24:13][WildStr][fontdrvhost.exe]

[Throw dll injection][27/06/2025 17:24:13][WildStr][lsass.exe]

[Throw dll injection][27/06/2025 17:24:13][WildStr][fontdrvhost.exe]

[Throw dll injection][27/06/2025 17:24:13][WildStr][svchost.exe]

[Throw dll injection][27/06/2025 17:24:13][WildStr][svchost.exe]

[Throw dll injection][27/06/2025 17:24:13][WildStr][fontdrvhost.exe]

[Throw dll injection][27/06/2025 17:24:13][WildStr][svchost.exe]

[Throw dll injection][27/06/2025 17:24:13][WildStr][fontdrvhost.exe]

[Throw dll injection][27/06/2025 17:24:13][WildStr][svchost.exe]

[Throw dll injection][27/06/2025 17:24:13][WildStr][svchost.exe]

[Throw dll injection][27/06/2025 17:24:13][WildStr][svchost.exe]

[Throw dll injection][27/06/2025 17:24:13][WildStr][svchost.exe]

[Throw dll injection][27/06/2025 17:24:13][WildStr][dwm.exe]

[Throw dll injection][27/06/2025 17:24:13][WildStr][svchost.exe]

[Throw dll injection][27/06/2025 17:24:13][WildStr][svchost.exe]

[Throw dll injection][27/06/2025 17:24:13][WildStr][svchost.exe]

[Throw dll injection][27/06/2025 17:24:13][WildStr][svchost.exe]

[Throw dll injection][27/06/2025 17:24:13][WildStr][svchost.exe]

[Throw dll injection][27/06/2025 17:24:13][WildStr][svchost.exe]

[Throw dll injection][27/06/2025 17:24:13][WildStr][svchost.exe]

[Throw dll injection][27/06/2025 17:24:13][WildStr][svchost.exe]

[Throw dll injection][27/06/2025 17:24:13][WildStr][svchost.exe]

[Throw dll injection][27/06/2025 17:24:13][WildStr][svchost.exe]

[Throw dll injection][27/06/2025 17:24:13][WildStr][svchost.exe]

[Throw dll injection][27/06/2025 17:24:13][WildStr][svchost.exe]

[Throw dll injection][27/06/2025 17:24:13][WildStr][svchost.exe]

[Throw dll injection][27/06/2025 17:24:13][WildStr][svchost.exe]

[Throw dll injection][27/06/2025 17:24:13][WildStr][svchost.exe]

[Throw dll injection][27/06/2025 17:24:13][WildStr][svchost.exe]

[Throw dll injection][27/06/2025 17:24:13][WildStr][svchost.exe]

[Throw dll injection][27/06/2025 17:24:13][WildStr][svchost.exe]

[Throw dll injection][27/06/2025 17:24:13][WildStr][svchost.exe]

[Throw dll injection][27/06/2025 17:24:13][WildStr][svchost.exe]

[Throw dll injection][27/06/2025 17:24:13][WildStr][svchost.exe]

[Throw dll injection][27/06/2025 17:24:13][WildStr][VBoxService.exe]

[Throw dll injection][27/06/2025 17:24:13][WildStr][svchost.exe]

[Throw dll injection][27/06/2025 17:24:13][WildStr][svchost.exe]

[Throw dll injection][27/06/2025 17:24:13][WildStr][VBoxService.exe]

[Throw dll injection][27/06/2025 17:24:13][WildStr][svchost.exe]

[Throw dll injection][27/06/2025 17:24:13][WildStr][svchost.exe]

[Throw dll injection][27/06/2025 17:24:13][WildStr][svchost.exe]

[Throw dll injection][27/06/2025 17:24:13][WildStr][svchost.exe]

[Throw dll injection][27/06/2025 17:24:13][WildStr][svchost.exe]

[Throw dll injection][27/06/2025 17:24:13][WildStr][svchost.exe]

[Throw dll injection][27/06/2025 17:24:13][WildStr][svchost.exe]

[Throw dll injection][27/06/2025 17:24:13][WildStr][svchost.exe]

[Throw dll injection][27/06/2025 17:24:13][WildStr][svchost.exe]

[Throw dll injection][27/06/2025 17:24:13][WildStr][svchost.exe]

[Throw dll injection][27/06/2025 17:24:13][WildStr][Memory Compression]

[Throw dll injection][27/06/2025 17:24:13][WildStr][svchost.exe]

[Throw dll injection][27/06/2025 17:24:13][WildStr][svchost.exe]

[Throw dll injection][27/06/2025 17:24:13][WildStr][Memory Compression]

[Throw dll injection][27/06/2025 17:24:13][WildStr][svchost.exe]

[Throw dll injection][27/06/2025 17:24:13][WildStr][svchost.exe]

[Throw dll injection][27/06/2025 17:24:13][WildStr][svchost.exe]

[Throw dll injection][27/06/2025 17:24:13][WildStr][svchost.exe]

[Throw dll injection][27/06/2025 17:24:13][WildStr][svchost.exe]

[Throw dll injection][27/06/2025 17:24:13][WildStr][svchost.exe]

[Throw dll injection][27/06/2025 17:24:13][WildStr][svchost.exe]

[Throw dll injection][27/06/2025 17:24:13][WildStr][svchost.exe]

[Throw dll injection][27/06/2025 17:24:13][WildStr][svchost.exe]

[Throw dll injection][27/06/2025 17:24:13][WildStr][svchost.exe]

[Throw dll injection][27/06/2025 17:24:13][WildStr][svchost.exe]

[Throw dll injection][27/06/2025 17:24:13][WildStr][svchost.exe]

[Throw dll injection][27/06/2025 17:24:13][WildStr][svchost.exe]

[Throw dll injection][27/06/2025 17:24:13][WildStr][svchost.exe]

[Throw dll injection][27/06/2025 17:24:13][WildStr][spoolsv.exe]

[Throw dll injection][27/06/2025 17:24:13][WildStr][svchost.exe]

[Throw dll injection][27/06/2025 17:24:13][WildStr][svchost.exe]

[Throw dll injection][27/06/2025 17:24:13][WildStr][spoolsv.exe]

[Throw dll injection][27/06/2025 17:24:13][WildStr][svchost.exe]

[Throw dll injection][27/06/2025 17:24:13][WildStr][svchost.exe]

[Throw dll injection][27/06/2025 17:24:13][WildStr][svchost.exe]

[Throw dll injection][27/06/2025 17:24:13][WildStr][svchost.exe]

[Throw dll injection][27/06/2025 17:24:13][WildStr][svchost.exe]

[Throw dll injection][27/06/2025 17:24:13][WildStr][svchost.exe]

[Throw dll injection][27/06/2025 17:24:13][WildStr][ssh-agent.exe]

[Throw dll injection][27/06/2025 17:24:13][WildStr][svchost.exe]

[Throw dll injection][27/06/2025 17:24:13][WildStr][sshd.exe]
xe]

[Throw dll injection][27/06/2025 17:24:13][WildStr][sshd.exe]
]

[Throw dll injection][27/06/2025 17:24:13][WildStr][svchost.exe]

[Throw dll injection][27/06/2025 17:24:13][WildStr][svchost.exe]

[Throw dll injection][27/06/2025 17:24:13][WildStr][svchost.exe]

[Throw dll injection][27/06/2025 17:24:13][WildStr][svchost.exe]

[Throw dll injection][27/06/2025 17:24:13][WildStr][svchost.exe]

[Throw dll injection][27/06/2025 17:24:13][WildStr][svchost.exe]

[Throw dll injection][27/06/2025 17:24:13][WildStr][svchost.exe]

[Throw dll injection][27/06/2025 17:24:13][WildStr][svchost.exe]

[Throw dll injection][27/06/2025 17:24:13][WildStr][svchost.exe]

[Throw dll injection][27/06/2025 17:24:13][WildStr][svchost.exe]

[Throw dll injection][27/06/2025 17:24:13][WildStr][svchost.exe]

[Throw dll injection][27/06/2025 17:24:13][WildStr][svchost.exe]

[Throw dll injection][27/06/2025 17:24:13][WildStr][svchost.exe]

[Throw dll injection][27/06/2025 17:24:13][WildStr][svchost.exe]

[Throw dll injection][27/06/2025 17:24:13][WildStr][svchost.exe]

[Throw dll injection][27/06/2025 17:24:13][WildStr][MpDefenderCoreService.exe]

[Throw dll injection][27/06/2025 17:24:13][WildStr][MpDefenderCoreService.exe]

[Throw dll injection][27/06/2025 17:24:13][WildStr][MsMpEng.exe]

[Throw dll injection][27/06/2025 17:24:13][WildStr][MsMpEng.exe]

[Throw dll injection][27/06/2025 17:24:13][WildStr][SearchIndexer.exe]

[Throw dll injection][27/06/2025 17:24:13][WildStr][SearchIndexer.exe]

[Throw dll injection][27/06/2025 17:24:13][WildStr][AggregatorHost.exe]

[Throw dll injection][27/06/2025 17:24:13][WildStr][AggregatorHost.exe]

[Throw dll injection][27/06/2025 17:24:13][WildStr][dllhost.exe]

[Throw dll injection][27/06/2025 17:24:13][WildStr][dllhost.exe]

[Throw dll injection][27/06/2025 17:24:13][WildStr][svchost.exe]

[Throw dll injection][27/06/2025 17:24:13][WildStr][svchost.exe]

[Throw dll injection][27/06/2025 17:24:13][WildStr][NisSrv.exe]

[Throw dll injection][27/06/2025 17:24:13][WildStr][NisSrv.exe]

[Throw dll injection][27/06/2025 17:24:13][WildStr][sihost.exe]

[Throw dll injection][27/06/2025 17:24:13][WildStr][sihost.exe]

[Throw dll injection][27/06/2025 17:24:13][WildStr][svchost.exe]

[Throw dll injection][27/06/2025 17:24:13][WildStr][svchost.exe]

[Throw dll injection][27/06/2025 17:24:13][WildStr][svchost.exe]

[Throw dll injection][27/06/2025 17:24:13][WildStr][svchost.exe]

[Throw dll injection][27/06/2025 17:24:13][WildStr][taskhostw.exe]

[Throw dll injection][27/06/2025 17:24:13][WildStr][taskhostw.exe]
ate.exe]

[Throw dll injection][27/06/2025 17:24:13][WildStr][svchost.exe]

[Throw dll injection][27/06/2025 17:24:13][WildStr][MicrosoftEdgeUpdate.exe]

[Throw dll injection][27/06/2025 17:24:13][WildStr][ctfmon.exe]

[Throw dll injection][27/06/2025 17:24:13][WildStr][svchost.exe]

[Throw dll injection][27/06/2025 17:24:13][WildStr][svchost.exe]

[Throw dll injection][27/06/2025 17:24:13][WildStr][ctfmon.exe]

[Throw dll injection][27/06/2025 17:24:13][WildStr][svchost.exe]

[Throw dll injection][27/06/2025 17:24:13][WildStr][explorer.exe]

[Throw dll injection][27/06/2025 17:24:13][WildStr][svchost.exe]

[Throw dll injection][27/06/2025 17:24:13][WildStr][svchost.exe]

[Throw dll injection][27/06/2025 17:24:13][WildStr][StartMenuExperienceHost.exe]

[Throw dll injection][27/06/2025 17:24:13][WildStr][RuntimeBroker.exe]

[Throw dll injection][27/06/2025 17:24:13][WildStr][svchost.exe]

[Throw dll injection][27/06/2025 17:24:13][WildStr][SearchApp.exe]

[Throw dll injection][27/06/2025 17:24:13][WildStr][svchost.exe]

[Throw dll injection][27/06/2025 17:24:13][WildStr][StartMenuExperienceHost.exe]

[Throw dll injection][27/06/2025 17:24:13][WildStr][RuntimeBroker.exe]

[Throw dll injection][27/06/2025 17:24:13][WildStr][RuntimeBroker.exe]

[Throw dll injection][27/06/2025 17:24:13][WildStr][RuntimeBroker.exe]

[Throw dll injection][27/06/2025 17:24:13][WildStr][SearchApp.exe]

[Throw dll injection][27/06/2025 17:24:13][WildStr][svchost.exe]

[Throw dll injection][27/06/2025 17:24:13][WildStr][RuntimeBroker.exe]

[Throw dll injection][27/06/2025 17:24:13][WildStr][SecurityHealthSystray.exe]

[Throw dll injection][27/06/2025 17:24:13][WildStr][RuntimeBroker.exe]

[Throw dll injection][27/06/2025 17:24:13][WildStr][SecurityHealthService.exe]

[Throw dll injection][27/06/2025 17:24:13][WildStr][VBoxTray.exe]

[Throw dll injection][27/06/2025 17:24:13][WildStr][OneDrive.exe]

[Throw dll injection][27/06/2025 17:24:13][WildStr][SecurityHealthSystray.exe]

[Throw dll injection][27/06/2025 17:24:13][WildStr][svchost.exe]

[Throw dll injection][27/06/2025 17:24:13][WildStr][svchost.exe]

[Throw dll injection][27/06/2025 17:24:13][WildStr][svchost.exe]

[Throw dll injection][27/06/2025 17:24:13][WildStr][SecurityHealthService.exe]

[Throw dll injection][27/06/2025 17:24:13][WildStr][svchost.exe]

[Throw dll injection][27/06/2025 17:24:13][WildStr][VBoxTray.exe]

[Throw dll injection][27/06/2025 17:24:13][WildStr][svchost.exe]

[Throw dll injection][27/06/2025 17:24:13][WildStr][svchost.exe]

[Throw dll injection][27/06/2025 17:24:13][WildStr][TextInputHost.exe]

[Throw dll injection][27/06/2025 17:24:13][WildStr][ApplicationFrameHost.exe]

[Throw dll injection][27/06/2025 17:24:13][WildStr][SystemSettings.exe]

[Throw dll injection][27/06/2025 17:24:13][WildStr][UserOOBEBroker.exe]

[Throw dll injection][27/06/2025 17:24:13][WildStr][OneDrive.exe]

[Throw dll injection][27/06/2025 17:24:13][WildStr][SearchApp.exe]

[Throw dll injection][27/06/2025 17:24:13][WildStr][svchost.exe]

[Throw dll injection][27/06/2025 17:24:13][WildStr][msedgewebview2.exe]

[Throw dll injection][27/06/2025 17:24:13][WildStr][svchost.exe]

[Throw dll injection][27/06/2025 17:24:13][WildStr][msedgewebview2.exe]

[Throw dll injection][27/06/2025 17:24:13][WildStr][svchost.exe]

[Throw dll injection][27/06/2025 17:24:13][WildStr][msedgewebview2.exe]

[Throw dll injection][27/06/2025 17:24:13][WildStr][svchost.exe]
.exe]

[Throw dll injection][27/06/2025 17:24:13][WildStr][msedgewebview2.exe]

[Throw dll injection][27/06/2025 17:24:13][WildStr][svchost.exe]

[Throw dll injection][27/06/2025 17:24:13][WildStr][svchost.exe]

[Throw dll injection][27/06/2025 17:24:13][WildStr][msedgewebview2.exe]

[Throw dll injection][27/06/2025 17:24:13][WildStr][FileCoAuth.exe]
]

[Throw dll injection][27/06/2025 17:24:13][WildStr][ApplicationFrameHost.exe]

[Throw dll injection][27/06/2025 17:24:13][WildStr][svchost.exe]

[Throw dll injection][27/06/2025 17:24:13][WildStr][msedge.exe]

[Throw dll injection][27/06/2025 17:24:13][WildStr][SystemSettings.exe]

[Throw dll injection][27/06/2025 17:24:13][WildStr][msedge.exe]
r.exe]

[Throw dll injection][27/06/2025 17:24:13][WildStr][SearchApp.exe]

[Throw dll injection][27/06/2025 17:24:13][WildStr][msedge.exe]

[Throw dll injection][27/06/2025 17:24:13][WildStr][msedgewebview2.exe]

[Throw dll injection][27/06/2025 17:24:13][WildStr][msedge.exe]

[Throw dll injection][27/06/2025 17:24:13][WildStr][msedgewebview2.exe]

[Throw dll injection][27/06/2025 17:24:13][WildStr][msedge.exe]

[Throw dll injection][27/06/2025 17:24:13][WildStr][msedgewebview2.exe]

[Throw dll injection][27/06/2025 17:24:13][WildStr][svchost.exe]

[Throw dll injection][27/06/2025 17:24:13][WildStr][msedgewebview2.exe]

[Throw dll injection][27/06/2025 17:24:13][WildStr][svchost.exe]

[Throw dll injection][27/06/2025 17:24:13][WildStr][msedgewebview2.exe]

[Throw dll injection][27/06/2025 17:24:13][WildStr][svchost.exe]

[Throw dll injection][27/06/2025 17:24:13][WildStr][msedgewebview2.exe]

[Throw dll injection][27/06/2025 17:24:13][WildStr][dllhost.exe]

[Throw dll injection][27/06/2025 17:24:13][WildStr][FileCoAuth.exe]

[Throw dll injection][27/06/2025 17:24:13][WildStr][ShellExperienceHost.exe]

[Throw dll injection][27/06/2025 17:24:13][WildStr][RuntimeBroker.exe]

[Throw dll injection][27/06/2025 17:24:13][WildStr][powershell.exe]

[Throw dll injection][27/06/2025 17:24:13][WildStr][msedge.exe]

[Throw dll injection][27/06/2025 17:24:13][WildStr][conhost.exe]

[Throw dll injection][27/06/2025 17:24:13][WildStr][msedge.exe]

[Throw dll injection][27/06/2025 17:24:13][WildStr][cmd.exe]

[Throw dll injection][27/06/2025 17:24:13][WildStr][msedge.exe]

[Throw dll injection][27/06/2025 17:24:13][WildStr][conhost.exe]

[Throw dll injection][27/06/2025 17:24:13][WildStr][msedge.exe]

[Throw dll injection][27/06/2025 17:24:13][WildStr][powershell.exe]

[Throw dll injection][27/06/2025 17:24:13][WildStr][svchost.exe]

[Throw dll injection][27/06/2025 17:24:13][WildStr][Code.exe]

[Throw dll injection][27/06/2025 17:24:13][WildStr][svchost.exe]

[Throw dll injection][27/06/2025 17:24:13][WildStr][Code.exe]

[Throw dll injection][27/06/2025 17:24:13][WildStr][svchost.exe]

[Throw dll injection][27/06/2025 17:24:13][WildStr][Code.exe]

[Throw dll injection][27/06/2025 17:24:13][WildStr][dllhost.exe]

[Throw dll injection][27/06/2025 17:24:13][WildStr][Code.exe]

[Throw dll injection][27/06/2025 17:24:13][WildStr][ShellExperienceHost.exe]

[Throw dll injection][27/06/2025 17:24:13][WildStr][Code.exe]

[Throw dll injection][27/06/2025 17:24:13][WildStr][RuntimeBroker.exe]

[Throw dll injection][27/06/2025 17:24:13][WildStr][Code.exe]

[Throw dll injection][27/06/2025 17:24:13][WildStr][powershell.exe]

[Throw dll injection][27/06/2025 17:24:13][WildStr][Code.exe]

[Throw dll injection][27/06/2025 17:24:13][WildStr][conhost.exe]

[Throw dll injection][27/06/2025 17:24:13][WildStr][Code.exe]

[Throw dll injection][27/06/2025 17:24:13][WildStr][cmd.exe]

[Throw dll injection][27/06/2025 17:24:13][WildStr][cpptools.exe]

[Throw dll injection][27/06/2025 17:24:13][WildStr][conhost.exe]

[Throw dll injection][27/06/2025 17:24:13][WildStr][conhost.exe]

[Throw dll injection][27/06/2025 17:24:13][WildStr][powershell.exe]

[Throw dll injection][27/06/2025 17:24:13][WildStr][Code.exe]

[Throw dll injection][27/06/2025 17:24:13][WildStr][Code.exe]

[Throw dll injection][27/06/2025 17:24:13][WildStr][cpptools.exe]

[Throw dll injection][27/06/2025 17:24:13][WildStr][Code.exe]

[Throw dll injection][27/06/2025 17:24:13][WildStr][cpptools-srv.exe]

[Throw dll injection][27/06/2025 17:24:13][WildStr][Code.exe]

[Throw dll injection][27/06/2025 17:24:13][WildStr][conhost.exe]

[Throw dll injection][27/06/2025 17:24:13][WildStr][Code.exe]

[Throw dll injection][27/06/2025 17:24:13][WildStr][svchost.exe]

[Throw dll injection][27/06/2025 17:24:13][WildStr][Code.exe]

[Throw dll injection][27/06/2025 17:24:13][WildStr][svchost.exe]

[Throw dll injection][27/06/2025 17:24:13][WildStr][Code.exe]

[Throw dll injection][27/06/2025 17:24:13][WildStr][Code.exe]

[Throw dll injection][27/06/2025 17:24:13][WildStr][Code.exe]

[Throw dll injection][27/06/2025 17:24:13][WildStr][conhost.exe]

[Throw dll injection][27/06/2025 17:24:13][WildStr][cpptools.exe]

[Throw dll injection][27/06/2025 17:24:13][WildStr][powershell.exe]

[Throw dll injection][27/06/2025 17:24:13][WildStr][conhost.exe]

[Throw dll injection][27/06/2025 17:24:13][WildStr][vctip.exe]

[Throw dll injection][27/06/2025 17:24:13][WildStr][Code.exe]

[Throw dll injection][27/06/2025 17:24:13][WildStr][cpptools-srv.exe]

[Throw dll injection][27/06/2025 17:24:13][WildStr][cpptools.exe]

[Throw dll injection][27/06/2025 17:24:13][WildStr][conhost.exe]

[Throw dll injection][27/06/2025 17:24:13][WildStr][cpptools-srv.exe]

[Throw dll injection][27/06/2025 17:24:13][WildStr][svchost.exe]

[Throw dll injection][27/06/2025 17:24:13][WildStr][conhost.exe]

[Throw dll injection][27/06/2025 17:24:13][WildStr][smartscreen.exe]

[Throw dll injection][27/06/2025 17:24:13][WildStr][svchost.exe]

[Throw dll injection][27/06/2025 17:24:13][WildStr][Taskmgr.exe]

[Throw dll injection][27/06/2025 17:24:13][WildStr][Code.exe]

[Throw dll injection][27/06/2025 17:24:13][WildStr][conhost.exe]

[Throw dll injection][27/06/2025 17:24:13][WildStr][conhost.exe]

[Throw dll injection][27/06/2025 17:24:13][WildStr][powershell.exe]

[Throw dll injection][27/06/2025 17:24:13][WildStr][powershell.exe]

[Throw dll injection][27/06/2025 17:24:13][WildStr][vctip.exe]

[Throw dll injection][27/06/2025 17:24:13][WildStr][cpptools-srv.exe]

[Throw dll injection][27/06/2025 17:24:13][WildStr][conhost.exe]

[Throw dll injection][27/06/2025 17:24:13][WildStr][svchost.exe]

[Throw dll injection][27/06/2025 17:24:13][WildStr][smartscreen.exe]

[Throw dll injection][27/06/2025 17:24:13][WildStr][Taskmgr.exe]

[Throw dll injection][27/06/2025 17:24:13][WildStr][conhost.exe]

[Throw dll injection][27/06/2025 17:24:13][WildStr][powershell.exe]

[Throw dll injection][27/06/2025 17:24:14][WildStr][System]

[Throw dll injection][27/06/2025 17:24:14][WildStr][System]

[Throw dll injection][27/06/2025 17:24:14][WildStr][Registry]

[Throw dll injection][27/06/2025 17:24:14][WildStr][Registry]

[Throw dll injection][27/06/2025 17:24:14][WildStr][smss.exe]

[Throw dll injection][27/06/2025 17:24:14][WildStr][smss.exe]

[Throw dll injection][27/06/2025 17:24:14][WildStr][csrss.exe]

[Throw dll injection][27/06/2025 17:24:14][WildStr][csrss.exe]

[Throw dll injection][27/06/2025 17:24:14][WildStr][wininit.exe]

[Throw dll injection][27/06/2025 17:24:14][WildStr][wininit.exe]

[Throw dll injection][27/06/2025 17:24:14][WildStr][csrss.exe]

[Throw dll injection][27/06/2025 17:24:14][WildStr][csrss.exe]

[Throw dll injection][27/06/2025 17:24:14][WildStr][winlogon.exe]

[Throw dll injection][27/06/2025 17:24:14][WildStr][winlogon.exe]

[Throw dll injection][27/06/2025 17:24:14][WildStr][services.exe]

[Throw dll injection][27/06/2025 17:24:14][WildStr][services.exe]

[Throw dll injection][27/06/2025 17:24:14][WildStr][lsass.exe]

[Throw dll injection][27/06/2025 17:24:14][WildStr][lsass.exe]

[Throw dll injection][27/06/2025 17:24:14][WildStr][svchost.exe]

[Throw dll injection][27/06/2025 17:24:14][WildStr][svchost.exe]

[Throw dll injection][27/06/2025 17:24:14][WildStr][fontdrvhost.exe]

[Throw dll injection][27/06/2025 17:24:14][WildStr][fontdrvhost.exe]

[Throw dll injection][27/06/2025 17:24:14][WildStr][fontdrvhost.exe]

[Throw dll injection][27/06/2025 17:24:14][WildStr][fontdrvhost.exe]

[Throw dll injection][27/06/2025 17:24:14][WildStr][svchost.exe]

[Throw dll injection][27/06/2025 17:24:14][WildStr][svchost.exe]

[Throw dll injection][27/06/2025 17:24:14][WildStr][svchost.exe]

[Throw dll injection][27/06/2025 17:24:14][WildStr][svchost.exe]

[Throw dll injection][27/06/2025 17:24:14][WildStr][dwm.exe]

[Throw dll injection][27/06/2025 17:24:14][WildStr][dwm.exe]

[Throw dll injection][27/06/2025 17:24:14][WildStr][svchost.exe]

[Throw dll injection][27/06/2025 17:24:14][WildStr][svchost.exe]

[Throw dll injection][27/06/2025 17:24:14][WildStr][svchost.exe]

[Throw dll injection][27/06/2025 17:24:14][WildStr][svchost.exe]

[Throw dll injection][27/06/2025 17:24:14][WildStr][svchost.exe]

[Throw dll injection][27/06/2025 17:24:14][WildStr][svchost.exe]

[Throw dll injection][27/06/2025 17:24:14][WildStr][svchost.exe]

[Throw dll injection][27/06/2025 17:24:14][WildStr][svchost.exe]

[Throw dll injection][27/06/2025 17:24:14][WildStr][svchost.exe]

[Throw dll injection][27/06/2025 17:24:14][WildStr][svchost.exe]

[Throw dll injection][27/06/2025 17:24:14][WildStr][svchost.exe]

[Throw dll injection][27/06/2025 17:24:14][WildStr][svchost.exe]

[Throw dll injection][27/06/2025 17:24:14][WildStr][svchost.exe]

[Throw dll injection][27/06/2025 17:24:14][WildStr][svchost.exe]

[Throw dll injection][27/06/2025 17:24:14][WildStr][svchost.exe]

[Throw dll injection][27/06/2025 17:24:14][WildStr][svchost.exe]

[Throw dll injection][27/06/2025 17:24:14][WildStr][svchost.exe]

[Throw dll injection][27/06/2025 17:24:14][WildStr][svchost.exe]

[Throw dll injection][27/06/2025 17:24:14][WildStr][svchost.exe]

[Throw dll injection][27/06/2025 17:24:14][WildStr][svchost.exe]

[Throw dll injection][27/06/2025 17:24:14][WildStr][svchost.exe]

[Throw dll injection][27/06/2025 17:24:14][WildStr][svchost.exe]

[Throw dll injection][27/06/2025 17:24:14][WildStr][svchost.exe]

[Throw dll injection][27/06/2025 17:24:14][WildStr][svchost.exe]

[Throw dll injection][27/06/2025 17:24:14][WildStr][svchost.exe]

[Throw dll injection][27/06/2025 17:24:14][WildStr][VBoxService.exe]

[Throw dll injection][27/06/2025 17:24:14][WildStr][VBoxService.exe]

[Throw dll injection][27/06/2025 17:24:14][WildStr][svchost.exe]

[Throw dll injection][27/06/2025 17:24:14][WildStr][svchost.exe]

[Throw dll injection][27/06/2025 17:24:14][WildStr][svchost.exe]

[Throw dll injection][27/06/2025 17:24:14][WildStr][svchost.exe]

[Throw dll injection][27/06/2025 17:24:14][WildStr][svchost.exe]

[Throw dll injection][27/06/2025 17:24:14][WildStr][svchost.exe]

[Throw dll injection][27/06/2025 17:24:14][WildStr][svchost.exe]

[Throw dll injection][27/06/2025 17:24:14][WildStr][svchost.exe]

[Throw dll injection][27/06/2025 17:24:14][WildStr][svchost.exe]

[Throw dll injection][27/06/2025 17:24:14][WildStr][svchost.exe]

[Throw dll injection][27/06/2025 17:24:14][WildStr][Memory Compression]

[Throw dll injection][27/06/2025 17:24:14][WildStr][svchost.exe]

[Throw dll injection][27/06/2025 17:24:14][WildStr][svchost.exe]

[Throw dll injection][27/06/2025 17:24:14][WildStr][svchost.exe]

[Throw dll injection][27/06/2025 17:24:14][WildStr][svchost.exe]

[Throw dll injection][27/06/2025 17:24:14][WildStr][Memory Compression]

[Throw dll injection][27/06/2025 17:24:14][WildStr][svchost.exe]

[Throw dll injection][27/06/2025 17:24:14][WildStr][svchost.exe]

[Throw dll injection][27/06/2025 17:24:14][WildStr][svchost.exe]

[Throw dll injection][27/06/2025 17:24:14][WildStr][svchost.exe]

[Throw dll injection][27/06/2025 17:24:14][WildStr][svchost.exe]

[Throw dll injection][27/06/2025 17:24:14][WildStr][svchost.exe]

[Throw dll injection][27/06/2025 17:24:14][WildStr][svchost.exe]

[Throw dll injection][27/06/2025 17:24:14][WildStr][svchost.exe]

[Throw dll injection][27/06/2025 17:24:14][WildStr][svchost.exe]

[Throw dll injection][27/06/2025 17:24:14][WildStr][svchost.exe]

[Throw dll injection][27/06/2025 17:24:14][WildStr][svchost.exe]

[Throw dll injection][27/06/2025 17:24:14][WildStr][spoolsv.exe]

[Throw dll injection][27/06/2025 17:24:14][WildStr][svchost.exe]

[Throw dll injection][27/06/2025 17:24:14][WildStr][svchost.exe]

[Throw dll injection][27/06/2025 17:24:14][WildStr][svchost.exe]

[Throw dll injection][27/06/2025 17:24:14][WildStr][svchost.exe]

[Throw dll injection][27/06/2025 17:24:14][WildStr][spoolsv.exe]

[Throw dll injection][27/06/2025 17:24:14][WildStr][svchost.exe]

[Throw dll injection][27/06/2025 17:24:14][WildStr][svchost.exe]

[Throw dll injection][27/06/2025 17:24:14][WildStr][svchost.exe]

[Throw dll injection][27/06/2025 17:24:14][WildStr][svchost.exe]

[Throw dll injection][27/06/2025 17:24:14][WildStr][svchost.exe]

[Throw dll injection][27/06/2025 17:24:14][WildStr][ssh-agent.exe]

[Throw dll injection][27/06/2025 17:24:14][WildStr][svchost.exe]

[Throw dll injection][27/06/2025 17:24:14][WildStr][sshd.exe]

[Throw dll injection][27/06/2025 17:24:14][WildStr][ssh-agent.exe]

[Throw dll injection][27/06/2025 17:24:14][WildStr][sshd.exe]
]

[Throw dll injection][27/06/2025 17:24:14][WildStr][svchost.exe]

[Throw dll injection][27/06/2025 17:24:14][WildStr][svchost.exe]

[Throw dll injection][27/06/2025 17:24:14][WildStr][svchost.exe]

[Throw dll injection][27/06/2025 17:24:14][WildStr][svchost.exe]

[Throw dll injection][27/06/2025 17:24:14][WildStr][svchost.exe]

[Throw dll injection][27/06/2025 17:24:14][WildStr][svchost.exe]

[Throw dll injection][27/06/2025 17:24:14][WildStr][svchost.exe]

[Throw dll injection][27/06/2025 17:24:14][WildStr][svchost.exe]

[Throw dll injection][27/06/2025 17:24:14][WildStr][svchost.exe]

[Throw dll injection][27/06/2025 17:24:14][WildStr][svchost.exe]

[Throw dll injection][27/06/2025 17:24:14][WildStr][svchost.exe]

[Throw dll injection][27/06/2025 17:24:14][WildStr][svchost.exe]

[Throw dll injection][27/06/2025 17:24:14][WildStr][svchost.exe]

[Throw dll injection][27/06/2025 17:24:14][WildStr][MpDefenderCoreService.exe]

[Throw dll injection][27/06/2025 17:24:14][WildStr][svchost.exe]

[Throw dll injection][27/06/2025 17:24:14][WildStr][MsMpEng.exe]

[Throw dll injection][27/06/2025 17:24:14][WildStr][SearchIndexer.exe]

[Throw dll injection][27/06/2025 17:24:14][WildStr][svchost.exe]

[Throw dll injection][27/06/2025 17:24:14][WildStr][AggregatorHost.exe]

[Throw dll injection][27/06/2025 17:24:14][WildStr][MpDefenderCoreService.exe]

[Throw dll injection][27/06/2025 17:24:14][WildStr][dllhost.exe]

[Throw dll injection][27/06/2025 17:24:14][WildStr][MsMpEng.exe]

[Throw dll injection][27/06/2025 17:24:14][WildStr][svchost.exe]

[Throw dll injection][27/06/2025 17:24:14][WildStr][SearchIndexer.exe]

[Throw dll injection][27/06/2025 17:24:14][WildStr][NisSrv.exe]

[Throw dll injection][27/06/2025 17:24:14][WildStr][sihost.exe]

[Throw dll injection][27/06/2025 17:24:14][WildStr][AggregatorHost.exe]

[Throw dll injection][27/06/2025 17:24:14][WildStr][svchost.exe]

[Throw dll injection][27/06/2025 17:24:14][WildStr][dllhost.exe]

[Throw dll injection][27/06/2025 17:24:14][WildStr][svchost.exe]

[Throw dll injection][27/06/2025 17:24:14][WildStr][svchost.exe]

[Throw dll injection][27/06/2025 17:24:14][WildStr][taskhostw.exe]

[Throw dll injection][27/06/2025 17:24:14][WildStr][NisSrv.exe]

[Throw dll injection][27/06/2025 17:24:14][WildStr][MicrosoftEdgeUpdate.exe]

[Throw dll injection][27/06/2025 17:24:14][WildStr][sihost.exe]

[Throw dll injection][27/06/2025 17:24:14][WildStr][svchost.exe]

[Throw dll injection][27/06/2025 17:24:14][WildStr][ctfmon.exe]

[Throw dll injection][27/06/2025 17:24:14][WildStr][svchost.exe]

[Throw dll injection][27/06/2025 17:24:14][WildStr][svchost.exe]

[Throw dll injection][27/06/2025 17:24:14][WildStr][svchost.exe]

[Throw dll injection][27/06/2025 17:24:14][WildStr][taskhostw.exe]

[Throw dll injection][27/06/2025 17:24:14][WildStr][explorer.exe]

[Throw dll injection][27/06/2025 17:24:14][WildStr][MicrosoftEdgeUpdate.exe]

[Throw dll injection][27/06/2025 17:24:14][WildStr][svchost.exe]

[Throw dll injection][27/06/2025 17:24:14][WildStr][svchost.exe]

[Throw dll injection][27/06/2025 17:24:14][WildStr][StartMenuExperienceHost.exe]

[Throw dll injection][27/06/2025 17:24:14][WildStr][ctfmon.exe]

[Throw dll injection][27/06/2025 17:24:14][WildStr][RuntimeBroker.exe]

[Throw dll injection][27/06/2025 17:24:14][WildStr][svchost.exe]

[Throw dll injection][27/06/2025 17:24:14][WildStr][SearchApp.exe]

[Throw dll injection][27/06/2025 17:24:14][WildStr][svchost.exe]

[Throw dll injection][27/06/2025 17:24:14][WildStr][svchost.exe]

[Throw dll injection][27/06/2025 17:24:14][WildStr][explorer.exe]

[Throw dll injection][27/06/2025 17:24:14][WildStr][RuntimeBroker.exe]

[Throw dll injection][27/06/2025 17:24:14][WildStr][svchost.exe]

[Throw dll injection][27/06/2025 17:24:14][WildStr][RuntimeBroker.exe]

[Throw dll injection][27/06/2025 17:24:14][WildStr][StartMenuExperienceHost.exe]

[Throw dll injection][27/06/2025 17:24:14][WildStr][svchost.exe]

[Throw dll injection][27/06/2025 17:24:14][WildStr][RuntimeBroker.exe]

[Throw dll injection][27/06/2025 17:24:14][WildStr][SecurityHealthSystray.exe]

[Throw dll injection][27/06/2025 17:24:14][WildStr][SearchApp.exe]

[Throw dll injection][27/06/2025 17:24:14][WildStr][SecurityHealthService.exe]

[Throw dll injection][27/06/2025 17:24:14][WildStr][svchost.exe]

[Throw dll injection][27/06/2025 17:24:14][WildStr][VBoxTray.exe]

[Throw dll injection][27/06/2025 17:24:14][WildStr][RuntimeBroker.exe]

[Throw dll injection][27/06/2025 17:24:14][WildStr][OneDrive.exe]

[Throw dll injection][27/06/2025 17:24:14][WildStr][RuntimeBroker.exe]

[Throw dll injection][27/06/2025 17:24:14][WildStr][svchost.exe]

[Throw dll injection][27/06/2025 17:24:14][WildStr][svchost.exe]

[Throw dll injection][27/06/2025 17:24:14][WildStr][svchost.exe]

[Throw dll injection][27/06/2025 17:24:14][WildStr][SecurityHealthSystray.exe]

[Throw dll injection][27/06/2025 17:24:14][WildStr][svchost.exe]

[Throw dll injection][27/06/2025 17:24:14][WildStr][SecurityHealthService.exe]

[Throw dll injection][27/06/2025 17:24:14][WildStr][svchost.exe]

[Throw dll injection][27/06/2025 17:24:14][WildStr][VBoxTray.exe]

[Throw dll injection][27/06/2025 17:24:14][WildStr][svchost.exe]

[Throw dll injection][27/06/2025 17:24:14][WildStr][OneDrive.exe]

[Throw dll injection][27/06/2025 17:24:14][WildStr][svchost.exe]

[Throw dll injection][27/06/2025 17:24:14][WildStr][svchost.exe]

[Throw dll injection][27/06/2025 17:24:14][WildStr][TextInputHost.exe]

[Throw dll injection][27/06/2025 17:24:14][WildStr][svchost.exe]

[Throw dll injection][27/06/2025 17:24:14][WildStr][ApplicationFrameHost.exe]

[Throw dll injection][27/06/2025 17:24:14][WildStr][svchost.exe]

[Throw dll injection][27/06/2025 17:24:14][WildStr][SystemSettings.exe]

[Throw dll injection][27/06/2025 17:24:14][WildStr][svchost.exe]

[Throw dll injection][27/06/2025 17:24:14][WildStr][UserOOBEBroker.exe]

[Throw dll injection][27/06/2025 17:24:14][WildStr][svchost.exe]

[Throw dll injection][27/06/2025 17:24:14][WildStr][SearchApp.exe]

[Throw dll injection][27/06/2025 17:24:14][WildStr][svchost.exe]

[Throw dll injection][27/06/2025 17:24:14][WildStr][msedgewebview2.exe]

[Throw dll injection][27/06/2025 17:24:14][WildStr][TextInputHost.exe]

[Throw dll injection][27/06/2025 17:24:14][WildStr][msedgewebview2.exe]

[Throw dll injection][27/06/2025 17:24:14][WildStr][ApplicationFrameHost.exe]

[Throw dll injection][27/06/2025 17:24:14][WildStr][msedgewebview2.exe]

[Throw dll injection][27/06/2025 17:24:14][WildStr][SystemSettings.exe]

[Throw dll injection][27/06/2025 17:24:14][WildStr][msedgewebview2.exe]

[Throw dll injection][27/06/2025 17:24:14][WildStr][UserOOBEBroker.exe]

[Throw dll injection][27/06/2025 17:24:14][WildStr][msedgewebview2.exe]

[Throw dll injection][27/06/2025 17:24:14][WildStr][SearchApp.exe]

[Throw dll injection][27/06/2025 17:24:14][WildStr][msedgewebview2.exe]

[Throw dll injection][27/06/2025 17:24:14][WildStr][msedgewebview2.exe]

[Throw dll injection][27/06/2025 17:24:14][WildStr][FileCoAuth.exe]

[Throw dll injection][27/06/2025 17:24:14][WildStr][msedgewebview2.exe]

[Throw dll injection][27/06/2025 17:24:14][WildStr][svchost.exe]

[Throw dll injection][27/06/2025 17:24:14][WildStr][msedgewebview2.exe]

[Throw dll injection][27/06/2025 17:24:14][WildStr][msedge.exe]

[Throw dll injection][27/06/2025 17:24:14][WildStr][msedgewebview2.exe]

[Throw dll injection][27/06/2025 17:24:14][WildStr][msedge.exe]

[Throw dll injection][27/06/2025 17:24:14][WildStr][msedgewebview2.exe]

[Throw dll injection][27/06/2025 17:24:14][WildStr][msedge.exe]

[Throw dll injection][27/06/2025 17:24:14][WildStr][msedgewebview2.exe]

[Throw dll injection][27/06/2025 17:24:14][WildStr][msedge.exe]

[Throw dll injection][27/06/2025 17:24:14][WildStr][FileCoAuth.exe]

[Throw dll injection][27/06/2025 17:24:14][WildStr][msedge.exe]

[Throw dll injection][27/06/2025 17:24:14][WildStr][svchost.exe]

[Throw dll injection][27/06/2025 17:24:14][WildStr][svchost.exe]

[Throw dll injection][27/06/2025 17:24:14][WildStr][msedge.exe]

[Throw dll injection][27/06/2025 17:24:14][WildStr][svchost.exe]

[Throw dll injection][27/06/2025 17:24:14][WildStr][msedge.exe]

[Throw dll injection][27/06/2025 17:24:14][WildStr][svchost.exe]

[Throw dll injection][27/06/2025 17:24:14][WildStr][msedge.exe]

[Throw dll injection][27/06/2025 17:24:14][WildStr][msedge.exe]


[Throw dll injection][27/06/2025 17:24:14][WildStr][ShellExperienceHost.exe]

[Throw dll injection][27/06/2025 17:24:14][WildStr][svchost.exe]

[Throw dll injection][27/06/2025 17:24:14][WildStr][RuntimeBroker.exe]

[Throw dll injection][27/06/2025 17:24:14][WildStr][svchost.exe]

[Throw dll injection][27/06/2025 17:24:14][WildStr][powershell.exe]

[Throw dll injection][27/06/2025 17:24:14][WildStr][svchost.exe]

[Throw dll injection][27/06/2025 17:24:14][WildStr][conhost.exe]

[Throw dll injection][27/06/2025 17:24:14][WildStr][dllhost.exe]

[Throw dll injection][27/06/2025 17:24:14][WildStr][cmd.exe]

[Throw dll injection][27/06/2025 17:24:14][WildStr][conhost.exe]
eHost.exe]

[Throw dll injection][27/06/2025 17:24:14][WildStr][RuntimeBroker.exe]

[Throw dll injection][27/06/2025 17:24:14][WildStr][powershell.exe]

[Throw dll injection][27/06/2025 17:24:14][WildStr][powershell.exe]

[Throw dll injection][27/06/2025 17:24:14][WildStr][Code.exe]

[Throw dll injection][27/06/2025 17:24:14][WildStr][conhost.exe]

[Throw dll injection][27/06/2025 17:24:14][WildStr][Code.exe]

[Throw dll injection][27/06/2025 17:24:14][WildStr][cmd.exe]

[Throw dll injection][27/06/2025 17:24:14][WildStr][Code.exe]

[Throw dll injection][27/06/2025 17:24:14][WildStr][conhost.exe]

[Throw dll injection][27/06/2025 17:24:14][WildStr][Code.exe]

[Throw dll injection][27/06/2025 17:24:14][WildStr][powershell.exe]

[Throw dll injection][27/06/2025 17:24:14][WildStr][Code.exe]

[Throw dll injection][27/06/2025 17:24:14][WildStr][Code.exe]

[Throw dll injection][27/06/2025 17:24:14][WildStr][Code.exe]

[Throw dll injection][27/06/2025 17:24:14][WildStr][Code.exe]

[Throw dll injection][27/06/2025 17:24:14][WildStr][Code.exe]

[Throw dll injection][27/06/2025 17:24:14][WildStr][Code.exe]

[Throw dll injection][27/06/2025 17:24:14][WildStr][Code.exe]

[Throw dll injection][27/06/2025 17:24:14][WildStr][Code.exe]

[Throw dll injection][27/06/2025 17:24:14][WildStr][cpptools.exe]

[Throw dll injection][27/06/2025 17:24:14][WildStr][Code.exe]

[Throw dll injection][27/06/2025 17:24:14][WildStr][conhost.exe]

[Throw dll injection][27/06/2025 17:24:14][WildStr][Code.exe]

[Throw dll injection][27/06/2025 17:24:14][WildStr][Code.exe]

[Throw dll injection][27/06/2025 17:24:14][WildStr][Code.exe]

[Throw dll injection][27/06/2025 17:24:14][WildStr][cpptools.exe]

[Throw dll injection][27/06/2025 17:24:14][WildStr][Code.exe]

[Throw dll injection][27/06/2025 17:24:14][WildStr][cpptools-srv.exe]

[Throw dll injection][27/06/2025 17:24:14][WildStr][cpptools.exe]

[Throw dll injection][27/06/2025 17:24:14][WildStr][conhost.exe]

[Throw dll injection][27/06/2025 17:24:14][WildStr][conhost.exe]

[Throw dll injection][27/06/2025 17:24:14][WildStr][svchost.exe]

[Throw dll injection][27/06/2025 17:24:14][WildStr][Code.exe]

[Throw dll injection][27/06/2025 17:24:14][WildStr][svchost.exe]

[Throw dll injection][27/06/2025 17:24:14][WildStr][cpptools.exe]

[Throw dll injection][27/06/2025 17:24:14][WildStr][Code.exe]

[Throw dll injection][27/06/2025 17:24:14][WildStr][cpptools-srv.exe]

[Throw dll injection][27/06/2025 17:24:14][WildStr][conhost.exe]

[Throw dll injection][27/06/2025 17:24:14][WildStr][conhost.exe]

[Throw dll injection][27/06/2025 17:24:14][WildStr][powershell.exe]

[Throw dll injection][27/06/2025 17:24:14][WildStr][svchost.exe]

[Throw dll injection][27/06/2025 17:24:14][WildStr][vctip.exe]

[Throw dll injection][27/06/2025 17:24:14][WildStr][svchost.exe]

[Throw dll injection][27/06/2025 17:24:14][WildStr][cpptools-srv.exe]

[Throw dll injection][27/06/2025 17:24:14][WildStr][Code.exe]

[Throw dll injection][27/06/2025 17:24:14][WildStr][conhost.exe]

[Throw dll injection][27/06/2025 17:24:14][WildStr][conhost.exe]

[Throw dll injection][27/06/2025 17:24:14][WildStr][svchost.exe]

[Throw dll injection][27/06/2025 17:24:14][WildStr][powershell.exe]

[Throw dll injection][27/06/2025 17:24:14][WildStr][smartscreen.exe]

[Throw dll injection][27/06/2025 17:24:14][WildStr][vctip.exe]

[Throw dll injection][27/06/2025 17:24:14][WildStr][Taskmgr.exe]

[Throw dll injection][27/06/2025 17:24:14][WildStr][cpptools-srv.exe]

[Throw dll injection][27/06/2025 17:24:14][WildStr][conhost.exe]

[Throw dll injection][27/06/2025 17:24:14][WildStr][conhost.exe]

[Throw dll injection][27/06/2025 17:24:14][WildStr][powershell.exe]

[Throw dll injection][27/06/2025 17:24:14][WildStr][svchost.exe]

[Throw dll injection][27/06/2025 17:24:14][WildStr][test.exe]

[Throw dll injection][27/06/2025 17:24:14][WildStr][smartscreen.exe]

[Throw dll injection][27/06/2025 17:24:14][WildStr][Taskmgr.exe]

[Throw dll injection][27/06/2025 17:24:14][WildStr][conhost.exe]

[Throw dll injection][27/06/2025 17:24:14][WildStr][powershell.exe]

[Throw dll injection][27/06/2025 17:24:14][WildStr][test.exe]

[Throw dll injection][27/06/2025 17:24:15][WildStr][System]

[Throw dll injection][27/06/2025 17:24:15][WildStr][Registry]

[Throw dll injection][27/06/2025 17:24:15][WildStr][Registry]

[Throw dll injection][27/06/2025 17:24:15][WildStr][smss.exe]

[Throw dll injection][27/06/2025 17:24:15][WildStr][smss.exe]

[Throw dll injection][27/06/2025 17:24:15][WildStr][csrss.exe]

[Throw dll injection][27/06/2025 17:24:15][WildStr][csrss.exe]

[Throw dll injection][27/06/2025 17:24:15][WildStr][wininit.exe]

[Throw dll injection][27/06/2025 17:24:15][WildStr][wininit.exe]

[Throw dll injection][27/06/2025 17:24:15][WildStr][csrss.exe]

[Throw dll injection][27/06/2025 17:24:15][WildStr][csrss.exe]

[Throw dll injection][27/06/2025 17:24:15][WildStr][winlogon.exe]

[Throw dll injection][27/06/2025 17:24:15][WildStr][winlogon.exe]

[Throw dll injection][27/06/2025 17:24:15][WildStr][services.exe]

[Throw dll injection][27/06/2025 17:24:15][WildStr][services.exe]

[Throw dll injection][27/06/2025 17:24:15][WildStr][lsass.exe]

[Throw dll injection][27/06/2025 17:24:15][WildStr][svchost.exe]

[Throw dll injection][27/06/2025 17:24:15][WildStr][fontdrvhost.exe]

[Throw dll injection][27/06/2025 17:24:15][WildStr][fontdrvhost.exe]

[Throw dll injection][27/06/2025 17:24:15][WildStr][fontdrvhost.exe]

[Throw dll injection][27/06/2025 17:24:15][WildStr][svchost.exe]

[Throw dll injection][27/06/2025 17:24:15][WildStr][fontdrvhost.exe]

[Throw dll injection][27/06/2025 17:24:15][WildStr][svchost.exe]

[Throw dll injection][27/06/2025 17:24:15][WildStr][svchost.exe]

[Throw dll injection][27/06/2025 17:24:15][WildStr][svchost.exe]

[Throw dll injection][27/06/2025 17:24:15][WildStr][dwm.exe]
e]

[Throw dll injection][27/06/2025 17:24:15][WildStr][svchost.exe]

[Throw dll injection][27/06/2025 17:24:15][WildStr][svchost.exe]

[Throw dll injection][27/06/2025 17:24:15][WildStr][svchost.exe]

[Throw dll injection][27/06/2025 17:24:15][WildStr][svchost.exe]

[Throw dll injection][27/06/2025 17:24:15][WildStr][svchost.exe]

[Throw dll injection][27/06/2025 17:24:15][WildStr][svchost.exe]

[Throw dll injection][27/06/2025 17:24:15][WildStr][svchost.exe]

[Throw dll injection][27/06/2025 17:24:15][WildStr][svchost.exe]

[Throw dll injection][27/06/2025 17:24:15][WildStr][svchost.exe]

[Throw dll injection][27/06/2025 17:24:15][WildStr][svchost.exe]

[Throw dll injection][27/06/2025 17:24:15][WildStr][svchost.exe]

[Throw dll injection][27/06/2025 17:24:15][WildStr][svchost.exe]

[Throw dll injection][27/06/2025 17:24:15][WildStr][svchost.exe]

[Throw dll injection][27/06/2025 17:24:15][WildStr][svchost.exe]

[Throw dll injection][27/06/2025 17:24:15][WildStr][svchost.exe]

[Throw dll injection][27/06/2025 17:24:15][WildStr][svchost.exe]

[Throw dll injection][27/06/2025 17:24:15][WildStr][svchost.exe]

[Throw dll injection][27/06/2025 17:24:15][WildStr][svchost.exe]

[Throw dll injection][27/06/2025 17:24:15][WildStr][svchost.exe]

[Throw dll injection][27/06/2025 17:24:15][WildStr][svchost.exe]

[Throw dll injection][27/06/2025 17:24:15][WildStr][svchost.exe]

[Throw dll injection][27/06/2025 17:24:15][WildStr][svchost.exe]

[Throw dll injection][27/06/2025 17:24:15][WildStr][svchost.exe]

[Throw dll injection][27/06/2025 17:24:15][WildStr][svchost.exe]

[Throw dll injection][27/06/2025 17:24:15][WildStr][VBoxService.exe]

[Throw dll injection][27/06/2025 17:24:15][WildStr][VBoxService.exe]

[Throw dll injection][27/06/2025 17:24:15][WildStr][svchost.exe]

[Throw dll injection][27/06/2025 17:24:15][WildStr][svchost.exe]

[Throw dll injection][27/06/2025 17:24:15][WildStr][svchost.exe]

[Throw dll injection][27/06/2025 17:24:15][WildStr][svchost.exe]

[Throw dll injection][27/06/2025 17:24:15][WildStr][svchost.exe]

[Throw dll injection][27/06/2025 17:24:15][WildStr][svchost.exe]

[Throw dll injection][27/06/2025 17:24:15][WildStr][svchost.exe]

[Throw dll injection][27/06/2025 17:24:15][WildStr][svchost.exe]

[Throw dll injection][27/06/2025 17:24:15][WildStr][svchost.exe]

[Throw dll injection][27/06/2025 17:24:15][WildStr][svchost.exe]

[Throw dll injection][27/06/2025 17:24:15][WildStr][svchost.exe]

[Throw dll injection][27/06/2025 17:24:15][WildStr][svchost.exe]

[Throw dll injection][27/06/2025 17:24:15][WildStr][Memory Compression]

[Throw dll injection][27/06/2025 17:24:15][WildStr][Memory Compression]

[Throw dll injection][27/06/2025 17:24:15][WildStr][svchost.exe]

[Throw dll injection][27/06/2025 17:24:15][WildStr][svchost.exe]

[Throw dll injection][27/06/2025 17:24:15][WildStr][svchost.exe]

[Throw dll injection][27/06/2025 17:24:15][WildStr][svchost.exe]

[Throw dll injection][27/06/2025 17:24:15][WildStr][svchost.exe]

[Throw dll injection][27/06/2025 17:24:15][WildStr][svchost.exe]

[Throw dll injection][27/06/2025 17:24:15][WildStr][svchost.exe]

[Throw dll injection][27/06/2025 17:24:15][WildStr][svchost.exe]

[Throw dll injection][27/06/2025 17:24:15][WildStr][svchost.exe]

[Throw dll injection][27/06/2025 17:24:15][WildStr][svchost.exe]

[Throw dll injection][27/06/2025 17:24:15][WildStr][svchost.exe]

[Throw dll injection][27/06/2025 17:24:15][WildStr][svchost.exe]

[Throw dll injection][27/06/2025 17:24:15][WildStr][svchost.exe]

[Throw dll injection][27/06/2025 17:24:15][WildStr][svchost.exe]

[Throw dll injection][27/06/2025 17:24:15][WildStr][svchost.exe]

[Throw dll injection][27/06/2025 17:24:15][WildStr][svchost.exe]

[Throw dll injection][27/06/2025 17:24:15][WildStr][spoolsv.exe]

[Throw dll injection][27/06/2025 17:24:15][WildStr][spoolsv.exe]

[Throw dll injection][27/06/2025 17:24:15][WildStr][svchost.exe]

[Throw dll injection][27/06/2025 17:24:15][WildStr][svchost.exe]

[Throw dll injection][27/06/2025 17:24:15][WildStr][svchost.exe]

[Throw dll injection][27/06/2025 17:24:15][WildStr][svchost.exe]

[Throw dll injection][27/06/2025 17:24:15][WildStr][svchost.exe]

[Throw dll injection][27/06/2025 17:24:15][WildStr][svchost.exe]

[Throw dll injection][27/06/2025 17:24:15][WildStr][svchost.exe]

[Throw dll injection][27/06/2025 17:24:15][WildStr][svchost.exe]

[Throw dll injection][27/06/2025 17:24:15][WildStr][ssh-agent.exe]

[Throw dll injection][27/06/2025 17:24:15][WildStr][ssh-agent.exe]

[Throw dll injection][27/06/2025 17:24:15][WildStr][sshd.exe]

[Throw dll injection][27/06/2025 17:24:15][WildStr][sshd.exe]

[Throw dll injection][27/06/2025 17:24:15][WildStr][svchost.exe]

[Throw dll injection][27/06/2025 17:24:15][WildStr][svchost.exe]

[Throw dll injection][27/06/2025 17:24:15][WildStr][svchost.exe]

[Throw dll injection][27/06/2025 17:24:15][WildStr][svchost.exe]

[Throw dll injection][27/06/2025 17:24:15][WildStr][svchost.exe]

[Throw dll injection][27/06/2025 17:24:15][WildStr][svchost.exe]

[Throw dll injection][27/06/2025 17:24:15][WildStr][svchost.exe]

[Throw dll injection][27/06/2025 17:24:15][WildStr][svchost.exe]

[Throw dll injection][27/06/2025 17:24:15][WildStr][svchost.exe]

[Throw dll injection][27/06/2025 17:24:15][WildStr][svchost.exe]

[Throw dll injection][27/06/2025 17:24:15][WildStr][svchost.exe]

[Throw dll injection][27/06/2025 17:24:15][WildStr][svchost.exe]

[Throw dll injection][27/06/2025 17:24:15][WildStr][svchost.exe]

[Throw dll injection][27/06/2025 17:24:15][WildStr][svchost.exe]

[Throw dll injection][27/06/2025 17:24:15][WildStr][svchost.exe]

[Throw dll injection][27/06/2025 17:24:15][WildStr][MpDefenderCoreService.exe]

[Throw dll injection][27/06/2025 17:24:15][WildStr][svchost.exe]

[Throw dll injection][27/06/2025 17:24:15][WildStr][MsMpEng.exe]

[Throw dll injection][27/06/2025 17:24:15][WildStr][MpDefenderCoreService.exe]

[Throw dll injection][27/06/2025 17:24:15][WildStr][SearchIndexer.exe]

[Throw dll injection][27/06/2025 17:24:15][WildStr][MsMpEng.exe]

[Throw dll injection][27/06/2025 17:24:15][WildStr][AggregatorHost.exe]

[Throw dll injection][27/06/2025 17:24:15][WildStr][SearchIndexer.exe]

[Throw dll injection][27/06/2025 17:24:15][WildStr][dllhost.exe]

[Throw dll injection][27/06/2025 17:24:15][WildStr][AggregatorHost.exe]

[Throw dll injection][27/06/2025 17:24:15][WildStr][svchost.exe]

[Throw dll injection][27/06/2025 17:24:15][WildStr][dllhost.exe]

[Throw dll injection][27/06/2025 17:24:15][WildStr][NisSrv.exe]

[Throw dll injection][27/06/2025 17:24:15][WildStr][svchost.exe]

[Throw dll injection][27/06/2025 17:24:15][WildStr][sihost.exe]

[Throw dll injection][27/06/2025 17:24:15][WildStr][NisSrv.exe]

[Throw dll injection][27/06/2025 17:24:15][WildStr][svchost.exe]

[Throw dll injection][27/06/2025 17:24:15][WildStr][svchost.exe]

[Throw dll injection][27/06/2025 17:24:15][WildStr][sihost.exe]

[Throw dll injection][27/06/2025 17:24:15][WildStr][taskhostw.exe]

[Throw dll injection][27/06/2025 17:24:15][WildStr][MicrosoftEdgeUpdate.exe]

[Throw dll injection][27/06/2025 17:24:15][WildStr][svchost.exe]

[Throw dll injection][27/06/2025 17:24:15][WildStr][svchost.exe]

[Throw dll injection][27/06/2025 17:24:15][WildStr][svchost.exe]

[Throw dll injection][27/06/2025 17:24:15][WildStr][ctfmon.exe]

[Throw dll injection][27/06/2025 17:24:15][WildStr][taskhostw.exe]

[Throw dll injection][27/06/2025 17:24:15][WildStr][MicrosoftEdgeUpdate.exe]

[Throw dll injection][27/06/2025 17:24:15][WildStr][svchost.exe]

[Throw dll injection][27/06/2025 17:24:15][WildStr][svchost.exe]

[Throw dll injection][27/06/2025 17:24:15][WildStr][explorer.exe]

[Throw dll injection][27/06/2025 17:24:15][WildStr][ctfmon.exe]

[Throw dll injection][27/06/2025 17:24:15][WildStr][svchost.exe]

[Throw dll injection][27/06/2025 17:24:15][WildStr][svchost.exe]

[Throw dll injection][27/06/2025 17:24:15][WildStr][StartMenuExperienceHost.exe]

[Throw dll injection][27/06/2025 17:24:15][WildStr][svchost.exe]

[Throw dll injection][27/06/2025 17:24:15][WildStr][RuntimeBroker.exe]

[Throw dll injection][27/06/2025 17:24:15][WildStr][explorer.exe]

[Throw dll injection][27/06/2025 17:24:15][WildStr][SearchApp.exe]

[Throw dll injection][27/06/2025 17:24:15][WildStr][svchost.exe]

[Throw dll injection][27/06/2025 17:24:15][WildStr][svchost.exe]

[Throw dll injection][27/06/2025 17:24:15][WildStr][StartMenuExperienceHost.exe]

[Throw dll injection][27/06/2025 17:24:15][WildStr][RuntimeBroker.exe]

[Throw dll injection][27/06/2025 17:24:15][WildStr][RuntimeBroker.exe]

[Throw dll injection][27/06/2025 17:24:15][WildStr][SearchApp.exe]
e]

[Throw dll injection][27/06/2025 17:24:15][WildStr][svchost.exe]

[Throw dll injection][27/06/2025 17:24:15][WildStr][svchost.exe]

[Throw dll injection][27/06/2025 17:24:15][WildStr][SecurityHealthSystray.exe]

[Throw dll injection][27/06/2025 17:24:15][WildStr][RuntimeBroker.exe]

[Throw dll injection][27/06/2025 17:24:15][WildStr][SecurityHealthService.exe]

[Throw dll injection][27/06/2025 17:24:15][WildStr][RuntimeBroker.exe]

[Throw dll injection][27/06/2025 17:24:15][WildStr][VBoxTray.exe]

[Throw dll injection][27/06/2025 17:24:15][WildStr][svchost.exe]

[Throw dll injection][27/06/2025 17:24:15][WildStr][OneDrive.exe]

[Throw dll injection][27/06/2025 17:24:15][WildStr][SecurityHealthSystray.exe]

[Throw dll injection][27/06/2025 17:24:15][WildStr][svchost.exe]

[Throw dll injection][27/06/2025 17:24:15][WildStr][SecurityHealthService.exe]

[Throw dll injection][27/06/2025 17:24:15][WildStr][svchost.exe]

[Throw dll injection][27/06/2025 17:24:15][WildStr][VBoxTray.exe]

[Throw dll injection][27/06/2025 17:24:15][WildStr][svchost.exe]

[Throw dll injection][27/06/2025 17:24:15][WildStr][OneDrive.exe]

[Throw dll injection][27/06/2025 17:24:15][WildStr][svchost.exe]

[Throw dll injection][27/06/2025 17:24:15][WildStr][svchost.exe]

[Throw dll injection][27/06/2025 17:24:15][WildStr][svchost.exe]

[Throw dll injection][27/06/2025 17:24:15][WildStr][svchost.exe]

[Throw dll injection][27/06/2025 17:24:15][WildStr][svchost.exe]

[Throw dll injection][27/06/2025 17:24:15][WildStr][svchost.exe]

[Throw dll injection][27/06/2025 17:24:15][WildStr][TextInputHost.exe]

[Throw dll injection][27/06/2025 17:24:15][WildStr][svchost.exe]

[Throw dll injection][27/06/2025 17:24:15][WildStr][ApplicationFrameHost.exe]

[Throw dll injection][27/06/2025 17:24:15][WildStr][svchost.exe]

[Throw dll injection][27/06/2025 17:24:15][WildStr][SystemSettings.exe]

[Throw dll injection][27/06/2025 17:24:15][WildStr][svchost.exe]

[Throw dll injection][27/06/2025 17:24:15][WildStr][UserOOBEBroker.exe]

[Throw dll injection][27/06/2025 17:24:15][WildStr][TextInputHost.exe]

[Throw dll injection][27/06/2025 17:24:15][WildStr][SearchApp.exe]

[Throw dll injection][27/06/2025 17:24:15][WildStr][ApplicationFrameHost.exe]

[Throw dll injection][27/06/2025 17:24:15][WildStr][msedgewebview2.exe]

[Throw dll injection][27/06/2025 17:24:15][WildStr][SystemSettings.exe]

[Throw dll injection][27/06/2025 17:24:15][WildStr][msedgewebview2.exe]

[Throw dll injection][27/06/2025 17:24:15][WildStr][msedgewebview2.exe]

[Throw dll injection][27/06/2025 17:24:15][WildStr][UserOOBEBroker.exe]

[Throw dll injection][27/06/2025 17:24:15][WildStr][msedgewebview2.exe]

[Throw dll injection][27/06/2025 17:24:15][WildStr][SearchApp.exe]

[Throw dll injection][27/06/2025 17:24:15][WildStr][msedgewebview2.exe]

[Throw dll injection][27/06/2025 17:24:15][WildStr][msedgewebview2.exe]

[Throw dll injection][27/06/2025 17:24:15][WildStr][msedgewebview2.exe]

[Throw dll injection][27/06/2025 17:24:15][WildStr][msedgewebview2.exe]

[Throw dll injection][27/06/2025 17:24:15][WildStr][FileCoAuth.exe]

[Throw dll injection][27/06/2025 17:24:15][WildStr][msedgewebview2.exe]

[Throw dll injection][27/06/2025 17:24:15][WildStr][msedgewebview2.exe]

[Throw dll injection][27/06/2025 17:24:15][WildStr][svchost.exe]

[Throw dll injection][27/06/2025 17:24:15][WildStr][msedgewebview2.exe]

[Throw dll injection][27/06/2025 17:24:15][WildStr][msedge.exe]

[Throw dll injection][27/06/2025 17:24:15][WildStr][msedgewebview2.exe]

[Throw dll injection][27/06/2025 17:24:15][WildStr][msedge.exe]

[Throw dll injection][27/06/2025 17:24:15][WildStr][FileCoAuth.exe]

[Throw dll injection][27/06/2025 17:24:15][WildStr][msedge.exe]

[Throw dll injection][27/06/2025 17:24:15][WildStr][msedge.exe]

[Throw dll injection][27/06/2025 17:24:15][WildStr][svchost.exe]

[Throw dll injection][27/06/2025 17:24:15][WildStr][msedge.exe]

[Throw dll injection][27/06/2025 17:24:15][WildStr][msedge.exe]

[Throw dll injection][27/06/2025 17:24:15][WildStr][svchost.exe]

[Throw dll injection][27/06/2025 17:24:15][WildStr][msedge.exe]

[Throw dll injection][27/06/2025 17:24:15][WildStr][svchost.exe]

[Throw dll injection][27/06/2025 17:24:15][WildStr][msedge.exe]

[Throw dll injection][27/06/2025 17:24:15][WildStr][svchost.exe]

[Throw dll injection][27/06/2025 17:24:15][WildStr][msedge.exe]

[Throw dll injection][27/06/2025 17:24:15][WildStr][dllhost.exe]

[Throw dll injection][27/06/2025 17:24:15][WildStr][msedge.exe]

[Throw dll injection][27/06/2025 17:24:15][WildStr][ShellExperienceHost.exe]

[Throw dll injection][27/06/2025 17:24:15][WildStr][svchost.exe]

[Throw dll injection][27/06/2025 17:24:15][WildStr][RuntimeBroker.exe]

[Throw dll injection][27/06/2025 17:24:15][WildStr][svchost.exe]

[Throw dll injection][27/06/2025 17:24:15][WildStr][powershell.exe]

[Throw dll injection][27/06/2025 17:24:15][WildStr][conhost.exe]

[Throw dll injection][27/06/2025 17:24:15][WildStr][svchost.exe]

[Throw dll injection][27/06/2025 17:24:15][WildStr][cmd.exe]

[Throw dll injection][27/06/2025 17:24:15][WildStr][dllhost.exe]

[Throw dll injection][27/06/2025 17:24:15][WildStr][conhost.exe]

[Throw dll injection][27/06/2025 17:24:15][WildStr][ShellExperienceHost.exe]

[Throw dll injection][27/06/2025 17:24:15][WildStr][RuntimeBroker.exe]

[Throw dll injection][27/06/2025 17:24:15][WildStr][Code.exe]

[Throw dll injection][27/06/2025 17:24:15][WildStr][powershell.exe]

[Throw dll injection][27/06/2025 17:24:15][WildStr][Code.exe]

[Throw dll injection][27/06/2025 17:24:15][WildStr][conhost.exe]

[Throw dll injection][27/06/2025 17:24:15][WildStr][Code.exe]

[Throw dll injection][27/06/2025 17:24:15][WildStr][cmd.exe]

[Throw dll injection][27/06/2025 17:24:15][WildStr][Code.exe]

[Throw dll injection][27/06/2025 17:24:15][WildStr][conhost.exe]

[Throw dll injection][27/06/2025 17:24:15][WildStr][Code.exe]

[Throw dll injection][27/06/2025 17:24:15][WildStr][powershell.exe]

[Throw dll injection][27/06/2025 17:24:15][WildStr][Code.exe]

[Throw dll injection][27/06/2025 17:24:15][WildStr][Code.exe]

[Throw dll injection][27/06/2025 17:24:15][WildStr][Code.exe]

[Throw dll injection][27/06/2025 17:24:15][WildStr][Code.exe]

[Throw dll injection][27/06/2025 17:24:15][WildStr][Code.exe]

[Throw dll injection][27/06/2025 17:24:15][WildStr][cpptools.exe]

[Throw dll injection][27/06/2025 17:24:15][WildStr][Code.exe]

[Throw dll injection][27/06/2025 17:24:15][WildStr][conhost.exe]

[Throw dll injection][27/06/2025 17:24:15][WildStr][Code.exe]

[Throw dll injection][27/06/2025 17:24:15][WildStr][Code.exe]

[Throw dll injection][27/06/2025 17:24:15][WildStr][Code.exe]

[Throw dll injection][27/06/2025 17:24:15][WildStr][cpptools.exe]

[Throw dll injection][27/06/2025 17:24:15][WildStr][cpptools-srv.exe]

[Throw dll injection][27/06/2025 17:24:15][WildStr][Code.exe]

[Throw dll injection][27/06/2025 17:24:15][WildStr][conhost.exe]

[Throw dll injection][27/06/2025 17:24:15][WildStr][svchost.exe]

[Throw dll injection][27/06/2025 17:24:15][WildStr][Code.exe]

[Throw dll injection][27/06/2025 17:24:15][WildStr][svchost.exe]

[Throw dll injection][27/06/2025 17:24:15][WildStr][Code.exe]

[Throw dll injection][27/06/2025 17:24:15][WildStr][Code.exe]

[Throw dll injection][27/06/2025 17:24:15][WildStr][cpptools.exe]

[Throw dll injection][27/06/2025 17:24:15][WildStr][conhost.exe]

[Throw dll injection][27/06/2025 17:24:15][WildStr][conhost.exe]

[Throw dll injection][27/06/2025 17:24:15][WildStr][powershell.exe]

[Throw dll injection][27/06/2025 17:24:15][WildStr][Code.exe]

[Throw dll injection][27/06/2025 17:24:15][WildStr][vctip.exe]

[Throw dll injection][27/06/2025 17:24:15][WildStr][cpptools.exe]

[Throw dll injection][27/06/2025 17:24:15][WildStr][cpptools-srv.exe]

[Throw dll injection][27/06/2025 17:24:15][WildStr][cpptools-srv.exe]

[Throw dll injection][27/06/2025 17:24:15][WildStr][conhost.exe]

[Throw dll injection][27/06/2025 17:24:15][WildStr][svchost.exe]

[Throw dll injection][27/06/2025 17:24:15][WildStr][smartscreen.exe]

[Throw dll injection][27/06/2025 17:24:15][WildStr][conhost.exe]

[Throw dll injection][27/06/2025 17:24:15][WildStr][svchost.exe]

[Throw dll injection][27/06/2025 17:24:15][WildStr][conhost.exe]

[Throw dll injection][27/06/2025 17:24:15][WildStr][svchost.exe]

[Throw dll injection][27/06/2025 17:24:15][WildStr][powershell.exe]

[Throw dll injection][27/06/2025 17:24:15][WildStr][Code.exe]

[Throw dll injection][27/06/2025 17:24:15][WildStr][test.exe]

[Throw dll injection][27/06/2025 17:24:15][WildStr][conhost.exe]

[Throw dll injection][27/06/2025 17:24:15][WildStr][powershell.exe]

[Throw dll injection][27/06/2025 17:24:15][WildStr][vctip.exe]

[Throw dll injection][27/06/2025 17:24:15][WildStr][cpptools-srv.exe]

[Throw dll injection][27/06/2025 17:24:15][WildStr][conhost.exe]

[Throw dll injection][27/06/2025 17:24:15][WildStr][svchost.exe]

[Throw dll injection][27/06/2025 17:24:15][WildStr][smartscreen.exe]

[Throw dll injection][27/06/2025 17:24:15][WildStr][Taskmgr.exe]

[Throw dll injection][27/06/2025 17:24:15][WildStr][conhost.exe]

[Throw dll injection][27/06/2025 17:24:15][WildStr][powershell.exe]

[Throw dll injection][27/06/2025 17:24:15][WildStr][test.exe]

[Throw dll injection][27/06/2025 17:24:16][WildStr][System]

[Throw dll injection][27/06/2025 17:24:16][WildStr][System]

[Throw dll injection][27/06/2025 17:24:16][WildStr][Registry]

[Throw dll injection][27/06/2025 17:24:16][WildStr][Registry]

[Throw dll injection][27/06/2025 17:24:16][WildStr][smss.exe]

[Throw dll injection][27/06/2025 17:24:16][WildStr][csrss.exe]

[Throw dll injection][27/06/2025 17:24:16][WildStr][wininit.exe]

[Throw dll injection][27/06/2025 17:24:16][WildStr][csrss.exe]

[Throw dll injection][27/06/2025 17:24:16][WildStr][wininit.exe]

[Throw dll injection][27/06/2025 17:24:16][WildStr][winlogon.exe]

[Throw dll injection][27/06/2025 17:24:16][WildStr][services.exe]

[Throw dll injection][27/06/2025 17:24:16][WildStr][csrss.exe]

[Throw dll injection][27/06/2025 17:24:16][WildStr][lsass.exe]

[Throw dll injection][27/06/2025 17:24:16][WildStr][winlogon.exe]

[Throw dll injection][27/06/2025 17:24:16][WildStr][svchost.exe]

[Throw dll injection][27/06/2025 17:24:16][WildStr][fontdrvhost.exe]

[Throw dll injection][27/06/2025 17:24:16][WildStr][lsass.exe]

[Throw dll injection][27/06/2025 17:24:16][WildStr][fontdrvhost.exe]

[Throw dll injection][27/06/2025 17:24:16][WildStr][svchost.exe]

[Throw dll injection][27/06/2025 17:24:16][WildStr][svchost.exe]

[Throw dll injection][27/06/2025 17:24:16][WildStr][fontdrvhost.exe]

[Throw dll injection][27/06/2025 17:24:16][WildStr][svchost.exe]

[Throw dll injection][27/06/2025 17:24:16][WildStr][dwm.exe]

[Throw dll injection][27/06/2025 17:24:16][WildStr][fontdrvhost.exe]

[Throw dll injection][27/06/2025 17:24:16][WildStr][svchost.exe]

[Throw dll injection][27/06/2025 17:24:16][WildStr][svchost.exe]

[Throw dll injection][27/06/2025 17:24:16][WildStr][svchost.exe]

[Throw dll injection][27/06/2025 17:24:16][WildStr][svchost.exe]

[Throw dll injection][27/06/2025 17:24:16][WildStr][svchost.exe]

[Throw dll injection][27/06/2025 17:24:16][WildStr][dwm.exe]

[Throw dll injection][27/06/2025 17:24:16][WildStr][svchost.exe]

[Throw dll injection][27/06/2025 17:24:16][WildStr][svchost.exe]

[Throw dll injection][27/06/2025 17:24:16][WildStr][svchost.exe]

[Throw dll injection][27/06/2025 17:24:16][WildStr][svchost.exe]

[Throw dll injection][27/06/2025 17:24:16][WildStr][svchost.exe]

[Throw dll injection][27/06/2025 17:24:16][WildStr][svchost.exe]

[Throw dll injection][27/06/2025 17:24:16][WildStr][svchost.exe]

[Throw dll injection][27/06/2025 17:24:16][WildStr][svchost.exe]

[Throw dll injection][27/06/2025 17:24:16][WildStr][svchost.exe]

[Throw dll injection][27/06/2025 17:24:16][WildStr][svchost.exe]

[Throw dll injection][27/06/2025 17:24:16][WildStr][svchost.exe]

[Throw dll injection][27/06/2025 17:24:16][WildStr][svchost.exe]

[Throw dll injection][27/06/2025 17:24:16][WildStr][svchost.exe]

[Throw dll injection][27/06/2025 17:24:16][WildStr][svchost.exe]

[Throw dll injection][27/06/2025 17:24:16][WildStr][svchost.exe]

[Throw dll injection][27/06/2025 17:24:16][WildStr][svchost.exe]

[Throw dll injection][27/06/2025 17:24:16][WildStr][svchost.exe]

[Throw dll injection][27/06/2025 17:24:16][WildStr][svchost.exe]

[Throw dll injection][27/06/2025 17:24:16][WildStr][VBoxService.exe]

[Throw dll injection][27/06/2025 17:24:16][WildStr][svchost.exe]

[Throw dll injection][27/06/2025 17:24:16][WildStr][svchost.exe]

[Throw dll injection][27/06/2025 17:24:16][WildStr][svchost.exe]

[Throw dll injection][27/06/2025 17:24:16][WildStr][svchost.exe]

[Throw dll injection][27/06/2025 17:24:16][WildStr][svchost.exe]

[Throw dll injection][27/06/2025 17:24:16][WildStr][svchost.exe]

[Throw dll injection][27/06/2025 17:24:16][WildStr][svchost.exe]

[Throw dll injection][27/06/2025 17:24:16][WildStr][VBoxService.exe]

[Throw dll injection][27/06/2025 17:24:16][WildStr][svchost.exe]

[Throw dll injection][27/06/2025 17:24:16][WildStr][svchost.exe]

[Throw dll injection][27/06/2025 17:24:16][WildStr][svchost.exe]

[Throw dll injection][27/06/2025 17:24:16][WildStr][Memory Compression]

[Throw dll injection][27/06/2025 17:24:16][WildStr][svchost.exe]

[Throw dll injection][27/06/2025 17:24:16][WildStr][svchost.exe]

[Throw dll injection][27/06/2025 17:24:16][WildStr][svchost.exe]

[Throw dll injection][27/06/2025 17:24:16][WildStr][svchost.exe]

[Throw dll injection][27/06/2025 17:24:16][WildStr][svchost.exe]

[Throw dll injection][27/06/2025 17:24:16][WildStr][svchost.exe]

[Throw dll injection][27/06/2025 17:24:16][WildStr][svchost.exe]

[Throw dll injection][27/06/2025 17:24:16][WildStr][svchost.exe]
sion]

[Throw dll injection][27/06/2025 17:24:16][WildStr][svchost.exe]

[Throw dll injection][27/06/2025 17:24:16][WildStr][svchost.exe]

[Throw dll injection][27/06/2025 17:24:16][WildStr][svchost.exe]

[Throw dll injection][27/06/2025 17:24:16][WildStr][svchost.exe]

[Throw dll injection][27/06/2025 17:24:16][WildStr][svchost.exe]

[Throw dll injection][27/06/2025 17:24:16][WildStr][svchost.exe]

[Throw dll injection][27/06/2025 17:24:16][WildStr][svchost.exe]

[Throw dll injection][27/06/2025 17:24:16][WildStr][spoolsv.exe]

[Throw dll injection][27/06/2025 17:24:16][WildStr][svchost.exe]

[Throw dll injection][27/06/2025 17:24:16][WildStr][svchost.exe]

[Throw dll injection][27/06/2025 17:24:16][WildStr][svchost.exe]

[Throw dll injection][27/06/2025 17:24:16][WildStr][svchost.exe]

[Throw dll injection][27/06/2025 17:24:16][WildStr][svchost.exe]

[Throw dll injection][27/06/2025 17:24:16][WildStr][svchost.exe]

[Throw dll injection][27/06/2025 17:24:16][WildStr][svchost.exe]

[Throw dll injection][27/06/2025 17:24:16][WildStr][ssh-agent.exe]

[Throw dll injection][27/06/2025 17:24:16][WildStr][spoolsv.exe]

[Throw dll injection][27/06/2025 17:24:16][WildStr][sshd.exe]

[Throw dll injection][27/06/2025 17:24:16][WildStr][svchost.exe]

[Throw dll injection][27/06/2025 17:24:16][WildStr][svchost.exe]

[Throw dll injection][27/06/2025 17:24:16][WildStr][svchost.exe]

[Throw dll injection][27/06/2025 17:24:16][WildStr][svchost.exe]

[Throw dll injection][27/06/2025 17:24:16][WildStr][svchost.exe]

[Throw dll injection][27/06/2025 17:24:16][WildStr][svchost.exe]

[Throw dll injection][27/06/2025 17:24:16][WildStr][svchost.exe]

[Throw dll injection][27/06/2025 17:24:16][WildStr][ssh-agent.exe]

[Throw dll injection][27/06/2025 17:24:16][WildStr][svchost.exe]

[Throw dll injection][27/06/2025 17:24:16][WildStr][sshd.exe]

[Throw dll injection][27/06/2025 17:24:16][WildStr][svchost.exe]

[Throw dll injection][27/06/2025 17:24:16][WildStr][svchost.exe]

[Throw dll injection][27/06/2025 17:24:16][WildStr][svchost.exe]

[Throw dll injection][27/06/2025 17:24:16][WildStr][svchost.exe]

[Throw dll injection][27/06/2025 17:24:16][WildStr][svchost.exe]

[Throw dll injection][27/06/2025 17:24:16][WildStr][svchost.exe]

[Throw dll injection][27/06/2025 17:24:16][WildStr][svchost.exe]

[Throw dll injection][27/06/2025 17:24:16][WildStr][svchost.exe]

[Throw dll injection][27/06/2025 17:24:16][WildStr][MpDefenderCoreService.exe]

[Throw dll injection][27/06/2025 17:24:16][WildStr][svchost.exe]

[Throw dll injection][27/06/2025 17:24:16][WildStr][MsMpEng.exe]

[Throw dll injection][27/06/2025 17:24:16][WildStr][svchost.exe]

[Throw dll injection][27/06/2025 17:24:16][WildStr][SearchIndexer.exe]

[Throw dll injection][27/06/2025 17:24:16][WildStr][svchost.exe]

[Throw dll injection][27/06/2025 17:24:16][WildStr][AggregatorHost.exe]

[Throw dll injection][27/06/2025 17:24:16][WildStr][svchost.exe]

[Throw dll injection][27/06/2025 17:24:16][WildStr][dllhost.exe]

[Throw dll injection][27/06/2025 17:24:16][WildStr][svchost.exe]

[Throw dll injection][27/06/2025 17:24:16][WildStr][svchost.exe]

[Throw dll injection][27/06/2025 17:24:16][WildStr][MpDefenderCoreService.exe]

[Throw dll injection][27/06/2025 17:24:16][WildStr][NisSrv.exe]

[Throw dll injection][27/06/2025 17:24:16][WildStr][MsMpEng.exe]

[Throw dll injection][27/06/2025 17:24:16][WildStr][sihost.exe]

[Throw dll injection][27/06/2025 17:24:16][WildStr][SearchIndexer.exe]

[Throw dll injection][27/06/2025 17:24:16][WildStr][svchost.exe]

[Throw dll injection][27/06/2025 17:24:16][WildStr][AggregatorHost.exe]

[Throw dll injection][27/06/2025 17:24:16][WildStr][svchost.exe]

[Throw dll injection][27/06/2025 17:24:16][WildStr][dllhost.exe]

[Throw dll injection][27/06/2025 17:24:16][WildStr][taskhostw.exe]

[Throw dll injection][27/06/2025 17:24:16][WildStr][svchost.exe]

[Throw dll injection][27/06/2025 17:24:16][WildStr][NisSrv.exe]
Update.exe]

[Throw dll injection][27/06/2025 17:24:16][WildStr][sihost.exe]


[Throw dll injection][27/06/2025 17:24:16][WildStr][ctfmon.exe]

[Throw dll injection][27/06/2025 17:24:16][WildStr][svchost.exe]

[Throw dll injection][27/06/2025 17:24:16][WildStr][svchost.exe]

[Throw dll injection][27/06/2025 17:24:16][WildStr][svchost.exe]

[Throw dll injection][27/06/2025 17:24:16][WildStr][svchost.exe]

[Throw dll injection][27/06/2025 17:24:16][WildStr][taskhostw.exe]

[Throw dll injection][27/06/2025 17:24:16][WildStr][explorer.exe]

[Throw dll injection][27/06/2025 17:24:16][WildStr][MicrosoftEdgeUpdate.exe]

[Throw dll injection][27/06/2025 17:24:16][WildStr][svchost.exe]

[Throw dll injection][27/06/2025 17:24:16][WildStr][svchost.exe]

[Throw dll injection][27/06/2025 17:24:16][WildStr][StartMenuExperienceHost.exe]

[Throw dll injection][27/06/2025 17:24:16][WildStr][ctfmon.exe]

[Throw dll injection][27/06/2025 17:24:16][WildStr][RuntimeBroker.exe]

[Throw dll injection][27/06/2025 17:24:16][WildStr][svchost.exe]

[Throw dll injection][27/06/2025 17:24:16][WildStr][SearchApp.exe]

[Throw dll injection][27/06/2025 17:24:16][WildStr][svchost.exe]

[Throw dll injection][27/06/2025 17:24:16][WildStr][svchost.exe]

[Throw dll injection][27/06/2025 17:24:16][WildStr][explorer.exe]

[Throw dll injection][27/06/2025 17:24:16][WildStr][RuntimeBroker.exe]

[Throw dll injection][27/06/2025 17:24:16][WildStr][svchost.exe]

[Throw dll injection][27/06/2025 17:24:16][WildStr][RuntimeBroker.exe]

[Throw dll injection][27/06/2025 17:24:16][WildStr][StartMenuExperienceHost.exe]

[Throw dll injection][27/06/2025 17:24:16][WildStr][svchost.exe]

[Throw dll injection][27/06/2025 17:24:16][WildStr][SecurityHealthSystray.exe]

[Throw dll injection][27/06/2025 17:24:16][WildStr][SearchApp.exe]

[Throw dll injection][27/06/2025 17:24:16][WildStr][SecurityHealthService.exe]

[Throw dll injection][27/06/2025 17:24:16][WildStr][svchost.exe]

[Throw dll injection][27/06/2025 17:24:16][WildStr][VBoxTray.exe]

[Throw dll injection][27/06/2025 17:24:16][WildStr][RuntimeBroker.exe]

[Throw dll injection][27/06/2025 17:24:16][WildStr][OneDrive.exe]

[Throw dll injection][27/06/2025 17:24:16][WildStr][RuntimeBroker.exe]

[Throw dll injection][27/06/2025 17:24:16][WildStr][svchost.exe]

[Throw dll injection][27/06/2025 17:24:16][WildStr][svchost.exe]

[Throw dll injection][27/06/2025 17:24:16][WildStr][SecurityHealthSystray.exe]

[Throw dll injection][27/06/2025 17:24:16][WildStr][SecurityHealthService.exe]

[Throw dll injection][27/06/2025 17:24:16][WildStr][svchost.exe]

[Throw dll injection][27/06/2025 17:24:16][WildStr][VBoxTray.exe]

[Throw dll injection][27/06/2025 17:24:16][WildStr][OneDrive.exe]

[Throw dll injection][27/06/2025 17:24:16][WildStr][svchost.exe]

[Throw dll injection][27/06/2025 17:24:16][WildStr][svchost.exe]

[Throw dll injection][27/06/2025 17:24:16][WildStr][svchost.exe]

[Throw dll injection][27/06/2025 17:24:16][WildStr][svchost.exe]

[Throw dll injection][27/06/2025 17:24:16][WildStr][svchost.exe]

[Throw dll injection][27/06/2025 17:24:16][WildStr][svchost.exe]

[Throw dll injection][27/06/2025 17:24:16][WildStr][svchost.exe]

[Throw dll injection][27/06/2025 17:24:16][WildStr][svchost.exe]

[Throw dll injection][27/06/2025 17:24:16][WildStr][TextInputHost.exe]

[Throw dll injection][27/06/2025 17:24:16][WildStr][svchost.exe]

[Throw dll injection][27/06/2025 17:24:16][WildStr][ApplicationFrameHost.exe]

[Throw dll injection][27/06/2025 17:24:16][WildStr][svchost.exe]

[Throw dll injection][27/06/2025 17:24:16][WildStr][SystemSettings.exe]

[Throw dll injection][27/06/2025 17:24:16][WildStr][TextInputHost.exe]

[Throw dll injection][27/06/2025 17:24:16][WildStr][UserOOBEBroker.exe]

[Throw dll injection][27/06/2025 17:24:16][WildStr][ApplicationFrameHost.exe]

[Throw dll injection][27/06/2025 17:24:16][WildStr][SearchApp.exe]

[Throw dll injection][27/06/2025 17:24:16][WildStr][SystemSettings.exe]

[Throw dll injection][27/06/2025 17:24:16][WildStr][msedgewebview2.exe]

[Throw dll injection][27/06/2025 17:24:16][WildStr][UserOOBEBroker.exe]

[Throw dll injection][27/06/2025 17:24:16][WildStr][msedgewebview2.exe]

[Throw dll injection][27/06/2025 17:24:16][WildStr][SearchApp.exe]

[Throw dll injection][27/06/2025 17:24:16][WildStr][msedgewebview2.exe]

[Throw dll injection][27/06/2025 17:24:16][WildStr][msedgewebview2.exe]

[Throw dll injection][27/06/2025 17:24:16][WildStr][msedgewebview2.exe]

[Throw dll injection][27/06/2025 17:24:16][WildStr][msedgewebview2.exe]

[Throw dll injection][27/06/2025 17:24:16][WildStr][msedgewebview2.exe]

[Throw dll injection][27/06/2025 17:24:16][WildStr][msedgewebview2.exe]

[Throw dll injection][27/06/2025 17:24:16][WildStr][msedgewebview2.exe]

[Throw dll injection][27/06/2025 17:24:16][WildStr][msedgewebview2.exe]

[Throw dll injection][27/06/2025 17:24:16][WildStr][msedgewebview2.exe]

[Throw dll injection][27/06/2025 17:24:16][WildStr][FileCoAuth.exe]

[Throw dll injection][27/06/2025 17:24:16][WildStr][msedgewebview2.exe]

[Throw dll injection][27/06/2025 17:24:16][WildStr][svchost.exe]

[Throw dll injection][27/06/2025 17:24:16][WildStr][FileCoAuth.exe]

[Throw dll injection][27/06/2025 17:24:16][WildStr][msedge.exe]

[Throw dll injection][27/06/2025 17:24:16][WildStr][svchost.exe]

[Throw dll injection][27/06/2025 17:24:16][WildStr][msedge.exe]

[Throw dll injection][27/06/2025 17:24:16][WildStr][msedge.exe]

[Throw dll injection][27/06/2025 17:24:16][WildStr][msedge.exe]

[Throw dll injection][27/06/2025 17:24:16][WildStr][msedge.exe]

[Throw dll injection][27/06/2025 17:24:16][WildStr][msedge.exe]

[Throw dll injection][27/06/2025 17:24:16][WildStr][msedge.exe]

[Throw dll injection][27/06/2025 17:24:16][WildStr][msedge.exe]

[Throw dll injection][27/06/2025 17:24:16][WildStr][msedge.exe]

[Throw dll injection][27/06/2025 17:24:16][WildStr][svchost.exe]

[Throw dll injection][27/06/2025 17:24:16][WildStr][msedge.exe]

[Throw dll injection][27/06/2025 17:24:16][WildStr][svchost.exe]

[Throw dll injection][27/06/2025 17:24:16][WildStr][svchost.exe]

[Throw dll injection][27/06/2025 17:24:16][WildStr][svchost.exe]

[Throw dll injection][27/06/2025 17:24:16][WildStr][dllhost.exe]

[Throw dll injection][27/06/2025 17:24:16][WildStr][svchost.exe]

[Throw dll injection][27/06/2025 17:24:16][WildStr][ShellExperienceHost.exe]

[Throw dll injection][27/06/2025 17:24:16][WildStr][dllhost.exe]

[Throw dll injection][27/06/2025 17:24:16][WildStr][RuntimeBroker.exe]

[Throw dll injection][27/06/2025 17:24:16][WildStr][ShellExperienceHost.exe]

[Throw dll injection][27/06/2025 17:24:16][WildStr][powershell.exe]

[Throw dll injection][27/06/2025 17:24:16][WildStr][RuntimeBroker.exe]

[Throw dll injection][27/06/2025 17:24:16][WildStr][conhost.exe]

[Throw dll injection][27/06/2025 17:24:16][WildStr][powershell.exe]

[Throw dll injection][27/06/2025 17:24:16][WildStr][cmd.exe]

[Throw dll injection][27/06/2025 17:24:16][WildStr][conhost.exe]

[Throw dll injection][27/06/2025 17:24:16][WildStr][conhost.exe]

[Throw dll injection][27/06/2025 17:24:16][WildStr][cmd.exe]

[Throw dll injection][27/06/2025 17:24:16][WildStr][powershell.exe]

[Throw dll injection][27/06/2025 17:24:16][WildStr][conhost.exe]

[Throw dll injection][27/06/2025 17:24:16][WildStr][Code.exe]

[Throw dll injection][27/06/2025 17:24:16][WildStr][powershell.exe]

[Throw dll injection][27/06/2025 17:24:16][WildStr][Code.exe]

[Throw dll injection][27/06/2025 17:24:16][WildStr][Code.exe]

[Throw dll injection][27/06/2025 17:24:16][WildStr][Code.exe]

[Throw dll injection][27/06/2025 17:24:16][WildStr][Code.exe]

[Throw dll injection][27/06/2025 17:24:16][WildStr][Code.exe]

[Throw dll injection][27/06/2025 17:24:16][WildStr][Code.exe]

[Throw dll injection][27/06/2025 17:24:16][WildStr][Code.exe]

[Throw dll injection][27/06/2025 17:24:16][WildStr][Code.exe]

[Throw dll injection][27/06/2025 17:24:16][WildStr][Code.exe]

[Throw dll injection][27/06/2025 17:24:16][WildStr][Code.exe]

[Throw dll injection][27/06/2025 17:24:16][WildStr][Code.exe]

[Throw dll injection][27/06/2025 17:24:16][WildStr][Code.exe]

[Throw dll injection][27/06/2025 17:24:16][WildStr][Code.exe]

[Throw dll injection][27/06/2025 17:24:16][WildStr][Code.exe]

[Throw dll injection][27/06/2025 17:24:16][WildStr][cpptools.exe]

[Throw dll injection][27/06/2025 17:24:16][WildStr][Code.exe]

[Throw dll injection][27/06/2025 17:24:16][WildStr][conhost.exe]

[Throw dll injection][27/06/2025 17:24:16][WildStr][cpptools.exe]

[Throw dll injection][27/06/2025 17:24:16][WildStr][Code.exe]

[Throw dll injection][27/06/2025 17:24:16][WildStr][conhost.exe]

[Throw dll injection][27/06/2025 17:24:16][WildStr][cpptools.exe]

[Throw dll injection][27/06/2025 17:24:16][WildStr][Code.exe]

[Throw dll injection][27/06/2025 17:24:16][WildStr][cpptools-srv.exe]

[Throw dll injection][27/06/2025 17:24:16][WildStr][cpptools.exe]

[Throw dll injection][27/06/2025 17:24:16][WildStr][conhost.exe]

[Throw dll injection][27/06/2025 17:24:16][WildStr][cpptools-srv.exe]

[Throw dll injection][27/06/2025 17:24:16][WildStr][svchost.exe]

[Throw dll injection][27/06/2025 17:24:16][WildStr][conhost.exe]

[Throw dll injection][27/06/2025 17:24:16][WildStr][svchost.exe]

[Throw dll injection][27/06/2025 17:24:16][WildStr][svchost.exe]

[Throw dll injection][27/06/2025 17:24:16][WildStr][Code.exe]
]

[Throw dll injection][27/06/2025 17:24:16][WildStr][Code.exe]

[Throw dll injection][27/06/2025 17:24:16][WildStr][conhost.exe]

[Throw dll injection][27/06/2025 17:24:16][WildStr][conhost.exe]

[Throw dll injection][27/06/2025 17:24:16][WildStr][powershell.exe]

[Throw dll injection][27/06/2025 17:24:16][WildStr][powershell.exe]

[Throw dll injection][27/06/2025 17:24:16][WildStr][vctip.exe]

[Throw dll injection][27/06/2025 17:24:16][WildStr][vctip.exe]

[Throw dll injection][27/06/2025 17:24:16][WildStr][cpptools-srv.exe]

[Throw dll injection][27/06/2025 17:24:16][WildStr][conhost.exe]

[Throw dll injection][27/06/2025 17:24:16][WildStr][conhost.exe]

[Throw dll injection][27/06/2025 17:24:16][WildStr][smartscreen.exe]

[Throw dll injection][27/06/2025 17:24:16][WildStr][svchost.exe]

[Throw dll injection][27/06/2025 17:24:16][WildStr][smartscreen.exe]

[Throw dll injection][27/06/2025 17:24:16][WildStr][Taskmgr.exe]

[Throw dll injection][27/06/2025 17:24:16][WildStr][Taskmgr.exe]

[Throw dll injection][27/06/2025 17:24:16][WildStr][conhost.exe]

[Throw dll injection][27/06/2025 17:24:16][WildStr][conhost.exe]

[Throw dll injection][27/06/2025 17:24:16][WildStr][powershell.exe]

[Throw dll injection][27/06/2025 17:24:16][WildStr][test.exe]

[Throw dll injection][27/06/2025 17:24:16][WildStr][powershell.exe]

[Throw dll injection][27/06/2025 17:24:16][WildStr][test.exe]

[Throw dll injection][27/06/2025 17:24:17][WildStr][System]

[Throw dll injection][27/06/2025 17:24:17][WildStr][Registry]

[Throw dll injection][27/06/2025 17:24:17][WildStr][Registry]

[Throw dll injection][27/06/2025 17:24:17][WildStr][smss.exe]

[Throw dll injection][27/06/2025 17:24:17][WildStr][smss.exe]

[Throw dll injection][27/06/2025 17:24:17][WildStr][csrss.exe]

[Throw dll injection][27/06/2025 17:24:17][WildStr][csrss.exe]

[Throw dll injection][27/06/2025 17:24:17][WildStr][wininit.exe]

[Throw dll injection][27/06/2025 17:24:17][WildStr][wininit.exe]

[Throw dll injection][27/06/2025 17:24:17][WildStr][csrss.exe]

[Throw dll injection][27/06/2025 17:24:17][WildStr][csrss.exe]

[Throw dll injection][27/06/2025 17:24:17][WildStr][winlogon.exe]

[Throw dll injection][27/06/2025 17:24:17][WildStr][winlogon.exe]

[Throw dll injection][27/06/2025 17:24:17][WildStr][services.exe]

[Throw dll injection][27/06/2025 17:24:17][WildStr][services.exe]

[Throw dll injection][27/06/2025 17:24:17][WildStr][lsass.exe]

[Throw dll injection][27/06/2025 17:24:17][WildStr][lsass.exe]

[Throw dll injection][27/06/2025 17:24:17][WildStr][svchost.exe]

[Throw dll injection][27/06/2025 17:24:17][WildStr][svchost.exe]

[Throw dll injection][27/06/2025 17:24:17][WildStr][fontdrvhost.exe]

[Throw dll injection][27/06/2025 17:24:17][WildStr][fontdrvhost.exe]

[Throw dll injection][27/06/2025 17:24:17][WildStr][fontdrvhost.exe]

[Throw dll injection][27/06/2025 17:24:17][WildStr][fontdrvhost.exe]

[Throw dll injection][27/06/2025 17:24:17][WildStr][svchost.exe]

[Throw dll injection][27/06/2025 17:24:17][WildStr][svchost.exe]

[Throw dll injection][27/06/2025 17:24:17][WildStr][svchost.exe]

[Throw dll injection][27/06/2025 17:24:17][WildStr][dwm.exe]

[Throw dll injection][27/06/2025 17:24:17][WildStr][svchost.exe]

[Throw dll injection][27/06/2025 17:24:17][WildStr][svchost.exe]

[Throw dll injection][27/06/2025 17:24:17][WildStr][svchost.exe]

[Throw dll injection][27/06/2025 17:24:17][WildStr][svchost.exe]

[Throw dll injection][27/06/2025 17:24:17][WildStr][svchost.exe]

[Throw dll injection][27/06/2025 17:24:17][WildStr][svchost.exe]

[Throw dll injection][27/06/2025 17:24:17][WildStr][svchost.exe]

[Throw dll injection][27/06/2025 17:24:17][WildStr][svchost.exe]

[Throw dll injection][27/06/2025 17:24:17][WildStr][svchost.exe]

[Throw dll injection][27/06/2025 17:24:17][WildStr][svchost.exe]

[Throw dll injection][27/06/2025 17:24:17][WildStr][svchost.exe]

[Throw dll injection][27/06/2025 17:24:17][WildStr][svchost.exe]

[Throw dll injection][27/06/2025 17:24:17][WildStr][svchost.exe]

[Throw dll injection][27/06/2025 17:24:17][WildStr][svchost.exe]

[Throw dll injection][27/06/2025 17:24:17][WildStr][svchost.exe]

[Throw dll injection][27/06/2025 17:24:17][WildStr][svchost.exe]

[Throw dll injection][27/06/2025 17:24:17][WildStr][svchost.exe]

[Throw dll injection][27/06/2025 17:24:17][WildStr][svchost.exe]

[Throw dll injection][27/06/2025 17:24:17][WildStr][svchost.exe]

[Throw dll injection][27/06/2025 17:24:17][WildStr][svchost.exe]

[Throw dll injection][27/06/2025 17:24:17][WildStr][svchost.exe]

[Throw dll injection][27/06/2025 17:24:17][WildStr][svchost.exe]

[Throw dll injection][27/06/2025 17:24:17][WildStr][svchost.exe]

[Throw dll injection][27/06/2025 17:24:17][WildStr][svchost.exe]

[Throw dll injection][27/06/2025 17:24:17][WildStr][VBoxService.exe]

[Throw dll injection][27/06/2025 17:24:17][WildStr][svchost.exe]

[Throw dll injection][27/06/2025 17:24:17][WildStr][svchost.exe]

[Throw dll injection][27/06/2025 17:24:17][WildStr][VBoxService.exe]

[Throw dll injection][27/06/2025 17:24:17][WildStr][svchost.exe]

[Throw dll injection][27/06/2025 17:24:17][WildStr][svchost.exe]

[Throw dll injection][27/06/2025 17:24:17][WildStr][svchost.exe]

[Throw dll injection][27/06/2025 17:24:17][WildStr][svchost.exe]

[Throw dll injection][27/06/2025 17:24:17][WildStr][svchost.exe]

[Throw dll injection][27/06/2025 17:24:17][WildStr][svchost.exe]

[Throw dll injection][27/06/2025 17:24:17][WildStr][svchost.exe]

[Throw dll injection][27/06/2025 17:24:17][WildStr][svchost.exe]

[Throw dll injection][27/06/2025 17:24:17][WildStr][svchost.exe]

[Throw dll injection][27/06/2025 17:24:17][WildStr][Memory Compression]

[Throw dll injection][27/06/2025 17:24:17][WildStr][svchost.exe]

[Throw dll injection][27/06/2025 17:24:17][WildStr][svchost.exe]

[Throw dll injection][27/06/2025 17:24:17][WildStr][svchost.exe]

[Throw dll injection][27/06/2025 17:24:17][WildStr][svchost.exe]

[Throw dll injection][27/06/2025 17:24:17][WildStr][Memory Compression]

[Throw dll injection][27/06/2025 17:24:17][WildStr][svchost.exe]

[Throw dll injection][27/06/2025 17:24:17][WildStr][svchost.exe]

[Throw dll injection][27/06/2025 17:24:17][WildStr][svchost.exe]

[Throw dll injection][27/06/2025 17:24:17][WildStr][svchost.exe]

[Throw dll injection][27/06/2025 17:24:17][WildStr][svchost.exe]

[Throw dll injection][27/06/2025 17:24:17][WildStr][svchost.exe]

[Throw dll injection][27/06/2025 17:24:17][WildStr][svchost.exe]

[Throw dll injection][27/06/2025 17:24:17][WildStr][svchost.exe]

[Throw dll injection][27/06/2025 17:24:17][WildStr][svchost.exe]

[Throw dll injection][27/06/2025 17:24:17][WildStr][svchost.exe]

[Throw dll injection][27/06/2025 17:24:17][WildStr][svchost.exe]

[Throw dll injection][27/06/2025 17:24:17][WildStr][svchost.exe]

[Throw dll injection][27/06/2025 17:24:17][WildStr][spoolsv.exe]

[Throw dll injection][27/06/2025 17:24:17][WildStr][svchost.exe]

[Throw dll injection][27/06/2025 17:24:17][WildStr][svchost.exe]

[Throw dll injection][27/06/2025 17:24:17][WildStr][svchost.exe]

[Throw dll injection][27/06/2025 17:24:17][WildStr][svchost.exe]

[Throw dll injection][27/06/2025 17:24:17][WildStr][spoolsv.exe]

[Throw dll injection][27/06/2025 17:24:17][WildStr][svchost.exe]

[Throw dll injection][27/06/2025 17:24:17][WildStr][svchost.exe]

[Throw dll injection][27/06/2025 17:24:17][WildStr][svchost.exe]

[Throw dll injection][27/06/2025 17:24:17][WildStr][svchost.exe]

[Throw dll injection][27/06/2025 17:24:17][WildStr][ssh-agent.exe]

[Throw dll injection][27/06/2025 17:24:17][WildStr][svchost.exe]

[Throw dll injection][27/06/2025 17:24:17][WildStr][sshd.exe]

[Throw dll injection][27/06/2025 17:24:17][WildStr][svchost.exe]

[Throw dll injection][27/06/2025 17:24:17][WildStr][svchost.exe]

[Throw dll injection][27/06/2025 17:24:17][WildStr][ssh-agent.exe]

[Throw dll injection][27/06/2025 17:24:17][WildStr][svchost.exe]

[Throw dll injection][27/06/2025 17:24:17][WildStr][sshd.exe]

[Throw dll injection][27/06/2025 17:24:17][WildStr][svchost.exe]

[Throw dll injection][27/06/2025 17:24:17][WildStr][svchost.exe]

[Throw dll injection][27/06/2025 17:24:17][WildStr][svchost.exe]

[Throw dll injection][27/06/2025 17:24:17][WildStr][svchost.exe]

[Throw dll injection][27/06/2025 17:24:17][WildStr][svchost.exe]

[Throw dll injection][27/06/2025 17:24:17][WildStr][svchost.exe]

[Throw dll injection][27/06/2025 17:24:17][WildStr][svchost.exe]

[Throw dll injection][27/06/2025 17:24:17][WildStr][svchost.exe]

[Throw dll injection][27/06/2025 17:24:17][WildStr][svchost.exe]

[Throw dll injection][27/06/2025 17:24:17][WildStr][svchost.exe]

[Throw dll injection][27/06/2025 17:24:17][WildStr][svchost.exe]

[Throw dll injection][27/06/2025 17:24:17][WildStr][svchost.exe]

[Throw dll injection][27/06/2025 17:24:17][WildStr][svchost.exe]

[Throw dll injection][27/06/2025 17:24:17][WildStr][MpDefenderCoreService.exe]

[Throw dll injection][27/06/2025 17:24:17][WildStr][svchost.exe]

[Throw dll injection][27/06/2025 17:24:17][WildStr][MsMpEng.exe]

[Throw dll injection][27/06/2025 17:24:17][WildStr][SearchIndexer.exe]

[Throw dll injection][27/06/2025 17:24:17][WildStr][MpDefenderCoreService.exe]

[Throw dll injection][27/06/2025 17:24:17][WildStr][dllhost.exe]

[Throw dll injection][27/06/2025 17:24:17][WildStr][MsMpEng.exe]

[Throw dll injection][27/06/2025 17:24:17][WildStr][svchost.exe]

[Throw dll injection][27/06/2025 17:24:17][WildStr][SearchIndexer.exe]

[Throw dll injection][27/06/2025 17:24:17][WildStr][NisSrv.exe]

[Throw dll injection][27/06/2025 17:24:17][WildStr][AggregatorHost.exe]

[Throw dll injection][27/06/2025 17:24:17][WildStr][sihost.exe]

[Throw dll injection][27/06/2025 17:24:17][WildStr][dllhost.exe]

[Throw dll injection][27/06/2025 17:24:17][WildStr][svchost.exe]

[Throw dll injection][27/06/2025 17:24:17][WildStr][svchost.exe]

[Throw dll injection][27/06/2025 17:24:17][WildStr][svchost.exe]

[Throw dll injection][27/06/2025 17:24:17][WildStr][NisSrv.exe]

[Throw dll injection][27/06/2025 17:24:17][WildStr][taskhostw.exe]

[Throw dll injection][27/06/2025 17:24:17][WildStr][sihost.exe]

[Throw dll injection][27/06/2025 17:24:17][WildStr][MicrosoftEdgeUpdate.exe]

[Throw dll injection][27/06/2025 17:24:17][WildStr][svchost.exe]

[Throw dll injection][27/06/2025 17:24:17][WildStr][svchost.exe]

[Throw dll injection][27/06/2025 17:24:17][WildStr][svchost.exe]

[Throw dll injection][27/06/2025 17:24:17][WildStr][ctfmon.exe]

[Throw dll injection][27/06/2025 17:24:17][WildStr][taskhostw.exe]

[Throw dll injection][27/06/2025 17:24:17][WildStr][svchost.exe]

[Throw dll injection][27/06/2025 17:24:17][WildStr][MicrosoftEdgeUpdate.exe]

[Throw dll injection][27/06/2025 17:24:17][WildStr][svchost.exe]

[Throw dll injection][27/06/2025 17:24:17][WildStr][svchost.exe]

[Throw dll injection][27/06/2025 17:24:17][WildStr][explorer.exe]

[Throw dll injection][27/06/2025 17:24:17][WildStr][ctfmon.exe]

[Throw dll injection][27/06/2025 17:24:17][WildStr][svchost.exe]

[Throw dll injection][27/06/2025 17:24:17][WildStr][svchost.exe]

[Throw dll injection][27/06/2025 17:24:17][WildStr][StartMenuExperienceHost.exe]

[Throw dll injection][27/06/2025 17:24:17][WildStr][svchost.exe]

[Throw dll injection][27/06/2025 17:24:17][WildStr][RuntimeBroker.exe]

[Throw dll injection][27/06/2025 17:24:17][WildStr][explorer.exe]

[Throw dll injection][27/06/2025 17:24:17][WildStr][SearchApp.exe]

[Throw dll injection][27/06/2025 17:24:17][WildStr][svchost.exe]

[Throw dll injection][27/06/2025 17:24:17][WildStr][svchost.exe]

[Throw dll injection][27/06/2025 17:24:17][WildStr][StartMenuExperienceHost.exe]

[Throw dll injection][27/06/2025 17:24:17][WildStr][RuntimeBroker.exe]

[Throw dll injection][27/06/2025 17:24:17][WildStr][RuntimeBroker.exe]

[Throw dll injection][27/06/2025 17:24:17][WildStr][RuntimeBroker.exe]

[Throw dll injection][27/06/2025 17:24:17][WildStr][SearchApp.exe]

[Throw dll injection][27/06/2025 17:24:17][WildStr][svchost.exe]

[Throw dll injection][27/06/2025 17:24:17][WildStr][svchost.exe]

[Throw dll injection][27/06/2025 17:24:17][WildStr][SecurityHealthSystray.exe]

[Throw dll injection][27/06/2025 17:24:17][WildStr][RuntimeBroker.exe]

[Throw dll injection][27/06/2025 17:24:17][WildStr][SecurityHealthService.exe]

[Throw dll injection][27/06/2025 17:24:17][WildStr][RuntimeBroker.exe]

[Throw dll injection][27/06/2025 17:24:17][WildStr][VBoxTray.exe]

[Throw dll injection][27/06/2025 17:24:17][WildStr][svchost.exe]

[Throw dll injection][27/06/2025 17:24:17][WildStr][OneDrive.exe]

[Throw dll injection][27/06/2025 17:24:17][WildStr][SecurityHealthSystray.exe]

[Throw dll injection][27/06/2025 17:24:17][WildStr][svchost.exe]

[Throw dll injection][27/06/2025 17:24:17][WildStr][SecurityHealthService.exe]

[Throw dll injection][27/06/2025 17:24:17][WildStr][VBoxTray.exe]

[Throw dll injection][27/06/2025 17:24:17][WildStr][svchost.exe]

[Throw dll injection][27/06/2025 17:24:17][WildStr][OneDrive.exe]

[Throw dll injection][27/06/2025 17:24:17][WildStr][svchost.exe]

[Throw dll injection][27/06/2025 17:24:17][WildStr][svchost.exe]

[Throw dll injection][27/06/2025 17:24:17][WildStr][svchost.exe]

[Throw dll injection][27/06/2025 17:24:17][WildStr][svchost.exe]

[Throw dll injection][27/06/2025 17:24:17][WildStr][svchost.exe]

[Throw dll injection][27/06/2025 17:24:17][WildStr][svchost.exe]

[Throw dll injection][27/06/2025 17:24:17][WildStr][svchost.exe]

[Throw dll injection][27/06/2025 17:24:17][WildStr][svchost.exe]

[Throw dll injection][27/06/2025 17:24:17][WildStr][TextInputHost.exe]

[Throw dll injection][27/06/2025 17:24:17][WildStr][svchost.exe]

[Throw dll injection][27/06/2025 17:24:17][WildStr][ApplicationFrameHost.exe]

[Throw dll injection][27/06/2025 17:24:17][WildStr][svchost.exe]

[Throw dll injection][27/06/2025 17:24:17][WildStr][SystemSettings.exe]

[Throw dll injection][27/06/2025 17:24:17][WildStr][TextInputHost.exe]

[Throw dll injection][27/06/2025 17:24:17][WildStr][UserOOBEBroker.exe]

[Throw dll injection][27/06/2025 17:24:17][WildStr][ApplicationFrameHost.exe]

[Throw dll injection][27/06/2025 17:24:17][WildStr][SearchApp.exe]

[Throw dll injection][27/06/2025 17:24:17][WildStr][SystemSettings.exe]

[Throw dll injection][27/06/2025 17:24:17][WildStr][msedgewebview2.exe]

[Throw dll injection][27/06/2025 17:24:17][WildStr][UserOOBEBroker.exe]

[Throw dll injection][27/06/2025 17:24:17][WildStr][msedgewebview2.exe]

[Throw dll injection][27/06/2025 17:24:17][WildStr][SearchApp.exe]

[Throw dll injection][27/06/2025 17:24:17][WildStr][msedgewebview2.exe]

[Throw dll injection][27/06/2025 17:24:17][WildStr][msedgewebview2.exe]

[Throw dll injection][27/06/2025 17:24:17][WildStr][msedgewebview2.exe]

[Throw dll injection][27/06/2025 17:24:17][WildStr][msedgewebview2.exe]

[Throw dll injection][27/06/2025 17:24:17][WildStr][msedgewebview2.exe]

[Throw dll injection][27/06/2025 17:24:17][WildStr][msedgewebview2.exe]

[Throw dll injection][27/06/2025 17:24:17][WildStr][msedgewebview2.exe]

[Throw dll injection][27/06/2025 17:24:17][WildStr][msedgewebview2.exe]

[Throw dll injection][27/06/2025 17:24:17][WildStr][FileCoAuth.exe]

[Throw dll injection][27/06/2025 17:24:17][WildStr][msedgewebview2.exe]

[Throw dll injection][27/06/2025 17:24:17][WildStr][svchost.exe]

[Throw dll injection][27/06/2025 17:24:17][WildStr][msedgewebview2.exe]

[Throw dll injection][27/06/2025 17:24:17][WildStr][msedge.exe]

[Throw dll injection][27/06/2025 17:24:17][WildStr][FileCoAuth.exe]

[Throw dll injection][27/06/2025 17:24:17][WildStr][msedge.exe]

[Throw dll injection][27/06/2025 17:24:17][WildStr][svchost.exe]

[Throw dll injection][27/06/2025 17:24:17][WildStr][msedge.exe]

[Throw dll injection][27/06/2025 17:24:17][WildStr][msedge.exe]

[Throw dll injection][27/06/2025 17:24:17][WildStr][msedge.exe]

[Throw dll injection][27/06/2025 17:24:17][WildStr][msedge.exe]

[Throw dll injection][27/06/2025 17:24:17][WildStr][msedge.exe]

[Throw dll injection][27/06/2025 17:24:17][WildStr][msedge.exe]

[Throw dll injection][27/06/2025 17:24:17][WildStr][svchost.exe]

[Throw dll injection][27/06/2025 17:24:17][WildStr][svchost.exe]

[Throw dll injection][27/06/2025 17:24:17][WildStr][msedge.exe]

[Throw dll injection][27/06/2025 17:24:17][WildStr][svchost.exe]

[Throw dll injection][27/06/2025 17:24:17][WildStr][dllhost.exe]

[Throw dll injection][27/06/2025 17:24:17][WildStr][msedge.exe]

[Throw dll injection][27/06/2025 17:24:17][WildStr][ShellExperienceHost.exe]

[Throw dll injection][27/06/2025 17:24:17][WildStr][svchost.exe]

[Throw dll injection][27/06/2025 17:24:17][WildStr][RuntimeBroker.exe]

[Throw dll injection][27/06/2025 17:24:17][WildStr][svchost.exe]

[Throw dll injection][27/06/2025 17:24:17][WildStr][powershell.exe]

[Throw dll injection][27/06/2025 17:24:17][WildStr][svchost.exe]

[Throw dll injection][27/06/2025 17:24:17][WildStr][conhost.exe]

[Throw dll injection][27/06/2025 17:24:17][WildStr][dllhost.exe]

[Throw dll injection][27/06/2025 17:24:17][WildStr][cmd.exe]

[Throw dll injection][27/06/2025 17:24:17][WildStr][ShellExperienceHost.exe]

[Throw dll injection][27/06/2025 17:24:17][WildStr][conhost.exe]

[Throw dll injection][27/06/2025 17:24:17][WildStr][RuntimeBroker.exe]

[Throw dll injection][27/06/2025 17:24:17][WildStr][powershell.exe]

[Throw dll injection][27/06/2025 17:24:17][WildStr][powershell.exe]

[Throw dll injection][27/06/2025 17:24:17][WildStr][Code.exe]

[Throw dll injection][27/06/2025 17:24:17][WildStr][conhost.exe]

[Throw dll injection][27/06/2025 17:24:17][WildStr][Code.exe]

[Throw dll injection][27/06/2025 17:24:17][WildStr][cmd.exe]

[Throw dll injection][27/06/2025 17:24:17][WildStr][Code.exe]

[Throw dll injection][27/06/2025 17:24:17][WildStr][conhost.exe]

[Throw dll injection][27/06/2025 17:24:17][WildStr][Code.exe]

[Throw dll injection][27/06/2025 17:24:17][WildStr][powershell.exe]

[Throw dll injection][27/06/2025 17:24:17][WildStr][Code.exe]

[Throw dll injection][27/06/2025 17:24:17][WildStr][Code.exe]

[Throw dll injection][27/06/2025 17:24:17][WildStr][Code.exe]

[Throw dll injection][27/06/2025 17:24:17][WildStr][Code.exe]

[Throw dll injection][27/06/2025 17:24:17][WildStr][Code.exe]

[Throw dll injection][27/06/2025 17:24:17][WildStr][Code.exe]

[Throw dll injection][27/06/2025 17:24:17][WildStr][Code.exe]

[Throw dll injection][27/06/2025 17:24:17][WildStr][Code.exe]

[Throw dll injection][27/06/2025 17:24:17][WildStr][cpptools.exe]

[Throw dll injection][27/06/2025 17:24:17][WildStr][Code.exe]

[Throw dll injection][27/06/2025 17:24:17][WildStr][conhost.exe]

[Throw dll injection][27/06/2025 17:24:17][WildStr][Code.exe]

[Throw dll injection][27/06/2025 17:24:17][WildStr][Code.exe]

[Throw dll injection][27/06/2025 17:24:17][WildStr][Code.exe]

[Throw dll injection][27/06/2025 17:24:17][WildStr][cpptools.exe]

[Throw dll injection][27/06/2025 17:24:17][WildStr][Code.exe]

[Throw dll injection][27/06/2025 17:24:17][WildStr][cpptools-srv.exe]

[Throw dll injection][27/06/2025 17:24:17][WildStr][cpptools.exe]

[Throw dll injection][27/06/2025 17:24:17][WildStr][conhost.exe]

[Throw dll injection][27/06/2025 17:24:17][WildStr][conhost.exe]

[Throw dll injection][27/06/2025 17:24:17][WildStr][svchost.exe]

[Throw dll injection][27/06/2025 17:24:17][WildStr][Code.exe]

[Throw dll injection][27/06/2025 17:24:17][WildStr][svchost.exe]

[Throw dll injection][27/06/2025 17:24:17][WildStr][cpptools.exe]

[Throw dll injection][27/06/2025 17:24:17][WildStr][Code.exe]

[Throw dll injection][27/06/2025 17:24:17][WildStr][cpptools-srv.exe]

[Throw dll injection][27/06/2025 17:24:17][WildStr][conhost.exe]

[Throw dll injection][27/06/2025 17:24:17][WildStr][conhost.exe]

[Throw dll injection][27/06/2025 17:24:17][WildStr][powershell.exe]

[Throw dll injection][27/06/2025 17:24:17][WildStr][svchost.exe]

[Throw dll injection][27/06/2025 17:24:17][WildStr][vctip.exe]

[Throw dll injection][27/06/2025 17:24:17][WildStr][svchost.exe]

[Throw dll injection][27/06/2025 17:24:17][WildStr][cpptools-srv.exe]

[Throw dll injection][27/06/2025 17:24:17][WildStr][conhost.exe]

[Throw dll injection][27/06/2025 17:24:17][WildStr][conhost.exe]

[Throw dll injection][27/06/2025 17:24:17][WildStr][svchost.exe]

[Throw dll injection][27/06/2025 17:24:17][WildStr][smartscreen.exe]

[Throw dll injection][27/06/2025 17:24:17][WildStr][Taskmgr.exe]

[Throw dll injection][27/06/2025 17:24:17][WildStr][vctip.exe]

[Throw dll injection][27/06/2025 17:24:17][WildStr][conhost.exe]

[Throw dll injection][27/06/2025 17:24:17][WildStr][cpptools-srv.exe]

[Throw dll injection][27/06/2025 17:24:17][WildStr][powershell.exe]

[Throw dll injection][27/06/2025 17:24:17][WildStr][conhost.exe]

[Throw dll injection][27/06/2025 17:24:17][WildStr][test.exe]

[Throw dll injection][27/06/2025 17:24:17][WildStr][svchost.exe]

[Throw dll injection][27/06/2025 17:24:17][WildStr][smartscreen.exe]

[Throw dll injection][27/06/2025 17:24:17][WildStr][Taskmgr.exe]

[Throw dll injection][27/06/2025 17:24:17][WildStr][conhost.exe]

[Throw dll injection][27/06/2025 17:24:17][WildStr][powershell.exe]

[Throw dll injection][27/06/2025 17:24:17][WildStr][test.exe]

[Throw dll injection][27/06/2025 17:24:18][WildStr][System]

[Throw dll injection][27/06/2025 17:24:18][WildStr][Registry]

[Throw dll injection][27/06/2025 17:24:18][WildStr][Registry]

[Throw dll injection][27/06/2025 17:24:18][WildStr][smss.exe]

[Throw dll injection][27/06/2025 17:24:18][WildStr][csrss.exe]

[Throw dll injection][27/06/2025 17:24:18][WildStr][smss.exe]

[Throw dll injection][27/06/2025 17:24:18][WildStr][csrss.exe]

[Throw dll injection][27/06/2025 17:24:18][WildStr][wininit.exe]

[Throw dll injection][27/06/2025 17:24:18][WildStr][wininit.exe]

[Throw dll injection][27/06/2025 17:24:18][WildStr][csrss.exe]

[Throw dll injection][27/06/2025 17:24:18][WildStr][csrss.exe]

[Throw dll injection][27/06/2025 17:24:18][WildStr][winlogon.exe]

[Throw dll injection][27/06/2025 17:24:18][WildStr][winlogon.exe]

[Throw dll injection][27/06/2025 17:24:18][WildStr][services.exe]

[Throw dll injection][27/06/2025 17:24:18][WildStr][services.exe]

[Throw dll injection][27/06/2025 17:24:18][WildStr][lsass.exe]

[Throw dll injection][27/06/2025 17:24:18][WildStr][lsass.exe]

[Throw dll injection][27/06/2025 17:24:18][WildStr][svchost.exe]

[Throw dll injection][27/06/2025 17:24:18][WildStr][svchost.exe]

[Throw dll injection][27/06/2025 17:24:18][WildStr][fontdrvhost.exe]

[Throw dll injection][27/06/2025 17:24:18][WildStr][fontdrvhost.exe]

[Throw dll injection][27/06/2025 17:24:18][WildStr][fontdrvhost.exe]

[Throw dll injection][27/06/2025 17:24:18][WildStr][fontdrvhost.exe]

[Throw dll injection][27/06/2025 17:24:18][WildStr][svchost.exe]

[Throw dll injection][27/06/2025 17:24:18][WildStr][svchost.exe]

[Throw dll injection][27/06/2025 17:24:18][WildStr][svchost.exe]

[Throw dll injection][27/06/2025 17:24:18][WildStr][dwm.exe]

[Throw dll injection][27/06/2025 17:24:18][WildStr][svchost.exe]

[Throw dll injection][27/06/2025 17:24:18][WildStr][svchost.exe]

[Throw dll injection][27/06/2025 17:24:18][WildStr][dwm.exe]

[Throw dll injection][27/06/2025 17:24:18][WildStr][svchost.exe]

[Throw dll injection][27/06/2025 17:24:18][WildStr][svchost.exe]

[Throw dll injection][27/06/2025 17:24:18][WildStr][svchost.exe]

[Throw dll injection][27/06/2025 17:24:18][WildStr][svchost.exe]

[Throw dll injection][27/06/2025 17:24:18][WildStr][svchost.exe]

[Throw dll injection][27/06/2025 17:24:18][WildStr][svchost.exe]

[Throw dll injection][27/06/2025 17:24:18][WildStr][svchost.exe]

[Throw dll injection][27/06/2025 17:24:18][WildStr][svchost.exe]

[Throw dll injection][27/06/2025 17:24:18][WildStr][svchost.exe]

[Throw dll injection][27/06/2025 17:24:18][WildStr][svchost.exe]

[Throw dll injection][27/06/2025 17:24:18][WildStr][svchost.exe]

[Throw dll injection][27/06/2025 17:24:18][WildStr][svchost.exe]

[Throw dll injection][27/06/2025 17:24:18][WildStr][svchost.exe]

[Throw dll injection][27/06/2025 17:24:18][WildStr][svchost.exe]

[Throw dll injection][27/06/2025 17:24:18][WildStr][svchost.exe]

[Throw dll injection][27/06/2025 17:24:18][WildStr][svchost.exe]

[Throw dll injection][27/06/2025 17:24:18][WildStr][svchost.exe]

[Throw dll injection][27/06/2025 17:24:18][WildStr][svchost.exe]

[Throw dll injection][27/06/2025 17:24:18][WildStr][svchost.exe]

[Throw dll injection][27/06/2025 17:24:18][WildStr][svchost.exe]

[Throw dll injection][27/06/2025 17:24:18][WildStr][svchost.exe]

[Throw dll injection][27/06/2025 17:24:18][WildStr][svchost.exe]

[Throw dll injection][27/06/2025 17:24:18][WildStr][VBoxService.exe]

[Throw dll injection][27/06/2025 17:24:18][WildStr][svchost.exe]

[Throw dll injection][27/06/2025 17:24:18][WildStr][svchost.exe]

[Throw dll injection][27/06/2025 17:24:18][WildStr][VBoxService.exe]

[Throw dll injection][27/06/2025 17:24:18][WildStr][svchost.exe]

[Throw dll injection][27/06/2025 17:24:18][WildStr][svchost.exe]

[Throw dll injection][27/06/2025 17:24:18][WildStr][svchost.exe]

[Throw dll injection][27/06/2025 17:24:18][WildStr][svchost.exe]

[Throw dll injection][27/06/2025 17:24:18][WildStr][svchost.exe]

[Throw dll injection][27/06/2025 17:24:18][WildStr][svchost.exe]

[Throw dll injection][27/06/2025 17:24:18][WildStr][svchost.exe]

[Throw dll injection][27/06/2025 17:24:18][WildStr][svchost.exe]

[Throw dll injection][27/06/2025 17:24:18][WildStr][svchost.exe]
sion]

[Throw dll injection][27/06/2025 17:24:18][WildStr][svchost.exe]

[Throw dll injection][27/06/2025 17:24:18][WildStr][svchost.exe]

[Throw dll injection][27/06/2025 17:24:18][WildStr][Memory Compression]

[Throw dll injection][27/06/2025 17:24:18][WildStr][svchost.exe]

[Throw dll injection][27/06/2025 17:24:18][WildStr][svchost.exe]

[Throw dll injection][27/06/2025 17:24:18][WildStr][svchost.exe]

[Throw dll injection][27/06/2025 17:24:18][WildStr][svchost.exe]

[Throw dll injection][27/06/2025 17:24:18][WildStr][svchost.exe]

[Throw dll injection][27/06/2025 17:24:18][WildStr][svchost.exe]

[Throw dll injection][27/06/2025 17:24:18][WildStr][svchost.exe]

[Throw dll injection][27/06/2025 17:24:18][WildStr][svchost.exe]

[Throw dll injection][27/06/2025 17:24:18][WildStr][svchost.exe]

[Throw dll injection][27/06/2025 17:24:18][WildStr][svchost.exe]

[Throw dll injection][27/06/2025 17:24:18][WildStr][svchost.exe]

[Throw dll injection][27/06/2025 17:24:18][WildStr][svchost.exe]

[Throw dll injection][27/06/2025 17:24:18][WildStr][spoolsv.exe]

[Throw dll injection][27/06/2025 17:24:18][WildStr][svchost.exe]

[Throw dll injection][27/06/2025 17:24:18][WildStr][svchost.exe]

[Throw dll injection][27/06/2025 17:24:18][WildStr][svchost.exe]

[Throw dll injection][27/06/2025 17:24:18][WildStr][svchost.exe]

[Throw dll injection][27/06/2025 17:24:18][WildStr][spoolsv.exe]

[Throw dll injection][27/06/2025 17:24:18][WildStr][svchost.exe]

[Throw dll injection][27/06/2025 17:24:18][WildStr][svchost.exe]

[Throw dll injection][27/06/2025 17:24:18][WildStr][svchost.exe]

[Throw dll injection][27/06/2025 17:24:18][WildStr][svchost.exe]

[Throw dll injection][27/06/2025 17:24:18][WildStr][ssh-agent.exe]

[Throw dll injection][27/06/2025 17:24:18][WildStr][svchost.exe]

[Throw dll injection][27/06/2025 17:24:18][WildStr][sshd.exe]

[Throw dll injection][27/06/2025 17:24:18][WildStr][svchost.exe]

[Throw dll injection][27/06/2025 17:24:18][WildStr][svchost.exe]

[Throw dll injection][27/06/2025 17:24:18][WildStr][ssh-agent.exe]

[Throw dll injection][27/06/2025 17:24:18][WildStr][svchost.exe]

[Throw dll injection][27/06/2025 17:24:18][WildStr][sshd.exe]

[Throw dll injection][27/06/2025 17:24:18][WildStr][svchost.exe]

[Throw dll injection][27/06/2025 17:24:18][WildStr][svchost.exe]

[Throw dll injection][27/06/2025 17:24:18][WildStr][svchost.exe]

[Throw dll injection][27/06/2025 17:24:18][WildStr][svchost.exe]

[Throw dll injection][27/06/2025 17:24:18][WildStr][svchost.exe]

[Throw dll injection][27/06/2025 17:24:18][WildStr][svchost.exe]

[Throw dll injection][27/06/2025 17:24:18][WildStr][svchost.exe]

[Throw dll injection][27/06/2025 17:24:18][WildStr][svchost.exe]

[Throw dll injection][27/06/2025 17:24:18][WildStr][svchost.exe]

[Throw dll injection][27/06/2025 17:24:18][WildStr][svchost.exe]

[Throw dll injection][27/06/2025 17:24:18][WildStr][svchost.exe]

[Throw dll injection][27/06/2025 17:24:18][WildStr][svchost.exe]

[Throw dll injection][27/06/2025 17:24:18][WildStr][svchost.exe]

[Throw dll injection][27/06/2025 17:24:18][WildStr][svchost.exe]

[Throw dll injection][27/06/2025 17:24:18][WildStr][MpDefenderCoreService.exe]

[Throw dll injection][27/06/2025 17:24:18][WildStr][svchost.exe]

[Throw dll injection][27/06/2025 17:24:18][WildStr][MsMpEng.exe]

[Throw dll injection][27/06/2025 17:24:18][WildStr][svchost.exe]

[Throw dll injection][27/06/2025 17:24:18][WildStr][SearchIndexer.exe]

[Throw dll injection][27/06/2025 17:24:18][WildStr][MpDefenderCoreService.exe]

[Throw dll injection][27/06/2025 17:24:18][WildStr][AggregatorHost.exe]

[Throw dll injection][27/06/2025 17:24:18][WildStr][MsMpEng.exe]

[Throw dll injection][27/06/2025 17:24:18][WildStr][dllhost.exe]

[Throw dll injection][27/06/2025 17:24:18][WildStr][SearchIndexer.exe]

[Throw dll injection][27/06/2025 17:24:18][WildStr][svchost.exe]

[Throw dll injection][27/06/2025 17:24:18][WildStr][AggregatorHost.exe]

[Throw dll injection][27/06/2025 17:24:18][WildStr][NisSrv.exe]

[Throw dll injection][27/06/2025 17:24:18][WildStr][dllhost.exe]

[Throw dll injection][27/06/2025 17:24:18][WildStr][sihost.exe]

[Throw dll injection][27/06/2025 17:24:18][WildStr][svchost.exe]

[Throw dll injection][27/06/2025 17:24:18][WildStr][svchost.exe]

[Throw dll injection][27/06/2025 17:24:18][WildStr][NisSrv.exe]

[Throw dll injection][27/06/2025 17:24:18][WildStr][svchost.exe]

[Throw dll injection][27/06/2025 17:24:18][WildStr][sihost.exe]

[Throw dll injection][27/06/2025 17:24:18][WildStr][taskhostw.exe]

[Throw dll injection][27/06/2025 17:24:18][WildStr][svchost.exe]

[Throw dll injection][27/06/2025 17:24:18][WildStr][MicrosoftEdgeUpdate.exe]

[Throw dll injection][27/06/2025 17:24:18][WildStr][svchost.exe]

[Throw dll injection][27/06/2025 17:24:18][WildStr][svchost.exe]

[Throw dll injection][27/06/2025 17:24:18][WildStr][taskhostw.exe]

[Throw dll injection][27/06/2025 17:24:18][WildStr][ctfmon.exe]

[Throw dll injection][27/06/2025 17:24:18][WildStr][MicrosoftEdgeUpdate.exe]

[Throw dll injection][27/06/2025 17:24:18][WildStr][svchost.exe]

[Throw dll injection][27/06/2025 17:24:18][WildStr][svchost.exe]

[Throw dll injection][27/06/2025 17:24:18][WildStr][svchost.exe]

[Throw dll injection][27/06/2025 17:24:18][WildStr][ctfmon.exe]

[Throw dll injection][27/06/2025 17:24:18][WildStr][explorer.exe]

[Throw dll injection][27/06/2025 17:24:18][WildStr][svchost.exe]

[Throw dll injection][27/06/2025 17:24:18][WildStr][svchost.exe]

[Throw dll injection][27/06/2025 17:24:18][WildStr][svchost.exe]

[Throw dll injection][27/06/2025 17:24:18][WildStr][StartMenuExperienceHost.exe]

[Throw dll injection][27/06/2025 17:24:18][WildStr][explorer.exe]

[Throw dll injection][27/06/2025 17:24:18][WildStr][RuntimeBroker.exe]

[Throw dll injection][27/06/2025 17:24:18][WildStr][svchost.exe]

[Throw dll injection][27/06/2025 17:24:18][WildStr][SearchApp.exe]

[Throw dll injection][27/06/2025 17:24:18][WildStr][StartMenuExperienceHost.exe]

[Throw dll injection][27/06/2025 17:24:18][WildStr][svchost.exe]

[Throw dll injection][27/06/2025 17:24:18][WildStr][RuntimeBroker.exe]

[Throw dll injection][27/06/2025 17:24:18][WildStr][RuntimeBroker.exe]

[Throw dll injection][27/06/2025 17:24:18][WildStr][SearchApp.exe]

[Throw dll injection][27/06/2025 17:24:18][WildStr][RuntimeBroker.exe]

[Throw dll injection][27/06/2025 17:24:18][WildStr][svchost.exe]

[Throw dll injection][27/06/2025 17:24:18][WildStr][svchost.exe]

[Throw dll injection][27/06/2025 17:24:18][WildStr][RuntimeBroker.exe]

[Throw dll injection][27/06/2025 17:24:18][WildStr][SecurityHealthSystray.exe]

[Throw dll injection][27/06/2025 17:24:18][WildStr][RuntimeBroker.exe]

[Throw dll injection][27/06/2025 17:24:18][WildStr][SecurityHealthService.exe]

[Throw dll injection][27/06/2025 17:24:18][WildStr][svchost.exe]

[Throw dll injection][27/06/2025 17:24:18][WildStr][VBoxTray.exe]

[Throw dll injection][27/06/2025 17:24:18][WildStr][SecurityHealthSystray.exe]

[Throw dll injection][27/06/2025 17:24:18][WildStr][OneDrive.exe]

[Throw dll injection][27/06/2025 17:24:18][WildStr][SecurityHealthService.exe]

[Throw dll injection][27/06/2025 17:24:18][WildStr][svchost.exe]

[Throw dll injection][27/06/2025 17:24:18][WildStr][VBoxTray.exe]

[Throw dll injection][27/06/2025 17:24:18][WildStr][svchost.exe]

[Throw dll injection][27/06/2025 17:24:18][WildStr][OneDrive.exe]

[Throw dll injection][27/06/2025 17:24:18][WildStr][svchost.exe]

[Throw dll injection][27/06/2025 17:24:18][WildStr][svchost.exe]

[Throw dll injection][27/06/2025 17:24:18][WildStr][svchost.exe]

[Throw dll injection][27/06/2025 17:24:18][WildStr][svchost.exe]

[Throw dll injection][27/06/2025 17:24:18][WildStr][svchost.exe]

[Throw dll injection][27/06/2025 17:24:18][WildStr][svchost.exe]

[Throw dll injection][27/06/2025 17:24:18][WildStr][svchost.exe]

[Throw dll injection][27/06/2025 17:24:18][WildStr][svchost.exe]

[Throw dll injection][27/06/2025 17:24:18][WildStr][TextInputHost.exe]

[Throw dll injection][27/06/2025 17:24:18][WildStr][svchost.exe]

[Throw dll injection][27/06/2025 17:24:18][WildStr][ApplicationFrameHost.exe]

[Throw dll injection][27/06/2025 17:24:18][WildStr][svchost.exe]

[Throw dll injection][27/06/2025 17:24:18][WildStr][SystemSettings.exe]

[Throw dll injection][27/06/2025 17:24:18][WildStr][TextInputHost.exe]

[Throw dll injection][27/06/2025 17:24:18][WildStr][UserOOBEBroker.exe]

[Throw dll injection][27/06/2025 17:24:18][WildStr][ApplicationFrameHost.exe]

[Throw dll injection][27/06/2025 17:24:18][WildStr][SearchApp.exe]

[Throw dll injection][27/06/2025 17:24:18][WildStr][SystemSettings.exe]

[Throw dll injection][27/06/2025 17:24:18][WildStr][msedgewebview2.exe]

[Throw dll injection][27/06/2025 17:24:18][WildStr][UserOOBEBroker.exe]

[Throw dll injection][27/06/2025 17:24:18][WildStr][msedgewebview2.exe]

[Throw dll injection][27/06/2025 17:24:18][WildStr][SearchApp.exe]

[Throw dll injection][27/06/2025 17:24:18][WildStr][msedgewebview2.exe]

[Throw dll injection][27/06/2025 17:24:18][WildStr][msedgewebview2.exe]

[Throw dll injection][27/06/2025 17:24:18][WildStr][msedgewebview2.exe]

[Throw dll injection][27/06/2025 17:24:18][WildStr][msedgewebview2.exe]

[Throw dll injection][27/06/2025 17:24:18][WildStr][msedgewebview2.exe]

[Throw dll injection][27/06/2025 17:24:18][WildStr][msedgewebview2.exe]

[Throw dll injection][27/06/2025 17:24:18][WildStr][msedgewebview2.exe]

[Throw dll injection][27/06/2025 17:24:18][WildStr][msedgewebview2.exe]

[Throw dll injection][27/06/2025 17:24:18][WildStr][FileCoAuth.exe]

[Throw dll injection][27/06/2025 17:24:18][WildStr][msedgewebview2.exe]

[Throw dll injection][27/06/2025 17:24:18][WildStr][svchost.exe]

[Throw dll injection][27/06/2025 17:24:18][WildStr][msedgewebview2.exe]

[Throw dll injection][27/06/2025 17:24:18][WildStr][msedge.exe]

[Throw dll injection][27/06/2025 17:24:18][WildStr][FileCoAuth.exe]

[Throw dll injection][27/06/2025 17:24:18][WildStr][msedge.exe]

[Throw dll injection][27/06/2025 17:24:18][WildStr][svchost.exe]

[Throw dll injection][27/06/2025 17:24:18][WildStr][msedge.exe]

[Throw dll injection][27/06/2025 17:24:18][WildStr][msedge.exe]

[Throw dll injection][27/06/2025 17:24:18][WildStr][msedge.exe]

[Throw dll injection][27/06/2025 17:24:18][WildStr][msedge.exe]

[Throw dll injection][27/06/2025 17:24:18][WildStr][msedge.exe]

[Throw dll injection][27/06/2025 17:24:18][WildStr][msedge.exe]

[Throw dll injection][27/06/2025 17:24:18][WildStr][svchost.exe]

[Throw dll injection][27/06/2025 17:24:18][WildStr][msedge.exe]

[Throw dll injection][27/06/2025 17:24:18][WildStr][svchost.exe]

[Throw dll injection][27/06/2025 17:24:18][WildStr][msedge.exe]

[Throw dll injection][27/06/2025 17:24:18][WildStr][svchost.exe]

[Throw dll injection][27/06/2025 17:24:18][WildStr][svchost.exe]

[Throw dll injection][27/06/2025 17:24:18][WildStr][dllhost.exe]

[Throw dll injection][27/06/2025 17:24:18][WildStr][svchost.exe]

[Throw dll injection][27/06/2025 17:24:18][WildStr][ShellExperienceHost.exe]

[Throw dll injection][27/06/2025 17:24:18][WildStr][svchost.exe]

[Throw dll injection][27/06/2025 17:24:18][WildStr][RuntimeBroker.exe]

[Throw dll injection][27/06/2025 17:24:18][WildStr][dllhost.exe]

[Throw dll injection][27/06/2025 17:24:18][WildStr][powershell.exe]

[Throw dll injection][27/06/2025 17:24:18][WildStr][ShellExperienceHost.exe]

[Throw dll injection][27/06/2025 17:24:18][WildStr][conhost.exe]

[Throw dll injection][27/06/2025 17:24:18][WildStr][RuntimeBroker.exe]

[Throw dll injection][27/06/2025 17:24:18][WildStr][cmd.exe]

[Throw dll injection][27/06/2025 17:24:18][WildStr][powershell.exe]

[Throw dll injection][27/06/2025 17:24:18][WildStr][conhost.exe]

[Throw dll injection][27/06/2025 17:24:18][WildStr][conhost.exe]

[Throw dll injection][27/06/2025 17:24:18][WildStr][powershell.exe]

[Throw dll injection][27/06/2025 17:24:18][WildStr][cmd.exe]

[Throw dll injection][27/06/2025 17:24:18][WildStr][Code.exe]

[Throw dll injection][27/06/2025 17:24:18][WildStr][conhost.exe]

[Throw dll injection][27/06/2025 17:24:18][WildStr][Code.exe]

[Throw dll injection][27/06/2025 17:24:18][WildStr][powershell.exe]

[Throw dll injection][27/06/2025 17:24:18][WildStr][Code.exe]

[Throw dll injection][27/06/2025 17:24:18][WildStr][Code.exe]

[Throw dll injection][27/06/2025 17:24:18][WildStr][Code.exe]

[Throw dll injection][27/06/2025 17:24:18][WildStr][Code.exe]

[Throw dll injection][27/06/2025 17:24:18][WildStr][Code.exe]

[Throw dll injection][27/06/2025 17:24:18][WildStr][Code.exe]

[Throw dll injection][27/06/2025 17:24:18][WildStr][Code.exe]

[Throw dll injection][27/06/2025 17:24:18][WildStr][Code.exe]

[Throw dll injection][27/06/2025 17:24:18][WildStr][Code.exe]

[Throw dll injection][27/06/2025 17:24:18][WildStr][Code.exe]

[Throw dll injection][27/06/2025 17:24:18][WildStr][Code.exe]

[Throw dll injection][27/06/2025 17:24:18][WildStr][cpptools.exe]

[Throw dll injection][27/06/2025 17:24:18][WildStr][Code.exe]

[Throw dll injection][27/06/2025 17:24:18][WildStr][conhost.exe]

[Throw dll injection][27/06/2025 17:24:18][WildStr][Code.exe]

[Throw dll injection][27/06/2025 17:24:18][WildStr][Code.exe]

[Throw dll injection][27/06/2025 17:24:18][WildStr][cpptools.exe]

[Throw dll injection][27/06/2025 17:24:18][WildStr][cpptools.exe]

[Throw dll injection][27/06/2025 17:24:18][WildStr][conhost.exe]

[Throw dll injection][27/06/2025 17:24:18][WildStr][cpptools-srv.exe]

[Throw dll injection][27/06/2025 17:24:18][WildStr][Code.exe]

[Throw dll injection][27/06/2025 17:24:18][WildStr][conhost.exe]

[Throw dll injection][27/06/2025 17:24:18][WildStr][cpptools.exe]

[Throw dll injection][27/06/2025 17:24:18][WildStr][svchost.exe]

[Throw dll injection][27/06/2025 17:24:18][WildStr][cpptools-srv.exe]

[Throw dll injection][27/06/2025 17:24:18][WildStr][svchost.exe]

[Throw dll injection][27/06/2025 17:24:18][WildStr][conhost.exe]

[Throw dll injection][27/06/2025 17:24:18][WildStr][Code.exe]

[Throw dll injection][27/06/2025 17:24:18][WildStr][svchost.exe]

[Throw dll injection][27/06/2025 17:24:18][WildStr][conhost.exe]

[Throw dll injection][27/06/2025 17:24:18][WildStr][svchost.exe]

[Throw dll injection][27/06/2025 17:24:18][WildStr][powershell.exe]

[Throw dll injection][27/06/2025 17:24:18][WildStr][Code.exe]

[Throw dll injection][27/06/2025 17:24:18][WildStr][vctip.exe]

[Throw dll injection][27/06/2025 17:24:18][WildStr][conhost.exe]

[Throw dll injection][27/06/2025 17:24:18][WildStr][cpptools-srv.exe]

[Throw dll injection][27/06/2025 17:24:18][WildStr][powershell.exe]

[Throw dll injection][27/06/2025 17:24:18][WildStr][conhost.exe]

[Throw dll injection][27/06/2025 17:24:18][WildStr][vctip.exe]

[Throw dll injection][27/06/2025 17:24:18][WildStr][svchost.exe]

[Throw dll injection][27/06/2025 17:24:18][WildStr][cpptools-srv.exe]

[Throw dll injection][27/06/2025 17:24:18][WildStr][smartscreen.exe]

[Throw dll injection][27/06/2025 17:24:18][WildStr][conhost.exe]

[Throw dll injection][27/06/2025 17:24:18][WildStr][Taskmgr.exe]

[Throw dll injection][27/06/2025 17:24:18][WildStr][svchost.exe]

[Throw dll injection][27/06/2025 17:24:18][WildStr][conhost.exe]

[Throw dll injection][27/06/2025 17:24:18][WildStr][smartscreen.exe]

[Throw dll injection][27/06/2025 17:24:18][WildStr][powershell.exe]

[Throw dll injection][27/06/2025 17:24:18][WildStr][Taskmgr.exe]

[Throw dll injection][27/06/2025 17:24:18][WildStr][test.exe]

[Throw dll injection][27/06/2025 17:24:18][WildStr][conhost.exe]

[Throw dll injection][27/06/2025 17:24:18][WildStr][powershell.exe]

[Throw dll injection][27/06/2025 17:24:18][WildStr][test.exe]

[Throw dll injection][27/06/2025 17:24:19][WildStr][System]

[Throw dll injection][27/06/2025 17:24:19][WildStr][Registry]

[Throw dll injection][27/06/2025 17:24:19][WildStr][smss.exe]

[Throw dll injection][27/06/2025 17:24:19][WildStr][smss.exe]

[Throw dll injection][27/06/2025 17:24:19][WildStr][csrss.exe]

[Throw dll injection][27/06/2025 17:24:19][WildStr][csrss.exe]

[Throw dll injection][27/06/2025 17:24:19][WildStr][wininit.exe]

[Throw dll injection][27/06/2025 17:24:19][WildStr][wininit.exe]

[Throw dll injection][27/06/2025 17:24:19][WildStr][csrss.exe]

[Throw dll injection][27/06/2025 17:24:19][WildStr][csrss.exe]

[Throw dll injection][27/06/2025 17:24:19][WildStr][winlogon.exe]

[Throw dll injection][27/06/2025 17:24:19][WildStr][winlogon.exe]

[Throw dll injection][27/06/2025 17:24:19][WildStr][services.exe]

[Throw dll injection][27/06/2025 17:24:19][WildStr][services.exe]

[Throw dll injection][27/06/2025 17:24:19][WildStr][lsass.exe]

[Throw dll injection][27/06/2025 17:24:19][WildStr][lsass.exe]

[Throw dll injection][27/06/2025 17:24:19][WildStr][svchost.exe]

[Throw dll injection][27/06/2025 17:24:19][WildStr][fontdrvhost.exe]

[Throw dll injection][27/06/2025 17:24:19][WildStr][fontdrvhost.exe]

[Throw dll injection][27/06/2025 17:24:19][WildStr][fontdrvhost.exe]

[Throw dll injection][27/06/2025 17:24:19][WildStr][fontdrvhost.exe]

[Throw dll injection][27/06/2025 17:24:19][WildStr][svchost.exe]

[Throw dll injection][27/06/2025 17:24:19][WildStr][svchost.exe]

[Throw dll injection][27/06/2025 17:24:19][WildStr][svchost.exe]

[Throw dll injection][27/06/2025 17:24:19][WildStr][svchost.exe]

[Throw dll injection][27/06/2025 17:24:19][WildStr][dwm.exe]

[Throw dll injection][27/06/2025 17:24:19][WildStr][dwm.exe]

[Throw dll injection][27/06/2025 17:24:19][WildStr][svchost.exe]

[Throw dll injection][27/06/2025 17:24:19][WildStr][svchost.exe]

[Throw dll injection][27/06/2025 17:24:19][WildStr][svchost.exe]

[Throw dll injection][27/06/2025 17:24:19][WildStr][svchost.exe]

[Throw dll injection][27/06/2025 17:24:19][WildStr][svchost.exe]

[Throw dll injection][27/06/2025 17:24:19][WildStr][svchost.exe]

[Throw dll injection][27/06/2025 17:24:19][WildStr][svchost.exe]

[Throw dll injection][27/06/2025 17:24:19][WildStr][svchost.exe]

[Throw dll injection][27/06/2025 17:24:19][WildStr][svchost.exe]

[Throw dll injection][27/06/2025 17:24:19][WildStr][svchost.exe]

[Throw dll injection][27/06/2025 17:24:19][WildStr][svchost.exe]

[Throw dll injection][27/06/2025 17:24:19][WildStr][svchost.exe]

[Throw dll injection][27/06/2025 17:24:19][WildStr][svchost.exe]

[Throw dll injection][27/06/2025 17:24:19][WildStr][svchost.exe]

[Throw dll injection][27/06/2025 17:24:19][WildStr][svchost.exe]

[Throw dll injection][27/06/2025 17:24:19][WildStr][svchost.exe]

[Throw dll injection][27/06/2025 17:24:19][WildStr][svchost.exe]

[Throw dll injection][27/06/2025 17:24:19][WildStr][svchost.exe]

[Throw dll injection][27/06/2025 17:24:19][WildStr][svchost.exe]

[Throw dll injection][27/06/2025 17:24:19][WildStr][svchost.exe]

[Throw dll injection][27/06/2025 17:24:19][WildStr][svchost.exe]

[Throw dll injection][27/06/2025 17:24:19][WildStr][svchost.exe]

[Throw dll injection][27/06/2025 17:24:19][WildStr][svchost.exe]

[Throw dll injection][27/06/2025 17:24:19][WildStr][svchost.exe]

[Throw dll injection][27/06/2025 17:24:19][WildStr][svchost.exe]

[Throw dll injection][27/06/2025 17:24:19][WildStr][VBoxService.exe]

[Throw dll injection][27/06/2025 17:24:19][WildStr][VBoxService.exe]

[Throw dll injection][27/06/2025 17:24:19][WildStr][svchost.exe]

[Throw dll injection][27/06/2025 17:24:19][WildStr][svchost.exe]

[Throw dll injection][27/06/2025 17:24:19][WildStr][svchost.exe]

[Throw dll injection][27/06/2025 17:24:19][WildStr][svchost.exe]

[Throw dll injection][27/06/2025 17:24:19][WildStr][svchost.exe]

[Throw dll injection][27/06/2025 17:24:19][WildStr][svchost.exe]

[Throw dll injection][27/06/2025 17:24:19][WildStr][svchost.exe]

[Throw dll injection][27/06/2025 17:24:19][WildStr][svchost.exe]

[Throw dll injection][27/06/2025 17:24:19][WildStr][svchost.exe]

[Throw dll injection][27/06/2025 17:24:19][WildStr][svchost.exe]

[Throw dll injection][27/06/2025 17:24:19][WildStr][svchost.exe]

[Throw dll injection][27/06/2025 17:24:19][WildStr][svchost.exe]

[Throw dll injection][27/06/2025 17:24:19][WildStr][Memory Compression]

[Throw dll injection][27/06/2025 17:24:19][WildStr][Memory Compression]

[Throw dll injection][27/06/2025 17:24:19][WildStr][svchost.exe]

[Throw dll injection][27/06/2025 17:24:19][WildStr][svchost.exe]

[Throw dll injection][27/06/2025 17:24:19][WildStr][svchost.exe]

[Throw dll injection][27/06/2025 17:24:19][WildStr][svchost.exe]

[Throw dll injection][27/06/2025 17:24:19][WildStr][svchost.exe]

[Throw dll injection][27/06/2025 17:24:19][WildStr][svchost.exe]

[Throw dll injection][27/06/2025 17:24:19][WildStr][svchost.exe]

[Throw dll injection][27/06/2025 17:24:19][WildStr][svchost.exe]

[Throw dll injection][27/06/2025 17:24:19][WildStr][svchost.exe]

[Throw dll injection][27/06/2025 17:24:19][WildStr][svchost.exe]

[Throw dll injection][27/06/2025 17:24:19][WildStr][svchost.exe]

[Throw dll injection][27/06/2025 17:24:19][WildStr][svchost.exe]

[Throw dll injection][27/06/2025 17:24:19][WildStr][svchost.exe]

[Throw dll injection][27/06/2025 17:24:19][WildStr][svchost.exe]

[Throw dll injection][27/06/2025 17:24:19][WildStr][svchost.exe]

[Throw dll injection][27/06/2025 17:24:19][WildStr][spoolsv.exe]

[Throw dll injection][27/06/2025 17:24:19][WildStr][spoolsv.exe]

[Throw dll injection][27/06/2025 17:24:19][WildStr][svchost.exe]

[Throw dll injection][27/06/2025 17:24:19][WildStr][svchost.exe]

[Throw dll injection][27/06/2025 17:24:19][WildStr][svchost.exe]

[Throw dll injection][27/06/2025 17:24:19][WildStr][svchost.exe]

[Throw dll injection][27/06/2025 17:24:19][WildStr][svchost.exe]

[Throw dll injection][27/06/2025 17:24:19][WildStr][svchost.exe]

[Throw dll injection][27/06/2025 17:24:19][WildStr][svchost.exe]

[Throw dll injection][27/06/2025 17:24:19][WildStr][svchost.exe]

[Throw dll injection][27/06/2025 17:24:19][WildStr][ssh-agent.exe]

[Throw dll injection][27/06/2025 17:24:19][WildStr][ssh-agent.exe]

[Throw dll injection][27/06/2025 17:24:19][WildStr][sshd.exe]
]

[Throw dll injection][27/06/2025 17:24:19][WildStr][svchost.exe]

[Throw dll injection][27/06/2025 17:24:19][WildStr][svchost.exe]

[Throw dll injection][27/06/2025 17:24:19][WildStr][svchost.exe]

[Throw dll injection][27/06/2025 17:24:19][WildStr][svchost.exe]

[Throw dll injection][27/06/2025 17:24:19][WildStr][svchost.exe]

[Throw dll injection][27/06/2025 17:24:19][WildStr][svchost.exe]

[Throw dll injection][27/06/2025 17:24:19][WildStr][svchost.exe]

[Throw dll injection][27/06/2025 17:24:19][WildStr][svchost.exe]

[Throw dll injection][27/06/2025 17:24:19][WildStr][svchost.exe]

[Throw dll injection][27/06/2025 17:24:19][WildStr][svchost.exe]

[Throw dll injection][27/06/2025 17:24:19][WildStr][svchost.exe]

[Throw dll injection][27/06/2025 17:24:19][WildStr][svchost.exe]

[Throw dll injection][27/06/2025 17:24:19][WildStr][svchost.exe]

[Throw dll injection][27/06/2025 17:24:19][WildStr][svchost.exe]

[Throw dll injection][27/06/2025 17:24:19][WildStr][svchost.exe]

[Throw dll injection][27/06/2025 17:24:19][WildStr][svchost.exe]

[Throw dll injection][27/06/2025 17:24:19][WildStr][MpDefenderCoreService.exe]

[Throw dll injection][27/06/2025 17:24:19][WildStr][svchost.exe]

[Throw dll injection][27/06/2025 17:24:19][WildStr][MsMpEng.exe]

[Throw dll injection][27/06/2025 17:24:19][WildStr][MpDefenderCoreService.exe]

[Throw dll injection][27/06/2025 17:24:19][WildStr][SearchIndexer.exe]

[Throw dll injection][27/06/2025 17:24:19][WildStr][MsMpEng.exe]

[Throw dll injection][27/06/2025 17:24:19][WildStr][AggregatorHost.exe]

[Throw dll injection][27/06/2025 17:24:19][WildStr][SearchIndexer.exe]

[Throw dll injection][27/06/2025 17:24:19][WildStr][dllhost.exe]

[Throw dll injection][27/06/2025 17:24:19][WildStr][AggregatorHost.exe]

[Throw dll injection][27/06/2025 17:24:19][WildStr][svchost.exe]

[Throw dll injection][27/06/2025 17:24:19][WildStr][dllhost.exe]

[Throw dll injection][27/06/2025 17:24:19][WildStr][NisSrv.exe]

[Throw dll injection][27/06/2025 17:24:19][WildStr][svchost.exe]

[Throw dll injection][27/06/2025 17:24:19][WildStr][NisSrv.exe]

[Throw dll injection][27/06/2025 17:24:19][WildStr][sihost.exe]

[Throw dll injection][27/06/2025 17:24:19][WildStr][sihost.exe]

[Throw dll injection][27/06/2025 17:24:19][WildStr][svchost.exe]

[Throw dll injection][27/06/2025 17:24:19][WildStr][svchost.exe]

[Throw dll injection][27/06/2025 17:24:19][WildStr][svchost.exe]

[Throw dll injection][27/06/2025 17:24:19][WildStr][svchost.exe]

[Throw dll injection][27/06/2025 17:24:19][WildStr][taskhostw.exe]

[Throw dll injection][27/06/2025 17:24:19][WildStr][taskhostw.exe]

[Throw dll injection][27/06/2025 17:24:19][WildStr][MicrosoftEdgeUpdate.exe]

[Throw dll injection][27/06/2025 17:24:19][WildStr][MicrosoftEdgeUpdate.exe]

[Throw dll injection][27/06/2025 17:24:19][WildStr][svchost.exe]

[Throw dll injection][27/06/2025 17:24:19][WildStr][svchost.exe]

[Throw dll injection][27/06/2025 17:24:19][WildStr][ctfmon.exe]

[Throw dll injection][27/06/2025 17:24:19][WildStr][ctfmon.exe]

[Throw dll injection][27/06/2025 17:24:19][WildStr][svchost.exe]

[Throw dll injection][27/06/2025 17:24:19][WildStr][svchost.exe]

[Throw dll injection][27/06/2025 17:24:19][WildStr][svchost.exe]

[Throw dll injection][27/06/2025 17:24:19][WildStr][svchost.exe]

[Throw dll injection][27/06/2025 17:24:19][WildStr][explorer.exe]

[Throw dll injection][27/06/2025 17:24:19][WildStr][explorer.exe]

[Throw dll injection][27/06/2025 17:24:19][WildStr][svchost.exe]

[Throw dll injection][27/06/2025 17:24:19][WildStr][svchost.exe]

[Throw dll injection][27/06/2025 17:24:19][WildStr][StartMenuExperienceHost.exe]

[Throw dll injection][27/06/2025 17:24:19][WildStr][StartMenuExperienceHost.exe]

[Throw dll injection][27/06/2025 17:24:19][WildStr][RuntimeBroker.exe]

[Throw dll injection][27/06/2025 17:24:19][WildStr][RuntimeBroker.exe]

[Throw dll injection][27/06/2025 17:24:19][WildStr][SearchApp.exe]

[Throw dll injection][27/06/2025 17:24:19][WildStr][SearchApp.exe]

[Throw dll injection][27/06/2025 17:24:19][WildStr][svchost.exe]

[Throw dll injection][27/06/2025 17:24:19][WildStr][svchost.exe]

[Throw dll injection][27/06/2025 17:24:19][WildStr][RuntimeBroker.exe]

[Throw dll injection][27/06/2025 17:24:19][WildStr][RuntimeBroker.exe]

[Throw dll injection][27/06/2025 17:24:19][WildStr][RuntimeBroker.exe]

[Throw dll injection][27/06/2025 17:24:19][WildStr][RuntimeBroker.exe]

[Throw dll injection][27/06/2025 17:24:19][WildStr][svchost.exe]

[Throw dll injection][27/06/2025 17:24:19][WildStr][svchost.exe]

[Throw dll injection][27/06/2025 17:24:19][WildStr][SecurityHealthSystray.exe]

[Throw dll injection][27/06/2025 17:24:19][WildStr][SecurityHealthSystray.exe]

[Throw dll injection][27/06/2025 17:24:19][WildStr][SecurityHealthService.exe]

[Throw dll injection][27/06/2025 17:24:19][WildStr][SecurityHealthService.exe]

[Throw dll injection][27/06/2025 17:24:19][WildStr][VBoxTray.exe]

[Throw dll injection][27/06/2025 17:24:19][WildStr][VBoxTray.exe]

[Throw dll injection][27/06/2025 17:24:19][WildStr][OneDrive.exe]

[Throw dll injection][27/06/2025 17:24:19][WildStr][OneDrive.exe]

[Throw dll injection][27/06/2025 17:24:19][WildStr][svchost.exe]

[Throw dll injection][27/06/2025 17:24:19][WildStr][svchost.exe]

[Throw dll injection][27/06/2025 17:24:19][WildStr][svchost.exe]

[Throw dll injection][27/06/2025 17:24:19][WildStr][svchost.exe]

[Throw dll injection][27/06/2025 17:24:19][WildStr][svchost.exe]

[Throw dll injection][27/06/2025 17:24:19][WildStr][svchost.exe]

[Throw dll injection][27/06/2025 17:24:19][WildStr][svchost.exe]

[Throw dll injection][27/06/2025 17:24:19][WildStr][svchost.exe]

[Throw dll injection][27/06/2025 17:24:19][WildStr][svchost.exe]

[Throw dll injection][27/06/2025 17:24:19][WildStr][svchost.exe]

[Throw dll injection][27/06/2025 17:24:19][WildStr][TextInputHost.exe]

[Throw dll injection][27/06/2025 17:24:19][WildStr][svchost.exe]

[Throw dll injection][27/06/2025 17:24:19][WildStr][TextInputHost.exe]
.exe]

[Throw dll injection][27/06/2025 17:24:19][WildStr][SystemSettings.exe]

[Throw dll injection][27/06/2025 17:24:19][WildStr][ApplicationFrameHost.exe]

[Throw dll injection][27/06/2025 17:24:19][WildStr][UserOOBEBroker.exe]

[Throw dll injection][27/06/2025 17:24:19][WildStr][SystemSettings.exe]

[Throw dll injection][27/06/2025 17:24:19][WildStr][SearchApp.exe]

[Throw dll injection][27/06/2025 17:24:19][WildStr][UserOOBEBroker.exe]

[Throw dll injection][27/06/2025 17:24:19][WildStr][msedgewebview2.exe]

[Throw dll injection][27/06/2025 17:24:19][WildStr][SearchApp.exe]

[Throw dll injection][27/06/2025 17:24:19][WildStr][msedgewebview2.exe]

[Throw dll injection][27/06/2025 17:24:19][WildStr][msedgewebview2.exe]

[Throw dll injection][27/06/2025 17:24:19][WildStr][msedgewebview2.exe]

[Throw dll injection][27/06/2025 17:24:19][WildStr][msedgewebview2.exe]

[Throw dll injection][27/06/2025 17:24:19][WildStr][msedgewebview2.exe]

[Throw dll injection][27/06/2025 17:24:19][WildStr][msedgewebview2.exe]

[Throw dll injection][27/06/2025 17:24:19][WildStr][msedgewebview2.exe]

[Throw dll injection][27/06/2025 17:24:19][WildStr][msedgewebview2.exe]

[Throw dll injection][27/06/2025 17:24:19][WildStr][msedgewebview2.exe]

[Throw dll injection][27/06/2025 17:24:19][WildStr][msedgewebview2.exe]

[Throw dll injection][27/06/2025 17:24:19][WildStr][FileCoAuth.exe]

[Throw dll injection][27/06/2025 17:24:19][WildStr][msedgewebview2.exe]

[Throw dll injection][27/06/2025 17:24:19][WildStr][svchost.exe]

[Throw dll injection][27/06/2025 17:24:19][WildStr][FileCoAuth.exe]

[Throw dll injection][27/06/2025 17:24:19][WildStr][msedge.exe]

[Throw dll injection][27/06/2025 17:24:19][WildStr][svchost.exe]

[Throw dll injection][27/06/2025 17:24:19][WildStr][msedge.exe]

[Throw dll injection][27/06/2025 17:24:19][WildStr][msedge.exe]

[Throw dll injection][27/06/2025 17:24:19][WildStr][msedge.exe]

[Throw dll injection][27/06/2025 17:24:19][WildStr][msedge.exe]

[Throw dll injection][27/06/2025 17:24:19][WildStr][msedge.exe]

[Throw dll injection][27/06/2025 17:24:19][WildStr][msedge.exe]

[Throw dll injection][27/06/2025 17:24:19][WildStr][msedge.exe]

[Throw dll injection][27/06/2025 17:24:19][WildStr][msedge.exe]

[Throw dll injection][27/06/2025 17:24:19][WildStr][svchost.exe]

[Throw dll injection][27/06/2025 17:24:19][WildStr][msedge.exe]

[Throw dll injection][27/06/2025 17:24:19][WildStr][svchost.exe]

[Throw dll injection][27/06/2025 17:24:19][WildStr][svchost.exe]

[Throw dll injection][27/06/2025 17:24:19][WildStr][svchost.exe]

[Throw dll injection][27/06/2025 17:24:19][WildStr][svchost.exe]

[Throw dll injection][27/06/2025 17:24:19][WildStr][dllhost.exe]

[Throw dll injection][27/06/2025 17:24:19][WildStr][svchost.exe]

[Throw dll injection][27/06/2025 17:24:19][WildStr][ShellExperienceHost.exe]

[Throw dll injection][27/06/2025 17:24:19][WildStr][dllhost.exe]

[Throw dll injection][27/06/2025 17:24:19][WildStr][RuntimeBroker.exe]

[Throw dll injection][27/06/2025 17:24:19][WildStr][ShellExperienceHost.exe]

[Throw dll injection][27/06/2025 17:24:19][WildStr][powershell.exe]

[Throw dll injection][27/06/2025 17:24:19][WildStr][RuntimeBroker.exe]

[Throw dll injection][27/06/2025 17:24:19][WildStr][conhost.exe]

[Throw dll injection][27/06/2025 17:24:19][WildStr][powershell.exe]

[Throw dll injection][27/06/2025 17:24:19][WildStr][cmd.exe]

[Throw dll injection][27/06/2025 17:24:19][WildStr][conhost.exe]

[Throw dll injection][27/06/2025 17:24:19][WildStr][conhost.exe]

[Throw dll injection][27/06/2025 17:24:19][WildStr][cmd.exe]

[Throw dll injection][27/06/2025 17:24:19][WildStr][powershell.exe]

[Throw dll injection][27/06/2025 17:24:19][WildStr][conhost.exe]

[Throw dll injection][27/06/2025 17:24:19][WildStr][Code.exe]

[Throw dll injection][27/06/2025 17:24:19][WildStr][powershell.exe]

[Throw dll injection][27/06/2025 17:24:19][WildStr][Code.exe]

[Throw dll injection][27/06/2025 17:24:19][WildStr][Code.exe]

[Throw dll injection][27/06/2025 17:24:19][WildStr][Code.exe]

[Throw dll injection][27/06/2025 17:24:19][WildStr][Code.exe]

[Throw dll injection][27/06/2025 17:24:19][WildStr][Code.exe]

[Throw dll injection][27/06/2025 17:24:19][WildStr][Code.exe]

[Throw dll injection][27/06/2025 17:24:19][WildStr][Code.exe]

[Throw dll injection][27/06/2025 17:24:19][WildStr][Code.exe]

[Throw dll injection][27/06/2025 17:24:19][WildStr][Code.exe]

[Throw dll injection][27/06/2025 17:24:19][WildStr][Code.exe]

[Throw dll injection][27/06/2025 17:24:19][WildStr][Code.exe]

[Throw dll injection][27/06/2025 17:24:19][WildStr][Code.exe]

[Throw dll injection][27/06/2025 17:24:19][WildStr][Code.exe]

[Throw dll injection][27/06/2025 17:24:19][WildStr][Code.exe]

[Throw dll injection][27/06/2025 17:24:19][WildStr][cpptools.exe]

[Throw dll injection][27/06/2025 17:24:19][WildStr][Code.exe]

[Throw dll injection][27/06/2025 17:24:19][WildStr][conhost.exe]

[Throw dll injection][27/06/2025 17:24:19][WildStr][cpptools.exe]

[Throw dll injection][27/06/2025 17:24:19][WildStr][Code.exe]

[Throw dll injection][27/06/2025 17:24:19][WildStr][conhost.exe]

[Throw dll injection][27/06/2025 17:24:19][WildStr][cpptools.exe]

[Throw dll injection][27/06/2025 17:24:19][WildStr][Code.exe]

[Throw dll injection][27/06/2025 17:24:19][WildStr][cpptools-srv.exe]

[Throw dll injection][27/06/2025 17:24:19][WildStr][cpptools.exe]

[Throw dll injection][27/06/2025 17:24:19][WildStr][conhost.exe]

[Throw dll injection][27/06/2025 17:24:19][WildStr][cpptools-srv.exe]

[Throw dll injection][27/06/2025 17:24:19][WildStr][svchost.exe]

[Throw dll injection][27/06/2025 17:24:19][WildStr][conhost.exe]

[Throw dll injection][27/06/2025 17:24:19][WildStr][svchost.exe]

[Throw dll injection][27/06/2025 17:24:19][WildStr][svchost.exe]

[Throw dll injection][27/06/2025 17:24:19][WildStr][Code.exe]

[Throw dll injection][27/06/2025 17:24:19][WildStr][svchost.exe]

[Throw dll injection][27/06/2025 17:24:19][WildStr][conhost.exe]

[Throw dll injection][27/06/2025 17:24:19][WildStr][Code.exe]

[Throw dll injection][27/06/2025 17:24:19][WildStr][powershell.exe]

[Throw dll injection][27/06/2025 17:24:19][WildStr][conhost.exe]

[Throw dll injection][27/06/2025 17:24:19][WildStr][vctip.exe]

[Throw dll injection][27/06/2025 17:24:19][WildStr][powershell.exe]

[Throw dll injection][27/06/2025 17:24:19][WildStr][cpptools-srv.exe]

[Throw dll injection][27/06/2025 17:24:19][WildStr][vctip.exe]

[Throw dll injection][27/06/2025 17:24:19][WildStr][conhost.exe]

[Throw dll injection][27/06/2025 17:24:19][WildStr][cpptools-srv.exe]

[Throw dll injection][27/06/2025 17:24:19][WildStr][svchost.exe]

[Throw dll injection][27/06/2025 17:24:19][WildStr][conhost.exe]

[Throw dll injection][27/06/2025 17:24:19][WildStr][smartscreen.exe]

[Throw dll injection][27/06/2025 17:24:19][WildStr][svchost.exe]

[Throw dll injection][27/06/2025 17:24:19][WildStr][Taskmgr.exe]

[Throw dll injection][27/06/2025 17:24:19][WildStr][smartscreen.exe]

[Throw dll injection][27/06/2025 17:24:19][WildStr][conhost.exe]

[Throw dll injection][27/06/2025 17:24:19][WildStr][Taskmgr.exe]

[Throw dll injection][27/06/2025 17:24:19][WildStr][powershell.exe]

[Throw dll injection][27/06/2025 17:24:19][WildStr][conhost.exe]

[Throw dll injection][27/06/2025 17:24:19][WildStr][test.exe]

[Throw dll injection][27/06/2025 17:24:19][WildStr][powershell.exe]

[Throw dll injection][27/06/2025 17:24:19][WildStr][test.exe]

[Throw dll injection][27/06/2025 17:24:20][WildStr][System]

[Throw dll injection][27/06/2025 17:24:20][WildStr][Registry]

[Throw dll injection][27/06/2025 17:24:20][WildStr][Registry]

[Throw dll injection][27/06/2025 17:24:20][WildStr][smss.exe]

[Throw dll injection][27/06/2025 17:24:20][WildStr][smss.exe]

[Throw dll injection][27/06/2025 17:24:20][WildStr][csrss.exe]

[Throw dll injection][27/06/2025 17:24:20][WildStr][csrss.exe]

[Throw dll injection][27/06/2025 17:24:20][WildStr][wininit.exe]

[Throw dll injection][27/06/2025 17:24:20][WildStr][wininit.exe]

[Throw dll injection][27/06/2025 17:24:20][WildStr][csrss.exe]

[Throw dll injection][27/06/2025 17:24:20][WildStr][csrss.exe]

[Throw dll injection][27/06/2025 17:24:20][WildStr][winlogon.exe]

[Throw dll injection][27/06/2025 17:24:20][WildStr][services.exe]

[Throw dll injection][27/06/2025 17:24:20][WildStr][services.exe]

[Throw dll injection][27/06/2025 17:24:20][WildStr][lsass.exe]

[Throw dll injection][27/06/2025 17:24:20][WildStr][svchost.exe]

[Throw dll injection][27/06/2025 17:24:20][WildStr][svchost.exe]

[Throw dll injection][27/06/2025 17:24:20][WildStr][fontdrvhost.exe]

[Throw dll injection][27/06/2025 17:24:20][WildStr][fontdrvhost.exe]

[Throw dll injection][27/06/2025 17:24:20][WildStr][fontdrvhost.exe]

[Throw dll injection][27/06/2025 17:24:20][WildStr][fontdrvhost.exe]

[Throw dll injection][27/06/2025 17:24:20][WildStr][svchost.exe]

[Throw dll injection][27/06/2025 17:24:20][WildStr][svchost.exe]

[Throw dll injection][27/06/2025 17:24:20][WildStr][svchost.exe]

[Throw dll injection][27/06/2025 17:24:20][WildStr][svchost.exe]

[Throw dll injection][27/06/2025 17:24:20][WildStr][dwm.exe]

[Throw dll injection][27/06/2025 17:24:20][WildStr][dwm.exe]

[Throw dll injection][27/06/2025 17:24:20][WildStr][svchost.exe]

[Throw dll injection][27/06/2025 17:24:20][WildStr][svchost.exe]

[Throw dll injection][27/06/2025 17:24:20][WildStr][svchost.exe]

[Throw dll injection][27/06/2025 17:24:20][WildStr][svchost.exe]

[Throw dll injection][27/06/2025 17:24:20][WildStr][svchost.exe]

[Throw dll injection][27/06/2025 17:24:20][WildStr][svchost.exe]

[Throw dll injection][27/06/2025 17:24:20][WildStr][svchost.exe]

[Throw dll injection][27/06/2025 17:24:20][WildStr][svchost.exe]

[Throw dll injection][27/06/2025 17:24:20][WildStr][svchost.exe]

[Throw dll injection][27/06/2025 17:24:20][WildStr][svchost.exe]

[Throw dll injection][27/06/2025 17:24:20][WildStr][svchost.exe]

[Throw dll injection][27/06/2025 17:24:20][WildStr][svchost.exe]

[Throw dll injection][27/06/2025 17:24:20][WildStr][svchost.exe]

[Throw dll injection][27/06/2025 17:24:20][WildStr][svchost.exe]

[Throw dll injection][27/06/2025 17:24:20][WildStr][svchost.exe]

[Throw dll injection][27/06/2025 17:24:20][WildStr][svchost.exe]

[Throw dll injection][27/06/2025 17:24:20][WildStr][svchost.exe]

[Throw dll injection][27/06/2025 17:24:20][WildStr][svchost.exe]

[Throw dll injection][27/06/2025 17:24:20][WildStr][svchost.exe]

[Throw dll injection][27/06/2025 17:24:20][WildStr][svchost.exe]

[Throw dll injection][27/06/2025 17:24:20][WildStr][svchost.exe]

[Throw dll injection][27/06/2025 17:24:20][WildStr][svchost.exe]

[Throw dll injection][27/06/2025 17:24:20][WildStr][svchost.exe]

[Throw dll injection][27/06/2025 17:24:20][WildStr][svchost.exe]

[Throw dll injection][27/06/2025 17:24:20][WildStr][svchost.exe]

[Throw dll injection][27/06/2025 17:24:20][WildStr][VBoxService.exe]

[Throw dll injection][27/06/2025 17:24:20][WildStr][VBoxService.exe]

[Throw dll injection][27/06/2025 17:24:20][WildStr][svchost.exe]

[Throw dll injection][27/06/2025 17:24:20][WildStr][svchost.exe]

[Throw dll injection][27/06/2025 17:24:20][WildStr][svchost.exe]

[Throw dll injection][27/06/2025 17:24:20][WildStr][svchost.exe]

[Throw dll injection][27/06/2025 17:24:20][WildStr][svchost.exe]

[Throw dll injection][27/06/2025 17:24:20][WildStr][svchost.exe]

[Throw dll injection][27/06/2025 17:24:20][WildStr][svchost.exe]

[Throw dll injection][27/06/2025 17:24:20][WildStr][svchost.exe]

[Throw dll injection][27/06/2025 17:24:20][WildStr][svchost.exe]

[Throw dll injection][27/06/2025 17:24:20][WildStr][svchost.exe]

[Throw dll injection][27/06/2025 17:24:20][WildStr][svchost.exe]

[Throw dll injection][27/06/2025 17:24:20][WildStr][Memory Compression]

[Throw dll injection][27/06/2025 17:24:20][WildStr][Memory Compression]

[Throw dll injection][27/06/2025 17:24:20][WildStr][svchost.exe]

[Throw dll injection][27/06/2025 17:24:20][WildStr][svchost.exe]

[Throw dll injection][27/06/2025 17:24:20][WildStr][svchost.exe]

[Throw dll injection][27/06/2025 17:24:20][WildStr][svchost.exe]

[Throw dll injection][27/06/2025 17:24:20][WildStr][svchost.exe]

[Throw dll injection][27/06/2025 17:24:20][WildStr][svchost.exe]

[Throw dll injection][27/06/2025 17:24:20][WildStr][svchost.exe]

[Throw dll injection][27/06/2025 17:24:20][WildStr][svchost.exe]

[Throw dll injection][27/06/2025 17:24:20][WildStr][svchost.exe]

[Throw dll injection][27/06/2025 17:24:20][WildStr][svchost.exe]

[Throw dll injection][27/06/2025 17:24:20][WildStr][svchost.exe]

[Throw dll injection][27/06/2025 17:24:20][WildStr][svchost.exe]

[Throw dll injection][27/06/2025 17:24:20][WildStr][svchost.exe]

[Throw dll injection][27/06/2025 17:24:20][WildStr][svchost.exe]

[Throw dll injection][27/06/2025 17:24:20][WildStr][svchost.exe]

[Throw dll injection][27/06/2025 17:24:20][WildStr][svchost.exe]

[Throw dll injection][27/06/2025 17:24:20][WildStr][spoolsv.exe]

[Throw dll injection][27/06/2025 17:24:20][WildStr][spoolsv.exe]

[Throw dll injection][27/06/2025 17:24:20][WildStr][svchost.exe]

[Throw dll injection][27/06/2025 17:24:20][WildStr][svchost.exe]

[Throw dll injection][27/06/2025 17:24:20][WildStr][svchost.exe]

[Throw dll injection][27/06/2025 17:24:20][WildStr][svchost.exe]

[Throw dll injection][27/06/2025 17:24:20][WildStr][svchost.exe]

[Throw dll injection][27/06/2025 17:24:20][WildStr][svchost.exe]

[Throw dll injection][27/06/2025 17:24:20][WildStr][svchost.exe]

[Throw dll injection][27/06/2025 17:24:20][WildStr][svchost.exe]

[Throw dll injection][27/06/2025 17:24:20][WildStr][ssh-agent.exe]

[Throw dll injection][27/06/2025 17:24:20][WildStr][ssh-agent.exe]

[Throw dll injection][27/06/2025 17:24:20][WildStr][sshd.exe]

[Throw dll injection][27/06/2025 17:24:20][WildStr][sshd.exe]

[Throw dll injection][27/06/2025 17:24:20][WildStr][svchost.exe]

[Throw dll injection][27/06/2025 17:24:20][WildStr][svchost.exe]

[Throw dll injection][27/06/2025 17:24:20][WildStr][svchost.exe]

[Throw dll injection][27/06/2025 17:24:20][WildStr][svchost.exe]

[Throw dll injection][27/06/2025 17:24:20][WildStr][svchost.exe]

[Throw dll injection][27/06/2025 17:24:20][WildStr][svchost.exe]

[Throw dll injection][27/06/2025 17:24:20][WildStr][svchost.exe]

[Throw dll injection][27/06/2025 17:24:20][WildStr][svchost.exe]

[Throw dll injection][27/06/2025 17:24:20][WildStr][svchost.exe]

[Throw dll injection][27/06/2025 17:24:20][WildStr][svchost.exe]

[Throw dll injection][27/06/2025 17:24:20][WildStr][svchost.exe]

[Throw dll injection][27/06/2025 17:24:20][WildStr][svchost.exe]

[Throw dll injection][27/06/2025 17:24:20][WildStr][svchost.exe]

[Throw dll injection][27/06/2025 17:24:20][WildStr][svchost.exe]

[Throw dll injection][27/06/2025 17:24:20][WildStr][svchost.exe]

[Throw dll injection][27/06/2025 17:24:20][WildStr][svchost.exe]

[Throw dll injection][27/06/2025 17:24:20][WildStr][svchost.exe]

[Throw dll injection][27/06/2025 17:24:20][WildStr][svchost.exe]

[Throw dll injection][27/06/2025 17:24:20][WildStr][MpDefenderCoreService.exe]

[Throw dll injection][27/06/2025 17:24:20][WildStr][MpDefenderCoreService.exe]

[Throw dll injection][27/06/2025 17:24:20][WildStr][MsMpEng.exe]

[Throw dll injection][27/06/2025 17:24:20][WildStr][MsMpEng.exe]

[Throw dll injection][27/06/2025 17:24:20][WildStr][SearchIndexer.exe]

[Throw dll injection][27/06/2025 17:24:20][WildStr][SearchIndexer.exe]

[Throw dll injection][27/06/2025 17:24:20][WildStr][AggregatorHost.exe]

[Throw dll injection][27/06/2025 17:24:20][WildStr][AggregatorHost.exe]

[Throw dll injection][27/06/2025 17:24:20][WildStr][dllhost.exe]

[Throw dll injection][27/06/2025 17:24:20][WildStr][dllhost.exe]

[Throw dll injection][27/06/2025 17:24:20][WildStr][svchost.exe]

[Throw dll injection][27/06/2025 17:24:20][WildStr][svchost.exe]

[Throw dll injection][27/06/2025 17:24:20][WildStr][NisSrv.exe]

[Throw dll injection][27/06/2025 17:24:20][WildStr][NisSrv.exe]

[Throw dll injection][27/06/2025 17:24:20][WildStr][sihost.exe]

[Throw dll injection][27/06/2025 17:24:20][WildStr][sihost.exe]

[Throw dll injection][27/06/2025 17:24:20][WildStr][svchost.exe]

[Throw dll injection][27/06/2025 17:24:20][WildStr][svchost.exe]

[Throw dll injection][27/06/2025 17:24:20][WildStr][svchost.exe]

[Throw dll injection][27/06/2025 17:24:20][WildStr][svchost.exe]

[Throw dll injection][27/06/2025 17:24:20][WildStr][taskhostw.exe]

[Throw dll injection][27/06/2025 17:24:20][WildStr][taskhostw.exe]

[Throw dll injection][27/06/2025 17:24:20][WildStr][MicrosoftEdgeUpdate.exe]

[Throw dll injection][27/06/2025 17:24:20][WildStr][MicrosoftEdgeUpdate.exe]

[Throw dll injection][27/06/2025 17:24:20][WildStr][svchost.exe]

[Throw dll injection][27/06/2025 17:24:20][WildStr][svchost.exe]

[Throw dll injection][27/06/2025 17:24:20][WildStr][ctfmon.exe]

[Throw dll injection][27/06/2025 17:24:20][WildStr][ctfmon.exe]

[Throw dll injection][27/06/2025 17:24:20][WildStr][svchost.exe]

[Throw dll injection][27/06/2025 17:24:20][WildStr][svchost.exe]

[Throw dll injection][27/06/2025 17:24:20][WildStr][svchost.exe]

[Throw dll injection][27/06/2025 17:24:20][WildStr][svchost.exe]

[Throw dll injection][27/06/2025 17:24:20][WildStr][explorer.exe]

[Throw dll injection][27/06/2025 17:24:20][WildStr][explorer.exe]

[Throw dll injection][27/06/2025 17:24:20][WildStr][svchost.exe]

[Throw dll injection][27/06/2025 17:24:20][WildStr][svchost.exe]

[Throw dll injection][27/06/2025 17:24:20][WildStr][StartMenuExperienceHost.exe]

[Throw dll injection][27/06/2025 17:24:20][WildStr][StartMenuExperienceHost.exe]

[Throw dll injection][27/06/2025 17:24:20][WildStr][RuntimeBroker.exe]

[Throw dll injection][27/06/2025 17:24:20][WildStr][RuntimeBroker.exe]

[Throw dll injection][27/06/2025 17:24:20][WildStr][SearchApp.exe]

[Throw dll injection][27/06/2025 17:24:20][WildStr][SearchApp.exe]

[Throw dll injection][27/06/2025 17:24:20][WildStr][svchost.exe]

[Throw dll injection][27/06/2025 17:24:20][WildStr][svchost.exe]

[Throw dll injection][27/06/2025 17:24:20][WildStr][RuntimeBroker.exe]

[Throw dll injection][27/06/2025 17:24:20][WildStr][RuntimeBroker.exe]

[Throw dll injection][27/06/2025 17:24:20][WildStr][RuntimeBroker.exe]

[Throw dll injection][27/06/2025 17:24:20][WildStr][RuntimeBroker.exe]

[Throw dll injection][27/06/2025 17:24:20][WildStr][svchost.exe]

[Throw dll injection][27/06/2025 17:24:20][WildStr][svchost.exe]

[Throw dll injection][27/06/2025 17:24:20][WildStr][SecurityHealthSystray.exe]

[Throw dll injection][27/06/2025 17:24:20][WildStr][SecurityHealthSystray.exe]

[Throw dll injection][27/06/2025 17:24:20][WildStr][SecurityHealthService.exe]

[Throw dll injection][27/06/2025 17:24:20][WildStr][SecurityHealthService.exe]

[Throw dll injection][27/06/2025 17:24:20][WildStr][VBoxTray.exe]

[Throw dll injection][27/06/2025 17:24:20][WildStr][VBoxTray.exe]

[Throw dll injection][27/06/2025 17:24:20][WildStr][OneDrive.exe]

[Throw dll injection][27/06/2025 17:24:20][WildStr][OneDrive.exe]

[Throw dll injection][27/06/2025 17:24:20][WildStr][svchost.exe]

[Throw dll injection][27/06/2025 17:24:20][WildStr][svchost.exe]

[Throw dll injection][27/06/2025 17:24:20][WildStr][svchost.exe]

[Throw dll injection][27/06/2025 17:24:20][WildStr][svchost.exe]

[Throw dll injection][27/06/2025 17:24:20][WildStr][svchost.exe]

[Throw dll injection][27/06/2025 17:24:20][WildStr][svchost.exe]

[Throw dll injection][27/06/2025 17:24:20][WildStr][svchost.exe]

[Throw dll injection][27/06/2025 17:24:20][WildStr][svchost.exe]

[Throw dll injection][27/06/2025 17:24:20][WildStr][svchost.exe]

[Throw dll injection][27/06/2025 17:24:20][WildStr][svchost.exe]

[Throw dll injection][27/06/2025 17:24:20][WildStr][svchost.exe]

[Throw dll injection][27/06/2025 17:24:20][WildStr][svchost.exe]

[Throw dll injection][27/06/2025 17:24:20][WildStr][TextInputHost.exe]

[Throw dll injection][27/06/2025 17:24:20][WildStr][TextInputHost.exe]

[Throw dll injection][27/06/2025 17:24:20][WildStr][ApplicationFrameHost.exe]

[Throw dll injection][27/06/2025 17:24:20][WildStr][ApplicationFrameHost.exe]

[Throw dll injection][27/06/2025 17:24:20][WildStr][SystemSettings.exe]

[Throw dll injection][27/06/2025 17:24:20][WildStr][SystemSettings.exe]

[Throw dll injection][27/06/2025 17:24:20][WildStr][UserOOBEBroker.exe]

[Throw dll injection][27/06/2025 17:24:20][WildStr][UserOOBEBroker.exe]

[Throw dll injection][27/06/2025 17:24:20][WildStr][SearchApp.exe]

[Throw dll injection][27/06/2025 17:24:20][WildStr][SearchApp.exe]

[Throw dll injection][27/06/2025 17:24:20][WildStr][msedgewebview2.exe]

[Throw dll injection][27/06/2025 17:24:20][WildStr][msedgewebview2.exe]

[Throw dll injection][27/06/2025 17:24:20][WildStr][msedgewebview2.exe]

[Throw dll injection][27/06/2025 17:24:20][WildStr][msedgewebview2.exe]

[Throw dll injection][27/06/2025 17:24:20][WildStr][msedgewebview2.exe]

[Throw dll injection][27/06/2025 17:24:20][WildStr][msedgewebview2.exe]

[Throw dll injection][27/06/2025 17:24:20][WildStr][msedgewebview2.exe]

[Throw dll injection][27/06/2025 17:24:20][WildStr][msedgewebview2.exe]

[Throw dll injection][27/06/2025 17:24:20][WildStr][msedgewebview2.exe]

[Throw dll injection][27/06/2025 17:24:20][WildStr][msedgewebview2.exe]

[Throw dll injection][27/06/2025 17:24:20][WildStr][msedgewebview2.exe]

[Throw dll injection][27/06/2025 17:24:20][WildStr][msedgewebview2.exe]

[Throw dll injection][27/06/2025 17:24:20][WildStr][FileCoAuth.exe]

[Throw dll injection][27/06/2025 17:24:20][WildStr][FileCoAuth.exe]

[Throw dll injection][27/06/2025 17:24:20][WildStr][svchost.exe]

[Throw dll injection][27/06/2025 17:24:20][WildStr][svchost.exe]

[Throw dll injection][27/06/2025 17:24:20][WildStr][msedge.exe]

[Throw dll injection][27/06/2025 17:24:20][WildStr][msedge.exe]

[Throw dll injection][27/06/2025 17:24:20][WildStr][msedge.exe]

[Throw dll injection][27/06/2025 17:24:20][WildStr][msedge.exe]

[Throw dll injection][27/06/2025 17:24:20][WildStr][msedge.exe]

[Throw dll injection][27/06/2025 17:24:20][WildStr][msedge.exe]

[Throw dll injection][27/06/2025 17:24:20][WildStr][msedge.exe]

[Throw dll injection][27/06/2025 17:24:20][WildStr][msedge.exe]

[Throw dll injection][27/06/2025 17:24:20][WildStr][msedge.exe]

[Throw dll injection][27/06/2025 17:24:20][WildStr][msedge.exe]

[Throw dll injection][27/06/2025 17:24:20][WildStr][svchost.exe]

[Throw dll injection][27/06/2025 17:24:20][WildStr][svchost.exe]

[Throw dll injection][27/06/2025 17:24:20][WildStr][svchost.exe]

[Throw dll injection][27/06/2025 17:24:20][WildStr][svchost.exe]

[Throw dll injection][27/06/2025 17:24:20][WildStr][svchost.exe]

[Throw dll injection][27/06/2025 17:24:20][WildStr][svchost.exe]

[Throw dll injection][27/06/2025 17:24:20][WildStr][dllhost.exe]

[Throw dll injection][27/06/2025 17:24:20][WildStr][dllhost.exe]

[Throw dll injection][27/06/2025 17:24:20][WildStr][ShellExperienceHost.exe]

[Throw dll injection][27/06/2025 17:24:20][WildStr][ShellExperienceHost.exe]

[Throw dll injection][27/06/2025 17:24:20][WildStr][RuntimeBroker.exe]

[Throw dll injection][27/06/2025 17:24:20][WildStr][RuntimeBroker.exe]

[Throw dll injection][27/06/2025 17:24:20][WildStr][powershell.exe]

[Throw dll injection][27/06/2025 17:24:20][WildStr][powershell.exe]

[Throw dll injection][27/06/2025 17:24:20][WildStr][conhost.exe]

[Throw dll injection][27/06/2025 17:24:20][WildStr][conhost.exe]

[Throw dll injection][27/06/2025 17:24:20][WildStr][cmd.exe]

[Throw dll injection][27/06/2025 17:24:20][WildStr][cmd.exe]

[Throw dll injection][27/06/2025 17:24:20][WildStr][conhost.exe]

[Throw dll injection][27/06/2025 17:24:20][WildStr][conhost.exe]

[Throw dll injection][27/06/2025 17:24:20][WildStr][powershell.exe]

[Throw dll injection][27/06/2025 17:24:20][WildStr][powershell.exe]

[Throw dll injection][27/06/2025 17:24:20][WildStr][Code.exe]

[Throw dll injection][27/06/2025 17:24:20][WildStr][Code.exe]

[Throw dll injection][27/06/2025 17:24:20][WildStr][Code.exe]

[Throw dll injection][27/06/2025 17:24:20][WildStr][Code.exe]

[Throw dll injection][27/06/2025 17:24:20][WildStr][Code.exe]

[Throw dll injection][27/06/2025 17:24:20][WildStr][Code.exe]

[Throw dll injection][27/06/2025 17:24:20][WildStr][Code.exe]

[Throw dll injection][27/06/2025 17:24:20][WildStr][Code.exe]

[Throw dll injection][27/06/2025 17:24:20][WildStr][Code.exe]

[Throw dll injection][27/06/2025 17:24:20][WildStr][Code.exe]

[Throw dll injection][27/06/2025 17:24:20][WildStr][Code.exe]

[Throw dll injection][27/06/2025 17:24:20][WildStr][Code.exe]

[Throw dll injection][27/06/2025 17:24:20][WildStr][Code.exe]

[Throw dll injection][27/06/2025 17:24:20][WildStr][Code.exe]

[Throw dll injection][27/06/2025 17:24:20][WildStr][cpptools.exe]

[Throw dll injection][27/06/2025 17:24:20][WildStr][Code.exe]

[Throw dll injection][27/06/2025 17:24:20][WildStr][conhost.exe]

[Throw dll injection][27/06/2025 17:24:20][WildStr][cpptools.exe]

[Throw dll injection][27/06/2025 17:24:20][WildStr][Code.exe]

[Throw dll injection][27/06/2025 17:24:20][WildStr][conhost.exe]

[Throw dll injection][27/06/2025 17:24:20][WildStr][cpptools.exe]

[Throw dll injection][27/06/2025 17:24:20][WildStr][Code.exe]

[Throw dll injection][27/06/2025 17:24:20][WildStr][cpptools-srv.exe]

[Throw dll injection][27/06/2025 17:24:20][WildStr][cpptools.exe]

[Throw dll injection][27/06/2025 17:24:20][WildStr][conhost.exe]

[Throw dll injection][27/06/2025 17:24:20][WildStr][cpptools-srv.exe]

[Throw dll injection][27/06/2025 17:24:20][WildStr][svchost.exe]

[Throw dll injection][27/06/2025 17:24:20][WildStr][conhost.exe]

[Throw dll injection][27/06/2025 17:24:20][WildStr][svchost.exe]

[Throw dll injection][27/06/2025 17:24:20][WildStr][svchost.exe]

[Throw dll injection][27/06/2025 17:24:20][WildStr][Code.exe]

[Throw dll injection][27/06/2025 17:24:20][WildStr][svchost.exe]

[Throw dll injection][27/06/2025 17:24:20][WildStr][conhost.exe]

[Throw dll injection][27/06/2025 17:24:20][WildStr][Code.exe]

[Throw dll injection][27/06/2025 17:24:20][WildStr][powershell.exe]

[Throw dll injection][27/06/2025 17:24:20][WildStr][conhost.exe]

[Throw dll injection][27/06/2025 17:24:20][WildStr][vctip.exe]

[Throw dll injection][27/06/2025 17:24:20][WildStr][powershell.exe]

[Throw dll injection][27/06/2025 17:24:20][WildStr][cpptools-srv.exe]

[Throw dll injection][27/06/2025 17:24:20][WildStr][vctip.exe]

[Throw dll injection][27/06/2025 17:24:20][WildStr][conhost.exe]

[Throw dll injection][27/06/2025 17:24:20][WildStr][cpptools-srv.exe]

[Throw dll injection][27/06/2025 17:24:20][WildStr][svchost.exe]

[Throw dll injection][27/06/2025 17:24:20][WildStr][conhost.exe]

[Throw dll injection][27/06/2025 17:24:20][WildStr][smartscreen.exe]

[Throw dll injection][27/06/2025 17:24:20][WildStr][svchost.exe]

[Throw dll injection][27/06/2025 17:24:20][WildStr][Taskmgr.exe]

[Throw dll injection][27/06/2025 17:24:20][WildStr][smartscreen.exe]

[Throw dll injection][27/06/2025 17:24:20][WildStr][conhost.exe]

[Throw dll injection][27/06/2025 17:24:20][WildStr][Taskmgr.exe]

[Throw dll injection][27/06/2025 17:24:20][WildStr][powershell.exe]

[Throw dll injection][27/06/2025 17:24:20][WildStr][conhost.exe]

[Throw dll injection][27/06/2025 17:24:20][WildStr][test.exe]

[Throw dll injection][27/06/2025 17:24:20][WildStr][powershell.exe]

[Throw dll injection][27/06/2025 17:24:20][WildStr][test.exe]

[Throw dll injection][27/06/2025 17:24:21][WildStr][System]

[Throw dll injection][27/06/2025 17:24:21][WildStr][Registry]

[Throw dll injection][27/06/2025 17:24:21][WildStr][Registry]

[Throw dll injection][27/06/2025 17:24:21][WildStr][smss.exe]

[Throw dll injection][27/06/2025 17:24:21][WildStr][csrss.exe]

[Throw dll injection][27/06/2025 17:24:21][WildStr][smss.exe]

[Throw dll injection][27/06/2025 17:24:21][WildStr][csrss.exe]


[Throw dll injection][27/06/2025 17:24:21][WildStr][wininit.exe]

[Throw dll injection][27/06/2025 17:24:21][WildStr][winlogon.exe]

[Throw dll injection][27/06/2025 17:24:21][WildStr][csrss.exe]

[Throw dll injection][27/06/2025 17:24:21][WildStr][services.exe]

[Throw dll injection][27/06/2025 17:24:21][WildStr][winlogon.exe]

[Throw dll injection][27/06/2025 17:24:21][WildStr][lsass.exe]

[Throw dll injection][27/06/2025 17:24:21][WildStr][services.exe]

[Throw dll injection][27/06/2025 17:24:21][WildStr][svchost.exe]

[Throw dll injection][27/06/2025 17:24:21][WildStr][lsass.exe]

[Throw dll injection][27/06/2025 17:24:21][WildStr][fontdrvhost.exe]

[Throw dll injection][27/06/2025 17:24:21][WildStr][svchost.exe]

[Throw dll injection][27/06/2025 17:24:21][WildStr][fontdrvhost.exe]

[Throw dll injection][27/06/2025 17:24:21][WildStr][fontdrvhost.exe]

[Throw dll injection][27/06/2025 17:24:21][WildStr][svchost.exe]

[Throw dll injection][27/06/2025 17:24:21][WildStr][fontdrvhost.exe]

[Throw dll injection][27/06/2025 17:24:21][WildStr][svchost.exe]

[Throw dll injection][27/06/2025 17:24:21][WildStr][svchost.exe]

[Throw dll injection][27/06/2025 17:24:21][WildStr][dwm.exe]

[Throw dll injection][27/06/2025 17:24:21][WildStr][svchost.exe]

[Throw dll injection][27/06/2025 17:24:21][WildStr][svchost.exe]

[Throw dll injection][27/06/2025 17:24:21][WildStr][dwm.exe]

[Throw dll injection][27/06/2025 17:24:21][WildStr][svchost.exe]

[Throw dll injection][27/06/2025 17:24:21][WildStr][svchost.exe]

[Throw dll injection][27/06/2025 17:24:21][WildStr][svchost.exe]

[Throw dll injection][27/06/2025 17:24:21][WildStr][svchost.exe]

[Throw dll injection][27/06/2025 17:24:21][WildStr][svchost.exe]

[Throw dll injection][27/06/2025 17:24:21][WildStr][svchost.exe]

[Throw dll injection][27/06/2025 17:24:21][WildStr][svchost.exe]

[Throw dll injection][27/06/2025 17:24:21][WildStr][svchost.exe]

[Throw dll injection][27/06/2025 17:24:21][WildStr][svchost.exe]

[Throw dll injection][27/06/2025 17:24:21][WildStr][svchost.exe]

[Throw dll injection][27/06/2025 17:24:21][WildStr][svchost.exe]

[Throw dll injection][27/06/2025 17:24:21][WildStr][svchost.exe]

[Throw dll injection][27/06/2025 17:24:21][WildStr][svchost.exe]

[Throw dll injection][27/06/2025 17:24:21][WildStr][svchost.exe]

[Throw dll injection][27/06/2025 17:24:21][WildStr][svchost.exe]

[Throw dll injection][27/06/2025 17:24:21][WildStr][svchost.exe]

[Throw dll injection][27/06/2025 17:24:21][WildStr][svchost.exe]

[Throw dll injection][27/06/2025 17:24:21][WildStr][svchost.exe]

[Throw dll injection][27/06/2025 17:24:21][WildStr][VBoxService.exe]

[Throw dll injection][27/06/2025 17:24:21][WildStr][svchost.exe]

[Throw dll injection][27/06/2025 17:24:21][WildStr][svchost.exe]

[Throw dll injection][27/06/2025 17:24:21][WildStr][svchost.exe]

[Throw dll injection][27/06/2025 17:24:21][WildStr][svchost.exe]

[Throw dll injection][27/06/2025 17:24:21][WildStr][svchost.exe]

[Throw dll injection][27/06/2025 17:24:21][WildStr][svchost.exe]

[Throw dll injection][27/06/2025 17:24:21][WildStr][svchost.exe]

[Throw dll injection][27/06/2025 17:24:21][WildStr][VBoxService.exe]

[Throw dll injection][27/06/2025 17:24:21][WildStr][svchost.exe]

[Throw dll injection][27/06/2025 17:24:21][WildStr][svchost.exe]

[Throw dll injection][27/06/2025 17:24:21][WildStr][svchost.exe]

[Throw dll injection][27/06/2025 17:24:21][WildStr][svchost.exe]

[Throw dll injection][27/06/2025 17:24:21][WildStr][Memory Compression]

[Throw dll injection][27/06/2025 17:24:21][WildStr][svchost.exe]

[Throw dll injection][27/06/2025 17:24:21][WildStr][svchost.exe]

[Throw dll injection][27/06/2025 17:24:21][WildStr][svchost.exe]

[Throw dll injection][27/06/2025 17:24:21][WildStr][svchost.exe]

[Throw dll injection][27/06/2025 17:24:21][WildStr][svchost.exe]

[Throw dll injection][27/06/2025 17:24:21][WildStr][svchost.exe]

[Throw dll injection][27/06/2025 17:24:21][WildStr][svchost.exe]

[Throw dll injection][27/06/2025 17:24:21][WildStr][svchost.exe]

[Throw dll injection][27/06/2025 17:24:21][WildStr][Memory Compression]

[Throw dll injection][27/06/2025 17:24:21][WildStr][svchost.exe]

[Throw dll injection][27/06/2025 17:24:21][WildStr][svchost.exe]

[Throw dll injection][27/06/2025 17:24:21][WildStr][svchost.exe]

[Throw dll injection][27/06/2025 17:24:21][WildStr][svchost.exe]

[Throw dll injection][27/06/2025 17:24:21][WildStr][svchost.exe]

[Throw dll injection][27/06/2025 17:24:21][WildStr][svchost.exe]

[Throw dll injection][27/06/2025 17:24:21][WildStr][svchost.exe]

[Throw dll injection][27/06/2025 17:24:21][WildStr][spoolsv.exe]

[Throw dll injection][27/06/2025 17:24:21][WildStr][svchost.exe]

[Throw dll injection][27/06/2025 17:24:21][WildStr][svchost.exe]

[Throw dll injection][27/06/2025 17:24:21][WildStr][svchost.exe]

[Throw dll injection][27/06/2025 17:24:21][WildStr][svchost.exe]

[Throw dll injection][27/06/2025 17:24:21][WildStr][svchost.exe]

[Throw dll injection][27/06/2025 17:24:21][WildStr][svchost.exe]

[Throw dll injection][27/06/2025 17:24:21][WildStr][svchost.exe]

[Throw dll injection][27/06/2025 17:24:21][WildStr][svchost.exe]

[Throw dll injection][27/06/2025 17:24:21][WildStr][svchost.exe]

[Throw dll injection][27/06/2025 17:24:21][WildStr][ssh-agent.exe]

[Throw dll injection][27/06/2025 17:24:21][WildStr][spoolsv.exe]

[Throw dll injection][27/06/2025 17:24:21][WildStr][sshd.exe]

[Throw dll injection][27/06/2025 17:24:21][WildStr][svchost.exe]

[Throw dll injection][27/06/2025 17:24:21][WildStr][svchost.exe]

[Throw dll injection][27/06/2025 17:24:21][WildStr][svchost.exe]

[Throw dll injection][27/06/2025 17:24:21][WildStr][svchost.exe]

[Throw dll injection][27/06/2025 17:24:21][WildStr][svchost.exe]

[Throw dll injection][27/06/2025 17:24:21][WildStr][svchost.exe]

[Throw dll injection][27/06/2025 17:24:21][WildStr][svchost.exe]

[Throw dll injection][27/06/2025 17:24:21][WildStr][svchost.exe]

[Throw dll injection][27/06/2025 17:24:21][WildStr][ssh-agent.exe]

[Throw dll injection][27/06/2025 17:24:21][WildStr][sshd.exe]
]

[Throw dll injection][27/06/2025 17:24:21][WildStr][svchost.exe]

[Throw dll injection][27/06/2025 17:24:21][WildStr][svchost.exe]

[Throw dll injection][27/06/2025 17:24:21][WildStr][svchost.exe]

[Throw dll injection][27/06/2025 17:24:21][WildStr][svchost.exe]

[Throw dll injection][27/06/2025 17:24:21][WildStr][svchost.exe]

[Throw dll injection][27/06/2025 17:24:21][WildStr][svchost.exe]

[Throw dll injection][27/06/2025 17:24:21][WildStr][svchost.exe]

[Throw dll injection][27/06/2025 17:24:21][WildStr][svchost.exe]

[Throw dll injection][27/06/2025 17:24:21][WildStr][MpDefenderCoreService.exe]

[Throw dll injection][27/06/2025 17:24:21][WildStr][svchost.exe]

[Throw dll injection][27/06/2025 17:24:21][WildStr][MsMpEng.exe]

[Throw dll injection][27/06/2025 17:24:21][WildStr][svchost.exe]

[Throw dll injection][27/06/2025 17:24:21][WildStr][SearchIndexer.exe]

[Throw dll injection][27/06/2025 17:24:21][WildStr][svchost.exe]

[Throw dll injection][27/06/2025 17:24:21][WildStr][AggregatorHost.exe]

[Throw dll injection][27/06/2025 17:24:21][WildStr][svchost.exe]

[Throw dll injection][27/06/2025 17:24:21][WildStr][dllhost.exe]

[Throw dll injection][27/06/2025 17:24:21][WildStr][svchost.exe]

[Throw dll injection][27/06/2025 17:24:21][WildStr][svchost.exe]

[Throw dll injection][27/06/2025 17:24:21][WildStr][MpDefenderCoreService.exe]

[Throw dll injection][27/06/2025 17:24:21][WildStr][NisSrv.exe]

[Throw dll injection][27/06/2025 17:24:21][WildStr][MsMpEng.exe]

[Throw dll injection][27/06/2025 17:24:21][WildStr][sihost.exe]

[Throw dll injection][27/06/2025 17:24:21][WildStr][SearchIndexer.exe]

[Throw dll injection][27/06/2025 17:24:21][WildStr][svchost.exe]

[Throw dll injection][27/06/2025 17:24:21][WildStr][AggregatorHost.exe]

[Throw dll injection][27/06/2025 17:24:21][WildStr][svchost.exe]

[Throw dll injection][27/06/2025 17:24:21][WildStr][taskhostw.exe]

[Throw dll injection][27/06/2025 17:24:21][WildStr][dllhost.exe]

[Throw dll injection][27/06/2025 17:24:21][WildStr][svchost.exe]
pdate.exe]

[Throw dll injection][27/06/2025 17:24:21][WildStr][svchost.exe]

[Throw dll injection][27/06/2025 17:24:21][WildStr][NisSrv.exe]

[Throw dll injection][27/06/2025 17:24:21][WildStr][ctfmon.exe]

[Throw dll injection][27/06/2025 17:24:21][WildStr][sihost.exe]

[Throw dll injection][27/06/2025 17:24:21][WildStr][svchost.exe]

[Throw dll injection][27/06/2025 17:24:21][WildStr][svchost.exe]

[Throw dll injection][27/06/2025 17:24:21][WildStr][svchost.exe]

[Throw dll injection][27/06/2025 17:24:21][WildStr][svchost.exe]

[Throw dll injection][27/06/2025 17:24:21][WildStr][explorer.exe]

[Throw dll injection][27/06/2025 17:24:21][WildStr][taskhostw.exe]

[Throw dll injection][27/06/2025 17:24:21][WildStr][svchost.exe]

[Throw dll injection][27/06/2025 17:24:21][WildStr][MicrosoftEdgeUpdate.exe]

[Throw dll injection][27/06/2025 17:24:21][WildStr][StartMenuExperienceHost.exe]

[Throw dll injection][27/06/2025 17:24:21][WildStr][svchost.exe]

[Throw dll injection][27/06/2025 17:24:21][WildStr][RuntimeBroker.exe]

[Throw dll injection][27/06/2025 17:24:21][WildStr][SearchApp.exe]

[Throw dll injection][27/06/2025 17:24:21][WildStr][svchost.exe]

[Throw dll injection][27/06/2025 17:24:21][WildStr][svchost.exe]

[Throw dll injection][27/06/2025 17:24:21][WildStr][svchost.exe]

[Throw dll injection][27/06/2025 17:24:21][WildStr][RuntimeBroker.exe]

[Throw dll injection][27/06/2025 17:24:21][WildStr][explorer.exe]

[Throw dll injection][27/06/2025 17:24:21][WildStr][RuntimeBroker.exe]

[Throw dll injection][27/06/2025 17:24:21][WildStr][svchost.exe]

[Throw dll injection][27/06/2025 17:24:21][WildStr][svchost.exe]

[Throw dll injection][27/06/2025 17:24:21][WildStr][StartMenuExperienceHost.exe]

[Throw dll injection][27/06/2025 17:24:21][WildStr][SecurityHealthSystray.exe]

[Throw dll injection][27/06/2025 17:24:21][WildStr][RuntimeBroker.exe]

[Throw dll injection][27/06/2025 17:24:21][WildStr][SecurityHealthService.exe]

[Throw dll injection][27/06/2025 17:24:21][WildStr][SearchApp.exe]

[Throw dll injection][27/06/2025 17:24:21][WildStr][VBoxTray.exe]

[Throw dll injection][27/06/2025 17:24:21][WildStr][svchost.exe]

[Throw dll injection][27/06/2025 17:24:21][WildStr][OneDrive.exe]

[Throw dll injection][27/06/2025 17:24:21][WildStr][RuntimeBroker.exe]

[Throw dll injection][27/06/2025 17:24:21][WildStr][svchost.exe]

[Throw dll injection][27/06/2025 17:24:21][WildStr][svchost.exe]

[Throw dll injection][27/06/2025 17:24:21][WildStr][RuntimeBroker.exe]

[Throw dll injection][27/06/2025 17:24:21][WildStr][svchost.exe]

[Throw dll injection][27/06/2025 17:24:21][WildStr][svchost.exe]

[Throw dll injection][27/06/2025 17:24:21][WildStr][svchost.exe]

[Throw dll injection][27/06/2025 17:24:21][WildStr][SecurityHealthSystray.exe]

[Throw dll injection][27/06/2025 17:24:21][WildStr][svchost.exe]

[Throw dll injection][27/06/2025 17:24:21][WildStr][SecurityHealthService.exe]

[Throw dll injection][27/06/2025 17:24:21][WildStr][svchost.exe]

[Throw dll injection][27/06/2025 17:24:21][WildStr][VBoxTray.exe]

[Throw dll injection][27/06/2025 17:24:21][WildStr][TextInputHost.exe]

[Throw dll injection][27/06/2025 17:24:21][WildStr][OneDrive.exe]

[Throw dll injection][27/06/2025 17:24:21][WildStr][ApplicationFrameHost.exe]

[Throw dll injection][27/06/2025 17:24:21][WildStr][svchost.exe]

[Throw dll injection][27/06/2025 17:24:21][WildStr][svchost.exe]
.exe]

[Throw dll injection][27/06/2025 17:24:21][WildStr][UserOOBEBroker.exe]

[Throw dll injection][27/06/2025 17:24:21][WildStr][svchost.exe]

[Throw dll injection][27/06/2025 17:24:21][WildStr][SearchApp.exe]

[Throw dll injection][27/06/2025 17:24:21][WildStr][svchost.exe]

[Throw dll injection][27/06/2025 17:24:21][WildStr][msedgewebview2.exe]

[Throw dll injection][27/06/2025 17:24:21][WildStr][svchost.exe]

[Throw dll injection][27/06/2025 17:24:21][WildStr][msedgewebview2.exe]

[Throw dll injection][27/06/2025 17:24:21][WildStr][msedgewebview2.exe]

[Throw dll injection][27/06/2025 17:24:21][WildStr][ApplicationFrameHost.exe]

[Throw dll injection][27/06/2025 17:24:21][WildStr][msedgewebview2.exe]

[Throw dll injection][27/06/2025 17:24:21][WildStr][SystemSettings.exe]

[Throw dll injection][27/06/2025 17:24:21][WildStr][msedgewebview2.exe]

[Throw dll injection][27/06/2025 17:24:21][WildStr][UserOOBEBroker.exe]

[Throw dll injection][27/06/2025 17:24:21][WildStr][msedgewebview2.exe]

[Throw dll injection][27/06/2025 17:24:21][WildStr][SearchApp.exe]

[Throw dll injection][27/06/2025 17:24:21][WildStr][FileCoAuth.exe]

[Throw dll injection][27/06/2025 17:24:21][WildStr][msedgewebview2.exe]

[Throw dll injection][27/06/2025 17:24:21][WildStr][svchost.exe]

[Throw dll injection][27/06/2025 17:24:21][WildStr][msedgewebview2.exe]

[Throw dll injection][27/06/2025 17:24:21][WildStr][msedge.exe]

[Throw dll injection][27/06/2025 17:24:21][WildStr][msedgewebview2.exe]

[Throw dll injection][27/06/2025 17:24:21][WildStr][msedge.exe]

[Throw dll injection][27/06/2025 17:24:21][WildStr][msedgewebview2.exe]

[Throw dll injection][27/06/2025 17:24:21][WildStr][msedge.exe]

[Throw dll injection][27/06/2025 17:24:21][WildStr][msedgewebview2.exe]

[Throw dll injection][27/06/2025 17:24:21][WildStr][msedge.exe]

[Throw dll injection][27/06/2025 17:24:21][WildStr][msedgewebview2.exe]

[Throw dll injection][27/06/2025 17:24:21][WildStr][msedge.exe]

[Throw dll injection][27/06/2025 17:24:21][WildStr][FileCoAuth.exe]

[Throw dll injection][27/06/2025 17:24:21][WildStr][svchost.exe]

[Throw dll injection][27/06/2025 17:24:21][WildStr][svchost.exe]

[Throw dll injection][27/06/2025 17:24:21][WildStr][msedge.exe]

[Throw dll injection][27/06/2025 17:24:21][WildStr][svchost.exe]

[Throw dll injection][27/06/2025 17:24:21][WildStr][msedge.exe]

[Throw dll injection][27/06/2025 17:24:21][WildStr][dllhost.exe]

[Throw dll injection][27/06/2025 17:24:21][WildStr][msedge.exe]

[Throw dll injection][27/06/2025 17:24:21][WildStr][ShellExperienceHost.exe]

[Throw dll injection][27/06/2025 17:24:21][WildStr][msedge.exe]

[Throw dll injection][27/06/2025 17:24:21][WildStr][RuntimeBroker.exe]

[Throw dll injection][27/06/2025 17:24:21][WildStr][msedge.exe]

[Throw dll injection][27/06/2025 17:24:21][WildStr][powershell.exe]

[Throw dll injection][27/06/2025 17:24:21][WildStr][svchost.exe]

[Throw dll injection][27/06/2025 17:24:21][WildStr][conhost.exe]

[Throw dll injection][27/06/2025 17:24:21][WildStr][svchost.exe]

[Throw dll injection][27/06/2025 17:24:21][WildStr][cmd.exe]

[Throw dll injection][27/06/2025 17:24:21][WildStr][svchost.exe]

[Throw dll injection][27/06/2025 17:24:21][WildStr][conhost.exe]

[Throw dll injection][27/06/2025 17:24:21][WildStr][dllhost.exe]

[Throw dll injection][27/06/2025 17:24:21][WildStr][powershell.exe]

[Throw dll injection][27/06/2025 17:24:21][WildStr][ShellExperienceHost.exe]

[Throw dll injection][27/06/2025 17:24:21][WildStr][Code.exe]

[Throw dll injection][27/06/2025 17:24:21][WildStr][RuntimeBroker.exe]

[Throw dll injection][27/06/2025 17:24:21][WildStr][Code.exe]

[Throw dll injection][27/06/2025 17:24:21][WildStr][powershell.exe]

[Throw dll injection][27/06/2025 17:24:21][WildStr][Code.exe]

[Throw dll injection][27/06/2025 17:24:21][WildStr][conhost.exe]

[Throw dll injection][27/06/2025 17:24:21][WildStr][Code.exe]

[Throw dll injection][27/06/2025 17:24:21][WildStr][cmd.exe]

[Throw dll injection][27/06/2025 17:24:21][WildStr][Code.exe]

[Throw dll injection][27/06/2025 17:24:21][WildStr][conhost.exe]

[Throw dll injection][27/06/2025 17:24:21][WildStr][Code.exe]

[Throw dll injection][27/06/2025 17:24:21][WildStr][powershell.exe]

[Throw dll injection][27/06/2025 17:24:21][WildStr][Code.exe]

[Throw dll injection][27/06/2025 17:24:21][WildStr][Code.exe]

[Throw dll injection][27/06/2025 17:24:21][WildStr][Code.exe]

[Throw dll injection][27/06/2025 17:24:21][WildStr][Code.exe]

[Throw dll injection][27/06/2025 17:24:21][WildStr][cpptools.exe]

[Throw dll injection][27/06/2025 17:24:21][WildStr][Code.exe]

[Throw dll injection][27/06/2025 17:24:21][WildStr][conhost.exe]

[Throw dll injection][27/06/2025 17:24:21][WildStr][Code.exe]

[Throw dll injection][27/06/2025 17:24:21][WildStr][Code.exe]

[Throw dll injection][27/06/2025 17:24:21][WildStr][Code.exe]

[Throw dll injection][27/06/2025 17:24:21][WildStr][cpptools.exe]

[Throw dll injection][27/06/2025 17:24:21][WildStr][Code.exe]

[Throw dll injection][27/06/2025 17:24:21][WildStr][cpptools-srv.exe]

[Throw dll injection][27/06/2025 17:24:21][WildStr][Code.exe]

[Throw dll injection][27/06/2025 17:24:21][WildStr][conhost.exe]

[Throw dll injection][27/06/2025 17:24:21][WildStr][Code.exe]

[Throw dll injection][27/06/2025 17:24:21][WildStr][svchost.exe]

[Throw dll injection][27/06/2025 17:24:21][WildStr][cpptools.exe]

[Throw dll injection][27/06/2025 17:24:21][WildStr][svchost.exe]

[Throw dll injection][27/06/2025 17:24:21][WildStr][conhost.exe]

[Throw dll injection][27/06/2025 17:24:21][WildStr][Code.exe]

[Throw dll injection][27/06/2025 17:24:21][WildStr][Code.exe]

[Throw dll injection][27/06/2025 17:24:21][WildStr][conhost.exe]

[Throw dll injection][27/06/2025 17:24:21][WildStr][cpptools.exe]

[Throw dll injection][27/06/2025 17:24:21][WildStr][powershell.exe]

[Throw dll injection][27/06/2025 17:24:21][WildStr][cpptools-srv.exe]

[Throw dll injection][27/06/2025 17:24:21][WildStr][vctip.exe]

[Throw dll injection][27/06/2025 17:24:21][WildStr][conhost.exe]

[Throw dll injection][27/06/2025 17:24:21][WildStr][cpptools-srv.exe]

[Throw dll injection][27/06/2025 17:24:21][WildStr][svchost.exe]

[Throw dll injection][27/06/2025 17:24:21][WildStr][conhost.exe]

[Throw dll injection][27/06/2025 17:24:21][WildStr][svchost.exe]

[Throw dll injection][27/06/2025 17:24:21][WildStr][svchost.exe]

[Throw dll injection][27/06/2025 17:24:21][WildStr][Code.exe]

[Throw dll injection][27/06/2025 17:24:21][WildStr][smartscreen.exe]

[Throw dll injection][27/06/2025 17:24:21][WildStr][conhost.exe]

[Throw dll injection][27/06/2025 17:24:21][WildStr][Taskmgr.exe]

[Throw dll injection][27/06/2025 17:24:21][WildStr][powershell.exe]

[Throw dll injection][27/06/2025 17:24:21][WildStr][conhost.exe]

[Throw dll injection][27/06/2025 17:24:21][WildStr][vctip.exe]

[Throw dll injection][27/06/2025 17:24:21][WildStr][powershell.exe]

[Throw dll injection][27/06/2025 17:24:21][WildStr][cpptools-srv.exe]

[Throw dll injection][27/06/2025 17:24:21][WildStr][test.exe]

[Throw dll injection][27/06/2025 17:24:21][WildStr][conhost.exe]

[Throw dll injection][27/06/2025 17:24:21][WildStr][svchost.exe]

[Throw dll injection][27/06/2025 17:24:21][WildStr][smartscreen.exe]

[Throw dll injection][27/06/2025 17:24:21][WildStr][Taskmgr.exe]

[Throw dll injection][27/06/2025 17:24:21][WildStr][conhost.exe]

[Throw dll injection][27/06/2025 17:24:21][WildStr][powershell.exe]

[Throw dll injection][27/06/2025 17:24:21][WildStr][test.exe]

[Throw dll injection][27/06/2025 17:24:22][WildStr][System]

[Throw dll injection][27/06/2025 17:24:22][WildStr][Registry]

[Throw dll injection][27/06/2025 17:24:22][WildStr][Registry]

[Throw dll injection][27/06/2025 17:24:22][WildStr][smss.exe]

[Throw dll injection][27/06/2025 17:24:22][WildStr][smss.exe]

[Throw dll injection][27/06/2025 17:24:22][WildStr][csrss.exe]

[Throw dll injection][27/06/2025 17:24:22][WildStr][csrss.exe]

[Throw dll injection][27/06/2025 17:24:22][WildStr][wininit.exe]

[Throw dll injection][27/06/2025 17:24:22][WildStr][wininit.exe]

[Throw dll injection][27/06/2025 17:24:22][WildStr][csrss.exe]

[Throw dll injection][27/06/2025 17:24:22][WildStr][winlogon.exe]

[Throw dll injection][27/06/2025 17:24:22][WildStr][csrss.exe]

[Throw dll injection][27/06/2025 17:24:22][WildStr][services.exe]

[Throw dll injection][27/06/2025 17:24:22][WildStr][lsass.exe]

[Throw dll injection][27/06/2025 17:24:22][WildStr][winlogon.exe]

[Throw dll injection][27/06/2025 17:24:22][WildStr][svchost.exe]

[Throw dll injection][27/06/2025 17:24:22][WildStr][services.exe]

[Throw dll injection][27/06/2025 17:24:22][WildStr][fontdrvhost.exe]

[Throw dll injection][27/06/2025 17:24:22][WildStr][lsass.exe]

[Throw dll injection][27/06/2025 17:24:22][WildStr][fontdrvhost.exe]

[Throw dll injection][27/06/2025 17:24:22][WildStr][svchost.exe]

[Throw dll injection][27/06/2025 17:24:22][WildStr][svchost.exe]

[Throw dll injection][27/06/2025 17:24:22][WildStr][fontdrvhost.exe]

[Throw dll injection][27/06/2025 17:24:22][WildStr][svchost.exe]

[Throw dll injection][27/06/2025 17:24:22][WildStr][fontdrvhost.exe]

[Throw dll injection][27/06/2025 17:24:22][WildStr][dwm.exe]

[Throw dll injection][27/06/2025 17:24:22][WildStr][svchost.exe]

[Throw dll injection][27/06/2025 17:24:22][WildStr][svchost.exe]

[Throw dll injection][27/06/2025 17:24:22][WildStr][svchost.exe]

[Throw dll injection][27/06/2025 17:24:22][WildStr][svchost.exe]

[Throw dll injection][27/06/2025 17:24:22][WildStr][dwm.exe]

[Throw dll injection][27/06/2025 17:24:22][WildStr][svchost.exe]

[Throw dll injection][27/06/2025 17:24:22][WildStr][svchost.exe]

[Throw dll injection][27/06/2025 17:24:22][WildStr][svchost.exe]

[Throw dll injection][27/06/2025 17:24:22][WildStr][svchost.exe]

[Throw dll injection][27/06/2025 17:24:22][WildStr][svchost.exe]

[Throw dll injection][27/06/2025 17:24:22][WildStr][svchost.exe]

[Throw dll injection][27/06/2025 17:24:22][WildStr][svchost.exe]

[Throw dll injection][27/06/2025 17:24:22][WildStr][svchost.exe]

[Throw dll injection][27/06/2025 17:24:22][WildStr][svchost.exe]

[Throw dll injection][27/06/2025 17:24:22][WildStr][svchost.exe]

[Throw dll injection][27/06/2025 17:24:22][WildStr][svchost.exe]

[Throw dll injection][27/06/2025 17:24:22][WildStr][svchost.exe]

[Throw dll injection][27/06/2025 17:24:22][WildStr][svchost.exe]

[Throw dll injection][27/06/2025 17:24:22][WildStr][svchost.exe]

[Throw dll injection][27/06/2025 17:24:22][WildStr][svchost.exe]

[Throw dll injection][27/06/2025 17:24:22][WildStr][svchost.exe]

[Throw dll injection][27/06/2025 17:24:22][WildStr][svchost.exe]

[Throw dll injection][27/06/2025 17:24:22][WildStr][svchost.exe]

[Throw dll injection][27/06/2025 17:24:22][WildStr][svchost.exe]

[Throw dll injection][27/06/2025 17:24:22][WildStr][svchost.exe]

[Throw dll injection][27/06/2025 17:24:22][WildStr][svchost.exe]

[Throw dll injection][27/06/2025 17:24:22][WildStr][svchost.exe]

[Throw dll injection][27/06/2025 17:24:22][WildStr][VBoxService.exe]

[Throw dll injection][27/06/2025 17:24:22][WildStr][svchost.exe]

[Throw dll injection][27/06/2025 17:24:22][WildStr][svchost.exe]

[Throw dll injection][27/06/2025 17:24:22][WildStr][svchost.exe]

[Throw dll injection][27/06/2025 17:24:22][WildStr][svchost.exe]

[Throw dll injection][27/06/2025 17:24:22][WildStr][VBoxService.exe]

[Throw dll injection][27/06/2025 17:24:22][WildStr][svchost.exe]

[Throw dll injection][27/06/2025 17:24:22][WildStr][svchost.exe]

[Throw dll injection][27/06/2025 17:24:22][WildStr][svchost.exe]

[Throw dll injection][27/06/2025 17:24:22][WildStr][svchost.exe]

[Throw dll injection][27/06/2025 17:24:22][WildStr][svchost.exe]

[Throw dll injection][27/06/2025 17:24:22][WildStr][svchost.exe]

[Throw dll injection][27/06/2025 17:24:22][WildStr][svchost.exe]

[Throw dll injection][27/06/2025 17:24:22][WildStr][svchost.exe]

[Throw dll injection][27/06/2025 17:24:22][WildStr][Memory Compression]

[Throw dll injection][27/06/2025 17:24:22][WildStr][svchost.exe]

[Throw dll injection][27/06/2025 17:24:22][WildStr][svchost.exe]

[Throw dll injection][27/06/2025 17:24:22][WildStr][svchost.exe]

[Throw dll injection][27/06/2025 17:24:22][WildStr][svchost.exe]

[Throw dll injection][27/06/2025 17:24:22][WildStr][Memory Compression]

[Throw dll injection][27/06/2025 17:24:22][WildStr][svchost.exe]

[Throw dll injection][27/06/2025 17:24:22][WildStr][svchost.exe]

[Throw dll injection][27/06/2025 17:24:22][WildStr][svchost.exe]

[Throw dll injection][27/06/2025 17:24:22][WildStr][svchost.exe]

[Throw dll injection][27/06/2025 17:24:22][WildStr][svchost.exe]

[Throw dll injection][27/06/2025 17:24:22][WildStr][svchost.exe]

[Throw dll injection][27/06/2025 17:24:22][WildStr][svchost.exe]

[Throw dll injection][27/06/2025 17:24:22][WildStr][svchost.exe]

[Throw dll injection][27/06/2025 17:24:22][WildStr][svchost.exe]

[Throw dll injection][27/06/2025 17:24:22][WildStr][svchost.exe]

[Throw dll injection][27/06/2025 17:24:22][WildStr][svchost.exe]

[Throw dll injection][27/06/2025 17:24:22][WildStr][spoolsv.exe]

[Throw dll injection][27/06/2025 17:24:22][WildStr][svchost.exe]

[Throw dll injection][27/06/2025 17:24:22][WildStr][svchost.exe]

[Throw dll injection][27/06/2025 17:24:22][WildStr][svchost.exe]

[Throw dll injection][27/06/2025 17:24:22][WildStr][svchost.exe]

[Throw dll injection][27/06/2025 17:24:22][WildStr][spoolsv.exe]

[Throw dll injection][27/06/2025 17:24:22][WildStr][svchost.exe]

[Throw dll injection][27/06/2025 17:24:22][WildStr][svchost.exe]

[Throw dll injection][27/06/2025 17:24:22][WildStr][svchost.exe]

[Throw dll injection][27/06/2025 17:24:22][WildStr][svchost.exe]

[Throw dll injection][27/06/2025 17:24:22][WildStr][ssh-agent.exe]

[Throw dll injection][27/06/2025 17:24:22][WildStr][svchost.exe]

[Throw dll injection][27/06/2025 17:24:22][WildStr][sshd.exe]

[Throw dll injection][27/06/2025 17:24:22][WildStr][svchost.exe]

[Throw dll injection][27/06/2025 17:24:22][WildStr][svchost.exe]

[Throw dll injection][27/06/2025 17:24:22][WildStr][ssh-agent.exe]

[Throw dll injection][27/06/2025 17:24:22][WildStr][svchost.exe]

[Throw dll injection][27/06/2025 17:24:22][WildStr][sshd.exe]

[Throw dll injection][27/06/2025 17:24:22][WildStr][svchost.exe]

[Throw dll injection][27/06/2025 17:24:22][WildStr][svchost.exe]

[Throw dll injection][27/06/2025 17:24:22][WildStr][svchost.exe]

[Throw dll injection][27/06/2025 17:24:22][WildStr][svchost.exe]

[Throw dll injection][27/06/2025 17:24:22][WildStr][svchost.exe]

[Throw dll injection][27/06/2025 17:24:22][WildStr][svchost.exe]

[Throw dll injection][27/06/2025 17:24:22][WildStr][svchost.exe]

[Throw dll injection][27/06/2025 17:24:22][WildStr][svchost.exe]

[Throw dll injection][27/06/2025 17:24:22][WildStr][svchost.exe]

[Throw dll injection][27/06/2025 17:24:22][WildStr][svchost.exe]

[Throw dll injection][27/06/2025 17:24:22][WildStr][svchost.exe]

[Throw dll injection][27/06/2025 17:24:22][WildStr][svchost.exe]

[Throw dll injection][27/06/2025 17:24:22][WildStr][svchost.exe]

[Throw dll injection][27/06/2025 17:24:22][WildStr][svchost.exe]

[Throw dll injection][27/06/2025 17:24:22][WildStr][MpDefenderCoreService.exe]

[Throw dll injection][27/06/2025 17:24:22][WildStr][svchost.exe]

[Throw dll injection][27/06/2025 17:24:22][WildStr][MsMpEng.exe]

[Throw dll injection][27/06/2025 17:24:22][WildStr][svchost.exe]

[Throw dll injection][27/06/2025 17:24:22][WildStr][SearchIndexer.exe]

[Throw dll injection][27/06/2025 17:24:22][WildStr][MpDefenderCoreService.exe]

[Throw dll injection][27/06/2025 17:24:22][WildStr][AggregatorHost.exe]

[Throw dll injection][27/06/2025 17:24:22][WildStr][MsMpEng.exe]

[Throw dll injection][27/06/2025 17:24:22][WildStr][dllhost.exe]

[Throw dll injection][27/06/2025 17:24:22][WildStr][SearchIndexer.exe]

[Throw dll injection][27/06/2025 17:24:22][WildStr][svchost.exe]

[Throw dll injection][27/06/2025 17:24:22][WildStr][AggregatorHost.exe]

[Throw dll injection][27/06/2025 17:24:22][WildStr][NisSrv.exe]

[Throw dll injection][27/06/2025 17:24:22][WildStr][dllhost.exe]

[Throw dll injection][27/06/2025 17:24:22][WildStr][sihost.exe]

[Throw dll injection][27/06/2025 17:24:22][WildStr][svchost.exe]

[Throw dll injection][27/06/2025 17:24:22][WildStr][svchost.exe]

[Throw dll injection][27/06/2025 17:24:22][WildStr][NisSrv.exe]

[Throw dll injection][27/06/2025 17:24:22][WildStr][svchost.exe]

[Throw dll injection][27/06/2025 17:24:22][WildStr][sihost.exe]

[Throw dll injection][27/06/2025 17:24:22][WildStr][taskhostw.exe]

[Throw dll injection][27/06/2025 17:24:22][WildStr][svchost.exe]

[Throw dll injection][27/06/2025 17:24:22][WildStr][MicrosoftEdgeUpdate.exe]

[Throw dll injection][27/06/2025 17:24:22][WildStr][svchost.exe]

[Throw dll injection][27/06/2025 17:24:22][WildStr][svchost.exe]

[Throw dll injection][27/06/2025 17:24:22][WildStr][taskhostw.exe]

[Throw dll injection][27/06/2025 17:24:22][WildStr][ctfmon.exe]

[Throw dll injection][27/06/2025 17:24:22][WildStr][MicrosoftEdgeUpdate.exe]

[Throw dll injection][27/06/2025 17:24:22][WildStr][svchost.exe]

[Throw dll injection][27/06/2025 17:24:22][WildStr][svchost.exe]

[Throw dll injection][27/06/2025 17:24:22][WildStr][svchost.exe]

[Throw dll injection][27/06/2025 17:24:22][WildStr][ctfmon.exe]

[Throw dll injection][27/06/2025 17:24:22][WildStr][explorer.exe]

[Throw dll injection][27/06/2025 17:24:22][WildStr][svchost.exe]

[Throw dll injection][27/06/2025 17:24:22][WildStr][svchost.exe]

[Throw dll injection][27/06/2025 17:24:22][WildStr][explorer.exe]

[Throw dll injection][27/06/2025 17:24:22][WildStr][StartMenuExperienceHost.exe]

[Throw dll injection][27/06/2025 17:24:22][WildStr][svchost.exe]

[Throw dll injection][27/06/2025 17:24:22][WildStr][RuntimeBroker.exe]

[Throw dll injection][27/06/2025 17:24:22][WildStr][StartMenuExperienceHost.exe]

[Throw dll injection][27/06/2025 17:24:22][WildStr][SearchApp.exe]

[Throw dll injection][27/06/2025 17:24:22][WildStr][RuntimeBroker.exe]

[Throw dll injection][27/06/2025 17:24:22][WildStr][svchost.exe]

[Throw dll injection][27/06/2025 17:24:22][WildStr][SearchApp.exe]

[Throw dll injection][27/06/2025 17:24:22][WildStr][RuntimeBroker.exe]

[Throw dll injection][27/06/2025 17:24:22][WildStr][svchost.exe]

[Throw dll injection][27/06/2025 17:24:22][WildStr][RuntimeBroker.exe]

[Throw dll injection][27/06/2025 17:24:22][WildStr][RuntimeBroker.exe]

[Throw dll injection][27/06/2025 17:24:22][WildStr][svchost.exe]

[Throw dll injection][27/06/2025 17:24:22][WildStr][RuntimeBroker.exe]

[Throw dll injection][27/06/2025 17:24:22][WildStr][SecurityHealthSystray.exe]

[Throw dll injection][27/06/2025 17:24:22][WildStr][svchost.exe]

[Throw dll injection][27/06/2025 17:24:22][WildStr][SecurityHealthService.exe]

[Throw dll injection][27/06/2025 17:24:22][WildStr][SecurityHealthSystray.exe]

[Throw dll injection][27/06/2025 17:24:22][WildStr][VBoxTray.exe]
ervice.exe]

[Throw dll injection][27/06/2025 17:24:22][WildStr][VBoxTray.exe]

[Throw dll injection][27/06/2025 17:24:22][WildStr][OneDrive.exe]

[Throw dll injection][27/06/2025 17:24:22][WildStr][OneDrive.exe]

[Throw dll injection][27/06/2025 17:24:22][WildStr][svchost.exe]

[Throw dll injection][27/06/2025 17:24:22][WildStr][svchost.exe]

[Throw dll injection][27/06/2025 17:24:22][WildStr][svchost.exe]

[Throw dll injection][27/06/2025 17:24:22][WildStr][svchost.exe]

[Throw dll injection][27/06/2025 17:24:22][WildStr][svchost.exe]

[Throw dll injection][27/06/2025 17:24:22][WildStr][svchost.exe]

[Throw dll injection][27/06/2025 17:24:22][WildStr][svchost.exe]

[Throw dll injection][27/06/2025 17:24:22][WildStr][svchost.exe]

[Throw dll injection][27/06/2025 17:24:22][WildStr][svchost.exe]

[Throw dll injection][27/06/2025 17:24:22][WildStr][svchost.exe]

[Throw dll injection][27/06/2025 17:24:22][WildStr][svchost.exe]

[Throw dll injection][27/06/2025 17:24:22][WildStr][svchost.exe]

[Throw dll injection][27/06/2025 17:24:22][WildStr][TextInputHost.exe]

[Throw dll injection][27/06/2025 17:24:22][WildStr][TextInputHost.exe]

[Throw dll injection][27/06/2025 17:24:22][WildStr][ApplicationFrameHost.exe]

[Throw dll injection][27/06/2025 17:24:22][WildStr][ApplicationFrameHost.exe]

[Throw dll injection][27/06/2025 17:24:22][WildStr][SystemSettings.exe]

[Throw dll injection][27/06/2025 17:24:22][WildStr][SystemSettings.exe]

[Throw dll injection][27/06/2025 17:24:22][WildStr][UserOOBEBroker.exe]

[Throw dll injection][27/06/2025 17:24:22][WildStr][UserOOBEBroker.exe]

[Throw dll injection][27/06/2025 17:24:22][WildStr][SearchApp.exe]

[Throw dll injection][27/06/2025 17:24:22][WildStr][SearchApp.exe]

[Throw dll injection][27/06/2025 17:24:22][WildStr][msedgewebview2.exe]

[Throw dll injection][27/06/2025 17:24:22][WildStr][msedgewebview2.exe]

[Throw dll injection][27/06/2025 17:24:22][WildStr][msedgewebview2.exe]

[Throw dll injection][27/06/2025 17:24:22][WildStr][msedgewebview2.exe]

[Throw dll injection][27/06/2025 17:24:22][WildStr][msedgewebview2.exe]

[Throw dll injection][27/06/2025 17:24:22][WildStr][msedgewebview2.exe]

[Throw dll injection][27/06/2025 17:24:22][WildStr][msedgewebview2.exe]

[Throw dll injection][27/06/2025 17:24:22][WildStr][msedgewebview2.exe]

[Throw dll injection][27/06/2025 17:24:22][WildStr][msedgewebview2.exe]

[Throw dll injection][27/06/2025 17:24:22][WildStr][msedgewebview2.exe]

[Throw dll injection][27/06/2025 17:24:22][WildStr][FileCoAuth.exe]

[Throw dll injection][27/06/2025 17:24:22][WildStr][FileCoAuth.exe]

[Throw dll injection][27/06/2025 17:24:22][WildStr][svchost.exe]

[Throw dll injection][27/06/2025 17:24:22][WildStr][svchost.exe]

[Throw dll injection][27/06/2025 17:24:22][WildStr][msedge.exe]

[Throw dll injection][27/06/2025 17:24:22][WildStr][msedge.exe]

[Throw dll injection][27/06/2025 17:24:22][WildStr][msedge.exe]

[Throw dll injection][27/06/2025 17:24:22][WildStr][msedge.exe]

[Throw dll injection][27/06/2025 17:24:22][WildStr][msedge.exe]

[Throw dll injection][27/06/2025 17:24:22][WildStr][msedge.exe]

[Throw dll injection][27/06/2025 17:24:22][WildStr][msedge.exe]

[Throw dll injection][27/06/2025 17:24:22][WildStr][msedge.exe]

[Throw dll injection][27/06/2025 17:24:22][WildStr][msedge.exe]

[Throw dll injection][27/06/2025 17:24:22][WildStr][msedge.exe]

[Throw dll injection][27/06/2025 17:24:22][WildStr][svchost.exe]

[Throw dll injection][27/06/2025 17:24:22][WildStr][svchost.exe]

[Throw dll injection][27/06/2025 17:24:22][WildStr][svchost.exe]

[Throw dll injection][27/06/2025 17:24:22][WildStr][svchost.exe]

[Throw dll injection][27/06/2025 17:24:22][WildStr][svchost.exe]

[Throw dll injection][27/06/2025 17:24:22][WildStr][dllhost.exe]

[Throw dll injection][27/06/2025 17:24:22][WildStr][ShellExperienceHost.exe]

[Throw dll injection][27/06/2025 17:24:22][WildStr][ShellExperienceHost.exe]

[Throw dll injection][27/06/2025 17:24:22][WildStr][RuntimeBroker.exe]

[Throw dll injection][27/06/2025 17:24:22][WildStr][RuntimeBroker.exe]

[Throw dll injection][27/06/2025 17:24:22][WildStr][powershell.exe]

[Throw dll injection][27/06/2025 17:24:22][WildStr][powershell.exe]

[Throw dll injection][27/06/2025 17:24:22][WildStr][conhost.exe]

[Throw dll injection][27/06/2025 17:24:22][WildStr][conhost.exe]

[Throw dll injection][27/06/2025 17:24:22][WildStr][cmd.exe]

[Throw dll injection][27/06/2025 17:24:22][WildStr][cmd.exe]

[Throw dll injection][27/06/2025 17:24:22][WildStr][conhost.exe]

[Throw dll injection][27/06/2025 17:24:22][WildStr][conhost.exe]

[Throw dll injection][27/06/2025 17:24:22][WildStr][powershell.exe]

[Throw dll injection][27/06/2025 17:24:22][WildStr][powershell.exe]

[Throw dll injection][27/06/2025 17:24:22][WildStr][Code.exe]

[Throw dll injection][27/06/2025 17:24:22][WildStr][Code.exe]

[Throw dll injection][27/06/2025 17:24:22][WildStr][Code.exe]

[Throw dll injection][27/06/2025 17:24:22][WildStr][Code.exe]

[Throw dll injection][27/06/2025 17:24:22][WildStr][Code.exe]

[Throw dll injection][27/06/2025 17:24:22][WildStr][Code.exe]

[Throw dll injection][27/06/2025 17:24:22][WildStr][Code.exe]

[Throw dll injection][27/06/2025 17:24:22][WildStr][Code.exe]

[Throw dll injection][27/06/2025 17:24:22][WildStr][Code.exe]

[Throw dll injection][27/06/2025 17:24:22][WildStr][Code.exe]

[Throw dll injection][27/06/2025 17:24:22][WildStr][Code.exe]

[Throw dll injection][27/06/2025 17:24:22][WildStr][Code.exe]

[Throw dll injection][27/06/2025 17:24:22][WildStr][Code.exe]

[Throw dll injection][27/06/2025 17:24:22][WildStr][Code.exe]

[Throw dll injection][27/06/2025 17:24:22][WildStr][Code.exe]

[Throw dll injection][27/06/2025 17:24:22][WildStr][Code.exe]

[Throw dll injection][27/06/2025 17:24:22][WildStr][cpptools.exe]

[Throw dll injection][27/06/2025 17:24:22][WildStr][cpptools.exe]

[Throw dll injection][27/06/2025 17:24:22][WildStr][conhost.exe]

[Throw dll injection][27/06/2025 17:24:22][WildStr][conhost.exe]

[Throw dll injection][27/06/2025 17:24:22][WildStr][Code.exe]

[Throw dll injection][27/06/2025 17:24:22][WildStr][Code.exe]

[Throw dll injection][27/06/2025 17:24:22][WildStr][cpptools.exe]

[Throw dll injection][27/06/2025 17:24:22][WildStr][cpptools.exe]

[Throw dll injection][27/06/2025 17:24:22][WildStr][cpptools-srv.exe]

[Throw dll injection][27/06/2025 17:24:22][WildStr][cpptools-srv.exe]

[Throw dll injection][27/06/2025 17:24:22][WildStr][conhost.exe]

[Throw dll injection][27/06/2025 17:24:22][WildStr][conhost.exe]

[Throw dll injection][27/06/2025 17:24:22][WildStr][svchost.exe]

[Throw dll injection][27/06/2025 17:24:22][WildStr][svchost.exe]

[Throw dll injection][27/06/2025 17:24:22][WildStr][svchost.exe]

[Throw dll injection][27/06/2025 17:24:22][WildStr][svchost.exe]

[Throw dll injection][27/06/2025 17:24:22][WildStr][Code.exe]

[Throw dll injection][27/06/2025 17:24:22][WildStr][Code.exe]

[Throw dll injection][27/06/2025 17:24:22][WildStr][conhost.exe]

[Throw dll injection][27/06/2025 17:24:22][WildStr][conhost.exe]

[Throw dll injection][27/06/2025 17:24:22][WildStr][powershell.exe]

[Throw dll injection][27/06/2025 17:24:22][WildStr][vctip.exe]
xe]

[Throw dll injection][27/06/2025 17:24:22][WildStr][cpptools-srv.exe]

[Throw dll injection][27/06/2025 17:24:22][WildStr][conhost.exe]

[Throw dll injection][27/06/2025 17:24:22][WildStr][cpptools-srv.exe]

[Throw dll injection][27/06/2025 17:24:22][WildStr][svchost.exe]

[Throw dll injection][27/06/2025 17:24:22][WildStr][conhost.exe]

[Throw dll injection][27/06/2025 17:24:22][WildStr][smartscreen.exe]

[Throw dll injection][27/06/2025 17:24:22][WildStr][svchost.exe]

[Throw dll injection][27/06/2025 17:24:22][WildStr][Taskmgr.exe]

[Throw dll injection][27/06/2025 17:24:22][WildStr][smartscreen.exe]

[Throw dll injection][27/06/2025 17:24:22][WildStr][Taskmgr.exe]

[Throw dll injection][27/06/2025 17:24:22][WildStr][conhost.exe]

[Throw dll injection][27/06/2025 17:24:22][WildStr][powershell.exe]

[Throw dll injection][27/06/2025 17:24:22][WildStr][powershell.exe]

[Throw dll injection][27/06/2025 17:24:22][WildStr][test.exe]

[Throw dll injection][27/06/2025 17:24:22][WildStr][test.exe]

[Throw dll injection][27/06/2025 17:24:23][WildStr][System]

[Throw dll injection][27/06/2025 17:24:23][WildStr][System]

[Throw dll injection][27/06/2025 17:24:23][WildStr][Registry]

[Throw dll injection][27/06/2025 17:24:23][WildStr][Registry]

[Throw dll injection][27/06/2025 17:24:23][WildStr][smss.exe]

[Throw dll injection][27/06/2025 17:24:23][WildStr][smss.exe]

[Throw dll injection][27/06/2025 17:24:23][WildStr][csrss.exe]

[Throw dll injection][27/06/2025 17:24:23][WildStr][csrss.exe]

[Throw dll injection][27/06/2025 17:24:23][WildStr][wininit.exe]

[Throw dll injection][27/06/2025 17:24:23][WildStr][wininit.exe]

[Throw dll injection][27/06/2025 17:24:23][WildStr][csrss.exe]

[Throw dll injection][27/06/2025 17:24:23][WildStr][csrss.exe]

[Throw dll injection][27/06/2025 17:24:23][WildStr][winlogon.exe]

[Throw dll injection][27/06/2025 17:24:23][WildStr][services.exe]

[Throw dll injection][27/06/2025 17:24:23][WildStr][services.exe]

[Throw dll injection][27/06/2025 17:24:23][WildStr][lsass.exe]

[Throw dll injection][27/06/2025 17:24:23][WildStr][lsass.exe]

[Throw dll injection][27/06/2025 17:24:23][WildStr][svchost.exe]

[Throw dll injection][27/06/2025 17:24:23][WildStr][svchost.exe]

[Throw dll injection][27/06/2025 17:24:23][WildStr][fontdrvhost.exe]

[Throw dll injection][27/06/2025 17:24:23][WildStr][fontdrvhost.exe]

[Throw dll injection][27/06/2025 17:24:23][WildStr][fontdrvhost.exe]

[Throw dll injection][27/06/2025 17:24:23][WildStr][fontdrvhost.exe]

[Throw dll injection][27/06/2025 17:24:23][WildStr][svchost.exe]

[Throw dll injection][27/06/2025 17:24:23][WildStr][svchost.exe]

[Throw dll injection][27/06/2025 17:24:23][WildStr][svchost.exe]

[Throw dll injection][27/06/2025 17:24:23][WildStr][svchost.exe]

[Throw dll injection][27/06/2025 17:24:23][WildStr][dwm.exe]

[Throw dll injection][27/06/2025 17:24:23][WildStr][svchost.exe]

[Throw dll injection][27/06/2025 17:24:23][WildStr][dwm.exe]

[Throw dll injection][27/06/2025 17:24:23][WildStr][svchost.exe]

[Throw dll injection][27/06/2025 17:24:23][WildStr][svchost.exe]

[Throw dll injection][27/06/2025 17:24:23][WildStr][svchost.exe]

[Throw dll injection][27/06/2025 17:24:23][WildStr][svchost.exe]

[Throw dll injection][27/06/2025 17:24:23][WildStr][svchost.exe]

[Throw dll injection][27/06/2025 17:24:23][WildStr][svchost.exe]

[Throw dll injection][27/06/2025 17:24:23][WildStr][svchost.exe]

[Throw dll injection][27/06/2025 17:24:23][WildStr][svchost.exe]

[Throw dll injection][27/06/2025 17:24:23][WildStr][svchost.exe]

[Throw dll injection][27/06/2025 17:24:23][WildStr][svchost.exe]

[Throw dll injection][27/06/2025 17:24:23][WildStr][svchost.exe]

[Throw dll injection][27/06/2025 17:24:23][WildStr][svchost.exe]

[Throw dll injection][27/06/2025 17:24:23][WildStr][svchost.exe]

[Throw dll injection][27/06/2025 17:24:23][WildStr][svchost.exe]

[Throw dll injection][27/06/2025 17:24:23][WildStr][svchost.exe]

[Throw dll injection][27/06/2025 17:24:23][WildStr][svchost.exe]

[Throw dll injection][27/06/2025 17:24:23][WildStr][svchost.exe]

[Throw dll injection][27/06/2025 17:24:23][WildStr][svchost.exe]

[Throw dll injection][27/06/2025 17:24:23][WildStr][svchost.exe]

[Throw dll injection][27/06/2025 17:24:23][WildStr][svchost.exe]

[Throw dll injection][27/06/2025 17:24:23][WildStr][svchost.exe]

[Throw dll injection][27/06/2025 17:24:23][WildStr][VBoxService.exe]

[Throw dll injection][27/06/2025 17:24:23][WildStr][svchost.exe]

[Throw dll injection][27/06/2025 17:24:23][WildStr][svchost.exe]

[Throw dll injection][27/06/2025 17:24:23][WildStr][svchost.exe]

[Throw dll injection][27/06/2025 17:24:23][WildStr][VBoxService.exe]

[Throw dll injection][27/06/2025 17:24:23][WildStr][svchost.exe]

[Throw dll injection][27/06/2025 17:24:23][WildStr][svchost.exe]

[Throw dll injection][27/06/2025 17:24:23][WildStr][svchost.exe]

[Throw dll injection][27/06/2025 17:24:23][WildStr][svchost.exe]

[Throw dll injection][27/06/2025 17:24:23][WildStr][svchost.exe]

[Throw dll injection][27/06/2025 17:24:23][WildStr][svchost.exe]

[Throw dll injection][27/06/2025 17:24:23][WildStr][svchost.exe]

[Throw dll injection][27/06/2025 17:24:23][WildStr][Memory Compression]

[Throw dll injection][27/06/2025 17:24:23][WildStr][svchost.exe]

[Throw dll injection][27/06/2025 17:24:23][WildStr][svchost.exe]

[Throw dll injection][27/06/2025 17:24:23][WildStr][svchost.exe]

[Throw dll injection][27/06/2025 17:24:23][WildStr][svchost.exe]

[Throw dll injection][27/06/2025 17:24:23][WildStr][Memory Compression]

[Throw dll injection][27/06/2025 17:24:23][WildStr][svchost.exe]

[Throw dll injection][27/06/2025 17:24:23][WildStr][svchost.exe]

[Throw dll injection][27/06/2025 17:24:23][WildStr][svchost.exe]

[Throw dll injection][27/06/2025 17:24:23][WildStr][svchost.exe]

[Throw dll injection][27/06/2025 17:24:23][WildStr][svchost.exe]

[Throw dll injection][27/06/2025 17:24:23][WildStr][svchost.exe]

[Throw dll injection][27/06/2025 17:24:23][WildStr][svchost.exe]

[Throw dll injection][27/06/2025 17:24:23][WildStr][svchost.exe]

[Throw dll injection][27/06/2025 17:24:23][WildStr][svchost.exe]

[Throw dll injection][27/06/2025 17:24:23][WildStr][svchost.exe]

[Throw dll injection][27/06/2025 17:24:23][WildStr][svchost.exe]

[Throw dll injection][27/06/2025 17:24:23][WildStr][svchost.exe]

[Throw dll injection][27/06/2025 17:24:23][WildStr][spoolsv.exe]

[Throw dll injection][27/06/2025 17:24:23][WildStr][svchost.exe]

[Throw dll injection][27/06/2025 17:24:23][WildStr][svchost.exe]

[Throw dll injection][27/06/2025 17:24:23][WildStr][spoolsv.exe]

[Throw dll injection][27/06/2025 17:24:23][WildStr][svchost.exe]

[Throw dll injection][27/06/2025 17:24:23][WildStr][svchost.exe]

[Throw dll injection][27/06/2025 17:24:23][WildStr][svchost.exe]

[Throw dll injection][27/06/2025 17:24:23][WildStr][svchost.exe]

[Throw dll injection][27/06/2025 17:24:23][WildStr][ssh-agent.exe]

[Throw dll injection][27/06/2025 17:24:23][WildStr][sshd.exe]

[Throw dll injection][27/06/2025 17:24:23][WildStr][svchost.exe]

[Throw dll injection][27/06/2025 17:24:23][WildStr][svchost.exe]

[Throw dll injection][27/06/2025 17:24:23][WildStr][ssh-agent.exe]

[Throw dll injection][27/06/2025 17:24:23][WildStr][sshd.exe]
]

[Throw dll injection][27/06/2025 17:24:23][WildStr][svchost.exe]

[Throw dll injection][27/06/2025 17:24:23][WildStr][svchost.exe]

[Throw dll injection][27/06/2025 17:24:23][WildStr][svchost.exe]

[Throw dll injection][27/06/2025 17:24:23][WildStr][svchost.exe]

[Throw dll injection][27/06/2025 17:24:23][WildStr][svchost.exe]

[Throw dll injection][27/06/2025 17:24:23][WildStr][svchost.exe]

[Throw dll injection][27/06/2025 17:24:23][WildStr][svchost.exe]

[Throw dll injection][27/06/2025 17:24:23][WildStr][svchost.exe]

[Throw dll injection][27/06/2025 17:24:23][WildStr][svchost.exe]

[Throw dll injection][27/06/2025 17:24:23][WildStr][svchost.exe]

[Throw dll injection][27/06/2025 17:24:23][WildStr][svchost.exe]

[Throw dll injection][27/06/2025 17:24:23][WildStr][svchost.exe]

[Throw dll injection][27/06/2025 17:24:23][WildStr][svchost.exe]

[Throw dll injection][27/06/2025 17:24:23][WildStr][svchost.exe]

[Throw dll injection][27/06/2025 17:24:23][WildStr][MpDefenderCoreService.exe]

[Throw dll injection][27/06/2025 17:24:23][WildStr][svchost.exe]

[Throw dll injection][27/06/2025 17:24:23][WildStr][MsMpEng.exe]

[Throw dll injection][27/06/2025 17:24:23][WildStr][MpDefenderCoreService.exe]

[Throw dll injection][27/06/2025 17:24:23][WildStr][SearchIndexer.exe]

[Throw dll injection][27/06/2025 17:24:23][WildStr][MsMpEng.exe]

[Throw dll injection][27/06/2025 17:24:23][WildStr][AggregatorHost.exe]

[Throw dll injection][27/06/2025 17:24:23][WildStr][SearchIndexer.exe]

[Throw dll injection][27/06/2025 17:24:23][WildStr][dllhost.exe]

[Throw dll injection][27/06/2025 17:24:23][WildStr][AggregatorHost.exe]

[Throw dll injection][27/06/2025 17:24:23][WildStr][svchost.exe]

[Throw dll injection][27/06/2025 17:24:23][WildStr][dllhost.exe]

[Throw dll injection][27/06/2025 17:24:23][WildStr][NisSrv.exe]

[Throw dll injection][27/06/2025 17:24:23][WildStr][svchost.exe]

[Throw dll injection][27/06/2025 17:24:23][WildStr][sihost.exe]

[Throw dll injection][27/06/2025 17:24:23][WildStr][NisSrv.exe]

[Throw dll injection][27/06/2025 17:24:23][WildStr][svchost.exe]

[Throw dll injection][27/06/2025 17:24:23][WildStr][sihost.exe]

[Throw dll injection][27/06/2025 17:24:23][WildStr][svchost.exe]

[Throw dll injection][27/06/2025 17:24:23][WildStr][svchost.exe]

[Throw dll injection][27/06/2025 17:24:23][WildStr][taskhostw.exe]

[Throw dll injection][27/06/2025 17:24:23][WildStr][svchost.exe]
pdate.exe]

[Throw dll injection][27/06/2025 17:24:23][WildStr][svchost.exe]

[Throw dll injection][27/06/2025 17:24:23][WildStr][taskhostw.exe]

[Throw dll injection][27/06/2025 17:24:23][WildStr][ctfmon.exe]

[Throw dll injection][27/06/2025 17:24:23][WildStr][MicrosoftEdgeUpdate.exe]

[Throw dll injection][27/06/2025 17:24:23][WildStr][svchost.exe]

[Throw dll injection][27/06/2025 17:24:23][WildStr][svchost.exe]

[Throw dll injection][27/06/2025 17:24:23][WildStr][svchost.exe]

[Throw dll injection][27/06/2025 17:24:23][WildStr][ctfmon.exe]

[Throw dll injection][27/06/2025 17:24:23][WildStr][explorer.exe]

[Throw dll injection][27/06/2025 17:24:23][WildStr][svchost.exe]

[Throw dll injection][27/06/2025 17:24:23][WildStr][svchost.exe]

[Throw dll injection][27/06/2025 17:24:23][WildStr][svchost.exe]

[Throw dll injection][27/06/2025 17:24:23][WildStr][StartMenuExperienceHost.exe]

[Throw dll injection][27/06/2025 17:24:23][WildStr][explorer.exe]

[Throw dll injection][27/06/2025 17:24:23][WildStr][RuntimeBroker.exe]

[Throw dll injection][27/06/2025 17:24:23][WildStr][svchost.exe]

[Throw dll injection][27/06/2025 17:24:23][WildStr][SearchApp.exe]

[Throw dll injection][27/06/2025 17:24:23][WildStr][StartMenuExperienceHost.exe]

[Throw dll injection][27/06/2025 17:24:23][WildStr][svchost.exe]

[Throw dll injection][27/06/2025 17:24:23][WildStr][RuntimeBroker.exe]

[Throw dll injection][27/06/2025 17:24:23][WildStr][RuntimeBroker.exe]

[Throw dll injection][27/06/2025 17:24:23][WildStr][SearchApp.exe]

[Throw dll injection][27/06/2025 17:24:23][WildStr][RuntimeBroker.exe]

[Throw dll injection][27/06/2025 17:24:23][WildStr][svchost.exe]

[Throw dll injection][27/06/2025 17:24:23][WildStr][svchost.exe]

[Throw dll injection][27/06/2025 17:24:23][WildStr][RuntimeBroker.exe]

[Throw dll injection][27/06/2025 17:24:23][WildStr][SecurityHealthSystray.exe]

[Throw dll injection][27/06/2025 17:24:23][WildStr][RuntimeBroker.exe]

[Throw dll injection][27/06/2025 17:24:23][WildStr][SecurityHealthService.exe]

[Throw dll injection][27/06/2025 17:24:23][WildStr][svchost.exe]

[Throw dll injection][27/06/2025 17:24:23][WildStr][VBoxTray.exe]
ystray.exe]

[Throw dll injection][27/06/2025 17:24:23][WildStr][OneDrive.exe]
ervice.exe]

[Throw dll injection][27/06/2025 17:24:23][WildStr][VBoxTray.exe]

[Throw dll injection][27/06/2025 17:24:23][WildStr][OneDrive.exe]

[Throw dll injection][27/06/2025 17:24:23][WildStr][svchost.exe]

[Throw dll injection][27/06/2025 17:24:23][WildStr][svchost.exe]

[Throw dll injection][27/06/2025 17:24:23][WildStr][svchost.exe]

[Throw dll injection][27/06/2025 17:24:23][WildStr][svchost.exe]

[Throw dll injection][27/06/2025 17:24:23][WildStr][svchost.exe]

[Throw dll injection][27/06/2025 17:24:23][WildStr][svchost.exe]

[Throw dll injection][27/06/2025 17:24:23][WildStr][svchost.exe]

[Throw dll injection][27/06/2025 17:24:23][WildStr][svchost.exe]

[Throw dll injection][27/06/2025 17:24:23][WildStr][svchost.exe]

[Throw dll injection][27/06/2025 17:24:23][WildStr][svchost.exe]

[Throw dll injection][27/06/2025 17:24:23][WildStr][TextInputHost.exe]

[Throw dll injection][27/06/2025 17:24:23][WildStr][svchost.exe]

[Throw dll injection][27/06/2025 17:24:23][WildStr][ApplicationFrameHost.exe]

[Throw dll injection][27/06/2025 17:24:23][WildStr][TextInputHost.exe]

[Throw dll injection][27/06/2025 17:24:23][WildStr][SystemSettings.exe]

[Throw dll injection][27/06/2025 17:24:23][WildStr][ApplicationFrameHost.exe]

[Throw dll injection][27/06/2025 17:24:23][WildStr][UserOOBEBroker.exe]

[Throw dll injection][27/06/2025 17:24:23][WildStr][SystemSettings.exe]

[Throw dll injection][27/06/2025 17:24:23][WildStr][SearchApp.exe]

[Throw dll injection][27/06/2025 17:24:23][WildStr][UserOOBEBroker.exe]

[Throw dll injection][27/06/2025 17:24:23][WildStr][msedgewebview2.exe]

[Throw dll injection][27/06/2025 17:24:23][WildStr][SearchApp.exe]

[Throw dll injection][27/06/2025 17:24:23][WildStr][msedgewebview2.exe]

[Throw dll injection][27/06/2025 17:24:23][WildStr][msedgewebview2.exe]

[Throw dll injection][27/06/2025 17:24:23][WildStr][msedgewebview2.exe]

[Throw dll injection][27/06/2025 17:24:23][WildStr][msedgewebview2.exe]

[Throw dll injection][27/06/2025 17:24:23][WildStr][msedgewebview2.exe]

[Throw dll injection][27/06/2025 17:24:23][WildStr][msedgewebview2.exe]

[Throw dll injection][27/06/2025 17:24:23][WildStr][msedgewebview2.exe]

[Throw dll injection][27/06/2025 17:24:23][WildStr][msedgewebview2.exe]

[Throw dll injection][27/06/2025 17:24:23][WildStr][FileCoAuth.exe]

[Throw dll injection][27/06/2025 17:24:23][WildStr][msedgewebview2.exe]

[Throw dll injection][27/06/2025 17:24:23][WildStr][svchost.exe]

[Throw dll injection][27/06/2025 17:24:23][WildStr][msedgewebview2.exe]

[Throw dll injection][27/06/2025 17:24:23][WildStr][msedge.exe]

[Throw dll injection][27/06/2025 17:24:23][WildStr][FileCoAuth.exe]

[Throw dll injection][27/06/2025 17:24:23][WildStr][msedge.exe]

[Throw dll injection][27/06/2025 17:24:23][WildStr][svchost.exe]

[Throw dll injection][27/06/2025 17:24:23][WildStr][msedge.exe]

[Throw dll injection][27/06/2025 17:24:23][WildStr][msedge.exe]

[Throw dll injection][27/06/2025 17:24:23][WildStr][msedge.exe]

[Throw dll injection][27/06/2025 17:24:23][WildStr][msedge.exe]

[Throw dll injection][27/06/2025 17:24:23][WildStr][msedge.exe]

[Throw dll injection][27/06/2025 17:24:23][WildStr][msedge.exe]

[Throw dll injection][27/06/2025 17:24:23][WildStr][svchost.exe]

[Throw dll injection][27/06/2025 17:24:23][WildStr][msedge.exe]

[Throw dll injection][27/06/2025 17:24:23][WildStr][svchost.exe]

[Throw dll injection][27/06/2025 17:24:23][WildStr][msedge.exe]

[Throw dll injection][27/06/2025 17:24:23][WildStr][svchost.exe]

[Throw dll injection][27/06/2025 17:24:23][WildStr][svchost.exe]

[Throw dll injection][27/06/2025 17:24:23][WildStr][dllhost.exe]

[Throw dll injection][27/06/2025 17:24:23][WildStr][svchost.exe]

[Throw dll injection][27/06/2025 17:24:23][WildStr][ShellExperienceHost.exe]

[Throw dll injection][27/06/2025 17:24:23][WildStr][svchost.exe]

[Throw dll injection][27/06/2025 17:24:23][WildStr][RuntimeBroker.exe]

[Throw dll injection][27/06/2025 17:24:23][WildStr][dllhost.exe]

[Throw dll injection][27/06/2025 17:24:23][WildStr][powershell.exe]

[Throw dll injection][27/06/2025 17:24:23][WildStr][conhost.exe]
eHost.exe]

[Throw dll injection][27/06/2025 17:24:23][WildStr][RuntimeBroker.exe]

[Throw dll injection][27/06/2025 17:24:23][WildStr][cmd.exe]

[Throw dll injection][27/06/2025 17:24:23][WildStr][powershell.exe]

[Throw dll injection][27/06/2025 17:24:23][WildStr][conhost.exe]

[Throw dll injection][27/06/2025 17:24:23][WildStr][conhost.exe]

[Throw dll injection][27/06/2025 17:24:23][WildStr][powershell.exe]

[Throw dll injection][27/06/2025 17:24:23][WildStr][cmd.exe]

[Throw dll injection][27/06/2025 17:24:23][WildStr][Code.exe]

[Throw dll injection][27/06/2025 17:24:23][WildStr][conhost.exe]

[Throw dll injection][27/06/2025 17:24:23][WildStr][Code.exe]

[Throw dll injection][27/06/2025 17:24:23][WildStr][powershell.exe]

[Throw dll injection][27/06/2025 17:24:23][WildStr][Code.exe]

[Throw dll injection][27/06/2025 17:24:23][WildStr][Code.exe]

[Throw dll injection][27/06/2025 17:24:23][WildStr][Code.exe]

[Throw dll injection][27/06/2025 17:24:23][WildStr][Code.exe]

[Throw dll injection][27/06/2025 17:24:23][WildStr][Code.exe]

[Throw dll injection][27/06/2025 17:24:23][WildStr][Code.exe]

[Throw dll injection][27/06/2025 17:24:23][WildStr][Code.exe]

[Throw dll injection][27/06/2025 17:24:23][WildStr][Code.exe]

[Throw dll injection][27/06/2025 17:24:23][WildStr][Code.exe]

[Throw dll injection][27/06/2025 17:24:23][WildStr][Code.exe]

[Throw dll injection][27/06/2025 17:24:23][WildStr][Code.exe]

[Throw dll injection][27/06/2025 17:24:23][WildStr][Code.exe]

[Throw dll injection][27/06/2025 17:24:23][WildStr][cpptools.exe]

[Throw dll injection][27/06/2025 17:24:23][WildStr][Code.exe]

[Throw dll injection][27/06/2025 17:24:23][WildStr][conhost.exe]

[Throw dll injection][27/06/2025 17:24:23][WildStr][Code.exe]

[Throw dll injection][27/06/2025 17:24:23][WildStr][Code.exe]

[Throw dll injection][27/06/2025 17:24:23][WildStr][cpptools.exe]

[Throw dll injection][27/06/2025 17:24:23][WildStr][cpptools.exe]

[Throw dll injection][27/06/2025 17:24:23][WildStr][conhost.exe]

[Throw dll injection][27/06/2025 17:24:23][WildStr][cpptools-srv.exe]

[Throw dll injection][27/06/2025 17:24:23][WildStr][Code.exe]

[Throw dll injection][27/06/2025 17:24:23][WildStr][conhost.exe]

[Throw dll injection][27/06/2025 17:24:23][WildStr][cpptools.exe]

[Throw dll injection][27/06/2025 17:24:23][WildStr][svchost.exe]

[Throw dll injection][27/06/2025 17:24:23][WildStr][cpptools-srv.exe]

[Throw dll injection][27/06/2025 17:24:23][WildStr][svchost.exe]

[Throw dll injection][27/06/2025 17:24:23][WildStr][conhost.exe]

[Throw dll injection][27/06/2025 17:24:23][WildStr][Code.exe]

[Throw dll injection][27/06/2025 17:24:23][WildStr][svchost.exe]

[Throw dll injection][27/06/2025 17:24:23][WildStr][conhost.exe]

[Throw dll injection][27/06/2025 17:24:23][WildStr][svchost.exe]

[Throw dll injection][27/06/2025 17:24:23][WildStr][powershell.exe]

[Throw dll injection][27/06/2025 17:24:23][WildStr][Code.exe]

[Throw dll injection][27/06/2025 17:24:23][WildStr][vctip.exe]

[Throw dll injection][27/06/2025 17:24:23][WildStr][conhost.exe]

[Throw dll injection][27/06/2025 17:24:23][WildStr][cpptools-srv.exe]

[Throw dll injection][27/06/2025 17:24:23][WildStr][powershell.exe]

[Throw dll injection][27/06/2025 17:24:23][WildStr][conhost.exe]

[Throw dll injection][27/06/2025 17:24:23][WildStr][vctip.exe]

[Throw dll injection][27/06/2025 17:24:23][WildStr][svchost.exe]

[Throw dll injection][27/06/2025 17:24:23][WildStr][cpptools-srv.exe]

[Throw dll injection][27/06/2025 17:24:23][WildStr][smartscreen.exe]

[Throw dll injection][27/06/2025 17:24:23][WildStr][conhost.exe]

[Throw dll injection][27/06/2025 17:24:23][WildStr][Taskmgr.exe]

[Throw dll injection][27/06/2025 17:24:23][WildStr][svchost.exe]

[Throw dll injection][27/06/2025 17:24:23][WildStr][conhost.exe]

[Throw dll injection][27/06/2025 17:24:23][WildStr][smartscreen.exe]

[Throw dll injection][27/06/2025 17:24:23][WildStr][powershell.exe]

[Throw dll injection][27/06/2025 17:24:23][WildStr][Taskmgr.exe]

[Throw dll injection][27/06/2025 17:24:23][WildStr][test.exe]

[Throw dll injection][27/06/2025 17:24:23][WildStr][conhost.exe]

[Throw dll injection][27/06/2025 17:24:23][WildStr][powershell.exe]

[Throw dll injection][27/06/2025 17:24:23][WildStr][test.exe]

[Throw dll injection][27/06/2025 17:24:24][WildStr][System]

[Throw dll injection][27/06/2025 17:24:24][WildStr][Registry]

[Throw dll injection][27/06/2025 17:24:24][WildStr][Registry]

[Throw dll injection][27/06/2025 17:24:24][WildStr][smss.exe]

[Throw dll injection][27/06/2025 17:24:24][WildStr][smss.exe]

[Throw dll injection][27/06/2025 17:24:24][WildStr][csrss.exe]

[Throw dll injection][27/06/2025 17:24:24][WildStr][wininit.exe]

[Throw dll injection][27/06/2025 17:24:24][WildStr][csrss.exe]

[Throw dll injection][27/06/2025 17:24:24][WildStr][csrss.exe]

[Throw dll injection][27/06/2025 17:24:24][WildStr][winlogon.exe]

[Throw dll injection][27/06/2025 17:24:24][WildStr][wininit.exe]

[Throw dll injection][27/06/2025 17:24:24][WildStr][services.exe]

[Throw dll injection][27/06/2025 17:24:24][WildStr][lsass.exe]

[Throw dll injection][27/06/2025 17:24:24][WildStr][winlogon.exe]

[Throw dll injection][27/06/2025 17:24:24][WildStr][fontdrvhost.exe]

[Throw dll injection][27/06/2025 17:24:24][WildStr][services.exe]

[Throw dll injection][27/06/2025 17:24:24][WildStr][fontdrvhost.exe]

[Throw dll injection][27/06/2025 17:24:24][WildStr][lsass.exe]

[Throw dll injection][27/06/2025 17:24:24][WildStr][svchost.exe]

[Throw dll injection][27/06/2025 17:24:24][WildStr][svchost.exe]

[Throw dll injection][27/06/2025 17:24:24][WildStr][svchost.exe]

[Throw dll injection][27/06/2025 17:24:24][WildStr][fontdrvhost.exe]

[Throw dll injection][27/06/2025 17:24:24][WildStr][dwm.exe]

[Throw dll injection][27/06/2025 17:24:24][WildStr][fontdrvhost.exe]

[Throw dll injection][27/06/2025 17:24:24][WildStr][svchost.exe]

[Throw dll injection][27/06/2025 17:24:24][WildStr][svchost.exe]

[Throw dll injection][27/06/2025 17:24:24][WildStr][svchost.exe]

[Throw dll injection][27/06/2025 17:24:24][WildStr][dwm.exe]

[Throw dll injection][27/06/2025 17:24:24][WildStr][svchost.exe]

[Throw dll injection][27/06/2025 17:24:24][WildStr][svchost.exe]

[Throw dll injection][27/06/2025 17:24:24][WildStr][svchost.exe]

[Throw dll injection][27/06/2025 17:24:24][WildStr][svchost.exe]

[Throw dll injection][27/06/2025 17:24:24][WildStr][svchost.exe]

[Throw dll injection][27/06/2025 17:24:24][WildStr][svchost.exe]

[Throw dll injection][27/06/2025 17:24:24][WildStr][svchost.exe]

[Throw dll injection][27/06/2025 17:24:24][WildStr][svchost.exe]

[Throw dll injection][27/06/2025 17:24:24][WildStr][svchost.exe]

[Throw dll injection][27/06/2025 17:24:24][WildStr][svchost.exe]

[Throw dll injection][27/06/2025 17:24:24][WildStr][svchost.exe]

[Throw dll injection][27/06/2025 17:24:24][WildStr][svchost.exe]

[Throw dll injection][27/06/2025 17:24:24][WildStr][svchost.exe]

[Throw dll injection][27/06/2025 17:24:24][WildStr][svchost.exe]

[Throw dll injection][27/06/2025 17:24:24][WildStr][svchost.exe]

[Throw dll injection][27/06/2025 17:24:24][WildStr][svchost.exe]

[Throw dll injection][27/06/2025 17:24:24][WildStr][svchost.exe]

[Throw dll injection][27/06/2025 17:24:24][WildStr][svchost.exe]

[Throw dll injection][27/06/2025 17:24:24][WildStr][svchost.exe]

[Throw dll injection][27/06/2025 17:24:24][WildStr][VBoxService.exe]

[Throw dll injection][27/06/2025 17:24:24][WildStr][svchost.exe]

[Throw dll injection][27/06/2025 17:24:24][WildStr][svchost.exe]

[Throw dll injection][27/06/2025 17:24:24][WildStr][svchost.exe]

[Throw dll injection][27/06/2025 17:24:24][WildStr][svchost.exe]

[Throw dll injection][27/06/2025 17:24:24][WildStr][svchost.exe]

[Throw dll injection][27/06/2025 17:24:24][WildStr][svchost.exe]

[Throw dll injection][27/06/2025 17:24:24][WildStr][svchost.exe]

[Throw dll injection][27/06/2025 17:24:24][WildStr][svchost.exe]

[Throw dll injection][27/06/2025 17:24:24][WildStr][VBoxService.exe]

[Throw dll injection][27/06/2025 17:24:24][WildStr][svchost.exe]

[Throw dll injection][27/06/2025 17:24:24][WildStr][svchost.exe]

[Throw dll injection][27/06/2025 17:24:24][WildStr][svchost.exe]

[Throw dll injection][27/06/2025 17:24:24][WildStr][svchost.exe]
sion]

[Throw dll injection][27/06/2025 17:24:24][WildStr][svchost.exe]

[Throw dll injection][27/06/2025 17:24:24][WildStr][svchost.exe]

[Throw dll injection][27/06/2025 17:24:24][WildStr][svchost.exe]

[Throw dll injection][27/06/2025 17:24:24][WildStr][svchost.exe]

[Throw dll injection][27/06/2025 17:24:24][WildStr][svchost.exe]

[Throw dll injection][27/06/2025 17:24:24][WildStr][svchost.exe]

[Throw dll injection][27/06/2025 17:24:24][WildStr][svchost.exe]

[Throw dll injection][27/06/2025 17:24:24][WildStr][svchost.exe]

[Throw dll injection][27/06/2025 17:24:24][WildStr][svchost.exe]

[Throw dll injection][27/06/2025 17:24:24][WildStr][Memory Compression]

[Throw dll injection][27/06/2025 17:24:24][WildStr][svchost.exe]

[Throw dll injection][27/06/2025 17:24:24][WildStr][svchost.exe]

[Throw dll injection][27/06/2025 17:24:24][WildStr][svchost.exe]

[Throw dll injection][27/06/2025 17:24:24][WildStr][svchost.exe]

[Throw dll injection][27/06/2025 17:24:24][WildStr][svchost.exe]

[Throw dll injection][27/06/2025 17:24:24][WildStr][svchost.exe]

[Throw dll injection][27/06/2025 17:24:24][WildStr][spoolsv.exe]

[Throw dll injection][27/06/2025 17:24:24][WildStr][svchost.exe]

[Throw dll injection][27/06/2025 17:24:24][WildStr][svchost.exe]

[Throw dll injection][27/06/2025 17:24:24][WildStr][svchost.exe]

[Throw dll injection][27/06/2025 17:24:24][WildStr][svchost.exe]

[Throw dll injection][27/06/2025 17:24:24][WildStr][svchost.exe]

[Throw dll injection][27/06/2025 17:24:24][WildStr][svchost.exe]

[Throw dll injection][27/06/2025 17:24:24][WildStr][svchost.exe]

[Throw dll injection][27/06/2025 17:24:24][WildStr][svchost.exe]

[Throw dll injection][27/06/2025 17:24:24][WildStr][svchost.exe]

[Throw dll injection][27/06/2025 17:24:24][WildStr][ssh-agent.exe]

[Throw dll injection][27/06/2025 17:24:24][WildStr][spoolsv.exe]

[Throw dll injection][27/06/2025 17:24:24][WildStr][svchost.exe]

[Throw dll injection][27/06/2025 17:24:24][WildStr][svchost.exe]

[Throw dll injection][27/06/2025 17:24:24][WildStr][svchost.exe]

[Throw dll injection][27/06/2025 17:24:24][WildStr][svchost.exe]

[Throw dll injection][27/06/2025 17:24:24][WildStr][svchost.exe]

[Throw dll injection][27/06/2025 17:24:24][WildStr][svchost.exe]

[Throw dll injection][27/06/2025 17:24:24][WildStr][svchost.exe]

[Throw dll injection][27/06/2025 17:24:24][WildStr][ssh-agent.exe]

[Throw dll injection][27/06/2025 17:24:24][WildStr][svchost.exe]

[Throw dll injection][27/06/2025 17:24:24][WildStr][sshd.exe]

[Throw dll injection][27/06/2025 17:24:24][WildStr][svchost.exe]

[Throw dll injection][27/06/2025 17:24:24][WildStr][svchost.exe]

[Throw dll injection][27/06/2025 17:24:24][WildStr][svchost.exe]

[Throw dll injection][27/06/2025 17:24:24][WildStr][svchost.exe]

[Throw dll injection][27/06/2025 17:24:24][WildStr][svchost.exe]

[Throw dll injection][27/06/2025 17:24:24][WildStr][svchost.exe]

[Throw dll injection][27/06/2025 17:24:24][WildStr][svchost.exe]

[Throw dll injection][27/06/2025 17:24:24][WildStr][svchost.exe]

[Throw dll injection][27/06/2025 17:24:24][WildStr][svchost.exe]

[Throw dll injection][27/06/2025 17:24:24][WildStr][svchost.exe]

[Throw dll injection][27/06/2025 17:24:24][WildStr][MpDefenderCoreService.exe]

[Throw dll injection][27/06/2025 17:24:24][WildStr][svchost.exe]

[Throw dll injection][27/06/2025 17:24:24][WildStr][MsMpEng.exe]

[Throw dll injection][27/06/2025 17:24:24][WildStr][svchost.exe]

[Throw dll injection][27/06/2025 17:24:24][WildStr][SearchIndexer.exe]

[Throw dll injection][27/06/2025 17:24:24][WildStr][svchost.exe]

[Throw dll injection][27/06/2025 17:24:24][WildStr][AggregatorHost.exe]

[Throw dll injection][27/06/2025 17:24:24][WildStr][svchost.exe]

[Throw dll injection][27/06/2025 17:24:24][WildStr][dllhost.exe]

[Throw dll injection][27/06/2025 17:24:24][WildStr][MpDefenderCoreService.exe]

[Throw dll injection][27/06/2025 17:24:24][WildStr][svchost.exe]

[Throw dll injection][27/06/2025 17:24:24][WildStr][MsMpEng.exe]

[Throw dll injection][27/06/2025 17:24:24][WildStr][NisSrv.exe]

[Throw dll injection][27/06/2025 17:24:24][WildStr][SearchIndexer.exe]

[Throw dll injection][27/06/2025 17:24:24][WildStr][sihost.exe]

[Throw dll injection][27/06/2025 17:24:24][WildStr][AggregatorHost.exe]

[Throw dll injection][27/06/2025 17:24:24][WildStr][svchost.exe]

[Throw dll injection][27/06/2025 17:24:24][WildStr][dllhost.exe]

[Throw dll injection][27/06/2025 17:24:24][WildStr][svchost.exe]

[Throw dll injection][27/06/2025 17:24:24][WildStr][svchost.exe]

[Throw dll injection][27/06/2025 17:24:24][WildStr][taskhostw.exe]

[Throw dll injection][27/06/2025 17:24:24][WildStr][NisSrv.exe]

[Throw dll injection][27/06/2025 17:24:24][WildStr][MicrosoftEdgeUpdate.exe]

[Throw dll injection][27/06/2025 17:24:24][WildStr][sihost.exe]

[Throw dll injection][27/06/2025 17:24:24][WildStr][svchost.exe]

[Throw dll injection][27/06/2025 17:24:24][WildStr][svchost.exe]

[Throw dll injection][27/06/2025 17:24:24][WildStr][ctfmon.exe]

[Throw dll injection][27/06/2025 17:24:24][WildStr][svchost.exe]

[Throw dll injection][27/06/2025 17:24:24][WildStr][svchost.exe]

[Throw dll injection][27/06/2025 17:24:24][WildStr][taskhostw.exe]

[Throw dll injection][27/06/2025 17:24:24][WildStr][svchost.exe]

[Throw dll injection][27/06/2025 17:24:24][WildStr][MicrosoftEdgeUpdate.exe]

[Throw dll injection][27/06/2025 17:24:24][WildStr][explorer.exe]

[Throw dll injection][27/06/2025 17:24:24][WildStr][svchost.exe]

[Throw dll injection][27/06/2025 17:24:24][WildStr][svchost.exe]

[Throw dll injection][27/06/2025 17:24:24][WildStr][ctfmon.exe]

[Throw dll injection][27/06/2025 17:24:24][WildStr][StartMenuExperienceHost.exe]

[Throw dll injection][27/06/2025 17:24:24][WildStr][svchost.exe]

[Throw dll injection][27/06/2025 17:24:24][WildStr][RuntimeBroker.exe]

[Throw dll injection][27/06/2025 17:24:24][WildStr][svchost.exe]

[Throw dll injection][27/06/2025 17:24:24][WildStr][SearchApp.exe]

[Throw dll injection][27/06/2025 17:24:24][WildStr][explorer.exe]

[Throw dll injection][27/06/2025 17:24:24][WildStr][svchost.exe]

[Throw dll injection][27/06/2025 17:24:24][WildStr][svchost.exe]

[Throw dll injection][27/06/2025 17:24:24][WildStr][RuntimeBroker.exe]

[Throw dll injection][27/06/2025 17:24:24][WildStr][StartMenuExperienceHost.exe]

[Throw dll injection][27/06/2025 17:24:24][WildStr][RuntimeBroker.exe]

[Throw dll injection][27/06/2025 17:24:24][WildStr][RuntimeBroker.exe]

[Throw dll injection][27/06/2025 17:24:24][WildStr][svchost.exe]

[Throw dll injection][27/06/2025 17:24:24][WildStr][SearchApp.exe]

[Throw dll injection][27/06/2025 17:24:24][WildStr][SecurityHealthSystray.exe]

[Throw dll injection][27/06/2025 17:24:24][WildStr][svchost.exe]

[Throw dll injection][27/06/2025 17:24:24][WildStr][SecurityHealthService.exe]

[Throw dll injection][27/06/2025 17:24:24][WildStr][RuntimeBroker.exe]

[Throw dll injection][27/06/2025 17:24:24][WildStr][VBoxTray.exe]

[Throw dll injection][27/06/2025 17:24:24][WildStr][RuntimeBroker.exe]

[Throw dll injection][27/06/2025 17:24:24][WildStr][OneDrive.exe]

[Throw dll injection][27/06/2025 17:24:24][WildStr][svchost.exe]

[Throw dll injection][27/06/2025 17:24:24][WildStr][svchost.exe]

[Throw dll injection][27/06/2025 17:24:24][WildStr][SecurityHealthSystray.exe]

[Throw dll injection][27/06/2025 17:24:24][WildStr][SecurityHealthService.exe]

[Throw dll injection][27/06/2025 17:24:24][WildStr][svchost.exe]

[Throw dll injection][27/06/2025 17:24:24][WildStr][VBoxTray.exe]

[Throw dll injection][27/06/2025 17:24:24][WildStr][svchost.exe]

[Throw dll injection][27/06/2025 17:24:24][WildStr][OneDrive.exe]

[Throw dll injection][27/06/2025 17:24:24][WildStr][svchost.exe]

[Throw dll injection][27/06/2025 17:24:24][WildStr][svchost.exe]

[Throw dll injection][27/06/2025 17:24:24][WildStr][svchost.exe]

[Throw dll injection][27/06/2025 17:24:24][WildStr][svchost.exe]

[Throw dll injection][27/06/2025 17:24:24][WildStr][TextInputHost.exe]

[Throw dll injection][27/06/2025 17:24:24][WildStr][svchost.exe]

[Throw dll injection][27/06/2025 17:24:24][WildStr][ApplicationFrameHost.exe]

[Throw dll injection][27/06/2025 17:24:24][WildStr][svchost.exe]

[Throw dll injection][27/06/2025 17:24:24][WildStr][SystemSettings.exe]

[Throw dll injection][27/06/2025 17:24:24][WildStr][svchost.exe]

[Throw dll injection][27/06/2025 17:24:24][WildStr][svchost.exe]

[Throw dll injection][27/06/2025 17:24:24][WildStr][UserOOBEBroker.exe]

[Throw dll injection][27/06/2025 17:24:24][WildStr][TextInputHost.exe]

[Throw dll injection][27/06/2025 17:24:24][WildStr][SearchApp.exe]

[Throw dll injection][27/06/2025 17:24:24][WildStr][ApplicationFrameHost.exe]

[Throw dll injection][27/06/2025 17:24:24][WildStr][msedgewebview2.exe]

[Throw dll injection][27/06/2025 17:24:24][WildStr][msedgewebview2.exe]

[Throw dll injection][27/06/2025 17:24:24][WildStr][SystemSettings.exe]

[Throw dll injection][27/06/2025 17:24:24][WildStr][msedgewebview2.exe]

[Throw dll injection][27/06/2025 17:24:24][WildStr][msedgewebview2.exe]

[Throw dll injection][27/06/2025 17:24:24][WildStr][UserOOBEBroker.exe]

[Throw dll injection][27/06/2025 17:24:24][WildStr][msedgewebview2.exe]

[Throw dll injection][27/06/2025 17:24:24][WildStr][SearchApp.exe]

[Throw dll injection][27/06/2025 17:24:24][WildStr][msedgewebview2.exe]

[Throw dll injection][27/06/2025 17:24:24][WildStr][FileCoAuth.exe]
e]

[Throw dll injection][27/06/2025 17:24:24][WildStr][msedgewebview2.exe]

[Throw dll injection][27/06/2025 17:24:24][WildStr][svchost.exe]

[Throw dll injection][27/06/2025 17:24:24][WildStr][msedgewebview2.exe]

[Throw dll injection][27/06/2025 17:24:24][WildStr][msedge.exe]

[Throw dll injection][27/06/2025 17:24:24][WildStr][msedgewebview2.exe]

[Throw dll injection][27/06/2025 17:24:24][WildStr][msedge.exe]

[Throw dll injection][27/06/2025 17:24:24][WildStr][msedge.exe]

[Throw dll injection][27/06/2025 17:24:24][WildStr][msedgewebview2.exe]

[Throw dll injection][27/06/2025 17:24:24][WildStr][msedgewebview2.exe]

[Throw dll injection][27/06/2025 17:24:24][WildStr][msedge.exe]

[Throw dll injection][27/06/2025 17:24:24][WildStr][FileCoAuth.exe]

[Throw dll injection][27/06/2025 17:24:24][WildStr][msedge.exe]

[Throw dll injection][27/06/2025 17:24:24][WildStr][svchost.exe]

[Throw dll injection][27/06/2025 17:24:24][WildStr][svchost.exe]

[Throw dll injection][27/06/2025 17:24:24][WildStr][svchost.exe]

[Throw dll injection][27/06/2025 17:24:24][WildStr][msedge.exe]


[Throw dll injection][27/06/2025 17:24:24][WildStr][dllhost.exe]

[Throw dll injection][27/06/2025 17:24:24][WildStr][ShellExperienceHost.exe]

[Throw dll injection][27/06/2025 17:24:24][WildStr][msedge.exe]

[Throw dll injection][27/06/2025 17:24:24][WildStr][RuntimeBroker.exe]

[Throw dll injection][27/06/2025 17:24:24][WildStr][msedge.exe]

[Throw dll injection][27/06/2025 17:24:24][WildStr][powershell.exe]

[Throw dll injection][27/06/2025 17:24:24][WildStr][msedge.exe]

[Throw dll injection][27/06/2025 17:24:24][WildStr][conhost.exe]

[Throw dll injection][27/06/2025 17:24:24][WildStr][cmd.exe]

[Throw dll injection][27/06/2025 17:24:24][WildStr][svchost.exe]

[Throw dll injection][27/06/2025 17:24:24][WildStr][conhost.exe]

[Throw dll injection][27/06/2025 17:24:24][WildStr][svchost.exe]

[Throw dll injection][27/06/2025 17:24:24][WildStr][powershell.exe]

[Throw dll injection][27/06/2025 17:24:24][WildStr][svchost.exe]

[Throw dll injection][27/06/2025 17:24:24][WildStr][Code.exe]

[Throw dll injection][27/06/2025 17:24:24][WildStr][Code.exe]

[Throw dll injection][27/06/2025 17:24:24][WildStr][dllhost.exe]

[Throw dll injection][27/06/2025 17:24:24][WildStr][Code.exe]

[Throw dll injection][27/06/2025 17:24:24][WildStr][Code.exe]

[Throw dll injection][27/06/2025 17:24:24][WildStr][ShellExperienceHost.exe]

[Throw dll injection][27/06/2025 17:24:24][WildStr][Code.exe]

[Throw dll injection][27/06/2025 17:24:24][WildStr][Code.exe]

[Throw dll injection][27/06/2025 17:24:24][WildStr][RuntimeBroker.exe]

[Throw dll injection][27/06/2025 17:24:24][WildStr][Code.exe]

[Throw dll injection][27/06/2025 17:24:24][WildStr][Code.exe]

[Throw dll injection][27/06/2025 17:24:24][WildStr][powershell.exe]

[Throw dll injection][27/06/2025 17:24:24][WildStr][conhost.exe]


[Throw dll injection][27/06/2025 17:24:24][WildStr][cmd.exe]

[Throw dll injection][27/06/2025 17:24:24][WildStr][conhost.exe]

[Throw dll injection][27/06/2025 17:24:24][WildStr][conhost.exe]

[Throw dll injection][27/06/2025 17:24:24][WildStr][Code.exe]

[Throw dll injection][27/06/2025 17:24:24][WildStr][powershell.exe]

[Throw dll injection][27/06/2025 17:24:24][WildStr][Code.exe]

[Throw dll injection][27/06/2025 17:24:24][WildStr][cpptools.exe]

[Throw dll injection][27/06/2025 17:24:24][WildStr][Code.exe]

[Throw dll injection][27/06/2025 17:24:24][WildStr][cpptools-srv.exe]

[Throw dll injection][27/06/2025 17:24:24][WildStr][Code.exe]

[Throw dll injection][27/06/2025 17:24:24][WildStr][conhost.exe]

[Throw dll injection][27/06/2025 17:24:24][WildStr][Code.exe]

[Throw dll injection][27/06/2025 17:24:24][WildStr][svchost.exe]

[Throw dll injection][27/06/2025 17:24:24][WildStr][Code.exe]

[Throw dll injection][27/06/2025 17:24:24][WildStr][svchost.exe]

[Throw dll injection][27/06/2025 17:24:24][WildStr][Code.exe]

[Throw dll injection][27/06/2025 17:24:24][WildStr][Code.exe]

[Throw dll injection][27/06/2025 17:24:24][WildStr][Code.exe]

[Throw dll injection][27/06/2025 17:24:24][WildStr][conhost.exe]

[Throw dll injection][27/06/2025 17:24:24][WildStr][Code.exe]

[Throw dll injection][27/06/2025 17:24:24][WildStr][powershell.exe]

[Throw dll injection][27/06/2025 17:24:24][WildStr][cpptools.exe]

[Throw dll injection][27/06/2025 17:24:24][WildStr][vctip.exe]

[Throw dll injection][27/06/2025 17:24:24][WildStr][conhost.exe]

[Throw dll injection][27/06/2025 17:24:24][WildStr][cpptools-srv.exe]

[Throw dll injection][27/06/2025 17:24:24][WildStr][Code.exe]

[Throw dll injection][27/06/2025 17:24:24][WildStr][conhost.exe]

[Throw dll injection][27/06/2025 17:24:24][WildStr][cpptools.exe]

[Throw dll injection][27/06/2025 17:24:24][WildStr][svchost.exe]

[Throw dll injection][27/06/2025 17:24:24][WildStr][cpptools-srv.exe]

[Throw dll injection][27/06/2025 17:24:24][WildStr][conhost.exe]
e]

[Throw dll injection][27/06/2025 17:24:24][WildStr][Taskmgr.exe]

[Throw dll injection][27/06/2025 17:24:24][WildStr][svchost.exe]

[Throw dll injection][27/06/2025 17:24:24][WildStr][conhost.exe]

[Throw dll injection][27/06/2025 17:24:24][WildStr][Code.exe]

[Throw dll injection][27/06/2025 17:24:24][WildStr][powershell.exe]

[Throw dll injection][27/06/2025 17:24:24][WildStr][conhost.exe]

[Throw dll injection][27/06/2025 17:24:24][WildStr][test.exe]

[Throw dll injection][27/06/2025 17:24:24][WildStr][powershell.exe]

[Throw dll injection][27/06/2025 17:24:24][WildStr][vctip.exe]

[Throw dll injection][27/06/2025 17:24:24][WildStr][cpptools-srv.exe]

[Throw dll injection][27/06/2025 17:24:24][WildStr][conhost.exe]

[Throw dll injection][27/06/2025 17:24:24][WildStr][svchost.exe]

[Throw dll injection][27/06/2025 17:24:24][WildStr][smartscreen.exe]

[Throw dll injection][27/06/2025 17:24:24][WildStr][Taskmgr.exe]

[Throw dll injection][27/06/2025 17:24:24][WildStr][conhost.exe]

[Throw dll injection][27/06/2025 17:24:24][WildStr][powershell.exe]

[Throw dll injection][27/06/2025 17:24:24][WildStr][test.exe]

[Throw dll injection][27/06/2025 17:24:25][WildStr][System]

[Throw dll injection][27/06/2025 17:24:25][WildStr][System]

[Throw dll injection][27/06/2025 17:24:25][WildStr][Registry]

[Throw dll injection][27/06/2025 17:24:25][WildStr][Registry]

[Throw dll injection][27/06/2025 17:24:25][WildStr][smss.exe]

[Throw dll injection][27/06/2025 17:24:25][WildStr][smss.exe]

[Throw dll injection][27/06/2025 17:24:25][WildStr][csrss.exe]

[Throw dll injection][27/06/2025 17:24:25][WildStr][wininit.exe]

[Throw dll injection][27/06/2025 17:24:25][WildStr][wininit.exe]

[Throw dll injection][27/06/2025 17:24:25][WildStr][csrss.exe]

[Throw dll injection][27/06/2025 17:24:25][WildStr][csrss.exe]

[Throw dll injection][27/06/2025 17:24:25][WildStr][winlogon.exe]

[Throw dll injection][27/06/2025 17:24:25][WildStr][winlogon.exe]

[Throw dll injection][27/06/2025 17:24:25][WildStr][services.exe]

[Throw dll injection][27/06/2025 17:24:25][WildStr][services.exe]

[Throw dll injection][27/06/2025 17:24:25][WildStr][lsass.exe]

[Throw dll injection][27/06/2025 17:24:25][WildStr][lsass.exe]

[Throw dll injection][27/06/2025 17:24:25][WildStr][svchost.exe]

[Throw dll injection][27/06/2025 17:24:25][WildStr][svchost.exe]

[Throw dll injection][27/06/2025 17:24:25][WildStr][fontdrvhost.exe]

[Throw dll injection][27/06/2025 17:24:25][WildStr][fontdrvhost.exe]

[Throw dll injection][27/06/2025 17:24:25][WildStr][fontdrvhost.exe]

[Throw dll injection][27/06/2025 17:24:25][WildStr][fontdrvhost.exe]

[Throw dll injection][27/06/2025 17:24:25][WildStr][svchost.exe]

[Throw dll injection][27/06/2025 17:24:25][WildStr][svchost.exe]

[Throw dll injection][27/06/2025 17:24:25][WildStr][svchost.exe]

[Throw dll injection][27/06/2025 17:24:25][WildStr][dwm.exe]
e]

[Throw dll injection][27/06/2025 17:24:25][WildStr][svchost.exe]

[Throw dll injection][27/06/2025 17:24:25][WildStr][svchost.exe]

[Throw dll injection][27/06/2025 17:24:25][WildStr][svchost.exe]

[Throw dll injection][27/06/2025 17:24:25][WildStr][svchost.exe]

[Throw dll injection][27/06/2025 17:24:25][WildStr][svchost.exe]

[Throw dll injection][27/06/2025 17:24:25][WildStr][svchost.exe]

[Throw dll injection][27/06/2025 17:24:25][WildStr][svchost.exe]

[Throw dll injection][27/06/2025 17:24:25][WildStr][svchost.exe]

[Throw dll injection][27/06/2025 17:24:25][WildStr][svchost.exe]

[Throw dll injection][27/06/2025 17:24:25][WildStr][svchost.exe]

[Throw dll injection][27/06/2025 17:24:25][WildStr][svchost.exe]

[Throw dll injection][27/06/2025 17:24:25][WildStr][svchost.exe]

[Throw dll injection][27/06/2025 17:24:25][WildStr][svchost.exe]

[Throw dll injection][27/06/2025 17:24:25][WildStr][svchost.exe]

[Throw dll injection][27/06/2025 17:24:25][WildStr][svchost.exe]

[Throw dll injection][27/06/2025 17:24:25][WildStr][svchost.exe]

[Throw dll injection][27/06/2025 17:24:25][WildStr][svchost.exe]

[Throw dll injection][27/06/2025 17:24:25][WildStr][svchost.exe]

[Throw dll injection][27/06/2025 17:24:25][WildStr][svchost.exe]

[Throw dll injection][27/06/2025 17:24:25][WildStr][svchost.exe]

[Throw dll injection][27/06/2025 17:24:25][WildStr][svchost.exe]

[Throw dll injection][27/06/2025 17:24:25][WildStr][svchost.exe]

[Throw dll injection][27/06/2025 17:24:25][WildStr][svchost.exe]

[Throw dll injection][27/06/2025 17:24:25][WildStr][svchost.exe]

[Throw dll injection][27/06/2025 17:24:25][WildStr][svchost.exe]

[Throw dll injection][27/06/2025 17:24:25][WildStr][VBoxService.exe]

[Throw dll injection][27/06/2025 17:24:25][WildStr][VBoxService.exe]

[Throw dll injection][27/06/2025 17:24:25][WildStr][svchost.exe]

[Throw dll injection][27/06/2025 17:24:25][WildStr][svchost.exe]

[Throw dll injection][27/06/2025 17:24:25][WildStr][svchost.exe]

[Throw dll injection][27/06/2025 17:24:25][WildStr][svchost.exe]

[Throw dll injection][27/06/2025 17:24:25][WildStr][svchost.exe]

[Throw dll injection][27/06/2025 17:24:25][WildStr][svchost.exe]

[Throw dll injection][27/06/2025 17:24:25][WildStr][svchost.exe]

[Throw dll injection][27/06/2025 17:24:25][WildStr][svchost.exe]

[Throw dll injection][27/06/2025 17:24:25][WildStr][svchost.exe]

[Throw dll injection][27/06/2025 17:24:25][WildStr][svchost.exe]

[Throw dll injection][27/06/2025 17:24:25][WildStr][svchost.exe]

[Throw dll injection][27/06/2025 17:24:25][WildStr][Memory Compression]

[Throw dll injection][27/06/2025 17:24:25][WildStr][svchost.exe]

[Throw dll injection][27/06/2025 17:24:25][WildStr][svchost.exe]

[Throw dll injection][27/06/2025 17:24:25][WildStr][Memory Compression]

[Throw dll injection][27/06/2025 17:24:25][WildStr][svchost.exe]

[Throw dll injection][27/06/2025 17:24:25][WildStr][svchost.exe]

[Throw dll injection][27/06/2025 17:24:25][WildStr][svchost.exe]

[Throw dll injection][27/06/2025 17:24:25][WildStr][svchost.exe]

[Throw dll injection][27/06/2025 17:24:25][WildStr][svchost.exe]

[Throw dll injection][27/06/2025 17:24:25][WildStr][svchost.exe]

[Throw dll injection][27/06/2025 17:24:25][WildStr][svchost.exe]

[Throw dll injection][27/06/2025 17:24:25][WildStr][svchost.exe]

[Throw dll injection][27/06/2025 17:24:25][WildStr][svchost.exe]

[Throw dll injection][27/06/2025 17:24:25][WildStr][svchost.exe]

[Throw dll injection][27/06/2025 17:24:25][WildStr][svchost.exe]

[Throw dll injection][27/06/2025 17:24:25][WildStr][svchost.exe]

[Throw dll injection][27/06/2025 17:24:25][WildStr][svchost.exe]

[Throw dll injection][27/06/2025 17:24:25][WildStr][svchost.exe]

[Throw dll injection][27/06/2025 17:24:25][WildStr][spoolsv.exe]

[Throw dll injection][27/06/2025 17:24:25][WildStr][svchost.exe]

[Throw dll injection][27/06/2025 17:24:25][WildStr][svchost.exe]

[Throw dll injection][27/06/2025 17:24:25][WildStr][spoolsv.exe]

[Throw dll injection][27/06/2025 17:24:25][WildStr][svchost.exe]

[Throw dll injection][27/06/2025 17:24:25][WildStr][svchost.exe]

[Throw dll injection][27/06/2025 17:24:25][WildStr][svchost.exe]

[Throw dll injection][27/06/2025 17:24:25][WildStr][svchost.exe]

[Throw dll injection][27/06/2025 17:24:25][WildStr][svchost.exe]

[Throw dll injection][27/06/2025 17:24:25][WildStr][svchost.exe]

[Throw dll injection][27/06/2025 17:24:25][WildStr][ssh-agent.exe]

[Throw dll injection][27/06/2025 17:24:25][WildStr][svchost.exe]

[Throw dll injection][27/06/2025 17:24:25][WildStr][sshd.exe]

[Throw dll injection][27/06/2025 17:24:25][WildStr][ssh-agent.exe]

[Throw dll injection][27/06/2025 17:24:25][WildStr][svchost.exe]

[Throw dll injection][27/06/2025 17:24:25][WildStr][sshd.exe]

[Throw dll injection][27/06/2025 17:24:25][WildStr][svchost.exe]

[Throw dll injection][27/06/2025 17:24:25][WildStr][svchost.exe]

[Throw dll injection][27/06/2025 17:24:25][WildStr][svchost.exe]

[Throw dll injection][27/06/2025 17:24:25][WildStr][svchost.exe]

[Throw dll injection][27/06/2025 17:24:25][WildStr][svchost.exe]

[Throw dll injection][27/06/2025 17:24:25][WildStr][svchost.exe]

[Throw dll injection][27/06/2025 17:24:25][WildStr][svchost.exe]

[Throw dll injection][27/06/2025 17:24:25][WildStr][svchost.exe]

[Throw dll injection][27/06/2025 17:24:25][WildStr][svchost.exe]

[Throw dll injection][27/06/2025 17:24:25][WildStr][svchost.exe]

[Throw dll injection][27/06/2025 17:24:25][WildStr][svchost.exe]

[Throw dll injection][27/06/2025 17:24:25][WildStr][svchost.exe]

[Throw dll injection][27/06/2025 17:24:25][WildStr][svchost.exe]

[Throw dll injection][27/06/2025 17:24:25][WildStr][svchost.exe]

[Throw dll injection][27/06/2025 17:24:25][WildStr][svchost.exe]

[Throw dll injection][27/06/2025 17:24:25][WildStr][svchost.exe]

[Throw dll injection][27/06/2025 17:24:25][WildStr][MpDefenderCoreService.exe]

[Throw dll injection][27/06/2025 17:24:25][WildStr][svchost.exe]

[Throw dll injection][27/06/2025 17:24:25][WildStr][MsMpEng.exe]

[Throw dll injection][27/06/2025 17:24:25][WildStr][MpDefenderCoreService.exe]

[Throw dll injection][27/06/2025 17:24:25][WildStr][SearchIndexer.exe]

[Throw dll injection][27/06/2025 17:24:25][WildStr][MsMpEng.exe]

[Throw dll injection][27/06/2025 17:24:25][WildStr][AggregatorHost.exe]

[Throw dll injection][27/06/2025 17:24:25][WildStr][SearchIndexer.exe]

[Throw dll injection][27/06/2025 17:24:25][WildStr][dllhost.exe]

[Throw dll injection][27/06/2025 17:24:25][WildStr][AggregatorHost.exe]

[Throw dll injection][27/06/2025 17:24:25][WildStr][svchost.exe]

[Throw dll injection][27/06/2025 17:24:25][WildStr][dllhost.exe]

[Throw dll injection][27/06/2025 17:24:25][WildStr][NisSrv.exe]

[Throw dll injection][27/06/2025 17:24:25][WildStr][svchost.exe]

[Throw dll injection][27/06/2025 17:24:25][WildStr][sihost.exe]

[Throw dll injection][27/06/2025 17:24:25][WildStr][sihost.exe]

[Throw dll injection][27/06/2025 17:24:25][WildStr][svchost.exe]

[Throw dll injection][27/06/2025 17:24:25][WildStr][svchost.exe]

[Throw dll injection][27/06/2025 17:24:25][WildStr][svchost.exe]

[Throw dll injection][27/06/2025 17:24:25][WildStr][taskhostw.exe]

[Throw dll injection][27/06/2025 17:24:25][WildStr][MicrosoftEdgeUpdate.exe]

[Throw dll injection][27/06/2025 17:24:25][WildStr][svchost.exe]
pdate.exe]

[Throw dll injection][27/06/2025 17:24:25][WildStr][svchost.exe]

[Throw dll injection][27/06/2025 17:24:25][WildStr][ctfmon.exe]

[Throw dll injection][27/06/2025 17:24:25][WildStr][ctfmon.exe]

[Throw dll injection][27/06/2025 17:24:25][WildStr][svchost.exe]

[Throw dll injection][27/06/2025 17:24:25][WildStr][svchost.exe]

[Throw dll injection][27/06/2025 17:24:25][WildStr][svchost.exe]

[Throw dll injection][27/06/2025 17:24:25][WildStr][svchost.exe]

[Throw dll injection][27/06/2025 17:24:25][WildStr][explorer.exe]

[Throw dll injection][27/06/2025 17:24:25][WildStr][svchost.exe]


[Throw dll injection][27/06/2025 17:24:25][WildStr][svchost.exe]

[Throw dll injection][27/06/2025 17:24:25][WildStr][StartMenuExperienceHost.exe]

[Throw dll injection][27/06/2025 17:24:25][WildStr][StartMenuExperienceHost.exe]

[Throw dll injection][27/06/2025 17:24:25][WildStr][RuntimeBroker.exe]

[Throw dll injection][27/06/2025 17:24:25][WildStr][RuntimeBroker.exe]

[Throw dll injection][27/06/2025 17:24:25][WildStr][SearchApp.exe]

[Throw dll injection][27/06/2025 17:24:25][WildStr][SearchApp.exe]

[Throw dll injection][27/06/2025 17:24:25][WildStr][svchost.exe]

[Throw dll injection][27/06/2025 17:24:25][WildStr][svchost.exe]

[Throw dll injection][27/06/2025 17:24:25][WildStr][RuntimeBroker.exe]

[Throw dll injection][27/06/2025 17:24:25][WildStr][RuntimeBroker.exe]

[Throw dll injection][27/06/2025 17:24:25][WildStr][RuntimeBroker.exe]

[Throw dll injection][27/06/2025 17:24:25][WildStr][RuntimeBroker.exe]

[Throw dll injection][27/06/2025 17:24:25][WildStr][svchost.exe]

[Throw dll injection][27/06/2025 17:24:25][WildStr][svchost.exe]

[Throw dll injection][27/06/2025 17:24:25][WildStr][SecurityHealthSystray.exe]

[Throw dll injection][27/06/2025 17:24:25][WildStr][SecurityHealthSystray.exe]

[Throw dll injection][27/06/2025 17:24:25][WildStr][SecurityHealthService.exe]

[Throw dll injection][27/06/2025 17:24:25][WildStr][SecurityHealthService.exe]

[Throw dll injection][27/06/2025 17:24:25][WildStr][VBoxTray.exe]

[Throw dll injection][27/06/2025 17:24:25][WildStr][VBoxTray.exe]

[Throw dll injection][27/06/2025 17:24:25][WildStr][OneDrive.exe]

[Throw dll injection][27/06/2025 17:24:25][WildStr][OneDrive.exe]

[Throw dll injection][27/06/2025 17:24:25][WildStr][svchost.exe]

[Throw dll injection][27/06/2025 17:24:25][WildStr][svchost.exe]

[Throw dll injection][27/06/2025 17:24:25][WildStr][svchost.exe]

[Throw dll injection][27/06/2025 17:24:25][WildStr][svchost.exe]

[Throw dll injection][27/06/2025 17:24:25][WildStr][svchost.exe]

[Throw dll injection][27/06/2025 17:24:25][WildStr][svchost.exe]

[Throw dll injection][27/06/2025 17:24:25][WildStr][svchost.exe]

[Throw dll injection][27/06/2025 17:24:25][WildStr][svchost.exe]

[Throw dll injection][27/06/2025 17:24:25][WildStr][svchost.exe]

[Throw dll injection][27/06/2025 17:24:25][WildStr][svchost.exe]

[Throw dll injection][27/06/2025 17:24:25][WildStr][svchost.exe]

[Throw dll injection][27/06/2025 17:24:25][WildStr][TextInputHost.exe]

[Throw dll injection][27/06/2025 17:24:25][WildStr][TextInputHost.exe]

[Throw dll injection][27/06/2025 17:24:25][WildStr][ApplicationFrameHost.exe]

[Throw dll injection][27/06/2025 17:24:25][WildStr][ApplicationFrameHost.exe]

[Throw dll injection][27/06/2025 17:24:25][WildStr][SystemSettings.exe]

[Throw dll injection][27/06/2025 17:24:25][WildStr][SystemSettings.exe]

[Throw dll injection][27/06/2025 17:24:25][WildStr][UserOOBEBroker.exe]

[Throw dll injection][27/06/2025 17:24:25][WildStr][UserOOBEBroker.exe]

[Throw dll injection][27/06/2025 17:24:25][WildStr][SearchApp.exe]

[Throw dll injection][27/06/2025 17:24:25][WildStr][SearchApp.exe]

[Throw dll injection][27/06/2025 17:24:25][WildStr][msedgewebview2.exe]

[Throw dll injection][27/06/2025 17:24:25][WildStr][msedgewebview2.exe]

[Throw dll injection][27/06/2025 17:24:25][WildStr][msedgewebview2.exe]

[Throw dll injection][27/06/2025 17:24:25][WildStr][msedgewebview2.exe]

[Throw dll injection][27/06/2025 17:24:25][WildStr][msedgewebview2.exe]

[Throw dll injection][27/06/2025 17:24:25][WildStr][msedgewebview2.exe]

[Throw dll injection][27/06/2025 17:24:25][WildStr][msedgewebview2.exe]

[Throw dll injection][27/06/2025 17:24:25][WildStr][msedgewebview2.exe]

[Throw dll injection][27/06/2025 17:24:25][WildStr][msedgewebview2.exe]

[Throw dll injection][27/06/2025 17:24:25][WildStr][msedgewebview2.exe]

[Throw dll injection][27/06/2025 17:24:25][WildStr][msedgewebview2.exe]

[Throw dll injection][27/06/2025 17:24:25][WildStr][FileCoAuth.exe]

[Throw dll injection][27/06/2025 17:24:25][WildStr][FileCoAuth.exe]

[Throw dll injection][27/06/2025 17:24:25][WildStr][svchost.exe]

[Throw dll injection][27/06/2025 17:24:25][WildStr][svchost.exe]

[Throw dll injection][27/06/2025 17:24:25][WildStr][msedge.exe]

[Throw dll injection][27/06/2025 17:24:25][WildStr][msedge.exe]

[Throw dll injection][27/06/2025 17:24:25][WildStr][msedge.exe]

[Throw dll injection][27/06/2025 17:24:25][WildStr][msedge.exe]

[Throw dll injection][27/06/2025 17:24:25][WildStr][msedge.exe]

[Throw dll injection][27/06/2025 17:24:25][WildStr][msedge.exe]

[Throw dll injection][27/06/2025 17:24:25][WildStr][msedge.exe]

[Throw dll injection][27/06/2025 17:24:25][WildStr][msedge.exe]

[Throw dll injection][27/06/2025 17:24:25][WildStr][msedge.exe]

[Throw dll injection][27/06/2025 17:24:25][WildStr][msedge.exe]

[Throw dll injection][27/06/2025 17:24:25][WildStr][svchost.exe]

[Throw dll injection][27/06/2025 17:24:25][WildStr][svchost.exe]

[Throw dll injection][27/06/2025 17:24:25][WildStr][svchost.exe]

[Throw dll injection][27/06/2025 17:24:25][WildStr][svchost.exe]

[Throw dll injection][27/06/2025 17:24:25][WildStr][svchost.exe]

[Throw dll injection][27/06/2025 17:24:25][WildStr][svchost.exe]

[Throw dll injection][27/06/2025 17:24:25][WildStr][dllhost.exe]

[Throw dll injection][27/06/2025 17:24:25][WildStr][dllhost.exe]

[Throw dll injection][27/06/2025 17:24:25][WildStr][ShellExperienceHost.exe]

[Throw dll injection][27/06/2025 17:24:25][WildStr][ShellExperienceHost.exe]

[Throw dll injection][27/06/2025 17:24:25][WildStr][RuntimeBroker.exe]

[Throw dll injection][27/06/2025 17:24:25][WildStr][RuntimeBroker.exe]

[Throw dll injection][27/06/2025 17:24:25][WildStr][powershell.exe]

[Throw dll injection][27/06/2025 17:24:25][WildStr][powershell.exe]

[Throw dll injection][27/06/2025 17:24:25][WildStr][conhost.exe]

[Throw dll injection][27/06/2025 17:24:25][WildStr][conhost.exe]

[Throw dll injection][27/06/2025 17:24:25][WildStr][cmd.exe]

[Throw dll injection][27/06/2025 17:24:25][WildStr][cmd.exe]

[Throw dll injection][27/06/2025 17:24:25][WildStr][conhost.exe]

[Throw dll injection][27/06/2025 17:24:25][WildStr][conhost.exe]

[Throw dll injection][27/06/2025 17:24:25][WildStr][powershell.exe]

[Throw dll injection][27/06/2025 17:24:25][WildStr][powershell.exe]

[Throw dll injection][27/06/2025 17:24:25][WildStr][Code.exe]

[Throw dll injection][27/06/2025 17:24:25][WildStr][Code.exe]

[Throw dll injection][27/06/2025 17:24:25][WildStr][Code.exe]

[Throw dll injection][27/06/2025 17:24:25][WildStr][Code.exe]

[Throw dll injection][27/06/2025 17:24:25][WildStr][Code.exe]

[Throw dll injection][27/06/2025 17:24:25][WildStr][Code.exe]

[Throw dll injection][27/06/2025 17:24:25][WildStr][Code.exe]

[Throw dll injection][27/06/2025 17:24:25][WildStr][Code.exe]

[Throw dll injection][27/06/2025 17:24:25][WildStr][Code.exe]

[Throw dll injection][27/06/2025 17:24:25][WildStr][Code.exe]

[Throw dll injection][27/06/2025 17:24:25][WildStr][Code.exe]

[Throw dll injection][27/06/2025 17:24:25][WildStr][Code.exe]

[Throw dll injection][27/06/2025 17:24:25][WildStr][Code.exe]

[Throw dll injection][27/06/2025 17:24:25][WildStr][Code.exe]

[Throw dll injection][27/06/2025 17:24:25][WildStr][cpptools.exe]

[Throw dll injection][27/06/2025 17:24:25][WildStr][Code.exe]

[Throw dll injection][27/06/2025 17:24:25][WildStr][conhost.exe]

[Throw dll injection][27/06/2025 17:24:25][WildStr][cpptools.exe]

[Throw dll injection][27/06/2025 17:24:25][WildStr][Code.exe]

[Throw dll injection][27/06/2025 17:24:25][WildStr][conhost.exe]

[Throw dll injection][27/06/2025 17:24:25][WildStr][cpptools.exe]

[Throw dll injection][27/06/2025 17:24:25][WildStr][Code.exe]

[Throw dll injection][27/06/2025 17:24:25][WildStr][cpptools-srv.exe]

[Throw dll injection][27/06/2025 17:24:25][WildStr][cpptools.exe]

[Throw dll injection][27/06/2025 17:24:25][WildStr][conhost.exe]

[Throw dll injection][27/06/2025 17:24:25][WildStr][cpptools-srv.exe]

[Throw dll injection][27/06/2025 17:24:25][WildStr][svchost.exe]

[Throw dll injection][27/06/2025 17:24:25][WildStr][conhost.exe]

[Throw dll injection][27/06/2025 17:24:25][WildStr][svchost.exe]

[Throw dll injection][27/06/2025 17:24:25][WildStr][svchost.exe]

[Throw dll injection][27/06/2025 17:24:25][WildStr][Code.exe]

[Throw dll injection][27/06/2025 17:24:25][WildStr][svchost.exe]

[Throw dll injection][27/06/2025 17:24:25][WildStr][conhost.exe]

[Throw dll injection][27/06/2025 17:24:25][WildStr][Code.exe]

[Throw dll injection][27/06/2025 17:24:25][WildStr][powershell.exe]

[Throw dll injection][27/06/2025 17:24:25][WildStr][conhost.exe]

[Throw dll injection][27/06/2025 17:24:25][WildStr][vctip.exe]

[Throw dll injection][27/06/2025 17:24:25][WildStr][powershell.exe]

[Throw dll injection][27/06/2025 17:24:25][WildStr][cpptools-srv.exe]

[Throw dll injection][27/06/2025 17:24:25][WildStr][vctip.exe]

[Throw dll injection][27/06/2025 17:24:25][WildStr][conhost.exe]

[Throw dll injection][27/06/2025 17:24:25][WildStr][cpptools-srv.exe]

[Throw dll injection][27/06/2025 17:24:25][WildStr][svchost.exe]

[Throw dll injection][27/06/2025 17:24:25][WildStr][conhost.exe]

[Throw dll injection][27/06/2025 17:24:25][WildStr][smartscreen.exe]

[Throw dll injection][27/06/2025 17:24:25][WildStr][svchost.exe]

[Throw dll injection][27/06/2025 17:24:25][WildStr][Taskmgr.exe]

[Throw dll injection][27/06/2025 17:24:25][WildStr][smartscreen.exe]

[Throw dll injection][27/06/2025 17:24:25][WildStr][conhost.exe]

[Throw dll injection][27/06/2025 17:24:25][WildStr][Taskmgr.exe]

[Throw dll injection][27/06/2025 17:24:25][WildStr][powershell.exe]

[Throw dll injection][27/06/2025 17:24:25][WildStr][conhost.exe]

[Throw dll injection][27/06/2025 17:24:25][WildStr][test.exe]

[Throw dll injection][27/06/2025 17:24:25][WildStr][powershell.exe]

[Throw dll injection][27/06/2025 17:24:25][WildStr][test.exe]

[Throw dll injection][27/06/2025 17:24:26][WildStr][System]

[Throw dll injection][27/06/2025 17:24:26][WildStr][Registry]

[Throw dll injection][27/06/2025 17:24:26][WildStr][System]

[Throw dll injection][27/06/2025 17:24:26][WildStr][smss.exe]

[Throw dll injection][27/06/2025 17:24:26][WildStr][csrss.exe]

[Throw dll injection][27/06/2025 17:24:26][WildStr][wininit.exe]

[Throw dll injection][27/06/2025 17:24:26][WildStr][csrss.exe]

[Throw dll injection][27/06/2025 17:24:26][WildStr][csrss.exe]

[Throw dll injection][27/06/2025 17:24:26][WildStr][wininit.exe]

[Throw dll injection][27/06/2025 17:24:26][WildStr][winlogon.exe]

[Throw dll injection][27/06/2025 17:24:26][WildStr][csrss.exe]

[Throw dll injection][27/06/2025 17:24:26][WildStr][services.exe]

[Throw dll injection][27/06/2025 17:24:26][WildStr][winlogon.exe]

[Throw dll injection][27/06/2025 17:24:26][WildStr][lsass.exe]

[Throw dll injection][27/06/2025 17:24:26][WildStr][services.exe]

[Throw dll injection][27/06/2025 17:24:26][WildStr][svchost.exe]

[Throw dll injection][27/06/2025 17:24:26][WildStr][lsass.exe]

[Throw dll injection][27/06/2025 17:24:26][WildStr][fontdrvhost.exe]

[Throw dll injection][27/06/2025 17:24:26][WildStr][svchost.exe]

[Throw dll injection][27/06/2025 17:24:26][WildStr][fontdrvhost.exe]

[Throw dll injection][27/06/2025 17:24:26][WildStr][fontdrvhost.exe]

[Throw dll injection][27/06/2025 17:24:26][WildStr][svchost.exe]

[Throw dll injection][27/06/2025 17:24:26][WildStr][fontdrvhost.exe]

[Throw dll injection][27/06/2025 17:24:26][WildStr][svchost.exe]

[Throw dll injection][27/06/2025 17:24:26][WildStr][svchost.exe]

[Throw dll injection][27/06/2025 17:24:26][WildStr][dwm.exe]

[Throw dll injection][27/06/2025 17:24:26][WildStr][svchost.exe]

[Throw dll injection][27/06/2025 17:24:26][WildStr][svchost.exe]

[Throw dll injection][27/06/2025 17:24:26][WildStr][svchost.exe]

[Throw dll injection][27/06/2025 17:24:26][WildStr][svchost.exe]

[Throw dll injection][27/06/2025 17:24:26][WildStr][svchost.exe]

[Throw dll injection][27/06/2025 17:24:26][WildStr][svchost.exe]

[Throw dll injection][27/06/2025 17:24:26][WildStr][svchost.exe]

[Throw dll injection][27/06/2025 17:24:26][WildStr][svchost.exe]

[Throw dll injection][27/06/2025 17:24:26][WildStr][svchost.exe]

[Throw dll injection][27/06/2025 17:24:26][WildStr][svchost.exe]

[Throw dll injection][27/06/2025 17:24:26][WildStr][svchost.exe]

[Throw dll injection][27/06/2025 17:24:26][WildStr][svchost.exe]

[Throw dll injection][27/06/2025 17:24:26][WildStr][svchost.exe]

[Throw dll injection][27/06/2025 17:24:26][WildStr][svchost.exe]

[Throw dll injection][27/06/2025 17:24:26][WildStr][svchost.exe]

[Throw dll injection][27/06/2025 17:24:26][WildStr][svchost.exe]

[Throw dll injection][27/06/2025 17:24:26][WildStr][svchost.exe]

[Throw dll injection][27/06/2025 17:24:26][WildStr][svchost.exe]

[Throw dll injection][27/06/2025 17:24:26][WildStr][svchost.exe]

[Throw dll injection][27/06/2025 17:24:26][WildStr][svchost.exe]

[Throw dll injection][27/06/2025 17:24:26][WildStr][svchost.exe]

[Throw dll injection][27/06/2025 17:24:26][WildStr][svchost.exe]

[Throw dll injection][27/06/2025 17:24:26][WildStr][svchost.exe]

[Throw dll injection][27/06/2025 17:24:26][WildStr][svchost.exe]

[Throw dll injection][27/06/2025 17:24:26][WildStr][svchost.exe]

[Throw dll injection][27/06/2025 17:24:26][WildStr][svchost.exe]

[Throw dll injection][27/06/2025 17:24:26][WildStr][VBoxService.exe]

[Throw dll injection][27/06/2025 17:24:26][WildStr][svchost.exe]

[Throw dll injection][27/06/2025 17:24:26][WildStr][svchost.exe]

[Throw dll injection][27/06/2025 17:24:26][WildStr][VBoxService.exe]

[Throw dll injection][27/06/2025 17:24:26][WildStr][svchost.exe]

[Throw dll injection][27/06/2025 17:24:26][WildStr][svchost.exe]

[Throw dll injection][27/06/2025 17:24:26][WildStr][svchost.exe]

[Throw dll injection][27/06/2025 17:24:26][WildStr][svchost.exe]

[Throw dll injection][27/06/2025 17:24:26][WildStr][svchost.exe]

[Throw dll injection][27/06/2025 17:24:26][WildStr][svchost.exe]

[Throw dll injection][27/06/2025 17:24:26][WildStr][svchost.exe]

[Throw dll injection][27/06/2025 17:24:26][WildStr][svchost.exe]

[Throw dll injection][27/06/2025 17:24:26][WildStr][Memory Compression]

[Throw dll injection][27/06/2025 17:24:26][WildStr][svchost.exe]

[Throw dll injection][27/06/2025 17:24:26][WildStr][svchost.exe]

[Throw dll injection][27/06/2025 17:24:26][WildStr][Memory Compression]

[Throw dll injection][27/06/2025 17:24:26][WildStr][svchost.exe]

[Throw dll injection][27/06/2025 17:24:26][WildStr][svchost.exe]

[Throw dll injection][27/06/2025 17:24:26][WildStr][svchost.exe]

[Throw dll injection][27/06/2025 17:24:26][WildStr][svchost.exe]

[Throw dll injection][27/06/2025 17:24:26][WildStr][svchost.exe]

[Throw dll injection][27/06/2025 17:24:26][WildStr][svchost.exe]

[Throw dll injection][27/06/2025 17:24:26][WildStr][svchost.exe]

[Throw dll injection][27/06/2025 17:24:26][WildStr][svchost.exe]

[Throw dll injection][27/06/2025 17:24:26][WildStr][svchost.exe]

[Throw dll injection][27/06/2025 17:24:26][WildStr][svchost.exe]

[Throw dll injection][27/06/2025 17:24:26][WildStr][svchost.exe]

[Throw dll injection][27/06/2025 17:24:26][WildStr][svchost.exe]

[Throw dll injection][27/06/2025 17:24:26][WildStr][svchost.exe]

[Throw dll injection][27/06/2025 17:24:26][WildStr][svchost.exe]

[Throw dll injection][27/06/2025 17:24:26][WildStr][spoolsv.exe]

[Throw dll injection][27/06/2025 17:24:26][WildStr][svchost.exe]

[Throw dll injection][27/06/2025 17:24:26][WildStr][svchost.exe]

[Throw dll injection][27/06/2025 17:24:26][WildStr][spoolsv.exe]

[Throw dll injection][27/06/2025 17:24:26][WildStr][svchost.exe]

[Throw dll injection][27/06/2025 17:24:26][WildStr][svchost.exe]

[Throw dll injection][27/06/2025 17:24:26][WildStr][svchost.exe]

[Throw dll injection][27/06/2025 17:24:26][WildStr][svchost.exe]

[Throw dll injection][27/06/2025 17:24:26][WildStr][svchost.exe]

[Throw dll injection][27/06/2025 17:24:26][WildStr][svchost.exe]

[Throw dll injection][27/06/2025 17:24:26][WildStr][ssh-agent.exe]

[Throw dll injection][27/06/2025 17:24:26][WildStr][svchost.exe]

[Throw dll injection][27/06/2025 17:24:26][WildStr][sshd.exe]

[Throw dll injection][27/06/2025 17:24:26][WildStr][ssh-agent.exe]

[Throw dll injection][27/06/2025 17:24:26][WildStr][svchost.exe]

[Throw dll injection][27/06/2025 17:24:26][WildStr][sshd.exe]

[Throw dll injection][27/06/2025 17:24:26][WildStr][svchost.exe]

[Throw dll injection][27/06/2025 17:24:26][WildStr][svchost.exe]

[Throw dll injection][27/06/2025 17:24:26][WildStr][svchost.exe]

[Throw dll injection][27/06/2025 17:24:26][WildStr][svchost.exe]

[Throw dll injection][27/06/2025 17:24:26][WildStr][svchost.exe]

[Throw dll injection][27/06/2025 17:24:26][WildStr][svchost.exe]

[Throw dll injection][27/06/2025 17:24:26][WildStr][svchost.exe]

[Throw dll injection][27/06/2025 17:24:26][WildStr][svchost.exe]

[Throw dll injection][27/06/2025 17:24:26][WildStr][svchost.exe]

[Throw dll injection][27/06/2025 17:24:26][WildStr][svchost.exe]

[Throw dll injection][27/06/2025 17:24:26][WildStr][svchost.exe]

[Throw dll injection][27/06/2025 17:24:26][WildStr][svchost.exe]

[Throw dll injection][27/06/2025 17:24:26][WildStr][svchost.exe]

[Throw dll injection][27/06/2025 17:24:26][WildStr][svchost.exe]

[Throw dll injection][27/06/2025 17:24:26][WildStr][svchost.exe]

[Throw dll injection][27/06/2025 17:24:26][WildStr][MpDefenderCoreService.exe]

[Throw dll injection][27/06/2025 17:24:26][WildStr][svchost.exe]

[Throw dll injection][27/06/2025 17:24:26][WildStr][MsMpEng.exe]

[Throw dll injection][27/06/2025 17:24:26][WildStr][MpDefenderCoreService.exe]

[Throw dll injection][27/06/2025 17:24:26][WildStr][SearchIndexer.exe]

[Throw dll injection][27/06/2025 17:24:26][WildStr][MsMpEng.exe]

[Throw dll injection][27/06/2025 17:24:26][WildStr][AggregatorHost.exe]

[Throw dll injection][27/06/2025 17:24:26][WildStr][SearchIndexer.exe]

[Throw dll injection][27/06/2025 17:24:26][WildStr][dllhost.exe]

[Throw dll injection][27/06/2025 17:24:26][WildStr][AggregatorHost.exe]

[Throw dll injection][27/06/2025 17:24:26][WildStr][svchost.exe]

[Throw dll injection][27/06/2025 17:24:26][WildStr][dllhost.exe]

[Throw dll injection][27/06/2025 17:24:26][WildStr][NisSrv.exe]

[Throw dll injection][27/06/2025 17:24:26][WildStr][svchost.exe]

[Throw dll injection][27/06/2025 17:24:26][WildStr][sihost.exe]

[Throw dll injection][27/06/2025 17:24:26][WildStr][NisSrv.exe]

[Throw dll injection][27/06/2025 17:24:26][WildStr][svchost.exe]

[Throw dll injection][27/06/2025 17:24:26][WildStr][sihost.exe]

[Throw dll injection][27/06/2025 17:24:26][WildStr][svchost.exe]

[Throw dll injection][27/06/2025 17:24:26][WildStr][svchost.exe]

[Throw dll injection][27/06/2025 17:24:26][WildStr][taskhostw.exe]

[Throw dll injection][27/06/2025 17:24:26][WildStr][svchost.exe]

[Throw dll injection][27/06/2025 17:24:26][WildStr][MicrosoftEdgeUpdate.exe]

[Throw dll injection][27/06/2025 17:24:26][WildStr][taskhostw.exe]

[Throw dll injection][27/06/2025 17:24:26][WildStr][svchost.exe]

[Throw dll injection][27/06/2025 17:24:26][WildStr][MicrosoftEdgeUpdate.exe]

[Throw dll injection][27/06/2025 17:24:26][WildStr][ctfmon.exe]

[Throw dll injection][27/06/2025 17:24:26][WildStr][svchost.exe]

[Throw dll injection][27/06/2025 17:24:26][WildStr][ctfmon.exe]

[Throw dll injection][27/06/2025 17:24:26][WildStr][svchost.exe]

[Throw dll injection][27/06/2025 17:24:26][WildStr][svchost.exe]

[Throw dll injection][27/06/2025 17:24:26][WildStr][svchost.exe]

[Throw dll injection][27/06/2025 17:24:26][WildStr][explorer.exe]

[Throw dll injection][27/06/2025 17:24:26][WildStr][svchost.exe]

[Throw dll injection][27/06/2025 17:24:26][WildStr][svchost.exe]

[Throw dll injection][27/06/2025 17:24:26][WildStr][StartMenuExperienceHost.exe]

[Throw dll injection][27/06/2025 17:24:26][WildStr][StartMenuExperienceHost.exe]

[Throw dll injection][27/06/2025 17:24:26][WildStr][SearchApp.exe]

[Throw dll injection][27/06/2025 17:24:26][WildStr][RuntimeBroker.exe]

[Throw dll injection][27/06/2025 17:24:26][WildStr][svchost.exe]

[Throw dll injection][27/06/2025 17:24:26][WildStr][SearchApp.exe]

[Throw dll injection][27/06/2025 17:24:26][WildStr][svchost.exe]

[Throw dll injection][27/06/2025 17:24:26][WildStr][RuntimeBroker.exe]

[Throw dll injection][27/06/2025 17:24:26][WildStr][RuntimeBroker.exe]

[Throw dll injection][27/06/2025 17:24:26][WildStr][RuntimeBroker.exe]

[Throw dll injection][27/06/2025 17:24:26][WildStr][RuntimeBroker.exe]

[Throw dll injection][27/06/2025 17:24:26][WildStr][svchost.exe]

[Throw dll injection][27/06/2025 17:24:26][WildStr][svchost.exe]

[Throw dll injection][27/06/2025 17:24:26][WildStr][SecurityHealthSystray.exe]

[Throw dll injection][27/06/2025 17:24:26][WildStr][SecurityHealthSystray.exe]

[Throw dll injection][27/06/2025 17:24:26][WildStr][SecurityHealthService.exe]

[Throw dll injection][27/06/2025 17:24:26][WildStr][VBoxTray.exe]

[Throw dll injection][27/06/2025 17:24:26][WildStr][VBoxTray.exe]

[Throw dll injection][27/06/2025 17:24:26][WildStr][OneDrive.exe]

[Throw dll injection][27/06/2025 17:24:26][WildStr][svchost.exe]

[Throw dll injection][27/06/2025 17:24:26][WildStr][svchost.exe]

[Throw dll injection][27/06/2025 17:24:26][WildStr][svchost.exe]

[Throw dll injection][27/06/2025 17:24:26][WildStr][svchost.exe]

[Throw dll injection][27/06/2025 17:24:26][WildStr][svchost.exe]

[Throw dll injection][27/06/2025 17:24:26][WildStr][svchost.exe]

[Throw dll injection][27/06/2025 17:24:26][WildStr][svchost.exe]

[Throw dll injection][27/06/2025 17:24:26][WildStr][svchost.exe]

[Throw dll injection][27/06/2025 17:24:26][WildStr][svchost.exe]

[Throw dll injection][27/06/2025 17:24:26][WildStr][svchost.exe]

[Throw dll injection][27/06/2025 17:24:26][WildStr][svchost.exe]

[Throw dll injection][27/06/2025 17:24:26][WildStr][svchost.exe]

[Throw dll injection][27/06/2025 17:24:26][WildStr][TextInputHost.exe]

[Throw dll injection][27/06/2025 17:24:26][WildStr][TextInputHost.exe]

[Throw dll injection][27/06/2025 17:24:26][WildStr][ApplicationFrameHost.exe]

[Throw dll injection][27/06/2025 17:24:26][WildStr][ApplicationFrameHost.exe]

[Throw dll injection][27/06/2025 17:24:26][WildStr][SystemSettings.exe]

[Throw dll injection][27/06/2025 17:24:26][WildStr][SystemSettings.exe]

[Throw dll injection][27/06/2025 17:24:26][WildStr][UserOOBEBroker.exe]

[Throw dll injection][27/06/2025 17:24:26][WildStr][UserOOBEBroker.exe]

[Throw dll injection][27/06/2025 17:24:26][WildStr][SearchApp.exe]

[Throw dll injection][27/06/2025 17:24:26][WildStr][SearchApp.exe]

[Throw dll injection][27/06/2025 17:24:26][WildStr][msedgewebview2.exe]

[Throw dll injection][27/06/2025 17:24:26][WildStr][msedgewebview2.exe]

[Throw dll injection][27/06/2025 17:24:26][WildStr][msedgewebview2.exe]

[Throw dll injection][27/06/2025 17:24:26][WildStr][msedgewebview2.exe]

[Throw dll injection][27/06/2025 17:24:26][WildStr][msedgewebview2.exe]

[Throw dll injection][27/06/2025 17:24:26][WildStr][msedgewebview2.exe]

[Throw dll injection][27/06/2025 17:24:26][WildStr][msedgewebview2.exe]

[Throw dll injection][27/06/2025 17:24:26][WildStr][msedgewebview2.exe]

[Throw dll injection][27/06/2025 17:24:26][WildStr][msedgewebview2.exe]

[Throw dll injection][27/06/2025 17:24:26][WildStr][msedgewebview2.exe]

[Throw dll injection][27/06/2025 17:24:26][WildStr][msedgewebview2.exe]

[Throw dll injection][27/06/2025 17:24:26][WildStr][FileCoAuth.exe]

[Throw dll injection][27/06/2025 17:24:26][WildStr][FileCoAuth.exe]

[Throw dll injection][27/06/2025 17:24:26][WildStr][svchost.exe]

[Throw dll injection][27/06/2025 17:24:26][WildStr][svchost.exe]

[Throw dll injection][27/06/2025 17:24:26][WildStr][msedge.exe]

[Throw dll injection][27/06/2025 17:24:26][WildStr][msedge.exe]

[Throw dll injection][27/06/2025 17:24:26][WildStr][msedge.exe]

[Throw dll injection][27/06/2025 17:24:26][WildStr][msedge.exe]

[Throw dll injection][27/06/2025 17:24:26][WildStr][msedge.exe]

[Throw dll injection][27/06/2025 17:24:26][WildStr][msedge.exe]

[Throw dll injection][27/06/2025 17:24:26][WildStr][msedge.exe]

[Throw dll injection][27/06/2025 17:24:26][WildStr][msedge.exe]

[Throw dll injection][27/06/2025 17:24:26][WildStr][msedge.exe]

[Throw dll injection][27/06/2025 17:24:26][WildStr][msedge.exe]

[Throw dll injection][27/06/2025 17:24:26][WildStr][svchost.exe]

[Throw dll injection][27/06/2025 17:24:26][WildStr][svchost.exe]

[Throw dll injection][27/06/2025 17:24:26][WildStr][svchost.exe]

[Throw dll injection][27/06/2025 17:24:26][WildStr][svchost.exe]

[Throw dll injection][27/06/2025 17:24:26][WildStr][svchost.exe]

[Throw dll injection][27/06/2025 17:24:26][WildStr][svchost.exe]

[Throw dll injection][27/06/2025 17:24:26][WildStr][dllhost.exe]

[Throw dll injection][27/06/2025 17:24:26][WildStr][dllhost.exe]

[Throw dll injection][27/06/2025 17:24:26][WildStr][ShellExperienceHost.exe]

[Throw dll injection][27/06/2025 17:24:26][WildStr][ShellExperienceHost.exe]

[Throw dll injection][27/06/2025 17:24:26][WildStr][RuntimeBroker.exe]

[Throw dll injection][27/06/2025 17:24:26][WildStr][RuntimeBroker.exe]

[Throw dll injection][27/06/2025 17:24:26][WildStr][powershell.exe]

[Throw dll injection][27/06/2025 17:24:26][WildStr][powershell.exe]

[Throw dll injection][27/06/2025 17:24:26][WildStr][conhost.exe]

[Throw dll injection][27/06/2025 17:24:26][WildStr][conhost.exe]

[Throw dll injection][27/06/2025 17:24:26][WildStr][cmd.exe]

[Throw dll injection][27/06/2025 17:24:26][WildStr][cmd.exe]

[Throw dll injection][27/06/2025 17:24:26][WildStr][conhost.exe]

[Throw dll injection][27/06/2025 17:24:26][WildStr][conhost.exe]

[Throw dll injection][27/06/2025 17:24:26][WildStr][powershell.exe]

[Throw dll injection][27/06/2025 17:24:26][WildStr][powershell.exe]

[Throw dll injection][27/06/2025 17:24:26][WildStr][Code.exe]

[Throw dll injection][27/06/2025 17:24:26][WildStr][Code.exe]

[Throw dll injection][27/06/2025 17:24:26][WildStr][Code.exe]

[Throw dll injection][27/06/2025 17:24:26][WildStr][Code.exe]

[Throw dll injection][27/06/2025 17:24:26][WildStr][Code.exe]

[Throw dll injection][27/06/2025 17:24:26][WildStr][Code.exe]

[Throw dll injection][27/06/2025 17:24:26][WildStr][Code.exe]

[Throw dll injection][27/06/2025 17:24:26][WildStr][Code.exe]

[Throw dll injection][27/06/2025 17:24:26][WildStr][Code.exe]

[Throw dll injection][27/06/2025 17:24:26][WildStr][Code.exe]

[Throw dll injection][27/06/2025 17:24:26][WildStr][Code.exe]

[Throw dll injection][27/06/2025 17:24:26][WildStr][Code.exe]

[Throw dll injection][27/06/2025 17:24:26][WildStr][Code.exe]

[Throw dll injection][27/06/2025 17:24:26][WildStr][Code.exe]

[Throw dll injection][27/06/2025 17:24:26][WildStr][Code.exe]

[Throw dll injection][27/06/2025 17:24:26][WildStr][cpptools.exe]

[Throw dll injection][27/06/2025 17:24:26][WildStr][cpptools.exe]

[Throw dll injection][27/06/2025 17:24:26][WildStr][conhost.exe]

[Throw dll injection][27/06/2025 17:24:26][WildStr][conhost.exe]

[Throw dll injection][27/06/2025 17:24:26][WildStr][Code.exe]

[Throw dll injection][27/06/2025 17:24:26][WildStr][Code.exe]

[Throw dll injection][27/06/2025 17:24:26][WildStr][cpptools.exe]

[Throw dll injection][27/06/2025 17:24:26][WildStr][cpptools.exe]

[Throw dll injection][27/06/2025 17:24:26][WildStr][cpptools-srv.exe]

[Throw dll injection][27/06/2025 17:24:26][WildStr][cpptools-srv.exe]

[Throw dll injection][27/06/2025 17:24:26][WildStr][conhost.exe]

[Throw dll injection][27/06/2025 17:24:26][WildStr][conhost.exe]

[Throw dll injection][27/06/2025 17:24:26][WildStr][svchost.exe]

[Throw dll injection][27/06/2025 17:24:26][WildStr][svchost.exe]

[Throw dll injection][27/06/2025 17:24:26][WildStr][svchost.exe]

[Throw dll injection][27/06/2025 17:24:26][WildStr][Code.exe]

[Throw dll injection][27/06/2025 17:24:26][WildStr][Code.exe]

[Throw dll injection][27/06/2025 17:24:26][WildStr][conhost.exe]

[Throw dll injection][27/06/2025 17:24:26][WildStr][conhost.exe]

[Throw dll injection][27/06/2025 17:24:26][WildStr][powershell.exe]

[Throw dll injection][27/06/2025 17:24:26][WildStr][powershell.exe]

[Throw dll injection][27/06/2025 17:24:26][WildStr][vctip.exe]

[Throw dll injection][27/06/2025 17:24:26][WildStr][vctip.exe]

[Throw dll injection][27/06/2025 17:24:26][WildStr][cpptools-srv.exe]

[Throw dll injection][27/06/2025 17:24:26][WildStr][conhost.exe]
xe]

[Throw dll injection][27/06/2025 17:24:26][WildStr][conhost.exe]

[Throw dll injection][27/06/2025 17:24:26][WildStr][svchost.exe]

[Throw dll injection][27/06/2025 17:24:26][WildStr][svchost.exe]

[Throw dll injection][27/06/2025 17:24:26][WildStr][smartscreen.exe]

[Throw dll injection][27/06/2025 17:24:26][WildStr][smartscreen.exe]

[Throw dll injection][27/06/2025 17:24:26][WildStr][Taskmgr.exe]

[Throw dll injection][27/06/2025 17:24:26][WildStr][Taskmgr.exe]

[Throw dll injection][27/06/2025 17:24:26][WildStr][conhost.exe]

[Throw dll injection][27/06/2025 17:24:26][WildStr][conhost.exe]

[Throw dll injection][27/06/2025 17:24:26][WildStr][powershell.exe]

[Throw dll injection][27/06/2025 17:24:26][WildStr][powershell.exe]

[Throw dll injection][27/06/2025 17:24:26][WildStr][test.exe]

[Throw dll injection][27/06/2025 17:24:26][WildStr][test.exe]

[Throw dll injection][27/06/2025 17:24:27][WildStr][System]

[Throw dll injection][27/06/2025 17:24:27][WildStr][Registry]

[Throw dll injection][27/06/2025 17:24:27][WildStr][Registry]

[Throw dll injection][27/06/2025 17:24:27][WildStr][smss.exe]

[Throw dll injection][27/06/2025 17:24:27][WildStr][smss.exe]

[Throw dll injection][27/06/2025 17:24:27][WildStr][csrss.exe]

[Throw dll injection][27/06/2025 17:24:27][WildStr][csrss.exe]

[Throw dll injection][27/06/2025 17:24:27][WildStr][wininit.exe]

[Throw dll injection][27/06/2025 17:24:27][WildStr][wininit.exe]

[Throw dll injection][27/06/2025 17:24:27][WildStr][csrss.exe]

[Throw dll injection][27/06/2025 17:24:27][WildStr][winlogon.exe]

[Throw dll injection][27/06/2025 17:24:27][WildStr][winlogon.exe]

[Throw dll injection][27/06/2025 17:24:27][WildStr][services.exe]

[Throw dll injection][27/06/2025 17:24:27][WildStr][services.exe]

[Throw dll injection][27/06/2025 17:24:27][WildStr][lsass.exe]

[Throw dll injection][27/06/2025 17:24:27][WildStr][svchost.exe]

[Throw dll injection][27/06/2025 17:24:27][WildStr][fontdrvhost.exe]

[Throw dll injection][27/06/2025 17:24:27][WildStr][fontdrvhost.exe]

[Throw dll injection][27/06/2025 17:24:27][WildStr][fontdrvhost.exe]

[Throw dll injection][27/06/2025 17:24:27][WildStr][svchost.exe]

[Throw dll injection][27/06/2025 17:24:27][WildStr][svchost.exe]

[Throw dll injection][27/06/2025 17:24:27][WildStr][svchost.exe]

[Throw dll injection][27/06/2025 17:24:27][WildStr][dwm.exe]

[Throw dll injection][27/06/2025 17:24:27][WildStr][svchost.exe]

[Throw dll injection][27/06/2025 17:24:27][WildStr][dwm.exe]

[Throw dll injection][27/06/2025 17:24:27][WildStr][svchost.exe]

[Throw dll injection][27/06/2025 17:24:27][WildStr][svchost.exe]

[Throw dll injection][27/06/2025 17:24:27][WildStr][svchost.exe]

[Throw dll injection][27/06/2025 17:24:27][WildStr][svchost.exe]

[Throw dll injection][27/06/2025 17:24:27][WildStr][svchost.exe]

[Throw dll injection][27/06/2025 17:24:27][WildStr][svchost.exe]

[Throw dll injection][27/06/2025 17:24:27][WildStr][svchost.exe]

[Throw dll injection][27/06/2025 17:24:27][WildStr][svchost.exe]

[Throw dll injection][27/06/2025 17:24:27][WildStr][svchost.exe]

[Throw dll injection][27/06/2025 17:24:27][WildStr][svchost.exe]

[Throw dll injection][27/06/2025 17:24:27][WildStr][svchost.exe]

[Throw dll injection][27/06/2025 17:24:27][WildStr][svchost.exe]

[Throw dll injection][27/06/2025 17:24:27][WildStr][svchost.exe]

[Throw dll injection][27/06/2025 17:24:27][WildStr][svchost.exe]

[Throw dll injection][27/06/2025 17:24:27][WildStr][svchost.exe]

[Throw dll injection][27/06/2025 17:24:27][WildStr][svchost.exe]

[Throw dll injection][27/06/2025 17:24:27][WildStr][svchost.exe]

[Throw dll injection][27/06/2025 17:24:27][WildStr][svchost.exe]

[Throw dll injection][27/06/2025 17:24:27][WildStr][svchost.exe]

[Throw dll injection][27/06/2025 17:24:27][WildStr][svchost.exe]

[Throw dll injection][27/06/2025 17:24:27][WildStr][svchost.exe]

[Throw dll injection][27/06/2025 17:24:27][WildStr][svchost.exe]

[Throw dll injection][27/06/2025 17:24:27][WildStr][svchost.exe]

[Throw dll injection][27/06/2025 17:24:27][WildStr][svchost.exe]

[Throw dll injection][27/06/2025 17:24:27][WildStr][svchost.exe]

[Throw dll injection][27/06/2025 17:24:27][WildStr][VBoxService.exe]

[Throw dll injection][27/06/2025 17:24:27][WildStr][VBoxService.exe]

[Throw dll injection][27/06/2025 17:24:27][WildStr][svchost.exe]

[Throw dll injection][27/06/2025 17:24:27][WildStr][svchost.exe]

[Throw dll injection][27/06/2025 17:24:27][WildStr][svchost.exe]

[Throw dll injection][27/06/2025 17:24:27][WildStr][svchost.exe]

[Throw dll injection][27/06/2025 17:24:27][WildStr][svchost.exe]

[Throw dll injection][27/06/2025 17:24:27][WildStr][svchost.exe]

[Throw dll injection][27/06/2025 17:24:27][WildStr][svchost.exe]

[Throw dll injection][27/06/2025 17:24:27][WildStr][svchost.exe]

[Throw dll injection][27/06/2025 17:24:27][WildStr][svchost.exe]

[Throw dll injection][27/06/2025 17:24:27][WildStr][svchost.exe]

[Throw dll injection][27/06/2025 17:24:27][WildStr][svchost.exe]

[Throw dll injection][27/06/2025 17:24:27][WildStr][svchost.exe]

[Throw dll injection][27/06/2025 17:24:27][WildStr][Memory Compression]

[Throw dll injection][27/06/2025 17:24:27][WildStr][Memory Compression]

[Throw dll injection][27/06/2025 17:24:27][WildStr][svchost.exe]

[Throw dll injection][27/06/2025 17:24:27][WildStr][svchost.exe]

[Throw dll injection][27/06/2025 17:24:27][WildStr][svchost.exe]

[Throw dll injection][27/06/2025 17:24:27][WildStr][svchost.exe]

[Throw dll injection][27/06/2025 17:24:27][WildStr][svchost.exe]

[Throw dll injection][27/06/2025 17:24:27][WildStr][svchost.exe]

[Throw dll injection][27/06/2025 17:24:27][WildStr][svchost.exe]

[Throw dll injection][27/06/2025 17:24:27][WildStr][svchost.exe]

[Throw dll injection][27/06/2025 17:24:27][WildStr][svchost.exe]

[Throw dll injection][27/06/2025 17:24:27][WildStr][svchost.exe]

[Throw dll injection][27/06/2025 17:24:27][WildStr][svchost.exe]

[Throw dll injection][27/06/2025 17:24:27][WildStr][svchost.exe]

[Throw dll injection][27/06/2025 17:24:27][WildStr][svchost.exe]

[Throw dll injection][27/06/2025 17:24:27][WildStr][svchost.exe]

[Throw dll injection][27/06/2025 17:24:27][WildStr][svchost.exe]

[Throw dll injection][27/06/2025 17:24:27][WildStr][spoolsv.exe]

[Throw dll injection][27/06/2025 17:24:27][WildStr][svchost.exe]

[Throw dll injection][27/06/2025 17:24:27][WildStr][svchost.exe]

[Throw dll injection][27/06/2025 17:24:27][WildStr][spoolsv.exe]

[Throw dll injection][27/06/2025 17:24:27][WildStr][svchost.exe]

[Throw dll injection][27/06/2025 17:24:27][WildStr][svchost.exe]

[Throw dll injection][27/06/2025 17:24:27][WildStr][svchost.exe]

[Throw dll injection][27/06/2025 17:24:27][WildStr][svchost.exe]

[Throw dll injection][27/06/2025 17:24:27][WildStr][svchost.exe]

[Throw dll injection][27/06/2025 17:24:27][WildStr][svchost.exe]

[Throw dll injection][27/06/2025 17:24:27][WildStr][ssh-agent.exe]

[Throw dll injection][27/06/2025 17:24:27][WildStr][svchost.exe]

[Throw dll injection][27/06/2025 17:24:27][WildStr][sshd.exe]

[Throw dll injection][27/06/2025 17:24:27][WildStr][ssh-agent.exe]

[Throw dll injection][27/06/2025 17:24:27][WildStr][svchost.exe]

[Throw dll injection][27/06/2025 17:24:27][WildStr][svchost.exe]

[Throw dll injection][27/06/2025 17:24:27][WildStr][svchost.exe]

[Throw dll injection][27/06/2025 17:24:27][WildStr][svchost.exe]

[Throw dll injection][27/06/2025 17:24:27][WildStr][svchost.exe]

[Throw dll injection][27/06/2025 17:24:27][WildStr][svchost.exe]

[Throw dll injection][27/06/2025 17:24:27][WildStr][svchost.exe]

[Throw dll injection][27/06/2025 17:24:27][WildStr][svchost.exe]

[Throw dll injection][27/06/2025 17:24:27][WildStr][svchost.exe]

[Throw dll injection][27/06/2025 17:24:27][WildStr][svchost.exe]

[Throw dll injection][27/06/2025 17:24:27][WildStr][svchost.exe]

[Throw dll injection][27/06/2025 17:24:27][WildStr][svchost.exe]

[Throw dll injection][27/06/2025 17:24:27][WildStr][svchost.exe]

[Throw dll injection][27/06/2025 17:24:27][WildStr][svchost.exe]

[Throw dll injection][27/06/2025 17:24:27][WildStr][svchost.exe]

[Throw dll injection][27/06/2025 17:24:27][WildStr][svchost.exe]

[Throw dll injection][27/06/2025 17:24:27][WildStr][svchost.exe]

[Throw dll injection][27/06/2025 17:24:27][WildStr][MpDefenderCoreService.exe]

[Throw dll injection][27/06/2025 17:24:27][WildStr][MpDefenderCoreService.exe]

[Throw dll injection][27/06/2025 17:24:27][WildStr][MsMpEng.exe]

[Throw dll injection][27/06/2025 17:24:27][WildStr][MsMpEng.exe]

[Throw dll injection][27/06/2025 17:24:27][WildStr][SearchIndexer.exe]

[Throw dll injection][27/06/2025 17:24:27][WildStr][SearchIndexer.exe]

[Throw dll injection][27/06/2025 17:24:27][WildStr][AggregatorHost.exe]

[Throw dll injection][27/06/2025 17:24:27][WildStr][AggregatorHost.exe]

[Throw dll injection][27/06/2025 17:24:27][WildStr][dllhost.exe]

[Throw dll injection][27/06/2025 17:24:27][WildStr][svchost.exe]

[Throw dll injection][27/06/2025 17:24:27][WildStr][NisSrv.exe]

[Throw dll injection][27/06/2025 17:24:27][WildStr][sihost.exe]

[Throw dll injection][27/06/2025 17:24:27][WildStr][sihost.exe]

[Throw dll injection][27/06/2025 17:24:27][WildStr][svchost.exe]

[Throw dll injection][27/06/2025 17:24:27][WildStr][svchost.exe]

[Throw dll injection][27/06/2025 17:24:27][WildStr][svchost.exe]

[Throw dll injection][27/06/2025 17:24:27][WildStr][svchost.exe]

[Throw dll injection][27/06/2025 17:24:27][WildStr][taskhostw.exe]

[Throw dll injection][27/06/2025 17:24:27][WildStr][MicrosoftEdgeUpdate.exe]

[Throw dll injection][27/06/2025 17:24:27][WildStr][MicrosoftEdgeUpdate.exe]

[Throw dll injection][27/06/2025 17:24:27][WildStr][svchost.exe]

[Throw dll injection][27/06/2025 17:24:27][WildStr][svchost.exe]

[Throw dll injection][27/06/2025 17:24:27][WildStr][ctfmon.exe]

[Throw dll injection][27/06/2025 17:24:27][WildStr][ctfmon.exe]

[Throw dll injection][27/06/2025 17:24:27][WildStr][svchost.exe]

[Throw dll injection][27/06/2025 17:24:27][WildStr][svchost.exe]

[Throw dll injection][27/06/2025 17:24:27][WildStr][svchost.exe]

[Throw dll injection][27/06/2025 17:24:27][WildStr][svchost.exe]

[Throw dll injection][27/06/2025 17:24:27][WildStr][explorer.exe]

[Throw dll injection][27/06/2025 17:24:27][WildStr][explorer.exe]

[Throw dll injection][27/06/2025 17:24:27][WildStr][svchost.exe]

[Throw dll injection][27/06/2025 17:24:27][WildStr][StartMenuExperienceHost.exe]

[Throw dll injection][27/06/2025 17:24:27][WildStr][StartMenuExperienceHost.exe]

[Throw dll injection][27/06/2025 17:24:27][WildStr][RuntimeBroker.exe]

[Throw dll injection][27/06/2025 17:24:27][WildStr][RuntimeBroker.exe]

[Throw dll injection][27/06/2025 17:24:27][WildStr][SearchApp.exe]

[Throw dll injection][27/06/2025 17:24:27][WildStr][SearchApp.exe]

[Throw dll injection][27/06/2025 17:24:27][WildStr][svchost.exe]

[Throw dll injection][27/06/2025 17:24:27][WildStr][svchost.exe]

[Throw dll injection][27/06/2025 17:24:27][WildStr][RuntimeBroker.exe]

[Throw dll injection][27/06/2025 17:24:27][WildStr][RuntimeBroker.exe]

[Throw dll injection][27/06/2025 17:24:27][WildStr][RuntimeBroker.exe]

[Throw dll injection][27/06/2025 17:24:27][WildStr][RuntimeBroker.exe]

[Throw dll injection][27/06/2025 17:24:27][WildStr][svchost.exe]

[Throw dll injection][27/06/2025 17:24:27][WildStr][svchost.exe]

[Throw dll injection][27/06/2025 17:24:27][WildStr][SecurityHealthSystray.exe]

[Throw dll injection][27/06/2025 17:24:27][WildStr][SecurityHealthSystray.exe]

[Throw dll injection][27/06/2025 17:24:27][WildStr][SecurityHealthService.exe]

[Throw dll injection][27/06/2025 17:24:27][WildStr][SecurityHealthService.exe]

[Throw dll injection][27/06/2025 17:24:27][WildStr][VBoxTray.exe]

[Throw dll injection][27/06/2025 17:24:27][WildStr][VBoxTray.exe]

[Throw dll injection][27/06/2025 17:24:27][WildStr][OneDrive.exe]

[Throw dll injection][27/06/2025 17:24:27][WildStr][OneDrive.exe]

[Throw dll injection][27/06/2025 17:24:27][WildStr][svchost.exe]

[Throw dll injection][27/06/2025 17:24:27][WildStr][svchost.exe]

[Throw dll injection][27/06/2025 17:24:27][WildStr][svchost.exe]

[Throw dll injection][27/06/2025 17:24:27][WildStr][svchost.exe]

[Throw dll injection][27/06/2025 17:24:27][WildStr][svchost.exe]

[Throw dll injection][27/06/2025 17:24:27][WildStr][svchost.exe]

[Throw dll injection][27/06/2025 17:24:27][WildStr][svchost.exe]

[Throw dll injection][27/06/2025 17:24:27][WildStr][svchost.exe]

[Throw dll injection][27/06/2025 17:24:27][WildStr][svchost.exe]

[Throw dll injection][27/06/2025 17:24:27][WildStr][svchost.exe]

[Throw dll injection][27/06/2025 17:24:27][WildStr][svchost.exe]

[Throw dll injection][27/06/2025 17:24:27][WildStr][svchost.exe]

[Throw dll injection][27/06/2025 17:24:27][WildStr][TextInputHost.exe]

[Throw dll injection][27/06/2025 17:24:27][WildStr][TextInputHost.exe]

[Throw dll injection][27/06/2025 17:24:27][WildStr][ApplicationFrameHost.exe]

[Throw dll injection][27/06/2025 17:24:27][WildStr][ApplicationFrameHost.exe]

[Throw dll injection][27/06/2025 17:24:27][WildStr][SystemSettings.exe]

[Throw dll injection][27/06/2025 17:24:27][WildStr][SystemSettings.exe]

[Throw dll injection][27/06/2025 17:24:27][WildStr][UserOOBEBroker.exe]

[Throw dll injection][27/06/2025 17:24:27][WildStr][UserOOBEBroker.exe]

[Throw dll injection][27/06/2025 17:24:27][WildStr][SearchApp.exe]

[Throw dll injection][27/06/2025 17:24:27][WildStr][SearchApp.exe]

[Throw dll injection][27/06/2025 17:24:27][WildStr][msedgewebview2.exe]

[Throw dll injection][27/06/2025 17:24:27][WildStr][msedgewebview2.exe]

[Throw dll injection][27/06/2025 17:24:27][WildStr][msedgewebview2.exe]

[Throw dll injection][27/06/2025 17:24:27][WildStr][msedgewebview2.exe]

[Throw dll injection][27/06/2025 17:24:27][WildStr][msedgewebview2.exe]

[Throw dll injection][27/06/2025 17:24:27][WildStr][msedgewebview2.exe]

[Throw dll injection][27/06/2025 17:24:27][WildStr][msedgewebview2.exe]

[Throw dll injection][27/06/2025 17:24:27][WildStr][msedgewebview2.exe]

[Throw dll injection][27/06/2025 17:24:27][WildStr][msedgewebview2.exe]

[Throw dll injection][27/06/2025 17:24:27][WildStr][msedgewebview2.exe]

[Throw dll injection][27/06/2025 17:24:27][WildStr][msedgewebview2.exe]

[Throw dll injection][27/06/2025 17:24:27][WildStr][msedgewebview2.exe]

[Throw dll injection][27/06/2025 17:24:27][WildStr][FileCoAuth.exe]

[Throw dll injection][27/06/2025 17:24:27][WildStr][FileCoAuth.exe]

[Throw dll injection][27/06/2025 17:24:27][WildStr][svchost.exe]

[Throw dll injection][27/06/2025 17:24:27][WildStr][svchost.exe]

[Throw dll injection][27/06/2025 17:24:27][WildStr][msedge.exe]

[Throw dll injection][27/06/2025 17:24:27][WildStr][msedge.exe]

[Throw dll injection][27/06/2025 17:24:27][WildStr][msedge.exe]

[Throw dll injection][27/06/2025 17:24:27][WildStr][msedge.exe]

[Throw dll injection][27/06/2025 17:24:27][WildStr][msedge.exe]

[Throw dll injection][27/06/2025 17:24:27][WildStr][msedge.exe]

[Throw dll injection][27/06/2025 17:24:27][WildStr][msedge.exe]

[Throw dll injection][27/06/2025 17:24:27][WildStr][msedge.exe]

[Throw dll injection][27/06/2025 17:24:27][WildStr][msedge.exe]

[Throw dll injection][27/06/2025 17:24:27][WildStr][svchost.exe]

[Throw dll injection][27/06/2025 17:24:27][WildStr][svchost.exe]

[Throw dll injection][27/06/2025 17:24:27][WildStr][svchost.exe]

[Throw dll injection][27/06/2025 17:24:27][WildStr][svchost.exe]

[Throw dll injection][27/06/2025 17:24:27][WildStr][svchost.exe]

[Throw dll injection][27/06/2025 17:24:27][WildStr][svchost.exe]

[Throw dll injection][27/06/2025 17:24:27][WildStr][dllhost.exe]

[Throw dll injection][27/06/2025 17:24:27][WildStr][dllhost.exe]

[Throw dll injection][27/06/2025 17:24:27][WildStr][ShellExperienceHost.exe]

[Throw dll injection][27/06/2025 17:24:27][WildStr][ShellExperienceHost.exe]

[Throw dll injection][27/06/2025 17:24:27][WildStr][RuntimeBroker.exe]

[Throw dll injection][27/06/2025 17:24:27][WildStr][RuntimeBroker.exe]

[Throw dll injection][27/06/2025 17:24:27][WildStr][powershell.exe]

[Throw dll injection][27/06/2025 17:24:27][WildStr][powershell.exe]

[Throw dll injection][27/06/2025 17:24:27][WildStr][conhost.exe]

[Throw dll injection][27/06/2025 17:24:27][WildStr][cmd.exe]
e]

[Throw dll injection][27/06/2025 17:24:27][WildStr][cmd.exe]

[Throw dll injection][27/06/2025 17:24:27][WildStr][conhost.exe]

[Throw dll injection][27/06/2025 17:24:27][WildStr][conhost.exe]
]

[Throw dll injection][27/06/2025 17:24:27][WildStr][Code.exe]

[Throw dll injection][27/06/2025 17:24:27][WildStr][powershell.exe]

[Throw dll injection][27/06/2025 17:24:27][WildStr][Code.exe]

[Throw dll injection][27/06/2025 17:24:27][WildStr][Code.exe]

[Throw dll injection][27/06/2025 17:24:27][WildStr][Code.exe]

[Throw dll injection][27/06/2025 17:24:27][WildStr][Code.exe]

[Throw dll injection][27/06/2025 17:24:27][WildStr][Code.exe]

[Throw dll injection][27/06/2025 17:24:27][WildStr][Code.exe]

[Throw dll injection][27/06/2025 17:24:27][WildStr][Code.exe]

[Throw dll injection][27/06/2025 17:24:27][WildStr][Code.exe]

[Throw dll injection][27/06/2025 17:24:27][WildStr][Code.exe]

[Throw dll injection][27/06/2025 17:24:27][WildStr][Code.exe]

[Throw dll injection][27/06/2025 17:24:27][WildStr][Code.exe]

[Throw dll injection][27/06/2025 17:24:27][WildStr][Code.exe]

[Throw dll injection][27/06/2025 17:24:27][WildStr][Code.exe]

[Throw dll injection][27/06/2025 17:24:27][WildStr][Code.exe]

[Throw dll injection][27/06/2025 17:24:27][WildStr][cpptools.exe]

[Throw dll injection][27/06/2025 17:24:27][WildStr][Code.exe]

[Throw dll injection][27/06/2025 17:24:27][WildStr][conhost.exe]

[Throw dll injection][27/06/2025 17:24:27][WildStr][cpptools.exe]

[Throw dll injection][27/06/2025 17:24:27][WildStr][cpptools.exe]

[Throw dll injection][27/06/2025 17:24:27][WildStr][conhost.exe]

[Throw dll injection][27/06/2025 17:24:27][WildStr][cpptools-srv.exe]

[Throw dll injection][27/06/2025 17:24:27][WildStr][Code.exe]

[Throw dll injection][27/06/2025 17:24:27][WildStr][conhost.exe]

[Throw dll injection][27/06/2025 17:24:27][WildStr][cpptools.exe]

[Throw dll injection][27/06/2025 17:24:27][WildStr][svchost.exe]

[Throw dll injection][27/06/2025 17:24:27][WildStr][cpptools-srv.exe]

[Throw dll injection][27/06/2025 17:24:27][WildStr][svchost.exe]

[Throw dll injection][27/06/2025 17:24:27][WildStr][conhost.exe]

[Throw dll injection][27/06/2025 17:24:27][WildStr][Code.exe]

[Throw dll injection][27/06/2025 17:24:27][WildStr][svchost.exe]

[Throw dll injection][27/06/2025 17:24:27][WildStr][conhost.exe]

[Throw dll injection][27/06/2025 17:24:27][WildStr][svchost.exe]

[Throw dll injection][27/06/2025 17:24:27][WildStr][powershell.exe]

[Throw dll injection][27/06/2025 17:24:27][WildStr][Code.exe]

[Throw dll injection][27/06/2025 17:24:27][WildStr][vctip.exe]

[Throw dll injection][27/06/2025 17:24:27][WildStr][conhost.exe]

[Throw dll injection][27/06/2025 17:24:27][WildStr][cpptools-srv.exe]

[Throw dll injection][27/06/2025 17:24:27][WildStr][powershell.exe]

[Throw dll injection][27/06/2025 17:24:27][WildStr][conhost.exe]

[Throw dll injection][27/06/2025 17:24:27][WildStr][vctip.exe]

[Throw dll injection][27/06/2025 17:24:27][WildStr][svchost.exe]

[Throw dll injection][27/06/2025 17:24:27][WildStr][cpptools-srv.exe]

[Throw dll injection][27/06/2025 17:24:27][WildStr][Taskmgr.exe]

[Throw dll injection][27/06/2025 17:24:27][WildStr][conhost.exe]

[Throw dll injection][27/06/2025 17:24:27][WildStr][conhost.exe]

[Throw dll injection][27/06/2025 17:24:27][WildStr][svchost.exe]

[Throw dll injection][27/06/2025 17:24:27][WildStr][powershell.exe]

[Throw dll injection][27/06/2025 17:24:27][WildStr][smartscreen.exe]

[Throw dll injection][27/06/2025 17:24:27][WildStr][test.exe]

[Throw dll injection][27/06/2025 17:24:27][WildStr][Taskmgr.exe]

[Throw dll injection][27/06/2025 17:24:27][WildStr][conhost.exe]

[Throw dll injection][27/06/2025 17:24:27][WildStr][powershell.exe]

[Throw dll injection][27/06/2025 17:24:27][WildStr][test.exe]

[Throw dll injection][27/06/2025 17:24:28][WildStr][System]

[Throw dll injection][27/06/2025 17:24:28][WildStr][Registry]

[Throw dll injection][27/06/2025 17:24:28][WildStr][System]

[Throw dll injection][27/06/2025 17:24:28][WildStr][smss.exe]

[Throw dll injection][27/06/2025 17:24:28][WildStr][Registry]

[Throw dll injection][27/06/2025 17:24:28][WildStr][csrss.exe]

[Throw dll injection][27/06/2025 17:24:28][WildStr][smss.exe]

[Throw dll injection][27/06/2025 17:24:28][WildStr][csrss.exe]

[Throw dll injection][27/06/2025 17:24:28][WildStr][wininit.exe]

[Throw dll injection][27/06/2025 17:24:28][WildStr][csrss.exe]

[Throw dll injection][27/06/2025 17:24:28][WildStr][csrss.exe]

[Throw dll injection][27/06/2025 17:24:28][WildStr][winlogon.exe]

[Throw dll injection][27/06/2025 17:24:28][WildStr][winlogon.exe]

[Throw dll injection][27/06/2025 17:24:28][WildStr][services.exe]

[Throw dll injection][27/06/2025 17:24:28][WildStr][services.exe]

[Throw dll injection][27/06/2025 17:24:28][WildStr][lsass.exe]

[Throw dll injection][27/06/2025 17:24:28][WildStr][lsass.exe]

[Throw dll injection][27/06/2025 17:24:28][WildStr][svchost.exe]

[Throw dll injection][27/06/2025 17:24:28][WildStr][svchost.exe]

[Throw dll injection][27/06/2025 17:24:28][WildStr][fontdrvhost.exe]

[Throw dll injection][27/06/2025 17:24:28][WildStr][fontdrvhost.exe]

[Throw dll injection][27/06/2025 17:24:28][WildStr][fontdrvhost.exe]

[Throw dll injection][27/06/2025 17:24:28][WildStr][fontdrvhost.exe]

[Throw dll injection][27/06/2025 17:24:28][WildStr][svchost.exe]

[Throw dll injection][27/06/2025 17:24:28][WildStr][svchost.exe]

[Throw dll injection][27/06/2025 17:24:28][WildStr][svchost.exe]

[Throw dll injection][27/06/2025 17:24:28][WildStr][svchost.exe]

[Throw dll injection][27/06/2025 17:24:28][WildStr][dwm.exe]

[Throw dll injection][27/06/2025 17:24:28][WildStr][dwm.exe]

[Throw dll injection][27/06/2025 17:24:28][WildStr][svchost.exe]

[Throw dll injection][27/06/2025 17:24:28][WildStr][svchost.exe]

[Throw dll injection][27/06/2025 17:24:28][WildStr][svchost.exe]

[Throw dll injection][27/06/2025 17:24:28][WildStr][svchost.exe]

[Throw dll injection][27/06/2025 17:24:28][WildStr][svchost.exe]

[Throw dll injection][27/06/2025 17:24:28][WildStr][svchost.exe]

[Throw dll injection][27/06/2025 17:24:28][WildStr][svchost.exe]

[Throw dll injection][27/06/2025 17:24:28][WildStr][svchost.exe]

[Throw dll injection][27/06/2025 17:24:28][WildStr][svchost.exe]

[Throw dll injection][27/06/2025 17:24:28][WildStr][svchost.exe]

[Throw dll injection][27/06/2025 17:24:28][WildStr][svchost.exe]

[Throw dll injection][27/06/2025 17:24:28][WildStr][svchost.exe]

[Throw dll injection][27/06/2025 17:24:28][WildStr][svchost.exe]

[Throw dll injection][27/06/2025 17:24:28][WildStr][svchost.exe]

[Throw dll injection][27/06/2025 17:24:28][WildStr][svchost.exe]

[Throw dll injection][27/06/2025 17:24:28][WildStr][svchost.exe]

[Throw dll injection][27/06/2025 17:24:28][WildStr][svchost.exe]

[Throw dll injection][27/06/2025 17:24:28][WildStr][svchost.exe]

[Throw dll injection][27/06/2025 17:24:28][WildStr][svchost.exe]

[Throw dll injection][27/06/2025 17:24:28][WildStr][svchost.exe]

[Throw dll injection][27/06/2025 17:24:28][WildStr][svchost.exe]

[Throw dll injection][27/06/2025 17:24:28][WildStr][svchost.exe]

[Throw dll injection][27/06/2025 17:24:28][WildStr][svchost.exe]

[Throw dll injection][27/06/2025 17:24:28][WildStr][svchost.exe]

[Throw dll injection][27/06/2025 17:24:28][WildStr][svchost.exe]

[Throw dll injection][27/06/2025 17:24:28][WildStr][svchost.exe]

[Throw dll injection][27/06/2025 17:24:28][WildStr][VBoxService.exe]

[Throw dll injection][27/06/2025 17:24:28][WildStr][VBoxService.exe]

[Throw dll injection][27/06/2025 17:24:28][WildStr][svchost.exe]

[Throw dll injection][27/06/2025 17:24:28][WildStr][svchost.exe]

[Throw dll injection][27/06/2025 17:24:28][WildStr][svchost.exe]

[Throw dll injection][27/06/2025 17:24:28][WildStr][svchost.exe]

[Throw dll injection][27/06/2025 17:24:28][WildStr][svchost.exe]

[Throw dll injection][27/06/2025 17:24:28][WildStr][svchost.exe]

[Throw dll injection][27/06/2025 17:24:28][WildStr][svchost.exe]

[Throw dll injection][27/06/2025 17:24:28][WildStr][svchost.exe]

[Throw dll injection][27/06/2025 17:24:28][WildStr][svchost.exe]

[Throw dll injection][27/06/2025 17:24:28][WildStr][svchost.exe]

[Throw dll injection][27/06/2025 17:24:28][WildStr][svchost.exe]

[Throw dll injection][27/06/2025 17:24:28][WildStr][svchost.exe]

[Throw dll injection][27/06/2025 17:24:28][WildStr][Memory Compression]

[Throw dll injection][27/06/2025 17:24:28][WildStr][Memory Compression]

[Throw dll injection][27/06/2025 17:24:28][WildStr][svchost.exe]

[Throw dll injection][27/06/2025 17:24:28][WildStr][svchost.exe]

[Throw dll injection][27/06/2025 17:24:28][WildStr][svchost.exe]

[Throw dll injection][27/06/2025 17:24:28][WildStr][svchost.exe]

[Throw dll injection][27/06/2025 17:24:28][WildStr][svchost.exe]

[Throw dll injection][27/06/2025 17:24:28][WildStr][svchost.exe]

[Throw dll injection][27/06/2025 17:24:28][WildStr][svchost.exe]

[Throw dll injection][27/06/2025 17:24:28][WildStr][svchost.exe]

[Throw dll injection][27/06/2025 17:24:28][WildStr][svchost.exe]

[Throw dll injection][27/06/2025 17:24:28][WildStr][svchost.exe]

[Throw dll injection][27/06/2025 17:24:28][WildStr][svchost.exe]

[Throw dll injection][27/06/2025 17:24:28][WildStr][svchost.exe]

[Throw dll injection][27/06/2025 17:24:28][WildStr][svchost.exe]

[Throw dll injection][27/06/2025 17:24:28][WildStr][svchost.exe]

[Throw dll injection][27/06/2025 17:24:28][WildStr][svchost.exe]

[Throw dll injection][27/06/2025 17:24:28][WildStr][svchost.exe]

[Throw dll injection][27/06/2025 17:24:28][WildStr][spoolsv.exe]

[Throw dll injection][27/06/2025 17:24:28][WildStr][spoolsv.exe]

[Throw dll injection][27/06/2025 17:24:28][WildStr][svchost.exe]

[Throw dll injection][27/06/2025 17:24:28][WildStr][svchost.exe]

[Throw dll injection][27/06/2025 17:24:28][WildStr][svchost.exe]

[Throw dll injection][27/06/2025 17:24:28][WildStr][svchost.exe]

[Throw dll injection][27/06/2025 17:24:28][WildStr][svchost.exe]

[Throw dll injection][27/06/2025 17:24:28][WildStr][svchost.exe]

[Throw dll injection][27/06/2025 17:24:28][WildStr][svchost.exe]

[Throw dll injection][27/06/2025 17:24:28][WildStr][ssh-agent.exe]

[Throw dll injection][27/06/2025 17:24:28][WildStr][ssh-agent.exe]

[Throw dll injection][27/06/2025 17:24:28][WildStr][sshd.exe]

[Throw dll injection][27/06/2025 17:24:28][WildStr][sshd.exe]

[Throw dll injection][27/06/2025 17:24:28][WildStr][svchost.exe]

[Throw dll injection][27/06/2025 17:24:28][WildStr][svchost.exe]

[Throw dll injection][27/06/2025 17:24:28][WildStr][svchost.exe]

[Throw dll injection][27/06/2025 17:24:28][WildStr][svchost.exe]

[Throw dll injection][27/06/2025 17:24:28][WildStr][svchost.exe]

[Throw dll injection][27/06/2025 17:24:28][WildStr][svchost.exe]

[Throw dll injection][27/06/2025 17:24:28][WildStr][svchost.exe]

[Throw dll injection][27/06/2025 17:24:28][WildStr][svchost.exe]

[Throw dll injection][27/06/2025 17:24:28][WildStr][svchost.exe]

[Throw dll injection][27/06/2025 17:24:28][WildStr][svchost.exe]

[Throw dll injection][27/06/2025 17:24:28][WildStr][svchost.exe]

[Throw dll injection][27/06/2025 17:24:28][WildStr][svchost.exe]

[Throw dll injection][27/06/2025 17:24:28][WildStr][svchost.exe]

[Throw dll injection][27/06/2025 17:24:28][WildStr][svchost.exe]

[Throw dll injection][27/06/2025 17:24:28][WildStr][svchost.exe]

[Throw dll injection][27/06/2025 17:24:28][WildStr][svchost.exe]

[Throw dll injection][27/06/2025 17:24:28][WildStr][svchost.exe]

[Throw dll injection][27/06/2025 17:24:28][WildStr][svchost.exe]

[Throw dll injection][27/06/2025 17:24:28][WildStr][MpDefenderCoreService.exe]

[Throw dll injection][27/06/2025 17:24:28][WildStr][MpDefenderCoreService.exe]

[Throw dll injection][27/06/2025 17:24:28][WildStr][MsMpEng.exe]

[Throw dll injection][27/06/2025 17:24:28][WildStr][MsMpEng.exe]

[Throw dll injection][27/06/2025 17:24:28][WildStr][SearchIndexer.exe]

[Throw dll injection][27/06/2025 17:24:28][WildStr][SearchIndexer.exe]

[Throw dll injection][27/06/2025 17:24:28][WildStr][AggregatorHost.exe]

[Throw dll injection][27/06/2025 17:24:28][WildStr][AggregatorHost.exe]

[Throw dll injection][27/06/2025 17:24:28][WildStr][dllhost.exe]

[Throw dll injection][27/06/2025 17:24:28][WildStr][dllhost.exe]

[Throw dll injection][27/06/2025 17:24:28][WildStr][svchost.exe]

[Throw dll injection][27/06/2025 17:24:28][WildStr][svchost.exe]

[Throw dll injection][27/06/2025 17:24:28][WildStr][NisSrv.exe]

[Throw dll injection][27/06/2025 17:24:28][WildStr][sihost.exe]

[Throw dll injection][27/06/2025 17:24:28][WildStr][sihost.exe]

[Throw dll injection][27/06/2025 17:24:28][WildStr][svchost.exe]

[Throw dll injection][27/06/2025 17:24:28][WildStr][svchost.exe]

[Throw dll injection][27/06/2025 17:24:28][WildStr][svchost.exe]

[Throw dll injection][27/06/2025 17:24:28][WildStr][svchost.exe]

[Throw dll injection][27/06/2025 17:24:28][WildStr][taskhostw.exe]

[Throw dll injection][27/06/2025 17:24:28][WildStr][taskhostw.exe]

[Throw dll injection][27/06/2025 17:24:28][WildStr][MicrosoftEdgeUpdate.exe]

[Throw dll injection][27/06/2025 17:24:28][WildStr][MicrosoftEdgeUpdate.exe]

[Throw dll injection][27/06/2025 17:24:28][WildStr][svchost.exe]

[Throw dll injection][27/06/2025 17:24:28][WildStr][svchost.exe]

[Throw dll injection][27/06/2025 17:24:28][WildStr][ctfmon.exe]

[Throw dll injection][27/06/2025 17:24:28][WildStr][ctfmon.exe]

[Throw dll injection][27/06/2025 17:24:28][WildStr][svchost.exe]

[Throw dll injection][27/06/2025 17:24:28][WildStr][svchost.exe]

[Throw dll injection][27/06/2025 17:24:28][WildStr][svchost.exe]

[Throw dll injection][27/06/2025 17:24:28][WildStr][svchost.exe]

[Throw dll injection][27/06/2025 17:24:28][WildStr][explorer.exe]

[Throw dll injection][27/06/2025 17:24:28][WildStr][explorer.exe]

[Throw dll injection][27/06/2025 17:24:28][WildStr][svchost.exe]

[Throw dll injection][27/06/2025 17:24:28][WildStr][svchost.exe]

[Throw dll injection][27/06/2025 17:24:28][WildStr][StartMenuExperienceHost.exe]

[Throw dll injection][27/06/2025 17:24:28][WildStr][StartMenuExperienceHost.exe]

[Throw dll injection][27/06/2025 17:24:28][WildStr][RuntimeBroker.exe]

[Throw dll injection][27/06/2025 17:24:28][WildStr][RuntimeBroker.exe]

[Throw dll injection][27/06/2025 17:24:28][WildStr][SearchApp.exe]

[Throw dll injection][27/06/2025 17:24:28][WildStr][SearchApp.exe]

[Throw dll injection][27/06/2025 17:24:28][WildStr][svchost.exe]

[Throw dll injection][27/06/2025 17:24:28][WildStr][svchost.exe]

[Throw dll injection][27/06/2025 17:24:28][WildStr][RuntimeBroker.exe]

[Throw dll injection][27/06/2025 17:24:28][WildStr][RuntimeBroker.exe]

[Throw dll injection][27/06/2025 17:24:28][WildStr][RuntimeBroker.exe]

[Throw dll injection][27/06/2025 17:24:28][WildStr][RuntimeBroker.exe]

[Throw dll injection][27/06/2025 17:24:28][WildStr][svchost.exe]

[Throw dll injection][27/06/2025 17:24:28][WildStr][svchost.exe]

[Throw dll injection][27/06/2025 17:24:28][WildStr][SecurityHealthSystray.exe]

[Throw dll injection][27/06/2025 17:24:28][WildStr][SecurityHealthSystray.exe]

[Throw dll injection][27/06/2025 17:24:28][WildStr][SecurityHealthService.exe]

[Throw dll injection][27/06/2025 17:24:28][WildStr][SecurityHealthService.exe]

[Throw dll injection][27/06/2025 17:24:28][WildStr][VBoxTray.exe]

[Throw dll injection][27/06/2025 17:24:28][WildStr][VBoxTray.exe]

[Throw dll injection][27/06/2025 17:24:28][WildStr][OneDrive.exe]

[Throw dll injection][27/06/2025 17:24:28][WildStr][OneDrive.exe]

[Throw dll injection][27/06/2025 17:24:28][WildStr][svchost.exe]

[Throw dll injection][27/06/2025 17:24:28][WildStr][svchost.exe]

[Throw dll injection][27/06/2025 17:24:28][WildStr][svchost.exe]

[Throw dll injection][27/06/2025 17:24:28][WildStr][svchost.exe]

[Throw dll injection][27/06/2025 17:24:28][WildStr][svchost.exe]

[Throw dll injection][27/06/2025 17:24:28][WildStr][svchost.exe]

[Throw dll injection][27/06/2025 17:24:28][WildStr][svchost.exe]

[Throw dll injection][27/06/2025 17:24:28][WildStr][svchost.exe]

[Throw dll injection][27/06/2025 17:24:28][WildStr][svchost.exe]

[Throw dll injection][27/06/2025 17:24:28][WildStr][svchost.exe]

[Throw dll injection][27/06/2025 17:24:28][WildStr][svchost.exe]

[Throw dll injection][27/06/2025 17:24:28][WildStr][svchost.exe]

[Throw dll injection][27/06/2025 17:24:28][WildStr][TextInputHost.exe]

[Throw dll injection][27/06/2025 17:24:28][WildStr][TextInputHost.exe]

[Throw dll injection][27/06/2025 17:24:28][WildStr][ApplicationFrameHost.exe]

[Throw dll injection][27/06/2025 17:24:28][WildStr][ApplicationFrameHost.exe]

[Throw dll injection][27/06/2025 17:24:28][WildStr][SystemSettings.exe]

[Throw dll injection][27/06/2025 17:24:28][WildStr][SystemSettings.exe]

[Throw dll injection][27/06/2025 17:24:28][WildStr][UserOOBEBroker.exe]

[Throw dll injection][27/06/2025 17:24:28][WildStr][UserOOBEBroker.exe]

[Throw dll injection][27/06/2025 17:24:28][WildStr][SearchApp.exe]

[Throw dll injection][27/06/2025 17:24:28][WildStr][SearchApp.exe]

[Throw dll injection][27/06/2025 17:24:28][WildStr][msedgewebview2.exe]

[Throw dll injection][27/06/2025 17:24:28][WildStr][msedgewebview2.exe]

[Throw dll injection][27/06/2025 17:24:28][WildStr][msedgewebview2.exe]

[Throw dll injection][27/06/2025 17:24:28][WildStr][msedgewebview2.exe]

[Throw dll injection][27/06/2025 17:24:28][WildStr][msedgewebview2.exe]

[Throw dll injection][27/06/2025 17:24:28][WildStr][msedgewebview2.exe]

[Throw dll injection][27/06/2025 17:24:28][WildStr][msedgewebview2.exe]

[Throw dll injection][27/06/2025 17:24:28][WildStr][msedgewebview2.exe]

[Throw dll injection][27/06/2025 17:24:28][WildStr][msedgewebview2.exe]

[Throw dll injection][27/06/2025 17:24:28][WildStr][msedgewebview2.exe]

[Throw dll injection][27/06/2025 17:24:28][WildStr][msedgewebview2.exe]

[Throw dll injection][27/06/2025 17:24:28][WildStr][msedgewebview2.exe]

[Throw dll injection][27/06/2025 17:24:28][WildStr][FileCoAuth.exe]

[Throw dll injection][27/06/2025 17:24:28][WildStr][FileCoAuth.exe]

[Throw dll injection][27/06/2025 17:24:28][WildStr][svchost.exe]

[Throw dll injection][27/06/2025 17:24:28][WildStr][svchost.exe]

[Throw dll injection][27/06/2025 17:24:28][WildStr][msedge.exe]

[Throw dll injection][27/06/2025 17:24:28][WildStr][msedge.exe]

[Throw dll injection][27/06/2025 17:24:28][WildStr][msedge.exe]

[Throw dll injection][27/06/2025 17:24:28][WildStr][msedge.exe]

[Throw dll injection][27/06/2025 17:24:28][WildStr][msedge.exe]

[Throw dll injection][27/06/2025 17:24:28][WildStr][msedge.exe]

[Throw dll injection][27/06/2025 17:24:28][WildStr][msedge.exe]

[Throw dll injection][27/06/2025 17:24:28][WildStr][msedge.exe]

[Throw dll injection][27/06/2025 17:24:28][WildStr][msedge.exe]

[Throw dll injection][27/06/2025 17:24:28][WildStr][msedge.exe]

[Throw dll injection][27/06/2025 17:24:28][WildStr][svchost.exe]

[Throw dll injection][27/06/2025 17:24:28][WildStr][svchost.exe]

[Throw dll injection][27/06/2025 17:24:28][WildStr][svchost.exe]

[Throw dll injection][27/06/2025 17:24:28][WildStr][svchost.exe]

[Throw dll injection][27/06/2025 17:24:28][WildStr][svchost.exe]

[Throw dll injection][27/06/2025 17:24:28][WildStr][svchost.exe]

[Throw dll injection][27/06/2025 17:24:28][WildStr][dllhost.exe]

[Throw dll injection][27/06/2025 17:24:28][WildStr][dllhost.exe]

[Throw dll injection][27/06/2025 17:24:28][WildStr][ShellExperienceHost.exe]

[Throw dll injection][27/06/2025 17:24:28][WildStr][ShellExperienceHost.exe]

[Throw dll injection][27/06/2025 17:24:28][WildStr][RuntimeBroker.exe]

[Throw dll injection][27/06/2025 17:24:28][WildStr][RuntimeBroker.exe]

[Throw dll injection][27/06/2025 17:24:28][WildStr][powershell.exe]

[Throw dll injection][27/06/2025 17:24:28][WildStr][powershell.exe]

[Throw dll injection][27/06/2025 17:24:28][WildStr][conhost.exe]

[Throw dll injection][27/06/2025 17:24:28][WildStr][conhost.exe]

[Throw dll injection][27/06/2025 17:24:28][WildStr][cmd.exe]

[Throw dll injection][27/06/2025 17:24:28][WildStr][cmd.exe]

[Throw dll injection][27/06/2025 17:24:28][WildStr][conhost.exe]

[Throw dll injection][27/06/2025 17:24:28][WildStr][conhost.exe]

[Throw dll injection][27/06/2025 17:24:28][WildStr][powershell.exe]

[Throw dll injection][27/06/2025 17:24:28][WildStr][powershell.exe]

[Throw dll injection][27/06/2025 17:24:28][WildStr][Code.exe]

[Throw dll injection][27/06/2025 17:24:28][WildStr][Code.exe]

[Throw dll injection][27/06/2025 17:24:28][WildStr][Code.exe]

[Throw dll injection][27/06/2025 17:24:28][WildStr][Code.exe]

[Throw dll injection][27/06/2025 17:24:28][WildStr][Code.exe]

[Throw dll injection][27/06/2025 17:24:28][WildStr][Code.exe]

[Throw dll injection][27/06/2025 17:24:28][WildStr][Code.exe]

[Throw dll injection][27/06/2025 17:24:28][WildStr][Code.exe]

[Throw dll injection][27/06/2025 17:24:28][WildStr][Code.exe]

[Throw dll injection][27/06/2025 17:24:28][WildStr][Code.exe]

[Throw dll injection][27/06/2025 17:24:28][WildStr][Code.exe]

[Throw dll injection][27/06/2025 17:24:28][WildStr][Code.exe]

[Throw dll injection][27/06/2025 17:24:28][WildStr][Code.exe]

[Throw dll injection][27/06/2025 17:24:28][WildStr][Code.exe]

[Throw dll injection][27/06/2025 17:24:28][WildStr][Code.exe]

[Throw dll injection][27/06/2025 17:24:28][WildStr][Code.exe]

[Throw dll injection][27/06/2025 17:24:28][WildStr][cpptools.exe]

[Throw dll injection][27/06/2025 17:24:28][WildStr][cpptools.exe]

[Throw dll injection][27/06/2025 17:24:28][WildStr][conhost.exe]

[Throw dll injection][27/06/2025 17:24:28][WildStr][conhost.exe]

[Throw dll injection][27/06/2025 17:24:28][WildStr][Code.exe]

[Throw dll injection][27/06/2025 17:24:28][WildStr][Code.exe]

[Throw dll injection][27/06/2025 17:24:28][WildStr][cpptools.exe]

[Throw dll injection][27/06/2025 17:24:28][WildStr][cpptools.exe]

[Throw dll injection][27/06/2025 17:24:28][WildStr][cpptools-srv.exe]

[Throw dll injection][27/06/2025 17:24:28][WildStr][cpptools-srv.exe]

[Throw dll injection][27/06/2025 17:24:28][WildStr][conhost.exe]

[Throw dll injection][27/06/2025 17:24:28][WildStr][conhost.exe]

[Throw dll injection][27/06/2025 17:24:28][WildStr][svchost.exe]

[Throw dll injection][27/06/2025 17:24:28][WildStr][svchost.exe]

[Throw dll injection][27/06/2025 17:24:28][WildStr][svchost.exe]

[Throw dll injection][27/06/2025 17:24:28][WildStr][svchost.exe]

[Throw dll injection][27/06/2025 17:24:28][WildStr][Code.exe]

[Throw dll injection][27/06/2025 17:24:28][WildStr][Code.exe]

[Throw dll injection][27/06/2025 17:24:28][WildStr][conhost.exe]

[Throw dll injection][27/06/2025 17:24:28][WildStr][conhost.exe]

[Throw dll injection][27/06/2025 17:24:28][WildStr][powershell.exe]

[Throw dll injection][27/06/2025 17:24:28][WildStr][powershell.exe]

[Throw dll injection][27/06/2025 17:24:28][WildStr][vctip.exe]

[Throw dll injection][27/06/2025 17:24:28][WildStr][vctip.exe]

[Throw dll injection][27/06/2025 17:24:28][WildStr][cpptools-srv.exe]

[Throw dll injection][27/06/2025 17:24:28][WildStr][cpptools-srv.exe]

[Throw dll injection][27/06/2025 17:24:28][WildStr][conhost.exe]

[Throw dll injection][27/06/2025 17:24:28][WildStr][conhost.exe]

[Throw dll injection][27/06/2025 17:24:28][WildStr][svchost.exe]

[Throw dll injection][27/06/2025 17:24:28][WildStr][svchost.exe]

[Throw dll injection][27/06/2025 17:24:28][WildStr][smartscreen.exe]

[Throw dll injection][27/06/2025 17:24:28][WildStr][smartscreen.exe]

[Throw dll injection][27/06/2025 17:24:28][WildStr][Taskmgr.exe]

[Throw dll injection][27/06/2025 17:24:28][WildStr][Taskmgr.exe]

[Throw dll injection][27/06/2025 17:24:28][WildStr][conhost.exe]

[Throw dll injection][27/06/2025 17:24:28][WildStr][conhost.exe]

[Throw dll injection][27/06/2025 17:24:28][WildStr][powershell.exe]

[Throw dll injection][27/06/2025 17:24:28][WildStr][powershell.exe]

[Throw dll injection][27/06/2025 17:24:28][WildStr][test.exe]

[Throw dll injection][27/06/2025 17:24:28][WildStr][test.exe]

[Throw dll injection][27/06/2025 17:24:29][WildStr][System]

[Throw dll injection][27/06/2025 17:24:29][WildStr][System]

[Throw dll injection][27/06/2025 17:24:29][WildStr][Registry]

[Throw dll injection][27/06/2025 17:24:29][WildStr][Registry]

[Throw dll injection][27/06/2025 17:24:29][WildStr][smss.exe]

[Throw dll injection][27/06/2025 17:24:29][WildStr][smss.exe]


[Throw dll injection][27/06/2025 17:24:29][WildStr][wininit.exe]

[Throw dll injection][27/06/2025 17:24:29][WildStr][csrss.exe]

[Throw dll injection][27/06/2025 17:24:29][WildStr][wininit.exe]

[Throw dll injection][27/06/2025 17:24:29][WildStr][csrss.exe]

[Throw dll injection][27/06/2025 17:24:29][WildStr][csrss.exe]

[Throw dll injection][27/06/2025 17:24:29][WildStr][winlogon.exe]

[Throw dll injection][27/06/2025 17:24:29][WildStr][winlogon.exe]

[Throw dll injection][27/06/2025 17:24:29][WildStr][services.exe]

[Throw dll injection][27/06/2025 17:24:29][WildStr][services.exe]

[Throw dll injection][27/06/2025 17:24:29][WildStr][lsass.exe]

[Throw dll injection][27/06/2025 17:24:29][WildStr][lsass.exe]

[Throw dll injection][27/06/2025 17:24:29][WildStr][svchost.exe]

[Throw dll injection][27/06/2025 17:24:29][WildStr][svchost.exe]

[Throw dll injection][27/06/2025 17:24:29][WildStr][fontdrvhost.exe]

[Throw dll injection][27/06/2025 17:24:29][WildStr][fontdrvhost.exe]

[Throw dll injection][27/06/2025 17:24:29][WildStr][fontdrvhost.exe]

[Throw dll injection][27/06/2025 17:24:29][WildStr][fontdrvhost.exe]

[Throw dll injection][27/06/2025 17:24:29][WildStr][svchost.exe]

[Throw dll injection][27/06/2025 17:24:29][WildStr][svchost.exe]

[Throw dll injection][27/06/2025 17:24:29][WildStr][svchost.exe]

[Throw dll injection][27/06/2025 17:24:29][WildStr][svchost.exe]

[Throw dll injection][27/06/2025 17:24:29][WildStr][dwm.exe]

[Throw dll injection][27/06/2025 17:24:29][WildStr][svchost.exe]

[Throw dll injection][27/06/2025 17:24:29][WildStr][svchost.exe]

[Throw dll injection][27/06/2025 17:24:29][WildStr][svchost.exe]

[Throw dll injection][27/06/2025 17:24:29][WildStr][svchost.exe]

[Throw dll injection][27/06/2025 17:24:29][WildStr][svchost.exe]

[Throw dll injection][27/06/2025 17:24:29][WildStr][svchost.exe]

[Throw dll injection][27/06/2025 17:24:29][WildStr][svchost.exe]

[Throw dll injection][27/06/2025 17:24:29][WildStr][svchost.exe]

[Throw dll injection][27/06/2025 17:24:29][WildStr][svchost.exe]

[Throw dll injection][27/06/2025 17:24:29][WildStr][svchost.exe]

[Throw dll injection][27/06/2025 17:24:29][WildStr][svchost.exe]

[Throw dll injection][27/06/2025 17:24:29][WildStr][svchost.exe]

[Throw dll injection][27/06/2025 17:24:29][WildStr][svchost.exe]

[Throw dll injection][27/06/2025 17:24:29][WildStr][svchost.exe]

[Throw dll injection][27/06/2025 17:24:29][WildStr][svchost.exe]

[Throw dll injection][27/06/2025 17:24:29][WildStr][svchost.exe]

[Throw dll injection][27/06/2025 17:24:29][WildStr][svchost.exe]

[Throw dll injection][27/06/2025 17:24:29][WildStr][svchost.exe]

[Throw dll injection][27/06/2025 17:24:29][WildStr][svchost.exe]

[Throw dll injection][27/06/2025 17:24:29][WildStr][svchost.exe]

[Throw dll injection][27/06/2025 17:24:29][WildStr][svchost.exe]

[Throw dll injection][27/06/2025 17:24:29][WildStr][svchost.exe]

[Throw dll injection][27/06/2025 17:24:29][WildStr][svchost.exe]

[Throw dll injection][27/06/2025 17:24:29][WildStr][svchost.exe]

[Throw dll injection][27/06/2025 17:24:29][WildStr][svchost.exe]

[Throw dll injection][27/06/2025 17:24:29][WildStr][VBoxService.exe]

[Throw dll injection][27/06/2025 17:24:29][WildStr][VBoxService.exe]

[Throw dll injection][27/06/2025 17:24:29][WildStr][svchost.exe]

[Throw dll injection][27/06/2025 17:24:29][WildStr][svchost.exe]

[Throw dll injection][27/06/2025 17:24:29][WildStr][svchost.exe]

[Throw dll injection][27/06/2025 17:24:29][WildStr][svchost.exe]

[Throw dll injection][27/06/2025 17:24:29][WildStr][svchost.exe]

[Throw dll injection][27/06/2025 17:24:29][WildStr][svchost.exe]

[Throw dll injection][27/06/2025 17:24:29][WildStr][svchost.exe]

[Throw dll injection][27/06/2025 17:24:29][WildStr][svchost.exe]

[Throw dll injection][27/06/2025 17:24:29][WildStr][svchost.exe]

[Throw dll injection][27/06/2025 17:24:29][WildStr][svchost.exe]

[Throw dll injection][27/06/2025 17:24:29][WildStr][svchost.exe]

[Throw dll injection][27/06/2025 17:24:29][WildStr][svchost.exe]

[Throw dll injection][27/06/2025 17:24:29][WildStr][Memory Compression]

[Throw dll injection][27/06/2025 17:24:29][WildStr][Memory Compression]

[Throw dll injection][27/06/2025 17:24:29][WildStr][svchost.exe]

[Throw dll injection][27/06/2025 17:24:29][WildStr][svchost.exe]

[Throw dll injection][27/06/2025 17:24:29][WildStr][svchost.exe]

[Throw dll injection][27/06/2025 17:24:29][WildStr][svchost.exe]

[Throw dll injection][27/06/2025 17:24:29][WildStr][svchost.exe]

[Throw dll injection][27/06/2025 17:24:29][WildStr][svchost.exe]

[Throw dll injection][27/06/2025 17:24:29][WildStr][svchost.exe]

[Throw dll injection][27/06/2025 17:24:29][WildStr][svchost.exe]

[Throw dll injection][27/06/2025 17:24:29][WildStr][svchost.exe]

[Throw dll injection][27/06/2025 17:24:29][WildStr][svchost.exe]

[Throw dll injection][27/06/2025 17:24:29][WildStr][svchost.exe]

[Throw dll injection][27/06/2025 17:24:29][WildStr][svchost.exe]

[Throw dll injection][27/06/2025 17:24:29][WildStr][svchost.exe]

[Throw dll injection][27/06/2025 17:24:29][WildStr][spoolsv.exe]

[Throw dll injection][27/06/2025 17:24:29][WildStr][svchost.exe]

[Throw dll injection][27/06/2025 17:24:29][WildStr][svchost.exe]

[Throw dll injection][27/06/2025 17:24:29][WildStr][spoolsv.exe]

[Throw dll injection][27/06/2025 17:24:29][WildStr][svchost.exe]

[Throw dll injection][27/06/2025 17:24:29][WildStr][svchost.exe]

[Throw dll injection][27/06/2025 17:24:29][WildStr][svchost.exe]

[Throw dll injection][27/06/2025 17:24:29][WildStr][svchost.exe]

[Throw dll injection][27/06/2025 17:24:29][WildStr][svchost.exe]

[Throw dll injection][27/06/2025 17:24:29][WildStr][svchost.exe]

[Throw dll injection][27/06/2025 17:24:29][WildStr][ssh-agent.exe]

[Throw dll injection][27/06/2025 17:24:29][WildStr][svchost.exe]

[Throw dll injection][27/06/2025 17:24:29][WildStr][sshd.exe]

[Throw dll injection][27/06/2025 17:24:29][WildStr][ssh-agent.exe]

[Throw dll injection][27/06/2025 17:24:29][WildStr][svchost.exe]

[Throw dll injection][27/06/2025 17:24:29][WildStr][sshd.exe]

[Throw dll injection][27/06/2025 17:24:29][WildStr][svchost.exe]

[Throw dll injection][27/06/2025 17:24:29][WildStr][svchost.exe]

[Throw dll injection][27/06/2025 17:24:29][WildStr][svchost.exe]

[Throw dll injection][27/06/2025 17:24:29][WildStr][svchost.exe]

[Throw dll injection][27/06/2025 17:24:29][WildStr][svchost.exe]

[Throw dll injection][27/06/2025 17:24:29][WildStr][svchost.exe]

[Throw dll injection][27/06/2025 17:24:29][WildStr][svchost.exe]

[Throw dll injection][27/06/2025 17:24:29][WildStr][svchost.exe]

[Throw dll injection][27/06/2025 17:24:29][WildStr][svchost.exe]

[Throw dll injection][27/06/2025 17:24:29][WildStr][svchost.exe]

[Throw dll injection][27/06/2025 17:24:29][WildStr][svchost.exe]

[Throw dll injection][27/06/2025 17:24:29][WildStr][svchost.exe]

[Throw dll injection][27/06/2025 17:24:29][WildStr][svchost.exe]

[Throw dll injection][27/06/2025 17:24:29][WildStr][svchost.exe]

[Throw dll injection][27/06/2025 17:24:29][WildStr][svchost.exe]

[Throw dll injection][27/06/2025 17:24:29][WildStr][svchost.exe]

[Throw dll injection][27/06/2025 17:24:29][WildStr][MpDefenderCoreService.exe]

[Throw dll injection][27/06/2025 17:24:29][WildStr][svchost.exe]

[Throw dll injection][27/06/2025 17:24:29][WildStr][MsMpEng.exe]

[Throw dll injection][27/06/2025 17:24:29][WildStr][MpDefenderCoreService.exe]

[Throw dll injection][27/06/2025 17:24:29][WildStr][SearchIndexer.exe]

[Throw dll injection][27/06/2025 17:24:29][WildStr][MsMpEng.exe]

[Throw dll injection][27/06/2025 17:24:29][WildStr][AggregatorHost.exe]

[Throw dll injection][27/06/2025 17:24:29][WildStr][SearchIndexer.exe]

[Throw dll injection][27/06/2025 17:24:29][WildStr][dllhost.exe]

[Throw dll injection][27/06/2025 17:24:29][WildStr][AggregatorHost.exe]

[Throw dll injection][27/06/2025 17:24:29][WildStr][svchost.exe]

[Throw dll injection][27/06/2025 17:24:29][WildStr][dllhost.exe]

[Throw dll injection][27/06/2025 17:24:29][WildStr][NisSrv.exe]

[Throw dll injection][27/06/2025 17:24:29][WildStr][svchost.exe]

[Throw dll injection][27/06/2025 17:24:29][WildStr][sihost.exe]

[Throw dll injection][27/06/2025 17:24:29][WildStr][NisSrv.exe]

[Throw dll injection][27/06/2025 17:24:29][WildStr][svchost.exe]

[Throw dll injection][27/06/2025 17:24:29][WildStr][sihost.exe]

[Throw dll injection][27/06/2025 17:24:29][WildStr][svchost.exe]

[Throw dll injection][27/06/2025 17:24:29][WildStr][svchost.exe]

[Throw dll injection][27/06/2025 17:24:29][WildStr][taskhostw.exe]

[Throw dll injection][27/06/2025 17:24:29][WildStr][svchost.exe]

[Throw dll injection][27/06/2025 17:24:29][WildStr][MicrosoftEdgeUpdate.exe]

[Throw dll injection][27/06/2025 17:24:29][WildStr][taskhostw.exe]

[Throw dll injection][27/06/2025 17:24:29][WildStr][svchost.exe]

[Throw dll injection][27/06/2025 17:24:29][WildStr][MicrosoftEdgeUpdate.exe]

[Throw dll injection][27/06/2025 17:24:29][WildStr][ctfmon.exe]

[Throw dll injection][27/06/2025 17:24:29][WildStr][svchost.exe]

[Throw dll injection][27/06/2025 17:24:29][WildStr][svchost.exe]

[Throw dll injection][27/06/2025 17:24:29][WildStr][ctfmon.exe]

[Throw dll injection][27/06/2025 17:24:29][WildStr][svchost.exe]

[Throw dll injection][27/06/2025 17:24:29][WildStr][svchost.exe]

[Throw dll injection][27/06/2025 17:24:29][WildStr][explorer.exe]

[Throw dll injection][27/06/2025 17:24:29][WildStr][svchost.exe]

[Throw dll injection][27/06/2025 17:24:29][WildStr][svchost.exe]

[Throw dll injection][27/06/2025 17:24:29][WildStr][StartMenuExperienceHost.exe]

[Throw dll injection][27/06/2025 17:24:29][WildStr][explorer.exe]

[Throw dll injection][27/06/2025 17:24:29][WildStr][RuntimeBroker.exe]

[Throw dll injection][27/06/2025 17:24:29][WildStr][svchost.exe]

[Throw dll injection][27/06/2025 17:24:29][WildStr][SearchApp.exe]

[Throw dll injection][27/06/2025 17:24:29][WildStr][StartMenuExperienceHost.exe]

[Throw dll injection][27/06/2025 17:24:29][WildStr][svchost.exe]

[Throw dll injection][27/06/2025 17:24:29][WildStr][RuntimeBroker.exe]

[Throw dll injection][27/06/2025 17:24:29][WildStr][RuntimeBroker.exe]

[Throw dll injection][27/06/2025 17:24:29][WildStr][SearchApp.exe]

[Throw dll injection][27/06/2025 17:24:29][WildStr][RuntimeBroker.exe]

[Throw dll injection][27/06/2025 17:24:29][WildStr][svchost.exe]

[Throw dll injection][27/06/2025 17:24:29][WildStr][svchost.exe]

[Throw dll injection][27/06/2025 17:24:29][WildStr][RuntimeBroker.exe]

[Throw dll injection][27/06/2025 17:24:29][WildStr][SecurityHealthSystray.exe]

[Throw dll injection][27/06/2025 17:24:29][WildStr][RuntimeBroker.exe]

[Throw dll injection][27/06/2025 17:24:29][WildStr][SecurityHealthService.exe]

[Throw dll injection][27/06/2025 17:24:29][WildStr][svchost.exe]

[Throw dll injection][27/06/2025 17:24:29][WildStr][VBoxTray.exe]

[Throw dll injection][27/06/2025 17:24:29][WildStr][SecurityHealthSystray.exe]

[Throw dll injection][27/06/2025 17:24:29][WildStr][OneDrive.exe]

[Throw dll injection][27/06/2025 17:24:29][WildStr][SecurityHealthService.exe]

[Throw dll injection][27/06/2025 17:24:29][WildStr][svchost.exe]

[Throw dll injection][27/06/2025 17:24:29][WildStr][VBoxTray.exe]

[Throw dll injection][27/06/2025 17:24:29][WildStr][svchost.exe]

[Throw dll injection][27/06/2025 17:24:29][WildStr][OneDrive.exe]

[Throw dll injection][27/06/2025 17:24:29][WildStr][svchost.exe]

[Throw dll injection][27/06/2025 17:24:29][WildStr][svchost.exe]

[Throw dll injection][27/06/2025 17:24:29][WildStr][svchost.exe]

[Throw dll injection][27/06/2025 17:24:29][WildStr][svchost.exe]

[Throw dll injection][27/06/2025 17:24:29][WildStr][svchost.exe]

[Throw dll injection][27/06/2025 17:24:29][WildStr][svchost.exe]

[Throw dll injection][27/06/2025 17:24:29][WildStr][svchost.exe]

[Throw dll injection][27/06/2025 17:24:29][WildStr][svchost.exe]

[Throw dll injection][27/06/2025 17:24:29][WildStr][TextInputHost.exe]

[Throw dll injection][27/06/2025 17:24:29][WildStr][svchost.exe]

[Throw dll injection][27/06/2025 17:24:29][WildStr][ApplicationFrameHost.exe]

[Throw dll injection][27/06/2025 17:24:29][WildStr][svchost.exe]

[Throw dll injection][27/06/2025 17:24:29][WildStr][SystemSettings.exe]

[Throw dll injection][27/06/2025 17:24:29][WildStr][TextInputHost.exe]

[Throw dll injection][27/06/2025 17:24:29][WildStr][UserOOBEBroker.exe]

[Throw dll injection][27/06/2025 17:24:29][WildStr][ApplicationFrameHost.exe]

[Throw dll injection][27/06/2025 17:24:29][WildStr][SearchApp.exe]

[Throw dll injection][27/06/2025 17:24:29][WildStr][SystemSettings.exe]

[Throw dll injection][27/06/2025 17:24:29][WildStr][msedgewebview2.exe]

[Throw dll injection][27/06/2025 17:24:29][WildStr][UserOOBEBroker.exe]

[Throw dll injection][27/06/2025 17:24:29][WildStr][msedgewebview2.exe]

[Throw dll injection][27/06/2025 17:24:29][WildStr][SearchApp.exe]

[Throw dll injection][27/06/2025 17:24:29][WildStr][msedgewebview2.exe]

[Throw dll injection][27/06/2025 17:24:29][WildStr][msedgewebview2.exe]

[Throw dll injection][27/06/2025 17:24:29][WildStr][msedgewebview2.exe]

[Throw dll injection][27/06/2025 17:24:29][WildStr][msedgewebview2.exe]

[Throw dll injection][27/06/2025 17:24:29][WildStr][msedgewebview2.exe]

[Throw dll injection][27/06/2025 17:24:29][WildStr][msedgewebview2.exe]

[Throw dll injection][27/06/2025 17:24:29][WildStr][msedgewebview2.exe]

[Throw dll injection][27/06/2025 17:24:29][WildStr][msedgewebview2.exe]

[Throw dll injection][27/06/2025 17:24:29][WildStr][FileCoAuth.exe]

[Throw dll injection][27/06/2025 17:24:29][WildStr][msedgewebview2.exe]

[Throw dll injection][27/06/2025 17:24:29][WildStr][svchost.exe]

[Throw dll injection][27/06/2025 17:24:29][WildStr][msedgewebview2.exe]

[Throw dll injection][27/06/2025 17:24:29][WildStr][msedge.exe]

[Throw dll injection][27/06/2025 17:24:29][WildStr][FileCoAuth.exe]

[Throw dll injection][27/06/2025 17:24:29][WildStr][msedge.exe]

[Throw dll injection][27/06/2025 17:24:29][WildStr][svchost.exe]

[Throw dll injection][27/06/2025 17:24:29][WildStr][msedge.exe]

[Throw dll injection][27/06/2025 17:24:29][WildStr][msedge.exe]

[Throw dll injection][27/06/2025 17:24:29][WildStr][msedge.exe]

[Throw dll injection][27/06/2025 17:24:29][WildStr][msedge.exe]

[Throw dll injection][27/06/2025 17:24:29][WildStr][msedge.exe]

[Throw dll injection][27/06/2025 17:24:29][WildStr][msedge.exe]

[Throw dll injection][27/06/2025 17:24:29][WildStr][svchost.exe]

[Throw dll injection][27/06/2025 17:24:29][WildStr][svchost.exe]

[Throw dll injection][27/06/2025 17:24:29][WildStr][svchost.exe]

[Throw dll injection][27/06/2025 17:24:29][WildStr][svchost.exe]

[Throw dll injection][27/06/2025 17:24:29][WildStr][dllhost.exe]

[Throw dll injection][27/06/2025 17:24:29][WildStr][svchost.exe]

[Throw dll injection][27/06/2025 17:24:29][WildStr][ShellExperienceHost.exe]

[Throw dll injection][27/06/2025 17:24:29][WildStr][svchost.exe]

[Throw dll injection][27/06/2025 17:24:29][WildStr][RuntimeBroker.exe]

[Throw dll injection][27/06/2025 17:24:29][WildStr][dllhost.exe]

[Throw dll injection][27/06/2025 17:24:29][WildStr][powershell.exe]

[Throw dll injection][27/06/2025 17:24:29][WildStr][ShellExperienceHost.exe]

[Throw dll injection][27/06/2025 17:24:29][WildStr][conhost.exe]

[Throw dll injection][27/06/2025 17:24:29][WildStr][RuntimeBroker.exe]

[Throw dll injection][27/06/2025 17:24:29][WildStr][cmd.exe]

[Throw dll injection][27/06/2025 17:24:29][WildStr][powershell.exe]

[Throw dll injection][27/06/2025 17:24:29][WildStr][conhost.exe]

[Throw dll injection][27/06/2025 17:24:29][WildStr][conhost.exe]

[Throw dll injection][27/06/2025 17:24:29][WildStr][powershell.exe]

[Throw dll injection][27/06/2025 17:24:29][WildStr][cmd.exe]

[Throw dll injection][27/06/2025 17:24:29][WildStr][Code.exe]

[Throw dll injection][27/06/2025 17:24:29][WildStr][conhost.exe]

[Throw dll injection][27/06/2025 17:24:29][WildStr][Code.exe]

[Throw dll injection][27/06/2025 17:24:29][WildStr][powershell.exe]

[Throw dll injection][27/06/2025 17:24:29][WildStr][Code.exe]

[Throw dll injection][27/06/2025 17:24:29][WildStr][Code.exe]

[Throw dll injection][27/06/2025 17:24:29][WildStr][Code.exe]

[Throw dll injection][27/06/2025 17:24:29][WildStr][Code.exe]

[Throw dll injection][27/06/2025 17:24:29][WildStr][Code.exe]

[Throw dll injection][27/06/2025 17:24:29][WildStr][Code.exe]

[Throw dll injection][27/06/2025 17:24:29][WildStr][Code.exe]

[Throw dll injection][27/06/2025 17:24:29][WildStr][Code.exe]

[Throw dll injection][27/06/2025 17:24:29][WildStr][Code.exe]

[Throw dll injection][27/06/2025 17:24:29][WildStr][Code.exe]

[Throw dll injection][27/06/2025 17:24:29][WildStr][Code.exe]

[Throw dll injection][27/06/2025 17:24:29][WildStr][Code.exe]

[Throw dll injection][27/06/2025 17:24:29][WildStr][cpptools.exe]

[Throw dll injection][27/06/2025 17:24:29][WildStr][Code.exe]

[Throw dll injection][27/06/2025 17:24:29][WildStr][conhost.exe]

[Throw dll injection][27/06/2025 17:24:29][WildStr][Code.exe]

[Throw dll injection][27/06/2025 17:24:29][WildStr][Code.exe]

[Throw dll injection][27/06/2025 17:24:29][WildStr][cpptools.exe]

[Throw dll injection][27/06/2025 17:24:29][WildStr][cpptools.exe]

[Throw dll injection][27/06/2025 17:24:29][WildStr][conhost.exe]

[Throw dll injection][27/06/2025 17:24:29][WildStr][cpptools-srv.exe]

[Throw dll injection][27/06/2025 17:24:29][WildStr][Code.exe]

[Throw dll injection][27/06/2025 17:24:29][WildStr][conhost.exe]

[Throw dll injection][27/06/2025 17:24:29][WildStr][cpptools.exe]

[Throw dll injection][27/06/2025 17:24:29][WildStr][svchost.exe]

[Throw dll injection][27/06/2025 17:24:29][WildStr][cpptools-srv.exe]

[Throw dll injection][27/06/2025 17:24:29][WildStr][svchost.exe]

[Throw dll injection][27/06/2025 17:24:29][WildStr][conhost.exe]

[Throw dll injection][27/06/2025 17:24:29][WildStr][Code.exe]

[Throw dll injection][27/06/2025 17:24:29][WildStr][svchost.exe]

[Throw dll injection][27/06/2025 17:24:29][WildStr][conhost.exe]

[Throw dll injection][27/06/2025 17:24:29][WildStr][svchost.exe]

[Throw dll injection][27/06/2025 17:24:29][WildStr][powershell.exe]

[Throw dll injection][27/06/2025 17:24:29][WildStr][Code.exe]

[Throw dll injection][27/06/2025 17:24:29][WildStr][vctip.exe]

[Throw dll injection][27/06/2025 17:24:29][WildStr][conhost.exe]

[Throw dll injection][27/06/2025 17:24:29][WildStr][cpptools-srv.exe]

[Throw dll injection][27/06/2025 17:24:29][WildStr][powershell.exe]

[Throw dll injection][27/06/2025 17:24:29][WildStr][vctip.exe]


[Throw dll injection][27/06/2025 17:24:29][WildStr][svchost.exe]
xe]

[Throw dll injection][27/06/2025 17:24:29][WildStr][conhost.exe]

[Throw dll injection][27/06/2025 17:24:29][WildStr][smartscreen.exe]

[Throw dll injection][27/06/2025 17:24:29][WildStr][svchost.exe]

[Throw dll injection][27/06/2025 17:24:29][WildStr][Taskmgr.exe]

[Throw dll injection][27/06/2025 17:24:29][WildStr][smartscreen.exe]

[Throw dll injection][27/06/2025 17:24:29][WildStr][conhost.exe]

[Throw dll injection][27/06/2025 17:24:29][WildStr][Taskmgr.exe]

[Throw dll injection][27/06/2025 17:24:29][WildStr][powershell.exe]

[Throw dll injection][27/06/2025 17:24:29][WildStr][conhost.exe]

[Throw dll injection][27/06/2025 17:24:29][WildStr][test.exe]

[Throw dll injection][27/06/2025 17:24:29][WildStr][powershell.exe]

[Throw dll injection][27/06/2025 17:24:29][WildStr][test.exe]

[Throw dll injection][27/06/2025 17:24:30][WildStr][System]

[Throw dll injection][27/06/2025 17:24:30][WildStr][System]

[Throw dll injection][27/06/2025 17:24:30][WildStr][Registry]

[Throw dll injection][27/06/2025 17:24:30][WildStr][Registry]

[Throw dll injection][27/06/2025 17:24:30][WildStr][smss.exe]

[Throw dll injection][27/06/2025 17:24:30][WildStr][smss.exe]

[Throw dll injection][27/06/2025 17:24:30][WildStr][csrss.exe]

[Throw dll injection][27/06/2025 17:24:30][WildStr][csrss.exe]

[Throw dll injection][27/06/2025 17:24:30][WildStr][wininit.exe]

[Throw dll injection][27/06/2025 17:24:30][WildStr][wininit.exe]

[Throw dll injection][27/06/2025 17:24:30][WildStr][csrss.exe]

[Throw dll injection][27/06/2025 17:24:30][WildStr][csrss.exe]

[Throw dll injection][27/06/2025 17:24:30][WildStr][winlogon.exe]

[Throw dll injection][27/06/2025 17:24:30][WildStr][winlogon.exe]

[Throw dll injection][27/06/2025 17:24:30][WildStr][services.exe]

[Throw dll injection][27/06/2025 17:24:30][WildStr][services.exe]

[Throw dll injection][27/06/2025 17:24:30][WildStr][lsass.exe]

[Throw dll injection][27/06/2025 17:24:30][WildStr][lsass.exe]

[Throw dll injection][27/06/2025 17:24:30][WildStr][svchost.exe]

[Throw dll injection][27/06/2025 17:24:30][WildStr][svchost.exe]

[Throw dll injection][27/06/2025 17:24:30][WildStr][fontdrvhost.exe]

[Throw dll injection][27/06/2025 17:24:30][WildStr][fontdrvhost.exe]

[Throw dll injection][27/06/2025 17:24:30][WildStr][fontdrvhost.exe]

[Throw dll injection][27/06/2025 17:24:30][WildStr][svchost.exe]
e]

[Throw dll injection][27/06/2025 17:24:30][WildStr][svchost.exe]

[Throw dll injection][27/06/2025 17:24:30][WildStr][svchost.exe]

[Throw dll injection][27/06/2025 17:24:30][WildStr][svchost.exe]

[Throw dll injection][27/06/2025 17:24:30][WildStr][dwm.exe]

[Throw dll injection][27/06/2025 17:24:30][WildStr][dwm.exe]

[Throw dll injection][27/06/2025 17:24:30][WildStr][svchost.exe]

[Throw dll injection][27/06/2025 17:24:30][WildStr][svchost.exe]

[Throw dll injection][27/06/2025 17:24:30][WildStr][svchost.exe]

[Throw dll injection][27/06/2025 17:24:30][WildStr][svchost.exe]

[Throw dll injection][27/06/2025 17:24:30][WildStr][svchost.exe]

[Throw dll injection][27/06/2025 17:24:30][WildStr][svchost.exe]

[Throw dll injection][27/06/2025 17:24:30][WildStr][svchost.exe]

[Throw dll injection][27/06/2025 17:24:30][WildStr][svchost.exe]

[Throw dll injection][27/06/2025 17:24:30][WildStr][svchost.exe]

[Throw dll injection][27/06/2025 17:24:30][WildStr][svchost.exe]

[Throw dll injection][27/06/2025 17:24:30][WildStr][svchost.exe]

[Throw dll injection][27/06/2025 17:24:30][WildStr][svchost.exe]

[Throw dll injection][27/06/2025 17:24:30][WildStr][svchost.exe]

[Throw dll injection][27/06/2025 17:24:30][WildStr][svchost.exe]

[Throw dll injection][27/06/2025 17:24:30][WildStr][svchost.exe]

[Throw dll injection][27/06/2025 17:24:30][WildStr][svchost.exe]

[Throw dll injection][27/06/2025 17:24:30][WildStr][svchost.exe]

[Throw dll injection][27/06/2025 17:24:30][WildStr][svchost.exe]

[Throw dll injection][27/06/2025 17:24:30][WildStr][svchost.exe]

[Throw dll injection][27/06/2025 17:24:30][WildStr][svchost.exe]

[Throw dll injection][27/06/2025 17:24:30][WildStr][svchost.exe]

[Throw dll injection][27/06/2025 17:24:30][WildStr][svchost.exe]

[Throw dll injection][27/06/2025 17:24:30][WildStr][svchost.exe]

[Throw dll injection][27/06/2025 17:24:30][WildStr][svchost.exe]

[Throw dll injection][27/06/2025 17:24:30][WildStr][svchost.exe]

[Throw dll injection][27/06/2025 17:24:30][WildStr][VBoxService.exe]

[Throw dll injection][27/06/2025 17:24:30][WildStr][svchost.exe]

[Throw dll injection][27/06/2025 17:24:30][WildStr][svchost.exe]

[Throw dll injection][27/06/2025 17:24:30][WildStr][svchost.exe]

[Throw dll injection][27/06/2025 17:24:30][WildStr][svchost.exe]

[Throw dll injection][27/06/2025 17:24:30][WildStr][svchost.exe]

[Throw dll injection][27/06/2025 17:24:30][WildStr][svchost.exe]

[Throw dll injection][27/06/2025 17:24:30][WildStr][svchost.exe]

[Throw dll injection][27/06/2025 17:24:30][WildStr][svchost.exe]

[Throw dll injection][27/06/2025 17:24:30][WildStr][svchost.exe]

[Throw dll injection][27/06/2025 17:24:30][WildStr][svchost.exe]

[Throw dll injection][27/06/2025 17:24:30][WildStr][svchost.exe]

[Throw dll injection][27/06/2025 17:24:30][WildStr][Memory Compression]

[Throw dll injection][27/06/2025 17:24:30][WildStr][Memory Compression]

[Throw dll injection][27/06/2025 17:24:30][WildStr][svchost.exe]

[Throw dll injection][27/06/2025 17:24:30][WildStr][svchost.exe]

[Throw dll injection][27/06/2025 17:24:30][WildStr][svchost.exe]

[Throw dll injection][27/06/2025 17:24:30][WildStr][svchost.exe]

[Throw dll injection][27/06/2025 17:24:30][WildStr][svchost.exe]

[Throw dll injection][27/06/2025 17:24:30][WildStr][svchost.exe]

[Throw dll injection][27/06/2025 17:24:30][WildStr][svchost.exe]

[Throw dll injection][27/06/2025 17:24:30][WildStr][svchost.exe]

[Throw dll injection][27/06/2025 17:24:30][WildStr][svchost.exe]

[Throw dll injection][27/06/2025 17:24:30][WildStr][svchost.exe]

[Throw dll injection][27/06/2025 17:24:30][WildStr][svchost.exe]

[Throw dll injection][27/06/2025 17:24:30][WildStr][svchost.exe]

[Throw dll injection][27/06/2025 17:24:30][WildStr][svchost.exe]

[Throw dll injection][27/06/2025 17:24:30][WildStr][svchost.exe]

[Throw dll injection][27/06/2025 17:24:30][WildStr][svchost.exe]

[Throw dll injection][27/06/2025 17:24:30][WildStr][svchost.exe]

[Throw dll injection][27/06/2025 17:24:30][WildStr][spoolsv.exe]

[Throw dll injection][27/06/2025 17:24:30][WildStr][spoolsv.exe]

[Throw dll injection][27/06/2025 17:24:30][WildStr][svchost.exe]

[Throw dll injection][27/06/2025 17:24:30][WildStr][svchost.exe]

[Throw dll injection][27/06/2025 17:24:30][WildStr][svchost.exe]

[Throw dll injection][27/06/2025 17:24:30][WildStr][svchost.exe]

[Throw dll injection][27/06/2025 17:24:30][WildStr][svchost.exe]

[Throw dll injection][27/06/2025 17:24:30][WildStr][svchost.exe]

[Throw dll injection][27/06/2025 17:24:30][WildStr][svchost.exe]

[Throw dll injection][27/06/2025 17:24:30][WildStr][svchost.exe]

[Throw dll injection][27/06/2025 17:24:30][WildStr][ssh-agent.exe]

[Throw dll injection][27/06/2025 17:24:30][WildStr][ssh-agent.exe]

[Throw dll injection][27/06/2025 17:24:30][WildStr][sshd.exe]

[Throw dll injection][27/06/2025 17:24:30][WildStr][sshd.exe]
]

[Throw dll injection][27/06/2025 17:24:30][WildStr][svchost.exe]

[Throw dll injection][27/06/2025 17:24:30][WildStr][svchost.exe]

[Throw dll injection][27/06/2025 17:24:30][WildStr][svchost.exe]

[Throw dll injection][27/06/2025 17:24:30][WildStr][svchost.exe]

[Throw dll injection][27/06/2025 17:24:30][WildStr][svchost.exe]

[Throw dll injection][27/06/2025 17:24:30][WildStr][svchost.exe]

[Throw dll injection][27/06/2025 17:24:30][WildStr][svchost.exe]

[Throw dll injection][27/06/2025 17:24:30][WildStr][svchost.exe]

[Throw dll injection][27/06/2025 17:24:30][WildStr][svchost.exe]

[Throw dll injection][27/06/2025 17:24:30][WildStr][svchost.exe]

[Throw dll injection][27/06/2025 17:24:30][WildStr][svchost.exe]

[Throw dll injection][27/06/2025 17:24:30][WildStr][svchost.exe]

[Throw dll injection][27/06/2025 17:24:30][WildStr][svchost.exe]

[Throw dll injection][27/06/2025 17:24:30][WildStr][svchost.exe]

[Throw dll injection][27/06/2025 17:24:30][WildStr][svchost.exe]

[Throw dll injection][27/06/2025 17:24:30][WildStr][MpDefenderCoreService.exe]

[Throw dll injection][27/06/2025 17:24:30][WildStr][svchost.exe]

[Throw dll injection][27/06/2025 17:24:30][WildStr][MsMpEng.exe]
Service.exe]

[Throw dll injection][27/06/2025 17:24:30][WildStr][MsMpEng.exe]

[Throw dll injection][27/06/2025 17:24:30][WildStr][SearchIndexer.exe]

[Throw dll injection][27/06/2025 17:24:30][WildStr][SearchIndexer.exe]

[Throw dll injection][27/06/2025 17:24:30][WildStr][AggregatorHost.exe]

[Throw dll injection][27/06/2025 17:24:30][WildStr][AggregatorHost.exe]

[Throw dll injection][27/06/2025 17:24:30][WildStr][dllhost.exe]

[Throw dll injection][27/06/2025 17:24:30][WildStr][dllhost.exe]

[Throw dll injection][27/06/2025 17:24:30][WildStr][svchost.exe]

[Throw dll injection][27/06/2025 17:24:30][WildStr][svchost.exe]

[Throw dll injection][27/06/2025 17:24:30][WildStr][NisSrv.exe]

[Throw dll injection][27/06/2025 17:24:30][WildStr][NisSrv.exe]

[Throw dll injection][27/06/2025 17:24:30][WildStr][sihost.exe]

[Throw dll injection][27/06/2025 17:24:30][WildStr][sihost.exe]

[Throw dll injection][27/06/2025 17:24:30][WildStr][svchost.exe]

[Throw dll injection][27/06/2025 17:24:30][WildStr][svchost.exe]

[Throw dll injection][27/06/2025 17:24:30][WildStr][svchost.exe]

[Throw dll injection][27/06/2025 17:24:30][WildStr][taskhostw.exe]

[Throw dll injection][27/06/2025 17:24:30][WildStr][taskhostw.exe]

[Throw dll injection][27/06/2025 17:24:30][WildStr][MicrosoftEdgeUpdate.exe]

[Throw dll injection][27/06/2025 17:24:30][WildStr][MicrosoftEdgeUpdate.exe]

[Throw dll injection][27/06/2025 17:24:30][WildStr][svchost.exe]

[Throw dll injection][27/06/2025 17:24:30][WildStr][svchost.exe]

[Throw dll injection][27/06/2025 17:24:30][WildStr][ctfmon.exe]

[Throw dll injection][27/06/2025 17:24:30][WildStr][ctfmon.exe]

[Throw dll injection][27/06/2025 17:24:30][WildStr][svchost.exe]

[Throw dll injection][27/06/2025 17:24:30][WildStr][svchost.exe]

[Throw dll injection][27/06/2025 17:24:30][WildStr][svchost.exe]

[Throw dll injection][27/06/2025 17:24:30][WildStr][svchost.exe]

[Throw dll injection][27/06/2025 17:24:30][WildStr][explorer.exe]

[Throw dll injection][27/06/2025 17:24:30][WildStr][explorer.exe]

[Throw dll injection][27/06/2025 17:24:30][WildStr][svchost.exe]

[Throw dll injection][27/06/2025 17:24:30][WildStr][svchost.exe]

[Throw dll injection][27/06/2025 17:24:30][WildStr][StartMenuExperienceHost.exe]

[Throw dll injection][27/06/2025 17:24:30][WildStr][StartMenuExperienceHost.exe]

[Throw dll injection][27/06/2025 17:24:30][WildStr][RuntimeBroker.exe]

[Throw dll injection][27/06/2025 17:24:30][WildStr][RuntimeBroker.exe]

[Throw dll injection][27/06/2025 17:24:30][WildStr][SearchApp.exe]

[Throw dll injection][27/06/2025 17:24:30][WildStr][SearchApp.exe]

[Throw dll injection][27/06/2025 17:24:30][WildStr][svchost.exe]

[Throw dll injection][27/06/2025 17:24:30][WildStr][svchost.exe]

[Throw dll injection][27/06/2025 17:24:30][WildStr][RuntimeBroker.exe]

[Throw dll injection][27/06/2025 17:24:30][WildStr][RuntimeBroker.exe]

[Throw dll injection][27/06/2025 17:24:30][WildStr][RuntimeBroker.exe]

[Throw dll injection][27/06/2025 17:24:30][WildStr][RuntimeBroker.exe]

[Throw dll injection][27/06/2025 17:24:30][WildStr][svchost.exe]

[Throw dll injection][27/06/2025 17:24:30][WildStr][svchost.exe]

[Throw dll injection][27/06/2025 17:24:30][WildStr][SecurityHealthSystray.exe]

[Throw dll injection][27/06/2025 17:24:30][WildStr][SecurityHealthSystray.exe]

[Throw dll injection][27/06/2025 17:24:30][WildStr][SecurityHealthService.exe]

[Throw dll injection][27/06/2025 17:24:30][WildStr][SecurityHealthService.exe]

[Throw dll injection][27/06/2025 17:24:30][WildStr][VBoxTray.exe]

[Throw dll injection][27/06/2025 17:24:30][WildStr][VBoxTray.exe]

[Throw dll injection][27/06/2025 17:24:30][WildStr][OneDrive.exe]

[Throw dll injection][27/06/2025 17:24:30][WildStr][OneDrive.exe]

[Throw dll injection][27/06/2025 17:24:30][WildStr][svchost.exe]

[Throw dll injection][27/06/2025 17:24:30][WildStr][svchost.exe]

[Throw dll injection][27/06/2025 17:24:30][WildStr][svchost.exe]

[Throw dll injection][27/06/2025 17:24:30][WildStr][svchost.exe]

[Throw dll injection][27/06/2025 17:24:30][WildStr][svchost.exe]

[Throw dll injection][27/06/2025 17:24:30][WildStr][svchost.exe]

[Throw dll injection][27/06/2025 17:24:30][WildStr][svchost.exe]

[Throw dll injection][27/06/2025 17:24:30][WildStr][svchost.exe]

[Throw dll injection][27/06/2025 17:24:30][WildStr][svchost.exe]

[Throw dll injection][27/06/2025 17:24:30][WildStr][svchost.exe]

[Throw dll injection][27/06/2025 17:24:30][WildStr][TextInputHost.exe]

[Throw dll injection][27/06/2025 17:24:30][WildStr][TextInputHost.exe]

[Throw dll injection][27/06/2025 17:24:30][WildStr][ApplicationFrameHost.exe]

[Throw dll injection][27/06/2025 17:24:30][WildStr][ApplicationFrameHost.exe]

[Throw dll injection][27/06/2025 17:24:30][WildStr][SystemSettings.exe]

[Throw dll injection][27/06/2025 17:24:30][WildStr][SystemSettings.exe]

[Throw dll injection][27/06/2025 17:24:30][WildStr][UserOOBEBroker.exe]

[Throw dll injection][27/06/2025 17:24:30][WildStr][UserOOBEBroker.exe]

[Throw dll injection][27/06/2025 17:24:30][WildStr][SearchApp.exe]

[Throw dll injection][27/06/2025 17:24:30][WildStr][SearchApp.exe]

[Throw dll injection][27/06/2025 17:24:30][WildStr][msedgewebview2.exe]

[Throw dll injection][27/06/2025 17:24:30][WildStr][msedgewebview2.exe]

[Throw dll injection][27/06/2025 17:24:30][WildStr][msedgewebview2.exe]

[Throw dll injection][27/06/2025 17:24:30][WildStr][msedgewebview2.exe]

[Throw dll injection][27/06/2025 17:24:30][WildStr][msedgewebview2.exe]

[Throw dll injection][27/06/2025 17:24:30][WildStr][msedgewebview2.exe]

[Throw dll injection][27/06/2025 17:24:30][WildStr][msedgewebview2.exe]

[Throw dll injection][27/06/2025 17:24:30][WildStr][msedgewebview2.exe]

[Throw dll injection][27/06/2025 17:24:30][WildStr][msedgewebview2.exe]

[Throw dll injection][27/06/2025 17:24:30][WildStr][msedgewebview2.exe]

[Throw dll injection][27/06/2025 17:24:30][WildStr][msedgewebview2.exe]

[Throw dll injection][27/06/2025 17:24:30][WildStr][msedgewebview2.exe]

[Throw dll injection][27/06/2025 17:24:30][WildStr][FileCoAuth.exe]

[Throw dll injection][27/06/2025 17:24:30][WildStr][FileCoAuth.exe]

[Throw dll injection][27/06/2025 17:24:30][WildStr][svchost.exe]

[Throw dll injection][27/06/2025 17:24:30][WildStr][svchost.exe]

[Throw dll injection][27/06/2025 17:24:30][WildStr][msedge.exe]

[Throw dll injection][27/06/2025 17:24:30][WildStr][msedge.exe]

[Throw dll injection][27/06/2025 17:24:30][WildStr][msedge.exe]

[Throw dll injection][27/06/2025 17:24:30][WildStr][msedge.exe]

[Throw dll injection][27/06/2025 17:24:30][WildStr][msedge.exe]

[Throw dll injection][27/06/2025 17:24:30][WildStr][msedge.exe]

[Throw dll injection][27/06/2025 17:24:30][WildStr][msedge.exe]

[Throw dll injection][27/06/2025 17:24:30][WildStr][msedge.exe]

[Throw dll injection][27/06/2025 17:24:30][WildStr][svchost.exe]

[Throw dll injection][27/06/2025 17:24:30][WildStr][svchost.exe]

[Throw dll injection][27/06/2025 17:24:30][WildStr][svchost.exe]

[Throw dll injection][27/06/2025 17:24:30][WildStr][svchost.exe]

[Throw dll injection][27/06/2025 17:24:30][WildStr][svchost.exe]

[Throw dll injection][27/06/2025 17:24:30][WildStr][svchost.exe]

[Throw dll injection][27/06/2025 17:24:30][WildStr][dllhost.exe]

[Throw dll injection][27/06/2025 17:24:30][WildStr][dllhost.exe]

[Throw dll injection][27/06/2025 17:24:30][WildStr][ShellExperienceHost.exe]

[Throw dll injection][27/06/2025 17:24:30][WildStr][ShellExperienceHost.exe]

[Throw dll injection][27/06/2025 17:24:30][WildStr][RuntimeBroker.exe]

[Throw dll injection][27/06/2025 17:24:30][WildStr][RuntimeBroker.exe]

[Throw dll injection][27/06/2025 17:24:30][WildStr][powershell.exe]

[Throw dll injection][27/06/2025 17:24:30][WildStr][powershell.exe]

[Throw dll injection][27/06/2025 17:24:30][WildStr][conhost.exe]

[Throw dll injection][27/06/2025 17:24:30][WildStr][conhost.exe]

[Throw dll injection][27/06/2025 17:24:30][WildStr][cmd.exe]

[Throw dll injection][27/06/2025 17:24:30][WildStr][cmd.exe]

[Throw dll injection][27/06/2025 17:24:30][WildStr][conhost.exe]

[Throw dll injection][27/06/2025 17:24:30][WildStr][conhost.exe]

[Throw dll injection][27/06/2025 17:24:30][WildStr][powershell.exe]

[Throw dll injection][27/06/2025 17:24:30][WildStr][powershell.exe]

[Throw dll injection][27/06/2025 17:24:30][WildStr][Code.exe]

[Throw dll injection][27/06/2025 17:24:30][WildStr][Code.exe]

[Throw dll injection][27/06/2025 17:24:30][WildStr][Code.exe]

[Throw dll injection][27/06/2025 17:24:30][WildStr][Code.exe]

[Throw dll injection][27/06/2025 17:24:30][WildStr][Code.exe]

[Throw dll injection][27/06/2025 17:24:30][WildStr][Code.exe]

[Throw dll injection][27/06/2025 17:24:30][WildStr][Code.exe]

[Throw dll injection][27/06/2025 17:24:30][WildStr][Code.exe]

[Throw dll injection][27/06/2025 17:24:30][WildStr][Code.exe]

[Throw dll injection][27/06/2025 17:24:30][WildStr][Code.exe]

[Throw dll injection][27/06/2025 17:24:30][WildStr][Code.exe]

[Throw dll injection][27/06/2025 17:24:30][WildStr][Code.exe]

[Throw dll injection][27/06/2025 17:24:30][WildStr][Code.exe]

[Throw dll injection][27/06/2025 17:24:30][WildStr][Code.exe]

[Throw dll injection][27/06/2025 17:24:30][WildStr][Code.exe]

[Throw dll injection][27/06/2025 17:24:30][WildStr][Code.exe]

[Throw dll injection][27/06/2025 17:24:30][WildStr][cpptools.exe]

[Throw dll injection][27/06/2025 17:24:30][WildStr][cpptools.exe]

[Throw dll injection][27/06/2025 17:24:30][WildStr][conhost.exe]

[Throw dll injection][27/06/2025 17:24:30][WildStr][conhost.exe]

[Throw dll injection][27/06/2025 17:24:30][WildStr][Code.exe]

[Throw dll injection][27/06/2025 17:24:30][WildStr][Code.exe]

[Throw dll injection][27/06/2025 17:24:30][WildStr][cpptools.exe]

[Throw dll injection][27/06/2025 17:24:30][WildStr][cpptools.exe]

[Throw dll injection][27/06/2025 17:24:30][WildStr][cpptools-srv.exe]

[Throw dll injection][27/06/2025 17:24:30][WildStr][cpptools-srv.exe]

[Throw dll injection][27/06/2025 17:24:30][WildStr][conhost.exe]

[Throw dll injection][27/06/2025 17:24:30][WildStr][conhost.exe]

[Throw dll injection][27/06/2025 17:24:30][WildStr][svchost.exe]

[Throw dll injection][27/06/2025 17:24:30][WildStr][svchost.exe]

[Throw dll injection][27/06/2025 17:24:30][WildStr][svchost.exe]

[Throw dll injection][27/06/2025 17:24:30][WildStr][svchost.exe]

[Throw dll injection][27/06/2025 17:24:30][WildStr][Code.exe]

[Throw dll injection][27/06/2025 17:24:30][WildStr][Code.exe]

[Throw dll injection][27/06/2025 17:24:30][WildStr][conhost.exe]

[Throw dll injection][27/06/2025 17:24:30][WildStr][conhost.exe]

[Throw dll injection][27/06/2025 17:24:30][WildStr][powershell.exe]

[Throw dll injection][27/06/2025 17:24:30][WildStr][vctip.exe]

[Throw dll injection][27/06/2025 17:24:30][WildStr][cpptools-srv.exe]

[Throw dll injection][27/06/2025 17:24:30][WildStr][conhost.exe]

[Throw dll injection][27/06/2025 17:24:30][WildStr][conhost.exe]

[Throw dll injection][27/06/2025 17:24:30][WildStr][svchost.exe]

[Throw dll injection][27/06/2025 17:24:30][WildStr][svchost.exe]

[Throw dll injection][27/06/2025 17:24:30][WildStr][smartscreen.exe]

[Throw dll injection][27/06/2025 17:24:30][WildStr][smartscreen.exe]

[Throw dll injection][27/06/2025 17:24:30][WildStr][Taskmgr.exe]

[Throw dll injection][27/06/2025 17:24:30][WildStr][conhost.exe]

[Throw dll injection][27/06/2025 17:24:30][WildStr][powershell.exe]

[Throw dll injection][27/06/2025 17:24:30][WildStr][powershell.exe]

[Throw dll injection][27/06/2025 17:24:30][WildStr][test.exe]

[Throw dll injection][27/06/2025 17:24:30][WildStr][test.exe]

[Throw dll injection][27/06/2025 17:24:31][WildStr][System]

[Throw dll injection][27/06/2025 17:24:31][WildStr][Registry]

[Throw dll injection][27/06/2025 17:24:31][WildStr][Registry]

[Throw dll injection][27/06/2025 17:24:31][WildStr][smss.exe]

[Throw dll injection][27/06/2025 17:24:31][WildStr][smss.exe]


[Throw dll injection][27/06/2025 17:24:31][WildStr][wininit.exe]

[Throw dll injection][27/06/2025 17:24:31][WildStr][csrss.exe]

[Throw dll injection][27/06/2025 17:24:31][WildStr][csrss.exe]

[Throw dll injection][27/06/2025 17:24:31][WildStr][wininit.exe]

[Throw dll injection][27/06/2025 17:24:31][WildStr][winlogon.exe]

[Throw dll injection][27/06/2025 17:24:31][WildStr][services.exe]

[Throw dll injection][27/06/2025 17:24:31][WildStr][lsass.exe]

[Throw dll injection][27/06/2025 17:24:31][WildStr][winlogon.exe]

[Throw dll injection][27/06/2025 17:24:31][WildStr][svchost.exe]

[Throw dll injection][27/06/2025 17:24:31][WildStr][services.exe]

[Throw dll injection][27/06/2025 17:24:31][WildStr][fontdrvhost.exe]

[Throw dll injection][27/06/2025 17:24:31][WildStr][lsass.exe]

[Throw dll injection][27/06/2025 17:24:31][WildStr][fontdrvhost.exe]

[Throw dll injection][27/06/2025 17:24:31][WildStr][svchost.exe]

[Throw dll injection][27/06/2025 17:24:31][WildStr][svchost.exe]

[Throw dll injection][27/06/2025 17:24:31][WildStr][fontdrvhost.exe]

[Throw dll injection][27/06/2025 17:24:31][WildStr][svchost.exe]

[Throw dll injection][27/06/2025 17:24:31][WildStr][fontdrvhost.exe]

[Throw dll injection][27/06/2025 17:24:31][WildStr][dwm.exe]

[Throw dll injection][27/06/2025 17:24:31][WildStr][svchost.exe]

[Throw dll injection][27/06/2025 17:24:31][WildStr][svchost.exe]

[Throw dll injection][27/06/2025 17:24:31][WildStr][svchost.exe]

[Throw dll injection][27/06/2025 17:24:31][WildStr][svchost.exe]

[Throw dll injection][27/06/2025 17:24:31][WildStr][dwm.exe]

[Throw dll injection][27/06/2025 17:24:31][WildStr][svchost.exe]

[Throw dll injection][27/06/2025 17:24:31][WildStr][svchost.exe]

[Throw dll injection][27/06/2025 17:24:31][WildStr][svchost.exe]

[Throw dll injection][27/06/2025 17:24:31][WildStr][svchost.exe]

[Throw dll injection][27/06/2025 17:24:31][WildStr][svchost.exe]

[Throw dll injection][27/06/2025 17:24:31][WildStr][svchost.exe]

[Throw dll injection][27/06/2025 17:24:31][WildStr][svchost.exe]

[Throw dll injection][27/06/2025 17:24:31][WildStr][svchost.exe]

[Throw dll injection][27/06/2025 17:24:31][WildStr][svchost.exe]

[Throw dll injection][27/06/2025 17:24:31][WildStr][svchost.exe]

[Throw dll injection][27/06/2025 17:24:31][WildStr][svchost.exe]

[Throw dll injection][27/06/2025 17:24:31][WildStr][svchost.exe]

[Throw dll injection][27/06/2025 17:24:31][WildStr][svchost.exe]

[Throw dll injection][27/06/2025 17:24:31][WildStr][svchost.exe]

[Throw dll injection][27/06/2025 17:24:31][WildStr][svchost.exe]

[Throw dll injection][27/06/2025 17:24:31][WildStr][svchost.exe]

[Throw dll injection][27/06/2025 17:24:31][WildStr][svchost.exe]

[Throw dll injection][27/06/2025 17:24:31][WildStr][svchost.exe]

[Throw dll injection][27/06/2025 17:24:31][WildStr][svchost.exe]

[Throw dll injection][27/06/2025 17:24:31][WildStr][svchost.exe]

[Throw dll injection][27/06/2025 17:24:31][WildStr][svchost.exe]

[Throw dll injection][27/06/2025 17:24:31][WildStr][svchost.exe]

[Throw dll injection][27/06/2025 17:24:31][WildStr][VBoxService.exe]

[Throw dll injection][27/06/2025 17:24:31][WildStr][svchost.exe]

[Throw dll injection][27/06/2025 17:24:31][WildStr][svchost.exe]

[Throw dll injection][27/06/2025 17:24:31][WildStr][svchost.exe]

[Throw dll injection][27/06/2025 17:24:31][WildStr][svchost.exe]

[Throw dll injection][27/06/2025 17:24:31][WildStr][VBoxService.exe]

[Throw dll injection][27/06/2025 17:24:31][WildStr][svchost.exe]

[Throw dll injection][27/06/2025 17:24:31][WildStr][svchost.exe]

[Throw dll injection][27/06/2025 17:24:31][WildStr][svchost.exe]

[Throw dll injection][27/06/2025 17:24:31][WildStr][svchost.exe]

[Throw dll injection][27/06/2025 17:24:31][WildStr][svchost.exe]

[Throw dll injection][27/06/2025 17:24:31][WildStr][svchost.exe]

[Throw dll injection][27/06/2025 17:24:31][WildStr][svchost.exe]

[Throw dll injection][27/06/2025 17:24:31][WildStr][svchost.exe]

[Throw dll injection][27/06/2025 17:24:31][WildStr][Memory Compression]

[Throw dll injection][27/06/2025 17:24:31][WildStr][svchost.exe]

[Throw dll injection][27/06/2025 17:24:31][WildStr][svchost.exe]

[Throw dll injection][27/06/2025 17:24:31][WildStr][svchost.exe]

[Throw dll injection][27/06/2025 17:24:31][WildStr][svchost.exe]

[Throw dll injection][27/06/2025 17:24:31][WildStr][Memory Compression]

[Throw dll injection][27/06/2025 17:24:31][WildStr][svchost.exe]

[Throw dll injection][27/06/2025 17:24:31][WildStr][svchost.exe]

[Throw dll injection][27/06/2025 17:24:31][WildStr][svchost.exe]

[Throw dll injection][27/06/2025 17:24:31][WildStr][svchost.exe]

[Throw dll injection][27/06/2025 17:24:31][WildStr][svchost.exe]

[Throw dll injection][27/06/2025 17:24:31][WildStr][svchost.exe]

[Throw dll injection][27/06/2025 17:24:31][WildStr][svchost.exe]

[Throw dll injection][27/06/2025 17:24:31][WildStr][svchost.exe]

[Throw dll injection][27/06/2025 17:24:31][WildStr][svchost.exe]

[Throw dll injection][27/06/2025 17:24:31][WildStr][svchost.exe]

[Throw dll injection][27/06/2025 17:24:31][WildStr][svchost.exe]

[Throw dll injection][27/06/2025 17:24:31][WildStr][svchost.exe]

[Throw dll injection][27/06/2025 17:24:31][WildStr][spoolsv.exe]

[Throw dll injection][27/06/2025 17:24:31][WildStr][svchost.exe]

[Throw dll injection][27/06/2025 17:24:31][WildStr][svchost.exe]

[Throw dll injection][27/06/2025 17:24:31][WildStr][svchost.exe]

[Throw dll injection][27/06/2025 17:24:31][WildStr][svchost.exe]

[Throw dll injection][27/06/2025 17:24:31][WildStr][spoolsv.exe]

[Throw dll injection][27/06/2025 17:24:31][WildStr][svchost.exe]

[Throw dll injection][27/06/2025 17:24:31][WildStr][svchost.exe]

[Throw dll injection][27/06/2025 17:24:31][WildStr][svchost.exe]

[Throw dll injection][27/06/2025 17:24:31][WildStr][svchost.exe]

[Throw dll injection][27/06/2025 17:24:31][WildStr][ssh-agent.exe]

[Throw dll injection][27/06/2025 17:24:31][WildStr][svchost.exe]

[Throw dll injection][27/06/2025 17:24:31][WildStr][sshd.exe]

[Throw dll injection][27/06/2025 17:24:31][WildStr][svchost.exe]

[Throw dll injection][27/06/2025 17:24:31][WildStr][svchost.exe]

[Throw dll injection][27/06/2025 17:24:31][WildStr][ssh-agent.exe]

[Throw dll injection][27/06/2025 17:24:31][WildStr][svchost.exe]

[Throw dll injection][27/06/2025 17:24:31][WildStr][sshd.exe]

[Throw dll injection][27/06/2025 17:24:31][WildStr][svchost.exe]

[Throw dll injection][27/06/2025 17:24:31][WildStr][svchost.exe]

[Throw dll injection][27/06/2025 17:24:31][WildStr][svchost.exe]

[Throw dll injection][27/06/2025 17:24:31][WildStr][svchost.exe]

[Throw dll injection][27/06/2025 17:24:31][WildStr][svchost.exe]

[Throw dll injection][27/06/2025 17:24:31][WildStr][svchost.exe]

[Throw dll injection][27/06/2025 17:24:31][WildStr][svchost.exe]

[Throw dll injection][27/06/2025 17:24:31][WildStr][svchost.exe]

[Throw dll injection][27/06/2025 17:24:31][WildStr][svchost.exe]

[Throw dll injection][27/06/2025 17:24:31][WildStr][svchost.exe]

[Throw dll injection][27/06/2025 17:24:31][WildStr][svchost.exe]

[Throw dll injection][27/06/2025 17:24:31][WildStr][svchost.exe]

[Throw dll injection][27/06/2025 17:24:31][WildStr][svchost.exe]

[Throw dll injection][27/06/2025 17:24:31][WildStr][svchost.exe]

[Throw dll injection][27/06/2025 17:24:31][WildStr][MpDefenderCoreService.exe]

[Throw dll injection][27/06/2025 17:24:31][WildStr][svchost.exe]

[Throw dll injection][27/06/2025 17:24:31][WildStr][MsMpEng.exe]

[Throw dll injection][27/06/2025 17:24:31][WildStr][svchost.exe]

[Throw dll injection][27/06/2025 17:24:31][WildStr][SearchIndexer.exe]

[Throw dll injection][27/06/2025 17:24:31][WildStr][MpDefenderCoreService.exe]

[Throw dll injection][27/06/2025 17:24:31][WildStr][AggregatorHost.exe]

[Throw dll injection][27/06/2025 17:24:31][WildStr][MsMpEng.exe]

[Throw dll injection][27/06/2025 17:24:31][WildStr][dllhost.exe]

[Throw dll injection][27/06/2025 17:24:31][WildStr][SearchIndexer.exe]

[Throw dll injection][27/06/2025 17:24:31][WildStr][svchost.exe]

[Throw dll injection][27/06/2025 17:24:31][WildStr][AggregatorHost.exe]

[Throw dll injection][27/06/2025 17:24:31][WildStr][NisSrv.exe]

[Throw dll injection][27/06/2025 17:24:31][WildStr][dllhost.exe]

[Throw dll injection][27/06/2025 17:24:31][WildStr][sihost.exe]

[Throw dll injection][27/06/2025 17:24:31][WildStr][svchost.exe]

[Throw dll injection][27/06/2025 17:24:31][WildStr][svchost.exe]

[Throw dll injection][27/06/2025 17:24:31][WildStr][NisSrv.exe]

[Throw dll injection][27/06/2025 17:24:31][WildStr][svchost.exe]

[Throw dll injection][27/06/2025 17:24:31][WildStr][sihost.exe]

[Throw dll injection][27/06/2025 17:24:31][WildStr][taskhostw.exe]

[Throw dll injection][27/06/2025 17:24:31][WildStr][svchost.exe]

[Throw dll injection][27/06/2025 17:24:31][WildStr][MicrosoftEdgeUpdate.exe]

[Throw dll injection][27/06/2025 17:24:31][WildStr][svchost.exe]

[Throw dll injection][27/06/2025 17:24:31][WildStr][svchost.exe]

[Throw dll injection][27/06/2025 17:24:31][WildStr][taskhostw.exe]

[Throw dll injection][27/06/2025 17:24:31][WildStr][ctfmon.exe]

[Throw dll injection][27/06/2025 17:24:31][WildStr][MicrosoftEdgeUpdate.exe]

[Throw dll injection][27/06/2025 17:24:31][WildStr][svchost.exe]

[Throw dll injection][27/06/2025 17:24:31][WildStr][svchost.exe]

[Throw dll injection][27/06/2025 17:24:31][WildStr][svchost.exe]

[Throw dll injection][27/06/2025 17:24:31][WildStr][ctfmon.exe]

[Throw dll injection][27/06/2025 17:24:31][WildStr][explorer.exe]

[Throw dll injection][27/06/2025 17:24:31][WildStr][svchost.exe]

[Throw dll injection][27/06/2025 17:24:31][WildStr][svchost.exe]

[Throw dll injection][27/06/2025 17:24:31][WildStr][svchost.exe]

[Throw dll injection][27/06/2025 17:24:31][WildStr][StartMenuExperienceHost.exe]

[Throw dll injection][27/06/2025 17:24:31][WildStr][explorer.exe]

[Throw dll injection][27/06/2025 17:24:31][WildStr][RuntimeBroker.exe]

[Throw dll injection][27/06/2025 17:24:31][WildStr][svchost.exe]

[Throw dll injection][27/06/2025 17:24:31][WildStr][SearchApp.exe]

[Throw dll injection][27/06/2025 17:24:31][WildStr][StartMenuExperienceHost.exe]

[Throw dll injection][27/06/2025 17:24:31][WildStr][svchost.exe]

[Throw dll injection][27/06/2025 17:24:31][WildStr][RuntimeBroker.exe]

[Throw dll injection][27/06/2025 17:24:31][WildStr][RuntimeBroker.exe]

[Throw dll injection][27/06/2025 17:24:31][WildStr][SearchApp.exe]

[Throw dll injection][27/06/2025 17:24:31][WildStr][RuntimeBroker.exe]

[Throw dll injection][27/06/2025 17:24:31][WildStr][svchost.exe]

[Throw dll injection][27/06/2025 17:24:31][WildStr][svchost.exe]

[Throw dll injection][27/06/2025 17:24:31][WildStr][RuntimeBroker.exe]

[Throw dll injection][27/06/2025 17:24:31][WildStr][SecurityHealthSystray.exe]

[Throw dll injection][27/06/2025 17:24:31][WildStr][RuntimeBroker.exe]

[Throw dll injection][27/06/2025 17:24:31][WildStr][SecurityHealthService.exe]

[Throw dll injection][27/06/2025 17:24:31][WildStr][svchost.exe]

[Throw dll injection][27/06/2025 17:24:31][WildStr][VBoxTray.exe]

[Throw dll injection][27/06/2025 17:24:31][WildStr][SecurityHealthSystray.exe]

[Throw dll injection][27/06/2025 17:24:31][WildStr][OneDrive.exe]

[Throw dll injection][27/06/2025 17:24:31][WildStr][SecurityHealthService.exe]

[Throw dll injection][27/06/2025 17:24:31][WildStr][svchost.exe]

[Throw dll injection][27/06/2025 17:24:31][WildStr][VBoxTray.exe]

[Throw dll injection][27/06/2025 17:24:31][WildStr][svchost.exe]

[Throw dll injection][27/06/2025 17:24:31][WildStr][OneDrive.exe]

[Throw dll injection][27/06/2025 17:24:31][WildStr][svchost.exe]

[Throw dll injection][27/06/2025 17:24:31][WildStr][svchost.exe]

[Throw dll injection][27/06/2025 17:24:31][WildStr][svchost.exe]

[Throw dll injection][27/06/2025 17:24:31][WildStr][svchost.exe]

[Throw dll injection][27/06/2025 17:24:31][WildStr][svchost.exe]

[Throw dll injection][27/06/2025 17:24:31][WildStr][svchost.exe]

[Throw dll injection][27/06/2025 17:24:31][WildStr][svchost.exe]

[Throw dll injection][27/06/2025 17:24:31][WildStr][svchost.exe]

[Throw dll injection][27/06/2025 17:24:31][WildStr][TextInputHost.exe]

[Throw dll injection][27/06/2025 17:24:31][WildStr][svchost.exe]

[Throw dll injection][27/06/2025 17:24:31][WildStr][ApplicationFrameHost.exe]

[Throw dll injection][27/06/2025 17:24:31][WildStr][svchost.exe]

[Throw dll injection][27/06/2025 17:24:31][WildStr][SystemSettings.exe]

[Throw dll injection][27/06/2025 17:24:31][WildStr][UserOOBEBroker.exe]

[Throw dll injection][27/06/2025 17:24:31][WildStr][ApplicationFrameHost.exe]

[Throw dll injection][27/06/2025 17:24:31][WildStr][SearchApp.exe]

[Throw dll injection][27/06/2025 17:24:31][WildStr][SystemSettings.exe]

[Throw dll injection][27/06/2025 17:24:31][WildStr][msedgewebview2.exe]

[Throw dll injection][27/06/2025 17:24:31][WildStr][UserOOBEBroker.exe]

[Throw dll injection][27/06/2025 17:24:31][WildStr][msedgewebview2.exe]

[Throw dll injection][27/06/2025 17:24:31][WildStr][SearchApp.exe]

[Throw dll injection][27/06/2025 17:24:31][WildStr][msedgewebview2.exe]

[Throw dll injection][27/06/2025 17:24:31][WildStr][msedgewebview2.exe]

[Throw dll injection][27/06/2025 17:24:31][WildStr][msedgewebview2.exe]

[Throw dll injection][27/06/2025 17:24:31][WildStr][msedgewebview2.exe]

[Throw dll injection][27/06/2025 17:24:31][WildStr][msedgewebview2.exe]

[Throw dll injection][27/06/2025 17:24:31][WildStr][msedgewebview2.exe]

[Throw dll injection][27/06/2025 17:24:31][WildStr][msedgewebview2.exe]

[Throw dll injection][27/06/2025 17:24:31][WildStr][msedgewebview2.exe]

[Throw dll injection][27/06/2025 17:24:31][WildStr][FileCoAuth.exe]

[Throw dll injection][27/06/2025 17:24:31][WildStr][msedgewebview2.exe]

[Throw dll injection][27/06/2025 17:24:31][WildStr][svchost.exe]

[Throw dll injection][27/06/2025 17:24:31][WildStr][msedgewebview2.exe]

[Throw dll injection][27/06/2025 17:24:31][WildStr][msedge.exe]

[Throw dll injection][27/06/2025 17:24:31][WildStr][FileCoAuth.exe]

[Throw dll injection][27/06/2025 17:24:31][WildStr][msedge.exe]

[Throw dll injection][27/06/2025 17:24:31][WildStr][svchost.exe]

[Throw dll injection][27/06/2025 17:24:31][WildStr][msedge.exe]

[Throw dll injection][27/06/2025 17:24:31][WildStr][msedge.exe]

[Throw dll injection][27/06/2025 17:24:31][WildStr][msedge.exe]

[Throw dll injection][27/06/2025 17:24:31][WildStr][msedge.exe]

[Throw dll injection][27/06/2025 17:24:31][WildStr][msedge.exe]

[Throw dll injection][27/06/2025 17:24:31][WildStr][msedge.exe]

[Throw dll injection][27/06/2025 17:24:31][WildStr][svchost.exe]

[Throw dll injection][27/06/2025 17:24:31][WildStr][msedge.exe]

[Throw dll injection][27/06/2025 17:24:31][WildStr][svchost.exe]

[Throw dll injection][27/06/2025 17:24:31][WildStr][msedge.exe]

[Throw dll injection][27/06/2025 17:24:31][WildStr][svchost.exe]

[Throw dll injection][27/06/2025 17:24:31][WildStr][svchost.exe]

[Throw dll injection][27/06/2025 17:24:31][WildStr][dllhost.exe]

[Throw dll injection][27/06/2025 17:24:31][WildStr][svchost.exe]

[Throw dll injection][27/06/2025 17:24:31][WildStr][ShellExperienceHost.exe]

[Throw dll injection][27/06/2025 17:24:31][WildStr][svchost.exe]

[Throw dll injection][27/06/2025 17:24:31][WildStr][RuntimeBroker.exe]

[Throw dll injection][27/06/2025 17:24:31][WildStr][dllhost.exe]

[Throw dll injection][27/06/2025 17:24:31][WildStr][powershell.exe]

[Throw dll injection][27/06/2025 17:24:31][WildStr][ShellExperienceHost.exe]

[Throw dll injection][27/06/2025 17:24:31][WildStr][conhost.exe]

[Throw dll injection][27/06/2025 17:24:31][WildStr][RuntimeBroker.exe]

[Throw dll injection][27/06/2025 17:24:31][WildStr][cmd.exe]

[Throw dll injection][27/06/2025 17:24:31][WildStr][powershell.exe]

[Throw dll injection][27/06/2025 17:24:31][WildStr][conhost.exe]

[Throw dll injection][27/06/2025 17:24:31][WildStr][conhost.exe]

[Throw dll injection][27/06/2025 17:24:31][WildStr][powershell.exe]

[Throw dll injection][27/06/2025 17:24:31][WildStr][cmd.exe]

[Throw dll injection][27/06/2025 17:24:31][WildStr][Code.exe]

[Throw dll injection][27/06/2025 17:24:31][WildStr][conhost.exe]

[Throw dll injection][27/06/2025 17:24:31][WildStr][Code.exe]

[Throw dll injection][27/06/2025 17:24:31][WildStr][powershell.exe]

[Throw dll injection][27/06/2025 17:24:31][WildStr][Code.exe]

[Throw dll injection][27/06/2025 17:24:31][WildStr][Code.exe]

[Throw dll injection][27/06/2025 17:24:31][WildStr][Code.exe]

[Throw dll injection][27/06/2025 17:24:31][WildStr][Code.exe]

[Throw dll injection][27/06/2025 17:24:31][WildStr][Code.exe]

[Throw dll injection][27/06/2025 17:24:31][WildStr][Code.exe]

[Throw dll injection][27/06/2025 17:24:31][WildStr][Code.exe]

[Throw dll injection][27/06/2025 17:24:31][WildStr][Code.exe]

[Throw dll injection][27/06/2025 17:24:31][WildStr][Code.exe]

[Throw dll injection][27/06/2025 17:24:31][WildStr][Code.exe]

[Throw dll injection][27/06/2025 17:24:31][WildStr][Code.exe]

[Throw dll injection][27/06/2025 17:24:31][WildStr][Code.exe]

[Throw dll injection][27/06/2025 17:24:31][WildStr][cpptools.exe]

[Throw dll injection][27/06/2025 17:24:31][WildStr][Code.exe]

[Throw dll injection][27/06/2025 17:24:31][WildStr][conhost.exe]

[Throw dll injection][27/06/2025 17:24:31][WildStr][Code.exe]

[Throw dll injection][27/06/2025 17:24:31][WildStr][Code.exe]

[Throw dll injection][27/06/2025 17:24:31][WildStr][cpptools.exe]

[Throw dll injection][27/06/2025 17:24:31][WildStr][cpptools.exe]

[Throw dll injection][27/06/2025 17:24:31][WildStr][conhost.exe]

[Throw dll injection][27/06/2025 17:24:31][WildStr][cpptools-srv.exe]

[Throw dll injection][27/06/2025 17:24:31][WildStr][Code.exe]

[Throw dll injection][27/06/2025 17:24:31][WildStr][conhost.exe]

[Throw dll injection][27/06/2025 17:24:31][WildStr][cpptools.exe]

[Throw dll injection][27/06/2025 17:24:31][WildStr][svchost.exe]

[Throw dll injection][27/06/2025 17:24:31][WildStr][cpptools-srv.exe]

[Throw dll injection][27/06/2025 17:24:31][WildStr][svchost.exe]

[Throw dll injection][27/06/2025 17:24:31][WildStr][conhost.exe]

[Throw dll injection][27/06/2025 17:24:31][WildStr][Code.exe]

[Throw dll injection][27/06/2025 17:24:31][WildStr][svchost.exe]

[Throw dll injection][27/06/2025 17:24:31][WildStr][svchost.exe]

[Throw dll injection][27/06/2025 17:24:31][WildStr][powershell.exe]

[Throw dll injection][27/06/2025 17:24:31][WildStr][Code.exe]

[Throw dll injection][27/06/2025 17:24:31][WildStr][vctip.exe]

[Throw dll injection][27/06/2025 17:24:31][WildStr][conhost.exe]

[Throw dll injection][27/06/2025 17:24:31][WildStr][cpptools-srv.exe]

[Throw dll injection][27/06/2025 17:24:31][WildStr][powershell.exe]

[Throw dll injection][27/06/2025 17:24:31][WildStr][conhost.exe]

[Throw dll injection][27/06/2025 17:24:31][WildStr][vctip.exe]

[Throw dll injection][27/06/2025 17:24:31][WildStr][svchost.exe]

[Throw dll injection][27/06/2025 17:24:31][WildStr][cpptools-srv.exe]

[Throw dll injection][27/06/2025 17:24:31][WildStr][smartscreen.exe]

[Throw dll injection][27/06/2025 17:24:31][WildStr][conhost.exe]

[Throw dll injection][27/06/2025 17:24:31][WildStr][Taskmgr.exe]

[Throw dll injection][27/06/2025 17:24:31][WildStr][svchost.exe]

[Throw dll injection][27/06/2025 17:24:31][WildStr][conhost.exe]

[Throw dll injection][27/06/2025 17:24:31][WildStr][smartscreen.exe]

[Throw dll injection][27/06/2025 17:24:31][WildStr][powershell.exe]

[Throw dll injection][27/06/2025 17:24:31][WildStr][Taskmgr.exe]

[Throw dll injection][27/06/2025 17:24:31][WildStr][test.exe]

[Throw dll injection][27/06/2025 17:24:31][WildStr][conhost.exe]

[Throw dll injection][27/06/2025 17:24:31][WildStr][powershell.exe]

[Throw dll injection][27/06/2025 17:24:31][WildStr][test.exe]

[Throw dll injection][27/06/2025 17:24:32][WildStr][System]

[Throw dll injection][27/06/2025 17:24:32][WildStr][System]

[Throw dll injection][27/06/2025 17:24:32][WildStr][Registry]

[Throw dll injection][27/06/2025 17:24:32][WildStr][Registry]

[Throw dll injection][27/06/2025 17:24:32][WildStr][smss.exe]

[Throw dll injection][27/06/2025 17:24:32][WildStr][smss.exe]

[Throw dll injection][27/06/2025 17:24:32][WildStr][csrss.exe]

[Throw dll injection][27/06/2025 17:24:32][WildStr][csrss.exe]

[Throw dll injection][27/06/2025 17:24:32][WildStr][wininit.exe]

[Throw dll injection][27/06/2025 17:24:32][WildStr][wininit.exe]

[Throw dll injection][27/06/2025 17:24:32][WildStr][csrss.exe]

[Throw dll injection][27/06/2025 17:24:32][WildStr][winlogon.exe]

[Throw dll injection][27/06/2025 17:24:32][WildStr][winlogon.exe]

[Throw dll injection][27/06/2025 17:24:32][WildStr][services.exe]

[Throw dll injection][27/06/2025 17:24:32][WildStr][lsass.exe]

[Throw dll injection][27/06/2025 17:24:32][WildStr][services.exe]

[Throw dll injection][27/06/2025 17:24:32][WildStr][svchost.exe]

[Throw dll injection][27/06/2025 17:24:32][WildStr][lsass.exe]

[Throw dll injection][27/06/2025 17:24:32][WildStr][fontdrvhost.exe]

[Throw dll injection][27/06/2025 17:24:32][WildStr][svchost.exe]

[Throw dll injection][27/06/2025 17:24:32][WildStr][fontdrvhost.exe]

[Throw dll injection][27/06/2025 17:24:32][WildStr][fontdrvhost.exe]

[Throw dll injection][27/06/2025 17:24:32][WildStr][fontdrvhost.exe]

[Throw dll injection][27/06/2025 17:24:32][WildStr][svchost.exe]

[Throw dll injection][27/06/2025 17:24:32][WildStr][svchost.exe]

[Throw dll injection][27/06/2025 17:24:32][WildStr][dwm.exe]
e]

[Throw dll injection][27/06/2025 17:24:32][WildStr][dwm.exe]

[Throw dll injection][27/06/2025 17:24:32][WildStr][svchost.exe]

[Throw dll injection][27/06/2025 17:24:32][WildStr][svchost.exe]

[Throw dll injection][27/06/2025 17:24:32][WildStr][svchost.exe]

[Throw dll injection][27/06/2025 17:24:32][WildStr][svchost.exe]

[Throw dll injection][27/06/2025 17:24:32][WildStr][svchost.exe]

[Throw dll injection][27/06/2025 17:24:32][WildStr][svchost.exe]

[Throw dll injection][27/06/2025 17:24:32][WildStr][svchost.exe]

[Throw dll injection][27/06/2025 17:24:32][WildStr][svchost.exe]

[Throw dll injection][27/06/2025 17:24:32][WildStr][svchost.exe]

[Throw dll injection][27/06/2025 17:24:32][WildStr][svchost.exe]

[Throw dll injection][27/06/2025 17:24:32][WildStr][svchost.exe]

[Throw dll injection][27/06/2025 17:24:32][WildStr][svchost.exe]

[Throw dll injection][27/06/2025 17:24:32][WildStr][svchost.exe]

[Throw dll injection][27/06/2025 17:24:32][WildStr][svchost.exe]

[Throw dll injection][27/06/2025 17:24:32][WildStr][svchost.exe]

[Throw dll injection][27/06/2025 17:24:32][WildStr][svchost.exe]

[Throw dll injection][27/06/2025 17:24:32][WildStr][svchost.exe]

[Throw dll injection][27/06/2025 17:24:32][WildStr][svchost.exe]

[Throw dll injection][27/06/2025 17:24:32][WildStr][svchost.exe]

[Throw dll injection][27/06/2025 17:24:32][WildStr][svchost.exe]

[Throw dll injection][27/06/2025 17:24:32][WildStr][svchost.exe]

[Throw dll injection][27/06/2025 17:24:32][WildStr][svchost.exe]

[Throw dll injection][27/06/2025 17:24:32][WildStr][VBoxService.exe]

[Throw dll injection][27/06/2025 17:24:32][WildStr][svchost.exe]

[Throw dll injection][27/06/2025 17:24:32][WildStr][svchost.exe]

[Throw dll injection][27/06/2025 17:24:32][WildStr][svchost.exe]

[Throw dll injection][27/06/2025 17:24:32][WildStr][VBoxService.exe]

[Throw dll injection][27/06/2025 17:24:32][WildStr][svchost.exe]

[Throw dll injection][27/06/2025 17:24:32][WildStr][svchost.exe]

[Throw dll injection][27/06/2025 17:24:32][WildStr][svchost.exe]

[Throw dll injection][27/06/2025 17:24:32][WildStr][svchost.exe]

[Throw dll injection][27/06/2025 17:24:32][WildStr][svchost.exe]

[Throw dll injection][27/06/2025 17:24:32][WildStr][svchost.exe]

[Throw dll injection][27/06/2025 17:24:32][WildStr][svchost.exe]

[Throw dll injection][27/06/2025 17:24:32][WildStr][svchost.exe]

[Throw dll injection][27/06/2025 17:24:32][WildStr][Memory Compression]

[Throw dll injection][27/06/2025 17:24:32][WildStr][svchost.exe]

[Throw dll injection][27/06/2025 17:24:32][WildStr][svchost.exe]

[Throw dll injection][27/06/2025 17:24:32][WildStr][Memory Compression]

[Throw dll injection][27/06/2025 17:24:32][WildStr][svchost.exe]

[Throw dll injection][27/06/2025 17:24:32][WildStr][svchost.exe]

[Throw dll injection][27/06/2025 17:24:32][WildStr][svchost.exe]

[Throw dll injection][27/06/2025 17:24:32][WildStr][svchost.exe]

[Throw dll injection][27/06/2025 17:24:32][WildStr][svchost.exe]

[Throw dll injection][27/06/2025 17:24:32][WildStr][svchost.exe]

[Throw dll injection][27/06/2025 17:24:32][WildStr][svchost.exe]

[Throw dll injection][27/06/2025 17:24:32][WildStr][svchost.exe]

[Throw dll injection][27/06/2025 17:24:32][WildStr][spoolsv.exe]

[Throw dll injection][27/06/2025 17:24:32][WildStr][svchost.exe]

[Throw dll injection][27/06/2025 17:24:32][WildStr][svchost.exe]

[Throw dll injection][27/06/2025 17:24:32][WildStr][svchost.exe]

[Throw dll injection][27/06/2025 17:24:32][WildStr][spoolsv.exe]

[Throw dll injection][27/06/2025 17:24:32][WildStr][svchost.exe]

[Throw dll injection][27/06/2025 17:24:32][WildStr][svchost.exe]

[Throw dll injection][27/06/2025 17:24:32][WildStr][svchost.exe]

[Throw dll injection][27/06/2025 17:24:32][WildStr][svchost.exe]

[Throw dll injection][27/06/2025 17:24:32][WildStr][svchost.exe]

[Throw dll injection][27/06/2025 17:24:32][WildStr][svchost.exe]

[Throw dll injection][27/06/2025 17:24:32][WildStr][svchost.exe]

[Throw dll injection][27/06/2025 17:24:32][WildStr][ssh-agent.exe]

[Throw dll injection][27/06/2025 17:24:32][WildStr][sshd.exe]

[Throw dll injection][27/06/2025 17:24:32][WildStr][ssh-agent.exe]

[Throw dll injection][27/06/2025 17:24:32][WildStr][svchost.exe]

[Throw dll injection][27/06/2025 17:24:32][WildStr][sshd.exe]

[Throw dll injection][27/06/2025 17:24:32][WildStr][svchost.exe]

[Throw dll injection][27/06/2025 17:24:32][WildStr][svchost.exe]

[Throw dll injection][27/06/2025 17:24:32][WildStr][svchost.exe]

[Throw dll injection][27/06/2025 17:24:32][WildStr][svchost.exe]

[Throw dll injection][27/06/2025 17:24:32][WildStr][svchost.exe]

[Throw dll injection][27/06/2025 17:24:32][WildStr][svchost.exe]

[Throw dll injection][27/06/2025 17:24:32][WildStr][svchost.exe]

[Throw dll injection][27/06/2025 17:24:32][WildStr][svchost.exe]

[Throw dll injection][27/06/2025 17:24:32][WildStr][svchost.exe]

[Throw dll injection][27/06/2025 17:24:32][WildStr][svchost.exe]

[Throw dll injection][27/06/2025 17:24:32][WildStr][svchost.exe]

[Throw dll injection][27/06/2025 17:24:32][WildStr][svchost.exe]

[Throw dll injection][27/06/2025 17:24:32][WildStr][svchost.exe]

[Throw dll injection][27/06/2025 17:24:32][WildStr][svchost.exe]

[Throw dll injection][27/06/2025 17:24:32][WildStr][svchost.exe]

[Throw dll injection][27/06/2025 17:24:32][WildStr][svchost.exe]

[Throw dll injection][27/06/2025 17:24:32][WildStr][MpDefenderCoreService.exe]

[Throw dll injection][27/06/2025 17:24:32][WildStr][svchost.exe]

[Throw dll injection][27/06/2025 17:24:32][WildStr][MsMpEng.exe]

[Throw dll injection][27/06/2025 17:24:32][WildStr][MpDefenderCoreService.exe]

[Throw dll injection][27/06/2025 17:24:32][WildStr][SearchIndexer.exe]

[Throw dll injection][27/06/2025 17:24:32][WildStr][MsMpEng.exe]

[Throw dll injection][27/06/2025 17:24:32][WildStr][AggregatorHost.exe]

[Throw dll injection][27/06/2025 17:24:32][WildStr][SearchIndexer.exe]

[Throw dll injection][27/06/2025 17:24:32][WildStr][dllhost.exe]

[Throw dll injection][27/06/2025 17:24:32][WildStr][AggregatorHost.exe]

[Throw dll injection][27/06/2025 17:24:32][WildStr][svchost.exe]

[Throw dll injection][27/06/2025 17:24:32][WildStr][dllhost.exe]

[Throw dll injection][27/06/2025 17:24:32][WildStr][NisSrv.exe]

[Throw dll injection][27/06/2025 17:24:32][WildStr][svchost.exe]

[Throw dll injection][27/06/2025 17:24:32][WildStr][sihost.exe]

[Throw dll injection][27/06/2025 17:24:32][WildStr][NisSrv.exe]

[Throw dll injection][27/06/2025 17:24:32][WildStr][svchost.exe]

[Throw dll injection][27/06/2025 17:24:32][WildStr][sihost.exe]

[Throw dll injection][27/06/2025 17:24:32][WildStr][svchost.exe]

[Throw dll injection][27/06/2025 17:24:32][WildStr][taskhostw.exe]

[Throw dll injection][27/06/2025 17:24:32][WildStr][MicrosoftEdgeUpdate.exe]

[Throw dll injection][27/06/2025 17:24:32][WildStr][svchost.exe]


[Throw dll injection][27/06/2025 17:24:32][WildStr][MicrosoftEdgeUpdate.exe]

[Throw dll injection][27/06/2025 17:24:32][WildStr][ctfmon.exe]

[Throw dll injection][27/06/2025 17:24:32][WildStr][svchost.exe]

[Throw dll injection][27/06/2025 17:24:32][WildStr][ctfmon.exe]

[Throw dll injection][27/06/2025 17:24:32][WildStr][svchost.exe]

[Throw dll injection][27/06/2025 17:24:32][WildStr][svchost.exe]

[Throw dll injection][27/06/2025 17:24:32][WildStr][svchost.exe]

[Throw dll injection][27/06/2025 17:24:32][WildStr][explorer.exe]

[Throw dll injection][27/06/2025 17:24:32][WildStr][explorer.exe]

[Throw dll injection][27/06/2025 17:24:32][WildStr][svchost.exe]

[Throw dll injection][27/06/2025 17:24:32][WildStr][svchost.exe]

[Throw dll injection][27/06/2025 17:24:32][WildStr][StartMenuExperienceHost.exe]

[Throw dll injection][27/06/2025 17:24:32][WildStr][StartMenuExperienceHost.exe]

[Throw dll injection][27/06/2025 17:24:32][WildStr][RuntimeBroker.exe]

[Throw dll injection][27/06/2025 17:24:32][WildStr][SearchApp.exe]
e]

[Throw dll injection][27/06/2025 17:24:32][WildStr][SearchApp.exe]

[Throw dll injection][27/06/2025 17:24:32][WildStr][svchost.exe]

[Throw dll injection][27/06/2025 17:24:32][WildStr][svchost.exe]

[Throw dll injection][27/06/2025 17:24:32][WildStr][RuntimeBroker.exe]

[Throw dll injection][27/06/2025 17:24:32][WildStr][RuntimeBroker.exe]

[Throw dll injection][27/06/2025 17:24:32][WildStr][RuntimeBroker.exe]

[Throw dll injection][27/06/2025 17:24:32][WildStr][RuntimeBroker.exe]

[Throw dll injection][27/06/2025 17:24:32][WildStr][svchost.exe]

[Throw dll injection][27/06/2025 17:24:32][WildStr][svchost.exe]

[Throw dll injection][27/06/2025 17:24:32][WildStr][SecurityHealthSystray.exe]

[Throw dll injection][27/06/2025 17:24:32][WildStr][SecurityHealthSystray.exe]

[Throw dll injection][27/06/2025 17:24:32][WildStr][SecurityHealthService.exe]

[Throw dll injection][27/06/2025 17:24:32][WildStr][SecurityHealthService.exe]

[Throw dll injection][27/06/2025 17:24:32][WildStr][VBoxTray.exe]

[Throw dll injection][27/06/2025 17:24:32][WildStr][VBoxTray.exe]

[Throw dll injection][27/06/2025 17:24:32][WildStr][OneDrive.exe]

[Throw dll injection][27/06/2025 17:24:32][WildStr][OneDrive.exe]

[Throw dll injection][27/06/2025 17:24:32][WildStr][svchost.exe]

[Throw dll injection][27/06/2025 17:24:32][WildStr][svchost.exe]

[Throw dll injection][27/06/2025 17:24:32][WildStr][svchost.exe]

[Throw dll injection][27/06/2025 17:24:32][WildStr][svchost.exe]

[Throw dll injection][27/06/2025 17:24:32][WildStr][svchost.exe]

[Throw dll injection][27/06/2025 17:24:32][WildStr][svchost.exe]

[Throw dll injection][27/06/2025 17:24:32][WildStr][svchost.exe]

[Throw dll injection][27/06/2025 17:24:32][WildStr][svchost.exe]

[Throw dll injection][27/06/2025 17:24:32][WildStr][svchost.exe]

[Throw dll injection][27/06/2025 17:24:32][WildStr][svchost.exe]

[Throw dll injection][27/06/2025 17:24:32][WildStr][svchost.exe]

[Throw dll injection][27/06/2025 17:24:32][WildStr][svchost.exe]

[Throw dll injection][27/06/2025 17:24:32][WildStr][TextInputHost.exe]

[Throw dll injection][27/06/2025 17:24:32][WildStr][TextInputHost.exe]

[Throw dll injection][27/06/2025 17:24:32][WildStr][ApplicationFrameHost.exe]

[Throw dll injection][27/06/2025 17:24:32][WildStr][ApplicationFrameHost.exe]

[Throw dll injection][27/06/2025 17:24:32][WildStr][SystemSettings.exe]

[Throw dll injection][27/06/2025 17:24:32][WildStr][SystemSettings.exe]

[Throw dll injection][27/06/2025 17:24:32][WildStr][UserOOBEBroker.exe]

[Throw dll injection][27/06/2025 17:24:32][WildStr][UserOOBEBroker.exe]

[Throw dll injection][27/06/2025 17:24:32][WildStr][SearchApp.exe]

[Throw dll injection][27/06/2025 17:24:32][WildStr][SearchApp.exe]

[Throw dll injection][27/06/2025 17:24:32][WildStr][msedgewebview2.exe]

[Throw dll injection][27/06/2025 17:24:32][WildStr][msedgewebview2.exe]

[Throw dll injection][27/06/2025 17:24:32][WildStr][msedgewebview2.exe]

[Throw dll injection][27/06/2025 17:24:32][WildStr][msedgewebview2.exe]

[Throw dll injection][27/06/2025 17:24:32][WildStr][msedgewebview2.exe]

[Throw dll injection][27/06/2025 17:24:32][WildStr][msedgewebview2.exe]

[Throw dll injection][27/06/2025 17:24:32][WildStr][msedgewebview2.exe]

[Throw dll injection][27/06/2025 17:24:32][WildStr][msedgewebview2.exe]

[Throw dll injection][27/06/2025 17:24:32][WildStr][msedgewebview2.exe]

[Throw dll injection][27/06/2025 17:24:32][WildStr][msedgewebview2.exe]

[Throw dll injection][27/06/2025 17:24:32][WildStr][msedgewebview2.exe]

[Throw dll injection][27/06/2025 17:24:32][WildStr][msedgewebview2.exe]

[Throw dll injection][27/06/2025 17:24:32][WildStr][FileCoAuth.exe]

[Throw dll injection][27/06/2025 17:24:32][WildStr][FileCoAuth.exe]

[Throw dll injection][27/06/2025 17:24:32][WildStr][svchost.exe]

[Throw dll injection][27/06/2025 17:24:32][WildStr][svchost.exe]

[Throw dll injection][27/06/2025 17:24:32][WildStr][msedge.exe]

[Throw dll injection][27/06/2025 17:24:32][WildStr][msedge.exe]

[Throw dll injection][27/06/2025 17:24:32][WildStr][msedge.exe]

[Throw dll injection][27/06/2025 17:24:32][WildStr][msedge.exe]

[Throw dll injection][27/06/2025 17:24:32][WildStr][msedge.exe]

[Throw dll injection][27/06/2025 17:24:32][WildStr][msedge.exe]

[Throw dll injection][27/06/2025 17:24:32][WildStr][msedge.exe]

[Throw dll injection][27/06/2025 17:24:32][WildStr][msedge.exe]

[Throw dll injection][27/06/2025 17:24:32][WildStr][msedge.exe]

[Throw dll injection][27/06/2025 17:24:32][WildStr][msedge.exe]

[Throw dll injection][27/06/2025 17:24:32][WildStr][svchost.exe]

[Throw dll injection][27/06/2025 17:24:32][WildStr][svchost.exe]

[Throw dll injection][27/06/2025 17:24:32][WildStr][svchost.exe]

[Throw dll injection][27/06/2025 17:24:32][WildStr][svchost.exe]

[Throw dll injection][27/06/2025 17:24:32][WildStr][svchost.exe]

[Throw dll injection][27/06/2025 17:24:32][WildStr][dllhost.exe]

[Throw dll injection][27/06/2025 17:24:32][WildStr][dllhost.exe]

[Throw dll injection][27/06/2025 17:24:32][WildStr][ShellExperienceHost.exe]

[Throw dll injection][27/06/2025 17:24:32][WildStr][ShellExperienceHost.exe]

[Throw dll injection][27/06/2025 17:24:32][WildStr][RuntimeBroker.exe]

[Throw dll injection][27/06/2025 17:24:32][WildStr][RuntimeBroker.exe]

[Throw dll injection][27/06/2025 17:24:32][WildStr][powershell.exe]

[Throw dll injection][27/06/2025 17:24:32][WildStr][powershell.exe]

[Throw dll injection][27/06/2025 17:24:32][WildStr][conhost.exe]

[Throw dll injection][27/06/2025 17:24:32][WildStr][conhost.exe]

[Throw dll injection][27/06/2025 17:24:32][WildStr][cmd.exe]

[Throw dll injection][27/06/2025 17:24:32][WildStr][cmd.exe]

[Throw dll injection][27/06/2025 17:24:32][WildStr][conhost.exe]

[Throw dll injection][27/06/2025 17:24:32][WildStr][conhost.exe]

[Throw dll injection][27/06/2025 17:24:32][WildStr][powershell.exe]

[Throw dll injection][27/06/2025 17:24:32][WildStr][powershell.exe]

[Throw dll injection][27/06/2025 17:24:32][WildStr][Code.exe]

[Throw dll injection][27/06/2025 17:24:32][WildStr][Code.exe]

[Throw dll injection][27/06/2025 17:24:32][WildStr][Code.exe]

[Throw dll injection][27/06/2025 17:24:32][WildStr][Code.exe]

[Throw dll injection][27/06/2025 17:24:32][WildStr][Code.exe]

[Throw dll injection][27/06/2025 17:24:32][WildStr][Code.exe]

[Throw dll injection][27/06/2025 17:24:32][WildStr][Code.exe]

[Throw dll injection][27/06/2025 17:24:32][WildStr][Code.exe]

[Throw dll injection][27/06/2025 17:24:32][WildStr][Code.exe]

[Throw dll injection][27/06/2025 17:24:32][WildStr][Code.exe]

[Throw dll injection][27/06/2025 17:24:32][WildStr][Code.exe]

[Throw dll injection][27/06/2025 17:24:32][WildStr][Code.exe]

[Throw dll injection][27/06/2025 17:24:32][WildStr][Code.exe]

[Throw dll injection][27/06/2025 17:24:32][WildStr][Code.exe]

[Throw dll injection][27/06/2025 17:24:32][WildStr][Code.exe]

[Throw dll injection][27/06/2025 17:24:32][WildStr][Code.exe]

[Throw dll injection][27/06/2025 17:24:32][WildStr][cpptools.exe]

[Throw dll injection][27/06/2025 17:24:32][WildStr][cpptools.exe]

[Throw dll injection][27/06/2025 17:24:32][WildStr][conhost.exe]

[Throw dll injection][27/06/2025 17:24:32][WildStr][conhost.exe]

[Throw dll injection][27/06/2025 17:24:32][WildStr][Code.exe]

[Throw dll injection][27/06/2025 17:24:32][WildStr][Code.exe]

[Throw dll injection][27/06/2025 17:24:32][WildStr][cpptools.exe]

[Throw dll injection][27/06/2025 17:24:32][WildStr][cpptools.exe]

[Throw dll injection][27/06/2025 17:24:32][WildStr][cpptools-srv.exe]

[Throw dll injection][27/06/2025 17:24:32][WildStr][cpptools-srv.exe]

[Throw dll injection][27/06/2025 17:24:32][WildStr][conhost.exe]

[Throw dll injection][27/06/2025 17:24:32][WildStr][conhost.exe]

[Throw dll injection][27/06/2025 17:24:32][WildStr][svchost.exe]

[Throw dll injection][27/06/2025 17:24:32][WildStr][svchost.exe]

[Throw dll injection][27/06/2025 17:24:32][WildStr][svchost.exe]

[Throw dll injection][27/06/2025 17:24:32][WildStr][svchost.exe]

[Throw dll injection][27/06/2025 17:24:32][WildStr][Code.exe]

[Throw dll injection][27/06/2025 17:24:32][WildStr][Code.exe]

[Throw dll injection][27/06/2025 17:24:32][WildStr][conhost.exe]

[Throw dll injection][27/06/2025 17:24:32][WildStr][conhost.exe]

[Throw dll injection][27/06/2025 17:24:32][WildStr][powershell.exe]

[Throw dll injection][27/06/2025 17:24:32][WildStr][powershell.exe]

[Throw dll injection][27/06/2025 17:24:32][WildStr][vctip.exe]

[Throw dll injection][27/06/2025 17:24:32][WildStr][vctip.exe]

[Throw dll injection][27/06/2025 17:24:32][WildStr][cpptools-srv.exe]

[Throw dll injection][27/06/2025 17:24:32][WildStr][cpptools-srv.exe]

[Throw dll injection][27/06/2025 17:24:32][WildStr][conhost.exe]

[Throw dll injection][27/06/2025 17:24:32][WildStr][conhost.exe]

[Throw dll injection][27/06/2025 17:24:32][WildStr][svchost.exe]

[Throw dll injection][27/06/2025 17:24:32][WildStr][svchost.exe]

[Throw dll injection][27/06/2025 17:24:32][WildStr][smartscreen.exe]

[Throw dll injection][27/06/2025 17:24:32][WildStr][smartscreen.exe]

[Throw dll injection][27/06/2025 17:24:32][WildStr][Taskmgr.exe]

[Throw dll injection][27/06/2025 17:24:32][WildStr][Taskmgr.exe]

[Throw dll injection][27/06/2025 17:24:32][WildStr][conhost.exe]

[Throw dll injection][27/06/2025 17:24:32][WildStr][powershell.exe]

[Throw dll injection][27/06/2025 17:24:32][WildStr][powershell.exe]

[Throw dll injection][27/06/2025 17:24:32][WildStr][test.exe]

[Throw dll injection][27/06/2025 17:24:32][WildStr][test.exe]

[Throw dll injection][27/06/2025 17:24:33][WildStr][System]

[Throw dll injection][27/06/2025 17:24:33][WildStr][Registry]

[Throw dll injection][27/06/2025 17:24:33][WildStr][Registry]

[Throw dll injection][27/06/2025 17:24:33][WildStr][smss.exe]

[Throw dll injection][27/06/2025 17:24:33][WildStr][smss.exe]

[Throw dll injection][27/06/2025 17:24:33][WildStr][csrss.exe]

[Throw dll injection][27/06/2025 17:24:33][WildStr][csrss.exe]

[Throw dll injection][27/06/2025 17:24:33][WildStr][wininit.exe]

[Throw dll injection][27/06/2025 17:24:33][WildStr][csrss.exe]


[Throw dll injection][27/06/2025 17:24:33][WildStr][csrss.exe]

[Throw dll injection][27/06/2025 17:24:33][WildStr][winlogon.exe]

[Throw dll injection][27/06/2025 17:24:33][WildStr][winlogon.exe]

[Throw dll injection][27/06/2025 17:24:33][WildStr][services.exe]

[Throw dll injection][27/06/2025 17:24:33][WildStr][services.exe]

[Throw dll injection][27/06/2025 17:24:33][WildStr][lsass.exe]

[Throw dll injection][27/06/2025 17:24:33][WildStr][lsass.exe]

[Throw dll injection][27/06/2025 17:24:33][WildStr][svchost.exe]

[Throw dll injection][27/06/2025 17:24:33][WildStr][svchost.exe]

[Throw dll injection][27/06/2025 17:24:33][WildStr][fontdrvhost.exe]

[Throw dll injection][27/06/2025 17:24:33][WildStr][fontdrvhost.exe]

[Throw dll injection][27/06/2025 17:24:33][WildStr][svchost.exe]

[Throw dll injection][27/06/2025 17:24:33][WildStr][fontdrvhost.exe]

[Throw dll injection][27/06/2025 17:24:33][WildStr][svchost.exe]

[Throw dll injection][27/06/2025 17:24:33][WildStr][svchost.exe]

[Throw dll injection][27/06/2025 17:24:33][WildStr][dwm.exe]

[Throw dll injection][27/06/2025 17:24:33][WildStr][svchost.exe]

[Throw dll injection][27/06/2025 17:24:33][WildStr][svchost.exe]

[Throw dll injection][27/06/2025 17:24:33][WildStr][dwm.exe]

[Throw dll injection][27/06/2025 17:24:33][WildStr][svchost.exe]

[Throw dll injection][27/06/2025 17:24:33][WildStr][svchost.exe]

[Throw dll injection][27/06/2025 17:24:33][WildStr][svchost.exe]

[Throw dll injection][27/06/2025 17:24:33][WildStr][svchost.exe]

[Throw dll injection][27/06/2025 17:24:33][WildStr][svchost.exe]

[Throw dll injection][27/06/2025 17:24:33][WildStr][svchost.exe]

[Throw dll injection][27/06/2025 17:24:33][WildStr][svchost.exe]

[Throw dll injection][27/06/2025 17:24:33][WildStr][svchost.exe]

[Throw dll injection][27/06/2025 17:24:33][WildStr][svchost.exe]

[Throw dll injection][27/06/2025 17:24:33][WildStr][svchost.exe]

[Throw dll injection][27/06/2025 17:24:33][WildStr][svchost.exe]

[Throw dll injection][27/06/2025 17:24:33][WildStr][svchost.exe]

[Throw dll injection][27/06/2025 17:24:33][WildStr][svchost.exe]

[Throw dll injection][27/06/2025 17:24:33][WildStr][svchost.exe]

[Throw dll injection][27/06/2025 17:24:33][WildStr][svchost.exe]

[Throw dll injection][27/06/2025 17:24:33][WildStr][svchost.exe]

[Throw dll injection][27/06/2025 17:24:33][WildStr][svchost.exe]

[Throw dll injection][27/06/2025 17:24:33][WildStr][svchost.exe]

[Throw dll injection][27/06/2025 17:24:33][WildStr][svchost.exe]

[Throw dll injection][27/06/2025 17:24:33][WildStr][svchost.exe]

[Throw dll injection][27/06/2025 17:24:33][WildStr][svchost.exe]

[Throw dll injection][27/06/2025 17:24:33][WildStr][svchost.exe]

[Throw dll injection][27/06/2025 17:24:33][WildStr][VBoxService.exe]

[Throw dll injection][27/06/2025 17:24:33][WildStr][svchost.exe]

[Throw dll injection][27/06/2025 17:24:33][WildStr][svchost.exe]

[Throw dll injection][27/06/2025 17:24:33][WildStr][svchost.exe]

[Throw dll injection][27/06/2025 17:24:33][WildStr][svchost.exe]

[Throw dll injection][27/06/2025 17:24:33][WildStr][svchost.exe]

[Throw dll injection][27/06/2025 17:24:33][WildStr][svchost.exe]

[Throw dll injection][27/06/2025 17:24:33][WildStr][VBoxService.exe]

[Throw dll injection][27/06/2025 17:24:33][WildStr][svchost.exe]

[Throw dll injection][27/06/2025 17:24:33][WildStr][svchost.exe]

[Throw dll injection][27/06/2025 17:24:33][WildStr][svchost.exe]

[Throw dll injection][27/06/2025 17:24:33][WildStr][svchost.exe]

[Throw dll injection][27/06/2025 17:24:33][WildStr][svchost.exe]

[Throw dll injection][27/06/2025 17:24:33][WildStr][svchost.exe]

[Throw dll injection][27/06/2025 17:24:33][WildStr][Memory Compression]

[Throw dll injection][27/06/2025 17:24:33][WildStr][svchost.exe]

[Throw dll injection][27/06/2025 17:24:33][WildStr][svchost.exe]

[Throw dll injection][27/06/2025 17:24:33][WildStr][svchost.exe]

[Throw dll injection][27/06/2025 17:24:33][WildStr][svchost.exe]

[Throw dll injection][27/06/2025 17:24:33][WildStr][svchost.exe]

[Throw dll injection][27/06/2025 17:24:33][WildStr][svchost.exe]

[Throw dll injection][27/06/2025 17:24:33][WildStr][Memory Compression]

[Throw dll injection][27/06/2025 17:24:33][WildStr][svchost.exe]

[Throw dll injection][27/06/2025 17:24:33][WildStr][svchost.exe]

[Throw dll injection][27/06/2025 17:24:33][WildStr][svchost.exe]

[Throw dll injection][27/06/2025 17:24:33][WildStr][svchost.exe]

[Throw dll injection][27/06/2025 17:24:33][WildStr][svchost.exe]

[Throw dll injection][27/06/2025 17:24:33][WildStr][svchost.exe]

[Throw dll injection][27/06/2025 17:24:33][WildStr][svchost.exe]

[Throw dll injection][27/06/2025 17:24:33][WildStr][svchost.exe]

[Throw dll injection][27/06/2025 17:24:33][WildStr][svchost.exe]

[Throw dll injection][27/06/2025 17:24:33][WildStr][svchost.exe]

[Throw dll injection][27/06/2025 17:24:33][WildStr][spoolsv.exe]

[Throw dll injection][27/06/2025 17:24:33][WildStr][svchost.exe]

[Throw dll injection][27/06/2025 17:24:33][WildStr][svchost.exe]

[Throw dll injection][27/06/2025 17:24:33][WildStr][svchost.exe]

[Throw dll injection][27/06/2025 17:24:33][WildStr][svchost.exe]

[Throw dll injection][27/06/2025 17:24:33][WildStr][svchost.exe]

[Throw dll injection][27/06/2025 17:24:33][WildStr][svchost.exe]

[Throw dll injection][27/06/2025 17:24:33][WildStr][svchost.exe]

[Throw dll injection][27/06/2025 17:24:33][WildStr][spoolsv.exe]

[Throw dll injection][27/06/2025 17:24:33][WildStr][ssh-agent.exe]

[Throw dll injection][27/06/2025 17:24:33][WildStr][sshd.exe]

[Throw dll injection][27/06/2025 17:24:33][WildStr][svchost.exe]

[Throw dll injection][27/06/2025 17:24:33][WildStr][svchost.exe]

[Throw dll injection][27/06/2025 17:24:33][WildStr][svchost.exe]

[Throw dll injection][27/06/2025 17:24:33][WildStr][svchost.exe]

[Throw dll injection][27/06/2025 17:24:33][WildStr][svchost.exe]

[Throw dll injection][27/06/2025 17:24:33][WildStr][svchost.exe]

[Throw dll injection][27/06/2025 17:24:33][WildStr][svchost.exe]

[Throw dll injection][27/06/2025 17:24:33][WildStr][ssh-agent.exe]

[Throw dll injection][27/06/2025 17:24:33][WildStr][svchost.exe]

[Throw dll injection][27/06/2025 17:24:33][WildStr][sshd.exe]

[Throw dll injection][27/06/2025 17:24:33][WildStr][svchost.exe]

[Throw dll injection][27/06/2025 17:24:33][WildStr][svchost.exe]

[Throw dll injection][27/06/2025 17:24:33][WildStr][svchost.exe]

[Throw dll injection][27/06/2025 17:24:33][WildStr][svchost.exe]

[Throw dll injection][27/06/2025 17:24:33][WildStr][svchost.exe]

[Throw dll injection][27/06/2025 17:24:33][WildStr][svchost.exe]

[Throw dll injection][27/06/2025 17:24:33][WildStr][svchost.exe]

[Throw dll injection][27/06/2025 17:24:33][WildStr][svchost.exe]

[Throw dll injection][27/06/2025 17:24:33][WildStr][svchost.exe]

[Throw dll injection][27/06/2025 17:24:33][WildStr][svchost.exe]

[Throw dll injection][27/06/2025 17:24:33][WildStr][MpDefenderCoreService.exe]

[Throw dll injection][27/06/2025 17:24:33][WildStr][svchost.exe]

[Throw dll injection][27/06/2025 17:24:33][WildStr][MsMpEng.exe]

[Throw dll injection][27/06/2025 17:24:33][WildStr][svchost.exe]

[Throw dll injection][27/06/2025 17:24:33][WildStr][SearchIndexer.exe]

[Throw dll injection][27/06/2025 17:24:33][WildStr][svchost.exe]

[Throw dll injection][27/06/2025 17:24:33][WildStr][AggregatorHost.exe]

[Throw dll injection][27/06/2025 17:24:33][WildStr][svchost.exe]

[Throw dll injection][27/06/2025 17:24:33][WildStr][dllhost.exe]

[Throw dll injection][27/06/2025 17:24:33][WildStr][MpDefenderCoreService.exe]

[Throw dll injection][27/06/2025 17:24:33][WildStr][svchost.exe]

[Throw dll injection][27/06/2025 17:24:33][WildStr][MsMpEng.exe]

[Throw dll injection][27/06/2025 17:24:33][WildStr][NisSrv.exe]

[Throw dll injection][27/06/2025 17:24:33][WildStr][SearchIndexer.exe]

[Throw dll injection][27/06/2025 17:24:33][WildStr][sihost.exe]

[Throw dll injection][27/06/2025 17:24:33][WildStr][AggregatorHost.exe]

[Throw dll injection][27/06/2025 17:24:33][WildStr][svchost.exe]

[Throw dll injection][27/06/2025 17:24:33][WildStr][dllhost.exe]

[Throw dll injection][27/06/2025 17:24:33][WildStr][svchost.exe]

[Throw dll injection][27/06/2025 17:24:33][WildStr][svchost.exe]

[Throw dll injection][27/06/2025 17:24:33][WildStr][taskhostw.exe]

[Throw dll injection][27/06/2025 17:24:33][WildStr][NisSrv.exe]

[Throw dll injection][27/06/2025 17:24:33][WildStr][MicrosoftEdgeUpdate.exe]

[Throw dll injection][27/06/2025 17:24:33][WildStr][sihost.exe]

[Throw dll injection][27/06/2025 17:24:33][WildStr][svchost.exe]

[Throw dll injection][27/06/2025 17:24:33][WildStr][svchost.exe]

[Throw dll injection][27/06/2025 17:24:33][WildStr][ctfmon.exe]

[Throw dll injection][27/06/2025 17:24:33][WildStr][svchost.exe]

[Throw dll injection][27/06/2025 17:24:33][WildStr][svchost.exe]

[Throw dll injection][27/06/2025 17:24:33][WildStr][taskhostw.exe]

[Throw dll injection][27/06/2025 17:24:33][WildStr][svchost.exe]

[Throw dll injection][27/06/2025 17:24:33][WildStr][MicrosoftEdgeUpdate.exe]

[Throw dll injection][27/06/2025 17:24:33][WildStr][explorer.exe]

[Throw dll injection][27/06/2025 17:24:33][WildStr][svchost.exe]

[Throw dll injection][27/06/2025 17:24:33][WildStr][svchost.exe]

[Throw dll injection][27/06/2025 17:24:33][WildStr][ctfmon.exe]

[Throw dll injection][27/06/2025 17:24:33][WildStr][svchost.exe]

[Throw dll injection][27/06/2025 17:24:33][WildStr][StartMenuExperienceHost.exe]

[Throw dll injection][27/06/2025 17:24:33][WildStr][RuntimeBroker.exe]

[Throw dll injection][27/06/2025 17:24:33][WildStr][explorer.exe]

[Throw dll injection][27/06/2025 17:24:33][WildStr][SearchApp.exe]

[Throw dll injection][27/06/2025 17:24:33][WildStr][svchost.exe]

[Throw dll injection][27/06/2025 17:24:33][WildStr][svchost.exe]

[Throw dll injection][27/06/2025 17:24:33][WildStr][StartMenuExperienceHost.exe]

[Throw dll injection][27/06/2025 17:24:33][WildStr][RuntimeBroker.exe]

[Throw dll injection][27/06/2025 17:24:33][WildStr][RuntimeBroker.exe]

[Throw dll injection][27/06/2025 17:24:33][WildStr][RuntimeBroker.exe]

[Throw dll injection][27/06/2025 17:24:33][WildStr][SearchApp.exe]

[Throw dll injection][27/06/2025 17:24:33][WildStr][svchost.exe]

[Throw dll injection][27/06/2025 17:24:33][WildStr][svchost.exe]

[Throw dll injection][27/06/2025 17:24:33][WildStr][SecurityHealthSystray.exe]

[Throw dll injection][27/06/2025 17:24:33][WildStr][RuntimeBroker.exe]

[Throw dll injection][27/06/2025 17:24:33][WildStr][SecurityHealthService.exe]

[Throw dll injection][27/06/2025 17:24:33][WildStr][RuntimeBroker.exe]

[Throw dll injection][27/06/2025 17:24:33][WildStr][VBoxTray.exe]

[Throw dll injection][27/06/2025 17:24:33][WildStr][svchost.exe]

[Throw dll injection][27/06/2025 17:24:33][WildStr][OneDrive.exe]

[Throw dll injection][27/06/2025 17:24:33][WildStr][SecurityHealthSystray.exe]

[Throw dll injection][27/06/2025 17:24:33][WildStr][svchost.exe]

[Throw dll injection][27/06/2025 17:24:33][WildStr][SecurityHealthService.exe]

[Throw dll injection][27/06/2025 17:24:33][WildStr][VBoxTray.exe]

[Throw dll injection][27/06/2025 17:24:33][WildStr][OneDrive.exe]

[Throw dll injection][27/06/2025 17:24:33][WildStr][svchost.exe]

[Throw dll injection][27/06/2025 17:24:33][WildStr][svchost.exe]

[Throw dll injection][27/06/2025 17:24:33][WildStr][svchost.exe]

[Throw dll injection][27/06/2025 17:24:33][WildStr][svchost.exe]

[Throw dll injection][27/06/2025 17:24:33][WildStr][svchost.exe]

[Throw dll injection][27/06/2025 17:24:33][WildStr][svchost.exe]
exe]

[Throw dll injection][27/06/2025 17:24:33][WildStr][ApplicationFrameHost.exe]

[Throw dll injection][27/06/2025 17:24:33][WildStr][svchost.exe]

[Throw dll injection][27/06/2025 17:24:33][WildStr][SystemSettings.exe]

[Throw dll injection][27/06/2025 17:24:33][WildStr][svchost.exe]

[Throw dll injection][27/06/2025 17:24:33][WildStr][UserOOBEBroker.exe]

[Throw dll injection][27/06/2025 17:24:33][WildStr][TextInputHost.exe]

[Throw dll injection][27/06/2025 17:24:33][WildStr][SearchApp.exe]

[Throw dll injection][27/06/2025 17:24:33][WildStr][ApplicationFrameHost.exe]

[Throw dll injection][27/06/2025 17:24:33][WildStr][msedgewebview2.exe]

[Throw dll injection][27/06/2025 17:24:33][WildStr][SystemSettings.exe]

[Throw dll injection][27/06/2025 17:24:33][WildStr][msedgewebview2.exe]

[Throw dll injection][27/06/2025 17:24:33][WildStr][UserOOBEBroker.exe]

[Throw dll injection][27/06/2025 17:24:33][WildStr][msedgewebview2.exe]

[Throw dll injection][27/06/2025 17:24:33][WildStr][SearchApp.exe]

[Throw dll injection][27/06/2025 17:24:33][WildStr][msedgewebview2.exe]

[Throw dll injection][27/06/2025 17:24:33][WildStr][msedgewebview2.exe]

[Throw dll injection][27/06/2025 17:24:33][WildStr][msedgewebview2.exe]

[Throw dll injection][27/06/2025 17:24:33][WildStr][msedgewebview2.exe]

[Throw dll injection][27/06/2025 17:24:33][WildStr][msedgewebview2.exe]

[Throw dll injection][27/06/2025 17:24:33][WildStr][msedgewebview2.exe]

[Throw dll injection][27/06/2025 17:24:33][WildStr][FileCoAuth.exe]

[Throw dll injection][27/06/2025 17:24:33][WildStr][msedgewebview2.exe]

[Throw dll injection][27/06/2025 17:24:33][WildStr][svchost.exe]

[Throw dll injection][27/06/2025 17:24:33][WildStr][msedgewebview2.exe]

[Throw dll injection][27/06/2025 17:24:33][WildStr][msedge.exe]

[Throw dll injection][27/06/2025 17:24:33][WildStr][msedgewebview2.exe]

[Throw dll injection][27/06/2025 17:24:33][WildStr][msedge.exe]

[Throw dll injection][27/06/2025 17:24:33][WildStr][FileCoAuth.exe]

[Throw dll injection][27/06/2025 17:24:33][WildStr][svchost.exe]

[Throw dll injection][27/06/2025 17:24:33][WildStr][msedge.exe]

[Throw dll injection][27/06/2025 17:24:33][WildStr][msedge.exe]

[Throw dll injection][27/06/2025 17:24:33][WildStr][msedge.exe]

[Throw dll injection][27/06/2025 17:24:33][WildStr][msedge.exe]

[Throw dll injection][27/06/2025 17:24:33][WildStr][msedge.exe]

[Throw dll injection][27/06/2025 17:24:33][WildStr][svchost.exe]

[Throw dll injection][27/06/2025 17:24:33][WildStr][msedge.exe]

[Throw dll injection][27/06/2025 17:24:33][WildStr][svchost.exe]

[Throw dll injection][27/06/2025 17:24:33][WildStr][msedge.exe]

[Throw dll injection][27/06/2025 17:24:33][WildStr][svchost.exe]

[Throw dll injection][27/06/2025 17:24:33][WildStr][svchost.exe]

[Throw dll injection][27/06/2025 17:24:33][WildStr][dllhost.exe]

[Throw dll injection][27/06/2025 17:24:33][WildStr][svchost.exe]

[Throw dll injection][27/06/2025 17:24:33][WildStr][ShellExperienceHost.exe]

[Throw dll injection][27/06/2025 17:24:33][WildStr][svchost.exe]

[Throw dll injection][27/06/2025 17:24:33][WildStr][RuntimeBroker.exe]

[Throw dll injection][27/06/2025 17:24:33][WildStr][dllhost.exe]

[Throw dll injection][27/06/2025 17:24:33][WildStr][powershell.exe]
st.exe]

[Throw dll injection][27/06/2025 17:24:33][WildStr][RuntimeBroker.exe]

[Throw dll injection][27/06/2025 17:24:33][WildStr][conhost.exe]

[Throw dll injection][27/06/2025 17:24:33][WildStr][powershell.exe]

[Throw dll injection][27/06/2025 17:24:33][WildStr][cmd.exe]

[Throw dll injection][27/06/2025 17:24:33][WildStr][conhost.exe]

[Throw dll injection][27/06/2025 17:24:33][WildStr][conhost.exe]

[Throw dll injection][27/06/2025 17:24:33][WildStr][cmd.exe]

[Throw dll injection][27/06/2025 17:24:33][WildStr][powershell.exe]

[Throw dll injection][27/06/2025 17:24:33][WildStr][conhost.exe]

[Throw dll injection][27/06/2025 17:24:33][WildStr][Code.exe]

[Throw dll injection][27/06/2025 17:24:33][WildStr][powershell.exe]

[Throw dll injection][27/06/2025 17:24:33][WildStr][Code.exe]

[Throw dll injection][27/06/2025 17:24:33][WildStr][Code.exe]

[Throw dll injection][27/06/2025 17:24:33][WildStr][Code.exe]

[Throw dll injection][27/06/2025 17:24:33][WildStr][Code.exe]

[Throw dll injection][27/06/2025 17:24:33][WildStr][Code.exe]

[Throw dll injection][27/06/2025 17:24:33][WildStr][Code.exe]

[Throw dll injection][27/06/2025 17:24:33][WildStr][Code.exe]

[Throw dll injection][27/06/2025 17:24:33][WildStr][Code.exe]

[Throw dll injection][27/06/2025 17:24:33][WildStr][Code.exe]

[Throw dll injection][27/06/2025 17:24:33][WildStr][Code.exe]

[Throw dll injection][27/06/2025 17:24:33][WildStr][Code.exe]

[Throw dll injection][27/06/2025 17:24:33][WildStr][Code.exe]

[Throw dll injection][27/06/2025 17:24:33][WildStr][Code.exe]

[Throw dll injection][27/06/2025 17:24:33][WildStr][Code.exe]

[Throw dll injection][27/06/2025 17:24:33][WildStr][cpptools.exe]

[Throw dll injection][27/06/2025 17:24:33][WildStr][Code.exe]

[Throw dll injection][27/06/2025 17:24:33][WildStr][conhost.exe]

[Throw dll injection][27/06/2025 17:24:33][WildStr][cpptools.exe]

[Throw dll injection][27/06/2025 17:24:33][WildStr][Code.exe]

[Throw dll injection][27/06/2025 17:24:33][WildStr][conhost.exe]

[Throw dll injection][27/06/2025 17:24:33][WildStr][cpptools.exe]

[Throw dll injection][27/06/2025 17:24:33][WildStr][Code.exe]

[Throw dll injection][27/06/2025 17:24:33][WildStr][cpptools-srv.exe]

[Throw dll injection][27/06/2025 17:24:33][WildStr][cpptools.exe]

[Throw dll injection][27/06/2025 17:24:33][WildStr][conhost.exe]

[Throw dll injection][27/06/2025 17:24:33][WildStr][cpptools-srv.exe]

[Throw dll injection][27/06/2025 17:24:33][WildStr][svchost.exe]

[Throw dll injection][27/06/2025 17:24:33][WildStr][conhost.exe]

[Throw dll injection][27/06/2025 17:24:33][WildStr][svchost.exe]

[Throw dll injection][27/06/2025 17:24:33][WildStr][svchost.exe]

[Throw dll injection][27/06/2025 17:24:33][WildStr][conhost.exe]

[Throw dll injection][27/06/2025 17:24:33][WildStr][svchost.exe]

[Throw dll injection][27/06/2025 17:24:33][WildStr][powershell.exe]

[Throw dll injection][27/06/2025 17:24:33][WildStr][Code.exe]

[Throw dll injection][27/06/2025 17:24:33][WildStr][vctip.exe]

[Throw dll injection][27/06/2025 17:24:33][WildStr][conhost.exe]

[Throw dll injection][27/06/2025 17:24:33][WildStr][cpptools-srv.exe]

[Throw dll injection][27/06/2025 17:24:33][WildStr][powershell.exe]

[Throw dll injection][27/06/2025 17:24:33][WildStr][conhost.exe]

[Throw dll injection][27/06/2025 17:24:33][WildStr][vctip.exe]

[Throw dll injection][27/06/2025 17:24:33][WildStr][svchost.exe]

[Throw dll injection][27/06/2025 17:24:33][WildStr][cpptools-srv.exe]

[Throw dll injection][27/06/2025 17:24:33][WildStr][smartscreen.exe]

[Throw dll injection][27/06/2025 17:24:33][WildStr][conhost.exe]

[Throw dll injection][27/06/2025 17:24:33][WildStr][Taskmgr.exe]

[Throw dll injection][27/06/2025 17:24:33][WildStr][svchost.exe]

[Throw dll injection][27/06/2025 17:24:33][WildStr][conhost.exe]

[Throw dll injection][27/06/2025 17:24:33][WildStr][smartscreen.exe]

[Throw dll injection][27/06/2025 17:24:33][WildStr][powershell.exe]

[Throw dll injection][27/06/2025 17:24:33][WildStr][Taskmgr.exe]

[Throw dll injection][27/06/2025 17:24:33][WildStr][test.exe]

[Throw dll injection][27/06/2025 17:24:33][WildStr][conhost.exe]

[Throw dll injection][27/06/2025 17:24:33][WildStr][powershell.exe]

[Throw dll injection][27/06/2025 17:24:33][WildStr][test.exe]

[Throw dll injection][27/06/2025 17:24:34][WildStr][System]

[Throw dll injection][27/06/2025 17:24:34][WildStr][Registry]

[Throw dll injection][27/06/2025 17:24:34][WildStr][smss.exe]

[Throw dll injection][27/06/2025 17:24:34][WildStr][smss.exe]

[Throw dll injection][27/06/2025 17:24:34][WildStr][csrss.exe]

[Throw dll injection][27/06/2025 17:24:34][WildStr][csrss.exe]

[Throw dll injection][27/06/2025 17:24:34][WildStr][wininit.exe]

[Throw dll injection][27/06/2025 17:24:34][WildStr][wininit.exe]

[Throw dll injection][27/06/2025 17:24:34][WildStr][csrss.exe]

[Throw dll injection][27/06/2025 17:24:34][WildStr][csrss.exe]

[Throw dll injection][27/06/2025 17:24:34][WildStr][winlogon.exe]

[Throw dll injection][27/06/2025 17:24:34][WildStr][winlogon.exe]

[Throw dll injection][27/06/2025 17:24:34][WildStr][services.exe]

[Throw dll injection][27/06/2025 17:24:34][WildStr][services.exe]

[Throw dll injection][27/06/2025 17:24:34][WildStr][lsass.exe]

[Throw dll injection][27/06/2025 17:24:34][WildStr][lsass.exe]

[Throw dll injection][27/06/2025 17:24:34][WildStr][svchost.exe]

[Throw dll injection][27/06/2025 17:24:34][WildStr][svchost.exe]

[Throw dll injection][27/06/2025 17:24:34][WildStr][fontdrvhost.exe]

[Throw dll injection][27/06/2025 17:24:34][WildStr][fontdrvhost.exe]

[Throw dll injection][27/06/2025 17:24:34][WildStr][fontdrvhost.exe]

[Throw dll injection][27/06/2025 17:24:34][WildStr][fontdrvhost.exe]

[Throw dll injection][27/06/2025 17:24:34][WildStr][svchost.exe]

[Throw dll injection][27/06/2025 17:24:34][WildStr][svchost.exe]

[Throw dll injection][27/06/2025 17:24:34][WildStr][svchost.exe]

[Throw dll injection][27/06/2025 17:24:34][WildStr][svchost.exe]

[Throw dll injection][27/06/2025 17:24:34][WildStr][dwm.exe]

[Throw dll injection][27/06/2025 17:24:34][WildStr][dwm.exe]

[Throw dll injection][27/06/2025 17:24:34][WildStr][svchost.exe]

[Throw dll injection][27/06/2025 17:24:34][WildStr][svchost.exe]

[Throw dll injection][27/06/2025 17:24:34][WildStr][svchost.exe]

[Throw dll injection][27/06/2025 17:24:34][WildStr][svchost.exe]

[Throw dll injection][27/06/2025 17:24:34][WildStr][svchost.exe]

[Throw dll injection][27/06/2025 17:24:34][WildStr][svchost.exe]

[Throw dll injection][27/06/2025 17:24:34][WildStr][svchost.exe]

[Throw dll injection][27/06/2025 17:24:34][WildStr][svchost.exe]

[Throw dll injection][27/06/2025 17:24:34][WildStr][svchost.exe]

[Throw dll injection][27/06/2025 17:24:34][WildStr][svchost.exe]

[Throw dll injection][27/06/2025 17:24:34][WildStr][svchost.exe]

[Throw dll injection][27/06/2025 17:24:34][WildStr][svchost.exe]

[Throw dll injection][27/06/2025 17:24:34][WildStr][svchost.exe]

[Throw dll injection][27/06/2025 17:24:34][WildStr][svchost.exe]

[Throw dll injection][27/06/2025 17:24:34][WildStr][svchost.exe]

[Throw dll injection][27/06/2025 17:24:34][WildStr][svchost.exe]

[Throw dll injection][27/06/2025 17:24:34][WildStr][svchost.exe]

[Throw dll injection][27/06/2025 17:24:34][WildStr][svchost.exe]

[Throw dll injection][27/06/2025 17:24:34][WildStr][svchost.exe]

[Throw dll injection][27/06/2025 17:24:34][WildStr][svchost.exe]

[Throw dll injection][27/06/2025 17:24:34][WildStr][svchost.exe]

[Throw dll injection][27/06/2025 17:24:34][WildStr][svchost.exe]

[Throw dll injection][27/06/2025 17:24:34][WildStr][svchost.exe]

[Throw dll injection][27/06/2025 17:24:34][WildStr][svchost.exe]

[Throw dll injection][27/06/2025 17:24:34][WildStr][VBoxService.exe]

[Throw dll injection][27/06/2025 17:24:34][WildStr][VBoxService.exe]

[Throw dll injection][27/06/2025 17:24:34][WildStr][svchost.exe]

[Throw dll injection][27/06/2025 17:24:34][WildStr][svchost.exe]

[Throw dll injection][27/06/2025 17:24:34][WildStr][svchost.exe]

[Throw dll injection][27/06/2025 17:24:34][WildStr][svchost.exe]

[Throw dll injection][27/06/2025 17:24:34][WildStr][svchost.exe]

[Throw dll injection][27/06/2025 17:24:34][WildStr][svchost.exe]

[Throw dll injection][27/06/2025 17:24:34][WildStr][svchost.exe]

[Throw dll injection][27/06/2025 17:24:34][WildStr][svchost.exe]

[Throw dll injection][27/06/2025 17:24:34][WildStr][svchost.exe]

[Throw dll injection][27/06/2025 17:24:34][WildStr][svchost.exe]

[Throw dll injection][27/06/2025 17:24:34][WildStr][svchost.exe]

[Throw dll injection][27/06/2025 17:24:34][WildStr][svchost.exe]

[Throw dll injection][27/06/2025 17:24:34][WildStr][Memory Compression]

[Throw dll injection][27/06/2025 17:24:34][WildStr][Memory Compression]

[Throw dll injection][27/06/2025 17:24:34][WildStr][svchost.exe]

[Throw dll injection][27/06/2025 17:24:34][WildStr][svchost.exe]

[Throw dll injection][27/06/2025 17:24:34][WildStr][svchost.exe]

[Throw dll injection][27/06/2025 17:24:34][WildStr][svchost.exe]

[Throw dll injection][27/06/2025 17:24:34][WildStr][svchost.exe]

[Throw dll injection][27/06/2025 17:24:34][WildStr][svchost.exe]

[Throw dll injection][27/06/2025 17:24:34][WildStr][svchost.exe]

[Throw dll injection][27/06/2025 17:24:34][WildStr][svchost.exe]

[Throw dll injection][27/06/2025 17:24:34][WildStr][svchost.exe]

[Throw dll injection][27/06/2025 17:24:34][WildStr][svchost.exe]

[Throw dll injection][27/06/2025 17:24:34][WildStr][svchost.exe]

[Throw dll injection][27/06/2025 17:24:34][WildStr][svchost.exe]

[Throw dll injection][27/06/2025 17:24:34][WildStr][svchost.exe]

[Throw dll injection][27/06/2025 17:24:34][WildStr][svchost.exe]

[Throw dll injection][27/06/2025 17:24:34][WildStr][svchost.exe]

[Throw dll injection][27/06/2025 17:24:34][WildStr][spoolsv.exe]

[Throw dll injection][27/06/2025 17:24:34][WildStr][spoolsv.exe]

[Throw dll injection][27/06/2025 17:24:34][WildStr][svchost.exe]

[Throw dll injection][27/06/2025 17:24:34][WildStr][svchost.exe]

[Throw dll injection][27/06/2025 17:24:34][WildStr][svchost.exe]

[Throw dll injection][27/06/2025 17:24:34][WildStr][svchost.exe]

[Throw dll injection][27/06/2025 17:24:34][WildStr][svchost.exe]

[Throw dll injection][27/06/2025 17:24:34][WildStr][svchost.exe]

[Throw dll injection][27/06/2025 17:24:34][WildStr][svchost.exe]

[Throw dll injection][27/06/2025 17:24:34][WildStr][ssh-agent.exe]

[Throw dll injection][27/06/2025 17:24:34][WildStr][ssh-agent.exe]

[Throw dll injection][27/06/2025 17:24:34][WildStr][sshd.exe]

[Throw dll injection][27/06/2025 17:24:34][WildStr][sshd.exe]

[Throw dll injection][27/06/2025 17:24:34][WildStr][svchost.exe]

[Throw dll injection][27/06/2025 17:24:34][WildStr][svchost.exe]

[Throw dll injection][27/06/2025 17:24:34][WildStr][svchost.exe]

[Throw dll injection][27/06/2025 17:24:34][WildStr][svchost.exe]

[Throw dll injection][27/06/2025 17:24:34][WildStr][svchost.exe]

[Throw dll injection][27/06/2025 17:24:34][WildStr][svchost.exe]

[Throw dll injection][27/06/2025 17:24:34][WildStr][svchost.exe]

[Throw dll injection][27/06/2025 17:24:34][WildStr][svchost.exe]

[Throw dll injection][27/06/2025 17:24:34][WildStr][svchost.exe]

[Throw dll injection][27/06/2025 17:24:34][WildStr][svchost.exe]

[Throw dll injection][27/06/2025 17:24:34][WildStr][svchost.exe]

[Throw dll injection][27/06/2025 17:24:34][WildStr][svchost.exe]

[Throw dll injection][27/06/2025 17:24:34][WildStr][svchost.exe]

[Throw dll injection][27/06/2025 17:24:34][WildStr][svchost.exe]

[Throw dll injection][27/06/2025 17:24:34][WildStr][svchost.exe]

[Throw dll injection][27/06/2025 17:24:34][WildStr][svchost.exe]

[Throw dll injection][27/06/2025 17:24:34][WildStr][svchost.exe]

[Throw dll injection][27/06/2025 17:24:34][WildStr][MpDefenderCoreService.exe]

[Throw dll injection][27/06/2025 17:24:34][WildStr][MpDefenderCoreService.exe]

[Throw dll injection][27/06/2025 17:24:34][WildStr][MsMpEng.exe]

[Throw dll injection][27/06/2025 17:24:34][WildStr][MsMpEng.exe]

[Throw dll injection][27/06/2025 17:24:34][WildStr][SearchIndexer.exe]

[Throw dll injection][27/06/2025 17:24:34][WildStr][SearchIndexer.exe]

[Throw dll injection][27/06/2025 17:24:34][WildStr][AggregatorHost.exe]

[Throw dll injection][27/06/2025 17:24:34][WildStr][AggregatorHost.exe]

[Throw dll injection][27/06/2025 17:24:34][WildStr][dllhost.exe]

[Throw dll injection][27/06/2025 17:24:34][WildStr][dllhost.exe]

[Throw dll injection][27/06/2025 17:24:34][WildStr][svchost.exe]

[Throw dll injection][27/06/2025 17:24:34][WildStr][svchost.exe]

[Throw dll injection][27/06/2025 17:24:34][WildStr][NisSrv.exe]

[Throw dll injection][27/06/2025 17:24:34][WildStr][NisSrv.exe]

[Throw dll injection][27/06/2025 17:24:34][WildStr][sihost.exe]

[Throw dll injection][27/06/2025 17:24:34][WildStr][sihost.exe]

[Throw dll injection][27/06/2025 17:24:34][WildStr][svchost.exe]

[Throw dll injection][27/06/2025 17:24:34][WildStr][svchost.exe]

[Throw dll injection][27/06/2025 17:24:34][WildStr][svchost.exe]

[Throw dll injection][27/06/2025 17:24:34][WildStr][svchost.exe]

[Throw dll injection][27/06/2025 17:24:34][WildStr][taskhostw.exe]

[Throw dll injection][27/06/2025 17:24:34][WildStr][taskhostw.exe]

[Throw dll injection][27/06/2025 17:24:34][WildStr][MicrosoftEdgeUpdate.exe]

[Throw dll injection][27/06/2025 17:24:34][WildStr][MicrosoftEdgeUpdate.exe]

[Throw dll injection][27/06/2025 17:24:34][WildStr][svchost.exe]

[Throw dll injection][27/06/2025 17:24:34][WildStr][svchost.exe]

[Throw dll injection][27/06/2025 17:24:34][WildStr][ctfmon.exe]

[Throw dll injection][27/06/2025 17:24:34][WildStr][ctfmon.exe]

[Throw dll injection][27/06/2025 17:24:34][WildStr][svchost.exe]

[Throw dll injection][27/06/2025 17:24:34][WildStr][svchost.exe]

[Throw dll injection][27/06/2025 17:24:34][WildStr][svchost.exe]

[Throw dll injection][27/06/2025 17:24:34][WildStr][explorer.exe]

[Throw dll injection][27/06/2025 17:24:34][WildStr][explorer.exe]

[Throw dll injection][27/06/2025 17:24:34][WildStr][svchost.exe]

[Throw dll injection][27/06/2025 17:24:34][WildStr][StartMenuExperienceHost.exe]

[Throw dll injection][27/06/2025 17:24:34][WildStr][StartMenuExperienceHost.exe]

[Throw dll injection][27/06/2025 17:24:34][WildStr][RuntimeBroker.exe]

[Throw dll injection][27/06/2025 17:24:34][WildStr][RuntimeBroker.exe]

[Throw dll injection][27/06/2025 17:24:34][WildStr][SearchApp.exe]

[Throw dll injection][27/06/2025 17:24:34][WildStr][SearchApp.exe]

[Throw dll injection][27/06/2025 17:24:34][WildStr][svchost.exe]

[Throw dll injection][27/06/2025 17:24:34][WildStr][svchost.exe]

[Throw dll injection][27/06/2025 17:24:34][WildStr][RuntimeBroker.exe]

[Throw dll injection][27/06/2025 17:24:34][WildStr][RuntimeBroker.exe]

[Throw dll injection][27/06/2025 17:24:34][WildStr][RuntimeBroker.exe]

[Throw dll injection][27/06/2025 17:24:34][WildStr][RuntimeBroker.exe]

[Throw dll injection][27/06/2025 17:24:34][WildStr][svchost.exe]

[Throw dll injection][27/06/2025 17:24:34][WildStr][svchost.exe]

[Throw dll injection][27/06/2025 17:24:34][WildStr][SecurityHealthSystray.exe]

[Throw dll injection][27/06/2025 17:24:34][WildStr][SecurityHealthSystray.exe]

[Throw dll injection][27/06/2025 17:24:34][WildStr][SecurityHealthService.exe]

[Throw dll injection][27/06/2025 17:24:34][WildStr][SecurityHealthService.exe]

[Throw dll injection][27/06/2025 17:24:34][WildStr][VBoxTray.exe]

[Throw dll injection][27/06/2025 17:24:34][WildStr][VBoxTray.exe]

[Throw dll injection][27/06/2025 17:24:34][WildStr][OneDrive.exe]

[Throw dll injection][27/06/2025 17:24:34][WildStr][OneDrive.exe]

[Throw dll injection][27/06/2025 17:24:34][WildStr][svchost.exe]

[Throw dll injection][27/06/2025 17:24:34][WildStr][svchost.exe]

[Throw dll injection][27/06/2025 17:24:34][WildStr][svchost.exe]

[Throw dll injection][27/06/2025 17:24:34][WildStr][svchost.exe]

[Throw dll injection][27/06/2025 17:24:34][WildStr][svchost.exe]

[Throw dll injection][27/06/2025 17:24:34][WildStr][svchost.exe]

[Throw dll injection][27/06/2025 17:24:34][WildStr][svchost.exe]

[Throw dll injection][27/06/2025 17:24:34][WildStr][svchost.exe]

[Throw dll injection][27/06/2025 17:24:34][WildStr][svchost.exe]

[Throw dll injection][27/06/2025 17:24:34][WildStr][svchost.exe]

[Throw dll injection][27/06/2025 17:24:34][WildStr][svchost.exe]

[Throw dll injection][27/06/2025 17:24:34][WildStr][TextInputHost.exe]

[Throw dll injection][27/06/2025 17:24:34][WildStr][TextInputHost.exe]

[Throw dll injection][27/06/2025 17:24:34][WildStr][ApplicationFrameHost.exe]

[Throw dll injection][27/06/2025 17:24:34][WildStr][ApplicationFrameHost.exe]

[Throw dll injection][27/06/2025 17:24:34][WildStr][SystemSettings.exe]

[Throw dll injection][27/06/2025 17:24:34][WildStr][SystemSettings.exe]

[Throw dll injection][27/06/2025 17:24:34][WildStr][UserOOBEBroker.exe]

[Throw dll injection][27/06/2025 17:24:34][WildStr][SearchApp.exe]

[Throw dll injection][27/06/2025 17:24:34][WildStr][SearchApp.exe]

[Throw dll injection][27/06/2025 17:24:34][WildStr][msedgewebview2.exe]

[Throw dll injection][27/06/2025 17:24:34][WildStr][msedgewebview2.exe]

[Throw dll injection][27/06/2025 17:24:34][WildStr][msedgewebview2.exe]

[Throw dll injection][27/06/2025 17:24:34][WildStr][msedgewebview2.exe]

[Throw dll injection][27/06/2025 17:24:34][WildStr][msedgewebview2.exe]

[Throw dll injection][27/06/2025 17:24:34][WildStr][msedgewebview2.exe]

[Throw dll injection][27/06/2025 17:24:34][WildStr][msedgewebview2.exe]

[Throw dll injection][27/06/2025 17:24:34][WildStr][msedgewebview2.exe]

[Throw dll injection][27/06/2025 17:24:34][WildStr][msedgewebview2.exe]

[Throw dll injection][27/06/2025 17:24:34][WildStr][msedgewebview2.exe]

[Throw dll injection][27/06/2025 17:24:34][WildStr][msedgewebview2.exe]

[Throw dll injection][27/06/2025 17:24:34][WildStr][FileCoAuth.exe]

[Throw dll injection][27/06/2025 17:24:34][WildStr][FileCoAuth.exe]

[Throw dll injection][27/06/2025 17:24:34][WildStr][svchost.exe]

[Throw dll injection][27/06/2025 17:24:34][WildStr][svchost.exe]

[Throw dll injection][27/06/2025 17:24:34][WildStr][msedge.exe]

[Throw dll injection][27/06/2025 17:24:34][WildStr][msedge.exe]

[Throw dll injection][27/06/2025 17:24:34][WildStr][msedge.exe]

[Throw dll injection][27/06/2025 17:24:34][WildStr][msedge.exe]

[Throw dll injection][27/06/2025 17:24:34][WildStr][msedge.exe]

[Throw dll injection][27/06/2025 17:24:34][WildStr][msedge.exe]

[Throw dll injection][27/06/2025 17:24:34][WildStr][msedge.exe]

[Throw dll injection][27/06/2025 17:24:34][WildStr][msedge.exe]

[Throw dll injection][27/06/2025 17:24:34][WildStr][msedge.exe]

[Throw dll injection][27/06/2025 17:24:34][WildStr][msedge.exe]

[Throw dll injection][27/06/2025 17:24:34][WildStr][svchost.exe]

[Throw dll injection][27/06/2025 17:24:34][WildStr][svchost.exe]

[Throw dll injection][27/06/2025 17:24:34][WildStr][svchost.exe]

[Throw dll injection][27/06/2025 17:24:34][WildStr][svchost.exe]

[Throw dll injection][27/06/2025 17:24:34][WildStr][svchost.exe]

[Throw dll injection][27/06/2025 17:24:34][WildStr][svchost.exe]

[Throw dll injection][27/06/2025 17:24:34][WildStr][dllhost.exe]

[Throw dll injection][27/06/2025 17:24:34][WildStr][dllhost.exe]

[Throw dll injection][27/06/2025 17:24:34][WildStr][ShellExperienceHost.exe]

[Throw dll injection][27/06/2025 17:24:34][WildStr][ShellExperienceHost.exe]

[Throw dll injection][27/06/2025 17:24:34][WildStr][RuntimeBroker.exe]

[Throw dll injection][27/06/2025 17:24:34][WildStr][RuntimeBroker.exe]

[Throw dll injection][27/06/2025 17:24:34][WildStr][powershell.exe]

[Throw dll injection][27/06/2025 17:24:34][WildStr][powershell.exe]

[Throw dll injection][27/06/2025 17:24:34][WildStr][conhost.exe]

[Throw dll injection][27/06/2025 17:24:34][WildStr][conhost.exe]

[Throw dll injection][27/06/2025 17:24:34][WildStr][cmd.exe]

[Throw dll injection][27/06/2025 17:24:34][WildStr][cmd.exe]

[Throw dll injection][27/06/2025 17:24:34][WildStr][conhost.exe]

[Throw dll injection][27/06/2025 17:24:34][WildStr][conhost.exe]

[Throw dll injection][27/06/2025 17:24:34][WildStr][powershell.exe]

[Throw dll injection][27/06/2025 17:24:34][WildStr][powershell.exe]

[Throw dll injection][27/06/2025 17:24:34][WildStr][Code.exe]

[Throw dll injection][27/06/2025 17:24:34][WildStr][Code.exe]

[Throw dll injection][27/06/2025 17:24:34][WildStr][Code.exe]

[Throw dll injection][27/06/2025 17:24:34][WildStr][Code.exe]

[Throw dll injection][27/06/2025 17:24:34][WildStr][Code.exe]

[Throw dll injection][27/06/2025 17:24:34][WildStr][Code.exe]

[Throw dll injection][27/06/2025 17:24:34][WildStr][Code.exe]

[Throw dll injection][27/06/2025 17:24:34][WildStr][Code.exe]

[Throw dll injection][27/06/2025 17:24:34][WildStr][Code.exe]

[Throw dll injection][27/06/2025 17:24:34][WildStr][Code.exe]

[Throw dll injection][27/06/2025 17:24:34][WildStr][Code.exe]

[Throw dll injection][27/06/2025 17:24:34][WildStr][Code.exe]

[Throw dll injection][27/06/2025 17:24:34][WildStr][Code.exe]

[Throw dll injection][27/06/2025 17:24:34][WildStr][Code.exe]

[Throw dll injection][27/06/2025 17:24:34][WildStr][Code.exe]

[Throw dll injection][27/06/2025 17:24:34][WildStr][Code.exe]

[Throw dll injection][27/06/2025 17:24:34][WildStr][cpptools.exe]

[Throw dll injection][27/06/2025 17:24:34][WildStr][cpptools.exe]

[Throw dll injection][27/06/2025 17:24:34][WildStr][conhost.exe]

[Throw dll injection][27/06/2025 17:24:34][WildStr][conhost.exe]

[Throw dll injection][27/06/2025 17:24:34][WildStr][Code.exe]

[Throw dll injection][27/06/2025 17:24:34][WildStr][Code.exe]

[Throw dll injection][27/06/2025 17:24:34][WildStr][cpptools.exe]

[Throw dll injection][27/06/2025 17:24:34][WildStr][cpptools.exe]

[Throw dll injection][27/06/2025 17:24:34][WildStr][cpptools-srv.exe]

[Throw dll injection][27/06/2025 17:24:34][WildStr][cpptools-srv.exe]

[Throw dll injection][27/06/2025 17:24:34][WildStr][conhost.exe]

[Throw dll injection][27/06/2025 17:24:34][WildStr][conhost.exe]

[Throw dll injection][27/06/2025 17:24:34][WildStr][svchost.exe]

[Throw dll injection][27/06/2025 17:24:34][WildStr][svchost.exe]

[Throw dll injection][27/06/2025 17:24:34][WildStr][svchost.exe]

[Throw dll injection][27/06/2025 17:24:34][WildStr][svchost.exe]

[Throw dll injection][27/06/2025 17:24:34][WildStr][Code.exe]

[Throw dll injection][27/06/2025 17:24:34][WildStr][Code.exe]

[Throw dll injection][27/06/2025 17:24:34][WildStr][conhost.exe]

[Throw dll injection][27/06/2025 17:24:34][WildStr][conhost.exe]

[Throw dll injection][27/06/2025 17:24:34][WildStr][powershell.exe]

[Throw dll injection][27/06/2025 17:24:34][WildStr][powershell.exe]

[Throw dll injection][27/06/2025 17:24:34][WildStr][vctip.exe]

[Throw dll injection][27/06/2025 17:24:34][WildStr][vctip.exe]

[Throw dll injection][27/06/2025 17:24:34][WildStr][cpptools-srv.exe]

[Throw dll injection][27/06/2025 17:24:34][WildStr][cpptools-srv.exe]

[Throw dll injection][27/06/2025 17:24:34][WildStr][conhost.exe]

[Throw dll injection][27/06/2025 17:24:34][WildStr][conhost.exe]

[Throw dll injection][27/06/2025 17:24:34][WildStr][svchost.exe]

[Throw dll injection][27/06/2025 17:24:34][WildStr][svchost.exe]

[Throw dll injection][27/06/2025 17:24:34][WildStr][smartscreen.exe]

[Throw dll injection][27/06/2025 17:24:34][WildStr][smartscreen.exe]

[Throw dll injection][27/06/2025 17:24:34][WildStr][Taskmgr.exe]

[Throw dll injection][27/06/2025 17:24:34][WildStr][Taskmgr.exe]

[Throw dll injection][27/06/2025 17:24:34][WildStr][conhost.exe]

[Throw dll injection][27/06/2025 17:24:34][WildStr][conhost.exe]

[Throw dll injection][27/06/2025 17:24:34][WildStr][powershell.exe]

[Throw dll injection][27/06/2025 17:24:34][WildStr][powershell.exe]

[Throw dll injection][27/06/2025 17:24:34][WildStr][test.exe]

[Throw dll injection][27/06/2025 17:24:34][WildStr][test.exe]

[Throw dll injection][27/06/2025 17:24:35][WildStr][System]

[Throw dll injection][27/06/2025 17:24:35][WildStr][Registry]

[Throw dll injection][27/06/2025 17:24:35][WildStr][smss.exe]

[Throw dll injection][27/06/2025 17:24:35][WildStr][smss.exe]

[Throw dll injection][27/06/2025 17:24:35][WildStr][csrss.exe]

[Throw dll injection][27/06/2025 17:24:35][WildStr][csrss.exe]

[Throw dll injection][27/06/2025 17:24:35][WildStr][wininit.exe]

[Throw dll injection][27/06/2025 17:24:35][WildStr][wininit.exe]

[Throw dll injection][27/06/2025 17:24:35][WildStr][csrss.exe]

[Throw dll injection][27/06/2025 17:24:35][WildStr][csrss.exe]

[Throw dll injection][27/06/2025 17:24:35][WildStr][winlogon.exe]

[Throw dll injection][27/06/2025 17:24:35][WildStr][winlogon.exe]

[Throw dll injection][27/06/2025 17:24:35][WildStr][services.exe]

[Throw dll injection][27/06/2025 17:24:35][WildStr][services.exe]

[Throw dll injection][27/06/2025 17:24:35][WildStr][lsass.exe]

[Throw dll injection][27/06/2025 17:24:35][WildStr][lsass.exe]

[Throw dll injection][27/06/2025 17:24:35][WildStr][svchost.exe]

[Throw dll injection][27/06/2025 17:24:35][WildStr][svchost.exe]

[Throw dll injection][27/06/2025 17:24:35][WildStr][fontdrvhost.exe]

[Throw dll injection][27/06/2025 17:24:35][WildStr][fontdrvhost.exe]

[Throw dll injection][27/06/2025 17:24:35][WildStr][fontdrvhost.exe]

[Throw dll injection][27/06/2025 17:24:35][WildStr][fontdrvhost.exe]

[Throw dll injection][27/06/2025 17:24:35][WildStr][svchost.exe]

[Throw dll injection][27/06/2025 17:24:35][WildStr][svchost.exe]

[Throw dll injection][27/06/2025 17:24:35][WildStr][svchost.exe]

[Throw dll injection][27/06/2025 17:24:35][WildStr][svchost.exe]

[Throw dll injection][27/06/2025 17:24:35][WildStr][dwm.exe]

[Throw dll injection][27/06/2025 17:24:35][WildStr][dwm.exe]

[Throw dll injection][27/06/2025 17:24:35][WildStr][svchost.exe]

[Throw dll injection][27/06/2025 17:24:35][WildStr][svchost.exe]

[Throw dll injection][27/06/2025 17:24:35][WildStr][svchost.exe]

[Throw dll injection][27/06/2025 17:24:35][WildStr][svchost.exe]

[Throw dll injection][27/06/2025 17:24:35][WildStr][svchost.exe]

[Throw dll injection][27/06/2025 17:24:35][WildStr][svchost.exe]

[Throw dll injection][27/06/2025 17:24:35][WildStr][svchost.exe]

[Throw dll injection][27/06/2025 17:24:35][WildStr][svchost.exe]

[Throw dll injection][27/06/2025 17:24:35][WildStr][svchost.exe]

[Throw dll injection][27/06/2025 17:24:35][WildStr][svchost.exe]

[Throw dll injection][27/06/2025 17:24:35][WildStr][svchost.exe]

[Throw dll injection][27/06/2025 17:24:35][WildStr][svchost.exe]

[Throw dll injection][27/06/2025 17:24:35][WildStr][svchost.exe]

[Throw dll injection][27/06/2025 17:24:35][WildStr][svchost.exe]

[Throw dll injection][27/06/2025 17:24:35][WildStr][svchost.exe]

[Throw dll injection][27/06/2025 17:24:35][WildStr][svchost.exe]

[Throw dll injection][27/06/2025 17:24:35][WildStr][svchost.exe]

[Throw dll injection][27/06/2025 17:24:35][WildStr][svchost.exe]

[Throw dll injection][27/06/2025 17:24:35][WildStr][svchost.exe]

[Throw dll injection][27/06/2025 17:24:35][WildStr][svchost.exe]

[Throw dll injection][27/06/2025 17:24:35][WildStr][svchost.exe]

[Throw dll injection][27/06/2025 17:24:35][WildStr][svchost.exe]

[Throw dll injection][27/06/2025 17:24:35][WildStr][svchost.exe]

[Throw dll injection][27/06/2025 17:24:35][WildStr][VBoxService.exe]

[Throw dll injection][27/06/2025 17:24:35][WildStr][VBoxService.exe]

[Throw dll injection][27/06/2025 17:24:35][WildStr][svchost.exe]

[Throw dll injection][27/06/2025 17:24:35][WildStr][svchost.exe]

[Throw dll injection][27/06/2025 17:24:35][WildStr][svchost.exe]

[Throw dll injection][27/06/2025 17:24:35][WildStr][svchost.exe]

[Throw dll injection][27/06/2025 17:24:35][WildStr][svchost.exe]

[Throw dll injection][27/06/2025 17:24:35][WildStr][svchost.exe]

[Throw dll injection][27/06/2025 17:24:35][WildStr][svchost.exe]

[Throw dll injection][27/06/2025 17:24:35][WildStr][svchost.exe]

[Throw dll injection][27/06/2025 17:24:35][WildStr][svchost.exe]

[Throw dll injection][27/06/2025 17:24:35][WildStr][svchost.exe]

[Throw dll injection][27/06/2025 17:24:35][WildStr][svchost.exe]

[Throw dll injection][27/06/2025 17:24:35][WildStr][svchost.exe]

[Throw dll injection][27/06/2025 17:24:35][WildStr][Memory Compression]

[Throw dll injection][27/06/2025 17:24:35][WildStr][Memory Compression]

[Throw dll injection][27/06/2025 17:24:35][WildStr][svchost.exe]

[Throw dll injection][27/06/2025 17:24:35][WildStr][svchost.exe]

[Throw dll injection][27/06/2025 17:24:35][WildStr][svchost.exe]

[Throw dll injection][27/06/2025 17:24:35][WildStr][svchost.exe]

[Throw dll injection][27/06/2025 17:24:35][WildStr][svchost.exe]

[Throw dll injection][27/06/2025 17:24:35][WildStr][svchost.exe]

[Throw dll injection][27/06/2025 17:24:35][WildStr][svchost.exe]

[Throw dll injection][27/06/2025 17:24:35][WildStr][svchost.exe]

[Throw dll injection][27/06/2025 17:24:35][WildStr][svchost.exe]

[Throw dll injection][27/06/2025 17:24:35][WildStr][svchost.exe]

[Throw dll injection][27/06/2025 17:24:35][WildStr][svchost.exe]

[Throw dll injection][27/06/2025 17:24:35][WildStr][svchost.exe]

[Throw dll injection][27/06/2025 17:24:35][WildStr][svchost.exe]

[Throw dll injection][27/06/2025 17:24:35][WildStr][svchost.exe]

[Throw dll injection][27/06/2025 17:24:35][WildStr][svchost.exe]

[Throw dll injection][27/06/2025 17:24:35][WildStr][spoolsv.exe]

[Throw dll injection][27/06/2025 17:24:35][WildStr][spoolsv.exe]

[Throw dll injection][27/06/2025 17:24:35][WildStr][svchost.exe]

[Throw dll injection][27/06/2025 17:24:35][WildStr][svchost.exe]

[Throw dll injection][27/06/2025 17:24:35][WildStr][svchost.exe]

[Throw dll injection][27/06/2025 17:24:35][WildStr][svchost.exe]

[Throw dll injection][27/06/2025 17:24:35][WildStr][svchost.exe]

[Throw dll injection][27/06/2025 17:24:35][WildStr][svchost.exe]

[Throw dll injection][27/06/2025 17:24:35][WildStr][svchost.exe]

[Throw dll injection][27/06/2025 17:24:35][WildStr][svchost.exe]

[Throw dll injection][27/06/2025 17:24:35][WildStr][ssh-agent.exe]

[Throw dll injection][27/06/2025 17:24:35][WildStr][ssh-agent.exe]

[Throw dll injection][27/06/2025 17:24:35][WildStr][sshd.exe]

[Throw dll injection][27/06/2025 17:24:35][WildStr][sshd.exe]

[Throw dll injection][27/06/2025 17:24:35][WildStr][svchost.exe]

[Throw dll injection][27/06/2025 17:24:35][WildStr][svchost.exe]

[Throw dll injection][27/06/2025 17:24:35][WildStr][svchost.exe]

[Throw dll injection][27/06/2025 17:24:35][WildStr][svchost.exe]

[Throw dll injection][27/06/2025 17:24:35][WildStr][svchost.exe]

[Throw dll injection][27/06/2025 17:24:35][WildStr][svchost.exe]

[Throw dll injection][27/06/2025 17:24:35][WildStr][svchost.exe]

[Throw dll injection][27/06/2025 17:24:35][WildStr][svchost.exe]

[Throw dll injection][27/06/2025 17:24:35][WildStr][svchost.exe]

[Throw dll injection][27/06/2025 17:24:35][WildStr][svchost.exe]

[Throw dll injection][27/06/2025 17:24:35][WildStr][svchost.exe]

[Throw dll injection][27/06/2025 17:24:35][WildStr][svchost.exe]

[Throw dll injection][27/06/2025 17:24:35][WildStr][svchost.exe]

[Throw dll injection][27/06/2025 17:24:35][WildStr][svchost.exe]

[Throw dll injection][27/06/2025 17:24:35][WildStr][svchost.exe]

[Throw dll injection][27/06/2025 17:24:35][WildStr][svchost.exe]

[Throw dll injection][27/06/2025 17:24:35][WildStr][svchost.exe]

[Throw dll injection][27/06/2025 17:24:35][WildStr][svchost.exe]

[Throw dll injection][27/06/2025 17:24:35][WildStr][MpDefenderCoreService.exe]

[Throw dll injection][27/06/2025 17:24:35][WildStr][MpDefenderCoreService.exe]

[Throw dll injection][27/06/2025 17:24:35][WildStr][MsMpEng.exe]

[Throw dll injection][27/06/2025 17:24:35][WildStr][MsMpEng.exe]

[Throw dll injection][27/06/2025 17:24:35][WildStr][SearchIndexer.exe]

[Throw dll injection][27/06/2025 17:24:35][WildStr][SearchIndexer.exe]

[Throw dll injection][27/06/2025 17:24:35][WildStr][AggregatorHost.exe]

[Throw dll injection][27/06/2025 17:24:35][WildStr][AggregatorHost.exe]

[Throw dll injection][27/06/2025 17:24:35][WildStr][dllhost.exe]

[Throw dll injection][27/06/2025 17:24:35][WildStr][dllhost.exe]

[Throw dll injection][27/06/2025 17:24:35][WildStr][svchost.exe]

[Throw dll injection][27/06/2025 17:24:35][WildStr][svchost.exe]

[Throw dll injection][27/06/2025 17:24:35][WildStr][NisSrv.exe]

[Throw dll injection][27/06/2025 17:24:35][WildStr][NisSrv.exe]

[Throw dll injection][27/06/2025 17:24:35][WildStr][sihost.exe]

[Throw dll injection][27/06/2025 17:24:35][WildStr][sihost.exe]

[Throw dll injection][27/06/2025 17:24:35][WildStr][svchost.exe]

[Throw dll injection][27/06/2025 17:24:35][WildStr][svchost.exe]

[Throw dll injection][27/06/2025 17:24:35][WildStr][svchost.exe]

[Throw dll injection][27/06/2025 17:24:35][WildStr][svchost.exe]

[Throw dll injection][27/06/2025 17:24:35][WildStr][taskhostw.exe]

[Throw dll injection][27/06/2025 17:24:35][WildStr][taskhostw.exe]

[Throw dll injection][27/06/2025 17:24:35][WildStr][MicrosoftEdgeUpdate.exe]

[Throw dll injection][27/06/2025 17:24:35][WildStr][MicrosoftEdgeUpdate.exe]

[Throw dll injection][27/06/2025 17:24:35][WildStr][svchost.exe]

[Throw dll injection][27/06/2025 17:24:35][WildStr][svchost.exe]

[Throw dll injection][27/06/2025 17:24:35][WildStr][ctfmon.exe]

[Throw dll injection][27/06/2025 17:24:35][WildStr][ctfmon.exe]

[Throw dll injection][27/06/2025 17:24:35][WildStr][svchost.exe]

[Throw dll injection][27/06/2025 17:24:35][WildStr][svchost.exe]

[Throw dll injection][27/06/2025 17:24:35][WildStr][svchost.exe]

[Throw dll injection][27/06/2025 17:24:35][WildStr][svchost.exe]

[Throw dll injection][27/06/2025 17:24:35][WildStr][explorer.exe]

[Throw dll injection][27/06/2025 17:24:35][WildStr][explorer.exe]

[Throw dll injection][27/06/2025 17:24:35][WildStr][svchost.exe]

[Throw dll injection][27/06/2025 17:24:35][WildStr][StartMenuExperienceHost.exe]

[Throw dll injection][27/06/2025 17:24:35][WildStr][StartMenuExperienceHost.exe]

[Throw dll injection][27/06/2025 17:24:35][WildStr][RuntimeBroker.exe]

[Throw dll injection][27/06/2025 17:24:35][WildStr][RuntimeBroker.exe]

[Throw dll injection][27/06/2025 17:24:35][WildStr][SearchApp.exe]

[Throw dll injection][27/06/2025 17:24:35][WildStr][SearchApp.exe]

[Throw dll injection][27/06/2025 17:24:35][WildStr][svchost.exe]

[Throw dll injection][27/06/2025 17:24:35][WildStr][svchost.exe]

[Throw dll injection][27/06/2025 17:24:35][WildStr][RuntimeBroker.exe]

[Throw dll injection][27/06/2025 17:24:35][WildStr][RuntimeBroker.exe]

[Throw dll injection][27/06/2025 17:24:35][WildStr][RuntimeBroker.exe]

[Throw dll injection][27/06/2025 17:24:35][WildStr][RuntimeBroker.exe]

[Throw dll injection][27/06/2025 17:24:35][WildStr][svchost.exe]

[Throw dll injection][27/06/2025 17:24:35][WildStr][svchost.exe]

[Throw dll injection][27/06/2025 17:24:35][WildStr][SecurityHealthSystray.exe]

[Throw dll injection][27/06/2025 17:24:35][WildStr][SecurityHealthSystray.exe]

[Throw dll injection][27/06/2025 17:24:35][WildStr][SecurityHealthService.exe]

[Throw dll injection][27/06/2025 17:24:35][WildStr][SecurityHealthService.exe]

[Throw dll injection][27/06/2025 17:24:35][WildStr][VBoxTray.exe]

[Throw dll injection][27/06/2025 17:24:35][WildStr][VBoxTray.exe]

[Throw dll injection][27/06/2025 17:24:35][WildStr][OneDrive.exe]

[Throw dll injection][27/06/2025 17:24:35][WildStr][OneDrive.exe]

[Throw dll injection][27/06/2025 17:24:35][WildStr][svchost.exe]

[Throw dll injection][27/06/2025 17:24:35][WildStr][svchost.exe]

[Throw dll injection][27/06/2025 17:24:35][WildStr][svchost.exe]

[Throw dll injection][27/06/2025 17:24:35][WildStr][svchost.exe]

[Throw dll injection][27/06/2025 17:24:35][WildStr][svchost.exe]

[Throw dll injection][27/06/2025 17:24:35][WildStr][svchost.exe]

[Throw dll injection][27/06/2025 17:24:35][WildStr][svchost.exe]

[Throw dll injection][27/06/2025 17:24:35][WildStr][svchost.exe]

[Throw dll injection][27/06/2025 17:24:35][WildStr][svchost.exe]

[Throw dll injection][27/06/2025 17:24:35][WildStr][svchost.exe]

[Throw dll injection][27/06/2025 17:24:35][WildStr][svchost.exe]

[Throw dll injection][27/06/2025 17:24:35][WildStr][svchost.exe]

[Throw dll injection][27/06/2025 17:24:35][WildStr][TextInputHost.exe]

[Throw dll injection][27/06/2025 17:24:35][WildStr][TextInputHost.exe]

[Throw dll injection][27/06/2025 17:24:35][WildStr][ApplicationFrameHost.exe]

[Throw dll injection][27/06/2025 17:24:35][WildStr][ApplicationFrameHost.exe]

[Throw dll injection][27/06/2025 17:24:35][WildStr][SystemSettings.exe]

[Throw dll injection][27/06/2025 17:24:35][WildStr][SystemSettings.exe]

[Throw dll injection][27/06/2025 17:24:35][WildStr][UserOOBEBroker.exe]

[Throw dll injection][27/06/2025 17:24:35][WildStr][UserOOBEBroker.exe]

[Throw dll injection][27/06/2025 17:24:35][WildStr][SearchApp.exe]

[Throw dll injection][27/06/2025 17:24:35][WildStr][SearchApp.exe]

[Throw dll injection][27/06/2025 17:24:35][WildStr][msedgewebview2.exe]

[Throw dll injection][27/06/2025 17:24:35][WildStr][msedgewebview2.exe]

[Throw dll injection][27/06/2025 17:24:35][WildStr][msedgewebview2.exe]

[Throw dll injection][27/06/2025 17:24:35][WildStr][msedgewebview2.exe]

[Throw dll injection][27/06/2025 17:24:35][WildStr][msedgewebview2.exe]

[Throw dll injection][27/06/2025 17:24:35][WildStr][msedgewebview2.exe]

[Throw dll injection][27/06/2025 17:24:35][WildStr][msedgewebview2.exe]

[Throw dll injection][27/06/2025 17:24:35][WildStr][msedgewebview2.exe]

[Throw dll injection][27/06/2025 17:24:35][WildStr][msedgewebview2.exe]

[Throw dll injection][27/06/2025 17:24:35][WildStr][msedgewebview2.exe]

[Throw dll injection][27/06/2025 17:24:35][WildStr][msedgewebview2.exe]

[Throw dll injection][27/06/2025 17:24:35][WildStr][FileCoAuth.exe]

[Throw dll injection][27/06/2025 17:24:35][WildStr][FileCoAuth.exe]

[Throw dll injection][27/06/2025 17:24:35][WildStr][svchost.exe]

[Throw dll injection][27/06/2025 17:24:35][WildStr][svchost.exe]

[Throw dll injection][27/06/2025 17:24:35][WildStr][msedge.exe]

[Throw dll injection][27/06/2025 17:24:35][WildStr][msedge.exe]

[Throw dll injection][27/06/2025 17:24:35][WildStr][msedge.exe]

[Throw dll injection][27/06/2025 17:24:35][WildStr][msedge.exe]

[Throw dll injection][27/06/2025 17:24:35][WildStr][msedge.exe]

[Throw dll injection][27/06/2025 17:24:35][WildStr][msedge.exe]

[Throw dll injection][27/06/2025 17:24:35][WildStr][msedge.exe]

[Throw dll injection][27/06/2025 17:24:35][WildStr][msedge.exe]

[Throw dll injection][27/06/2025 17:24:35][WildStr][msedge.exe]

[Throw dll injection][27/06/2025 17:24:35][WildStr][msedge.exe]

[Throw dll injection][27/06/2025 17:24:35][WildStr][svchost.exe]

[Throw dll injection][27/06/2025 17:24:35][WildStr][svchost.exe]

[Throw dll injection][27/06/2025 17:24:35][WildStr][svchost.exe]

[Throw dll injection][27/06/2025 17:24:35][WildStr][svchost.exe]

[Throw dll injection][27/06/2025 17:24:35][WildStr][svchost.exe]

[Throw dll injection][27/06/2025 17:24:35][WildStr][svchost.exe]

[Throw dll injection][27/06/2025 17:24:35][WildStr][dllhost.exe]

[Throw dll injection][27/06/2025 17:24:35][WildStr][dllhost.exe]

[Throw dll injection][27/06/2025 17:24:35][WildStr][ShellExperienceHost.exe]

[Throw dll injection][27/06/2025 17:24:35][WildStr][ShellExperienceHost.exe]

[Throw dll injection][27/06/2025 17:24:35][WildStr][RuntimeBroker.exe]

[Throw dll injection][27/06/2025 17:24:35][WildStr][RuntimeBroker.exe]

[Throw dll injection][27/06/2025 17:24:35][WildStr][powershell.exe]

[Throw dll injection][27/06/2025 17:24:35][WildStr][powershell.exe]

[Throw dll injection][27/06/2025 17:24:35][WildStr][conhost.exe]

[Throw dll injection][27/06/2025 17:24:35][WildStr][conhost.exe]

[Throw dll injection][27/06/2025 17:24:35][WildStr][cmd.exe]

[Throw dll injection][27/06/2025 17:24:35][WildStr][cmd.exe]

[Throw dll injection][27/06/2025 17:24:35][WildStr][conhost.exe]

[Throw dll injection][27/06/2025 17:24:35][WildStr][conhost.exe]

[Throw dll injection][27/06/2025 17:24:35][WildStr][powershell.exe]

[Throw dll injection][27/06/2025 17:24:35][WildStr][powershell.exe]

[Throw dll injection][27/06/2025 17:24:35][WildStr][Code.exe]

[Throw dll injection][27/06/2025 17:24:35][WildStr][Code.exe]

[Throw dll injection][27/06/2025 17:24:35][WildStr][Code.exe]

[Throw dll injection][27/06/2025 17:24:35][WildStr][Code.exe]

[Throw dll injection][27/06/2025 17:24:35][WildStr][Code.exe]

[Throw dll injection][27/06/2025 17:24:35][WildStr][Code.exe]

[Throw dll injection][27/06/2025 17:24:35][WildStr][Code.exe]

[Throw dll injection][27/06/2025 17:24:35][WildStr][Code.exe]

[Throw dll injection][27/06/2025 17:24:35][WildStr][Code.exe]

[Throw dll injection][27/06/2025 17:24:35][WildStr][Code.exe]

[Throw dll injection][27/06/2025 17:24:35][WildStr][Code.exe]

[Throw dll injection][27/06/2025 17:24:35][WildStr][Code.exe]

[Throw dll injection][27/06/2025 17:24:35][WildStr][Code.exe]

[Throw dll injection][27/06/2025 17:24:35][WildStr][Code.exe]

[Throw dll injection][27/06/2025 17:24:35][WildStr][Code.exe]

[Throw dll injection][27/06/2025 17:24:35][WildStr][Code.exe]

[Throw dll injection][27/06/2025 17:24:35][WildStr][cpptools.exe]

[Throw dll injection][27/06/2025 17:24:35][WildStr][cpptools.exe]

[Throw dll injection][27/06/2025 17:24:35][WildStr][conhost.exe]

[Throw dll injection][27/06/2025 17:24:35][WildStr][conhost.exe]

[Throw dll injection][27/06/2025 17:24:35][WildStr][Code.exe]

[Throw dll injection][27/06/2025 17:24:35][WildStr][Code.exe]

[Throw dll injection][27/06/2025 17:24:35][WildStr][cpptools.exe]

[Throw dll injection][27/06/2025 17:24:35][WildStr][cpptools.exe]

[Throw dll injection][27/06/2025 17:24:35][WildStr][cpptools-srv.exe]

[Throw dll injection][27/06/2025 17:24:35][WildStr][cpptools-srv.exe]

[Throw dll injection][27/06/2025 17:24:35][WildStr][conhost.exe]

[Throw dll injection][27/06/2025 17:24:35][WildStr][conhost.exe]

[Throw dll injection][27/06/2025 17:24:35][WildStr][svchost.exe]

[Throw dll injection][27/06/2025 17:24:35][WildStr][svchost.exe]

[Throw dll injection][27/06/2025 17:24:35][WildStr][svchost.exe]

[Throw dll injection][27/06/2025 17:24:35][WildStr][svchost.exe]

[Throw dll injection][27/06/2025 17:24:35][WildStr][Code.exe]

[Throw dll injection][27/06/2025 17:24:35][WildStr][conhost.exe]

[Throw dll injection][27/06/2025 17:24:35][WildStr][powershell.exe]

[Throw dll injection][27/06/2025 17:24:35][WildStr][powershell.exe]

[Throw dll injection][27/06/2025 17:24:35][WildStr][vctip.exe]

[Throw dll injection][27/06/2025 17:24:35][WildStr][vctip.exe]

[Throw dll injection][27/06/2025 17:24:35][WildStr][cpptools-srv.exe]

[Throw dll injection][27/06/2025 17:24:35][WildStr][cpptools-srv.exe]

[Throw dll injection][27/06/2025 17:24:35][WildStr][conhost.exe]

[Throw dll injection][27/06/2025 17:24:35][WildStr][conhost.exe]

[Throw dll injection][27/06/2025 17:24:35][WildStr][svchost.exe]

[Throw dll injection][27/06/2025 17:24:35][WildStr][smartscreen.exe]

[Throw dll injection][27/06/2025 17:24:35][WildStr][smartscreen.exe]

[Throw dll injection][27/06/2025 17:24:35][WildStr][Taskmgr.exe]

[Throw dll injection][27/06/2025 17:24:35][WildStr][Taskmgr.exe]

[Throw dll injection][27/06/2025 17:24:35][WildStr][conhost.exe]

[Throw dll injection][27/06/2025 17:24:35][WildStr][conhost.exe]

[Throw dll injection][27/06/2025 17:24:35][WildStr][powershell.exe]

[Throw dll injection][27/06/2025 17:24:35][WildStr][powershell.exe]

[Throw dll injection][27/06/2025 17:24:35][WildStr][test.exe]

[Throw dll injection][27/06/2025 17:24:35][WildStr][test.exe]

[Throw dll injection][27/06/2025 17:24:36][WildStr][System]

[Throw dll injection][27/06/2025 17:24:36][WildStr][Registry]

[Throw dll injection][27/06/2025 17:24:36][WildStr][Registry]

[Throw dll injection][27/06/2025 17:24:36][WildStr][smss.exe]

[Throw dll injection][27/06/2025 17:24:36][WildStr][smss.exe]

[Throw dll injection][27/06/2025 17:24:36][WildStr][csrss.exe]

[Throw dll injection][27/06/2025 17:24:36][WildStr][csrss.exe]

[Throw dll injection][27/06/2025 17:24:36][WildStr][wininit.exe]

[Throw dll injection][27/06/2025 17:24:36][WildStr][wininit.exe]

[Throw dll injection][27/06/2025 17:24:36][WildStr][csrss.exe]

[Throw dll injection][27/06/2025 17:24:36][WildStr][winlogon.exe]

[Throw dll injection][27/06/2025 17:24:36][WildStr][csrss.exe]

[Throw dll injection][27/06/2025 17:24:36][WildStr][services.exe]

[Throw dll injection][27/06/2025 17:24:36][WildStr][lsass.exe]

[Throw dll injection][27/06/2025 17:24:36][WildStr][winlogon.exe]

[Throw dll injection][27/06/2025 17:24:36][WildStr][svchost.exe]

[Throw dll injection][27/06/2025 17:24:36][WildStr][services.exe]

[Throw dll injection][27/06/2025 17:24:36][WildStr][fontdrvhost.exe]

[Throw dll injection][27/06/2025 17:24:36][WildStr][fontdrvhost.exe]

[Throw dll injection][27/06/2025 17:24:36][WildStr][lsass.exe]

[Throw dll injection][27/06/2025 17:24:36][WildStr][svchost.exe]

[Throw dll injection][27/06/2025 17:24:36][WildStr][svchost.exe]

[Throw dll injection][27/06/2025 17:24:36][WildStr][svchost.exe]

[Throw dll injection][27/06/2025 17:24:36][WildStr][fontdrvhost.exe]

[Throw dll injection][27/06/2025 17:24:36][WildStr][fontdrvhost.exe]

[Throw dll injection][27/06/2025 17:24:36][WildStr][dwm.exe]

[Throw dll injection][27/06/2025 17:24:36][WildStr][svchost.exe]

[Throw dll injection][27/06/2025 17:24:36][WildStr][svchost.exe]

[Throw dll injection][27/06/2025 17:24:36][WildStr][svchost.exe]

[Throw dll injection][27/06/2025 17:24:36][WildStr][svchost.exe]

[Throw dll injection][27/06/2025 17:24:36][WildStr][dwm.exe]

[Throw dll injection][27/06/2025 17:24:36][WildStr][svchost.exe]

[Throw dll injection][27/06/2025 17:24:36][WildStr][svchost.exe]

[Throw dll injection][27/06/2025 17:24:36][WildStr][svchost.exe]

[Throw dll injection][27/06/2025 17:24:36][WildStr][svchost.exe]

[Throw dll injection][27/06/2025 17:24:36][WildStr][svchost.exe]

[Throw dll injection][27/06/2025 17:24:36][WildStr][svchost.exe]

[Throw dll injection][27/06/2025 17:24:36][WildStr][svchost.exe]

[Throw dll injection][27/06/2025 17:24:36][WildStr][svchost.exe]

[Throw dll injection][27/06/2025 17:24:36][WildStr][svchost.exe]

[Throw dll injection][27/06/2025 17:24:36][WildStr][svchost.exe]

[Throw dll injection][27/06/2025 17:24:36][WildStr][svchost.exe]

[Throw dll injection][27/06/2025 17:24:36][WildStr][svchost.exe]

[Throw dll injection][27/06/2025 17:24:36][WildStr][svchost.exe]

[Throw dll injection][27/06/2025 17:24:36][WildStr][svchost.exe]

[Throw dll injection][27/06/2025 17:24:36][WildStr][svchost.exe]

[Throw dll injection][27/06/2025 17:24:36][WildStr][svchost.exe]

[Throw dll injection][27/06/2025 17:24:36][WildStr][VBoxService.exe]

[Throw dll injection][27/06/2025 17:24:36][WildStr][svchost.exe]

[Throw dll injection][27/06/2025 17:24:36][WildStr][svchost.exe]

[Throw dll injection][27/06/2025 17:24:36][WildStr][svchost.exe]

[Throw dll injection][27/06/2025 17:24:36][WildStr][svchost.exe]

[Throw dll injection][27/06/2025 17:24:36][WildStr][VBoxService.exe]

[Throw dll injection][27/06/2025 17:24:36][WildStr][svchost.exe]

[Throw dll injection][27/06/2025 17:24:36][WildStr][svchost.exe]

[Throw dll injection][27/06/2025 17:24:36][WildStr][svchost.exe]

[Throw dll injection][27/06/2025 17:24:36][WildStr][svchost.exe]

[Throw dll injection][27/06/2025 17:24:36][WildStr][svchost.exe]

[Throw dll injection][27/06/2025 17:24:36][WildStr][svchost.exe]

[Throw dll injection][27/06/2025 17:24:36][WildStr][svchost.exe]

[Throw dll injection][27/06/2025 17:24:36][WildStr][svchost.exe]

[Throw dll injection][27/06/2025 17:24:36][WildStr][Memory Compression]

[Throw dll injection][27/06/2025 17:24:36][WildStr][svchost.exe]

[Throw dll injection][27/06/2025 17:24:36][WildStr][svchost.exe]

[Throw dll injection][27/06/2025 17:24:36][WildStr][svchost.exe]

[Throw dll injection][27/06/2025 17:24:36][WildStr][svchost.exe]

[Throw dll injection][27/06/2025 17:24:36][WildStr][Memory Compression]

[Throw dll injection][27/06/2025 17:24:36][WildStr][svchost.exe]

[Throw dll injection][27/06/2025 17:24:36][WildStr][svchost.exe]

[Throw dll injection][27/06/2025 17:24:36][WildStr][svchost.exe]

[Throw dll injection][27/06/2025 17:24:36][WildStr][svchost.exe]

[Throw dll injection][27/06/2025 17:24:36][WildStr][svchost.exe]

[Throw dll injection][27/06/2025 17:24:36][WildStr][svchost.exe]

[Throw dll injection][27/06/2025 17:24:36][WildStr][svchost.exe]

[Throw dll injection][27/06/2025 17:24:36][WildStr][svchost.exe]

[Throw dll injection][27/06/2025 17:24:36][WildStr][svchost.exe]

[Throw dll injection][27/06/2025 17:24:36][WildStr][svchost.exe]

[Throw dll injection][27/06/2025 17:24:36][WildStr][svchost.exe]

[Throw dll injection][27/06/2025 17:24:36][WildStr][svchost.exe]

[Throw dll injection][27/06/2025 17:24:36][WildStr][spoolsv.exe]

[Throw dll injection][27/06/2025 17:24:36][WildStr][svchost.exe]

[Throw dll injection][27/06/2025 17:24:36][WildStr][svchost.exe]

[Throw dll injection][27/06/2025 17:24:36][WildStr][svchost.exe]

[Throw dll injection][27/06/2025 17:24:36][WildStr][svchost.exe]

[Throw dll injection][27/06/2025 17:24:36][WildStr][spoolsv.exe]

[Throw dll injection][27/06/2025 17:24:36][WildStr][svchost.exe]

[Throw dll injection][27/06/2025 17:24:36][WildStr][svchost.exe]

[Throw dll injection][27/06/2025 17:24:36][WildStr][svchost.exe]

[Throw dll injection][27/06/2025 17:24:36][WildStr][svchost.exe]

[Throw dll injection][27/06/2025 17:24:36][WildStr][ssh-agent.exe]

[Throw dll injection][27/06/2025 17:24:36][WildStr][svchost.exe]

[Throw dll injection][27/06/2025 17:24:36][WildStr][sshd.exe]

[Throw dll injection][27/06/2025 17:24:36][WildStr][svchost.exe]

[Throw dll injection][27/06/2025 17:24:36][WildStr][svchost.exe]

[Throw dll injection][27/06/2025 17:24:36][WildStr][ssh-agent.exe]

[Throw dll injection][27/06/2025 17:24:36][WildStr][svchost.exe]

[Throw dll injection][27/06/2025 17:24:36][WildStr][svchost.exe]

[Throw dll injection][27/06/2025 17:24:36][WildStr][svchost.exe]

[Throw dll injection][27/06/2025 17:24:36][WildStr][svchost.exe]

[Throw dll injection][27/06/2025 17:24:36][WildStr][svchost.exe]

[Throw dll injection][27/06/2025 17:24:36][WildStr][svchost.exe]

[Throw dll injection][27/06/2025 17:24:36][WildStr][svchost.exe]

[Throw dll injection][27/06/2025 17:24:36][WildStr][svchost.exe]

[Throw dll injection][27/06/2025 17:24:36][WildStr][svchost.exe]

[Throw dll injection][27/06/2025 17:24:36][WildStr][svchost.exe]

[Throw dll injection][27/06/2025 17:24:36][WildStr][svchost.exe]

[Throw dll injection][27/06/2025 17:24:36][WildStr][svchost.exe]

[Throw dll injection][27/06/2025 17:24:36][WildStr][svchost.exe]

[Throw dll injection][27/06/2025 17:24:36][WildStr][svchost.exe]

[Throw dll injection][27/06/2025 17:24:36][WildStr][svchost.exe]

[Throw dll injection][27/06/2025 17:24:36][WildStr][MpDefenderCoreService.exe]

[Throw dll injection][27/06/2025 17:24:36][WildStr][svchost.exe]

[Throw dll injection][27/06/2025 17:24:36][WildStr][MsMpEng.exe]

[Throw dll injection][27/06/2025 17:24:36][WildStr][svchost.exe]

[Throw dll injection][27/06/2025 17:24:36][WildStr][SearchIndexer.exe]

[Throw dll injection][27/06/2025 17:24:36][WildStr][MpDefenderCoreService.exe]

[Throw dll injection][27/06/2025 17:24:36][WildStr][AggregatorHost.exe]

[Throw dll injection][27/06/2025 17:24:36][WildStr][MsMpEng.exe]

[Throw dll injection][27/06/2025 17:24:36][WildStr][dllhost.exe]

[Throw dll injection][27/06/2025 17:24:36][WildStr][SearchIndexer.exe]

[Throw dll injection][27/06/2025 17:24:36][WildStr][svchost.exe]

[Throw dll injection][27/06/2025 17:24:36][WildStr][AggregatorHost.exe]

[Throw dll injection][27/06/2025 17:24:36][WildStr][NisSrv.exe]

[Throw dll injection][27/06/2025 17:24:36][WildStr][dllhost.exe]

[Throw dll injection][27/06/2025 17:24:36][WildStr][sihost.exe]

[Throw dll injection][27/06/2025 17:24:36][WildStr][svchost.exe]

[Throw dll injection][27/06/2025 17:24:36][WildStr][svchost.exe]

[Throw dll injection][27/06/2025 17:24:36][WildStr][NisSrv.exe]

[Throw dll injection][27/06/2025 17:24:36][WildStr][svchost.exe]

[Throw dll injection][27/06/2025 17:24:36][WildStr][sihost.exe]

[Throw dll injection][27/06/2025 17:24:36][WildStr][taskhostw.exe]

[Throw dll injection][27/06/2025 17:24:36][WildStr][svchost.exe]

[Throw dll injection][27/06/2025 17:24:36][WildStr][MicrosoftEdgeUpdate.exe]

[Throw dll injection][27/06/2025 17:24:36][WildStr][svchost.exe]

[Throw dll injection][27/06/2025 17:24:36][WildStr][svchost.exe]

[Throw dll injection][27/06/2025 17:24:36][WildStr][taskhostw.exe]

[Throw dll injection][27/06/2025 17:24:36][WildStr][ctfmon.exe]

[Throw dll injection][27/06/2025 17:24:36][WildStr][MicrosoftEdgeUpdate.exe]

[Throw dll injection][27/06/2025 17:24:36][WildStr][svchost.exe]

[Throw dll injection][27/06/2025 17:24:36][WildStr][svchost.exe]

[Throw dll injection][27/06/2025 17:24:36][WildStr][svchost.exe]

[Throw dll injection][27/06/2025 17:24:36][WildStr][ctfmon.exe]

[Throw dll injection][27/06/2025 17:24:36][WildStr][explorer.exe]

[Throw dll injection][27/06/2025 17:24:36][WildStr][svchost.exe]

[Throw dll injection][27/06/2025 17:24:36][WildStr][svchost.exe]

[Throw dll injection][27/06/2025 17:24:36][WildStr][svchost.exe]

[Throw dll injection][27/06/2025 17:24:36][WildStr][StartMenuExperienceHost.exe]

[Throw dll injection][27/06/2025 17:24:36][WildStr][explorer.exe]

[Throw dll injection][27/06/2025 17:24:36][WildStr][RuntimeBroker.exe]

[Throw dll injection][27/06/2025 17:24:36][WildStr][svchost.exe]

[Throw dll injection][27/06/2025 17:24:36][WildStr][SearchApp.exe]

[Throw dll injection][27/06/2025 17:24:36][WildStr][StartMenuExperienceHost.exe]

[Throw dll injection][27/06/2025 17:24:36][WildStr][svchost.exe]

[Throw dll injection][27/06/2025 17:24:36][WildStr][RuntimeBroker.exe]

[Throw dll injection][27/06/2025 17:24:36][WildStr][RuntimeBroker.exe]

[Throw dll injection][27/06/2025 17:24:36][WildStr][SearchApp.exe]

[Throw dll injection][27/06/2025 17:24:36][WildStr][RuntimeBroker.exe]

[Throw dll injection][27/06/2025 17:24:36][WildStr][svchost.exe]

[Throw dll injection][27/06/2025 17:24:36][WildStr][svchost.exe]

[Throw dll injection][27/06/2025 17:24:36][WildStr][RuntimeBroker.exe]

[Throw dll injection][27/06/2025 17:24:36][WildStr][SecurityHealthSystray.exe]

[Throw dll injection][27/06/2025 17:24:36][WildStr][RuntimeBroker.exe]

[Throw dll injection][27/06/2025 17:24:36][WildStr][SecurityHealthService.exe]

[Throw dll injection][27/06/2025 17:24:36][WildStr][svchost.exe]

[Throw dll injection][27/06/2025 17:24:36][WildStr][VBoxTray.exe]

[Throw dll injection][27/06/2025 17:24:36][WildStr][SecurityHealthSystray.exe]

[Throw dll injection][27/06/2025 17:24:36][WildStr][OneDrive.exe]

[Throw dll injection][27/06/2025 17:24:36][WildStr][SecurityHealthService.exe]

[Throw dll injection][27/06/2025 17:24:36][WildStr][svchost.exe]

[Throw dll injection][27/06/2025 17:24:36][WildStr][VBoxTray.exe]

[Throw dll injection][27/06/2025 17:24:36][WildStr][svchost.exe]

[Throw dll injection][27/06/2025 17:24:36][WildStr][OneDrive.exe]

[Throw dll injection][27/06/2025 17:24:36][WildStr][svchost.exe]

[Throw dll injection][27/06/2025 17:24:36][WildStr][svchost.exe]

[Throw dll injection][27/06/2025 17:24:36][WildStr][svchost.exe]

[Throw dll injection][27/06/2025 17:24:36][WildStr][svchost.exe]

[Throw dll injection][27/06/2025 17:24:36][WildStr][svchost.exe]

[Throw dll injection][27/06/2025 17:24:36][WildStr][svchost.exe]

[Throw dll injection][27/06/2025 17:24:36][WildStr][svchost.exe]

[Throw dll injection][27/06/2025 17:24:36][WildStr][TextInputHost.exe]

[Throw dll injection][27/06/2025 17:24:36][WildStr][svchost.exe]

[Throw dll injection][27/06/2025 17:24:36][WildStr][ApplicationFrameHost.exe]

[Throw dll injection][27/06/2025 17:24:36][WildStr][svchost.exe]

[Throw dll injection][27/06/2025 17:24:36][WildStr][SystemSettings.exe]

[Throw dll injection][27/06/2025 17:24:36][WildStr][UserOOBEBroker.exe]

[Throw dll injection][27/06/2025 17:24:36][WildStr][ApplicationFrameHost.exe]

[Throw dll injection][27/06/2025 17:24:36][WildStr][SearchApp.exe]

[Throw dll injection][27/06/2025 17:24:36][WildStr][SystemSettings.exe]

[Throw dll injection][27/06/2025 17:24:36][WildStr][msedgewebview2.exe]

[Throw dll injection][27/06/2025 17:24:36][WildStr][UserOOBEBroker.exe]

[Throw dll injection][27/06/2025 17:24:36][WildStr][msedgewebview2.exe]

[Throw dll injection][27/06/2025 17:24:36][WildStr][SearchApp.exe]

[Throw dll injection][27/06/2025 17:24:36][WildStr][msedgewebview2.exe]

[Throw dll injection][27/06/2025 17:24:36][WildStr][msedgewebview2.exe]

[Throw dll injection][27/06/2025 17:24:36][WildStr][msedgewebview2.exe]

[Throw dll injection][27/06/2025 17:24:36][WildStr][msedgewebview2.exe]

[Throw dll injection][27/06/2025 17:24:36][WildStr][msedgewebview2.exe]

[Throw dll injection][27/06/2025 17:24:36][WildStr][msedgewebview2.exe]

[Throw dll injection][27/06/2025 17:24:36][WildStr][FileCoAuth.exe]

[Throw dll injection][27/06/2025 17:24:36][WildStr][msedgewebview2.exe]

[Throw dll injection][27/06/2025 17:24:36][WildStr][svchost.exe]

[Throw dll injection][27/06/2025 17:24:36][WildStr][msedgewebview2.exe]

[Throw dll injection][27/06/2025 17:24:36][WildStr][msedge.exe]

[Throw dll injection][27/06/2025 17:24:36][WildStr][FileCoAuth.exe]

[Throw dll injection][27/06/2025 17:24:36][WildStr][msedge.exe]

[Throw dll injection][27/06/2025 17:24:36][WildStr][svchost.exe]

[Throw dll injection][27/06/2025 17:24:36][WildStr][msedge.exe]

[Throw dll injection][27/06/2025 17:24:36][WildStr][msedge.exe]

[Throw dll injection][27/06/2025 17:24:36][WildStr][msedge.exe]

[Throw dll injection][27/06/2025 17:24:36][WildStr][msedge.exe]

[Throw dll injection][27/06/2025 17:24:36][WildStr][msedge.exe]

[Throw dll injection][27/06/2025 17:24:36][WildStr][msedge.exe]

[Throw dll injection][27/06/2025 17:24:36][WildStr][svchost.exe]

[Throw dll injection][27/06/2025 17:24:36][WildStr][msedge.exe]

[Throw dll injection][27/06/2025 17:24:36][WildStr][svchost.exe]

[Throw dll injection][27/06/2025 17:24:36][WildStr][msedge.exe]

[Throw dll injection][27/06/2025 17:24:36][WildStr][svchost.exe]

[Throw dll injection][27/06/2025 17:24:36][WildStr][svchost.exe]

[Throw dll injection][27/06/2025 17:24:36][WildStr][dllhost.exe]

[Throw dll injection][27/06/2025 17:24:36][WildStr][svchost.exe]

[Throw dll injection][27/06/2025 17:24:36][WildStr][ShellExperienceHost.exe]

[Throw dll injection][27/06/2025 17:24:36][WildStr][svchost.exe]

[Throw dll injection][27/06/2025 17:24:36][WildStr][RuntimeBroker.exe]

[Throw dll injection][27/06/2025 17:24:36][WildStr][dllhost.exe]

[Throw dll injection][27/06/2025 17:24:36][WildStr][powershell.exe]

[Throw dll injection][27/06/2025 17:24:36][WildStr][ShellExperienceHost.exe]

[Throw dll injection][27/06/2025 17:24:36][WildStr][conhost.exe]

[Throw dll injection][27/06/2025 17:24:36][WildStr][RuntimeBroker.exe]

[Throw dll injection][27/06/2025 17:24:36][WildStr][cmd.exe]

[Throw dll injection][27/06/2025 17:24:36][WildStr][powershell.exe]

[Throw dll injection][27/06/2025 17:24:36][WildStr][conhost.exe]

[Throw dll injection][27/06/2025 17:24:36][WildStr][conhost.exe]

[Throw dll injection][27/06/2025 17:24:36][WildStr][powershell.exe]

[Throw dll injection][27/06/2025 17:24:36][WildStr][cmd.exe]

[Throw dll injection][27/06/2025 17:24:36][WildStr][Code.exe]

[Throw dll injection][27/06/2025 17:24:36][WildStr][conhost.exe]

[Throw dll injection][27/06/2025 17:24:36][WildStr][Code.exe]

[Throw dll injection][27/06/2025 17:24:36][WildStr][powershell.exe]

[Throw dll injection][27/06/2025 17:24:36][WildStr][Code.exe]

[Throw dll injection][27/06/2025 17:24:36][WildStr][Code.exe]

[Throw dll injection][27/06/2025 17:24:36][WildStr][Code.exe]

[Throw dll injection][27/06/2025 17:24:36][WildStr][Code.exe]

[Throw dll injection][27/06/2025 17:24:36][WildStr][Code.exe]

[Throw dll injection][27/06/2025 17:24:36][WildStr][Code.exe]

[Throw dll injection][27/06/2025 17:24:36][WildStr][Code.exe]

[Throw dll injection][27/06/2025 17:24:36][WildStr][Code.exe]

[Throw dll injection][27/06/2025 17:24:36][WildStr][Code.exe]

[Throw dll injection][27/06/2025 17:24:36][WildStr][Code.exe]

[Throw dll injection][27/06/2025 17:24:36][WildStr][Code.exe]

[Throw dll injection][27/06/2025 17:24:36][WildStr][Code.exe]

[Throw dll injection][27/06/2025 17:24:36][WildStr][cpptools.exe]

[Throw dll injection][27/06/2025 17:24:36][WildStr][Code.exe]

[Throw dll injection][27/06/2025 17:24:36][WildStr][conhost.exe]

[Throw dll injection][27/06/2025 17:24:36][WildStr][Code.exe]

[Throw dll injection][27/06/2025 17:24:36][WildStr][Code.exe]

[Throw dll injection][27/06/2025 17:24:36][WildStr][cpptools.exe]

[Throw dll injection][27/06/2025 17:24:36][WildStr][cpptools.exe]

[Throw dll injection][27/06/2025 17:24:36][WildStr][conhost.exe]

[Throw dll injection][27/06/2025 17:24:36][WildStr][cpptools-srv.exe]

[Throw dll injection][27/06/2025 17:24:36][WildStr][Code.exe]

[Throw dll injection][27/06/2025 17:24:36][WildStr][conhost.exe]

[Throw dll injection][27/06/2025 17:24:36][WildStr][cpptools.exe]

[Throw dll injection][27/06/2025 17:24:36][WildStr][svchost.exe]

[Throw dll injection][27/06/2025 17:24:36][WildStr][cpptools-srv.exe]

[Throw dll injection][27/06/2025 17:24:36][WildStr][svchost.exe]

[Throw dll injection][27/06/2025 17:24:36][WildStr][conhost.exe]

[Throw dll injection][27/06/2025 17:24:36][WildStr][Code.exe]

[Throw dll injection][27/06/2025 17:24:36][WildStr][svchost.exe]

[Throw dll injection][27/06/2025 17:24:36][WildStr][conhost.exe]

[Throw dll injection][27/06/2025 17:24:36][WildStr][svchost.exe]

[Throw dll injection][27/06/2025 17:24:36][WildStr][powershell.exe]

[Throw dll injection][27/06/2025 17:24:36][WildStr][Code.exe]

[Throw dll injection][27/06/2025 17:24:36][WildStr][vctip.exe]

[Throw dll injection][27/06/2025 17:24:36][WildStr][conhost.exe]

[Throw dll injection][27/06/2025 17:24:36][WildStr][cpptools-srv.exe]

[Throw dll injection][27/06/2025 17:24:36][WildStr][powershell.exe]

[Throw dll injection][27/06/2025 17:24:36][WildStr][conhost.exe]

[Throw dll injection][27/06/2025 17:24:36][WildStr][vctip.exe]

[Throw dll injection][27/06/2025 17:24:36][WildStr][svchost.exe]

[Throw dll injection][27/06/2025 17:24:36][WildStr][cpptools-srv.exe]

[Throw dll injection][27/06/2025 17:24:36][WildStr][smartscreen.exe]

[Throw dll injection][27/06/2025 17:24:36][WildStr][conhost.exe]

[Throw dll injection][27/06/2025 17:24:36][WildStr][Taskmgr.exe]

[Throw dll injection][27/06/2025 17:24:36][WildStr][svchost.exe]

[Throw dll injection][27/06/2025 17:24:36][WildStr][conhost.exe]

[Throw dll injection][27/06/2025 17:24:36][WildStr][smartscreen.exe]

[Throw dll injection][27/06/2025 17:24:36][WildStr][powershell.exe]

[Throw dll injection][27/06/2025 17:24:36][WildStr][Taskmgr.exe]

[Throw dll injection][27/06/2025 17:24:36][WildStr][test.exe]

[Throw dll injection][27/06/2025 17:24:36][WildStr][conhost.exe]

[Throw dll injection][27/06/2025 17:24:36][WildStr][powershell.exe]

[Throw dll injection][27/06/2025 17:24:36][WildStr][test.exe]

[Throw dll injection][27/06/2025 17:24:37][WildStr][System]

[Throw dll injection][27/06/2025 17:24:37][WildStr][System]

[Throw dll injection][27/06/2025 17:24:37][WildStr][Registry]

[Throw dll injection][27/06/2025 17:24:37][WildStr][smss.exe]

[Throw dll injection][27/06/2025 17:24:37][WildStr][csrss.exe]

[Throw dll injection][27/06/2025 17:24:37][WildStr][csrss.exe]

[Throw dll injection][27/06/2025 17:24:37][WildStr][wininit.exe]

[Throw dll injection][27/06/2025 17:24:37][WildStr][csrss.exe]

[Throw dll injection][27/06/2025 17:24:37][WildStr][wininit.exe]

[Throw dll injection][27/06/2025 17:24:37][WildStr][csrss.exe]

[Throw dll injection][27/06/2025 17:24:37][WildStr][winlogon.exe]

[Throw dll injection][27/06/2025 17:24:37][WildStr][services.exe]

[Throw dll injection][27/06/2025 17:24:37][WildStr][winlogon.exe]

[Throw dll injection][27/06/2025 17:24:37][WildStr][lsass.exe]

[Throw dll injection][27/06/2025 17:24:37][WildStr][services.exe]

[Throw dll injection][27/06/2025 17:24:37][WildStr][svchost.exe]

[Throw dll injection][27/06/2025 17:24:37][WildStr][svchost.exe]

[Throw dll injection][27/06/2025 17:24:37][WildStr][fontdrvhost.exe]

[Throw dll injection][27/06/2025 17:24:37][WildStr][fontdrvhost.exe]

[Throw dll injection][27/06/2025 17:24:37][WildStr][fontdrvhost.exe]

[Throw dll injection][27/06/2025 17:24:37][WildStr][fontdrvhost.exe]

[Throw dll injection][27/06/2025 17:24:37][WildStr][svchost.exe]

[Throw dll injection][27/06/2025 17:24:37][WildStr][svchost.exe]

[Throw dll injection][27/06/2025 17:24:37][WildStr][svchost.exe]

[Throw dll injection][27/06/2025 17:24:37][WildStr][svchost.exe]

[Throw dll injection][27/06/2025 17:24:37][WildStr][dwm.exe]

[Throw dll injection][27/06/2025 17:24:37][WildStr][dwm.exe]

[Throw dll injection][27/06/2025 17:24:37][WildStr][svchost.exe]

[Throw dll injection][27/06/2025 17:24:37][WildStr][svchost.exe]

[Throw dll injection][27/06/2025 17:24:37][WildStr][svchost.exe]

[Throw dll injection][27/06/2025 17:24:37][WildStr][svchost.exe]

[Throw dll injection][27/06/2025 17:24:37][WildStr][svchost.exe]

[Throw dll injection][27/06/2025 17:24:37][WildStr][svchost.exe]

[Throw dll injection][27/06/2025 17:24:37][WildStr][svchost.exe]

[Throw dll injection][27/06/2025 17:24:37][WildStr][svchost.exe]

[Throw dll injection][27/06/2025 17:24:37][WildStr][svchost.exe]

[Throw dll injection][27/06/2025 17:24:37][WildStr][svchost.exe]

[Throw dll injection][27/06/2025 17:24:37][WildStr][svchost.exe]

[Throw dll injection][27/06/2025 17:24:37][WildStr][svchost.exe]

[Throw dll injection][27/06/2025 17:24:37][WildStr][svchost.exe]

[Throw dll injection][27/06/2025 17:24:37][WildStr][svchost.exe]

[Throw dll injection][27/06/2025 17:24:37][WildStr][svchost.exe]

[Throw dll injection][27/06/2025 17:24:37][WildStr][svchost.exe]

[Throw dll injection][27/06/2025 17:24:37][WildStr][svchost.exe]

[Throw dll injection][27/06/2025 17:24:37][WildStr][svchost.exe]

[Throw dll injection][27/06/2025 17:24:37][WildStr][svchost.exe]

[Throw dll injection][27/06/2025 17:24:37][WildStr][svchost.exe]

[Throw dll injection][27/06/2025 17:24:37][WildStr][svchost.exe]

[Throw dll injection][27/06/2025 17:24:37][WildStr][svchost.exe]

[Throw dll injection][27/06/2025 17:24:37][WildStr][VBoxService.exe]

[Throw dll injection][27/06/2025 17:24:37][WildStr][svchost.exe]

[Throw dll injection][27/06/2025 17:24:37][WildStr][VBoxService.exe]

[Throw dll injection][27/06/2025 17:24:37][WildStr][svchost.exe]

[Throw dll injection][27/06/2025 17:24:37][WildStr][svchost.exe]

[Throw dll injection][27/06/2025 17:24:37][WildStr][svchost.exe]

[Throw dll injection][27/06/2025 17:24:37][WildStr][svchost.exe]

[Throw dll injection][27/06/2025 17:24:37][WildStr][svchost.exe]

[Throw dll injection][27/06/2025 17:24:37][WildStr][svchost.exe]

[Throw dll injection][27/06/2025 17:24:37][WildStr][svchost.exe]

[Throw dll injection][27/06/2025 17:24:37][WildStr][svchost.exe]

[Throw dll injection][27/06/2025 17:24:37][WildStr][svchost.exe]

[Throw dll injection][27/06/2025 17:24:37][WildStr][svchost.exe]

[Throw dll injection][27/06/2025 17:24:37][WildStr][svchost.exe]

[Throw dll injection][27/06/2025 17:24:37][WildStr][Memory Compression]

[Throw dll injection][27/06/2025 17:24:37][WildStr][Memory Compression]

[Throw dll injection][27/06/2025 17:24:37][WildStr][svchost.exe]

[Throw dll injection][27/06/2025 17:24:37][WildStr][svchost.exe]

[Throw dll injection][27/06/2025 17:24:37][WildStr][svchost.exe]

[Throw dll injection][27/06/2025 17:24:37][WildStr][svchost.exe]

[Throw dll injection][27/06/2025 17:24:37][WildStr][svchost.exe]

[Throw dll injection][27/06/2025 17:24:37][WildStr][svchost.exe]

[Throw dll injection][27/06/2025 17:24:37][WildStr][svchost.exe]

[Throw dll injection][27/06/2025 17:24:37][WildStr][svchost.exe]

[Throw dll injection][27/06/2025 17:24:37][WildStr][svchost.exe]

[Throw dll injection][27/06/2025 17:24:37][WildStr][svchost.exe]

[Throw dll injection][27/06/2025 17:24:37][WildStr][svchost.exe]

[Throw dll injection][27/06/2025 17:24:37][WildStr][svchost.exe]

[Throw dll injection][27/06/2025 17:24:37][WildStr][svchost.exe]

[Throw dll injection][27/06/2025 17:24:37][WildStr][svchost.exe]

[Throw dll injection][27/06/2025 17:24:37][WildStr][svchost.exe]

[Throw dll injection][27/06/2025 17:24:37][WildStr][svchost.exe]

[Throw dll injection][27/06/2025 17:24:37][WildStr][spoolsv.exe]

[Throw dll injection][27/06/2025 17:24:37][WildStr][spoolsv.exe]

[Throw dll injection][27/06/2025 17:24:37][WildStr][svchost.exe]

[Throw dll injection][27/06/2025 17:24:37][WildStr][svchost.exe]

[Throw dll injection][27/06/2025 17:24:37][WildStr][svchost.exe]

[Throw dll injection][27/06/2025 17:24:37][WildStr][svchost.exe]

[Throw dll injection][27/06/2025 17:24:37][WildStr][svchost.exe]

[Throw dll injection][27/06/2025 17:24:37][WildStr][svchost.exe]

[Throw dll injection][27/06/2025 17:24:37][WildStr][svchost.exe]

[Throw dll injection][27/06/2025 17:24:37][WildStr][svchost.exe]

[Throw dll injection][27/06/2025 17:24:37][WildStr][ssh-agent.exe]

[Throw dll injection][27/06/2025 17:24:37][WildStr][ssh-agent.exe]

[Throw dll injection][27/06/2025 17:24:37][WildStr][sshd.exe]

[Throw dll injection][27/06/2025 17:24:37][WildStr][sshd.exe]

[Throw dll injection][27/06/2025 17:24:37][WildStr][svchost.exe]

[Throw dll injection][27/06/2025 17:24:37][WildStr][svchost.exe]

[Throw dll injection][27/06/2025 17:24:37][WildStr][svchost.exe]

[Throw dll injection][27/06/2025 17:24:37][WildStr][svchost.exe]

[Throw dll injection][27/06/2025 17:24:37][WildStr][svchost.exe]

[Throw dll injection][27/06/2025 17:24:37][WildStr][svchost.exe]

[Throw dll injection][27/06/2025 17:24:37][WildStr][svchost.exe]

[Throw dll injection][27/06/2025 17:24:37][WildStr][svchost.exe]

[Throw dll injection][27/06/2025 17:24:37][WildStr][svchost.exe]

[Throw dll injection][27/06/2025 17:24:37][WildStr][svchost.exe]

[Throw dll injection][27/06/2025 17:24:37][WildStr][svchost.exe]

[Throw dll injection][27/06/2025 17:24:37][WildStr][svchost.exe]

[Throw dll injection][27/06/2025 17:24:37][WildStr][svchost.exe]

[Throw dll injection][27/06/2025 17:24:37][WildStr][svchost.exe]

[Throw dll injection][27/06/2025 17:24:37][WildStr][svchost.exe]

[Throw dll injection][27/06/2025 17:24:37][WildStr][svchost.exe]

[Throw dll injection][27/06/2025 17:24:37][WildStr][MpDefenderCoreService.exe]

[Throw dll injection][27/06/2025 17:24:37][WildStr][svchost.exe]

[Throw dll injection][27/06/2025 17:24:37][WildStr][MsMpEng.exe]

[Throw dll injection][27/06/2025 17:24:37][WildStr][MpDefenderCoreService.exe]

[Throw dll injection][27/06/2025 17:24:37][WildStr][SearchIndexer.exe]

[Throw dll injection][27/06/2025 17:24:37][WildStr][MsMpEng.exe]

[Throw dll injection][27/06/2025 17:24:37][WildStr][AggregatorHost.exe]

[Throw dll injection][27/06/2025 17:24:37][WildStr][SearchIndexer.exe]

[Throw dll injection][27/06/2025 17:24:37][WildStr][dllhost.exe]

[Throw dll injection][27/06/2025 17:24:37][WildStr][AggregatorHost.exe]

[Throw dll injection][27/06/2025 17:24:37][WildStr][svchost.exe]

[Throw dll injection][27/06/2025 17:24:37][WildStr][dllhost.exe]

[Throw dll injection][27/06/2025 17:24:37][WildStr][NisSrv.exe]

[Throw dll injection][27/06/2025 17:24:37][WildStr][svchost.exe]

[Throw dll injection][27/06/2025 17:24:37][WildStr][NisSrv.exe]


[Throw dll injection][27/06/2025 17:24:37][WildStr][svchost.exe]

[Throw dll injection][27/06/2025 17:24:37][WildStr][sihost.exe]

[Throw dll injection][27/06/2025 17:24:37][WildStr][taskhostw.exe]

[Throw dll injection][27/06/2025 17:24:37][WildStr][svchost.exe]

[Throw dll injection][27/06/2025 17:24:37][WildStr][MicrosoftEdgeUpdate.exe]

[Throw dll injection][27/06/2025 17:24:37][WildStr][svchost.exe]

[Throw dll injection][27/06/2025 17:24:37][WildStr][taskhostw.exe]

[Throw dll injection][27/06/2025 17:24:37][WildStr][ctfmon.exe]

[Throw dll injection][27/06/2025 17:24:37][WildStr][MicrosoftEdgeUpdate.exe]

[Throw dll injection][27/06/2025 17:24:37][WildStr][svchost.exe]

[Throw dll injection][27/06/2025 17:24:37][WildStr][svchost.exe]

[Throw dll injection][27/06/2025 17:24:37][WildStr][ctfmon.exe]

[Throw dll injection][27/06/2025 17:24:37][WildStr][explorer.exe]

[Throw dll injection][27/06/2025 17:24:37][WildStr][svchost.exe]

[Throw dll injection][27/06/2025 17:24:37][WildStr][svchost.exe]

[Throw dll injection][27/06/2025 17:24:37][WildStr][svchost.exe]

[Throw dll injection][27/06/2025 17:24:37][WildStr][explorer.exe]
enceHost.exe]

[Throw dll injection][27/06/2025 17:24:37][WildStr][RuntimeBroker.exe]

[Throw dll injection][27/06/2025 17:24:37][WildStr][svchost.exe]

[Throw dll injection][27/06/2025 17:24:37][WildStr][SearchApp.exe]

[Throw dll injection][27/06/2025 17:24:37][WildStr][StartMenuExperienceHost.exe]

[Throw dll injection][27/06/2025 17:24:37][WildStr][svchost.exe]

[Throw dll injection][27/06/2025 17:24:37][WildStr][RuntimeBroker.exe]

[Throw dll injection][27/06/2025 17:24:37][WildStr][SearchApp.exe]

[Throw dll injection][27/06/2025 17:24:37][WildStr][RuntimeBroker.exe]

[Throw dll injection][27/06/2025 17:24:37][WildStr][svchost.exe]

[Throw dll injection][27/06/2025 17:24:37][WildStr][svchost.exe]

[Throw dll injection][27/06/2025 17:24:37][WildStr][RuntimeBroker.exe]

[Throw dll injection][27/06/2025 17:24:37][WildStr][SecurityHealthSystray.exe]

[Throw dll injection][27/06/2025 17:24:37][WildStr][RuntimeBroker.exe]

[Throw dll injection][27/06/2025 17:24:37][WildStr][SecurityHealthService.exe]

[Throw dll injection][27/06/2025 17:24:37][WildStr][svchost.exe]

[Throw dll injection][27/06/2025 17:24:37][WildStr][VBoxTray.exe]

[Throw dll injection][27/06/2025 17:24:37][WildStr][SecurityHealthSystray.exe]

[Throw dll injection][27/06/2025 17:24:37][WildStr][SecurityHealthService.exe]

[Throw dll injection][27/06/2025 17:24:37][WildStr][svchost.exe]

[Throw dll injection][27/06/2025 17:24:37][WildStr][VBoxTray.exe]

[Throw dll injection][27/06/2025 17:24:37][WildStr][svchost.exe]

[Throw dll injection][27/06/2025 17:24:37][WildStr][OneDrive.exe]

[Throw dll injection][27/06/2025 17:24:37][WildStr][svchost.exe]

[Throw dll injection][27/06/2025 17:24:37][WildStr][svchost.exe]

[Throw dll injection][27/06/2025 17:24:37][WildStr][svchost.exe]

[Throw dll injection][27/06/2025 17:24:37][WildStr][svchost.exe]

[Throw dll injection][27/06/2025 17:24:37][WildStr][svchost.exe]

[Throw dll injection][27/06/2025 17:24:37][WildStr][svchost.exe]

[Throw dll injection][27/06/2025 17:24:37][WildStr][TextInputHost.exe]

[Throw dll injection][27/06/2025 17:24:37][WildStr][svchost.exe]

[Throw dll injection][27/06/2025 17:24:37][WildStr][ApplicationFrameHost.exe]

[Throw dll injection][27/06/2025 17:24:37][WildStr][svchost.exe]

[Throw dll injection][27/06/2025 17:24:37][WildStr][SystemSettings.exe]

[Throw dll injection][27/06/2025 17:24:37][WildStr][svchost.exe]

[Throw dll injection][27/06/2025 17:24:37][WildStr][UserOOBEBroker.exe]

[Throw dll injection][27/06/2025 17:24:37][WildStr][svchost.exe]

[Throw dll injection][27/06/2025 17:24:37][WildStr][SearchApp.exe]

[Throw dll injection][27/06/2025 17:24:37][WildStr][TextInputHost.exe]

[Throw dll injection][27/06/2025 17:24:37][WildStr][msedgewebview2.exe]

[Throw dll injection][27/06/2025 17:24:37][WildStr][ApplicationFrameHost.exe]

[Throw dll injection][27/06/2025 17:24:37][WildStr][msedgewebview2.exe]

[Throw dll injection][27/06/2025 17:24:37][WildStr][SystemSettings.exe]

[Throw dll injection][27/06/2025 17:24:37][WildStr][msedgewebview2.exe]

[Throw dll injection][27/06/2025 17:24:37][WildStr][UserOOBEBroker.exe]

[Throw dll injection][27/06/2025 17:24:37][WildStr][msedgewebview2.exe]

[Throw dll injection][27/06/2025 17:24:37][WildStr][SearchApp.exe]

[Throw dll injection][27/06/2025 17:24:37][WildStr][msedgewebview2.exe]

[Throw dll injection][27/06/2025 17:24:37][WildStr][msedgewebview2.exe]

[Throw dll injection][27/06/2025 17:24:37][WildStr][msedgewebview2.exe]

[Throw dll injection][27/06/2025 17:24:37][WildStr][msedgewebview2.exe]

[Throw dll injection][27/06/2025 17:24:37][WildStr][FileCoAuth.exe]

[Throw dll injection][27/06/2025 17:24:37][WildStr][msedgewebview2.exe]

[Throw dll injection][27/06/2025 17:24:37][WildStr][svchost.exe]

[Throw dll injection][27/06/2025 17:24:37][WildStr][msedgewebview2.exe]

[Throw dll injection][27/06/2025 17:24:37][WildStr][msedge.exe]

[Throw dll injection][27/06/2025 17:24:37][WildStr][msedgewebview2.exe]

[Throw dll injection][27/06/2025 17:24:37][WildStr][msedge.exe]

[Throw dll injection][27/06/2025 17:24:37][WildStr][msedgewebview2.exe]

[Throw dll injection][27/06/2025 17:24:37][WildStr][msedge.exe]

[Throw dll injection][27/06/2025 17:24:37][WildStr][FileCoAuth.exe]

[Throw dll injection][27/06/2025 17:24:37][WildStr][msedge.exe]

[Throw dll injection][27/06/2025 17:24:37][WildStr][svchost.exe]

[Throw dll injection][27/06/2025 17:24:37][WildStr][msedge.exe]

[Throw dll injection][27/06/2025 17:24:37][WildStr][msedge.exe]

[Throw dll injection][27/06/2025 17:24:37][WildStr][svchost.exe]

[Throw dll injection][27/06/2025 17:24:37][WildStr][msedge.exe]

[Throw dll injection][27/06/2025 17:24:37][WildStr][svchost.exe]

[Throw dll injection][27/06/2025 17:24:37][WildStr][msedge.exe]

[Throw dll injection][27/06/2025 17:24:37][WildStr][svchost.exe]

[Throw dll injection][27/06/2025 17:24:37][WildStr][msedge.exe]

[Throw dll injection][27/06/2025 17:24:37][WildStr][dllhost.exe]

[Throw dll injection][27/06/2025 17:24:37][WildStr][svchost.exe]
eHost.exe]

[Throw dll injection][27/06/2025 17:24:37][WildStr][RuntimeBroker.exe]

[Throw dll injection][27/06/2025 17:24:37][WildStr][svchost.exe]

[Throw dll injection][27/06/2025 17:24:37][WildStr][powershell.exe]

[Throw dll injection][27/06/2025 17:24:37][WildStr][svchost.exe]

[Throw dll injection][27/06/2025 17:24:37][WildStr][conhost.exe]

[Throw dll injection][27/06/2025 17:24:37][WildStr][dllhost.exe]

[Throw dll injection][27/06/2025 17:24:37][WildStr][cmd.exe]

[Throw dll injection][27/06/2025 17:24:37][WildStr][ShellExperienceHost.exe]

[Throw dll injection][27/06/2025 17:24:37][WildStr][conhost.exe]

[Throw dll injection][27/06/2025 17:24:37][WildStr][RuntimeBroker.exe]

[Throw dll injection][27/06/2025 17:24:37][WildStr][powershell.exe]

[Throw dll injection][27/06/2025 17:24:37][WildStr][powershell.exe]

[Throw dll injection][27/06/2025 17:24:37][WildStr][Code.exe]

[Throw dll injection][27/06/2025 17:24:37][WildStr][conhost.exe]

[Throw dll injection][27/06/2025 17:24:37][WildStr][Code.exe]

[Throw dll injection][27/06/2025 17:24:37][WildStr][cmd.exe]

[Throw dll injection][27/06/2025 17:24:37][WildStr][Code.exe]

[Throw dll injection][27/06/2025 17:24:37][WildStr][conhost.exe]

[Throw dll injection][27/06/2025 17:24:37][WildStr][Code.exe]

[Throw dll injection][27/06/2025 17:24:37][WildStr][powershell.exe]

[Throw dll injection][27/06/2025 17:24:37][WildStr][Code.exe]

[Throw dll injection][27/06/2025 17:24:37][WildStr][Code.exe]

[Throw dll injection][27/06/2025 17:24:37][WildStr][Code.exe]

[Throw dll injection][27/06/2025 17:24:37][WildStr][Code.exe]

[Throw dll injection][27/06/2025 17:24:37][WildStr][Code.exe]

[Throw dll injection][27/06/2025 17:24:37][WildStr][Code.exe]

[Throw dll injection][27/06/2025 17:24:37][WildStr][Code.exe]

[Throw dll injection][27/06/2025 17:24:37][WildStr][Code.exe]

[Throw dll injection][27/06/2025 17:24:37][WildStr][cpptools.exe]

[Throw dll injection][27/06/2025 17:24:37][WildStr][Code.exe]

[Throw dll injection][27/06/2025 17:24:37][WildStr][conhost.exe]

[Throw dll injection][27/06/2025 17:24:37][WildStr][Code.exe]

[Throw dll injection][27/06/2025 17:24:37][WildStr][Code.exe]

[Throw dll injection][27/06/2025 17:24:37][WildStr][Code.exe]

[Throw dll injection][27/06/2025 17:24:37][WildStr][cpptools.exe]

[Throw dll injection][27/06/2025 17:24:37][WildStr][Code.exe]

[Throw dll injection][27/06/2025 17:24:37][WildStr][cpptools-srv.exe]

[Throw dll injection][27/06/2025 17:24:37][WildStr][cpptools.exe]

[Throw dll injection][27/06/2025 17:24:37][WildStr][conhost.exe]

[Throw dll injection][27/06/2025 17:24:37][WildStr][conhost.exe]

[Throw dll injection][27/06/2025 17:24:37][WildStr][Code.exe]
]

[Throw dll injection][27/06/2025 17:24:37][WildStr][svchost.exe]

[Throw dll injection][27/06/2025 17:24:37][WildStr][cpptools.exe]

[Throw dll injection][27/06/2025 17:24:37][WildStr][Code.exe]

[Throw dll injection][27/06/2025 17:24:37][WildStr][cpptools-srv.exe]

[Throw dll injection][27/06/2025 17:24:37][WildStr][conhost.exe]

[Throw dll injection][27/06/2025 17:24:37][WildStr][conhost.exe]

[Throw dll injection][27/06/2025 17:24:37][WildStr][powershell.exe]

[Throw dll injection][27/06/2025 17:24:37][WildStr][svchost.exe]

[Throw dll injection][27/06/2025 17:24:37][WildStr][vctip.exe]

[Throw dll injection][27/06/2025 17:24:37][WildStr][svchost.exe]

[Throw dll injection][27/06/2025 17:24:37][WildStr][cpptools-srv.exe]

[Throw dll injection][27/06/2025 17:24:37][WildStr][Code.exe]

[Throw dll injection][27/06/2025 17:24:37][WildStr][conhost.exe]

[Throw dll injection][27/06/2025 17:24:37][WildStr][svchost.exe]

[Throw dll injection][27/06/2025 17:24:37][WildStr][smartscreen.exe]

[Throw dll injection][27/06/2025 17:24:37][WildStr][vctip.exe]

[Throw dll injection][27/06/2025 17:24:37][WildStr][Taskmgr.exe]

[Throw dll injection][27/06/2025 17:24:37][WildStr][cpptools-srv.exe]

[Throw dll injection][27/06/2025 17:24:37][WildStr][conhost.exe]

[Throw dll injection][27/06/2025 17:24:37][WildStr][conhost.exe]

[Throw dll injection][27/06/2025 17:24:37][WildStr][powershell.exe]

[Throw dll injection][27/06/2025 17:24:37][WildStr][svchost.exe]

[Throw dll injection][27/06/2025 17:24:37][WildStr][test.exe]

[Throw dll injection][27/06/2025 17:24:37][WildStr][smartscreen.exe]

[Throw dll injection][27/06/2025 17:24:37][WildStr][Taskmgr.exe]

[Throw dll injection][27/06/2025 17:24:37][WildStr][conhost.exe]

[Throw dll injection][27/06/2025 17:24:37][WildStr][powershell.exe]

[Throw dll injection][27/06/2025 17:24:37][WildStr][test.exe]

[Throw dll injection][27/06/2025 17:24:38][WildStr][System]

[Throw dll injection][27/06/2025 17:24:38][WildStr][System]

[Throw dll injection][27/06/2025 17:24:38][WildStr][Registry]

[Throw dll injection][27/06/2025 17:24:38][WildStr][Registry]

[Throw dll injection][27/06/2025 17:24:38][WildStr][smss.exe]

[Throw dll injection][27/06/2025 17:24:38][WildStr][smss.exe]

[Throw dll injection][27/06/2025 17:24:38][WildStr][csrss.exe]

[Throw dll injection][27/06/2025 17:24:38][WildStr][wininit.exe]

[Throw dll injection][27/06/2025 17:24:38][WildStr][csrss.exe]

[Throw dll injection][27/06/2025 17:24:38][WildStr][wininit.exe]

[Throw dll injection][27/06/2025 17:24:38][WildStr][winlogon.exe]

[Throw dll injection][27/06/2025 17:24:38][WildStr][csrss.exe]

[Throw dll injection][27/06/2025 17:24:38][WildStr][services.exe]

[Throw dll injection][27/06/2025 17:24:38][WildStr][winlogon.exe]

[Throw dll injection][27/06/2025 17:24:38][WildStr][services.exe]

[Throw dll injection][27/06/2025 17:24:38][WildStr][lsass.exe]

[Throw dll injection][27/06/2025 17:24:38][WildStr][lsass.exe]

[Throw dll injection][27/06/2025 17:24:38][WildStr][svchost.exe]

[Throw dll injection][27/06/2025 17:24:38][WildStr][svchost.exe]

[Throw dll injection][27/06/2025 17:24:38][WildStr][fontdrvhost.exe]

[Throw dll injection][27/06/2025 17:24:38][WildStr][fontdrvhost.exe]

[Throw dll injection][27/06/2025 17:24:38][WildStr][fontdrvhost.exe]

[Throw dll injection][27/06/2025 17:24:38][WildStr][fontdrvhost.exe]

[Throw dll injection][27/06/2025 17:24:38][WildStr][svchost.exe]

[Throw dll injection][27/06/2025 17:24:38][WildStr][svchost.exe]

[Throw dll injection][27/06/2025 17:24:38][WildStr][svchost.exe]

[Throw dll injection][27/06/2025 17:24:38][WildStr][svchost.exe]

[Throw dll injection][27/06/2025 17:24:38][WildStr][dwm.exe]

[Throw dll injection][27/06/2025 17:24:38][WildStr][dwm.exe]

[Throw dll injection][27/06/2025 17:24:38][WildStr][svchost.exe]

[Throw dll injection][27/06/2025 17:24:38][WildStr][svchost.exe]

[Throw dll injection][27/06/2025 17:24:38][WildStr][svchost.exe]

[Throw dll injection][27/06/2025 17:24:38][WildStr][svchost.exe]

[Throw dll injection][27/06/2025 17:24:38][WildStr][svchost.exe]

[Throw dll injection][27/06/2025 17:24:38][WildStr][svchost.exe]

[Throw dll injection][27/06/2025 17:24:38][WildStr][svchost.exe]

[Throw dll injection][27/06/2025 17:24:38][WildStr][svchost.exe]

[Throw dll injection][27/06/2025 17:24:38][WildStr][svchost.exe]

[Throw dll injection][27/06/2025 17:24:38][WildStr][svchost.exe]

[Throw dll injection][27/06/2025 17:24:38][WildStr][svchost.exe]

[Throw dll injection][27/06/2025 17:24:38][WildStr][svchost.exe]

[Throw dll injection][27/06/2025 17:24:38][WildStr][svchost.exe]

[Throw dll injection][27/06/2025 17:24:38][WildStr][svchost.exe]

[Throw dll injection][27/06/2025 17:24:38][WildStr][svchost.exe]

[Throw dll injection][27/06/2025 17:24:38][WildStr][svchost.exe]

[Throw dll injection][27/06/2025 17:24:38][WildStr][svchost.exe]

[Throw dll injection][27/06/2025 17:24:38][WildStr][svchost.exe]

[Throw dll injection][27/06/2025 17:24:38][WildStr][svchost.exe]

[Throw dll injection][27/06/2025 17:24:38][WildStr][svchost.exe]

[Throw dll injection][27/06/2025 17:24:38][WildStr][svchost.exe]

[Throw dll injection][27/06/2025 17:24:38][WildStr][svchost.exe]

[Throw dll injection][27/06/2025 17:24:38][WildStr][svchost.exe]

[Throw dll injection][27/06/2025 17:24:38][WildStr][svchost.exe]

[Throw dll injection][27/06/2025 17:24:38][WildStr][svchost.exe]

[Throw dll injection][27/06/2025 17:24:38][WildStr][svchost.exe]

[Throw dll injection][27/06/2025 17:24:38][WildStr][VBoxService.exe]

[Throw dll injection][27/06/2025 17:24:38][WildStr][svchost.exe]

[Throw dll injection][27/06/2025 17:24:38][WildStr][VBoxService.exe]

[Throw dll injection][27/06/2025 17:24:38][WildStr][svchost.exe]

[Throw dll injection][27/06/2025 17:24:38][WildStr][svchost.exe]

[Throw dll injection][27/06/2025 17:24:38][WildStr][svchost.exe]

[Throw dll injection][27/06/2025 17:24:38][WildStr][svchost.exe]

[Throw dll injection][27/06/2025 17:24:38][WildStr][svchost.exe]

[Throw dll injection][27/06/2025 17:24:38][WildStr][svchost.exe]

[Throw dll injection][27/06/2025 17:24:38][WildStr][svchost.exe]

[Throw dll injection][27/06/2025 17:24:38][WildStr][svchost.exe]

[Throw dll injection][27/06/2025 17:24:38][WildStr][svchost.exe]

[Throw dll injection][27/06/2025 17:24:38][WildStr][svchost.exe]

[Throw dll injection][27/06/2025 17:24:38][WildStr][Memory Compression]

[Throw dll injection][27/06/2025 17:24:38][WildStr][svchost.exe]

[Throw dll injection][27/06/2025 17:24:38][WildStr][svchost.exe]

[Throw dll injection][27/06/2025 17:24:38][WildStr][Memory Compression]

[Throw dll injection][27/06/2025 17:24:38][WildStr][svchost.exe]

[Throw dll injection][27/06/2025 17:24:38][WildStr][svchost.exe]

[Throw dll injection][27/06/2025 17:24:38][WildStr][svchost.exe]

[Throw dll injection][27/06/2025 17:24:38][WildStr][svchost.exe]

[Throw dll injection][27/06/2025 17:24:38][WildStr][svchost.exe]

[Throw dll injection][27/06/2025 17:24:38][WildStr][svchost.exe]

[Throw dll injection][27/06/2025 17:24:38][WildStr][svchost.exe]

[Throw dll injection][27/06/2025 17:24:38][WildStr][svchost.exe]

[Throw dll injection][27/06/2025 17:24:38][WildStr][svchost.exe]

[Throw dll injection][27/06/2025 17:24:38][WildStr][svchost.exe]

[Throw dll injection][27/06/2025 17:24:38][WildStr][svchost.exe]

[Throw dll injection][27/06/2025 17:24:38][WildStr][svchost.exe]

[Throw dll injection][27/06/2025 17:24:38][WildStr][svchost.exe]

[Throw dll injection][27/06/2025 17:24:38][WildStr][svchost.exe]

[Throw dll injection][27/06/2025 17:24:38][WildStr][spoolsv.exe]

[Throw dll injection][27/06/2025 17:24:38][WildStr][spoolsv.exe]

[Throw dll injection][27/06/2025 17:24:38][WildStr][svchost.exe]

[Throw dll injection][27/06/2025 17:24:38][WildStr][svchost.exe]

[Throw dll injection][27/06/2025 17:24:38][WildStr][svchost.exe]

[Throw dll injection][27/06/2025 17:24:38][WildStr][svchost.exe]

[Throw dll injection][27/06/2025 17:24:38][WildStr][svchost.exe]

[Throw dll injection][27/06/2025 17:24:38][WildStr][svchost.exe]

[Throw dll injection][27/06/2025 17:24:38][WildStr][ssh-agent.exe]

[Throw dll injection][27/06/2025 17:24:38][WildStr][svchost.exe]

[Throw dll injection][27/06/2025 17:24:38][WildStr][sshd.exe]

[Throw dll injection][27/06/2025 17:24:38][WildStr][ssh-agent.exe]

[Throw dll injection][27/06/2025 17:24:38][WildStr][svchost.exe]

[Throw dll injection][27/06/2025 17:24:38][WildStr][svchost.exe]

[Throw dll injection][27/06/2025 17:24:38][WildStr][sshd.exe]

[Throw dll injection][27/06/2025 17:24:38][WildStr][svchost.exe]

[Throw dll injection][27/06/2025 17:24:38][WildStr][svchost.exe]

[Throw dll injection][27/06/2025 17:24:38][WildStr][svchost.exe]

[Throw dll injection][27/06/2025 17:24:38][WildStr][svchost.exe]

[Throw dll injection][27/06/2025 17:24:38][WildStr][svchost.exe]

[Throw dll injection][27/06/2025 17:24:38][WildStr][svchost.exe]

[Throw dll injection][27/06/2025 17:24:38][WildStr][svchost.exe]

[Throw dll injection][27/06/2025 17:24:38][WildStr][svchost.exe]

[Throw dll injection][27/06/2025 17:24:38][WildStr][svchost.exe]

[Throw dll injection][27/06/2025 17:24:38][WildStr][svchost.exe]

[Throw dll injection][27/06/2025 17:24:38][WildStr][svchost.exe]

[Throw dll injection][27/06/2025 17:24:38][WildStr][MpDefenderCoreService.exe]

[Throw dll injection][27/06/2025 17:24:38][WildStr][svchost.exe]

[Throw dll injection][27/06/2025 17:24:38][WildStr][MsMpEng.exe]

[Throw dll injection][27/06/2025 17:24:38][WildStr][svchost.exe]

[Throw dll injection][27/06/2025 17:24:38][WildStr][SearchIndexer.exe]

[Throw dll injection][27/06/2025 17:24:38][WildStr][svchost.exe]

[Throw dll injection][27/06/2025 17:24:38][WildStr][AggregatorHost.exe]

[Throw dll injection][27/06/2025 17:24:38][WildStr][svchost.exe]

[Throw dll injection][27/06/2025 17:24:38][WildStr][dllhost.exe]

[Throw dll injection][27/06/2025 17:24:38][WildStr][MpDefenderCoreService.exe]

[Throw dll injection][27/06/2025 17:24:38][WildStr][svchost.exe]

[Throw dll injection][27/06/2025 17:24:38][WildStr][MsMpEng.exe]

[Throw dll injection][27/06/2025 17:24:38][WildStr][NisSrv.exe]

[Throw dll injection][27/06/2025 17:24:38][WildStr][SearchIndexer.exe]

[Throw dll injection][27/06/2025 17:24:38][WildStr][sihost.exe]

[Throw dll injection][27/06/2025 17:24:38][WildStr][AggregatorHost.exe]

[Throw dll injection][27/06/2025 17:24:38][WildStr][dllhost.exe]

[Throw dll injection][27/06/2025 17:24:38][WildStr][svchost.exe]

[Throw dll injection][27/06/2025 17:24:38][WildStr][svchost.exe]

[Throw dll injection][27/06/2025 17:24:38][WildStr][NisSrv.exe]

[Throw dll injection][27/06/2025 17:24:38][WildStr][taskhostw.exe]

[Throw dll injection][27/06/2025 17:24:38][WildStr][sihost.exe]

[Throw dll injection][27/06/2025 17:24:38][WildStr][MicrosoftEdgeUpdate.exe]

[Throw dll injection][27/06/2025 17:24:38][WildStr][svchost.exe]

[Throw dll injection][27/06/2025 17:24:38][WildStr][svchost.exe]

[Throw dll injection][27/06/2025 17:24:38][WildStr][svchost.exe]

[Throw dll injection][27/06/2025 17:24:38][WildStr][ctfmon.exe]

[Throw dll injection][27/06/2025 17:24:38][WildStr][taskhostw.exe]

[Throw dll injection][27/06/2025 17:24:38][WildStr][svchost.exe]

[Throw dll injection][27/06/2025 17:24:38][WildStr][MicrosoftEdgeUpdate.exe]

[Throw dll injection][27/06/2025 17:24:38][WildStr][svchost.exe]

[Throw dll injection][27/06/2025 17:24:38][WildStr][svchost.exe]

[Throw dll injection][27/06/2025 17:24:38][WildStr][explorer.exe]

[Throw dll injection][27/06/2025 17:24:38][WildStr][ctfmon.exe]

[Throw dll injection][27/06/2025 17:24:38][WildStr][svchost.exe]

[Throw dll injection][27/06/2025 17:24:38][WildStr][svchost.exe]

[Throw dll injection][27/06/2025 17:24:38][WildStr][StartMenuExperienceHost.exe]

[Throw dll injection][27/06/2025 17:24:38][WildStr][svchost.exe]

[Throw dll injection][27/06/2025 17:24:38][WildStr][RuntimeBroker.exe]

[Throw dll injection][27/06/2025 17:24:38][WildStr][explorer.exe]

[Throw dll injection][27/06/2025 17:24:38][WildStr][SearchApp.exe]

[Throw dll injection][27/06/2025 17:24:38][WildStr][svchost.exe]

[Throw dll injection][27/06/2025 17:24:38][WildStr][svchost.exe]

[Throw dll injection][27/06/2025 17:24:38][WildStr][StartMenuExperienceHost.exe]

[Throw dll injection][27/06/2025 17:24:38][WildStr][RuntimeBroker.exe]

[Throw dll injection][27/06/2025 17:24:38][WildStr][RuntimeBroker.exe]

[Throw dll injection][27/06/2025 17:24:38][WildStr][RuntimeBroker.exe]

[Throw dll injection][27/06/2025 17:24:38][WildStr][SearchApp.exe]

[Throw dll injection][27/06/2025 17:24:38][WildStr][svchost.exe]

[Throw dll injection][27/06/2025 17:24:38][WildStr][svchost.exe]

[Throw dll injection][27/06/2025 17:24:38][WildStr][SecurityHealthSystray.exe]

[Throw dll injection][27/06/2025 17:24:38][WildStr][RuntimeBroker.exe]

[Throw dll injection][27/06/2025 17:24:38][WildStr][SecurityHealthService.exe]

[Throw dll injection][27/06/2025 17:24:38][WildStr][RuntimeBroker.exe]

[Throw dll injection][27/06/2025 17:24:38][WildStr][VBoxTray.exe]

[Throw dll injection][27/06/2025 17:24:38][WildStr][svchost.exe]

[Throw dll injection][27/06/2025 17:24:38][WildStr][OneDrive.exe]

[Throw dll injection][27/06/2025 17:24:38][WildStr][SecurityHealthSystray.exe]

[Throw dll injection][27/06/2025 17:24:38][WildStr][svchost.exe]

[Throw dll injection][27/06/2025 17:24:38][WildStr][SecurityHealthService.exe]

[Throw dll injection][27/06/2025 17:24:38][WildStr][svchost.exe]

[Throw dll injection][27/06/2025 17:24:38][WildStr][VBoxTray.exe]

[Throw dll injection][27/06/2025 17:24:38][WildStr][svchost.exe]

[Throw dll injection][27/06/2025 17:24:38][WildStr][OneDrive.exe]

[Throw dll injection][27/06/2025 17:24:38][WildStr][svchost.exe]

[Throw dll injection][27/06/2025 17:24:38][WildStr][svchost.exe]

[Throw dll injection][27/06/2025 17:24:38][WildStr][svchost.exe]

[Throw dll injection][27/06/2025 17:24:38][WildStr][svchost.exe]

[Throw dll injection][27/06/2025 17:24:38][WildStr][svchost.exe]

[Throw dll injection][27/06/2025 17:24:38][WildStr][TextInputHost.exe]

[Throw dll injection][27/06/2025 17:24:38][WildStr][svchost.exe]

[Throw dll injection][27/06/2025 17:24:38][WildStr][ApplicationFrameHost.exe]

[Throw dll injection][27/06/2025 17:24:38][WildStr][svchost.exe]

[Throw dll injection][27/06/2025 17:24:38][WildStr][SystemSettings.exe]

[Throw dll injection][27/06/2025 17:24:38][WildStr][svchost.exe]

[Throw dll injection][27/06/2025 17:24:38][WildStr][UserOOBEBroker.exe]

[Throw dll injection][27/06/2025 17:24:38][WildStr][TextInputHost.exe]

[Throw dll injection][27/06/2025 17:24:38][WildStr][ApplicationFrameHost.exe]

[Throw dll injection][27/06/2025 17:24:38][WildStr][SystemSettings.exe]

[Throw dll injection][27/06/2025 17:24:38][WildStr][UserOOBEBroker.exe]

[Throw dll injection][27/06/2025 17:24:38][WildStr][msedgewebview2.exe]

[Throw dll injection][27/06/2025 17:24:38][WildStr][SearchApp.exe]

[Throw dll injection][27/06/2025 17:24:38][WildStr][msedgewebview2.exe]

[Throw dll injection][27/06/2025 17:24:38][WildStr][msedgewebview2.exe]

[Throw dll injection][27/06/2025 17:24:38][WildStr][msedgewebview2.exe]

[Throw dll injection][27/06/2025 17:24:38][WildStr][msedgewebview2.exe]

[Throw dll injection][27/06/2025 17:24:38][WildStr][msedgewebview2.exe]

[Throw dll injection][27/06/2025 17:24:38][WildStr][msedgewebview2.exe]

[Throw dll injection][27/06/2025 17:24:38][WildStr][msedgewebview2.exe]

[Throw dll injection][27/06/2025 17:24:38][WildStr][msedgewebview2.exe]

[Throw dll injection][27/06/2025 17:24:38][WildStr][FileCoAuth.exe]

[Throw dll injection][27/06/2025 17:24:38][WildStr][msedgewebview2.exe]

[Throw dll injection][27/06/2025 17:24:38][WildStr][svchost.exe]

[Throw dll injection][27/06/2025 17:24:38][WildStr][msedgewebview2.exe]

[Throw dll injection][27/06/2025 17:24:38][WildStr][msedge.exe]

[Throw dll injection][27/06/2025 17:24:38][WildStr][FileCoAuth.exe]

[Throw dll injection][27/06/2025 17:24:38][WildStr][msedge.exe]

[Throw dll injection][27/06/2025 17:24:38][WildStr][svchost.exe]

[Throw dll injection][27/06/2025 17:24:38][WildStr][msedge.exe]

[Throw dll injection][27/06/2025 17:24:38][WildStr][msedge.exe]

[Throw dll injection][27/06/2025 17:24:38][WildStr][msedge.exe]

[Throw dll injection][27/06/2025 17:24:38][WildStr][msedge.exe]

[Throw dll injection][27/06/2025 17:24:38][WildStr][msedge.exe]

[Throw dll injection][27/06/2025 17:24:38][WildStr][msedge.exe]

[Throw dll injection][27/06/2025 17:24:38][WildStr][svchost.exe]

[Throw dll injection][27/06/2025 17:24:38][WildStr][msedge.exe]

[Throw dll injection][27/06/2025 17:24:38][WildStr][svchost.exe]

[Throw dll injection][27/06/2025 17:24:38][WildStr][msedge.exe]

[Throw dll injection][27/06/2025 17:24:38][WildStr][svchost.exe]

[Throw dll injection][27/06/2025 17:24:38][WildStr][svchost.exe]

[Throw dll injection][27/06/2025 17:24:38][WildStr][dllhost.exe]

[Throw dll injection][27/06/2025 17:24:38][WildStr][svchost.exe]

[Throw dll injection][27/06/2025 17:24:38][WildStr][ShellExperienceHost.exe]

[Throw dll injection][27/06/2025 17:24:38][WildStr][svchost.exe]

[Throw dll injection][27/06/2025 17:24:38][WildStr][RuntimeBroker.exe]

[Throw dll injection][27/06/2025 17:24:38][WildStr][dllhost.exe]

[Throw dll injection][27/06/2025 17:24:38][WildStr][powershell.exe]

[Throw dll injection][27/06/2025 17:24:38][WildStr][ShellExperienceHost.exe]

[Throw dll injection][27/06/2025 17:24:38][WildStr][conhost.exe]

[Throw dll injection][27/06/2025 17:24:38][WildStr][RuntimeBroker.exe]

[Throw dll injection][27/06/2025 17:24:38][WildStr][cmd.exe]

[Throw dll injection][27/06/2025 17:24:38][WildStr][powershell.exe]

[Throw dll injection][27/06/2025 17:24:38][WildStr][conhost.exe]

[Throw dll injection][27/06/2025 17:24:38][WildStr][conhost.exe]

[Throw dll injection][27/06/2025 17:24:38][WildStr][powershell.exe]

[Throw dll injection][27/06/2025 17:24:38][WildStr][cmd.exe]

[Throw dll injection][27/06/2025 17:24:38][WildStr][Code.exe]

[Throw dll injection][27/06/2025 17:24:38][WildStr][conhost.exe]

[Throw dll injection][27/06/2025 17:24:38][WildStr][Code.exe]

[Throw dll injection][27/06/2025 17:24:38][WildStr][powershell.exe]

[Throw dll injection][27/06/2025 17:24:38][WildStr][Code.exe]

[Throw dll injection][27/06/2025 17:24:38][WildStr][Code.exe]

[Throw dll injection][27/06/2025 17:24:38][WildStr][Code.exe]

[Throw dll injection][27/06/2025 17:24:38][WildStr][Code.exe]

[Throw dll injection][27/06/2025 17:24:38][WildStr][Code.exe]

[Throw dll injection][27/06/2025 17:24:38][WildStr][Code.exe]

[Throw dll injection][27/06/2025 17:24:38][WildStr][Code.exe]

[Throw dll injection][27/06/2025 17:24:38][WildStr][Code.exe]

[Throw dll injection][27/06/2025 17:24:38][WildStr][Code.exe]

[Throw dll injection][27/06/2025 17:24:38][WildStr][Code.exe]

[Throw dll injection][27/06/2025 17:24:38][WildStr][Code.exe]

[Throw dll injection][27/06/2025 17:24:38][WildStr][Code.exe]

[Throw dll injection][27/06/2025 17:24:38][WildStr][cpptools.exe]

[Throw dll injection][27/06/2025 17:24:38][WildStr][Code.exe]

[Throw dll injection][27/06/2025 17:24:38][WildStr][conhost.exe]

[Throw dll injection][27/06/2025 17:24:38][WildStr][Code.exe]

[Throw dll injection][27/06/2025 17:24:38][WildStr][Code.exe]

[Throw dll injection][27/06/2025 17:24:38][WildStr][cpptools.exe]

[Throw dll injection][27/06/2025 17:24:38][WildStr][cpptools.exe]

[Throw dll injection][27/06/2025 17:24:38][WildStr][conhost.exe]

[Throw dll injection][27/06/2025 17:24:38][WildStr][cpptools-srv.exe]

[Throw dll injection][27/06/2025 17:24:38][WildStr][Code.exe]

[Throw dll injection][27/06/2025 17:24:38][WildStr][conhost.exe]

[Throw dll injection][27/06/2025 17:24:38][WildStr][cpptools.exe]

[Throw dll injection][27/06/2025 17:24:38][WildStr][svchost.exe]

[Throw dll injection][27/06/2025 17:24:38][WildStr][cpptools-srv.exe]

[Throw dll injection][27/06/2025 17:24:38][WildStr][svchost.exe]

[Throw dll injection][27/06/2025 17:24:38][WildStr][svchost.exe]

[Throw dll injection][27/06/2025 17:24:38][WildStr][Code.exe]

[Throw dll injection][27/06/2025 17:24:38][WildStr][svchost.exe]

[Throw dll injection][27/06/2025 17:24:38][WildStr][conhost.exe]

[Throw dll injection][27/06/2025 17:24:38][WildStr][Code.exe]

[Throw dll injection][27/06/2025 17:24:38][WildStr][powershell.exe]

[Throw dll injection][27/06/2025 17:24:38][WildStr][conhost.exe]

[Throw dll injection][27/06/2025 17:24:38][WildStr][vctip.exe]

[Throw dll injection][27/06/2025 17:24:38][WildStr][cpptools-srv.exe]

[Throw dll injection][27/06/2025 17:24:38][WildStr][powershell.exe]

[Throw dll injection][27/06/2025 17:24:38][WildStr][conhost.exe]

[Throw dll injection][27/06/2025 17:24:38][WildStr][vctip.exe]

[Throw dll injection][27/06/2025 17:24:38][WildStr][svchost.exe]

[Throw dll injection][27/06/2025 17:24:38][WildStr][cpptools-srv.exe]

[Throw dll injection][27/06/2025 17:24:38][WildStr][smartscreen.exe]

[Throw dll injection][27/06/2025 17:24:38][WildStr][conhost.exe]

[Throw dll injection][27/06/2025 17:24:38][WildStr][Taskmgr.exe]

[Throw dll injection][27/06/2025 17:24:38][WildStr][svchost.exe]

[Throw dll injection][27/06/2025 17:24:38][WildStr][conhost.exe]

[Throw dll injection][27/06/2025 17:24:38][WildStr][smartscreen.exe]

[Throw dll injection][27/06/2025 17:24:38][WildStr][powershell.exe]

[Throw dll injection][27/06/2025 17:24:38][WildStr][Taskmgr.exe]

[Throw dll injection][27/06/2025 17:24:38][WildStr][conhost.exe]

[Throw dll injection][27/06/2025 17:24:38][WildStr][powershell.exe]

[Throw dll injection][27/06/2025 17:24:39][WildStr][System]

[Throw dll injection][27/06/2025 17:24:39][WildStr][System]

[Throw dll injection][27/06/2025 17:24:39][WildStr][Registry]

[Throw dll injection][27/06/2025 17:24:39][WildStr][Registry]

[Throw dll injection][27/06/2025 17:24:39][WildStr][smss.exe]

[Throw dll injection][27/06/2025 17:24:39][WildStr][smss.exe]

[Throw dll injection][27/06/2025 17:24:39][WildStr][csrss.exe]

[Throw dll injection][27/06/2025 17:24:39][WildStr][csrss.exe]

[Throw dll injection][27/06/2025 17:24:39][WildStr][wininit.exe]

[Throw dll injection][27/06/2025 17:24:39][WildStr][wininit.exe]

[Throw dll injection][27/06/2025 17:24:39][WildStr][csrss.exe]

[Throw dll injection][27/06/2025 17:24:39][WildStr][csrss.exe]

[Throw dll injection][27/06/2025 17:24:39][WildStr][winlogon.exe]

[Throw dll injection][27/06/2025 17:24:39][WildStr][winlogon.exe]

[Throw dll injection][27/06/2025 17:24:39][WildStr][services.exe]

[Throw dll injection][27/06/2025 17:24:39][WildStr][lsass.exe]

[Throw dll injection][27/06/2025 17:24:39][WildStr][lsass.exe]

[Throw dll injection][27/06/2025 17:24:39][WildStr][svchost.exe]

[Throw dll injection][27/06/2025 17:24:39][WildStr][svchost.exe]

[Throw dll injection][27/06/2025 17:24:39][WildStr][fontdrvhost.exe]

[Throw dll injection][27/06/2025 17:24:39][WildStr][fontdrvhost.exe]

[Throw dll injection][27/06/2025 17:24:39][WildStr][fontdrvhost.exe]

[Throw dll injection][27/06/2025 17:24:39][WildStr][svchost.exe]

[Throw dll injection][27/06/2025 17:24:39][WildStr][svchost.exe]

[Throw dll injection][27/06/2025 17:24:39][WildStr][svchost.exe]

[Throw dll injection][27/06/2025 17:24:39][WildStr][dwm.exe]

[Throw dll injection][27/06/2025 17:24:39][WildStr][dwm.exe]

[Throw dll injection][27/06/2025 17:24:39][WildStr][svchost.exe]

[Throw dll injection][27/06/2025 17:24:39][WildStr][svchost.exe]

[Throw dll injection][27/06/2025 17:24:39][WildStr][svchost.exe]

[Throw dll injection][27/06/2025 17:24:39][WildStr][svchost.exe]

[Throw dll injection][27/06/2025 17:24:39][WildStr][svchost.exe]

[Throw dll injection][27/06/2025 17:24:39][WildStr][svchost.exe]

[Throw dll injection][27/06/2025 17:24:39][WildStr][svchost.exe]

[Throw dll injection][27/06/2025 17:24:39][WildStr][svchost.exe]

[Throw dll injection][27/06/2025 17:24:39][WildStr][svchost.exe]

[Throw dll injection][27/06/2025 17:24:39][WildStr][svchost.exe]

[Throw dll injection][27/06/2025 17:24:39][WildStr][svchost.exe]

[Throw dll injection][27/06/2025 17:24:39][WildStr][svchost.exe]

[Throw dll injection][27/06/2025 17:24:39][WildStr][svchost.exe]

[Throw dll injection][27/06/2025 17:24:39][WildStr][svchost.exe]

[Throw dll injection][27/06/2025 17:24:39][WildStr][svchost.exe]

[Throw dll injection][27/06/2025 17:24:39][WildStr][svchost.exe]

[Throw dll injection][27/06/2025 17:24:39][WildStr][svchost.exe]

[Throw dll injection][27/06/2025 17:24:39][WildStr][svchost.exe]

[Throw dll injection][27/06/2025 17:24:39][WildStr][svchost.exe]

[Throw dll injection][27/06/2025 17:24:39][WildStr][svchost.exe]

[Throw dll injection][27/06/2025 17:24:39][WildStr][svchost.exe]

[Throw dll injection][27/06/2025 17:24:39][WildStr][svchost.exe]

[Throw dll injection][27/06/2025 17:24:39][WildStr][svchost.exe]

[Throw dll injection][27/06/2025 17:24:39][WildStr][svchost.exe]

[Throw dll injection][27/06/2025 17:24:39][WildStr][svchost.exe]

[Throw dll injection][27/06/2025 17:24:39][WildStr][svchost.exe]

[Throw dll injection][27/06/2025 17:24:39][WildStr][VBoxService.exe]

[Throw dll injection][27/06/2025 17:24:39][WildStr][VBoxService.exe]

[Throw dll injection][27/06/2025 17:24:39][WildStr][svchost.exe]

[Throw dll injection][27/06/2025 17:24:39][WildStr][svchost.exe]

[Throw dll injection][27/06/2025 17:24:39][WildStr][svchost.exe]

[Throw dll injection][27/06/2025 17:24:39][WildStr][svchost.exe]

[Throw dll injection][27/06/2025 17:24:39][WildStr][svchost.exe]

[Throw dll injection][27/06/2025 17:24:39][WildStr][svchost.exe]

[Throw dll injection][27/06/2025 17:24:39][WildStr][svchost.exe]

[Throw dll injection][27/06/2025 17:24:39][WildStr][svchost.exe]

[Throw dll injection][27/06/2025 17:24:39][WildStr][svchost.exe]

[Throw dll injection][27/06/2025 17:24:39][WildStr][Memory Compression]

[Throw dll injection][27/06/2025 17:24:39][WildStr][svchost.exe]

[Throw dll injection][27/06/2025 17:24:39][WildStr][svchost.exe]

[Throw dll injection][27/06/2025 17:24:39][WildStr][svchost.exe]

[Throw dll injection][27/06/2025 17:24:39][WildStr][svchost.exe]

[Throw dll injection][27/06/2025 17:24:39][WildStr][Memory Compression]

[Throw dll injection][27/06/2025 17:24:39][WildStr][svchost.exe]

[Throw dll injection][27/06/2025 17:24:39][WildStr][svchost.exe]

[Throw dll injection][27/06/2025 17:24:39][WildStr][svchost.exe]

[Throw dll injection][27/06/2025 17:24:39][WildStr][svchost.exe]

[Throw dll injection][27/06/2025 17:24:39][WildStr][svchost.exe]

[Throw dll injection][27/06/2025 17:24:39][WildStr][svchost.exe]

[Throw dll injection][27/06/2025 17:24:39][WildStr][spoolsv.exe]

[Throw dll injection][27/06/2025 17:24:39][WildStr][svchost.exe]

[Throw dll injection][27/06/2025 17:24:39][WildStr][svchost.exe]

[Throw dll injection][27/06/2025 17:24:39][WildStr][svchost.exe]

[Throw dll injection][27/06/2025 17:24:39][WildStr][svchost.exe]

[Throw dll injection][27/06/2025 17:24:39][WildStr][svchost.exe]

[Throw dll injection][27/06/2025 17:24:39][WildStr][svchost.exe]

[Throw dll injection][27/06/2025 17:24:39][WildStr][ssh-agent.exe]

[Throw dll injection][27/06/2025 17:24:39][WildStr][sshd.exe]

[Throw dll injection][27/06/2025 17:24:39][WildStr][svchost.exe]

[Throw dll injection][27/06/2025 17:24:39][WildStr][svchost.exe]

[Throw dll injection][27/06/2025 17:24:39][WildStr][svchost.exe]

[Throw dll injection][27/06/2025 17:24:39][WildStr][svchost.exe]

[Throw dll injection][27/06/2025 17:24:39][WildStr][svchost.exe]

[Throw dll injection][27/06/2025 17:24:39][WildStr][svchost.exe]

[Throw dll injection][27/06/2025 17:24:39][WildStr][spoolsv.exe]

[Throw dll injection][27/06/2025 17:24:39][WildStr][svchost.exe]

[Throw dll injection][27/06/2025 17:24:39][WildStr][svchost.exe]

[Throw dll injection][27/06/2025 17:24:39][WildStr][svchost.exe]

[Throw dll injection][27/06/2025 17:24:39][WildStr][svchost.exe]

[Throw dll injection][27/06/2025 17:24:39][WildStr][svchost.exe]

[Throw dll injection][27/06/2025 17:24:39][WildStr][svchost.exe]

[Throw dll injection][27/06/2025 17:24:39][WildStr][svchost.exe]

[Throw dll injection][27/06/2025 17:24:39][WildStr][svchost.exe]

[Throw dll injection][27/06/2025 17:24:39][WildStr][svchost.exe]

[Throw dll injection][27/06/2025 17:24:39][WildStr][MpDefenderCoreService.exe]

[Throw dll injection][27/06/2025 17:24:39][WildStr][ssh-agent.exe]

[Throw dll injection][27/06/2025 17:24:39][WildStr][MsMpEng.exe]

[Throw dll injection][27/06/2025 17:24:39][WildStr][sshd.exe]

[Throw dll injection][27/06/2025 17:24:39][WildStr][SearchIndexer.exe]

[Throw dll injection][27/06/2025 17:24:39][WildStr][AggregatorHost.exe]

[Throw dll injection][27/06/2025 17:24:39][WildStr][svchost.exe]

[Throw dll injection][27/06/2025 17:24:39][WildStr][dllhost.exe]

[Throw dll injection][27/06/2025 17:24:39][WildStr][svchost.exe]

[Throw dll injection][27/06/2025 17:24:39][WildStr][NisSrv.exe]

[Throw dll injection][27/06/2025 17:24:39][WildStr][sihost.exe]


[Throw dll injection][27/06/2025 17:24:39][WildStr][svchost.exe]

[Throw dll injection][27/06/2025 17:24:39][WildStr][svchost.exe]

[Throw dll injection][27/06/2025 17:24:39][WildStr][svchost.exe]

[Throw dll injection][27/06/2025 17:24:39][WildStr][taskhostw.exe]

[Throw dll injection][27/06/2025 17:24:39][WildStr][MicrosoftEdgeUpdate.exe]

[Throw dll injection][27/06/2025 17:24:39][WildStr][svchost.exe]

[Throw dll injection][27/06/2025 17:24:39][WildStr][ctfmon.exe]

[Throw dll injection][27/06/2025 17:24:39][WildStr][svchost.exe]

[Throw dll injection][27/06/2025 17:24:39][WildStr][svchost.exe]

[Throw dll injection][27/06/2025 17:24:39][WildStr][svchost.exe]

[Throw dll injection][27/06/2025 17:24:39][WildStr][svchost.exe]

[Throw dll injection][27/06/2025 17:24:39][WildStr][explorer.exe]

[Throw dll injection][27/06/2025 17:24:39][WildStr][svchost.exe]

[Throw dll injection][27/06/2025 17:24:39][WildStr][svchost.exe]

[Throw dll injection][27/06/2025 17:24:39][WildStr][svchost.exe]

[Throw dll injection][27/06/2025 17:24:39][WildStr][StartMenuExperienceHost.exe]

[Throw dll injection][27/06/2025 17:24:39][WildStr][MpDefenderCoreService.exe]

[Throw dll injection][27/06/2025 17:24:39][WildStr][RuntimeBroker.exe]

[Throw dll injection][27/06/2025 17:24:39][WildStr][SearchApp.exe]

[Throw dll injection][27/06/2025 17:24:39][WildStr][MsMpEng.exe]

[Throw dll injection][27/06/2025 17:24:39][WildStr][svchost.exe]

[Throw dll injection][27/06/2025 17:24:39][WildStr][SearchIndexer.exe]

[Throw dll injection][27/06/2025 17:24:39][WildStr][RuntimeBroker.exe]

[Throw dll injection][27/06/2025 17:24:39][WildStr][svchost.exe]

[Throw dll injection][27/06/2025 17:24:39][WildStr][AggregatorHost.exe]

[Throw dll injection][27/06/2025 17:24:39][WildStr][SecurityHealthSystray.exe]

[Throw dll injection][27/06/2025 17:24:39][WildStr][dllhost.exe]

[Throw dll injection][27/06/2025 17:24:39][WildStr][SecurityHealthService.exe]

[Throw dll injection][27/06/2025 17:24:39][WildStr][VBoxTray.exe]

[Throw dll injection][27/06/2025 17:24:39][WildStr][OneDrive.exe]

[Throw dll injection][27/06/2025 17:24:39][WildStr][NisSrv.exe]

[Throw dll injection][27/06/2025 17:24:39][WildStr][svchost.exe]

[Throw dll injection][27/06/2025 17:24:39][WildStr][svchost.exe]

[Throw dll injection][27/06/2025 17:24:39][WildStr][svchost.exe]

[Throw dll injection][27/06/2025 17:24:39][WildStr][svchost.exe]

[Throw dll injection][27/06/2025 17:24:39][WildStr][taskhostw.exe]

[Throw dll injection][27/06/2025 17:24:39][WildStr][svchost.exe]

[Throw dll injection][27/06/2025 17:24:39][WildStr][MicrosoftEdgeUpdate.exe]

[Throw dll injection][27/06/2025 17:24:39][WildStr][svchost.exe]

[Throw dll injection][27/06/2025 17:24:39][WildStr][svchost.exe]

[Throw dll injection][27/06/2025 17:24:39][WildStr][ctfmon.exe]


[Throw dll injection][27/06/2025 17:24:39][WildStr][svchost.exe]
exe]

[Throw dll injection][27/06/2025 17:24:39][WildStr][ApplicationFrameHost.exe]

[Throw dll injection][27/06/2025 17:24:39][WildStr][svchost.exe]

[Throw dll injection][27/06/2025 17:24:39][WildStr][SystemSettings.exe]

[Throw dll injection][27/06/2025 17:24:39][WildStr][UserOOBEBroker.exe]

[Throw dll injection][27/06/2025 17:24:39][WildStr][explorer.exe]

[Throw dll injection][27/06/2025 17:24:39][WildStr][SearchApp.exe]

[Throw dll injection][27/06/2025 17:24:39][WildStr][svchost.exe]

[Throw dll injection][27/06/2025 17:24:39][WildStr][msedgewebview2.exe]

[Throw dll injection][27/06/2025 17:24:39][WildStr][msedgewebview2.exe]

[Throw dll injection][27/06/2025 17:24:39][WildStr][StartMenuExperienceHost.exe]

[Throw dll injection][27/06/2025 17:24:39][WildStr][RuntimeBroker.exe]

[Throw dll injection][27/06/2025 17:24:39][WildStr][msedgewebview2.exe]

[Throw dll injection][27/06/2025 17:24:39][WildStr][SearchApp.exe]

[Throw dll injection][27/06/2025 17:24:39][WildStr][svchost.exe]

[Throw dll injection][27/06/2025 17:24:39][WildStr][msedgewebview2.exe]

[Throw dll injection][27/06/2025 17:24:39][WildStr][msedgewebview2.exe]

[Throw dll injection][27/06/2025 17:24:39][WildStr][RuntimeBroker.exe]

[Throw dll injection][27/06/2025 17:24:39][WildStr][msedgewebview2.exe]

[Throw dll injection][27/06/2025 17:24:39][WildStr][RuntimeBroker.exe]

[Throw dll injection][27/06/2025 17:24:39][WildStr][svchost.exe]

[Throw dll injection][27/06/2025 17:24:39][WildStr][FileCoAuth.exe]

[Throw dll injection][27/06/2025 17:24:39][WildStr][SecurityHealthSystray.exe]

[Throw dll injection][27/06/2025 17:24:39][WildStr][svchost.exe]

[Throw dll injection][27/06/2025 17:24:39][WildStr][SecurityHealthService.exe]

[Throw dll injection][27/06/2025 17:24:39][WildStr][msedge.exe]

[Throw dll injection][27/06/2025 17:24:39][WildStr][VBoxTray.exe]

[Throw dll injection][27/06/2025 17:24:39][WildStr][msedge.exe]

[Throw dll injection][27/06/2025 17:24:39][WildStr][OneDrive.exe]

[Throw dll injection][27/06/2025 17:24:39][WildStr][svchost.exe]

[Throw dll injection][27/06/2025 17:24:39][WildStr][msedge.exe]

[Throw dll injection][27/06/2025 17:24:39][WildStr][msedge.exe]


[Throw dll injection][27/06/2025 17:24:39][WildStr][svchost.exe]

[Throw dll injection][27/06/2025 17:24:39][WildStr][svchost.exe]

[Throw dll injection][27/06/2025 17:24:39][WildStr][svchost.exe]

[Throw dll injection][27/06/2025 17:24:39][WildStr][svchost.exe]

[Throw dll injection][27/06/2025 17:24:39][WildStr][svchost.exe]

[Throw dll injection][27/06/2025 17:24:39][WildStr][svchost.exe]

[Throw dll injection][27/06/2025 17:24:39][WildStr][svchost.exe]

[Throw dll injection][27/06/2025 17:24:39][WildStr][dllhost.exe]

[Throw dll injection][27/06/2025 17:24:39][WildStr][TextInputHost.exe]

[Throw dll injection][27/06/2025 17:24:39][WildStr][ShellExperienceHost.exe]

[Throw dll injection][27/06/2025 17:24:39][WildStr][ApplicationFrameHost.exe]

[Throw dll injection][27/06/2025 17:24:39][WildStr][RuntimeBroker.exe]

[Throw dll injection][27/06/2025 17:24:39][WildStr][SystemSettings.exe]

[Throw dll injection][27/06/2025 17:24:39][WildStr][powershell.exe]

[Throw dll injection][27/06/2025 17:24:39][WildStr][UserOOBEBroker.exe]

[Throw dll injection][27/06/2025 17:24:39][WildStr][conhost.exe]

[Throw dll injection][27/06/2025 17:24:39][WildStr][SearchApp.exe]

[Throw dll injection][27/06/2025 17:24:39][WildStr][cmd.exe]

[Throw dll injection][27/06/2025 17:24:39][WildStr][msedgewebview2.exe]

[Throw dll injection][27/06/2025 17:24:39][WildStr][conhost.exe]

[Throw dll injection][27/06/2025 17:24:39][WildStr][msedgewebview2.exe]

[Throw dll injection][27/06/2025 17:24:39][WildStr][powershell.exe]

[Throw dll injection][27/06/2025 17:24:39][WildStr][msedgewebview2.exe]

[Throw dll injection][27/06/2025 17:24:39][WildStr][Code.exe]

[Throw dll injection][27/06/2025 17:24:39][WildStr][msedgewebview2.exe]

[Throw dll injection][27/06/2025 17:24:39][WildStr][Code.exe]
ew2.exe]

[Throw dll injection][27/06/2025 17:24:39][WildStr][msedgewebview2.exe]

[Throw dll injection][27/06/2025 17:24:39][WildStr][Code.exe]

[Throw dll injection][27/06/2025 17:24:39][WildStr][FileCoAuth.exe]

[Throw dll injection][27/06/2025 17:24:39][WildStr][Code.exe]

[Throw dll injection][27/06/2025 17:24:39][WildStr][svchost.exe]

[Throw dll injection][27/06/2025 17:24:39][WildStr][msedge.exe]

[Throw dll injection][27/06/2025 17:24:39][WildStr][Code.exe]

[Throw dll injection][27/06/2025 17:24:39][WildStr][msedge.exe]

[Throw dll injection][27/06/2025 17:24:39][WildStr][msedge.exe]

[Throw dll injection][27/06/2025 17:24:39][WildStr][Code.exe]

[Throw dll injection][27/06/2025 17:24:39][WildStr][msedge.exe]

[Throw dll injection][27/06/2025 17:24:39][WildStr][Code.exe]

[Throw dll injection][27/06/2025 17:24:39][WildStr][cpptools.exe]

[Throw dll injection][27/06/2025 17:24:39][WildStr][msedge.exe]

[Throw dll injection][27/06/2025 17:24:39][WildStr][conhost.exe]

[Throw dll injection][27/06/2025 17:24:39][WildStr][svchost.exe]

[Throw dll injection][27/06/2025 17:24:39][WildStr][Code.exe]

[Throw dll injection][27/06/2025 17:24:39][WildStr][svchost.exe]

[Throw dll injection][27/06/2025 17:24:39][WildStr][cpptools.exe]

[Throw dll injection][27/06/2025 17:24:39][WildStr][svchost.exe]

[Throw dll injection][27/06/2025 17:24:39][WildStr][cpptools-srv.exe]

[Throw dll injection][27/06/2025 17:24:39][WildStr][dllhost.exe]

[Throw dll injection][27/06/2025 17:24:39][WildStr][conhost.exe]

[Throw dll injection][27/06/2025 17:24:39][WildStr][ShellExperienceHost.exe]

[Throw dll injection][27/06/2025 17:24:39][WildStr][RuntimeBroker.exe]

[Throw dll injection][27/06/2025 17:24:39][WildStr][powershell.exe]

[Throw dll injection][27/06/2025 17:24:39][WildStr][Code.exe]

[Throw dll injection][27/06/2025 17:24:39][WildStr][conhost.exe]

[Throw dll injection][27/06/2025 17:24:39][WildStr][conhost.exe]

[Throw dll injection][27/06/2025 17:24:39][WildStr][cmd.exe]

[Throw dll injection][27/06/2025 17:24:39][WildStr][conhost.exe]

[Throw dll injection][27/06/2025 17:24:39][WildStr][powershell.exe]

[Throw dll injection][27/06/2025 17:24:39][WildStr][powershell.exe]

[Throw dll injection][27/06/2025 17:24:39][WildStr][vctip.exe]

[Throw dll injection][27/06/2025 17:24:39][WildStr][Code.exe]

[Throw dll injection][27/06/2025 17:24:39][WildStr][cpptools-srv.exe]

[Throw dll injection][27/06/2025 17:24:39][WildStr][Code.exe]

[Throw dll injection][27/06/2025 17:24:39][WildStr][conhost.exe]

[Throw dll injection][27/06/2025 17:24:39][WildStr][Code.exe]

[Throw dll injection][27/06/2025 17:24:39][WildStr][Code.exe]
]

[Throw dll injection][27/06/2025 17:24:39][WildStr][smartscreen.exe]

[Throw dll injection][27/06/2025 17:24:39][WildStr][Code.exe]

[Throw dll injection][27/06/2025 17:24:39][WildStr][Taskmgr.exe]

[Throw dll injection][27/06/2025 17:24:39][WildStr][Code.exe]

[Throw dll injection][27/06/2025 17:24:39][WildStr][conhost.exe]

[Throw dll injection][27/06/2025 17:24:39][WildStr][Code.exe]

[Throw dll injection][27/06/2025 17:24:39][WildStr][powershell.exe]

[Throw dll injection][27/06/2025 17:24:39][WildStr][Code.exe]

[Throw dll injection][27/06/2025 17:24:39][WildStr][cpptools.exe]

[Throw dll injection][27/06/2025 17:24:39][WildStr][conhost.exe]

[Throw dll injection][27/06/2025 17:24:39][WildStr][Code.exe]

[Throw dll injection][27/06/2025 17:24:39][WildStr][cpptools.exe]

[Throw dll injection][27/06/2025 17:24:39][WildStr][cpptools-srv.exe]

[Throw dll injection][27/06/2025 17:24:39][WildStr][conhost.exe]

[Throw dll injection][27/06/2025 17:24:39][WildStr][svchost.exe]

[Throw dll injection][27/06/2025 17:24:39][WildStr][svchost.exe]

[Throw dll injection][27/06/2025 17:24:39][WildStr][Code.exe]

[Throw dll injection][27/06/2025 17:24:39][WildStr][conhost.exe]

[Throw dll injection][27/06/2025 17:24:39][WildStr][powershell.exe]

[Throw dll injection][27/06/2025 17:24:39][WildStr][vctip.exe]

[Throw dll injection][27/06/2025 17:24:39][WildStr][cpptools-srv.exe]

[Throw dll injection][27/06/2025 17:24:39][WildStr][conhost.exe]

[Throw dll injection][27/06/2025 17:24:39][WildStr][svchost.exe]

[Throw dll injection][27/06/2025 17:24:39][WildStr][smartscreen.exe]

[Throw dll injection][27/06/2025 17:24:39][WildStr][Taskmgr.exe]

[Throw dll injection][27/06/2025 17:24:39][WildStr][conhost.exe]

[Throw dll injection][27/06/2025 17:24:39][WildStr][powershell.exe]

[Throw dll injection][27/06/2025 17:24:40][WildStr][System]

[Throw dll injection][27/06/2025 17:24:40][WildStr][System]

[Throw dll injection][27/06/2025 17:24:40][WildStr][Registry]

[Throw dll injection][27/06/2025 17:24:40][WildStr][smss.exe]

[Throw dll injection][27/06/2025 17:24:40][WildStr][smss.exe]

[Throw dll injection][27/06/2025 17:24:40][WildStr][csrss.exe]

[Throw dll injection][27/06/2025 17:24:40][WildStr][csrss.exe]

[Throw dll injection][27/06/2025 17:24:40][WildStr][wininit.exe]

[Throw dll injection][27/06/2025 17:24:40][WildStr][wininit.exe]

[Throw dll injection][27/06/2025 17:24:40][WildStr][csrss.exe]

[Throw dll injection][27/06/2025 17:24:40][WildStr][csrss.exe]

[Throw dll injection][27/06/2025 17:24:40][WildStr][winlogon.exe]

[Throw dll injection][27/06/2025 17:24:40][WildStr][winlogon.exe]

[Throw dll injection][27/06/2025 17:24:40][WildStr][services.exe]

[Throw dll injection][27/06/2025 17:24:40][WildStr][services.exe]

[Throw dll injection][27/06/2025 17:24:40][WildStr][lsass.exe]

[Throw dll injection][27/06/2025 17:24:40][WildStr][lsass.exe]

[Throw dll injection][27/06/2025 17:24:40][WildStr][svchost.exe]

[Throw dll injection][27/06/2025 17:24:40][WildStr][svchost.exe]

[Throw dll injection][27/06/2025 17:24:40][WildStr][fontdrvhost.exe]

[Throw dll injection][27/06/2025 17:24:40][WildStr][fontdrvhost.exe]

[Throw dll injection][27/06/2025 17:24:40][WildStr][fontdrvhost.exe]

[Throw dll injection][27/06/2025 17:24:40][WildStr][fontdrvhost.exe]

[Throw dll injection][27/06/2025 17:24:40][WildStr][svchost.exe]

[Throw dll injection][27/06/2025 17:24:40][WildStr][svchost.exe]

[Throw dll injection][27/06/2025 17:24:40][WildStr][svchost.exe]

[Throw dll injection][27/06/2025 17:24:40][WildStr][svchost.exe]

[Throw dll injection][27/06/2025 17:24:40][WildStr][dwm.exe]

[Throw dll injection][27/06/2025 17:24:40][WildStr][dwm.exe]

[Throw dll injection][27/06/2025 17:24:40][WildStr][svchost.exe]

[Throw dll injection][27/06/2025 17:24:40][WildStr][svchost.exe]

[Throw dll injection][27/06/2025 17:24:40][WildStr][svchost.exe]

[Throw dll injection][27/06/2025 17:24:40][WildStr][svchost.exe]

[Throw dll injection][27/06/2025 17:24:40][WildStr][svchost.exe]

[Throw dll injection][27/06/2025 17:24:40][WildStr][svchost.exe]

[Throw dll injection][27/06/2025 17:24:40][WildStr][svchost.exe]

[Throw dll injection][27/06/2025 17:24:40][WildStr][svchost.exe]

[Throw dll injection][27/06/2025 17:24:40][WildStr][svchost.exe]

[Throw dll injection][27/06/2025 17:24:40][WildStr][svchost.exe]

[Throw dll injection][27/06/2025 17:24:40][WildStr][svchost.exe]

[Throw dll injection][27/06/2025 17:24:40][WildStr][svchost.exe]

[Throw dll injection][27/06/2025 17:24:40][WildStr][svchost.exe]

[Throw dll injection][27/06/2025 17:24:40][WildStr][svchost.exe]

[Throw dll injection][27/06/2025 17:24:40][WildStr][svchost.exe]

[Throw dll injection][27/06/2025 17:24:40][WildStr][svchost.exe]

[Throw dll injection][27/06/2025 17:24:40][WildStr][svchost.exe]

[Throw dll injection][27/06/2025 17:24:40][WildStr][svchost.exe]

[Throw dll injection][27/06/2025 17:24:40][WildStr][svchost.exe]

[Throw dll injection][27/06/2025 17:24:40][WildStr][svchost.exe]

[Throw dll injection][27/06/2025 17:24:40][WildStr][svchost.exe]

[Throw dll injection][27/06/2025 17:24:40][WildStr][svchost.exe]

[Throw dll injection][27/06/2025 17:24:40][WildStr][svchost.exe]

[Throw dll injection][27/06/2025 17:24:40][WildStr][svchost.exe]

[Throw dll injection][27/06/2025 17:24:40][WildStr][svchost.exe]

[Throw dll injection][27/06/2025 17:24:40][WildStr][svchost.exe]

[Throw dll injection][27/06/2025 17:24:40][WildStr][VBoxService.exe]

[Throw dll injection][27/06/2025 17:24:40][WildStr][VBoxService.exe]

[Throw dll injection][27/06/2025 17:24:40][WildStr][svchost.exe]

[Throw dll injection][27/06/2025 17:24:40][WildStr][svchost.exe]

[Throw dll injection][27/06/2025 17:24:40][WildStr][svchost.exe]

[Throw dll injection][27/06/2025 17:24:40][WildStr][svchost.exe]

[Throw dll injection][27/06/2025 17:24:40][WildStr][svchost.exe]

[Throw dll injection][27/06/2025 17:24:40][WildStr][svchost.exe]

[Throw dll injection][27/06/2025 17:24:40][WildStr][svchost.exe]

[Throw dll injection][27/06/2025 17:24:40][WildStr][svchost.exe]

[Throw dll injection][27/06/2025 17:24:40][WildStr][svchost.exe]

[Throw dll injection][27/06/2025 17:24:40][WildStr][svchost.exe]

[Throw dll injection][27/06/2025 17:24:40][WildStr][svchost.exe]

[Throw dll injection][27/06/2025 17:24:40][WildStr][svchost.exe]

[Throw dll injection][27/06/2025 17:24:40][WildStr][Memory Compression]

[Throw dll injection][27/06/2025 17:24:40][WildStr][Memory Compression]

[Throw dll injection][27/06/2025 17:24:40][WildStr][svchost.exe]

[Throw dll injection][27/06/2025 17:24:40][WildStr][svchost.exe]

[Throw dll injection][27/06/2025 17:24:40][WildStr][svchost.exe]

[Throw dll injection][27/06/2025 17:24:40][WildStr][svchost.exe]

[Throw dll injection][27/06/2025 17:24:40][WildStr][svchost.exe]

[Throw dll injection][27/06/2025 17:24:40][WildStr][svchost.exe]

[Throw dll injection][27/06/2025 17:24:40][WildStr][svchost.exe]

[Throw dll injection][27/06/2025 17:24:40][WildStr][svchost.exe]

[Throw dll injection][27/06/2025 17:24:40][WildStr][svchost.exe]

[Throw dll injection][27/06/2025 17:24:40][WildStr][svchost.exe]

[Throw dll injection][27/06/2025 17:24:40][WildStr][svchost.exe]

[Throw dll injection][27/06/2025 17:24:40][WildStr][svchost.exe]

[Throw dll injection][27/06/2025 17:24:40][WildStr][svchost.exe]

[Throw dll injection][27/06/2025 17:24:40][WildStr][svchost.exe]

[Throw dll injection][27/06/2025 17:24:40][WildStr][svchost.exe]

[Throw dll injection][27/06/2025 17:24:40][WildStr][svchost.exe]

[Throw dll injection][27/06/2025 17:24:40][WildStr][spoolsv.exe]

[Throw dll injection][27/06/2025 17:24:40][WildStr][spoolsv.exe]

[Throw dll injection][27/06/2025 17:24:40][WildStr][svchost.exe]

[Throw dll injection][27/06/2025 17:24:40][WildStr][svchost.exe]

[Throw dll injection][27/06/2025 17:24:40][WildStr][svchost.exe]

[Throw dll injection][27/06/2025 17:24:40][WildStr][svchost.exe]

[Throw dll injection][27/06/2025 17:24:40][WildStr][svchost.exe]

[Throw dll injection][27/06/2025 17:24:40][WildStr][svchost.exe]

[Throw dll injection][27/06/2025 17:24:40][WildStr][svchost.exe]

[Throw dll injection][27/06/2025 17:24:40][WildStr][svchost.exe]

[Throw dll injection][27/06/2025 17:24:40][WildStr][ssh-agent.exe]

[Throw dll injection][27/06/2025 17:24:40][WildStr][ssh-agent.exe]

[Throw dll injection][27/06/2025 17:24:40][WildStr][sshd.exe]

[Throw dll injection][27/06/2025 17:24:40][WildStr][sshd.exe]

[Throw dll injection][27/06/2025 17:24:40][WildStr][svchost.exe]

[Throw dll injection][27/06/2025 17:24:40][WildStr][svchost.exe]

[Throw dll injection][27/06/2025 17:24:40][WildStr][svchost.exe]

[Throw dll injection][27/06/2025 17:24:40][WildStr][svchost.exe]

[Throw dll injection][27/06/2025 17:24:40][WildStr][svchost.exe]

[Throw dll injection][27/06/2025 17:24:40][WildStr][svchost.exe]

[Throw dll injection][27/06/2025 17:24:40][WildStr][svchost.exe]

[Throw dll injection][27/06/2025 17:24:40][WildStr][svchost.exe]

[Throw dll injection][27/06/2025 17:24:40][WildStr][svchost.exe]

[Throw dll injection][27/06/2025 17:24:40][WildStr][svchost.exe]

[Throw dll injection][27/06/2025 17:24:40][WildStr][svchost.exe]

[Throw dll injection][27/06/2025 17:24:40][WildStr][svchost.exe]

[Throw dll injection][27/06/2025 17:24:40][WildStr][svchost.exe]

[Throw dll injection][27/06/2025 17:24:40][WildStr][svchost.exe]

[Throw dll injection][27/06/2025 17:24:40][WildStr][svchost.exe]

[Throw dll injection][27/06/2025 17:24:40][WildStr][svchost.exe]

[Throw dll injection][27/06/2025 17:24:40][WildStr][svchost.exe]

[Throw dll injection][27/06/2025 17:24:40][WildStr][svchost.exe]

[Throw dll injection][27/06/2025 17:24:40][WildStr][MpDefenderCoreService.exe]

[Throw dll injection][27/06/2025 17:24:40][WildStr][MpDefenderCoreService.exe]

[Throw dll injection][27/06/2025 17:24:40][WildStr][MsMpEng.exe]

[Throw dll injection][27/06/2025 17:24:40][WildStr][SearchIndexer.exe]

[Throw dll injection][27/06/2025 17:24:40][WildStr][SearchIndexer.exe]

[Throw dll injection][27/06/2025 17:24:40][WildStr][AggregatorHost.exe]

[Throw dll injection][27/06/2025 17:24:40][WildStr][AggregatorHost.exe]

[Throw dll injection][27/06/2025 17:24:40][WildStr][dllhost.exe]

[Throw dll injection][27/06/2025 17:24:40][WildStr][dllhost.exe]

[Throw dll injection][27/06/2025 17:24:40][WildStr][svchost.exe]

[Throw dll injection][27/06/2025 17:24:40][WildStr][NisSrv.exe]

[Throw dll injection][27/06/2025 17:24:40][WildStr][NisSrv.exe]

[Throw dll injection][27/06/2025 17:24:40][WildStr][sihost.exe]

[Throw dll injection][27/06/2025 17:24:40][WildStr][sihost.exe]

[Throw dll injection][27/06/2025 17:24:40][WildStr][svchost.exe]

[Throw dll injection][27/06/2025 17:24:40][WildStr][svchost.exe]

[Throw dll injection][27/06/2025 17:24:40][WildStr][svchost.exe]

[Throw dll injection][27/06/2025 17:24:40][WildStr][svchost.exe]

[Throw dll injection][27/06/2025 17:24:40][WildStr][taskhostw.exe]

[Throw dll injection][27/06/2025 17:24:40][WildStr][taskhostw.exe]

[Throw dll injection][27/06/2025 17:24:40][WildStr][MicrosoftEdgeUpdate.exe]

[Throw dll injection][27/06/2025 17:24:40][WildStr][MicrosoftEdgeUpdate.exe]

[Throw dll injection][27/06/2025 17:24:40][WildStr][svchost.exe]

[Throw dll injection][27/06/2025 17:24:40][WildStr][svchost.exe]

[Throw dll injection][27/06/2025 17:24:40][WildStr][ctfmon.exe]

[Throw dll injection][27/06/2025 17:24:40][WildStr][ctfmon.exe]

[Throw dll injection][27/06/2025 17:24:40][WildStr][svchost.exe]

[Throw dll injection][27/06/2025 17:24:40][WildStr][svchost.exe]

[Throw dll injection][27/06/2025 17:24:40][WildStr][svchost.exe]

[Throw dll injection][27/06/2025 17:24:40][WildStr][svchost.exe]

[Throw dll injection][27/06/2025 17:24:40][WildStr][explorer.exe]

[Throw dll injection][27/06/2025 17:24:40][WildStr][explorer.exe]

[Throw dll injection][27/06/2025 17:24:40][WildStr][svchost.exe]

[Throw dll injection][27/06/2025 17:24:40][WildStr][svchost.exe]

[Throw dll injection][27/06/2025 17:24:40][WildStr][StartMenuExperienceHost.exe]

[Throw dll injection][27/06/2025 17:24:40][WildStr][StartMenuExperienceHost.exe]

[Throw dll injection][27/06/2025 17:24:40][WildStr][RuntimeBroker.exe]

[Throw dll injection][27/06/2025 17:24:40][WildStr][RuntimeBroker.exe]

[Throw dll injection][27/06/2025 17:24:40][WildStr][SearchApp.exe]

[Throw dll injection][27/06/2025 17:24:40][WildStr][svchost.exe]

[Throw dll injection][27/06/2025 17:24:40][WildStr][svchost.exe]

[Throw dll injection][27/06/2025 17:24:40][WildStr][RuntimeBroker.exe]

[Throw dll injection][27/06/2025 17:24:40][WildStr][RuntimeBroker.exe]

[Throw dll injection][27/06/2025 17:24:40][WildStr][RuntimeBroker.exe]

[Throw dll injection][27/06/2025 17:24:40][WildStr][RuntimeBroker.exe]

[Throw dll injection][27/06/2025 17:24:40][WildStr][svchost.exe]

[Throw dll injection][27/06/2025 17:24:40][WildStr][svchost.exe]

[Throw dll injection][27/06/2025 17:24:40][WildStr][SecurityHealthSystray.exe]

[Throw dll injection][27/06/2025 17:24:40][WildStr][SecurityHealthSystray.exe]

[Throw dll injection][27/06/2025 17:24:40][WildStr][SecurityHealthService.exe]

[Throw dll injection][27/06/2025 17:24:40][WildStr][VBoxTray.exe]

[Throw dll injection][27/06/2025 17:24:40][WildStr][VBoxTray.exe]

[Throw dll injection][27/06/2025 17:24:40][WildStr][OneDrive.exe]

[Throw dll injection][27/06/2025 17:24:40][WildStr][OneDrive.exe]

[Throw dll injection][27/06/2025 17:24:40][WildStr][svchost.exe]

[Throw dll injection][27/06/2025 17:24:40][WildStr][svchost.exe]

[Throw dll injection][27/06/2025 17:24:40][WildStr][svchost.exe]

[Throw dll injection][27/06/2025 17:24:40][WildStr][svchost.exe]

[Throw dll injection][27/06/2025 17:24:40][WildStr][svchost.exe]

[Throw dll injection][27/06/2025 17:24:40][WildStr][svchost.exe]

[Throw dll injection][27/06/2025 17:24:40][WildStr][svchost.exe]

[Throw dll injection][27/06/2025 17:24:40][WildStr][svchost.exe]

[Throw dll injection][27/06/2025 17:24:40][WildStr][svchost.exe]

[Throw dll injection][27/06/2025 17:24:40][WildStr][svchost.exe]

[Throw dll injection][27/06/2025 17:24:40][WildStr][svchost.exe]

[Throw dll injection][27/06/2025 17:24:40][WildStr][TextInputHost.exe]

[Throw dll injection][27/06/2025 17:24:40][WildStr][svchost.exe]

[Throw dll injection][27/06/2025 17:24:40][WildStr][ApplicationFrameHost.exe]

[Throw dll injection][27/06/2025 17:24:40][WildStr][TextInputHost.exe]

[Throw dll injection][27/06/2025 17:24:40][WildStr][SystemSettings.exe]

[Throw dll injection][27/06/2025 17:24:40][WildStr][ApplicationFrameHost.exe]

[Throw dll injection][27/06/2025 17:24:40][WildStr][UserOOBEBroker.exe]

[Throw dll injection][27/06/2025 17:24:40][WildStr][SystemSettings.exe]

[Throw dll injection][27/06/2025 17:24:40][WildStr][SearchApp.exe]

[Throw dll injection][27/06/2025 17:24:40][WildStr][UserOOBEBroker.exe]

[Throw dll injection][27/06/2025 17:24:40][WildStr][msedgewebview2.exe]

[Throw dll injection][27/06/2025 17:24:40][WildStr][SearchApp.exe]

[Throw dll injection][27/06/2025 17:24:40][WildStr][msedgewebview2.exe]

[Throw dll injection][27/06/2025 17:24:40][WildStr][msedgewebview2.exe]

[Throw dll injection][27/06/2025 17:24:40][WildStr][msedgewebview2.exe]

[Throw dll injection][27/06/2025 17:24:40][WildStr][msedgewebview2.exe]

[Throw dll injection][27/06/2025 17:24:40][WildStr][msedgewebview2.exe]

[Throw dll injection][27/06/2025 17:24:40][WildStr][msedgewebview2.exe]

[Throw dll injection][27/06/2025 17:24:40][WildStr][msedgewebview2.exe]

[Throw dll injection][27/06/2025 17:24:40][WildStr][msedgewebview2.exe]

[Throw dll injection][27/06/2025 17:24:40][WildStr][msedgewebview2.exe]

[Throw dll injection][27/06/2025 17:24:40][WildStr][FileCoAuth.exe]

[Throw dll injection][27/06/2025 17:24:40][WildStr][msedgewebview2.exe]

[Throw dll injection][27/06/2025 17:24:40][WildStr][svchost.exe]

[Throw dll injection][27/06/2025 17:24:40][WildStr][FileCoAuth.exe]

[Throw dll injection][27/06/2025 17:24:40][WildStr][msedge.exe]

[Throw dll injection][27/06/2025 17:24:40][WildStr][svchost.exe]

[Throw dll injection][27/06/2025 17:24:40][WildStr][msedge.exe]

[Throw dll injection][27/06/2025 17:24:40][WildStr][msedge.exe]

[Throw dll injection][27/06/2025 17:24:40][WildStr][msedge.exe]

[Throw dll injection][27/06/2025 17:24:40][WildStr][msedge.exe]

[Throw dll injection][27/06/2025 17:24:40][WildStr][msedge.exe]

[Throw dll injection][27/06/2025 17:24:40][WildStr][msedge.exe]

[Throw dll injection][27/06/2025 17:24:40][WildStr][msedge.exe]

[Throw dll injection][27/06/2025 17:24:40][WildStr][msedge.exe]

[Throw dll injection][27/06/2025 17:24:40][WildStr][svchost.exe]

[Throw dll injection][27/06/2025 17:24:40][WildStr][msedge.exe]

[Throw dll injection][27/06/2025 17:24:40][WildStr][svchost.exe]

[Throw dll injection][27/06/2025 17:24:40][WildStr][svchost.exe]

[Throw dll injection][27/06/2025 17:24:40][WildStr][svchost.exe]

[Throw dll injection][27/06/2025 17:24:40][WildStr][svchost.exe]

[Throw dll injection][27/06/2025 17:24:40][WildStr][dllhost.exe]

[Throw dll injection][27/06/2025 17:24:40][WildStr][svchost.exe]

[Throw dll injection][27/06/2025 17:24:40][WildStr][ShellExperienceHost.exe]

[Throw dll injection][27/06/2025 17:24:40][WildStr][dllhost.exe]

[Throw dll injection][27/06/2025 17:24:40][WildStr][RuntimeBroker.exe]

[Throw dll injection][27/06/2025 17:24:40][WildStr][ShellExperienceHost.exe]

[Throw dll injection][27/06/2025 17:24:40][WildStr][powershell.exe]

[Throw dll injection][27/06/2025 17:24:40][WildStr][RuntimeBroker.exe]

[Throw dll injection][27/06/2025 17:24:40][WildStr][conhost.exe]

[Throw dll injection][27/06/2025 17:24:40][WildStr][powershell.exe]

[Throw dll injection][27/06/2025 17:24:40][WildStr][cmd.exe]

[Throw dll injection][27/06/2025 17:24:40][WildStr][conhost.exe]

[Throw dll injection][27/06/2025 17:24:40][WildStr][conhost.exe]

[Throw dll injection][27/06/2025 17:24:40][WildStr][cmd.exe]

[Throw dll injection][27/06/2025 17:24:40][WildStr][powershell.exe]

[Throw dll injection][27/06/2025 17:24:40][WildStr][conhost.exe]

[Throw dll injection][27/06/2025 17:24:40][WildStr][Code.exe]

[Throw dll injection][27/06/2025 17:24:40][WildStr][powershell.exe]

[Throw dll injection][27/06/2025 17:24:40][WildStr][Code.exe]

[Throw dll injection][27/06/2025 17:24:40][WildStr][Code.exe]

[Throw dll injection][27/06/2025 17:24:40][WildStr][Code.exe]

[Throw dll injection][27/06/2025 17:24:40][WildStr][Code.exe]

[Throw dll injection][27/06/2025 17:24:40][WildStr][Code.exe]

[Throw dll injection][27/06/2025 17:24:40][WildStr][Code.exe]

[Throw dll injection][27/06/2025 17:24:40][WildStr][Code.exe]

[Throw dll injection][27/06/2025 17:24:40][WildStr][Code.exe]

[Throw dll injection][27/06/2025 17:24:40][WildStr][Code.exe]

[Throw dll injection][27/06/2025 17:24:40][WildStr][Code.exe]

[Throw dll injection][27/06/2025 17:24:40][WildStr][Code.exe]

[Throw dll injection][27/06/2025 17:24:40][WildStr][Code.exe]

[Throw dll injection][27/06/2025 17:24:40][WildStr][Code.exe]

[Throw dll injection][27/06/2025 17:24:40][WildStr][cpptools.exe]

[Throw dll injection][27/06/2025 17:24:40][WildStr][Code.exe]

[Throw dll injection][27/06/2025 17:24:40][WildStr][conhost.exe]

[Throw dll injection][27/06/2025 17:24:40][WildStr][cpptools.exe]

[Throw dll injection][27/06/2025 17:24:40][WildStr][Code.exe]

[Throw dll injection][27/06/2025 17:24:40][WildStr][conhost.exe]

[Throw dll injection][27/06/2025 17:24:40][WildStr][cpptools.exe]

[Throw dll injection][27/06/2025 17:24:40][WildStr][Code.exe]

[Throw dll injection][27/06/2025 17:24:40][WildStr][cpptools-srv.exe]

[Throw dll injection][27/06/2025 17:24:40][WildStr][cpptools.exe]

[Throw dll injection][27/06/2025 17:24:40][WildStr][conhost.exe]

[Throw dll injection][27/06/2025 17:24:40][WildStr][cpptools-srv.exe]

[Throw dll injection][27/06/2025 17:24:40][WildStr][svchost.exe]

[Throw dll injection][27/06/2025 17:24:40][WildStr][conhost.exe]

[Throw dll injection][27/06/2025 17:24:40][WildStr][svchost.exe]

[Throw dll injection][27/06/2025 17:24:40][WildStr][svchost.exe]

[Throw dll injection][27/06/2025 17:24:40][WildStr][Code.exe]

[Throw dll injection][27/06/2025 17:24:40][WildStr][svchost.exe]

[Throw dll injection][27/06/2025 17:24:40][WildStr][conhost.exe]

[Throw dll injection][27/06/2025 17:24:40][WildStr][Code.exe]

[Throw dll injection][27/06/2025 17:24:40][WildStr][powershell.exe]

[Throw dll injection][27/06/2025 17:24:40][WildStr][conhost.exe]

[Throw dll injection][27/06/2025 17:24:40][WildStr][vctip.exe]

[Throw dll injection][27/06/2025 17:24:40][WildStr][powershell.exe]

[Throw dll injection][27/06/2025 17:24:40][WildStr][cpptools-srv.exe]

[Throw dll injection][27/06/2025 17:24:40][WildStr][vctip.exe]

[Throw dll injection][27/06/2025 17:24:40][WildStr][conhost.exe]

[Throw dll injection][27/06/2025 17:24:40][WildStr][cpptools-srv.exe]

[Throw dll injection][27/06/2025 17:24:40][WildStr][svchost.exe]

[Throw dll injection][27/06/2025 17:24:40][WildStr][conhost.exe]

[Throw dll injection][27/06/2025 17:24:40][WildStr][smartscreen.exe]

[Throw dll injection][27/06/2025 17:24:40][WildStr][svchost.exe]

[Throw dll injection][27/06/2025 17:24:40][WildStr][Taskmgr.exe]

[Throw dll injection][27/06/2025 17:24:40][WildStr][smartscreen.exe]

[Throw dll injection][27/06/2025 17:24:40][WildStr][conhost.exe]

[Throw dll injection][27/06/2025 17:24:40][WildStr][Taskmgr.exe]

[Throw dll injection][27/06/2025 17:24:40][WildStr][powershell.exe]

[Throw dll injection][27/06/2025 17:24:40][WildStr][conhost.exe]

[Throw dll injection][27/06/2025 17:24:40][WildStr][powershell.exe]

[Throw dll injection][27/06/2025 17:24:41][WildStr][System]

[Throw dll injection][27/06/2025 17:24:41][WildStr][System]

[Throw dll injection][27/06/2025 17:24:41][WildStr][Registry]

[Throw dll injection][27/06/2025 17:24:41][WildStr][Registry]

[Throw dll injection][27/06/2025 17:24:41][WildStr][smss.exe]

[Throw dll injection][27/06/2025 17:24:41][WildStr][smss.exe]

[Throw dll injection][27/06/2025 17:24:41][WildStr][csrss.exe]

[Throw dll injection][27/06/2025 17:24:41][WildStr][csrss.exe]

[Throw dll injection][27/06/2025 17:24:41][WildStr][wininit.exe]

[Throw dll injection][27/06/2025 17:24:41][WildStr][wininit.exe]

[Throw dll injection][27/06/2025 17:24:41][WildStr][csrss.exe]

[Throw dll injection][27/06/2025 17:24:41][WildStr][csrss.exe]

[Throw dll injection][27/06/2025 17:24:41][WildStr][winlogon.exe]

[Throw dll injection][27/06/2025 17:24:41][WildStr][winlogon.exe]

[Throw dll injection][27/06/2025 17:24:41][WildStr][services.exe]

[Throw dll injection][27/06/2025 17:24:41][WildStr][services.exe]

[Throw dll injection][27/06/2025 17:24:41][WildStr][lsass.exe]

[Throw dll injection][27/06/2025 17:24:41][WildStr][lsass.exe]

[Throw dll injection][27/06/2025 17:24:41][WildStr][svchost.exe]

[Throw dll injection][27/06/2025 17:24:41][WildStr][svchost.exe]

[Throw dll injection][27/06/2025 17:24:41][WildStr][fontdrvhost.exe]

[Throw dll injection][27/06/2025 17:24:41][WildStr][fontdrvhost.exe]

[Throw dll injection][27/06/2025 17:24:41][WildStr][fontdrvhost.exe]

[Throw dll injection][27/06/2025 17:24:41][WildStr][fontdrvhost.exe]

[Throw dll injection][27/06/2025 17:24:41][WildStr][svchost.exe]

[Throw dll injection][27/06/2025 17:24:41][WildStr][svchost.exe]

[Throw dll injection][27/06/2025 17:24:41][WildStr][svchost.exe]

[Throw dll injection][27/06/2025 17:24:41][WildStr][svchost.exe]

[Throw dll injection][27/06/2025 17:24:41][WildStr][dwm.exe]

[Throw dll injection][27/06/2025 17:24:41][WildStr][dwm.exe]

[Throw dll injection][27/06/2025 17:24:41][WildStr][svchost.exe]

[Throw dll injection][27/06/2025 17:24:41][WildStr][svchost.exe]

[Throw dll injection][27/06/2025 17:24:41][WildStr][svchost.exe]

[Throw dll injection][27/06/2025 17:24:41][WildStr][svchost.exe]

[Throw dll injection][27/06/2025 17:24:41][WildStr][svchost.exe]

[Throw dll injection][27/06/2025 17:24:41][WildStr][svchost.exe]

[Throw dll injection][27/06/2025 17:24:41][WildStr][svchost.exe]

[Throw dll injection][27/06/2025 17:24:41][WildStr][svchost.exe]

[Throw dll injection][27/06/2025 17:24:41][WildStr][svchost.exe]

[Throw dll injection][27/06/2025 17:24:41][WildStr][svchost.exe]

[Throw dll injection][27/06/2025 17:24:41][WildStr][svchost.exe]

[Throw dll injection][27/06/2025 17:24:41][WildStr][svchost.exe]

[Throw dll injection][27/06/2025 17:24:41][WildStr][svchost.exe]

[Throw dll injection][27/06/2025 17:24:41][WildStr][svchost.exe]

[Throw dll injection][27/06/2025 17:24:41][WildStr][svchost.exe]

[Throw dll injection][27/06/2025 17:24:41][WildStr][svchost.exe]

[Throw dll injection][27/06/2025 17:24:41][WildStr][svchost.exe]

[Throw dll injection][27/06/2025 17:24:41][WildStr][svchost.exe]

[Throw dll injection][27/06/2025 17:24:41][WildStr][svchost.exe]

[Throw dll injection][27/06/2025 17:24:41][WildStr][svchost.exe]

[Throw dll injection][27/06/2025 17:24:41][WildStr][svchost.exe]

[Throw dll injection][27/06/2025 17:24:41][WildStr][svchost.exe]

[Throw dll injection][27/06/2025 17:24:41][WildStr][svchost.exe]

[Throw dll injection][27/06/2025 17:24:41][WildStr][svchost.exe]

[Throw dll injection][27/06/2025 17:24:41][WildStr][VBoxService.exe]

[Throw dll injection][27/06/2025 17:24:41][WildStr][svchost.exe]

[Throw dll injection][27/06/2025 17:24:41][WildStr][svchost.exe]

[Throw dll injection][27/06/2025 17:24:41][WildStr][VBoxService.exe]

[Throw dll injection][27/06/2025 17:24:41][WildStr][svchost.exe]

[Throw dll injection][27/06/2025 17:24:41][WildStr][svchost.exe]

[Throw dll injection][27/06/2025 17:24:41][WildStr][svchost.exe]

[Throw dll injection][27/06/2025 17:24:41][WildStr][svchost.exe]

[Throw dll injection][27/06/2025 17:24:41][WildStr][svchost.exe]

[Throw dll injection][27/06/2025 17:24:41][WildStr][svchost.exe]

[Throw dll injection][27/06/2025 17:24:41][WildStr][svchost.exe]

[Throw dll injection][27/06/2025 17:24:41][WildStr][svchost.exe]

[Throw dll injection][27/06/2025 17:24:41][WildStr][svchost.exe]

[Throw dll injection][27/06/2025 17:24:41][WildStr][Memory Compression]

[Throw dll injection][27/06/2025 17:24:41][WildStr][svchost.exe]

[Throw dll injection][27/06/2025 17:24:41][WildStr][svchost.exe]

[Throw dll injection][27/06/2025 17:24:41][WildStr][Memory Compression]

[Throw dll injection][27/06/2025 17:24:41][WildStr][svchost.exe]

[Throw dll injection][27/06/2025 17:24:41][WildStr][svchost.exe]

[Throw dll injection][27/06/2025 17:24:41][WildStr][svchost.exe]

[Throw dll injection][27/06/2025 17:24:41][WildStr][svchost.exe]

[Throw dll injection][27/06/2025 17:24:41][WildStr][svchost.exe]

[Throw dll injection][27/06/2025 17:24:41][WildStr][svchost.exe]

[Throw dll injection][27/06/2025 17:24:41][WildStr][svchost.exe]

[Throw dll injection][27/06/2025 17:24:41][WildStr][svchost.exe]

[Throw dll injection][27/06/2025 17:24:41][WildStr][svchost.exe]

[Throw dll injection][27/06/2025 17:24:41][WildStr][svchost.exe]

[Throw dll injection][27/06/2025 17:24:41][WildStr][svchost.exe]

[Throw dll injection][27/06/2025 17:24:41][WildStr][svchost.exe]

[Throw dll injection][27/06/2025 17:24:41][WildStr][svchost.exe]

[Throw dll injection][27/06/2025 17:24:41][WildStr][svchost.exe]

[Throw dll injection][27/06/2025 17:24:41][WildStr][spoolsv.exe]

[Throw dll injection][27/06/2025 17:24:41][WildStr][svchost.exe]

[Throw dll injection][27/06/2025 17:24:41][WildStr][svchost.exe]

[Throw dll injection][27/06/2025 17:24:41][WildStr][spoolsv.exe]

[Throw dll injection][27/06/2025 17:24:41][WildStr][svchost.exe]

[Throw dll injection][27/06/2025 17:24:41][WildStr][svchost.exe]

[Throw dll injection][27/06/2025 17:24:41][WildStr][svchost.exe]

[Throw dll injection][27/06/2025 17:24:41][WildStr][svchost.exe]

[Throw dll injection][27/06/2025 17:24:41][WildStr][svchost.exe]

[Throw dll injection][27/06/2025 17:24:41][WildStr][svchost.exe]

[Throw dll injection][27/06/2025 17:24:41][WildStr][ssh-agent.exe]

[Throw dll injection][27/06/2025 17:24:41][WildStr][svchost.exe]

[Throw dll injection][27/06/2025 17:24:41][WildStr][sshd.exe]

[Throw dll injection][27/06/2025 17:24:41][WildStr][ssh-agent.exe]

[Throw dll injection][27/06/2025 17:24:41][WildStr][sshd.exe]

[Throw dll injection][27/06/2025 17:24:41][WildStr][svchost.exe]

[Throw dll injection][27/06/2025 17:24:41][WildStr][svchost.exe]

[Throw dll injection][27/06/2025 17:24:41][WildStr][svchost.exe]

[Throw dll injection][27/06/2025 17:24:41][WildStr][svchost.exe]

[Throw dll injection][27/06/2025 17:24:41][WildStr][svchost.exe]

[Throw dll injection][27/06/2025 17:24:41][WildStr][svchost.exe]

[Throw dll injection][27/06/2025 17:24:41][WildStr][svchost.exe]

[Throw dll injection][27/06/2025 17:24:41][WildStr][svchost.exe]

[Throw dll injection][27/06/2025 17:24:41][WildStr][svchost.exe]

[Throw dll injection][27/06/2025 17:24:41][WildStr][svchost.exe]

[Throw dll injection][27/06/2025 17:24:41][WildStr][svchost.exe]

[Throw dll injection][27/06/2025 17:24:41][WildStr][svchost.exe]

[Throw dll injection][27/06/2025 17:24:41][WildStr][svchost.exe]

[Throw dll injection][27/06/2025 17:24:41][WildStr][svchost.exe]

[Throw dll injection][27/06/2025 17:24:41][WildStr][MpDefenderCoreService.exe]

[Throw dll injection][27/06/2025 17:24:41][WildStr][MsMpEng.exe]

[Throw dll injection][27/06/2025 17:24:41][WildStr][svchost.exe]

[Throw dll injection][27/06/2025 17:24:41][WildStr][SearchIndexer.exe]

[Throw dll injection][27/06/2025 17:24:41][WildStr][svchost.exe]

[Throw dll injection][27/06/2025 17:24:41][WildStr][AggregatorHost.exe]

[Throw dll injection][27/06/2025 17:24:41][WildStr][svchost.exe]

[Throw dll injection][27/06/2025 17:24:41][WildStr][dllhost.exe]

[Throw dll injection][27/06/2025 17:24:41][WildStr][MpDefenderCoreService.exe]

[Throw dll injection][27/06/2025 17:24:41][WildStr][svchost.exe]

[Throw dll injection][27/06/2025 17:24:41][WildStr][MsMpEng.exe]

[Throw dll injection][27/06/2025 17:24:41][WildStr][NisSrv.exe]

[Throw dll injection][27/06/2025 17:24:41][WildStr][SearchIndexer.exe]

[Throw dll injection][27/06/2025 17:24:41][WildStr][sihost.exe]

[Throw dll injection][27/06/2025 17:24:41][WildStr][AggregatorHost.exe]

[Throw dll injection][27/06/2025 17:24:41][WildStr][svchost.exe]

[Throw dll injection][27/06/2025 17:24:41][WildStr][dllhost.exe]

[Throw dll injection][27/06/2025 17:24:41][WildStr][svchost.exe]

[Throw dll injection][27/06/2025 17:24:41][WildStr][taskhostw.exe]

[Throw dll injection][27/06/2025 17:24:41][WildStr][NisSrv.exe]

[Throw dll injection][27/06/2025 17:24:41][WildStr][sihost.exe]
Update.exe]

[Throw dll injection][27/06/2025 17:24:41][WildStr][svchost.exe]

[Throw dll injection][27/06/2025 17:24:41][WildStr][svchost.exe]

[Throw dll injection][27/06/2025 17:24:41][WildStr][ctfmon.exe]

[Throw dll injection][27/06/2025 17:24:41][WildStr][svchost.exe]

[Throw dll injection][27/06/2025 17:24:41][WildStr][svchost.exe]

[Throw dll injection][27/06/2025 17:24:41][WildStr][taskhostw.exe]

[Throw dll injection][27/06/2025 17:24:41][WildStr][svchost.exe]

[Throw dll injection][27/06/2025 17:24:41][WildStr][MicrosoftEdgeUpdate.exe]

[Throw dll injection][27/06/2025 17:24:41][WildStr][explorer.exe]

[Throw dll injection][27/06/2025 17:24:41][WildStr][svchost.exe]

[Throw dll injection][27/06/2025 17:24:41][WildStr][svchost.exe]

[Throw dll injection][27/06/2025 17:24:41][WildStr][StartMenuExperienceHost.exe]

[Throw dll injection][27/06/2025 17:24:41][WildStr][ctfmon.exe]

[Throw dll injection][27/06/2025 17:24:41][WildStr][RuntimeBroker.exe]

[Throw dll injection][27/06/2025 17:24:41][WildStr][svchost.exe]

[Throw dll injection][27/06/2025 17:24:41][WildStr][SearchApp.exe]

[Throw dll injection][27/06/2025 17:24:41][WildStr][svchost.exe]

[Throw dll injection][27/06/2025 17:24:41][WildStr][svchost.exe]

[Throw dll injection][27/06/2025 17:24:41][WildStr][explorer.exe]

[Throw dll injection][27/06/2025 17:24:41][WildStr][RuntimeBroker.exe]

[Throw dll injection][27/06/2025 17:24:41][WildStr][svchost.exe]

[Throw dll injection][27/06/2025 17:24:41][WildStr][RuntimeBroker.exe]

[Throw dll injection][27/06/2025 17:24:41][WildStr][StartMenuExperienceHost.exe]

[Throw dll injection][27/06/2025 17:24:41][WildStr][svchost.exe]

[Throw dll injection][27/06/2025 17:24:41][WildStr][RuntimeBroker.exe]

[Throw dll injection][27/06/2025 17:24:41][WildStr][SecurityHealthSystray.exe]

[Throw dll injection][27/06/2025 17:24:41][WildStr][SearchApp.exe]

[Throw dll injection][27/06/2025 17:24:41][WildStr][SecurityHealthService.exe]

[Throw dll injection][27/06/2025 17:24:41][WildStr][svchost.exe]

[Throw dll injection][27/06/2025 17:24:41][WildStr][VBoxTray.exe]

[Throw dll injection][27/06/2025 17:24:41][WildStr][RuntimeBroker.exe]

[Throw dll injection][27/06/2025 17:24:41][WildStr][OneDrive.exe]

[Throw dll injection][27/06/2025 17:24:41][WildStr][RuntimeBroker.exe]

[Throw dll injection][27/06/2025 17:24:41][WildStr][svchost.exe]

[Throw dll injection][27/06/2025 17:24:41][WildStr][svchost.exe]

[Throw dll injection][27/06/2025 17:24:41][WildStr][svchost.exe]

[Throw dll injection][27/06/2025 17:24:41][WildStr][SecurityHealthSystray.exe]

[Throw dll injection][27/06/2025 17:24:41][WildStr][svchost.exe]

[Throw dll injection][27/06/2025 17:24:41][WildStr][SecurityHealthService.exe]

[Throw dll injection][27/06/2025 17:24:41][WildStr][svchost.exe]

[Throw dll injection][27/06/2025 17:24:41][WildStr][VBoxTray.exe]

[Throw dll injection][27/06/2025 17:24:41][WildStr][svchost.exe]

[Throw dll injection][27/06/2025 17:24:41][WildStr][OneDrive.exe]

[Throw dll injection][27/06/2025 17:24:41][WildStr][svchost.exe]

[Throw dll injection][27/06/2025 17:24:41][WildStr][TextInputHost.exe]

[Throw dll injection][27/06/2025 17:24:41][WildStr][svchost.exe]

[Throw dll injection][27/06/2025 17:24:41][WildStr][ApplicationFrameHost.exe]

[Throw dll injection][27/06/2025 17:24:41][WildStr][svchost.exe]

[Throw dll injection][27/06/2025 17:24:41][WildStr][SystemSettings.exe]

[Throw dll injection][27/06/2025 17:24:41][WildStr][svchost.exe]

[Throw dll injection][27/06/2025 17:24:41][WildStr][UserOOBEBroker.exe]

[Throw dll injection][27/06/2025 17:24:41][WildStr][svchost.exe]

[Throw dll injection][27/06/2025 17:24:41][WildStr][SearchApp.exe]

[Throw dll injection][27/06/2025 17:24:41][WildStr][svchost.exe]

[Throw dll injection][27/06/2025 17:24:41][WildStr][msedgewebview2.exe]

[Throw dll injection][27/06/2025 17:24:41][WildStr][msedgewebview2.exe]

[Throw dll injection][27/06/2025 17:24:41][WildStr][ApplicationFrameHost.exe]

[Throw dll injection][27/06/2025 17:24:41][WildStr][msedgewebview2.exe]

[Throw dll injection][27/06/2025 17:24:41][WildStr][SystemSettings.exe]

[Throw dll injection][27/06/2025 17:24:41][WildStr][msedgewebview2.exe]

[Throw dll injection][27/06/2025 17:24:41][WildStr][UserOOBEBroker.exe]

[Throw dll injection][27/06/2025 17:24:41][WildStr][msedgewebview2.exe]

[Throw dll injection][27/06/2025 17:24:41][WildStr][SearchApp.exe]

[Throw dll injection][27/06/2025 17:24:41][WildStr][msedgewebview2.exe]

[Throw dll injection][27/06/2025 17:24:41][WildStr][msedgewebview2.exe]

[Throw dll injection][27/06/2025 17:24:41][WildStr][FileCoAuth.exe]

[Throw dll injection][27/06/2025 17:24:41][WildStr][msedgewebview2.exe]

[Throw dll injection][27/06/2025 17:24:41][WildStr][svchost.exe]

[Throw dll injection][27/06/2025 17:24:41][WildStr][msedgewebview2.exe]

[Throw dll injection][27/06/2025 17:24:41][WildStr][msedge.exe]

[Throw dll injection][27/06/2025 17:24:41][WildStr][msedgewebview2.exe]

[Throw dll injection][27/06/2025 17:24:41][WildStr][msedge.exe]

[Throw dll injection][27/06/2025 17:24:41][WildStr][msedgewebview2.exe]

[Throw dll injection][27/06/2025 17:24:41][WildStr][msedge.exe]

[Throw dll injection][27/06/2025 17:24:41][WildStr][msedgewebview2.exe]

[Throw dll injection][27/06/2025 17:24:41][WildStr][msedge.exe]

[Throw dll injection][27/06/2025 17:24:41][WildStr][FileCoAuth.exe]

[Throw dll injection][27/06/2025 17:24:41][WildStr][msedge.exe]

[Throw dll injection][27/06/2025 17:24:41][WildStr][svchost.exe]

[Throw dll injection][27/06/2025 17:24:41][WildStr][svchost.exe]

[Throw dll injection][27/06/2025 17:24:41][WildStr][msedge.exe]

[Throw dll injection][27/06/2025 17:24:41][WildStr][svchost.exe]

[Throw dll injection][27/06/2025 17:24:41][WildStr][msedge.exe]

[Throw dll injection][27/06/2025 17:24:41][WildStr][svchost.exe]

[Throw dll injection][27/06/2025 17:24:41][WildStr][msedge.exe]

[Throw dll injection][27/06/2025 17:24:41][WildStr][dllhost.exe]

[Throw dll injection][27/06/2025 17:24:41][WildStr][msedge.exe]

[Throw dll injection][27/06/2025 17:24:41][WildStr][ShellExperienceHost.exe]

[Throw dll injection][27/06/2025 17:24:41][WildStr][msedge.exe]

[Throw dll injection][27/06/2025 17:24:41][WildStr][RuntimeBroker.exe]

[Throw dll injection][27/06/2025 17:24:41][WildStr][svchost.exe]

[Throw dll injection][27/06/2025 17:24:41][WildStr][powershell.exe]

[Throw dll injection][27/06/2025 17:24:41][WildStr][svchost.exe]

[Throw dll injection][27/06/2025 17:24:41][WildStr][conhost.exe]

[Throw dll injection][27/06/2025 17:24:41][WildStr][svchost.exe]

[Throw dll injection][27/06/2025 17:24:41][WildStr][cmd.exe]

[Throw dll injection][27/06/2025 17:24:41][WildStr][dllhost.exe]

[Throw dll injection][27/06/2025 17:24:41][WildStr][conhost.exe]

[Throw dll injection][27/06/2025 17:24:41][WildStr][ShellExperienceHost.exe]

[Throw dll injection][27/06/2025 17:24:41][WildStr][RuntimeBroker.exe]

[Throw dll injection][27/06/2025 17:24:41][WildStr][powershell.exe]

[Throw dll injection][27/06/2025 17:24:41][WildStr][Code.exe]

[Throw dll injection][27/06/2025 17:24:41][WildStr][conhost.exe]

[Throw dll injection][27/06/2025 17:24:41][WildStr][Code.exe]

[Throw dll injection][27/06/2025 17:24:41][WildStr][cmd.exe]

[Throw dll injection][27/06/2025 17:24:41][WildStr][Code.exe]

[Throw dll injection][27/06/2025 17:24:41][WildStr][conhost.exe]

[Throw dll injection][27/06/2025 17:24:41][WildStr][Code.exe]

[Throw dll injection][27/06/2025 17:24:41][WildStr][powershell.exe]

[Throw dll injection][27/06/2025 17:24:41][WildStr][Code.exe]

[Throw dll injection][27/06/2025 17:24:41][WildStr][Code.exe]

[Throw dll injection][27/06/2025 17:24:41][WildStr][Code.exe]

[Throw dll injection][27/06/2025 17:24:41][WildStr][Code.exe]

[Throw dll injection][27/06/2025 17:24:41][WildStr][Code.exe]

[Throw dll injection][27/06/2025 17:24:41][WildStr][Code.exe]

[Throw dll injection][27/06/2025 17:24:41][WildStr][cpptools.exe]

[Throw dll injection][27/06/2025 17:24:41][WildStr][Code.exe]

[Throw dll injection][27/06/2025 17:24:41][WildStr][conhost.exe]

[Throw dll injection][27/06/2025 17:24:41][WildStr][Code.exe]

[Throw dll injection][27/06/2025 17:24:41][WildStr][Code.exe]

[Throw dll injection][27/06/2025 17:24:41][WildStr][Code.exe]

[Throw dll injection][27/06/2025 17:24:41][WildStr][cpptools.exe]

[Throw dll injection][27/06/2025 17:24:41][WildStr][Code.exe]

[Throw dll injection][27/06/2025 17:24:41][WildStr][Code.exe]
v.exe]

[Throw dll injection][27/06/2025 17:24:41][WildStr][conhost.exe]

[Throw dll injection][27/06/2025 17:24:41][WildStr][cpptools.exe]

[Throw dll injection][27/06/2025 17:24:41][WildStr][svchost.exe]

[Throw dll injection][27/06/2025 17:24:41][WildStr][conhost.exe]

[Throw dll injection][27/06/2025 17:24:41][WildStr][Code.exe]

[Throw dll injection][27/06/2025 17:24:41][WildStr][svchost.exe]

[Throw dll injection][27/06/2025 17:24:41][WildStr][cpptools.exe]

[Throw dll injection][27/06/2025 17:24:41][WildStr][Code.exe]

[Throw dll injection][27/06/2025 17:24:41][WildStr][conhost.exe]
xe]

[Throw dll injection][27/06/2025 17:24:41][WildStr][conhost.exe]

[Throw dll injection][27/06/2025 17:24:41][WildStr][powershell.exe]

[Throw dll injection][27/06/2025 17:24:41][WildStr][svchost.exe]

[Throw dll injection][27/06/2025 17:24:41][WildStr][vctip.exe]

[Throw dll injection][27/06/2025 17:24:41][WildStr][svchost.exe]

[Throw dll injection][27/06/2025 17:24:41][WildStr][cpptools-srv.exe]

[Throw dll injection][27/06/2025 17:24:41][WildStr][Code.exe]

[Throw dll injection][27/06/2025 17:24:41][WildStr][conhost.exe]

[Throw dll injection][27/06/2025 17:24:41][WildStr][conhost.exe]

[Throw dll injection][27/06/2025 17:24:41][WildStr][svchost.exe]

[Throw dll injection][27/06/2025 17:24:41][WildStr][powershell.exe]

[Throw dll injection][27/06/2025 17:24:41][WildStr][smartscreen.exe]

[Throw dll injection][27/06/2025 17:24:41][WildStr][Taskmgr.exe]

[Throw dll injection][27/06/2025 17:24:41][WildStr][conhost.exe]

[Throw dll injection][27/06/2025 17:24:41][WildStr][powershell.exe]

[Throw dll injection][27/06/2025 17:24:41][WildStr][cpptools-srv.exe]

[Throw dll injection][27/06/2025 17:24:41][WildStr][conhost.exe]

[Throw dll injection][27/06/2025 17:24:41][WildStr][svchost.exe]

[Throw dll injection][27/06/2025 17:24:41][WildStr][smartscreen.exe]

[Throw dll injection][27/06/2025 17:24:41][WildStr][Taskmgr.exe]

[Throw dll injection][27/06/2025 17:24:41][WildStr][conhost.exe]

[Throw dll injection][27/06/2025 17:24:41][WildStr][powershell.exe]

[Throw dll injection][27/06/2025 17:24:42][WildStr][System]

[Throw dll injection][27/06/2025 17:24:42][WildStr][System]

[Throw dll injection][27/06/2025 17:24:42][WildStr][Registry]

[Throw dll injection][27/06/2025 17:24:42][WildStr][smss.exe]

[Throw dll injection][27/06/2025 17:24:42][WildStr][Registry]

[Throw dll injection][27/06/2025 17:24:42][WildStr][csrss.exe]

[Throw dll injection][27/06/2025 17:24:42][WildStr][csrss.exe]

[Throw dll injection][27/06/2025 17:24:42][WildStr][wininit.exe]

[Throw dll injection][27/06/2025 17:24:42][WildStr][wininit.exe]

[Throw dll injection][27/06/2025 17:24:42][WildStr][csrss.exe]

[Throw dll injection][27/06/2025 17:24:42][WildStr][csrss.exe]

[Throw dll injection][27/06/2025 17:24:42][WildStr][winlogon.exe]

[Throw dll injection][27/06/2025 17:24:42][WildStr][winlogon.exe]

[Throw dll injection][27/06/2025 17:24:42][WildStr][lsass.exe]

[Throw dll injection][27/06/2025 17:24:42][WildStr][services.exe]

[Throw dll injection][27/06/2025 17:24:42][WildStr][svchost.exe]

[Throw dll injection][27/06/2025 17:24:42][WildStr][lsass.exe]

[Throw dll injection][27/06/2025 17:24:42][WildStr][fontdrvhost.exe]

[Throw dll injection][27/06/2025 17:24:42][WildStr][svchost.exe]

[Throw dll injection][27/06/2025 17:24:42][WildStr][fontdrvhost.exe]

[Throw dll injection][27/06/2025 17:24:42][WildStr][fontdrvhost.exe]

[Throw dll injection][27/06/2025 17:24:42][WildStr][fontdrvhost.exe]

[Throw dll injection][27/06/2025 17:24:42][WildStr][svchost.exe]

[Throw dll injection][27/06/2025 17:24:42][WildStr][svchost.exe]

[Throw dll injection][27/06/2025 17:24:42][WildStr][svchost.exe]

[Throw dll injection][27/06/2025 17:24:42][WildStr][dwm.exe]

[Throw dll injection][27/06/2025 17:24:42][WildStr][svchost.exe]

[Throw dll injection][27/06/2025 17:24:42][WildStr][dwm.exe]

[Throw dll injection][27/06/2025 17:24:42][WildStr][svchost.exe]

[Throw dll injection][27/06/2025 17:24:42][WildStr][svchost.exe]

[Throw dll injection][27/06/2025 17:24:42][WildStr][svchost.exe]

[Throw dll injection][27/06/2025 17:24:42][WildStr][svchost.exe]

[Throw dll injection][27/06/2025 17:24:42][WildStr][svchost.exe]

[Throw dll injection][27/06/2025 17:24:42][WildStr][svchost.exe]

[Throw dll injection][27/06/2025 17:24:42][WildStr][svchost.exe]

[Throw dll injection][27/06/2025 17:24:42][WildStr][svchost.exe]

[Throw dll injection][27/06/2025 17:24:42][WildStr][svchost.exe]

[Throw dll injection][27/06/2025 17:24:42][WildStr][svchost.exe]

[Throw dll injection][27/06/2025 17:24:42][WildStr][svchost.exe]

[Throw dll injection][27/06/2025 17:24:42][WildStr][svchost.exe]

[Throw dll injection][27/06/2025 17:24:42][WildStr][svchost.exe]

[Throw dll injection][27/06/2025 17:24:42][WildStr][svchost.exe]

[Throw dll injection][27/06/2025 17:24:42][WildStr][svchost.exe]

[Throw dll injection][27/06/2025 17:24:42][WildStr][svchost.exe]

[Throw dll injection][27/06/2025 17:24:42][WildStr][svchost.exe]

[Throw dll injection][27/06/2025 17:24:42][WildStr][svchost.exe]

[Throw dll injection][27/06/2025 17:24:42][WildStr][svchost.exe]

[Throw dll injection][27/06/2025 17:24:42][WildStr][svchost.exe]

[Throw dll injection][27/06/2025 17:24:42][WildStr][svchost.exe]

[Throw dll injection][27/06/2025 17:24:42][WildStr][svchost.exe]

[Throw dll injection][27/06/2025 17:24:42][WildStr][svchost.exe]

[Throw dll injection][27/06/2025 17:24:42][WildStr][svchost.exe]

[Throw dll injection][27/06/2025 17:24:42][WildStr][svchost.exe]

[Throw dll injection][27/06/2025 17:24:42][WildStr][svchost.exe]

[Throw dll injection][27/06/2025 17:24:42][WildStr][VBoxService.exe]

[Throw dll injection][27/06/2025 17:24:42][WildStr][VBoxService.exe]

[Throw dll injection][27/06/2025 17:24:42][WildStr][svchost.exe]

[Throw dll injection][27/06/2025 17:24:42][WildStr][svchost.exe]

[Throw dll injection][27/06/2025 17:24:42][WildStr][svchost.exe]

[Throw dll injection][27/06/2025 17:24:42][WildStr][svchost.exe]

[Throw dll injection][27/06/2025 17:24:42][WildStr][svchost.exe]

[Throw dll injection][27/06/2025 17:24:42][WildStr][svchost.exe]

[Throw dll injection][27/06/2025 17:24:42][WildStr][svchost.exe]

[Throw dll injection][27/06/2025 17:24:42][WildStr][svchost.exe]

[Throw dll injection][27/06/2025 17:24:42][WildStr][svchost.exe]

[Throw dll injection][27/06/2025 17:24:42][WildStr][svchost.exe]

[Throw dll injection][27/06/2025 17:24:42][WildStr][svchost.exe]

[Throw dll injection][27/06/2025 17:24:42][WildStr][svchost.exe]

[Throw dll injection][27/06/2025 17:24:42][WildStr][Memory Compression]

[Throw dll injection][27/06/2025 17:24:42][WildStr][Memory Compression]

[Throw dll injection][27/06/2025 17:24:42][WildStr][svchost.exe]

[Throw dll injection][27/06/2025 17:24:42][WildStr][svchost.exe]

[Throw dll injection][27/06/2025 17:24:42][WildStr][svchost.exe]

[Throw dll injection][27/06/2025 17:24:42][WildStr][svchost.exe]

[Throw dll injection][27/06/2025 17:24:42][WildStr][svchost.exe]

[Throw dll injection][27/06/2025 17:24:42][WildStr][svchost.exe]

[Throw dll injection][27/06/2025 17:24:42][WildStr][svchost.exe]

[Throw dll injection][27/06/2025 17:24:42][WildStr][svchost.exe]

[Throw dll injection][27/06/2025 17:24:42][WildStr][svchost.exe]

[Throw dll injection][27/06/2025 17:24:42][WildStr][svchost.exe]

[Throw dll injection][27/06/2025 17:24:42][WildStr][svchost.exe]

[Throw dll injection][27/06/2025 17:24:42][WildStr][svchost.exe]

[Throw dll injection][27/06/2025 17:24:42][WildStr][svchost.exe]

[Throw dll injection][27/06/2025 17:24:42][WildStr][svchost.exe]

[Throw dll injection][27/06/2025 17:24:42][WildStr][spoolsv.exe]

[Throw dll injection][27/06/2025 17:24:42][WildStr][spoolsv.exe]

[Throw dll injection][27/06/2025 17:24:42][WildStr][svchost.exe]

[Throw dll injection][27/06/2025 17:24:42][WildStr][svchost.exe]

[Throw dll injection][27/06/2025 17:24:42][WildStr][svchost.exe]

[Throw dll injection][27/06/2025 17:24:42][WildStr][svchost.exe]

[Throw dll injection][27/06/2025 17:24:42][WildStr][svchost.exe]

[Throw dll injection][27/06/2025 17:24:42][WildStr][svchost.exe]

[Throw dll injection][27/06/2025 17:24:42][WildStr][svchost.exe]

[Throw dll injection][27/06/2025 17:24:42][WildStr][ssh-agent.exe]

[Throw dll injection][27/06/2025 17:24:42][WildStr][ssh-agent.exe]

[Throw dll injection][27/06/2025 17:24:42][WildStr][sshd.exe]

[Throw dll injection][27/06/2025 17:24:42][WildStr][sshd.exe]

[Throw dll injection][27/06/2025 17:24:42][WildStr][svchost.exe]

[Throw dll injection][27/06/2025 17:24:42][WildStr][svchost.exe]

[Throw dll injection][27/06/2025 17:24:42][WildStr][svchost.exe]

[Throw dll injection][27/06/2025 17:24:42][WildStr][svchost.exe]

[Throw dll injection][27/06/2025 17:24:42][WildStr][svchost.exe]

[Throw dll injection][27/06/2025 17:24:42][WildStr][svchost.exe]

[Throw dll injection][27/06/2025 17:24:42][WildStr][svchost.exe]

[Throw dll injection][27/06/2025 17:24:42][WildStr][svchost.exe]

[Throw dll injection][27/06/2025 17:24:42][WildStr][svchost.exe]

[Throw dll injection][27/06/2025 17:24:42][WildStr][svchost.exe]

[Throw dll injection][27/06/2025 17:24:42][WildStr][svchost.exe]

[Throw dll injection][27/06/2025 17:24:42][WildStr][svchost.exe]

[Throw dll injection][27/06/2025 17:24:42][WildStr][svchost.exe]

[Throw dll injection][27/06/2025 17:24:42][WildStr][svchost.exe]

[Throw dll injection][27/06/2025 17:24:42][WildStr][svchost.exe]

[Throw dll injection][27/06/2025 17:24:42][WildStr][svchost.exe]

[Throw dll injection][27/06/2025 17:24:42][WildStr][svchost.exe]

[Throw dll injection][27/06/2025 17:24:42][WildStr][svchost.exe]

[Throw dll injection][27/06/2025 17:24:42][WildStr][MpDefenderCoreService.exe]

[Throw dll injection][27/06/2025 17:24:42][WildStr][MpDefenderCoreService.exe]

[Throw dll injection][27/06/2025 17:24:42][WildStr][MsMpEng.exe]

[Throw dll injection][27/06/2025 17:24:42][WildStr][MsMpEng.exe]

[Throw dll injection][27/06/2025 17:24:42][WildStr][SearchIndexer.exe]

[Throw dll injection][27/06/2025 17:24:42][WildStr][SearchIndexer.exe]

[Throw dll injection][27/06/2025 17:24:42][WildStr][AggregatorHost.exe]

[Throw dll injection][27/06/2025 17:24:42][WildStr][AggregatorHost.exe]

[Throw dll injection][27/06/2025 17:24:42][WildStr][dllhost.exe]

[Throw dll injection][27/06/2025 17:24:42][WildStr][dllhost.exe]

[Throw dll injection][27/06/2025 17:24:42][WildStr][svchost.exe]

[Throw dll injection][27/06/2025 17:24:42][WildStr][svchost.exe]

[Throw dll injection][27/06/2025 17:24:42][WildStr][NisSrv.exe]

[Throw dll injection][27/06/2025 17:24:42][WildStr][NisSrv.exe]

[Throw dll injection][27/06/2025 17:24:42][WildStr][sihost.exe]

[Throw dll injection][27/06/2025 17:24:42][WildStr][sihost.exe]

[Throw dll injection][27/06/2025 17:24:42][WildStr][svchost.exe]

[Throw dll injection][27/06/2025 17:24:42][WildStr][svchost.exe]

[Throw dll injection][27/06/2025 17:24:42][WildStr][svchost.exe]

[Throw dll injection][27/06/2025 17:24:42][WildStr][svchost.exe]

[Throw dll injection][27/06/2025 17:24:42][WildStr][taskhostw.exe]

[Throw dll injection][27/06/2025 17:24:42][WildStr][taskhostw.exe]

[Throw dll injection][27/06/2025 17:24:42][WildStr][MicrosoftEdgeUpdate.exe]

[Throw dll injection][27/06/2025 17:24:42][WildStr][MicrosoftEdgeUpdate.exe]

[Throw dll injection][27/06/2025 17:24:42][WildStr][svchost.exe]

[Throw dll injection][27/06/2025 17:24:42][WildStr][svchost.exe]

[Throw dll injection][27/06/2025 17:24:42][WildStr][ctfmon.exe]

[Throw dll injection][27/06/2025 17:24:42][WildStr][svchost.exe]

[Throw dll injection][27/06/2025 17:24:42][WildStr][ctfmon.exe]

[Throw dll injection][27/06/2025 17:24:42][WildStr][svchost.exe]

[Throw dll injection][27/06/2025 17:24:42][WildStr][svchost.exe]

[Throw dll injection][27/06/2025 17:24:42][WildStr][explorer.exe]

[Throw dll injection][27/06/2025 17:24:42][WildStr][svchost.exe]

[Throw dll injection][27/06/2025 17:24:42][WildStr][svchost.exe]

[Throw dll injection][27/06/2025 17:24:42][WildStr][explorer.exe]

[Throw dll injection][27/06/2025 17:24:42][WildStr][StartMenuExperienceHost.exe]

[Throw dll injection][27/06/2025 17:24:42][WildStr][svchost.exe]

[Throw dll injection][27/06/2025 17:24:42][WildStr][RuntimeBroker.exe]

[Throw dll injection][27/06/2025 17:24:42][WildStr][StartMenuExperienceHost.exe]

[Throw dll injection][27/06/2025 17:24:42][WildStr][RuntimeBroker.exe]

[Throw dll injection][27/06/2025 17:24:42][WildStr][SearchApp.exe]

[Throw dll injection][27/06/2025 17:24:42][WildStr][RuntimeBroker.exe]

[Throw dll injection][27/06/2025 17:24:42][WildStr][svchost.exe]

[Throw dll injection][27/06/2025 17:24:42][WildStr][RuntimeBroker.exe]

[Throw dll injection][27/06/2025 17:24:42][WildStr][RuntimeBroker.exe]

[Throw dll injection][27/06/2025 17:24:42][WildStr][svchost.exe]

[Throw dll injection][27/06/2025 17:24:42][WildStr][RuntimeBroker.exe]

[Throw dll injection][27/06/2025 17:24:42][WildStr][SecurityHealthSystray.exe]

[Throw dll injection][27/06/2025 17:24:42][WildStr][svchost.exe]

[Throw dll injection][27/06/2025 17:24:42][WildStr][SecurityHealthService.exe]

[Throw dll injection][27/06/2025 17:24:42][WildStr][SecurityHealthSystray.exe]

[Throw dll injection][27/06/2025 17:24:42][WildStr][VBoxTray.exe]

[Throw dll injection][27/06/2025 17:24:42][WildStr][SecurityHealthService.exe]

[Throw dll injection][27/06/2025 17:24:42][WildStr][OneDrive.exe]

[Throw dll injection][27/06/2025 17:24:42][WildStr][svchost.exe]


[Throw dll injection][27/06/2025 17:24:42][WildStr][OneDrive.exe]

[Throw dll injection][27/06/2025 17:24:42][WildStr][svchost.exe]

[Throw dll injection][27/06/2025 17:24:42][WildStr][svchost.exe]

[Throw dll injection][27/06/2025 17:24:42][WildStr][svchost.exe]

[Throw dll injection][27/06/2025 17:24:42][WildStr][svchost.exe]

[Throw dll injection][27/06/2025 17:24:42][WildStr][svchost.exe]

[Throw dll injection][27/06/2025 17:24:42][WildStr][svchost.exe]

[Throw dll injection][27/06/2025 17:24:42][WildStr][svchost.exe]

[Throw dll injection][27/06/2025 17:24:42][WildStr][svchost.exe]

[Throw dll injection][27/06/2025 17:24:42][WildStr][svchost.exe]

[Throw dll injection][27/06/2025 17:24:42][WildStr][TextInputHost.exe]

[Throw dll injection][27/06/2025 17:24:42][WildStr][svchost.exe]

[Throw dll injection][27/06/2025 17:24:42][WildStr][ApplicationFrameHost.exe]

[Throw dll injection][27/06/2025 17:24:42][WildStr][svchost.exe]

[Throw dll injection][27/06/2025 17:24:42][WildStr][SystemSettings.exe]

[Throw dll injection][27/06/2025 17:24:42][WildStr][TextInputHost.exe]

[Throw dll injection][27/06/2025 17:24:42][WildStr][UserOOBEBroker.exe]

[Throw dll injection][27/06/2025 17:24:42][WildStr][ApplicationFrameHost.exe]

[Throw dll injection][27/06/2025 17:24:42][WildStr][SearchApp.exe]

[Throw dll injection][27/06/2025 17:24:42][WildStr][SystemSettings.exe]

[Throw dll injection][27/06/2025 17:24:42][WildStr][msedgewebview2.exe]

[Throw dll injection][27/06/2025 17:24:42][WildStr][UserOOBEBroker.exe]

[Throw dll injection][27/06/2025 17:24:42][WildStr][SearchApp.exe]
xe]

[Throw dll injection][27/06/2025 17:24:42][WildStr][msedgewebview2.exe]

[Throw dll injection][27/06/2025 17:24:42][WildStr][msedgewebview2.exe]

[Throw dll injection][27/06/2025 17:24:42][WildStr][msedgewebview2.exe]

[Throw dll injection][27/06/2025 17:24:42][WildStr][msedgewebview2.exe]

[Throw dll injection][27/06/2025 17:24:42][WildStr][msedgewebview2.exe]

[Throw dll injection][27/06/2025 17:24:42][WildStr][msedgewebview2.exe]

[Throw dll injection][27/06/2025 17:24:42][WildStr][msedgewebview2.exe]

[Throw dll injection][27/06/2025 17:24:42][WildStr][msedgewebview2.exe]

[Throw dll injection][27/06/2025 17:24:42][WildStr][FileCoAuth.exe]

[Throw dll injection][27/06/2025 17:24:42][WildStr][msedgewebview2.exe]

[Throw dll injection][27/06/2025 17:24:42][WildStr][svchost.exe]

[Throw dll injection][27/06/2025 17:24:42][WildStr][msedgewebview2.exe]

[Throw dll injection][27/06/2025 17:24:42][WildStr][msedge.exe]

[Throw dll injection][27/06/2025 17:24:42][WildStr][FileCoAuth.exe]

[Throw dll injection][27/06/2025 17:24:42][WildStr][msedge.exe]

[Throw dll injection][27/06/2025 17:24:42][WildStr][svchost.exe]

[Throw dll injection][27/06/2025 17:24:42][WildStr][msedge.exe]

[Throw dll injection][27/06/2025 17:24:42][WildStr][msedge.exe]

[Throw dll injection][27/06/2025 17:24:42][WildStr][msedge.exe]

[Throw dll injection][27/06/2025 17:24:42][WildStr][msedge.exe]

[Throw dll injection][27/06/2025 17:24:42][WildStr][msedge.exe]

[Throw dll injection][27/06/2025 17:24:42][WildStr][msedge.exe]

[Throw dll injection][27/06/2025 17:24:42][WildStr][svchost.exe]

[Throw dll injection][27/06/2025 17:24:42][WildStr][msedge.exe]

[Throw dll injection][27/06/2025 17:24:42][WildStr][svchost.exe]

[Throw dll injection][27/06/2025 17:24:42][WildStr][msedge.exe]

[Throw dll injection][27/06/2025 17:24:42][WildStr][svchost.exe]

[Throw dll injection][27/06/2025 17:24:42][WildStr][svchost.exe]

[Throw dll injection][27/06/2025 17:24:42][WildStr][dllhost.exe]

[Throw dll injection][27/06/2025 17:24:42][WildStr][svchost.exe]

[Throw dll injection][27/06/2025 17:24:42][WildStr][ShellExperienceHost.exe]

[Throw dll injection][27/06/2025 17:24:42][WildStr][svchost.exe]

[Throw dll injection][27/06/2025 17:24:42][WildStr][RuntimeBroker.exe]

[Throw dll injection][27/06/2025 17:24:42][WildStr][dllhost.exe]

[Throw dll injection][27/06/2025 17:24:42][WildStr][powershell.exe]

[Throw dll injection][27/06/2025 17:24:42][WildStr][ShellExperienceHost.exe]

[Throw dll injection][27/06/2025 17:24:42][WildStr][conhost.exe]

[Throw dll injection][27/06/2025 17:24:42][WildStr][RuntimeBroker.exe]

[Throw dll injection][27/06/2025 17:24:42][WildStr][cmd.exe]

[Throw dll injection][27/06/2025 17:24:42][WildStr][powershell.exe]

[Throw dll injection][27/06/2025 17:24:42][WildStr][conhost.exe]

[Throw dll injection][27/06/2025 17:24:42][WildStr][conhost.exe]

[Throw dll injection][27/06/2025 17:24:42][WildStr][powershell.exe]

[Throw dll injection][27/06/2025 17:24:42][WildStr][cmd.exe]

[Throw dll injection][27/06/2025 17:24:42][WildStr][Code.exe]

[Throw dll injection][27/06/2025 17:24:42][WildStr][conhost.exe]

[Throw dll injection][27/06/2025 17:24:42][WildStr][powershell.exe]

[Throw dll injection][27/06/2025 17:24:42][WildStr][Code.exe]

[Throw dll injection][27/06/2025 17:24:42][WildStr][Code.exe]

[Throw dll injection][27/06/2025 17:24:42][WildStr][Code.exe]

[Throw dll injection][27/06/2025 17:24:42][WildStr][Code.exe]

[Throw dll injection][27/06/2025 17:24:42][WildStr][Code.exe]

[Throw dll injection][27/06/2025 17:24:42][WildStr][Code.exe]

[Throw dll injection][27/06/2025 17:24:42][WildStr][Code.exe]

[Throw dll injection][27/06/2025 17:24:42][WildStr][Code.exe]

[Throw dll injection][27/06/2025 17:24:42][WildStr][Code.exe]

[Throw dll injection][27/06/2025 17:24:42][WildStr][Code.exe]

[Throw dll injection][27/06/2025 17:24:42][WildStr][Code.exe]

[Throw dll injection][27/06/2025 17:24:42][WildStr][cpptools.exe]

[Throw dll injection][27/06/2025 17:24:42][WildStr][Code.exe]

[Throw dll injection][27/06/2025 17:24:42][WildStr][conhost.exe]

[Throw dll injection][27/06/2025 17:24:42][WildStr][Code.exe]

[Throw dll injection][27/06/2025 17:24:42][WildStr][Code.exe]

[Throw dll injection][27/06/2025 17:24:42][WildStr][cpptools.exe]

[Throw dll injection][27/06/2025 17:24:42][WildStr][cpptools.exe]

[Throw dll injection][27/06/2025 17:24:42][WildStr][conhost.exe]

[Throw dll injection][27/06/2025 17:24:42][WildStr][cpptools-srv.exe]

[Throw dll injection][27/06/2025 17:24:42][WildStr][Code.exe]

[Throw dll injection][27/06/2025 17:24:42][WildStr][conhost.exe]

[Throw dll injection][27/06/2025 17:24:42][WildStr][cpptools.exe]

[Throw dll injection][27/06/2025 17:24:42][WildStr][svchost.exe]

[Throw dll injection][27/06/2025 17:24:42][WildStr][cpptools-srv.exe]

[Throw dll injection][27/06/2025 17:24:42][WildStr][svchost.exe]

[Throw dll injection][27/06/2025 17:24:42][WildStr][conhost.exe]

[Throw dll injection][27/06/2025 17:24:42][WildStr][Code.exe]

[Throw dll injection][27/06/2025 17:24:42][WildStr][svchost.exe]

[Throw dll injection][27/06/2025 17:24:42][WildStr][conhost.exe]

[Throw dll injection][27/06/2025 17:24:42][WildStr][svchost.exe]

[Throw dll injection][27/06/2025 17:24:42][WildStr][powershell.exe]

[Throw dll injection][27/06/2025 17:24:42][WildStr][Code.exe]

[Throw dll injection][27/06/2025 17:24:42][WildStr][vctip.exe]

[Throw dll injection][27/06/2025 17:24:42][WildStr][conhost.exe]

[Throw dll injection][27/06/2025 17:24:42][WildStr][cpptools-srv.exe]

[Throw dll injection][27/06/2025 17:24:42][WildStr][powershell.exe]

[Throw dll injection][27/06/2025 17:24:42][WildStr][conhost.exe]

[Throw dll injection][27/06/2025 17:24:42][WildStr][vctip.exe]

[Throw dll injection][27/06/2025 17:24:42][WildStr][svchost.exe]

[Throw dll injection][27/06/2025 17:24:42][WildStr][cpptools-srv.exe]

[Throw dll injection][27/06/2025 17:24:42][WildStr][smartscreen.exe]

[Throw dll injection][27/06/2025 17:24:42][WildStr][conhost.exe]

[Throw dll injection][27/06/2025 17:24:42][WildStr][svchost.exe]

[Throw dll injection][27/06/2025 17:24:42][WildStr][Taskmgr.exe]

[Throw dll injection][27/06/2025 17:24:42][WildStr][conhost.exe]

[Throw dll injection][27/06/2025 17:24:42][WildStr][smartscreen.exe]

[Throw dll injection][27/06/2025 17:24:42][WildStr][powershell.exe]

[Throw dll injection][27/06/2025 17:24:42][WildStr][Taskmgr.exe]

[Throw dll injection][27/06/2025 17:24:42][WildStr][conhost.exe]

[Throw dll injection][27/06/2025 17:24:42][WildStr][powershell.exe]

[Throw dll injection][27/06/2025 17:24:43][WildStr][System]

[Throw dll injection][27/06/2025 17:24:43][WildStr][Registry]

[Throw dll injection][27/06/2025 17:24:43][WildStr][Registry]

[Throw dll injection][27/06/2025 17:24:43][WildStr][smss.exe]

[Throw dll injection][27/06/2025 17:24:43][WildStr][smss.exe]

[Throw dll injection][27/06/2025 17:24:43][WildStr][csrss.exe]

[Throw dll injection][27/06/2025 17:24:43][WildStr][csrss.exe]

[Throw dll injection][27/06/2025 17:24:43][WildStr][wininit.exe]

[Throw dll injection][27/06/2025 17:24:43][WildStr][csrss.exe]

[Throw dll injection][27/06/2025 17:24:43][WildStr][wininit.exe]

[Throw dll injection][27/06/2025 17:24:43][WildStr][winlogon.exe]

[Throw dll injection][27/06/2025 17:24:43][WildStr][csrss.exe]

[Throw dll injection][27/06/2025 17:24:43][WildStr][services.exe]

[Throw dll injection][27/06/2025 17:24:43][WildStr][lsass.exe]

[Throw dll injection][27/06/2025 17:24:43][WildStr][winlogon.exe]

[Throw dll injection][27/06/2025 17:24:43][WildStr][services.exe]

[Throw dll injection][27/06/2025 17:24:43][WildStr][svchost.exe]

[Throw dll injection][27/06/2025 17:24:43][WildStr][lsass.exe]

[Throw dll injection][27/06/2025 17:24:43][WildStr][svchost.exe]

[Throw dll injection][27/06/2025 17:24:43][WildStr][fontdrvhost.exe]

[Throw dll injection][27/06/2025 17:24:43][WildStr][fontdrvhost.exe]

[Throw dll injection][27/06/2025 17:24:43][WildStr][fontdrvhost.exe]

[Throw dll injection][27/06/2025 17:24:43][WildStr][fontdrvhost.exe]

[Throw dll injection][27/06/2025 17:24:43][WildStr][svchost.exe]

[Throw dll injection][27/06/2025 17:24:43][WildStr][svchost.exe]

[Throw dll injection][27/06/2025 17:24:43][WildStr][svchost.exe]

[Throw dll injection][27/06/2025 17:24:43][WildStr][dwm.exe]

[Throw dll injection][27/06/2025 17:24:43][WildStr][dwm.exe]

[Throw dll injection][27/06/2025 17:24:43][WildStr][svchost.exe]

[Throw dll injection][27/06/2025 17:24:43][WildStr][svchost.exe]

[Throw dll injection][27/06/2025 17:24:43][WildStr][svchost.exe]

[Throw dll injection][27/06/2025 17:24:43][WildStr][svchost.exe]

[Throw dll injection][27/06/2025 17:24:43][WildStr][svchost.exe]

[Throw dll injection][27/06/2025 17:24:43][WildStr][svchost.exe]

[Throw dll injection][27/06/2025 17:24:43][WildStr][svchost.exe]

[Throw dll injection][27/06/2025 17:24:43][WildStr][svchost.exe]

[Throw dll injection][27/06/2025 17:24:43][WildStr][svchost.exe]

[Throw dll injection][27/06/2025 17:24:43][WildStr][svchost.exe]

[Throw dll injection][27/06/2025 17:24:43][WildStr][svchost.exe]

[Throw dll injection][27/06/2025 17:24:43][WildStr][svchost.exe]

[Throw dll injection][27/06/2025 17:24:43][WildStr][svchost.exe]

[Throw dll injection][27/06/2025 17:24:43][WildStr][svchost.exe]

[Throw dll injection][27/06/2025 17:24:43][WildStr][svchost.exe]

[Throw dll injection][27/06/2025 17:24:43][WildStr][svchost.exe]

[Throw dll injection][27/06/2025 17:24:43][WildStr][svchost.exe]

[Throw dll injection][27/06/2025 17:24:43][WildStr][svchost.exe]

[Throw dll injection][27/06/2025 17:24:43][WildStr][svchost.exe]

[Throw dll injection][27/06/2025 17:24:43][WildStr][svchost.exe]

[Throw dll injection][27/06/2025 17:24:43][WildStr][VBoxService.exe]

[Throw dll injection][27/06/2025 17:24:43][WildStr][VBoxService.exe]

[Throw dll injection][27/06/2025 17:24:43][WildStr][svchost.exe]

[Throw dll injection][27/06/2025 17:24:43][WildStr][svchost.exe]

[Throw dll injection][27/06/2025 17:24:43][WildStr][svchost.exe]

[Throw dll injection][27/06/2025 17:24:43][WildStr][svchost.exe]

[Throw dll injection][27/06/2025 17:24:43][WildStr][svchost.exe]

[Throw dll injection][27/06/2025 17:24:43][WildStr][svchost.exe]

[Throw dll injection][27/06/2025 17:24:43][WildStr][svchost.exe]

[Throw dll injection][27/06/2025 17:24:43][WildStr][svchost.exe]

[Throw dll injection][27/06/2025 17:24:43][WildStr][svchost.exe]

[Throw dll injection][27/06/2025 17:24:43][WildStr][svchost.exe]

[Throw dll injection][27/06/2025 17:24:43][WildStr][svchost.exe]

[Throw dll injection][27/06/2025 17:24:43][WildStr][svchost.exe]

[Throw dll injection][27/06/2025 17:24:43][WildStr][Memory Compression]

[Throw dll injection][27/06/2025 17:24:43][WildStr][Memory Compression]

[Throw dll injection][27/06/2025 17:24:43][WildStr][svchost.exe]

[Throw dll injection][27/06/2025 17:24:43][WildStr][svchost.exe]

[Throw dll injection][27/06/2025 17:24:43][WildStr][svchost.exe]

[Throw dll injection][27/06/2025 17:24:43][WildStr][svchost.exe]

[Throw dll injection][27/06/2025 17:24:43][WildStr][svchost.exe]

[Throw dll injection][27/06/2025 17:24:43][WildStr][svchost.exe]

[Throw dll injection][27/06/2025 17:24:43][WildStr][svchost.exe]

[Throw dll injection][27/06/2025 17:24:43][WildStr][svchost.exe]

[Throw dll injection][27/06/2025 17:24:43][WildStr][svchost.exe]

[Throw dll injection][27/06/2025 17:24:43][WildStr][svchost.exe]

[Throw dll injection][27/06/2025 17:24:43][WildStr][svchost.exe]

[Throw dll injection][27/06/2025 17:24:43][WildStr][svchost.exe]

[Throw dll injection][27/06/2025 17:24:43][WildStr][svchost.exe]

[Throw dll injection][27/06/2025 17:24:43][WildStr][spoolsv.exe]

[Throw dll injection][27/06/2025 17:24:43][WildStr][svchost.exe]

[Throw dll injection][27/06/2025 17:24:43][WildStr][spoolsv.exe]

[Throw dll injection][27/06/2025 17:24:43][WildStr][svchost.exe]

[Throw dll injection][27/06/2025 17:24:43][WildStr][svchost.exe]

[Throw dll injection][27/06/2025 17:24:43][WildStr][svchost.exe]

[Throw dll injection][27/06/2025 17:24:43][WildStr][svchost.exe]

[Throw dll injection][27/06/2025 17:24:43][WildStr][svchost.exe]


[Throw dll injection][27/06/2025 17:24:43][WildStr][sshd.exe]

[Throw dll injection][27/06/2025 17:24:43][WildStr][ssh-agent.exe]

[Throw dll injection][27/06/2025 17:24:43][WildStr][svchost.exe]

[Throw dll injection][27/06/2025 17:24:43][WildStr][sshd.exe]

[Throw dll injection][27/06/2025 17:24:43][WildStr][svchost.exe]

[Throw dll injection][27/06/2025 17:24:43][WildStr][svchost.exe]

[Throw dll injection][27/06/2025 17:24:43][WildStr][svchost.exe]

[Throw dll injection][27/06/2025 17:24:43][WildStr][svchost.exe]

[Throw dll injection][27/06/2025 17:24:43][WildStr][svchost.exe]

[Throw dll injection][27/06/2025 17:24:43][WildStr][svchost.exe]

[Throw dll injection][27/06/2025 17:24:43][WildStr][svchost.exe]

[Throw dll injection][27/06/2025 17:24:43][WildStr][svchost.exe]

[Throw dll injection][27/06/2025 17:24:43][WildStr][svchost.exe]

[Throw dll injection][27/06/2025 17:24:43][WildStr][svchost.exe]

[Throw dll injection][27/06/2025 17:24:43][WildStr][svchost.exe]

[Throw dll injection][27/06/2025 17:24:43][WildStr][svchost.exe]

[Throw dll injection][27/06/2025 17:24:43][WildStr][svchost.exe]

[Throw dll injection][27/06/2025 17:24:43][WildStr][svchost.exe]

[Throw dll injection][27/06/2025 17:24:43][WildStr][svchost.exe]

[Throw dll injection][27/06/2025 17:24:43][WildStr][MpDefenderCoreService.exe]

[Throw dll injection][27/06/2025 17:24:43][WildStr][svchost.exe]

[Throw dll injection][27/06/2025 17:24:43][WildStr][MsMpEng.exe]

[Throw dll injection][27/06/2025 17:24:43][WildStr][svchost.exe]

[Throw dll injection][27/06/2025 17:24:43][WildStr][SearchIndexer.exe]

[Throw dll injection][27/06/2025 17:24:43][WildStr][MpDefenderCoreService.exe]

[Throw dll injection][27/06/2025 17:24:43][WildStr][AggregatorHost.exe]

[Throw dll injection][27/06/2025 17:24:43][WildStr][MsMpEng.exe]

[Throw dll injection][27/06/2025 17:24:43][WildStr][dllhost.exe]

[Throw dll injection][27/06/2025 17:24:43][WildStr][SearchIndexer.exe]

[Throw dll injection][27/06/2025 17:24:43][WildStr][svchost.exe]

[Throw dll injection][27/06/2025 17:24:43][WildStr][AggregatorHost.exe]

[Throw dll injection][27/06/2025 17:24:43][WildStr][NisSrv.exe]

[Throw dll injection][27/06/2025 17:24:43][WildStr][dllhost.exe]

[Throw dll injection][27/06/2025 17:24:43][WildStr][sihost.exe]

[Throw dll injection][27/06/2025 17:24:43][WildStr][svchost.exe]

[Throw dll injection][27/06/2025 17:24:43][WildStr][svchost.exe]

[Throw dll injection][27/06/2025 17:24:43][WildStr][NisSrv.exe]

[Throw dll injection][27/06/2025 17:24:43][WildStr][svchost.exe]

[Throw dll injection][27/06/2025 17:24:43][WildStr][sihost.exe]

[Throw dll injection][27/06/2025 17:24:43][WildStr][taskhostw.exe]

[Throw dll injection][27/06/2025 17:24:43][WildStr][svchost.exe]
pdate.exe]

[Throw dll injection][27/06/2025 17:24:43][WildStr][svchost.exe]

[Throw dll injection][27/06/2025 17:24:43][WildStr][svchost.exe]

[Throw dll injection][27/06/2025 17:24:43][WildStr][ctfmon.exe]

[Throw dll injection][27/06/2025 17:24:43][WildStr][svchost.exe]

[Throw dll injection][27/06/2025 17:24:43][WildStr][taskhostw.exe]

[Throw dll injection][27/06/2025 17:24:43][WildStr][svchost.exe]

[Throw dll injection][27/06/2025 17:24:43][WildStr][MicrosoftEdgeUpdate.exe]

[Throw dll injection][27/06/2025 17:24:43][WildStr][explorer.exe]

[Throw dll injection][27/06/2025 17:24:43][WildStr][svchost.exe]

[Throw dll injection][27/06/2025 17:24:43][WildStr][svchost.exe]

[Throw dll injection][27/06/2025 17:24:43][WildStr][ctfmon.exe]

[Throw dll injection][27/06/2025 17:24:43][WildStr][StartMenuExperienceHost.exe]

[Throw dll injection][27/06/2025 17:24:43][WildStr][svchost.exe]

[Throw dll injection][27/06/2025 17:24:43][WildStr][RuntimeBroker.exe]

[Throw dll injection][27/06/2025 17:24:43][WildStr][svchost.exe]

[Throw dll injection][27/06/2025 17:24:43][WildStr][SearchApp.exe]

[Throw dll injection][27/06/2025 17:24:43][WildStr][explorer.exe]

[Throw dll injection][27/06/2025 17:24:43][WildStr][svchost.exe]

[Throw dll injection][27/06/2025 17:24:43][WildStr][svchost.exe]

[Throw dll injection][27/06/2025 17:24:43][WildStr][RuntimeBroker.exe]

[Throw dll injection][27/06/2025 17:24:43][WildStr][StartMenuExperienceHost.exe]

[Throw dll injection][27/06/2025 17:24:43][WildStr][RuntimeBroker.exe]

[Throw dll injection][27/06/2025 17:24:43][WildStr][RuntimeBroker.exe]

[Throw dll injection][27/06/2025 17:24:43][WildStr][svchost.exe]

[Throw dll injection][27/06/2025 17:24:43][WildStr][SearchApp.exe]

[Throw dll injection][27/06/2025 17:24:43][WildStr][SecurityHealthSystray.exe]

[Throw dll injection][27/06/2025 17:24:43][WildStr][svchost.exe]

[Throw dll injection][27/06/2025 17:24:43][WildStr][SecurityHealthService.exe]

[Throw dll injection][27/06/2025 17:24:43][WildStr][RuntimeBroker.exe]

[Throw dll injection][27/06/2025 17:24:43][WildStr][VBoxTray.exe]

[Throw dll injection][27/06/2025 17:24:43][WildStr][RuntimeBroker.exe]

[Throw dll injection][27/06/2025 17:24:43][WildStr][OneDrive.exe]

[Throw dll injection][27/06/2025 17:24:43][WildStr][svchost.exe]

[Throw dll injection][27/06/2025 17:24:43][WildStr][svchost.exe]

[Throw dll injection][27/06/2025 17:24:43][WildStr][SecurityHealthSystray.exe]

[Throw dll injection][27/06/2025 17:24:43][WildStr][svchost.exe]

[Throw dll injection][27/06/2025 17:24:43][WildStr][svchost.exe]
Service.exe]

[Throw dll injection][27/06/2025 17:24:43][WildStr][VBoxTray.exe]

[Throw dll injection][27/06/2025 17:24:43][WildStr][svchost.exe]

[Throw dll injection][27/06/2025 17:24:43][WildStr][OneDrive.exe]

[Throw dll injection][27/06/2025 17:24:43][WildStr][svchost.exe]

[Throw dll injection][27/06/2025 17:24:43][WildStr][svchost.exe]

[Throw dll injection][27/06/2025 17:24:43][WildStr][svchost.exe]

[Throw dll injection][27/06/2025 17:24:43][WildStr][TextInputHost.exe]

[Throw dll injection][27/06/2025 17:24:43][WildStr][svchost.exe]

[Throw dll injection][27/06/2025 17:24:43][WildStr][ApplicationFrameHost.exe]

[Throw dll injection][27/06/2025 17:24:43][WildStr][svchost.exe]

[Throw dll injection][27/06/2025 17:24:43][WildStr][SystemSettings.exe]

[Throw dll injection][27/06/2025 17:24:43][WildStr][svchost.exe]

[Throw dll injection][27/06/2025 17:24:43][WildStr][UserOOBEBroker.exe]

[Throw dll injection][27/06/2025 17:24:43][WildStr][svchost.exe]

[Throw dll injection][27/06/2025 17:24:43][WildStr][SearchApp.exe]

[Throw dll injection][27/06/2025 17:24:43][WildStr][TextInputHost.exe]

[Throw dll injection][27/06/2025 17:24:43][WildStr][msedgewebview2.exe]

[Throw dll injection][27/06/2025 17:24:43][WildStr][ApplicationFrameHost.exe]

[Throw dll injection][27/06/2025 17:24:43][WildStr][msedgewebview2.exe]

[Throw dll injection][27/06/2025 17:24:43][WildStr][SystemSettings.exe]

[Throw dll injection][27/06/2025 17:24:43][WildStr][msedgewebview2.exe]

[Throw dll injection][27/06/2025 17:24:43][WildStr][UserOOBEBroker.exe]

[Throw dll injection][27/06/2025 17:24:43][WildStr][msedgewebview2.exe]

[Throw dll injection][27/06/2025 17:24:43][WildStr][SearchApp.exe]

[Throw dll injection][27/06/2025 17:24:43][WildStr][msedgewebview2.exe]

[Throw dll injection][27/06/2025 17:24:43][WildStr][msedgewebview2.exe]

[Throw dll injection][27/06/2025 17:24:43][WildStr][msedgewebview2.exe]

[Throw dll injection][27/06/2025 17:24:43][WildStr][msedgewebview2.exe]

[Throw dll injection][27/06/2025 17:24:43][WildStr][FileCoAuth.exe]

[Throw dll injection][27/06/2025 17:24:43][WildStr][msedgewebview2.exe]

[Throw dll injection][27/06/2025 17:24:43][WildStr][svchost.exe]

[Throw dll injection][27/06/2025 17:24:43][WildStr][msedgewebview2.exe]

[Throw dll injection][27/06/2025 17:24:43][WildStr][msedge.exe]

[Throw dll injection][27/06/2025 17:24:43][WildStr][msedgewebview2.exe]

[Throw dll injection][27/06/2025 17:24:43][WildStr][msedge.exe]

[Throw dll injection][27/06/2025 17:24:43][WildStr][msedgewebview2.exe]

[Throw dll injection][27/06/2025 17:24:43][WildStr][msedge.exe]

[Throw dll injection][27/06/2025 17:24:43][WildStr][FileCoAuth.exe]

[Throw dll injection][27/06/2025 17:24:43][WildStr][msedge.exe]

[Throw dll injection][27/06/2025 17:24:43][WildStr][svchost.exe]

[Throw dll injection][27/06/2025 17:24:43][WildStr][msedge.exe]

[Throw dll injection][27/06/2025 17:24:43][WildStr][msedge.exe]

[Throw dll injection][27/06/2025 17:24:43][WildStr][svchost.exe]

[Throw dll injection][27/06/2025 17:24:43][WildStr][msedge.exe]

[Throw dll injection][27/06/2025 17:24:43][WildStr][svchost.exe]

[Throw dll injection][27/06/2025 17:24:43][WildStr][msedge.exe]

[Throw dll injection][27/06/2025 17:24:43][WildStr][svchost.exe]

[Throw dll injection][27/06/2025 17:24:43][WildStr][msedge.exe]

[Throw dll injection][27/06/2025 17:24:43][WildStr][dllhost.exe]

[Throw dll injection][27/06/2025 17:24:43][WildStr][msedge.exe]

[Throw dll injection][27/06/2025 17:24:43][WildStr][ShellExperienceHost.exe]

[Throw dll injection][27/06/2025 17:24:43][WildStr][svchost.exe]

[Throw dll injection][27/06/2025 17:24:43][WildStr][RuntimeBroker.exe]

[Throw dll injection][27/06/2025 17:24:43][WildStr][svchost.exe]

[Throw dll injection][27/06/2025 17:24:43][WildStr][powershell.exe]

[Throw dll injection][27/06/2025 17:24:43][WildStr][svchost.exe]

[Throw dll injection][27/06/2025 17:24:43][WildStr][conhost.exe]

[Throw dll injection][27/06/2025 17:24:43][WildStr][dllhost.exe]

[Throw dll injection][27/06/2025 17:24:43][WildStr][cmd.exe]

[Throw dll injection][27/06/2025 17:24:43][WildStr][ShellExperienceHost.exe]

[Throw dll injection][27/06/2025 17:24:43][WildStr][conhost.exe]

[Throw dll injection][27/06/2025 17:24:43][WildStr][RuntimeBroker.exe]

[Throw dll injection][27/06/2025 17:24:43][WildStr][powershell.exe]

[Throw dll injection][27/06/2025 17:24:43][WildStr][powershell.exe]

[Throw dll injection][27/06/2025 17:24:43][WildStr][Code.exe]

[Throw dll injection][27/06/2025 17:24:43][WildStr][conhost.exe]

[Throw dll injection][27/06/2025 17:24:43][WildStr][Code.exe]

[Throw dll injection][27/06/2025 17:24:43][WildStr][cmd.exe]

[Throw dll injection][27/06/2025 17:24:43][WildStr][Code.exe]

[Throw dll injection][27/06/2025 17:24:43][WildStr][conhost.exe]

[Throw dll injection][27/06/2025 17:24:43][WildStr][Code.exe]

[Throw dll injection][27/06/2025 17:24:43][WildStr][powershell.exe]

[Throw dll injection][27/06/2025 17:24:43][WildStr][Code.exe]

[Throw dll injection][27/06/2025 17:24:43][WildStr][Code.exe]

[Throw dll injection][27/06/2025 17:24:43][WildStr][Code.exe]

[Throw dll injection][27/06/2025 17:24:43][WildStr][Code.exe]

[Throw dll injection][27/06/2025 17:24:43][WildStr][Code.exe]

[Throw dll injection][27/06/2025 17:24:43][WildStr][Code.exe]

[Throw dll injection][27/06/2025 17:24:43][WildStr][Code.exe]
e]

[Throw dll injection][27/06/2025 17:24:43][WildStr][Code.exe]
]

[Throw dll injection][27/06/2025 17:24:43][WildStr][Code.exe]

[Throw dll injection][27/06/2025 17:24:43][WildStr][Code.exe]

[Throw dll injection][27/06/2025 17:24:43][WildStr][cpptools.exe]

[Throw dll injection][27/06/2025 17:24:43][WildStr][cpptools-srv.exe]

[Throw dll injection][27/06/2025 17:24:43][WildStr][Code.exe]

[Throw dll injection][27/06/2025 17:24:43][WildStr][cpptools.exe]

[Throw dll injection][27/06/2025 17:24:43][WildStr][conhost.exe]

[Throw dll injection][27/06/2025 17:24:43][WildStr][svchost.exe]

[Throw dll injection][27/06/2025 17:24:43][WildStr][Code.exe]

[Throw dll injection][27/06/2025 17:24:43][WildStr][svchost.exe]

[Throw dll injection][27/06/2025 17:24:43][WildStr][cpptools.exe]

[Throw dll injection][27/06/2025 17:24:43][WildStr][Code.exe]

[Throw dll injection][27/06/2025 17:24:43][WildStr][cpptools-srv.exe]

[Throw dll injection][27/06/2025 17:24:43][WildStr][conhost.exe]

[Throw dll injection][27/06/2025 17:24:43][WildStr][conhost.exe]

[Throw dll injection][27/06/2025 17:24:43][WildStr][powershell.exe]

[Throw dll injection][27/06/2025 17:24:43][WildStr][svchost.exe]

[Throw dll injection][27/06/2025 17:24:43][WildStr][vctip.exe]

[Throw dll injection][27/06/2025 17:24:43][WildStr][svchost.exe]

[Throw dll injection][27/06/2025 17:24:43][WildStr][cpptools-srv.exe]

[Throw dll injection][27/06/2025 17:24:43][WildStr][Code.exe]

[Throw dll injection][27/06/2025 17:24:43][WildStr][conhost.exe]

[Throw dll injection][27/06/2025 17:24:43][WildStr][conhost.exe]

[Throw dll injection][27/06/2025 17:24:43][WildStr][powershell.exe]

[Throw dll injection][27/06/2025 17:24:43][WildStr][vctip.exe]

[Throw dll injection][27/06/2025 17:24:43][WildStr][smartscreen.exe]

[Throw dll injection][27/06/2025 17:24:43][WildStr][cpptools-srv.exe]

[Throw dll injection][27/06/2025 17:24:43][WildStr][Taskmgr.exe]

[Throw dll injection][27/06/2025 17:24:43][WildStr][conhost.exe]

[Throw dll injection][27/06/2025 17:24:43][WildStr][conhost.exe]

[Throw dll injection][27/06/2025 17:24:43][WildStr][svchost.exe]

[Throw dll injection][27/06/2025 17:24:43][WildStr][powershell.exe]

[Throw dll injection][27/06/2025 17:24:43][WildStr][smartscreen.exe]

[Throw dll injection][27/06/2025 17:24:43][WildStr][Taskmgr.exe]

[Throw dll injection][27/06/2025 17:24:43][WildStr][conhost.exe]

[Throw dll injection][27/06/2025 17:24:43][WildStr][powershell.exe]

[Throw dll injection][27/06/2025 17:24:44][WildStr][System]

[Throw dll injection][27/06/2025 17:24:44][WildStr][Registry]

[Throw dll injection][27/06/2025 17:24:44][WildStr][Registry]

[Throw dll injection][27/06/2025 17:24:44][WildStr][smss.exe]

[Throw dll injection][27/06/2025 17:24:44][WildStr][smss.exe]

[Throw dll injection][27/06/2025 17:24:44][WildStr][csrss.exe]

[Throw dll injection][27/06/2025 17:24:44][WildStr][csrss.exe]

[Throw dll injection][27/06/2025 17:24:44][WildStr][wininit.exe]

[Throw dll injection][27/06/2025 17:24:44][WildStr][wininit.exe]

[Throw dll injection][27/06/2025 17:24:44][WildStr][csrss.exe]

[Throw dll injection][27/06/2025 17:24:44][WildStr][csrss.exe]

[Throw dll injection][27/06/2025 17:24:44][WildStr][winlogon.exe]

[Throw dll injection][27/06/2025 17:24:44][WildStr][winlogon.exe]

[Throw dll injection][27/06/2025 17:24:44][WildStr][services.exe]

[Throw dll injection][27/06/2025 17:24:44][WildStr][lsass.exe]

[Throw dll injection][27/06/2025 17:24:44][WildStr][services.exe]

[Throw dll injection][27/06/2025 17:24:44][WildStr][lsass.exe]
exe]

[Throw dll injection][27/06/2025 17:24:44][WildStr][fontdrvhost.exe]

[Throw dll injection][27/06/2025 17:24:44][WildStr][svchost.exe]

[Throw dll injection][27/06/2025 17:24:44][WildStr][svchost.exe]

[Throw dll injection][27/06/2025 17:24:44][WildStr][fontdrvhost.exe]

[Throw dll injection][27/06/2025 17:24:44][WildStr][svchost.exe]

[Throw dll injection][27/06/2025 17:24:44][WildStr][fontdrvhost.exe]

[Throw dll injection][27/06/2025 17:24:44][WildStr][dwm.exe]

[Throw dll injection][27/06/2025 17:24:44][WildStr][svchost.exe]

[Throw dll injection][27/06/2025 17:24:44][WildStr][svchost.exe]

[Throw dll injection][27/06/2025 17:24:44][WildStr][svchost.exe]

[Throw dll injection][27/06/2025 17:24:44][WildStr][svchost.exe]

[Throw dll injection][27/06/2025 17:24:44][WildStr][dwm.exe]

[Throw dll injection][27/06/2025 17:24:44][WildStr][svchost.exe]

[Throw dll injection][27/06/2025 17:24:44][WildStr][svchost.exe]

[Throw dll injection][27/06/2025 17:24:44][WildStr][svchost.exe]

[Throw dll injection][27/06/2025 17:24:44][WildStr][svchost.exe]

[Throw dll injection][27/06/2025 17:24:44][WildStr][svchost.exe]

[Throw dll injection][27/06/2025 17:24:44][WildStr][svchost.exe]

[Throw dll injection][27/06/2025 17:24:44][WildStr][svchost.exe]

[Throw dll injection][27/06/2025 17:24:44][WildStr][svchost.exe]

[Throw dll injection][27/06/2025 17:24:44][WildStr][svchost.exe]

[Throw dll injection][27/06/2025 17:24:44][WildStr][svchost.exe]

[Throw dll injection][27/06/2025 17:24:44][WildStr][svchost.exe]

[Throw dll injection][27/06/2025 17:24:44][WildStr][svchost.exe]

[Throw dll injection][27/06/2025 17:24:44][WildStr][svchost.exe]

[Throw dll injection][27/06/2025 17:24:44][WildStr][svchost.exe]

[Throw dll injection][27/06/2025 17:24:44][WildStr][svchost.exe]

[Throw dll injection][27/06/2025 17:24:44][WildStr][svchost.exe]

[Throw dll injection][27/06/2025 17:24:44][WildStr][svchost.exe]

[Throw dll injection][27/06/2025 17:24:44][WildStr][svchost.exe]

[Throw dll injection][27/06/2025 17:24:44][WildStr][svchost.exe]

[Throw dll injection][27/06/2025 17:24:44][WildStr][svchost.exe]

[Throw dll injection][27/06/2025 17:24:44][WildStr][svchost.exe]

[Throw dll injection][27/06/2025 17:24:44][WildStr][svchost.exe]

[Throw dll injection][27/06/2025 17:24:44][WildStr][svchost.exe]

[Throw dll injection][27/06/2025 17:24:44][WildStr][VBoxService.exe]

[Throw dll injection][27/06/2025 17:24:44][WildStr][VBoxService.exe]

[Throw dll injection][27/06/2025 17:24:44][WildStr][svchost.exe]

[Throw dll injection][27/06/2025 17:24:44][WildStr][svchost.exe]

[Throw dll injection][27/06/2025 17:24:44][WildStr][svchost.exe]

[Throw dll injection][27/06/2025 17:24:44][WildStr][svchost.exe]

[Throw dll injection][27/06/2025 17:24:44][WildStr][svchost.exe]

[Throw dll injection][27/06/2025 17:24:44][WildStr][svchost.exe]

[Throw dll injection][27/06/2025 17:24:44][WildStr][svchost.exe]

[Throw dll injection][27/06/2025 17:24:44][WildStr][svchost.exe]

[Throw dll injection][27/06/2025 17:24:44][WildStr][svchost.exe]

[Throw dll injection][27/06/2025 17:24:44][WildStr][svchost.exe]

[Throw dll injection][27/06/2025 17:24:44][WildStr][svchost.exe]

[Throw dll injection][27/06/2025 17:24:44][WildStr][svchost.exe]

[Throw dll injection][27/06/2025 17:24:44][WildStr][Memory Compression]

[Throw dll injection][27/06/2025 17:24:44][WildStr][Memory Compression]

[Throw dll injection][27/06/2025 17:24:44][WildStr][svchost.exe]

[Throw dll injection][27/06/2025 17:24:44][WildStr][svchost.exe]

[Throw dll injection][27/06/2025 17:24:44][WildStr][svchost.exe]

[Throw dll injection][27/06/2025 17:24:44][WildStr][svchost.exe]

[Throw dll injection][27/06/2025 17:24:44][WildStr][svchost.exe]

[Throw dll injection][27/06/2025 17:24:44][WildStr][svchost.exe]

[Throw dll injection][27/06/2025 17:24:44][WildStr][svchost.exe]

[Throw dll injection][27/06/2025 17:24:44][WildStr][svchost.exe]

[Throw dll injection][27/06/2025 17:24:44][WildStr][svchost.exe]

[Throw dll injection][27/06/2025 17:24:44][WildStr][svchost.exe]

[Throw dll injection][27/06/2025 17:24:44][WildStr][svchost.exe]

[Throw dll injection][27/06/2025 17:24:44][WildStr][svchost.exe]

[Throw dll injection][27/06/2025 17:24:44][WildStr][svchost.exe]

[Throw dll injection][27/06/2025 17:24:44][WildStr][svchost.exe]

[Throw dll injection][27/06/2025 17:24:44][WildStr][svchost.exe]

[Throw dll injection][27/06/2025 17:24:44][WildStr][svchost.exe]

[Throw dll injection][27/06/2025 17:24:44][WildStr][spoolsv.exe]

[Throw dll injection][27/06/2025 17:24:44][WildStr][spoolsv.exe]

[Throw dll injection][27/06/2025 17:24:44][WildStr][svchost.exe]

[Throw dll injection][27/06/2025 17:24:44][WildStr][svchost.exe]

[Throw dll injection][27/06/2025 17:24:44][WildStr][svchost.exe]

[Throw dll injection][27/06/2025 17:24:44][WildStr][svchost.exe]

[Throw dll injection][27/06/2025 17:24:44][WildStr][svchost.exe]

[Throw dll injection][27/06/2025 17:24:44][WildStr][svchost.exe]

[Throw dll injection][27/06/2025 17:24:44][WildStr][ssh-agent.exe]

[Throw dll injection][27/06/2025 17:24:44][WildStr][svchost.exe]

[Throw dll injection][27/06/2025 17:24:44][WildStr][sshd.exe]

[Throw dll injection][27/06/2025 17:24:44][WildStr][ssh-agent.exe]

[Throw dll injection][27/06/2025 17:24:44][WildStr][sshd.exe]
]

[Throw dll injection][27/06/2025 17:24:44][WildStr][svchost.exe]

[Throw dll injection][27/06/2025 17:24:44][WildStr][svchost.exe]

[Throw dll injection][27/06/2025 17:24:44][WildStr][svchost.exe]

[Throw dll injection][27/06/2025 17:24:44][WildStr][svchost.exe]

[Throw dll injection][27/06/2025 17:24:44][WildStr][svchost.exe]

[Throw dll injection][27/06/2025 17:24:44][WildStr][svchost.exe]

[Throw dll injection][27/06/2025 17:24:44][WildStr][svchost.exe]

[Throw dll injection][27/06/2025 17:24:44][WildStr][svchost.exe]

[Throw dll injection][27/06/2025 17:24:44][WildStr][svchost.exe]

[Throw dll injection][27/06/2025 17:24:44][WildStr][svchost.exe]

[Throw dll injection][27/06/2025 17:24:44][WildStr][svchost.exe]

[Throw dll injection][27/06/2025 17:24:44][WildStr][svchost.exe]

[Throw dll injection][27/06/2025 17:24:44][WildStr][svchost.exe]

[Throw dll injection][27/06/2025 17:24:44][WildStr][svchost.exe]

[Throw dll injection][27/06/2025 17:24:44][WildStr][svchost.exe]

[Throw dll injection][27/06/2025 17:24:44][WildStr][svchost.exe]

[Throw dll injection][27/06/2025 17:24:44][WildStr][MpDefenderCoreService.exe]

[Throw dll injection][27/06/2025 17:24:44][WildStr][svchost.exe]

[Throw dll injection][27/06/2025 17:24:44][WildStr][MsMpEng.exe]

[Throw dll injection][27/06/2025 17:24:44][WildStr][MpDefenderCoreService.exe]

[Throw dll injection][27/06/2025 17:24:44][WildStr][SearchIndexer.exe]

[Throw dll injection][27/06/2025 17:24:44][WildStr][MsMpEng.exe]

[Throw dll injection][27/06/2025 17:24:44][WildStr][AggregatorHost.exe]

[Throw dll injection][27/06/2025 17:24:44][WildStr][SearchIndexer.exe]

[Throw dll injection][27/06/2025 17:24:44][WildStr][dllhost.exe]

[Throw dll injection][27/06/2025 17:24:44][WildStr][AggregatorHost.exe]

[Throw dll injection][27/06/2025 17:24:44][WildStr][svchost.exe]

[Throw dll injection][27/06/2025 17:24:44][WildStr][dllhost.exe]

[Throw dll injection][27/06/2025 17:24:44][WildStr][NisSrv.exe]

[Throw dll injection][27/06/2025 17:24:44][WildStr][svchost.exe]

[Throw dll injection][27/06/2025 17:24:44][WildStr][sihost.exe]

[Throw dll injection][27/06/2025 17:24:44][WildStr][NisSrv.exe]

[Throw dll injection][27/06/2025 17:24:44][WildStr][svchost.exe]

[Throw dll injection][27/06/2025 17:24:44][WildStr][sihost.exe]

[Throw dll injection][27/06/2025 17:24:44][WildStr][svchost.exe]

[Throw dll injection][27/06/2025 17:24:44][WildStr][svchost.exe]

[Throw dll injection][27/06/2025 17:24:44][WildStr][taskhostw.exe]

[Throw dll injection][27/06/2025 17:24:44][WildStr][svchost.exe]

[Throw dll injection][27/06/2025 17:24:44][WildStr][MicrosoftEdgeUpdate.exe]

[Throw dll injection][27/06/2025 17:24:44][WildStr][taskhostw.exe]

[Throw dll injection][27/06/2025 17:24:44][WildStr][svchost.exe]

[Throw dll injection][27/06/2025 17:24:44][WildStr][MicrosoftEdgeUpdate.exe]

[Throw dll injection][27/06/2025 17:24:44][WildStr][ctfmon.exe]

[Throw dll injection][27/06/2025 17:24:44][WildStr][svchost.exe]

[Throw dll injection][27/06/2025 17:24:44][WildStr][svchost.exe]

[Throw dll injection][27/06/2025 17:24:44][WildStr][ctfmon.exe]

[Throw dll injection][27/06/2025 17:24:44][WildStr][svchost.exe]

[Throw dll injection][27/06/2025 17:24:44][WildStr][svchost.exe]

[Throw dll injection][27/06/2025 17:24:44][WildStr][explorer.exe]

[Throw dll injection][27/06/2025 17:24:44][WildStr][svchost.exe]

[Throw dll injection][27/06/2025 17:24:44][WildStr][svchost.exe]

[Throw dll injection][27/06/2025 17:24:44][WildStr][explorer.exe]

[Throw dll injection][27/06/2025 17:24:44][WildStr][StartMenuExperienceHost.exe]

[Throw dll injection][27/06/2025 17:24:44][WildStr][svchost.exe]

[Throw dll injection][27/06/2025 17:24:44][WildStr][RuntimeBroker.exe]

[Throw dll injection][27/06/2025 17:24:44][WildStr][StartMenuExperienceHost.exe]

[Throw dll injection][27/06/2025 17:24:44][WildStr][SearchApp.exe]

[Throw dll injection][27/06/2025 17:24:44][WildStr][RuntimeBroker.exe]

[Throw dll injection][27/06/2025 17:24:44][WildStr][svchost.exe]

[Throw dll injection][27/06/2025 17:24:44][WildStr][SearchApp.exe]

[Throw dll injection][27/06/2025 17:24:44][WildStr][RuntimeBroker.exe]

[Throw dll injection][27/06/2025 17:24:44][WildStr][svchost.exe]

[Throw dll injection][27/06/2025 17:24:44][WildStr][RuntimeBroker.exe]

[Throw dll injection][27/06/2025 17:24:44][WildStr][RuntimeBroker.exe]

[Throw dll injection][27/06/2025 17:24:44][WildStr][svchost.exe]

[Throw dll injection][27/06/2025 17:24:44][WildStr][SecurityHealthSystray.exe]

[Throw dll injection][27/06/2025 17:24:44][WildStr][svchost.exe]

[Throw dll injection][27/06/2025 17:24:44][WildStr][SecurityHealthService.exe]

[Throw dll injection][27/06/2025 17:24:44][WildStr][SecurityHealthSystray.exe]

[Throw dll injection][27/06/2025 17:24:44][WildStr][VBoxTray.exe]

[Throw dll injection][27/06/2025 17:24:44][WildStr][SecurityHealthService.exe]

[Throw dll injection][27/06/2025 17:24:44][WildStr][OneDrive.exe]

[Throw dll injection][27/06/2025 17:24:44][WildStr][VBoxTray.exe]

[Throw dll injection][27/06/2025 17:24:44][WildStr][svchost.exe]

[Throw dll injection][27/06/2025 17:24:44][WildStr][OneDrive.exe]

[Throw dll injection][27/06/2025 17:24:44][WildStr][svchost.exe]

[Throw dll injection][27/06/2025 17:24:44][WildStr][svchost.exe]

[Throw dll injection][27/06/2025 17:24:44][WildStr][svchost.exe]

[Throw dll injection][27/06/2025 17:24:44][WildStr][svchost.exe]

[Throw dll injection][27/06/2025 17:24:44][WildStr][svchost.exe]

[Throw dll injection][27/06/2025 17:24:44][WildStr][svchost.exe]

[Throw dll injection][27/06/2025 17:24:44][WildStr][svchost.exe]

[Throw dll injection][27/06/2025 17:24:44][WildStr][svchost.exe]

[Throw dll injection][27/06/2025 17:24:44][WildStr][svchost.exe]

[Throw dll injection][27/06/2025 17:24:44][WildStr][svchost.exe]

[Throw dll injection][27/06/2025 17:24:44][WildStr][TextInputHost.exe]

[Throw dll injection][27/06/2025 17:24:44][WildStr][svchost.exe]

[Throw dll injection][27/06/2025 17:24:44][WildStr][TextInputHost.exe]
.exe]

[Throw dll injection][27/06/2025 17:24:44][WildStr][SystemSettings.exe]

[Throw dll injection][27/06/2025 17:24:44][WildStr][ApplicationFrameHost.exe]

[Throw dll injection][27/06/2025 17:24:44][WildStr][UserOOBEBroker.exe]

[Throw dll injection][27/06/2025 17:24:44][WildStr][SystemSettings.exe]

[Throw dll injection][27/06/2025 17:24:44][WildStr][SearchApp.exe]

[Throw dll injection][27/06/2025 17:24:44][WildStr][UserOOBEBroker.exe]

[Throw dll injection][27/06/2025 17:24:44][WildStr][msedgewebview2.exe]

[Throw dll injection][27/06/2025 17:24:44][WildStr][SearchApp.exe]

[Throw dll injection][27/06/2025 17:24:44][WildStr][msedgewebview2.exe]

[Throw dll injection][27/06/2025 17:24:44][WildStr][msedgewebview2.exe]

[Throw dll injection][27/06/2025 17:24:44][WildStr][msedgewebview2.exe]

[Throw dll injection][27/06/2025 17:24:44][WildStr][msedgewebview2.exe]

[Throw dll injection][27/06/2025 17:24:44][WildStr][msedgewebview2.exe]

[Throw dll injection][27/06/2025 17:24:44][WildStr][msedgewebview2.exe]

[Throw dll injection][27/06/2025 17:24:44][WildStr][msedgewebview2.exe]

[Throw dll injection][27/06/2025 17:24:44][WildStr][msedgewebview2.exe]

[Throw dll injection][27/06/2025 17:24:44][WildStr][msedgewebview2.exe]

[Throw dll injection][27/06/2025 17:24:44][WildStr][msedgewebview2.exe]

[Throw dll injection][27/06/2025 17:24:44][WildStr][FileCoAuth.exe]

[Throw dll injection][27/06/2025 17:24:44][WildStr][msedgewebview2.exe]

[Throw dll injection][27/06/2025 17:24:44][WildStr][svchost.exe]

[Throw dll injection][27/06/2025 17:24:44][WildStr][FileCoAuth.exe]

[Throw dll injection][27/06/2025 17:24:44][WildStr][msedge.exe]

[Throw dll injection][27/06/2025 17:24:44][WildStr][svchost.exe]

[Throw dll injection][27/06/2025 17:24:44][WildStr][msedge.exe]

[Throw dll injection][27/06/2025 17:24:44][WildStr][msedge.exe]

[Throw dll injection][27/06/2025 17:24:44][WildStr][msedge.exe]

[Throw dll injection][27/06/2025 17:24:44][WildStr][msedge.exe]

[Throw dll injection][27/06/2025 17:24:44][WildStr][msedge.exe]

[Throw dll injection][27/06/2025 17:24:44][WildStr][msedge.exe]

[Throw dll injection][27/06/2025 17:24:44][WildStr][msedge.exe]

[Throw dll injection][27/06/2025 17:24:44][WildStr][msedge.exe]

[Throw dll injection][27/06/2025 17:24:44][WildStr][svchost.exe]

[Throw dll injection][27/06/2025 17:24:44][WildStr][msedge.exe]

[Throw dll injection][27/06/2025 17:24:44][WildStr][svchost.exe]

[Throw dll injection][27/06/2025 17:24:44][WildStr][svchost.exe]

[Throw dll injection][27/06/2025 17:24:44][WildStr][svchost.exe]

[Throw dll injection][27/06/2025 17:24:44][WildStr][svchost.exe]

[Throw dll injection][27/06/2025 17:24:44][WildStr][dllhost.exe]

[Throw dll injection][27/06/2025 17:24:44][WildStr][svchost.exe]

[Throw dll injection][27/06/2025 17:24:44][WildStr][ShellExperienceHost.exe]

[Throw dll injection][27/06/2025 17:24:44][WildStr][dllhost.exe]

[Throw dll injection][27/06/2025 17:24:44][WildStr][RuntimeBroker.exe]

[Throw dll injection][27/06/2025 17:24:44][WildStr][ShellExperienceHost.exe]

[Throw dll injection][27/06/2025 17:24:44][WildStr][powershell.exe]

[Throw dll injection][27/06/2025 17:24:44][WildStr][RuntimeBroker.exe]

[Throw dll injection][27/06/2025 17:24:44][WildStr][conhost.exe]

[Throw dll injection][27/06/2025 17:24:44][WildStr][powershell.exe]

[Throw dll injection][27/06/2025 17:24:44][WildStr][cmd.exe]

[Throw dll injection][27/06/2025 17:24:44][WildStr][conhost.exe]

[Throw dll injection][27/06/2025 17:24:44][WildStr][conhost.exe]

[Throw dll injection][27/06/2025 17:24:44][WildStr][cmd.exe]

[Throw dll injection][27/06/2025 17:24:44][WildStr][powershell.exe]

[Throw dll injection][27/06/2025 17:24:44][WildStr][conhost.exe]

[Throw dll injection][27/06/2025 17:24:44][WildStr][Code.exe]

[Throw dll injection][27/06/2025 17:24:44][WildStr][powershell.exe]

[Throw dll injection][27/06/2025 17:24:44][WildStr][Code.exe]

[Throw dll injection][27/06/2025 17:24:44][WildStr][Code.exe]

[Throw dll injection][27/06/2025 17:24:44][WildStr][Code.exe]

[Throw dll injection][27/06/2025 17:24:44][WildStr][Code.exe]

[Throw dll injection][27/06/2025 17:24:44][WildStr][Code.exe]

[Throw dll injection][27/06/2025 17:24:44][WildStr][Code.exe]

[Throw dll injection][27/06/2025 17:24:44][WildStr][Code.exe]

[Throw dll injection][27/06/2025 17:24:44][WildStr][Code.exe]

[Throw dll injection][27/06/2025 17:24:44][WildStr][Code.exe]

[Throw dll injection][27/06/2025 17:24:44][WildStr][Code.exe]

[Throw dll injection][27/06/2025 17:24:44][WildStr][Code.exe]

[Throw dll injection][27/06/2025 17:24:44][WildStr][cpptools.exe]

[Throw dll injection][27/06/2025 17:24:44][WildStr][Code.exe]

[Throw dll injection][27/06/2025 17:24:44][WildStr][conhost.exe]

[Throw dll injection][27/06/2025 17:24:44][WildStr][cpptools.exe]

[Throw dll injection][27/06/2025 17:24:44][WildStr][Code.exe]

[Throw dll injection][27/06/2025 17:24:44][WildStr][conhost.exe]

[Throw dll injection][27/06/2025 17:24:44][WildStr][cpptools.exe]

[Throw dll injection][27/06/2025 17:24:44][WildStr][Code.exe]

[Throw dll injection][27/06/2025 17:24:44][WildStr][cpptools-srv.exe]

[Throw dll injection][27/06/2025 17:24:44][WildStr][cpptools.exe]

[Throw dll injection][27/06/2025 17:24:44][WildStr][conhost.exe]

[Throw dll injection][27/06/2025 17:24:44][WildStr][cpptools-srv.exe]

[Throw dll injection][27/06/2025 17:24:44][WildStr][svchost.exe]

[Throw dll injection][27/06/2025 17:24:44][WildStr][conhost.exe]

[Throw dll injection][27/06/2025 17:24:44][WildStr][svchost.exe]

[Throw dll injection][27/06/2025 17:24:44][WildStr][svchost.exe]

[Throw dll injection][27/06/2025 17:24:44][WildStr][Code.exe]

[Throw dll injection][27/06/2025 17:24:44][WildStr][svchost.exe]

[Throw dll injection][27/06/2025 17:24:44][WildStr][conhost.exe]

[Throw dll injection][27/06/2025 17:24:44][WildStr][Code.exe]

[Throw dll injection][27/06/2025 17:24:44][WildStr][powershell.exe]

[Throw dll injection][27/06/2025 17:24:44][WildStr][conhost.exe]

[Throw dll injection][27/06/2025 17:24:44][WildStr][vctip.exe]

[Throw dll injection][27/06/2025 17:24:44][WildStr][powershell.exe]

[Throw dll injection][27/06/2025 17:24:44][WildStr][vctip.exe]
.exe]

[Throw dll injection][27/06/2025 17:24:44][WildStr][conhost.exe]

[Throw dll injection][27/06/2025 17:24:44][WildStr][cpptools-srv.exe]

[Throw dll injection][27/06/2025 17:24:44][WildStr][svchost.exe]

[Throw dll injection][27/06/2025 17:24:44][WildStr][conhost.exe]

[Throw dll injection][27/06/2025 17:24:44][WildStr][smartscreen.exe]

[Throw dll injection][27/06/2025 17:24:44][WildStr][svchost.exe]

[Throw dll injection][27/06/2025 17:24:44][WildStr][Taskmgr.exe]

[Throw dll injection][27/06/2025 17:24:44][WildStr][smartscreen.exe]

[Throw dll injection][27/06/2025 17:24:44][WildStr][conhost.exe]

[Throw dll injection][27/06/2025 17:24:44][WildStr][Taskmgr.exe]

[Throw dll injection][27/06/2025 17:24:44][WildStr][powershell.exe]

[Throw dll injection][27/06/2025 17:24:44][WildStr][conhost.exe]

[Throw dll injection][27/06/2025 17:24:44][WildStr][powershell.exe]

[Throw dll injection][27/06/2025 17:24:45][WildStr][System]

[Throw dll injection][27/06/2025 17:24:45][WildStr][Registry]

[Throw dll injection][27/06/2025 17:24:45][WildStr][Registry]

[Throw dll injection][27/06/2025 17:24:45][WildStr][smss.exe]

[Throw dll injection][27/06/2025 17:24:45][WildStr][smss.exe]

[Throw dll injection][27/06/2025 17:24:45][WildStr][csrss.exe]

[Throw dll injection][27/06/2025 17:24:45][WildStr][csrss.exe]

[Throw dll injection][27/06/2025 17:24:45][WildStr][wininit.exe]

[Throw dll injection][27/06/2025 17:24:45][WildStr][wininit.exe]

[Throw dll injection][27/06/2025 17:24:45][WildStr][csrss.exe]

[Throw dll injection][27/06/2025 17:24:45][WildStr][csrss.exe]

[Throw dll injection][27/06/2025 17:24:45][WildStr][winlogon.exe]

[Throw dll injection][27/06/2025 17:24:45][WildStr][winlogon.exe]

[Throw dll injection][27/06/2025 17:24:45][WildStr][services.exe]

[Throw dll injection][27/06/2025 17:24:45][WildStr][lsass.exe]

[Throw dll injection][27/06/2025 17:24:45][WildStr][lsass.exe]

[Throw dll injection][27/06/2025 17:24:45][WildStr][svchost.exe]

[Throw dll injection][27/06/2025 17:24:45][WildStr][svchost.exe]

[Throw dll injection][27/06/2025 17:24:45][WildStr][fontdrvhost.exe]

[Throw dll injection][27/06/2025 17:24:45][WildStr][fontdrvhost.exe]

[Throw dll injection][27/06/2025 17:24:45][WildStr][svchost.exe]

[Throw dll injection][27/06/2025 17:24:45][WildStr][fontdrvhost.exe]

[Throw dll injection][27/06/2025 17:24:45][WildStr][svchost.exe]

[Throw dll injection][27/06/2025 17:24:45][WildStr][dwm.exe]

[Throw dll injection][27/06/2025 17:24:45][WildStr][svchost.exe]

[Throw dll injection][27/06/2025 17:24:45][WildStr][svchost.exe]

[Throw dll injection][27/06/2025 17:24:45][WildStr][svchost.exe]

[Throw dll injection][27/06/2025 17:24:45][WildStr][svchost.exe]

[Throw dll injection][27/06/2025 17:24:45][WildStr][dwm.exe]

[Throw dll injection][27/06/2025 17:24:45][WildStr][svchost.exe]

[Throw dll injection][27/06/2025 17:24:45][WildStr][svchost.exe]

[Throw dll injection][27/06/2025 17:24:45][WildStr][svchost.exe]

[Throw dll injection][27/06/2025 17:24:45][WildStr][svchost.exe]

[Throw dll injection][27/06/2025 17:24:45][WildStr][svchost.exe]

[Throw dll injection][27/06/2025 17:24:45][WildStr][svchost.exe]

[Throw dll injection][27/06/2025 17:24:45][WildStr][svchost.exe]

[Throw dll injection][27/06/2025 17:24:45][WildStr][svchost.exe]

[Throw dll injection][27/06/2025 17:24:45][WildStr][svchost.exe]

[Throw dll injection][27/06/2025 17:24:45][WildStr][svchost.exe]

[Throw dll injection][27/06/2025 17:24:45][WildStr][svchost.exe]

[Throw dll injection][27/06/2025 17:24:45][WildStr][svchost.exe]

[Throw dll injection][27/06/2025 17:24:45][WildStr][svchost.exe]

[Throw dll injection][27/06/2025 17:24:45][WildStr][svchost.exe]

[Throw dll injection][27/06/2025 17:24:45][WildStr][svchost.exe]

[Throw dll injection][27/06/2025 17:24:45][WildStr][svchost.exe]

[Throw dll injection][27/06/2025 17:24:45][WildStr][svchost.exe]

[Throw dll injection][27/06/2025 17:24:45][WildStr][svchost.exe]

[Throw dll injection][27/06/2025 17:24:45][WildStr][VBoxService.exe]

[Throw dll injection][27/06/2025 17:24:45][WildStr][svchost.exe]

[Throw dll injection][27/06/2025 17:24:45][WildStr][svchost.exe]

[Throw dll injection][27/06/2025 17:24:45][WildStr][svchost.exe]

[Throw dll injection][27/06/2025 17:24:45][WildStr][svchost.exe]

[Throw dll injection][27/06/2025 17:24:45][WildStr][VBoxService.exe]

[Throw dll injection][27/06/2025 17:24:45][WildStr][svchost.exe]

[Throw dll injection][27/06/2025 17:24:45][WildStr][svchost.exe]

[Throw dll injection][27/06/2025 17:24:45][WildStr][svchost.exe]

[Throw dll injection][27/06/2025 17:24:45][WildStr][svchost.exe]

[Throw dll injection][27/06/2025 17:24:45][WildStr][svchost.exe]

[Throw dll injection][27/06/2025 17:24:45][WildStr][svchost.exe]

[Throw dll injection][27/06/2025 17:24:45][WildStr][svchost.exe]

[Throw dll injection][27/06/2025 17:24:45][WildStr][svchost.exe]

[Throw dll injection][27/06/2025 17:24:45][WildStr][Memory Compression]

[Throw dll injection][27/06/2025 17:24:45][WildStr][svchost.exe]

[Throw dll injection][27/06/2025 17:24:45][WildStr][svchost.exe]

[Throw dll injection][27/06/2025 17:24:45][WildStr][svchost.exe]

[Throw dll injection][27/06/2025 17:24:45][WildStr][Memory Compression]

[Throw dll injection][27/06/2025 17:24:45][WildStr][svchost.exe]

[Throw dll injection][27/06/2025 17:24:45][WildStr][svchost.exe]

[Throw dll injection][27/06/2025 17:24:45][WildStr][svchost.exe]

[Throw dll injection][27/06/2025 17:24:45][WildStr][svchost.exe]

[Throw dll injection][27/06/2025 17:24:45][WildStr][svchost.exe]

[Throw dll injection][27/06/2025 17:24:45][WildStr][svchost.exe]

[Throw dll injection][27/06/2025 17:24:45][WildStr][svchost.exe]

[Throw dll injection][27/06/2025 17:24:45][WildStr][svchost.exe]

[Throw dll injection][27/06/2025 17:24:45][WildStr][svchost.exe]

[Throw dll injection][27/06/2025 17:24:45][WildStr][svchost.exe]

[Throw dll injection][27/06/2025 17:24:45][WildStr][svchost.exe]

[Throw dll injection][27/06/2025 17:24:45][WildStr][svchost.exe]

[Throw dll injection][27/06/2025 17:24:45][WildStr][spoolsv.exe]

[Throw dll injection][27/06/2025 17:24:45][WildStr][svchost.exe]

[Throw dll injection][27/06/2025 17:24:45][WildStr][svchost.exe]

[Throw dll injection][27/06/2025 17:24:45][WildStr][svchost.exe]

[Throw dll injection][27/06/2025 17:24:45][WildStr][svchost.exe]

[Throw dll injection][27/06/2025 17:24:45][WildStr][spoolsv.exe]

[Throw dll injection][27/06/2025 17:24:45][WildStr][svchost.exe]

[Throw dll injection][27/06/2025 17:24:45][WildStr][svchost.exe]

[Throw dll injection][27/06/2025 17:24:45][WildStr][svchost.exe]

[Throw dll injection][27/06/2025 17:24:45][WildStr][svchost.exe]

[Throw dll injection][27/06/2025 17:24:45][WildStr][svchost.exe]

[Throw dll injection][27/06/2025 17:24:45][WildStr][svchost.exe]

[Throw dll injection][27/06/2025 17:24:45][WildStr][ssh-agent.exe]

[Throw dll injection][27/06/2025 17:24:45][WildStr][ssh-agent.exe]

[Throw dll injection][27/06/2025 17:24:45][WildStr][sshd.exe]

[Throw dll injection][27/06/2025 17:24:45][WildStr][sshd.exe]

[Throw dll injection][27/06/2025 17:24:45][WildStr][svchost.exe]

[Throw dll injection][27/06/2025 17:24:45][WildStr][svchost.exe]

[Throw dll injection][27/06/2025 17:24:45][WildStr][svchost.exe]

[Throw dll injection][27/06/2025 17:24:45][WildStr][svchost.exe]

[Throw dll injection][27/06/2025 17:24:45][WildStr][svchost.exe]

[Throw dll injection][27/06/2025 17:24:45][WildStr][svchost.exe]

[Throw dll injection][27/06/2025 17:24:45][WildStr][svchost.exe]

[Throw dll injection][27/06/2025 17:24:45][WildStr][svchost.exe]

[Throw dll injection][27/06/2025 17:24:45][WildStr][svchost.exe]

[Throw dll injection][27/06/2025 17:24:45][WildStr][svchost.exe]

[Throw dll injection][27/06/2025 17:24:45][WildStr][svchost.exe]

[Throw dll injection][27/06/2025 17:24:45][WildStr][svchost.exe]

[Throw dll injection][27/06/2025 17:24:45][WildStr][svchost.exe]

[Throw dll injection][27/06/2025 17:24:45][WildStr][svchost.exe]

[Throw dll injection][27/06/2025 17:24:45][WildStr][svchost.exe]
Service.exe]

[Throw dll injection][27/06/2025 17:24:45][WildStr][MsMpEng.exe]

[Throw dll injection][27/06/2025 17:24:45][WildStr][MpDefenderCoreService.exe]

[Throw dll injection][27/06/2025 17:24:45][WildStr][SearchIndexer.exe]

[Throw dll injection][27/06/2025 17:24:45][WildStr][MsMpEng.exe]

[Throw dll injection][27/06/2025 17:24:45][WildStr][SearchIndexer.exe]

[Throw dll injection][27/06/2025 17:24:45][WildStr][AggregatorHost.exe]

[Throw dll injection][27/06/2025 17:24:45][WildStr][AggregatorHost.exe]

[Throw dll injection][27/06/2025 17:24:45][WildStr][dllhost.exe]

[Throw dll injection][27/06/2025 17:24:45][WildStr][svchost.exe]

[Throw dll injection][27/06/2025 17:24:45][WildStr][svchost.exe]

[Throw dll injection][27/06/2025 17:24:45][WildStr][NisSrv.exe]

[Throw dll injection][27/06/2025 17:24:45][WildStr][NisSrv.exe]

[Throw dll injection][27/06/2025 17:24:45][WildStr][sihost.exe]

[Throw dll injection][27/06/2025 17:24:45][WildStr][sihost.exe]

[Throw dll injection][27/06/2025 17:24:45][WildStr][svchost.exe]

[Throw dll injection][27/06/2025 17:24:45][WildStr][svchost.exe]

[Throw dll injection][27/06/2025 17:24:45][WildStr][svchost.exe]

[Throw dll injection][27/06/2025 17:24:45][WildStr][svchost.exe]

[Throw dll injection][27/06/2025 17:24:45][WildStr][taskhostw.exe]

[Throw dll injection][27/06/2025 17:24:45][WildStr][taskhostw.exe]

[Throw dll injection][27/06/2025 17:24:45][WildStr][MicrosoftEdgeUpdate.exe]

[Throw dll injection][27/06/2025 17:24:45][WildStr][MicrosoftEdgeUpdate.exe]

[Throw dll injection][27/06/2025 17:24:45][WildStr][svchost.exe]

[Throw dll injection][27/06/2025 17:24:45][WildStr][svchost.exe]

[Throw dll injection][27/06/2025 17:24:45][WildStr][ctfmon.exe]

[Throw dll injection][27/06/2025 17:24:45][WildStr][ctfmon.exe]

[Throw dll injection][27/06/2025 17:24:45][WildStr][svchost.exe]

[Throw dll injection][27/06/2025 17:24:45][WildStr][svchost.exe]

[Throw dll injection][27/06/2025 17:24:45][WildStr][svchost.exe]

[Throw dll injection][27/06/2025 17:24:45][WildStr][svchost.exe]

[Throw dll injection][27/06/2025 17:24:45][WildStr][explorer.exe]

[Throw dll injection][27/06/2025 17:24:45][WildStr][explorer.exe]

[Throw dll injection][27/06/2025 17:24:45][WildStr][svchost.exe]

[Throw dll injection][27/06/2025 17:24:45][WildStr][svchost.exe]

[Throw dll injection][27/06/2025 17:24:45][WildStr][StartMenuExperienceHost.exe]

[Throw dll injection][27/06/2025 17:24:45][WildStr][StartMenuExperienceHost.exe]

[Throw dll injection][27/06/2025 17:24:45][WildStr][RuntimeBroker.exe]

[Throw dll injection][27/06/2025 17:24:45][WildStr][RuntimeBroker.exe]

[Throw dll injection][27/06/2025 17:24:45][WildStr][SearchApp.exe]

[Throw dll injection][27/06/2025 17:24:45][WildStr][SearchApp.exe]

[Throw dll injection][27/06/2025 17:24:45][WildStr][svchost.exe]

[Throw dll injection][27/06/2025 17:24:45][WildStr][svchost.exe]

[Throw dll injection][27/06/2025 17:24:45][WildStr][RuntimeBroker.exe]

[Throw dll injection][27/06/2025 17:24:45][WildStr][RuntimeBroker.exe]

[Throw dll injection][27/06/2025 17:24:45][WildStr][RuntimeBroker.exe]

[Throw dll injection][27/06/2025 17:24:45][WildStr][RuntimeBroker.exe]

[Throw dll injection][27/06/2025 17:24:45][WildStr][svchost.exe]

[Throw dll injection][27/06/2025 17:24:45][WildStr][svchost.exe]

[Throw dll injection][27/06/2025 17:24:45][WildStr][SecurityHealthSystray.exe]

[Throw dll injection][27/06/2025 17:24:45][WildStr][SecurityHealthSystray.exe]

[Throw dll injection][27/06/2025 17:24:45][WildStr][SecurityHealthService.exe]

[Throw dll injection][27/06/2025 17:24:45][WildStr][SecurityHealthService.exe]

[Throw dll injection][27/06/2025 17:24:45][WildStr][VBoxTray.exe]

[Throw dll injection][27/06/2025 17:24:45][WildStr][VBoxTray.exe]

[Throw dll injection][27/06/2025 17:24:45][WildStr][OneDrive.exe]

[Throw dll injection][27/06/2025 17:24:45][WildStr][OneDrive.exe]

[Throw dll injection][27/06/2025 17:24:45][WildStr][svchost.exe]

[Throw dll injection][27/06/2025 17:24:45][WildStr][svchost.exe]

[Throw dll injection][27/06/2025 17:24:45][WildStr][svchost.exe]

[Throw dll injection][27/06/2025 17:24:45][WildStr][svchost.exe]

[Throw dll injection][27/06/2025 17:24:45][WildStr][svchost.exe]

[Throw dll injection][27/06/2025 17:24:45][WildStr][svchost.exe]

[Throw dll injection][27/06/2025 17:24:45][WildStr][svchost.exe]

[Throw dll injection][27/06/2025 17:24:45][WildStr][svchost.exe]

[Throw dll injection][27/06/2025 17:24:45][WildStr][svchost.exe]

[Throw dll injection][27/06/2025 17:24:45][WildStr][svchost.exe]

[Throw dll injection][27/06/2025 17:24:45][WildStr][svchost.exe]

[Throw dll injection][27/06/2025 17:24:45][WildStr][svchost.exe]

[Throw dll injection][27/06/2025 17:24:45][WildStr][TextInputHost.exe]

[Throw dll injection][27/06/2025 17:24:45][WildStr][TextInputHost.exe]

[Throw dll injection][27/06/2025 17:24:45][WildStr][ApplicationFrameHost.exe]

[Throw dll injection][27/06/2025 17:24:45][WildStr][ApplicationFrameHost.exe]

[Throw dll injection][27/06/2025 17:24:45][WildStr][SystemSettings.exe]

[Throw dll injection][27/06/2025 17:24:45][WildStr][SystemSettings.exe]

[Throw dll injection][27/06/2025 17:24:45][WildStr][UserOOBEBroker.exe]

[Throw dll injection][27/06/2025 17:24:45][WildStr][SearchApp.exe]

[Throw dll injection][27/06/2025 17:24:45][WildStr][msedgewebview2.exe]

[Throw dll injection][27/06/2025 17:24:45][WildStr][SearchApp.exe]

[Throw dll injection][27/06/2025 17:24:45][WildStr][msedgewebview2.exe]

[Throw dll injection][27/06/2025 17:24:45][WildStr][msedgewebview2.exe]

[Throw dll injection][27/06/2025 17:24:45][WildStr][msedgewebview2.exe]

[Throw dll injection][27/06/2025 17:24:45][WildStr][msedgewebview2.exe]

[Throw dll injection][27/06/2025 17:24:45][WildStr][msedgewebview2.exe]

[Throw dll injection][27/06/2025 17:24:45][WildStr][msedgewebview2.exe]

[Throw dll injection][27/06/2025 17:24:45][WildStr][msedgewebview2.exe]

[Throw dll injection][27/06/2025 17:24:45][WildStr][msedgewebview2.exe]

[Throw dll injection][27/06/2025 17:24:45][WildStr][msedgewebview2.exe]

[Throw dll injection][27/06/2025 17:24:45][WildStr][FileCoAuth.exe]
e]

[Throw dll injection][27/06/2025 17:24:45][WildStr][msedgewebview2.exe]

[Throw dll injection][27/06/2025 17:24:45][WildStr][svchost.exe]

[Throw dll injection][27/06/2025 17:24:45][WildStr][FileCoAuth.exe]

[Throw dll injection][27/06/2025 17:24:45][WildStr][msedge.exe]

[Throw dll injection][27/06/2025 17:24:45][WildStr][svchost.exe]

[Throw dll injection][27/06/2025 17:24:45][WildStr][msedge.exe]

[Throw dll injection][27/06/2025 17:24:45][WildStr][msedge.exe]

[Throw dll injection][27/06/2025 17:24:45][WildStr][msedge.exe]

[Throw dll injection][27/06/2025 17:24:45][WildStr][msedge.exe]

[Throw dll injection][27/06/2025 17:24:45][WildStr][msedge.exe]

[Throw dll injection][27/06/2025 17:24:45][WildStr][msedge.exe]

[Throw dll injection][27/06/2025 17:24:45][WildStr][msedge.exe]

[Throw dll injection][27/06/2025 17:24:45][WildStr][msedge.exe]

[Throw dll injection][27/06/2025 17:24:45][WildStr][svchost.exe]

[Throw dll injection][27/06/2025 17:24:45][WildStr][msedge.exe]

[Throw dll injection][27/06/2025 17:24:45][WildStr][svchost.exe]

[Throw dll injection][27/06/2025 17:24:45][WildStr][svchost.exe]

[Throw dll injection][27/06/2025 17:24:45][WildStr][svchost.exe]

[Throw dll injection][27/06/2025 17:24:45][WildStr][svchost.exe]

[Throw dll injection][27/06/2025 17:24:45][WildStr][dllhost.exe]

[Throw dll injection][27/06/2025 17:24:45][WildStr][svchost.exe]

[Throw dll injection][27/06/2025 17:24:45][WildStr][ShellExperienceHost.exe]

[Throw dll injection][27/06/2025 17:24:45][WildStr][dllhost.exe]

[Throw dll injection][27/06/2025 17:24:45][WildStr][RuntimeBroker.exe]

[Throw dll injection][27/06/2025 17:24:45][WildStr][ShellExperienceHost.exe]

[Throw dll injection][27/06/2025 17:24:45][WildStr][powershell.exe]

[Throw dll injection][27/06/2025 17:24:45][WildStr][RuntimeBroker.exe]

[Throw dll injection][27/06/2025 17:24:45][WildStr][conhost.exe]

[Throw dll injection][27/06/2025 17:24:45][WildStr][powershell.exe]

[Throw dll injection][27/06/2025 17:24:45][WildStr][cmd.exe]

[Throw dll injection][27/06/2025 17:24:45][WildStr][conhost.exe]

[Throw dll injection][27/06/2025 17:24:45][WildStr][conhost.exe]

[Throw dll injection][27/06/2025 17:24:45][WildStr][cmd.exe]

[Throw dll injection][27/06/2025 17:24:45][WildStr][powershell.exe]

[Throw dll injection][27/06/2025 17:24:45][WildStr][conhost.exe]

[Throw dll injection][27/06/2025 17:24:45][WildStr][Code.exe]

[Throw dll injection][27/06/2025 17:24:45][WildStr][powershell.exe]

[Throw dll injection][27/06/2025 17:24:45][WildStr][Code.exe]

[Throw dll injection][27/06/2025 17:24:45][WildStr][Code.exe]

[Throw dll injection][27/06/2025 17:24:45][WildStr][Code.exe]

[Throw dll injection][27/06/2025 17:24:45][WildStr][Code.exe]

[Throw dll injection][27/06/2025 17:24:45][WildStr][Code.exe]

[Throw dll injection][27/06/2025 17:24:45][WildStr][Code.exe]

[Throw dll injection][27/06/2025 17:24:45][WildStr][Code.exe]

[Throw dll injection][27/06/2025 17:24:45][WildStr][Code.exe]

[Throw dll injection][27/06/2025 17:24:45][WildStr][Code.exe]

[Throw dll injection][27/06/2025 17:24:45][WildStr][Code.exe]

[Throw dll injection][27/06/2025 17:24:45][WildStr][Code.exe]

[Throw dll injection][27/06/2025 17:24:45][WildStr][Code.exe]

[Throw dll injection][27/06/2025 17:24:45][WildStr][Code.exe]

[Throw dll injection][27/06/2025 17:24:45][WildStr][Code.exe]

[Throw dll injection][27/06/2025 17:24:45][WildStr][cpptools.exe]

[Throw dll injection][27/06/2025 17:24:45][WildStr][Code.exe]

[Throw dll injection][27/06/2025 17:24:45][WildStr][conhost.exe]

[Throw dll injection][27/06/2025 17:24:45][WildStr][cpptools.exe]

[Throw dll injection][27/06/2025 17:24:45][WildStr][Code.exe]

[Throw dll injection][27/06/2025 17:24:45][WildStr][conhost.exe]

[Throw dll injection][27/06/2025 17:24:45][WildStr][cpptools.exe]

[Throw dll injection][27/06/2025 17:24:45][WildStr][Code.exe]

[Throw dll injection][27/06/2025 17:24:45][WildStr][cpptools-srv.exe]

[Throw dll injection][27/06/2025 17:24:45][WildStr][cpptools.exe]

[Throw dll injection][27/06/2025 17:24:45][WildStr][conhost.exe]

[Throw dll injection][27/06/2025 17:24:45][WildStr][cpptools-srv.exe]

[Throw dll injection][27/06/2025 17:24:45][WildStr][svchost.exe]

[Throw dll injection][27/06/2025 17:24:45][WildStr][conhost.exe]

[Throw dll injection][27/06/2025 17:24:45][WildStr][svchost.exe]

[Throw dll injection][27/06/2025 17:24:45][WildStr][Code.exe]

[Throw dll injection][27/06/2025 17:24:45][WildStr][conhost.exe]

[Throw dll injection][27/06/2025 17:24:45][WildStr][svchost.exe]

[Throw dll injection][27/06/2025 17:24:45][WildStr][powershell.exe]

[Throw dll injection][27/06/2025 17:24:45][WildStr][svchost.exe]

[Throw dll injection][27/06/2025 17:24:45][WildStr][vctip.exe]

[Throw dll injection][27/06/2025 17:24:45][WildStr][Code.exe]

[Throw dll injection][27/06/2025 17:24:45][WildStr][cpptools-srv.exe]

[Throw dll injection][27/06/2025 17:24:45][WildStr][conhost.exe]

[Throw dll injection][27/06/2025 17:24:45][WildStr][svchost.exe]

[Throw dll injection][27/06/2025 17:24:45][WildStr][powershell.exe]

[Throw dll injection][27/06/2025 17:24:45][WildStr][smartscreen.exe]

[Throw dll injection][27/06/2025 17:24:45][WildStr][vctip.exe]

[Throw dll injection][27/06/2025 17:24:45][WildStr][Taskmgr.exe]

[Throw dll injection][27/06/2025 17:24:45][WildStr][cpptools-srv.exe]

[Throw dll injection][27/06/2025 17:24:45][WildStr][conhost.exe]

[Throw dll injection][27/06/2025 17:24:45][WildStr][powershell.exe]

[Throw dll injection][27/06/2025 17:24:45][WildStr][smartscreen.exe]

[Throw dll injection][27/06/2025 17:24:45][WildStr][Taskmgr.exe]

[Throw dll injection][27/06/2025 17:24:45][WildStr][conhost.exe]

[Throw dll injection][27/06/2025 17:24:45][WildStr][powershell.exe]

[Throw dll injection][27/06/2025 17:24:46][WildStr][System]

[Throw dll injection][27/06/2025 17:24:46][WildStr][Registry]

[Throw dll injection][27/06/2025 17:24:46][WildStr][Registry]

[Throw dll injection][27/06/2025 17:24:46][WildStr][smss.exe]

[Throw dll injection][27/06/2025 17:24:46][WildStr][csrss.exe]

[Throw dll injection][27/06/2025 17:24:46][WildStr][csrss.exe]

[Throw dll injection][27/06/2025 17:24:46][WildStr][wininit.exe]

[Throw dll injection][27/06/2025 17:24:46][WildStr][csrss.exe]

[Throw dll injection][27/06/2025 17:24:46][WildStr][csrss.exe]

[Throw dll injection][27/06/2025 17:24:46][WildStr][winlogon.exe]

[Throw dll injection][27/06/2025 17:24:46][WildStr][services.exe]

[Throw dll injection][27/06/2025 17:24:46][WildStr][services.exe]

[Throw dll injection][27/06/2025 17:24:46][WildStr][lsass.exe]

[Throw dll injection][27/06/2025 17:24:46][WildStr][lsass.exe]

[Throw dll injection][27/06/2025 17:24:46][WildStr][svchost.exe]

[Throw dll injection][27/06/2025 17:24:46][WildStr][fontdrvhost.exe]

[Throw dll injection][27/06/2025 17:24:46][WildStr][svchost.exe]

[Throw dll injection][27/06/2025 17:24:46][WildStr][fontdrvhost.exe]

[Throw dll injection][27/06/2025 17:24:46][WildStr][fontdrvhost.exe]

[Throw dll injection][27/06/2025 17:24:46][WildStr][svchost.exe]

[Throw dll injection][27/06/2025 17:24:46][WildStr][fontdrvhost.exe]

[Throw dll injection][27/06/2025 17:24:46][WildStr][svchost.exe]

[Throw dll injection][27/06/2025 17:24:46][WildStr][svchost.exe]

[Throw dll injection][27/06/2025 17:24:46][WildStr][dwm.exe]

[Throw dll injection][27/06/2025 17:24:46][WildStr][svchost.exe]

[Throw dll injection][27/06/2025 17:24:46][WildStr][svchost.exe]

[Throw dll injection][27/06/2025 17:24:46][WildStr][svchost.exe]

[Throw dll injection][27/06/2025 17:24:46][WildStr][dwm.exe]

[Throw dll injection][27/06/2025 17:24:46][WildStr][svchost.exe]

[Throw dll injection][27/06/2025 17:24:46][WildStr][svchost.exe]

[Throw dll injection][27/06/2025 17:24:46][WildStr][svchost.exe]

[Throw dll injection][27/06/2025 17:24:46][WildStr][svchost.exe]

[Throw dll injection][27/06/2025 17:24:46][WildStr][svchost.exe]

[Throw dll injection][27/06/2025 17:24:46][WildStr][svchost.exe]

[Throw dll injection][27/06/2025 17:24:46][WildStr][svchost.exe]

[Throw dll injection][27/06/2025 17:24:46][WildStr][svchost.exe]

[Throw dll injection][27/06/2025 17:24:46][WildStr][svchost.exe]

[Throw dll injection][27/06/2025 17:24:46][WildStr][svchost.exe]

[Throw dll injection][27/06/2025 17:24:46][WildStr][svchost.exe]

[Throw dll injection][27/06/2025 17:24:46][WildStr][svchost.exe]

[Throw dll injection][27/06/2025 17:24:46][WildStr][svchost.exe]

[Throw dll injection][27/06/2025 17:24:46][WildStr][svchost.exe]

[Throw dll injection][27/06/2025 17:24:46][WildStr][svchost.exe]

[Throw dll injection][27/06/2025 17:24:46][WildStr][svchost.exe]

[Throw dll injection][27/06/2025 17:24:46][WildStr][svchost.exe]

[Throw dll injection][27/06/2025 17:24:46][WildStr][svchost.exe]

[Throw dll injection][27/06/2025 17:24:46][WildStr][svchost.exe]

[Throw dll injection][27/06/2025 17:24:46][WildStr][svchost.exe]

[Throw dll injection][27/06/2025 17:24:46][WildStr][VBoxService.exe]

[Throw dll injection][27/06/2025 17:24:46][WildStr][svchost.exe]

[Throw dll injection][27/06/2025 17:24:46][WildStr][svchost.exe]

[Throw dll injection][27/06/2025 17:24:46][WildStr][svchost.exe]

[Throw dll injection][27/06/2025 17:24:46][WildStr][VBoxService.exe]

[Throw dll injection][27/06/2025 17:24:46][WildStr][svchost.exe]

[Throw dll injection][27/06/2025 17:24:46][WildStr][svchost.exe]

[Throw dll injection][27/06/2025 17:24:46][WildStr][svchost.exe]

[Throw dll injection][27/06/2025 17:24:46][WildStr][svchost.exe]

[Throw dll injection][27/06/2025 17:24:46][WildStr][svchost.exe]

[Throw dll injection][27/06/2025 17:24:46][WildStr][svchost.exe]

[Throw dll injection][27/06/2025 17:24:46][WildStr][svchost.exe]

[Throw dll injection][27/06/2025 17:24:46][WildStr][svchost.exe]

[Throw dll injection][27/06/2025 17:24:46][WildStr][svchost.exe]

[Throw dll injection][27/06/2025 17:24:46][WildStr][svchost.exe]

[Throw dll injection][27/06/2025 17:24:46][WildStr][svchost.exe]

[Throw dll injection][27/06/2025 17:24:46][WildStr][Memory Compression]

[Throw dll injection][27/06/2025 17:24:46][WildStr][Memory Compression]

[Throw dll injection][27/06/2025 17:24:46][WildStr][svchost.exe]

[Throw dll injection][27/06/2025 17:24:46][WildStr][svchost.exe]

[Throw dll injection][27/06/2025 17:24:46][WildStr][svchost.exe]

[Throw dll injection][27/06/2025 17:24:46][WildStr][svchost.exe]

[Throw dll injection][27/06/2025 17:24:46][WildStr][svchost.exe]

[Throw dll injection][27/06/2025 17:24:46][WildStr][svchost.exe]

[Throw dll injection][27/06/2025 17:24:46][WildStr][svchost.exe]

[Throw dll injection][27/06/2025 17:24:46][WildStr][svchost.exe]

[Throw dll injection][27/06/2025 17:24:46][WildStr][svchost.exe]

[Throw dll injection][27/06/2025 17:24:46][WildStr][svchost.exe]

[Throw dll injection][27/06/2025 17:24:46][WildStr][svchost.exe]

[Throw dll injection][27/06/2025 17:24:46][WildStr][svchost.exe]

[Throw dll injection][27/06/2025 17:24:46][WildStr][svchost.exe]

[Throw dll injection][27/06/2025 17:24:46][WildStr][svchost.exe]

[Throw dll injection][27/06/2025 17:24:46][WildStr][svchost.exe]

[Throw dll injection][27/06/2025 17:24:46][WildStr][svchost.exe]

[Throw dll injection][27/06/2025 17:24:46][WildStr][spoolsv.exe]

[Throw dll injection][27/06/2025 17:24:46][WildStr][svchost.exe]

[Throw dll injection][27/06/2025 17:24:46][WildStr][svchost.exe]

[Throw dll injection][27/06/2025 17:24:46][WildStr][svchost.exe]

[Throw dll injection][27/06/2025 17:24:46][WildStr][svchost.exe]

[Throw dll injection][27/06/2025 17:24:46][WildStr][svchost.exe]

[Throw dll injection][27/06/2025 17:24:46][WildStr][ssh-agent.exe]

[Throw dll injection][27/06/2025 17:24:46][WildStr][svchost.exe]

[Throw dll injection][27/06/2025 17:24:46][WildStr][sshd.exe]

[Throw dll injection][27/06/2025 17:24:46][WildStr][svchost.exe]

[Throw dll injection][27/06/2025 17:24:46][WildStr][svchost.exe]

[Throw dll injection][27/06/2025 17:24:46][WildStr][svchost.exe]

[Throw dll injection][27/06/2025 17:24:46][WildStr][svchost.exe]

[Throw dll injection][27/06/2025 17:24:46][WildStr][ssh-agent.exe]

[Throw dll injection][27/06/2025 17:24:46][WildStr][svchost.exe]

[Throw dll injection][27/06/2025 17:24:46][WildStr][sshd.exe]

[Throw dll injection][27/06/2025 17:24:46][WildStr][svchost.exe]

[Throw dll injection][27/06/2025 17:24:46][WildStr][svchost.exe]

[Throw dll injection][27/06/2025 17:24:46][WildStr][svchost.exe]

[Throw dll injection][27/06/2025 17:24:46][WildStr][svchost.exe]

[Throw dll injection][27/06/2025 17:24:46][WildStr][svchost.exe]

[Throw dll injection][27/06/2025 17:24:46][WildStr][svchost.exe]

[Throw dll injection][27/06/2025 17:24:46][WildStr][svchost.exe]

[Throw dll injection][27/06/2025 17:24:46][WildStr][svchost.exe]

[Throw dll injection][27/06/2025 17:24:46][WildStr][svchost.exe]

[Throw dll injection][27/06/2025 17:24:46][WildStr][MpDefenderCoreService.exe]

[Throw dll injection][27/06/2025 17:24:46][WildStr][svchost.exe]

[Throw dll injection][27/06/2025 17:24:46][WildStr][MsMpEng.exe]

[Throw dll injection][27/06/2025 17:24:46][WildStr][svchost.exe]

[Throw dll injection][27/06/2025 17:24:46][WildStr][SearchIndexer.exe]

[Throw dll injection][27/06/2025 17:24:46][WildStr][svchost.exe]

[Throw dll injection][27/06/2025 17:24:46][WildStr][AggregatorHost.exe]

[Throw dll injection][27/06/2025 17:24:46][WildStr][svchost.exe]

[Throw dll injection][27/06/2025 17:24:46][WildStr][dllhost.exe]

[Throw dll injection][27/06/2025 17:24:46][WildStr][svchost.exe]

[Throw dll injection][27/06/2025 17:24:46][WildStr][svchost.exe]

[Throw dll injection][27/06/2025 17:24:46][WildStr][MpDefenderCoreService.exe]

[Throw dll injection][27/06/2025 17:24:46][WildStr][NisSrv.exe]

[Throw dll injection][27/06/2025 17:24:46][WildStr][MsMpEng.exe]

[Throw dll injection][27/06/2025 17:24:46][WildStr][sihost.exe]

[Throw dll injection][27/06/2025 17:24:46][WildStr][SearchIndexer.exe]

[Throw dll injection][27/06/2025 17:24:46][WildStr][svchost.exe]

[Throw dll injection][27/06/2025 17:24:46][WildStr][AggregatorHost.exe]

[Throw dll injection][27/06/2025 17:24:46][WildStr][svchost.exe]

[Throw dll injection][27/06/2025 17:24:46][WildStr][dllhost.exe]

[Throw dll injection][27/06/2025 17:24:46][WildStr][taskhostw.exe]

[Throw dll injection][27/06/2025 17:24:46][WildStr][svchost.exe]

[Throw dll injection][27/06/2025 17:24:46][WildStr][MicrosoftEdgeUpdate.exe]

[Throw dll injection][27/06/2025 17:24:46][WildStr][NisSrv.exe]

[Throw dll injection][27/06/2025 17:24:46][WildStr][svchost.exe]

[Throw dll injection][27/06/2025 17:24:46][WildStr][sihost.exe]

[Throw dll injection][27/06/2025 17:24:46][WildStr][ctfmon.exe]

[Throw dll injection][27/06/2025 17:24:46][WildStr][svchost.exe]

[Throw dll injection][27/06/2025 17:24:46][WildStr][svchost.exe]

[Throw dll injection][27/06/2025 17:24:46][WildStr][svchost.exe]

[Throw dll injection][27/06/2025 17:24:46][WildStr][svchost.exe]

[Throw dll injection][27/06/2025 17:24:46][WildStr][explorer.exe]

[Throw dll injection][27/06/2025 17:24:46][WildStr][taskhostw.exe]

[Throw dll injection][27/06/2025 17:24:46][WildStr][svchost.exe]

[Throw dll injection][27/06/2025 17:24:46][WildStr][StartMenuExperienceHost.exe]

[Throw dll injection][27/06/2025 17:24:46][WildStr][svchost.exe]

[Throw dll injection][27/06/2025 17:24:46][WildStr][RuntimeBroker.exe]

[Throw dll injection][27/06/2025 17:24:46][WildStr][ctfmon.exe]

[Throw dll injection][27/06/2025 17:24:46][WildStr][svchost.exe]

[Throw dll injection][27/06/2025 17:24:46][WildStr][SearchApp.exe]

[Throw dll injection][27/06/2025 17:24:46][WildStr][svchost.exe]

[Throw dll injection][27/06/2025 17:24:46][WildStr][svchost.exe]

[Throw dll injection][27/06/2025 17:24:46][WildStr][RuntimeBroker.exe]

[Throw dll injection][27/06/2025 17:24:46][WildStr][explorer.exe]

[Throw dll injection][27/06/2025 17:24:46][WildStr][RuntimeBroker.exe]

[Throw dll injection][27/06/2025 17:24:46][WildStr][StartMenuExperienceHost.exe]

[Throw dll injection][27/06/2025 17:24:46][WildStr][svchost.exe]

[Throw dll injection][27/06/2025 17:24:46][WildStr][RuntimeBroker.exe]

[Throw dll injection][27/06/2025 17:24:46][WildStr][SecurityHealthSystray.exe]

[Throw dll injection][27/06/2025 17:24:46][WildStr][SearchApp.exe]

[Throw dll injection][27/06/2025 17:24:46][WildStr][SecurityHealthService.exe]

[Throw dll injection][27/06/2025 17:24:46][WildStr][VBoxTray.exe]

[Throw dll injection][27/06/2025 17:24:46][WildStr][svchost.exe]

[Throw dll injection][27/06/2025 17:24:46][WildStr][OneDrive.exe]

[Throw dll injection][27/06/2025 17:24:46][WildStr][RuntimeBroker.exe]

[Throw dll injection][27/06/2025 17:24:46][WildStr][svchost.exe]

[Throw dll injection][27/06/2025 17:24:46][WildStr][RuntimeBroker.exe]

[Throw dll injection][27/06/2025 17:24:46][WildStr][svchost.exe]

[Throw dll injection][27/06/2025 17:24:46][WildStr][svchost.exe]

[Throw dll injection][27/06/2025 17:24:46][WildStr][SecurityHealthSystray.exe]

[Throw dll injection][27/06/2025 17:24:46][WildStr][SecurityHealthService.exe]

[Throw dll injection][27/06/2025 17:24:46][WildStr][svchost.exe]

[Throw dll injection][27/06/2025 17:24:46][WildStr][VBoxTray.exe]

[Throw dll injection][27/06/2025 17:24:46][WildStr][svchost.exe]

[Throw dll injection][27/06/2025 17:24:46][WildStr][OneDrive.exe]

[Throw dll injection][27/06/2025 17:24:46][WildStr][TextInputHost.exe]

[Throw dll injection][27/06/2025 17:24:46][WildStr][svchost.exe]

[Throw dll injection][27/06/2025 17:24:46][WildStr][ApplicationFrameHost.exe]

[Throw dll injection][27/06/2025 17:24:46][WildStr][svchost.exe]

[Throw dll injection][27/06/2025 17:24:46][WildStr][SystemSettings.exe]

[Throw dll injection][27/06/2025 17:24:46][WildStr][svchost.exe]

[Throw dll injection][27/06/2025 17:24:46][WildStr][UserOOBEBroker.exe]

[Throw dll injection][27/06/2025 17:24:46][WildStr][svchost.exe]

[Throw dll injection][27/06/2025 17:24:46][WildStr][SearchApp.exe]

[Throw dll injection][27/06/2025 17:24:46][WildStr][svchost.exe]

[Throw dll injection][27/06/2025 17:24:46][WildStr][msedgewebview2.exe]

[Throw dll injection][27/06/2025 17:24:46][WildStr][svchost.exe]

[Throw dll injection][27/06/2025 17:24:46][WildStr][msedgewebview2.exe]

[Throw dll injection][27/06/2025 17:24:46][WildStr][TextInputHost.exe]

[Throw dll injection][27/06/2025 17:24:46][WildStr][msedgewebview2.exe]

[Throw dll injection][27/06/2025 17:24:46][WildStr][ApplicationFrameHost.exe]

[Throw dll injection][27/06/2025 17:24:46][WildStr][msedgewebview2.exe]

[Throw dll injection][27/06/2025 17:24:46][WildStr][msedgewebview2.exe]

[Throw dll injection][27/06/2025 17:24:46][WildStr][UserOOBEBroker.exe]

[Throw dll injection][27/06/2025 17:24:46][WildStr][msedgewebview2.exe]

[Throw dll injection][27/06/2025 17:24:46][WildStr][SearchApp.exe]

[Throw dll injection][27/06/2025 17:24:46][WildStr][FileCoAuth.exe]

[Throw dll injection][27/06/2025 17:24:46][WildStr][msedgewebview2.exe]

[Throw dll injection][27/06/2025 17:24:46][WildStr][svchost.exe]

[Throw dll injection][27/06/2025 17:24:46][WildStr][msedgewebview2.exe]

[Throw dll injection][27/06/2025 17:24:46][WildStr][msedge.exe]

[Throw dll injection][27/06/2025 17:24:46][WildStr][msedgewebview2.exe]

[Throw dll injection][27/06/2025 17:24:46][WildStr][msedge.exe]

[Throw dll injection][27/06/2025 17:24:46][WildStr][msedge.exe]
2.exe]

[Throw dll injection][27/06/2025 17:24:46][WildStr][msedge.exe]

[Throw dll injection][27/06/2025 17:24:46][WildStr][msedgewebview2.exe]

[Throw dll injection][27/06/2025 17:24:46][WildStr][msedge.exe]
2.exe]

[Throw dll injection][27/06/2025 17:24:46][WildStr][svchost.exe]
]

[Throw dll injection][27/06/2025 17:24:46][WildStr][svchost.exe]

[Throw dll injection][27/06/2025 17:24:46][WildStr][svchost.exe]

[Throw dll injection][27/06/2025 17:24:46][WildStr][msedge.exe]

[Throw dll injection][27/06/2025 17:24:46][WildStr][svchost.exe]

[Throw dll injection][27/06/2025 17:24:46][WildStr][msedge.exe]

[Throw dll injection][27/06/2025 17:24:46][WildStr][dllhost.exe]

[Throw dll injection][27/06/2025 17:24:46][WildStr][msedge.exe]

[Throw dll injection][27/06/2025 17:24:46][WildStr][ShellExperienceHost.exe]

[Throw dll injection][27/06/2025 17:24:46][WildStr][msedge.exe]

[Throw dll injection][27/06/2025 17:24:46][WildStr][RuntimeBroker.exe]

[Throw dll injection][27/06/2025 17:24:46][WildStr][msedge.exe]

[Throw dll injection][27/06/2025 17:24:46][WildStr][powershell.exe]

[Throw dll injection][27/06/2025 17:24:46][WildStr][svchost.exe]

[Throw dll injection][27/06/2025 17:24:46][WildStr][conhost.exe]

[Throw dll injection][27/06/2025 17:24:46][WildStr][svchost.exe]

[Throw dll injection][27/06/2025 17:24:46][WildStr][cmd.exe]

[Throw dll injection][27/06/2025 17:24:46][WildStr][svchost.exe]

[Throw dll injection][27/06/2025 17:24:46][WildStr][conhost.exe]

[Throw dll injection][27/06/2025 17:24:46][WildStr][dllhost.exe]

[Throw dll injection][27/06/2025 17:24:46][WildStr][powershell.exe]

[Throw dll injection][27/06/2025 17:24:46][WildStr][ShellExperienceHost.exe]

[Throw dll injection][27/06/2025 17:24:46][WildStr][Code.exe]

[Throw dll injection][27/06/2025 17:24:46][WildStr][RuntimeBroker.exe]

[Throw dll injection][27/06/2025 17:24:46][WildStr][Code.exe]

[Throw dll injection][27/06/2025 17:24:46][WildStr][powershell.exe]

[Throw dll injection][27/06/2025 17:24:46][WildStr][Code.exe]

[Throw dll injection][27/06/2025 17:24:46][WildStr][conhost.exe]

[Throw dll injection][27/06/2025 17:24:46][WildStr][Code.exe]

[Throw dll injection][27/06/2025 17:24:46][WildStr][cmd.exe]

[Throw dll injection][27/06/2025 17:24:46][WildStr][Code.exe]

[Throw dll injection][27/06/2025 17:24:46][WildStr][conhost.exe]

[Throw dll injection][27/06/2025 17:24:46][WildStr][Code.exe]

[Throw dll injection][27/06/2025 17:24:46][WildStr][powershell.exe]

[Throw dll injection][27/06/2025 17:24:46][WildStr][Code.exe]

[Throw dll injection][27/06/2025 17:24:46][WildStr][Code.exe]

[Throw dll injection][27/06/2025 17:24:46][WildStr][Code.exe]

[Throw dll injection][27/06/2025 17:24:46][WildStr][Code.exe]

[Throw dll injection][27/06/2025 17:24:46][WildStr][cpptools.exe]

[Throw dll injection][27/06/2025 17:24:46][WildStr][Code.exe]

[Throw dll injection][27/06/2025 17:24:46][WildStr][conhost.exe]

[Throw dll injection][27/06/2025 17:24:46][WildStr][Code.exe]

[Throw dll injection][27/06/2025 17:24:46][WildStr][Code.exe]

[Throw dll injection][27/06/2025 17:24:46][WildStr][Code.exe]

[Throw dll injection][27/06/2025 17:24:46][WildStr][cpptools.exe]

[Throw dll injection][27/06/2025 17:24:46][WildStr][Code.exe]

[Throw dll injection][27/06/2025 17:24:46][WildStr][cpptools-srv.exe]

[Throw dll injection][27/06/2025 17:24:46][WildStr][Code.exe]

[Throw dll injection][27/06/2025 17:24:46][WildStr][conhost.exe]

[Throw dll injection][27/06/2025 17:24:46][WildStr][Code.exe]

[Throw dll injection][27/06/2025 17:24:46][WildStr][svchost.exe]

[Throw dll injection][27/06/2025 17:24:46][WildStr][cpptools.exe]

[Throw dll injection][27/06/2025 17:24:46][WildStr][svchost.exe]

[Throw dll injection][27/06/2025 17:24:46][WildStr][conhost.exe]

[Throw dll injection][27/06/2025 17:24:46][WildStr][Code.exe]

[Throw dll injection][27/06/2025 17:24:46][WildStr][Code.exe]

[Throw dll injection][27/06/2025 17:24:46][WildStr][conhost.exe]

[Throw dll injection][27/06/2025 17:24:46][WildStr][cpptools.exe]

[Throw dll injection][27/06/2025 17:24:46][WildStr][powershell.exe]

[Throw dll injection][27/06/2025 17:24:46][WildStr][cpptools-srv.exe]

[Throw dll injection][27/06/2025 17:24:46][WildStr][conhost.exe]

[Throw dll injection][27/06/2025 17:24:46][WildStr][vctip.exe]

[Throw dll injection][27/06/2025 17:24:46][WildStr][svchost.exe]

[Throw dll injection][27/06/2025 17:24:46][WildStr][cpptools-srv.exe]

[Throw dll injection][27/06/2025 17:24:46][WildStr][svchost.exe]

[Throw dll injection][27/06/2025 17:24:46][WildStr][conhost.exe]

[Throw dll injection][27/06/2025 17:24:46][WildStr][Code.exe]

[Throw dll injection][27/06/2025 17:24:46][WildStr][svchost.exe]

[Throw dll injection][27/06/2025 17:24:46][WildStr][conhost.exe]

[Throw dll injection][27/06/2025 17:24:46][WildStr][smartscreen.exe]

[Throw dll injection][27/06/2025 17:24:46][WildStr][powershell.exe]

[Throw dll injection][27/06/2025 17:24:46][WildStr][Taskmgr.exe]

[Throw dll injection][27/06/2025 17:24:46][WildStr][vctip.exe]

[Throw dll injection][27/06/2025 17:24:46][WildStr][cpptools-srv.exe]

[Throw dll injection][27/06/2025 17:24:46][WildStr][conhost.exe]

[Throw dll injection][27/06/2025 17:24:46][WildStr][conhost.exe]

[Throw dll injection][27/06/2025 17:24:46][WildStr][powershell.exe]

[Throw dll injection][27/06/2025 17:24:46][WildStr][svchost.exe]

[Throw dll injection][27/06/2025 17:24:46][WildStr][smartscreen.exe]

[Throw dll injection][27/06/2025 17:24:46][WildStr][Taskmgr.exe]

[Throw dll injection][27/06/2025 17:24:46][WildStr][conhost.exe]

[Throw dll injection][27/06/2025 17:24:46][WildStr][powershell.exe]

[Throw dll injection][27/06/2025 17:24:47][WildStr][System]

[Throw dll injection][27/06/2025 17:24:47][WildStr][System]

[Throw dll injection][27/06/2025 17:24:47][WildStr][Registry]

[Throw dll injection][27/06/2025 17:24:47][WildStr][Registry]

[Throw dll injection][27/06/2025 17:24:47][WildStr][smss.exe]

[Throw dll injection][27/06/2025 17:24:47][WildStr][smss.exe]

[Throw dll injection][27/06/2025 17:24:47][WildStr][csrss.exe]

[Throw dll injection][27/06/2025 17:24:47][WildStr][csrss.exe]

[Throw dll injection][27/06/2025 17:24:47][WildStr][wininit.exe]

[Throw dll injection][27/06/2025 17:24:47][WildStr][wininit.exe]

[Throw dll injection][27/06/2025 17:24:47][WildStr][csrss.exe]

[Throw dll injection][27/06/2025 17:24:47][WildStr][winlogon.exe]

[Throw dll injection][27/06/2025 17:24:47][WildStr][winlogon.exe]

[Throw dll injection][27/06/2025 17:24:47][WildStr][services.exe]

[Throw dll injection][27/06/2025 17:24:47][WildStr][services.exe]

[Throw dll injection][27/06/2025 17:24:47][WildStr][lsass.exe]

[Throw dll injection][27/06/2025 17:24:47][WildStr][lsass.exe]

[Throw dll injection][27/06/2025 17:24:47][WildStr][svchost.exe]

[Throw dll injection][27/06/2025 17:24:47][WildStr][svchost.exe]

[Throw dll injection][27/06/2025 17:24:47][WildStr][fontdrvhost.exe]

[Throw dll injection][27/06/2025 17:24:47][WildStr][fontdrvhost.exe]

[Throw dll injection][27/06/2025 17:24:47][WildStr][fontdrvhost.exe]

[Throw dll injection][27/06/2025 17:24:47][WildStr][fontdrvhost.exe]

[Throw dll injection][27/06/2025 17:24:47][WildStr][svchost.exe]

[Throw dll injection][27/06/2025 17:24:47][WildStr][svchost.exe]

[Throw dll injection][27/06/2025 17:24:47][WildStr][svchost.exe]

[Throw dll injection][27/06/2025 17:24:47][WildStr][dwm.exe]

[Throw dll injection][27/06/2025 17:24:47][WildStr][svchost.exe]

[Throw dll injection][27/06/2025 17:24:47][WildStr][svchost.exe]

[Throw dll injection][27/06/2025 17:24:47][WildStr][svchost.exe]

[Throw dll injection][27/06/2025 17:24:47][WildStr][svchost.exe]

[Throw dll injection][27/06/2025 17:24:47][WildStr][svchost.exe]

[Throw dll injection][27/06/2025 17:24:47][WildStr][svchost.exe]

[Throw dll injection][27/06/2025 17:24:47][WildStr][svchost.exe]

[Throw dll injection][27/06/2025 17:24:47][WildStr][svchost.exe]

[Throw dll injection][27/06/2025 17:24:47][WildStr][svchost.exe]

[Throw dll injection][27/06/2025 17:24:47][WildStr][svchost.exe]

[Throw dll injection][27/06/2025 17:24:47][WildStr][svchost.exe]

[Throw dll injection][27/06/2025 17:24:47][WildStr][svchost.exe]

[Throw dll injection][27/06/2025 17:24:47][WildStr][svchost.exe]

[Throw dll injection][27/06/2025 17:24:47][WildStr][svchost.exe]

[Throw dll injection][27/06/2025 17:24:47][WildStr][svchost.exe]

[Throw dll injection][27/06/2025 17:24:47][WildStr][svchost.exe]

[Throw dll injection][27/06/2025 17:24:47][WildStr][svchost.exe]

[Throw dll injection][27/06/2025 17:24:47][WildStr][svchost.exe]

[Throw dll injection][27/06/2025 17:24:47][WildStr][svchost.exe]

[Throw dll injection][27/06/2025 17:24:47][WildStr][svchost.exe]

[Throw dll injection][27/06/2025 17:24:47][WildStr][svchost.exe]

[Throw dll injection][27/06/2025 17:24:47][WildStr][svchost.exe]

[Throw dll injection][27/06/2025 17:24:47][WildStr][svchost.exe]

[Throw dll injection][27/06/2025 17:24:47][WildStr][svchost.exe]

[Throw dll injection][27/06/2025 17:24:47][WildStr][svchost.exe]

[Throw dll injection][27/06/2025 17:24:47][WildStr][VBoxService.exe]

[Throw dll injection][27/06/2025 17:24:47][WildStr][svchost.exe]

[Throw dll injection][27/06/2025 17:24:47][WildStr][svchost.exe]

[Throw dll injection][27/06/2025 17:24:47][WildStr][VBoxService.exe]

[Throw dll injection][27/06/2025 17:24:47][WildStr][svchost.exe]

[Throw dll injection][27/06/2025 17:24:47][WildStr][svchost.exe]

[Throw dll injection][27/06/2025 17:24:47][WildStr][svchost.exe]

[Throw dll injection][27/06/2025 17:24:47][WildStr][svchost.exe]

[Throw dll injection][27/06/2025 17:24:47][WildStr][svchost.exe]

[Throw dll injection][27/06/2025 17:24:47][WildStr][svchost.exe]

[Throw dll injection][27/06/2025 17:24:47][WildStr][svchost.exe]

[Throw dll injection][27/06/2025 17:24:47][WildStr][svchost.exe]

[Throw dll injection][27/06/2025 17:24:47][WildStr][svchost.exe]

[Throw dll injection][27/06/2025 17:24:47][WildStr][svchost.exe]

[Throw dll injection][27/06/2025 17:24:47][WildStr][Memory Compression]

[Throw dll injection][27/06/2025 17:24:47][WildStr][svchost.exe]

[Throw dll injection][27/06/2025 17:24:47][WildStr][svchost.exe]

[Throw dll injection][27/06/2025 17:24:47][WildStr][Memory Compression]

[Throw dll injection][27/06/2025 17:24:47][WildStr][svchost.exe]

[Throw dll injection][27/06/2025 17:24:47][WildStr][svchost.exe]

[Throw dll injection][27/06/2025 17:24:47][WildStr][svchost.exe]

[Throw dll injection][27/06/2025 17:24:47][WildStr][svchost.exe]

[Throw dll injection][27/06/2025 17:24:47][WildStr][svchost.exe]

[Throw dll injection][27/06/2025 17:24:47][WildStr][svchost.exe]

[Throw dll injection][27/06/2025 17:24:47][WildStr][svchost.exe]

[Throw dll injection][27/06/2025 17:24:47][WildStr][svchost.exe]

[Throw dll injection][27/06/2025 17:24:47][WildStr][svchost.exe]

[Throw dll injection][27/06/2025 17:24:47][WildStr][svchost.exe]

[Throw dll injection][27/06/2025 17:24:47][WildStr][svchost.exe]

[Throw dll injection][27/06/2025 17:24:47][WildStr][svchost.exe]

[Throw dll injection][27/06/2025 17:24:47][WildStr][svchost.exe]

[Throw dll injection][27/06/2025 17:24:47][WildStr][svchost.exe]

[Throw dll injection][27/06/2025 17:24:47][WildStr][spoolsv.exe]

[Throw dll injection][27/06/2025 17:24:47][WildStr][svchost.exe]

[Throw dll injection][27/06/2025 17:24:47][WildStr][svchost.exe]

[Throw dll injection][27/06/2025 17:24:47][WildStr][spoolsv.exe]

[Throw dll injection][27/06/2025 17:24:47][WildStr][svchost.exe]

[Throw dll injection][27/06/2025 17:24:47][WildStr][svchost.exe]

[Throw dll injection][27/06/2025 17:24:47][WildStr][svchost.exe]

[Throw dll injection][27/06/2025 17:24:47][WildStr][svchost.exe]

[Throw dll injection][27/06/2025 17:24:47][WildStr][svchost.exe]

[Throw dll injection][27/06/2025 17:24:47][WildStr][svchost.exe]

[Throw dll injection][27/06/2025 17:24:47][WildStr][ssh-agent.exe]

[Throw dll injection][27/06/2025 17:24:47][WildStr][svchost.exe]

[Throw dll injection][27/06/2025 17:24:47][WildStr][sshd.exe]

[Throw dll injection][27/06/2025 17:24:47][WildStr][ssh-agent.exe]

[Throw dll injection][27/06/2025 17:24:47][WildStr][svchost.exe]

[Throw dll injection][27/06/2025 17:24:47][WildStr][sshd.exe]

[Throw dll injection][27/06/2025 17:24:47][WildStr][svchost.exe]

[Throw dll injection][27/06/2025 17:24:47][WildStr][svchost.exe]

[Throw dll injection][27/06/2025 17:24:47][WildStr][svchost.exe]

[Throw dll injection][27/06/2025 17:24:47][WildStr][svchost.exe]

[Throw dll injection][27/06/2025 17:24:47][WildStr][svchost.exe]

[Throw dll injection][27/06/2025 17:24:47][WildStr][svchost.exe]

[Throw dll injection][27/06/2025 17:24:47][WildStr][svchost.exe]

[Throw dll injection][27/06/2025 17:24:47][WildStr][svchost.exe]

[Throw dll injection][27/06/2025 17:24:47][WildStr][svchost.exe]

[Throw dll injection][27/06/2025 17:24:47][WildStr][svchost.exe]

[Throw dll injection][27/06/2025 17:24:47][WildStr][svchost.exe]

[Throw dll injection][27/06/2025 17:24:47][WildStr][svchost.exe]

[Throw dll injection][27/06/2025 17:24:47][WildStr][svchost.exe]

[Throw dll injection][27/06/2025 17:24:47][WildStr][svchost.exe]

[Throw dll injection][27/06/2025 17:24:47][WildStr][svchost.exe]

[Throw dll injection][27/06/2025 17:24:47][WildStr][MpDefenderCoreService.exe]

[Throw dll injection][27/06/2025 17:24:47][WildStr][svchost.exe]

[Throw dll injection][27/06/2025 17:24:47][WildStr][MsMpEng.exe]

[Throw dll injection][27/06/2025 17:24:47][WildStr][MpDefenderCoreService.exe]

[Throw dll injection][27/06/2025 17:24:47][WildStr][SearchIndexer.exe]

[Throw dll injection][27/06/2025 17:24:47][WildStr][MsMpEng.exe]

[Throw dll injection][27/06/2025 17:24:47][WildStr][AggregatorHost.exe]

[Throw dll injection][27/06/2025 17:24:47][WildStr][SearchIndexer.exe]

[Throw dll injection][27/06/2025 17:24:47][WildStr][dllhost.exe]

[Throw dll injection][27/06/2025 17:24:47][WildStr][AggregatorHost.exe]

[Throw dll injection][27/06/2025 17:24:47][WildStr][svchost.exe]

[Throw dll injection][27/06/2025 17:24:47][WildStr][NisSrv.exe]


[Throw dll injection][27/06/2025 17:24:47][WildStr][svchost.exe]

[Throw dll injection][27/06/2025 17:24:47][WildStr][sihost.exe]

[Throw dll injection][27/06/2025 17:24:47][WildStr][NisSrv.exe]

[Throw dll injection][27/06/2025 17:24:47][WildStr][svchost.exe]

[Throw dll injection][27/06/2025 17:24:47][WildStr][sihost.exe]

[Throw dll injection][27/06/2025 17:24:47][WildStr][svchost.exe]

[Throw dll injection][27/06/2025 17:24:47][WildStr][taskhostw.exe]

[Throw dll injection][27/06/2025 17:24:47][WildStr][svchost.exe]

[Throw dll injection][27/06/2025 17:24:47][WildStr][MicrosoftEdgeUpdate.exe]

[Throw dll injection][27/06/2025 17:24:47][WildStr][svchost.exe]

[Throw dll injection][27/06/2025 17:24:47][WildStr][svchost.exe]

[Throw dll injection][27/06/2025 17:24:47][WildStr][taskhostw.exe]

[Throw dll injection][27/06/2025 17:24:47][WildStr][ctfmon.exe]

[Throw dll injection][27/06/2025 17:24:47][WildStr][MicrosoftEdgeUpdate.exe]

[Throw dll injection][27/06/2025 17:24:47][WildStr][svchost.exe]

[Throw dll injection][27/06/2025 17:24:47][WildStr][svchost.exe]

[Throw dll injection][27/06/2025 17:24:47][WildStr][svchost.exe]

[Throw dll injection][27/06/2025 17:24:47][WildStr][ctfmon.exe]

[Throw dll injection][27/06/2025 17:24:47][WildStr][explorer.exe]

[Throw dll injection][27/06/2025 17:24:47][WildStr][svchost.exe]

[Throw dll injection][27/06/2025 17:24:47][WildStr][svchost.exe]

[Throw dll injection][27/06/2025 17:24:47][WildStr][svchost.exe]

[Throw dll injection][27/06/2025 17:24:47][WildStr][StartMenuExperienceHost.exe]

[Throw dll injection][27/06/2025 17:24:47][WildStr][explorer.exe]

[Throw dll injection][27/06/2025 17:24:47][WildStr][RuntimeBroker.exe]

[Throw dll injection][27/06/2025 17:24:47][WildStr][svchost.exe]

[Throw dll injection][27/06/2025 17:24:47][WildStr][SearchApp.exe]

[Throw dll injection][27/06/2025 17:24:47][WildStr][StartMenuExperienceHost.exe]

[Throw dll injection][27/06/2025 17:24:47][WildStr][svchost.exe]

[Throw dll injection][27/06/2025 17:24:47][WildStr][RuntimeBroker.exe]

[Throw dll injection][27/06/2025 17:24:47][WildStr][RuntimeBroker.exe]

[Throw dll injection][27/06/2025 17:24:47][WildStr][SearchApp.exe]

[Throw dll injection][27/06/2025 17:24:47][WildStr][RuntimeBroker.exe]

[Throw dll injection][27/06/2025 17:24:47][WildStr][svchost.exe]

[Throw dll injection][27/06/2025 17:24:47][WildStr][svchost.exe]

[Throw dll injection][27/06/2025 17:24:47][WildStr][RuntimeBroker.exe]

[Throw dll injection][27/06/2025 17:24:47][WildStr][SecurityHealthSystray.exe]

[Throw dll injection][27/06/2025 17:24:47][WildStr][RuntimeBroker.exe]

[Throw dll injection][27/06/2025 17:24:47][WildStr][SecurityHealthService.exe]

[Throw dll injection][27/06/2025 17:24:47][WildStr][svchost.exe]

[Throw dll injection][27/06/2025 17:24:47][WildStr][VBoxTray.exe]

[Throw dll injection][27/06/2025 17:24:47][WildStr][SecurityHealthSystray.exe]

[Throw dll injection][27/06/2025 17:24:47][WildStr][OneDrive.exe]

[Throw dll injection][27/06/2025 17:24:47][WildStr][SecurityHealthService.exe]

[Throw dll injection][27/06/2025 17:24:47][WildStr][VBoxTray.exe]

[Throw dll injection][27/06/2025 17:24:47][WildStr][svchost.exe]

[Throw dll injection][27/06/2025 17:24:47][WildStr][OneDrive.exe]

[Throw dll injection][27/06/2025 17:24:47][WildStr][svchost.exe]

[Throw dll injection][27/06/2025 17:24:47][WildStr][svchost.exe]

[Throw dll injection][27/06/2025 17:24:47][WildStr][svchost.exe]

[Throw dll injection][27/06/2025 17:24:47][WildStr][svchost.exe]

[Throw dll injection][27/06/2025 17:24:47][WildStr][svchost.exe]

[Throw dll injection][27/06/2025 17:24:47][WildStr][svchost.exe]

[Throw dll injection][27/06/2025 17:24:47][WildStr][svchost.exe]

[Throw dll injection][27/06/2025 17:24:47][WildStr][svchost.exe]

[Throw dll injection][27/06/2025 17:24:47][WildStr][svchost.exe]

[Throw dll injection][27/06/2025 17:24:47][WildStr][svchost.exe]

[Throw dll injection][27/06/2025 17:24:47][WildStr][TextInputHost.exe]

[Throw dll injection][27/06/2025 17:24:47][WildStr][svchost.exe]

[Throw dll injection][27/06/2025 17:24:47][WildStr][ApplicationFrameHost.exe]

[Throw dll injection][27/06/2025 17:24:47][WildStr][TextInputHost.exe]

[Throw dll injection][27/06/2025 17:24:47][WildStr][ApplicationFrameHost.exe]

[Throw dll injection][27/06/2025 17:24:47][WildStr][SystemSettings.exe]

[Throw dll injection][27/06/2025 17:24:47][WildStr][SearchApp.exe]

[Throw dll injection][27/06/2025 17:24:47][WildStr][UserOOBEBroker.exe]

[Throw dll injection][27/06/2025 17:24:47][WildStr][msedgewebview2.exe]

[Throw dll injection][27/06/2025 17:24:47][WildStr][SearchApp.exe]

[Throw dll injection][27/06/2025 17:24:47][WildStr][msedgewebview2.exe]

[Throw dll injection][27/06/2025 17:24:47][WildStr][msedgewebview2.exe]

[Throw dll injection][27/06/2025 17:24:47][WildStr][msedgewebview2.exe]

[Throw dll injection][27/06/2025 17:24:47][WildStr][msedgewebview2.exe]

[Throw dll injection][27/06/2025 17:24:47][WildStr][msedgewebview2.exe]

[Throw dll injection][27/06/2025 17:24:47][WildStr][msedgewebview2.exe]

[Throw dll injection][27/06/2025 17:24:47][WildStr][msedgewebview2.exe]

[Throw dll injection][27/06/2025 17:24:47][WildStr][FileCoAuth.exe]
e]

[Throw dll injection][27/06/2025 17:24:47][WildStr][svchost.exe]
.exe]

[Throw dll injection][27/06/2025 17:24:47][WildStr][FileCoAuth.exe]

[Throw dll injection][27/06/2025 17:24:47][WildStr][msedge.exe]

[Throw dll injection][27/06/2025 17:24:47][WildStr][svchost.exe]

[Throw dll injection][27/06/2025 17:24:47][WildStr][msedge.exe]

[Throw dll injection][27/06/2025 17:24:47][WildStr][msedge.exe]

[Throw dll injection][27/06/2025 17:24:47][WildStr][msedge.exe]

[Throw dll injection][27/06/2025 17:24:47][WildStr][msedge.exe]

[Throw dll injection][27/06/2025 17:24:47][WildStr][msedge.exe]

[Throw dll injection][27/06/2025 17:24:47][WildStr][msedge.exe]

[Throw dll injection][27/06/2025 17:24:47][WildStr][msedge.exe]

[Throw dll injection][27/06/2025 17:24:47][WildStr][msedge.exe]

[Throw dll injection][27/06/2025 17:24:47][WildStr][svchost.exe]

[Throw dll injection][27/06/2025 17:24:47][WildStr][msedge.exe]

[Throw dll injection][27/06/2025 17:24:47][WildStr][svchost.exe]

[Throw dll injection][27/06/2025 17:24:47][WildStr][svchost.exe]

[Throw dll injection][27/06/2025 17:24:47][WildStr][svchost.exe]

[Throw dll injection][27/06/2025 17:24:47][WildStr][svchost.exe]

[Throw dll injection][27/06/2025 17:24:47][WildStr][dllhost.exe]

[Throw dll injection][27/06/2025 17:24:47][WildStr][svchost.exe]

[Throw dll injection][27/06/2025 17:24:47][WildStr][ShellExperienceHost.exe]

[Throw dll injection][27/06/2025 17:24:47][WildStr][dllhost.exe]

[Throw dll injection][27/06/2025 17:24:47][WildStr][RuntimeBroker.exe]

[Throw dll injection][27/06/2025 17:24:47][WildStr][ShellExperienceHost.exe]

[Throw dll injection][27/06/2025 17:24:47][WildStr][powershell.exe]

[Throw dll injection][27/06/2025 17:24:47][WildStr][RuntimeBroker.exe]

[Throw dll injection][27/06/2025 17:24:47][WildStr][conhost.exe]

[Throw dll injection][27/06/2025 17:24:47][WildStr][powershell.exe]

[Throw dll injection][27/06/2025 17:24:47][WildStr][cmd.exe]

[Throw dll injection][27/06/2025 17:24:47][WildStr][conhost.exe]

[Throw dll injection][27/06/2025 17:24:47][WildStr][powershell.exe]

[Throw dll injection][27/06/2025 17:24:47][WildStr][cmd.exe]

[Throw dll injection][27/06/2025 17:24:47][WildStr][conhost.exe]

[Throw dll injection][27/06/2025 17:24:47][WildStr][powershell.exe]

[Throw dll injection][27/06/2025 17:24:47][WildStr][Code.exe]

[Throw dll injection][27/06/2025 17:24:47][WildStr][Code.exe]

[Throw dll injection][27/06/2025 17:24:47][WildStr][Code.exe]

[Throw dll injection][27/06/2025 17:24:47][WildStr][Code.exe]

[Throw dll injection][27/06/2025 17:24:47][WildStr][Code.exe]

[Throw dll injection][27/06/2025 17:24:47][WildStr][Code.exe]

[Throw dll injection][27/06/2025 17:24:47][WildStr][Code.exe]

[Throw dll injection][27/06/2025 17:24:47][WildStr][Code.exe]

[Throw dll injection][27/06/2025 17:24:47][WildStr][Code.exe]

[Throw dll injection][27/06/2025 17:24:47][WildStr][Code.exe]

[Throw dll injection][27/06/2025 17:24:47][WildStr][Code.exe]

[Throw dll injection][27/06/2025 17:24:47][WildStr][Code.exe]

[Throw dll injection][27/06/2025 17:24:47][WildStr][Code.exe]

[Throw dll injection][27/06/2025 17:24:47][WildStr][Code.exe]
e]

[Throw dll injection][27/06/2025 17:24:47][WildStr][Code.exe]

[Throw dll injection][27/06/2025 17:24:47][WildStr][conhost.exe]

[Throw dll injection][27/06/2025 17:24:47][WildStr][cpptools.exe]

[Throw dll injection][27/06/2025 17:24:47][WildStr][Code.exe]

[Throw dll injection][27/06/2025 17:24:47][WildStr][conhost.exe]

[Throw dll injection][27/06/2025 17:24:47][WildStr][cpptools.exe]

[Throw dll injection][27/06/2025 17:24:47][WildStr][cpptools-srv.exe]

[Throw dll injection][27/06/2025 17:24:47][WildStr][Code.exe]

[Throw dll injection][27/06/2025 17:24:47][WildStr][conhost.exe]

[Throw dll injection][27/06/2025 17:24:47][WildStr][cpptools.exe]

[Throw dll injection][27/06/2025 17:24:47][WildStr][cpptools-srv.exe]

[Throw dll injection][27/06/2025 17:24:47][WildStr][svchost.exe]

[Throw dll injection][27/06/2025 17:24:47][WildStr][conhost.exe]

[Throw dll injection][27/06/2025 17:24:47][WildStr][svchost.exe]

[Throw dll injection][27/06/2025 17:24:47][WildStr][svchost.exe]

[Throw dll injection][27/06/2025 17:24:47][WildStr][Code.exe]

[Throw dll injection][27/06/2025 17:24:47][WildStr][svchost.exe]

[Throw dll injection][27/06/2025 17:24:47][WildStr][conhost.exe]

[Throw dll injection][27/06/2025 17:24:47][WildStr][Code.exe]

[Throw dll injection][27/06/2025 17:24:47][WildStr][powershell.exe]

[Throw dll injection][27/06/2025 17:24:47][WildStr][conhost.exe]

[Throw dll injection][27/06/2025 17:24:47][WildStr][vctip.exe]

[Throw dll injection][27/06/2025 17:24:47][WildStr][powershell.exe]

[Throw dll injection][27/06/2025 17:24:47][WildStr][cpptools-srv.exe]

[Throw dll injection][27/06/2025 17:24:47][WildStr][vctip.exe]

[Throw dll injection][27/06/2025 17:24:47][WildStr][conhost.exe]

[Throw dll injection][27/06/2025 17:24:47][WildStr][cpptools-srv.exe]

[Throw dll injection][27/06/2025 17:24:47][WildStr][svchost.exe]

[Throw dll injection][27/06/2025 17:24:47][WildStr][conhost.exe]

[Throw dll injection][27/06/2025 17:24:47][WildStr][smartscreen.exe]

[Throw dll injection][27/06/2025 17:24:47][WildStr][svchost.exe]

[Throw dll injection][27/06/2025 17:24:47][WildStr][Taskmgr.exe]

[Throw dll injection][27/06/2025 17:24:47][WildStr][smartscreen.exe]

[Throw dll injection][27/06/2025 17:24:47][WildStr][conhost.exe]

[Throw dll injection][27/06/2025 17:24:47][WildStr][Taskmgr.exe]

[Throw dll injection][27/06/2025 17:24:47][WildStr][powershell.exe]

[Throw dll injection][27/06/2025 17:24:47][WildStr][conhost.exe]

[Throw dll injection][27/06/2025 17:24:47][WildStr][powershell.exe]

[Throw dll injection][27/06/2025 17:24:48][WildStr][System]

[Throw dll injection][27/06/2025 17:24:48][WildStr][Registry]

[Throw dll injection][27/06/2025 17:24:48][WildStr][smss.exe]

[Throw dll injection][27/06/2025 17:24:48][WildStr][smss.exe]

[Throw dll injection][27/06/2025 17:24:48][WildStr][csrss.exe]

[Throw dll injection][27/06/2025 17:24:48][WildStr][csrss.exe]

[Throw dll injection][27/06/2025 17:24:48][WildStr][wininit.exe]

[Throw dll injection][27/06/2025 17:24:48][WildStr][wininit.exe]

[Throw dll injection][27/06/2025 17:24:48][WildStr][csrss.exe]

[Throw dll injection][27/06/2025 17:24:48][WildStr][csrss.exe]

[Throw dll injection][27/06/2025 17:24:48][WildStr][winlogon.exe]

[Throw dll injection][27/06/2025 17:24:48][WildStr][winlogon.exe]

[Throw dll injection][27/06/2025 17:24:48][WildStr][services.exe]

[Throw dll injection][27/06/2025 17:24:48][WildStr][lsass.exe]
]

[Throw dll injection][27/06/2025 17:24:48][WildStr][lsass.exe]

[Throw dll injection][27/06/2025 17:24:48][WildStr][svchost.exe]

[Throw dll injection][27/06/2025 17:24:48][WildStr][fontdrvhost.exe]

[Throw dll injection][27/06/2025 17:24:48][WildStr][fontdrvhost.exe]

[Throw dll injection][27/06/2025 17:24:48][WildStr][fontdrvhost.exe]

[Throw dll injection][27/06/2025 17:24:48][WildStr][fontdrvhost.exe]

[Throw dll injection][27/06/2025 17:24:48][WildStr][svchost.exe]

[Throw dll injection][27/06/2025 17:24:48][WildStr][svchost.exe]

[Throw dll injection][27/06/2025 17:24:48][WildStr][svchost.exe]

[Throw dll injection][27/06/2025 17:24:48][WildStr][svchost.exe]

[Throw dll injection][27/06/2025 17:24:48][WildStr][dwm.exe]

[Throw dll injection][27/06/2025 17:24:48][WildStr][dwm.exe]
e]

[Throw dll injection][27/06/2025 17:24:48][WildStr][svchost.exe]

[Throw dll injection][27/06/2025 17:24:48][WildStr][svchost.exe]

[Throw dll injection][27/06/2025 17:24:48][WildStr][svchost.exe]

[Throw dll injection][27/06/2025 17:24:48][WildStr][svchost.exe]

[Throw dll injection][27/06/2025 17:24:48][WildStr][svchost.exe]

[Throw dll injection][27/06/2025 17:24:48][WildStr][svchost.exe]

[Throw dll injection][27/06/2025 17:24:48][WildStr][svchost.exe]

[Throw dll injection][27/06/2025 17:24:48][WildStr][svchost.exe]

[Throw dll injection][27/06/2025 17:24:48][WildStr][svchost.exe]

[Throw dll injection][27/06/2025 17:24:48][WildStr][svchost.exe]

[Throw dll injection][27/06/2025 17:24:48][WildStr][svchost.exe]

[Throw dll injection][27/06/2025 17:24:48][WildStr][svchost.exe]

[Throw dll injection][27/06/2025 17:24:48][WildStr][svchost.exe]

[Throw dll injection][27/06/2025 17:24:48][WildStr][svchost.exe]

[Throw dll injection][27/06/2025 17:24:48][WildStr][svchost.exe]

[Throw dll injection][27/06/2025 17:24:48][WildStr][svchost.exe]

[Throw dll injection][27/06/2025 17:24:48][WildStr][svchost.exe]

[Throw dll injection][27/06/2025 17:24:48][WildStr][svchost.exe]

[Throw dll injection][27/06/2025 17:24:48][WildStr][svchost.exe]

[Throw dll injection][27/06/2025 17:24:48][WildStr][svchost.exe]

[Throw dll injection][27/06/2025 17:24:48][WildStr][svchost.exe]

[Throw dll injection][27/06/2025 17:24:48][WildStr][svchost.exe]

[Throw dll injection][27/06/2025 17:24:48][WildStr][svchost.exe]

[Throw dll injection][27/06/2025 17:24:48][WildStr][VBoxService.exe]

[Throw dll injection][27/06/2025 17:24:48][WildStr][svchost.exe]

[Throw dll injection][27/06/2025 17:24:48][WildStr][svchost.exe]

[Throw dll injection][27/06/2025 17:24:48][WildStr][VBoxService.exe]

[Throw dll injection][27/06/2025 17:24:48][WildStr][svchost.exe]

[Throw dll injection][27/06/2025 17:24:48][WildStr][svchost.exe]

[Throw dll injection][27/06/2025 17:24:48][WildStr][svchost.exe]

[Throw dll injection][27/06/2025 17:24:48][WildStr][svchost.exe]

[Throw dll injection][27/06/2025 17:24:48][WildStr][svchost.exe]

[Throw dll injection][27/06/2025 17:24:48][WildStr][svchost.exe]

[Throw dll injection][27/06/2025 17:24:48][WildStr][svchost.exe]

[Throw dll injection][27/06/2025 17:24:48][WildStr][svchost.exe]

[Throw dll injection][27/06/2025 17:24:48][WildStr][svchost.exe]

[Throw dll injection][27/06/2025 17:24:48][WildStr][svchost.exe]

[Throw dll injection][27/06/2025 17:24:48][WildStr][Memory Compression]

[Throw dll injection][27/06/2025 17:24:48][WildStr][svchost.exe]

[Throw dll injection][27/06/2025 17:24:48][WildStr][svchost.exe]

[Throw dll injection][27/06/2025 17:24:48][WildStr][Memory Compression]

[Throw dll injection][27/06/2025 17:24:48][WildStr][svchost.exe]

[Throw dll injection][27/06/2025 17:24:48][WildStr][svchost.exe]

[Throw dll injection][27/06/2025 17:24:48][WildStr][svchost.exe]

[Throw dll injection][27/06/2025 17:24:48][WildStr][svchost.exe]

[Throw dll injection][27/06/2025 17:24:48][WildStr][svchost.exe]

[Throw dll injection][27/06/2025 17:24:48][WildStr][svchost.exe]

[Throw dll injection][27/06/2025 17:24:48][WildStr][svchost.exe]

[Throw dll injection][27/06/2025 17:24:48][WildStr][svchost.exe]

[Throw dll injection][27/06/2025 17:24:48][WildStr][svchost.exe]

[Throw dll injection][27/06/2025 17:24:48][WildStr][svchost.exe]

[Throw dll injection][27/06/2025 17:24:48][WildStr][svchost.exe]

[Throw dll injection][27/06/2025 17:24:48][WildStr][svchost.exe]

[Throw dll injection][27/06/2025 17:24:48][WildStr][svchost.exe]

[Throw dll injection][27/06/2025 17:24:48][WildStr][svchost.exe]

[Throw dll injection][27/06/2025 17:24:48][WildStr][spoolsv.exe]

[Throw dll injection][27/06/2025 17:24:48][WildStr][svchost.exe]

[Throw dll injection][27/06/2025 17:24:48][WildStr][svchost.exe]

[Throw dll injection][27/06/2025 17:24:48][WildStr][spoolsv.exe]

[Throw dll injection][27/06/2025 17:24:48][WildStr][svchost.exe]

[Throw dll injection][27/06/2025 17:24:48][WildStr][svchost.exe]

[Throw dll injection][27/06/2025 17:24:48][WildStr][svchost.exe]

[Throw dll injection][27/06/2025 17:24:48][WildStr][svchost.exe]

[Throw dll injection][27/06/2025 17:24:48][WildStr][svchost.exe]

[Throw dll injection][27/06/2025 17:24:48][WildStr][svchost.exe]

[Throw dll injection][27/06/2025 17:24:48][WildStr][ssh-agent.exe]

[Throw dll injection][27/06/2025 17:24:48][WildStr][svchost.exe]

[Throw dll injection][27/06/2025 17:24:48][WildStr][sshd.exe]

[Throw dll injection][27/06/2025 17:24:48][WildStr][ssh-agent.exe]

[Throw dll injection][27/06/2025 17:24:48][WildStr][svchost.exe]

[Throw dll injection][27/06/2025 17:24:48][WildStr][svchost.exe]

[Throw dll injection][27/06/2025 17:24:48][WildStr][svchost.exe]

[Throw dll injection][27/06/2025 17:24:48][WildStr][svchost.exe]

[Throw dll injection][27/06/2025 17:24:48][WildStr][svchost.exe]

[Throw dll injection][27/06/2025 17:24:48][WildStr][svchost.exe]

[Throw dll injection][27/06/2025 17:24:48][WildStr][svchost.exe]

[Throw dll injection][27/06/2025 17:24:48][WildStr][svchost.exe]

[Throw dll injection][27/06/2025 17:24:48][WildStr][svchost.exe]

[Throw dll injection][27/06/2025 17:24:48][WildStr][svchost.exe]

[Throw dll injection][27/06/2025 17:24:48][WildStr][svchost.exe]

[Throw dll injection][27/06/2025 17:24:48][WildStr][svchost.exe]

[Throw dll injection][27/06/2025 17:24:48][WildStr][svchost.exe]

[Throw dll injection][27/06/2025 17:24:48][WildStr][svchost.exe]

[Throw dll injection][27/06/2025 17:24:48][WildStr][svchost.exe]

[Throw dll injection][27/06/2025 17:24:48][WildStr][svchost.exe]

[Throw dll injection][27/06/2025 17:24:48][WildStr][svchost.exe]

[Throw dll injection][27/06/2025 17:24:48][WildStr][MpDefenderCoreService.exe]

[Throw dll injection][27/06/2025 17:24:48][WildStr][svchost.exe]

[Throw dll injection][27/06/2025 17:24:48][WildStr][MsMpEng.exe]

[Throw dll injection][27/06/2025 17:24:48][WildStr][MpDefenderCoreService.exe]

[Throw dll injection][27/06/2025 17:24:48][WildStr][SearchIndexer.exe]

[Throw dll injection][27/06/2025 17:24:48][WildStr][MsMpEng.exe]

[Throw dll injection][27/06/2025 17:24:48][WildStr][AggregatorHost.exe]

[Throw dll injection][27/06/2025 17:24:48][WildStr][SearchIndexer.exe]

[Throw dll injection][27/06/2025 17:24:48][WildStr][dllhost.exe]

[Throw dll injection][27/06/2025 17:24:48][WildStr][AggregatorHost.exe]

[Throw dll injection][27/06/2025 17:24:48][WildStr][svchost.exe]

[Throw dll injection][27/06/2025 17:24:48][WildStr][dllhost.exe]

[Throw dll injection][27/06/2025 17:24:48][WildStr][NisSrv.exe]

[Throw dll injection][27/06/2025 17:24:48][WildStr][svchost.exe]

[Throw dll injection][27/06/2025 17:24:48][WildStr][sihost.exe]

[Throw dll injection][27/06/2025 17:24:48][WildStr][NisSrv.exe]

[Throw dll injection][27/06/2025 17:24:48][WildStr][svchost.exe]

[Throw dll injection][27/06/2025 17:24:48][WildStr][sihost.exe]

[Throw dll injection][27/06/2025 17:24:48][WildStr][svchost.exe]

[Throw dll injection][27/06/2025 17:24:48][WildStr][svchost.exe]

[Throw dll injection][27/06/2025 17:24:48][WildStr][taskhostw.exe]

[Throw dll injection][27/06/2025 17:24:48][WildStr][svchost.exe]

[Throw dll injection][27/06/2025 17:24:48][WildStr][MicrosoftEdgeUpdate.exe]

[Throw dll injection][27/06/2025 17:24:48][WildStr][taskhostw.exe]

[Throw dll injection][27/06/2025 17:24:48][WildStr][svchost.exe]

[Throw dll injection][27/06/2025 17:24:48][WildStr][MicrosoftEdgeUpdate.exe]

[Throw dll injection][27/06/2025 17:24:48][WildStr][ctfmon.exe]

[Throw dll injection][27/06/2025 17:24:48][WildStr][svchost.exe]

[Throw dll injection][27/06/2025 17:24:48][WildStr][svchost.exe]

[Throw dll injection][27/06/2025 17:24:48][WildStr][ctfmon.exe]

[Throw dll injection][27/06/2025 17:24:48][WildStr][svchost.exe]

[Throw dll injection][27/06/2025 17:24:48][WildStr][svchost.exe]

[Throw dll injection][27/06/2025 17:24:48][WildStr][explorer.exe]

[Throw dll injection][27/06/2025 17:24:48][WildStr][svchost.exe]

[Throw dll injection][27/06/2025 17:24:48][WildStr][svchost.exe]

[Throw dll injection][27/06/2025 17:24:48][WildStr][explorer.exe]

[Throw dll injection][27/06/2025 17:24:48][WildStr][StartMenuExperienceHost.exe]

[Throw dll injection][27/06/2025 17:24:48][WildStr][svchost.exe]

[Throw dll injection][27/06/2025 17:24:48][WildStr][RuntimeBroker.exe]

[Throw dll injection][27/06/2025 17:24:48][WildStr][StartMenuExperienceHost.exe]

[Throw dll injection][27/06/2025 17:24:48][WildStr][SearchApp.exe]

[Throw dll injection][27/06/2025 17:24:48][WildStr][RuntimeBroker.exe]

[Throw dll injection][27/06/2025 17:24:48][WildStr][SearchApp.exe]

[Throw dll injection][27/06/2025 17:24:48][WildStr][svchost.exe]

[Throw dll injection][27/06/2025 17:24:48][WildStr][svchost.exe]

[Throw dll injection][27/06/2025 17:24:48][WildStr][RuntimeBroker.exe]

[Throw dll injection][27/06/2025 17:24:48][WildStr][RuntimeBroker.exe]

[Throw dll injection][27/06/2025 17:24:48][WildStr][RuntimeBroker.exe]

[Throw dll injection][27/06/2025 17:24:48][WildStr][RuntimeBroker.exe]

[Throw dll injection][27/06/2025 17:24:48][WildStr][SecurityHealthSystray.exe]

[Throw dll injection][27/06/2025 17:24:48][WildStr][svchost.exe]

[Throw dll injection][27/06/2025 17:24:48][WildStr][SecurityHealthSystray.exe]

[Throw dll injection][27/06/2025 17:24:48][WildStr][SecurityHealthService.exe]

[Throw dll injection][27/06/2025 17:24:48][WildStr][SecurityHealthService.exe]

[Throw dll injection][27/06/2025 17:24:48][WildStr][VBoxTray.exe]

[Throw dll injection][27/06/2025 17:24:48][WildStr][VBoxTray.exe]

[Throw dll injection][27/06/2025 17:24:48][WildStr][OneDrive.exe]

[Throw dll injection][27/06/2025 17:24:48][WildStr][OneDrive.exe]

[Throw dll injection][27/06/2025 17:24:48][WildStr][svchost.exe]

[Throw dll injection][27/06/2025 17:24:48][WildStr][svchost.exe]

[Throw dll injection][27/06/2025 17:24:48][WildStr][svchost.exe]

[Throw dll injection][27/06/2025 17:24:48][WildStr][svchost.exe]

[Throw dll injection][27/06/2025 17:24:48][WildStr][svchost.exe]

[Throw dll injection][27/06/2025 17:24:48][WildStr][svchost.exe]

[Throw dll injection][27/06/2025 17:24:48][WildStr][svchost.exe]

[Throw dll injection][27/06/2025 17:24:48][WildStr][svchost.exe]

[Throw dll injection][27/06/2025 17:24:48][WildStr][svchost.exe]

[Throw dll injection][27/06/2025 17:24:48][WildStr][svchost.exe]

[Throw dll injection][27/06/2025 17:24:48][WildStr][svchost.exe]
exe]

[Throw dll injection][27/06/2025 17:24:48][WildStr][ApplicationFrameHost.exe]

[Throw dll injection][27/06/2025 17:24:48][WildStr][svchost.exe]

[Throw dll injection][27/06/2025 17:24:48][WildStr][SystemSettings.exe]

[Throw dll injection][27/06/2025 17:24:48][WildStr][TextInputHost.exe]

[Throw dll injection][27/06/2025 17:24:48][WildStr][UserOOBEBroker.exe]

[Throw dll injection][27/06/2025 17:24:48][WildStr][SearchApp.exe]
Host.exe]

[Throw dll injection][27/06/2025 17:24:48][WildStr][SystemSettings.exe]

[Throw dll injection][27/06/2025 17:24:48][WildStr][msedgewebview2.exe]

[Throw dll injection][27/06/2025 17:24:48][WildStr][UserOOBEBroker.exe]

[Throw dll injection][27/06/2025 17:24:48][WildStr][msedgewebview2.exe]

[Throw dll injection][27/06/2025 17:24:48][WildStr][SearchApp.exe]

[Throw dll injection][27/06/2025 17:24:48][WildStr][msedgewebview2.exe]

[Throw dll injection][27/06/2025 17:24:48][WildStr][msedgewebview2.exe]

[Throw dll injection][27/06/2025 17:24:48][WildStr][msedgewebview2.exe]

[Throw dll injection][27/06/2025 17:24:48][WildStr][msedgewebview2.exe]

[Throw dll injection][27/06/2025 17:24:48][WildStr][msedgewebview2.exe]

[Throw dll injection][27/06/2025 17:24:48][WildStr][msedgewebview2.exe]

[Throw dll injection][27/06/2025 17:24:48][WildStr][msedgewebview2.exe]

[Throw dll injection][27/06/2025 17:24:48][WildStr][FileCoAuth.exe]

[Throw dll injection][27/06/2025 17:24:48][WildStr][svchost.exe]
.exe]

[Throw dll injection][27/06/2025 17:24:48][WildStr][FileCoAuth.exe]

[Throw dll injection][27/06/2025 17:24:48][WildStr][msedge.exe]

[Throw dll injection][27/06/2025 17:24:48][WildStr][svchost.exe]

[Throw dll injection][27/06/2025 17:24:48][WildStr][msedge.exe]

[Throw dll injection][27/06/2025 17:24:48][WildStr][msedge.exe]

[Throw dll injection][27/06/2025 17:24:48][WildStr][msedge.exe]

[Throw dll injection][27/06/2025 17:24:48][WildStr][msedge.exe]

[Throw dll injection][27/06/2025 17:24:48][WildStr][msedge.exe]

[Throw dll injection][27/06/2025 17:24:48][WildStr][msedge.exe]

[Throw dll injection][27/06/2025 17:24:48][WildStr][msedge.exe]

[Throw dll injection][27/06/2025 17:24:48][WildStr][msedge.exe]

[Throw dll injection][27/06/2025 17:24:48][WildStr][svchost.exe]

[Throw dll injection][27/06/2025 17:24:48][WildStr][msedge.exe]

[Throw dll injection][27/06/2025 17:24:48][WildStr][svchost.exe]

[Throw dll injection][27/06/2025 17:24:48][WildStr][svchost.exe]

[Throw dll injection][27/06/2025 17:24:48][WildStr][svchost.exe]

[Throw dll injection][27/06/2025 17:24:48][WildStr][svchost.exe]

[Throw dll injection][27/06/2025 17:24:48][WildStr][dllhost.exe]

[Throw dll injection][27/06/2025 17:24:48][WildStr][svchost.exe]

[Throw dll injection][27/06/2025 17:24:48][WildStr][ShellExperienceHost.exe]

[Throw dll injection][27/06/2025 17:24:48][WildStr][dllhost.exe]

[Throw dll injection][27/06/2025 17:24:48][WildStr][RuntimeBroker.exe]

[Throw dll injection][27/06/2025 17:24:48][WildStr][ShellExperienceHost.exe]

[Throw dll injection][27/06/2025 17:24:48][WildStr][powershell.exe]

[Throw dll injection][27/06/2025 17:24:48][WildStr][RuntimeBroker.exe]

[Throw dll injection][27/06/2025 17:24:48][WildStr][conhost.exe]

[Throw dll injection][27/06/2025 17:24:48][WildStr][powershell.exe]

[Throw dll injection][27/06/2025 17:24:48][WildStr][cmd.exe]

[Throw dll injection][27/06/2025 17:24:48][WildStr][conhost.exe]

[Throw dll injection][27/06/2025 17:24:48][WildStr][conhost.exe]

[Throw dll injection][27/06/2025 17:24:48][WildStr][cmd.exe]

[Throw dll injection][27/06/2025 17:24:48][WildStr][powershell.exe]

[Throw dll injection][27/06/2025 17:24:48][WildStr][conhost.exe]

[Throw dll injection][27/06/2025 17:24:48][WildStr][Code.exe]

[Throw dll injection][27/06/2025 17:24:48][WildStr][powershell.exe]

[Throw dll injection][27/06/2025 17:24:48][WildStr][Code.exe]

[Throw dll injection][27/06/2025 17:24:48][WildStr][Code.exe]

[Throw dll injection][27/06/2025 17:24:48][WildStr][Code.exe]

[Throw dll injection][27/06/2025 17:24:48][WildStr][Code.exe]

[Throw dll injection][27/06/2025 17:24:48][WildStr][Code.exe]

[Throw dll injection][27/06/2025 17:24:48][WildStr][Code.exe]

[Throw dll injection][27/06/2025 17:24:48][WildStr][Code.exe]

[Throw dll injection][27/06/2025 17:24:48][WildStr][Code.exe]

[Throw dll injection][27/06/2025 17:24:48][WildStr][Code.exe]

[Throw dll injection][27/06/2025 17:24:48][WildStr][Code.exe]

[Throw dll injection][27/06/2025 17:24:48][WildStr][Code.exe]

[Throw dll injection][27/06/2025 17:24:48][WildStr][Code.exe]

[Throw dll injection][27/06/2025 17:24:48][WildStr][Code.exe]

[Throw dll injection][27/06/2025 17:24:48][WildStr][cpptools.exe]

[Throw dll injection][27/06/2025 17:24:48][WildStr][Code.exe]

[Throw dll injection][27/06/2025 17:24:48][WildStr][conhost.exe]

[Throw dll injection][27/06/2025 17:24:48][WildStr][cpptools.exe]

[Throw dll injection][27/06/2025 17:24:48][WildStr][Code.exe]

[Throw dll injection][27/06/2025 17:24:48][WildStr][cpptools.exe]

[Throw dll injection][27/06/2025 17:24:48][WildStr][Code.exe]
v.exe]

[Throw dll injection][27/06/2025 17:24:48][WildStr][conhost.exe]

[Throw dll injection][27/06/2025 17:24:48][WildStr][cpptools.exe]

[Throw dll injection][27/06/2025 17:24:48][WildStr][svchost.exe]

[Throw dll injection][27/06/2025 17:24:48][WildStr][cpptools-srv.exe]

[Throw dll injection][27/06/2025 17:24:48][WildStr][svchost.exe]

[Throw dll injection][27/06/2025 17:24:48][WildStr][conhost.exe]

[Throw dll injection][27/06/2025 17:24:48][WildStr][Code.exe]

[Throw dll injection][27/06/2025 17:24:48][WildStr][svchost.exe]

[Throw dll injection][27/06/2025 17:24:48][WildStr][conhost.exe]

[Throw dll injection][27/06/2025 17:24:48][WildStr][svchost.exe]

[Throw dll injection][27/06/2025 17:24:48][WildStr][powershell.exe]

[Throw dll injection][27/06/2025 17:24:48][WildStr][Code.exe]

[Throw dll injection][27/06/2025 17:24:48][WildStr][conhost.exe]

[Throw dll injection][27/06/2025 17:24:48][WildStr][vctip.exe]

[Throw dll injection][27/06/2025 17:24:48][WildStr][powershell.exe]

[Throw dll injection][27/06/2025 17:24:48][WildStr][cpptools-srv.exe]

[Throw dll injection][27/06/2025 17:24:48][WildStr][vctip.exe]

[Throw dll injection][27/06/2025 17:24:48][WildStr][conhost.exe]

[Throw dll injection][27/06/2025 17:24:48][WildStr][cpptools-srv.exe]

[Throw dll injection][27/06/2025 17:24:48][WildStr][svchost.exe]

[Throw dll injection][27/06/2025 17:24:48][WildStr][conhost.exe]

[Throw dll injection][27/06/2025 17:24:48][WildStr][smartscreen.exe]

[Throw dll injection][27/06/2025 17:24:48][WildStr][svchost.exe]

[Throw dll injection][27/06/2025 17:24:48][WildStr][Taskmgr.exe]

[Throw dll injection][27/06/2025 17:24:48][WildStr][smartscreen.exe]

[Throw dll injection][27/06/2025 17:24:48][WildStr][conhost.exe]

[Throw dll injection][27/06/2025 17:24:48][WildStr][Taskmgr.exe]

[Throw dll injection][27/06/2025 17:24:48][WildStr][powershell.exe]

[Throw dll injection][27/06/2025 17:24:48][WildStr][conhost.exe]

[Throw dll injection][27/06/2025 17:24:48][WildStr][powershell.exe]

[Throw dll injection][27/06/2025 17:24:49][WildStr][System]

[Throw dll injection][27/06/2025 17:24:49][WildStr][Registry]

[Throw dll injection][27/06/2025 17:24:49][WildStr][smss.exe]

[Throw dll injection][27/06/2025 17:24:49][WildStr][Registry]

[Throw dll injection][27/06/2025 17:24:49][WildStr][csrss.exe]

[Throw dll injection][27/06/2025 17:24:49][WildStr][wininit.exe]

[Throw dll injection][27/06/2025 17:24:49][WildStr][smss.exe]

[Throw dll injection][27/06/2025 17:24:49][WildStr][csrss.exe]

[Throw dll injection][27/06/2025 17:24:49][WildStr][csrss.exe]

[Throw dll injection][27/06/2025 17:24:49][WildStr][winlogon.exe]

[Throw dll injection][27/06/2025 17:24:49][WildStr][wininit.exe]

[Throw dll injection][27/06/2025 17:24:49][WildStr][services.exe]

[Throw dll injection][27/06/2025 17:24:49][WildStr][csrss.exe]

[Throw dll injection][27/06/2025 17:24:49][WildStr][lsass.exe]

[Throw dll injection][27/06/2025 17:24:49][WildStr][winlogon.exe]

[Throw dll injection][27/06/2025 17:24:49][WildStr][svchost.exe]

[Throw dll injection][27/06/2025 17:24:49][WildStr][services.exe]

[Throw dll injection][27/06/2025 17:24:49][WildStr][fontdrvhost.exe]

[Throw dll injection][27/06/2025 17:24:49][WildStr][lsass.exe]

[Throw dll injection][27/06/2025 17:24:49][WildStr][fontdrvhost.exe]

[Throw dll injection][27/06/2025 17:24:49][WildStr][svchost.exe]

[Throw dll injection][27/06/2025 17:24:49][WildStr][svchost.exe]

[Throw dll injection][27/06/2025 17:24:49][WildStr][fontdrvhost.exe]

[Throw dll injection][27/06/2025 17:24:49][WildStr][svchost.exe]

[Throw dll injection][27/06/2025 17:24:49][WildStr][fontdrvhost.exe]

[Throw dll injection][27/06/2025 17:24:49][WildStr][dwm.exe]

[Throw dll injection][27/06/2025 17:24:49][WildStr][svchost.exe]

[Throw dll injection][27/06/2025 17:24:49][WildStr][svchost.exe]

[Throw dll injection][27/06/2025 17:24:49][WildStr][svchost.exe]

[Throw dll injection][27/06/2025 17:24:49][WildStr][svchost.exe]

[Throw dll injection][27/06/2025 17:24:49][WildStr][dwm.exe]

[Throw dll injection][27/06/2025 17:24:49][WildStr][svchost.exe]

[Throw dll injection][27/06/2025 17:24:49][WildStr][svchost.exe]

[Throw dll injection][27/06/2025 17:24:49][WildStr][svchost.exe]

[Throw dll injection][27/06/2025 17:24:49][WildStr][svchost.exe]

[Throw dll injection][27/06/2025 17:24:49][WildStr][svchost.exe]

[Throw dll injection][27/06/2025 17:24:49][WildStr][svchost.exe]

[Throw dll injection][27/06/2025 17:24:49][WildStr][svchost.exe]

[Throw dll injection][27/06/2025 17:24:49][WildStr][svchost.exe]

[Throw dll injection][27/06/2025 17:24:49][WildStr][svchost.exe]

[Throw dll injection][27/06/2025 17:24:49][WildStr][svchost.exe]

[Throw dll injection][27/06/2025 17:24:49][WildStr][svchost.exe]

[Throw dll injection][27/06/2025 17:24:49][WildStr][svchost.exe]

[Throw dll injection][27/06/2025 17:24:49][WildStr][svchost.exe]

[Throw dll injection][27/06/2025 17:24:49][WildStr][svchost.exe]

[Throw dll injection][27/06/2025 17:24:49][WildStr][svchost.exe]

[Throw dll injection][27/06/2025 17:24:49][WildStr][svchost.exe]

[Throw dll injection][27/06/2025 17:24:49][WildStr][svchost.exe]

[Throw dll injection][27/06/2025 17:24:49][WildStr][svchost.exe]

[Throw dll injection][27/06/2025 17:24:49][WildStr][svchost.exe]

[Throw dll injection][27/06/2025 17:24:49][WildStr][svchost.exe]

[Throw dll injection][27/06/2025 17:24:49][WildStr][svchost.exe]

[Throw dll injection][27/06/2025 17:24:49][WildStr][svchost.exe]

[Throw dll injection][27/06/2025 17:24:49][WildStr][VBoxService.exe]

[Throw dll injection][27/06/2025 17:24:49][WildStr][svchost.exe]

[Throw dll injection][27/06/2025 17:24:49][WildStr][svchost.exe]

[Throw dll injection][27/06/2025 17:24:49][WildStr][svchost.exe]

[Throw dll injection][27/06/2025 17:24:49][WildStr][svchost.exe]

[Throw dll injection][27/06/2025 17:24:49][WildStr][VBoxService.exe]

[Throw dll injection][27/06/2025 17:24:49][WildStr][svchost.exe]

[Throw dll injection][27/06/2025 17:24:49][WildStr][svchost.exe]

[Throw dll injection][27/06/2025 17:24:49][WildStr][svchost.exe]

[Throw dll injection][27/06/2025 17:24:49][WildStr][svchost.exe]

[Throw dll injection][27/06/2025 17:24:49][WildStr][svchost.exe]

[Throw dll injection][27/06/2025 17:24:49][WildStr][svchost.exe]

[Throw dll injection][27/06/2025 17:24:49][WildStr][svchost.exe]

[Throw dll injection][27/06/2025 17:24:49][WildStr][svchost.exe]

[Throw dll injection][27/06/2025 17:24:49][WildStr][Memory Compression]

[Throw dll injection][27/06/2025 17:24:49][WildStr][svchost.exe]

[Throw dll injection][27/06/2025 17:24:49][WildStr][svchost.exe]

[Throw dll injection][27/06/2025 17:24:49][WildStr][svchost.exe]

[Throw dll injection][27/06/2025 17:24:49][WildStr][svchost.exe]

[Throw dll injection][27/06/2025 17:24:49][WildStr][Memory Compression]

[Throw dll injection][27/06/2025 17:24:49][WildStr][svchost.exe]

[Throw dll injection][27/06/2025 17:24:49][WildStr][svchost.exe]

[Throw dll injection][27/06/2025 17:24:49][WildStr][svchost.exe]

[Throw dll injection][27/06/2025 17:24:49][WildStr][svchost.exe]

[Throw dll injection][27/06/2025 17:24:49][WildStr][svchost.exe]

[Throw dll injection][27/06/2025 17:24:49][WildStr][svchost.exe]

[Throw dll injection][27/06/2025 17:24:49][WildStr][svchost.exe]

[Throw dll injection][27/06/2025 17:24:49][WildStr][svchost.exe]

[Throw dll injection][27/06/2025 17:24:49][WildStr][svchost.exe]

[Throw dll injection][27/06/2025 17:24:49][WildStr][svchost.exe]

[Throw dll injection][27/06/2025 17:24:49][WildStr][svchost.exe]

[Throw dll injection][27/06/2025 17:24:49][WildStr][svchost.exe]

[Throw dll injection][27/06/2025 17:24:49][WildStr][spoolsv.exe]

[Throw dll injection][27/06/2025 17:24:49][WildStr][svchost.exe]

[Throw dll injection][27/06/2025 17:24:49][WildStr][svchost.exe]

[Throw dll injection][27/06/2025 17:24:49][WildStr][svchost.exe]

[Throw dll injection][27/06/2025 17:24:49][WildStr][svchost.exe]

[Throw dll injection][27/06/2025 17:24:49][WildStr][spoolsv.exe]

[Throw dll injection][27/06/2025 17:24:49][WildStr][svchost.exe]

[Throw dll injection][27/06/2025 17:24:49][WildStr][svchost.exe]

[Throw dll injection][27/06/2025 17:24:49][WildStr][svchost.exe]

[Throw dll injection][27/06/2025 17:24:49][WildStr][svchost.exe]

[Throw dll injection][27/06/2025 17:24:49][WildStr][ssh-agent.exe]

[Throw dll injection][27/06/2025 17:24:49][WildStr][svchost.exe]

[Throw dll injection][27/06/2025 17:24:49][WildStr][sshd.exe]

[Throw dll injection][27/06/2025 17:24:49][WildStr][svchost.exe]

[Throw dll injection][27/06/2025 17:24:49][WildStr][svchost.exe]

[Throw dll injection][27/06/2025 17:24:49][WildStr][ssh-agent.exe]

[Throw dll injection][27/06/2025 17:24:49][WildStr][svchost.exe]

[Throw dll injection][27/06/2025 17:24:49][WildStr][sshd.exe]

[Throw dll injection][27/06/2025 17:24:49][WildStr][svchost.exe]

[Throw dll injection][27/06/2025 17:24:49][WildStr][svchost.exe]

[Throw dll injection][27/06/2025 17:24:49][WildStr][svchost.exe]

[Throw dll injection][27/06/2025 17:24:49][WildStr][svchost.exe]

[Throw dll injection][27/06/2025 17:24:49][WildStr][svchost.exe]

[Throw dll injection][27/06/2025 17:24:49][WildStr][svchost.exe]

[Throw dll injection][27/06/2025 17:24:49][WildStr][svchost.exe]

[Throw dll injection][27/06/2025 17:24:49][WildStr][svchost.exe]

[Throw dll injection][27/06/2025 17:24:49][WildStr][svchost.exe]

[Throw dll injection][27/06/2025 17:24:49][WildStr][svchost.exe]

[Throw dll injection][27/06/2025 17:24:49][WildStr][svchost.exe]

[Throw dll injection][27/06/2025 17:24:49][WildStr][svchost.exe]

[Throw dll injection][27/06/2025 17:24:49][WildStr][svchost.exe]

[Throw dll injection][27/06/2025 17:24:49][WildStr][svchost.exe]

[Throw dll injection][27/06/2025 17:24:49][WildStr][MpDefenderCoreService.exe]

[Throw dll injection][27/06/2025 17:24:49][WildStr][svchost.exe]

[Throw dll injection][27/06/2025 17:24:49][WildStr][MsMpEng.exe]

[Throw dll injection][27/06/2025 17:24:49][WildStr][svchost.exe]

[Throw dll injection][27/06/2025 17:24:49][WildStr][SearchIndexer.exe]

[Throw dll injection][27/06/2025 17:24:49][WildStr][MpDefenderCoreService.exe]

[Throw dll injection][27/06/2025 17:24:49][WildStr][AggregatorHost.exe]

[Throw dll injection][27/06/2025 17:24:49][WildStr][MsMpEng.exe]

[Throw dll injection][27/06/2025 17:24:49][WildStr][dllhost.exe]

[Throw dll injection][27/06/2025 17:24:49][WildStr][SearchIndexer.exe]

[Throw dll injection][27/06/2025 17:24:49][WildStr][svchost.exe]

[Throw dll injection][27/06/2025 17:24:49][WildStr][AggregatorHost.exe]

[Throw dll injection][27/06/2025 17:24:49][WildStr][NisSrv.exe]

[Throw dll injection][27/06/2025 17:24:49][WildStr][dllhost.exe]

[Throw dll injection][27/06/2025 17:24:49][WildStr][sihost.exe]

[Throw dll injection][27/06/2025 17:24:49][WildStr][svchost.exe]

[Throw dll injection][27/06/2025 17:24:49][WildStr][svchost.exe]

[Throw dll injection][27/06/2025 17:24:49][WildStr][NisSrv.exe]

[Throw dll injection][27/06/2025 17:24:49][WildStr][svchost.exe]

[Throw dll injection][27/06/2025 17:24:49][WildStr][sihost.exe]

[Throw dll injection][27/06/2025 17:24:49][WildStr][taskhostw.exe]

[Throw dll injection][27/06/2025 17:24:49][WildStr][svchost.exe]

[Throw dll injection][27/06/2025 17:24:49][WildStr][MicrosoftEdgeUpdate.exe]

[Throw dll injection][27/06/2025 17:24:49][WildStr][svchost.exe]

[Throw dll injection][27/06/2025 17:24:49][WildStr][svchost.exe]

[Throw dll injection][27/06/2025 17:24:49][WildStr][taskhostw.exe]

[Throw dll injection][27/06/2025 17:24:49][WildStr][ctfmon.exe]

[Throw dll injection][27/06/2025 17:24:49][WildStr][MicrosoftEdgeUpdate.exe]

[Throw dll injection][27/06/2025 17:24:49][WildStr][svchost.exe]

[Throw dll injection][27/06/2025 17:24:49][WildStr][svchost.exe]

[Throw dll injection][27/06/2025 17:24:49][WildStr][svchost.exe]

[Throw dll injection][27/06/2025 17:24:49][WildStr][ctfmon.exe]

[Throw dll injection][27/06/2025 17:24:49][WildStr][explorer.exe]

[Throw dll injection][27/06/2025 17:24:49][WildStr][svchost.exe]

[Throw dll injection][27/06/2025 17:24:49][WildStr][svchost.exe]

[Throw dll injection][27/06/2025 17:24:49][WildStr][svchost.exe]

[Throw dll injection][27/06/2025 17:24:49][WildStr][StartMenuExperienceHost.exe]

[Throw dll injection][27/06/2025 17:24:49][WildStr][explorer.exe]

[Throw dll injection][27/06/2025 17:24:49][WildStr][RuntimeBroker.exe]

[Throw dll injection][27/06/2025 17:24:49][WildStr][svchost.exe]

[Throw dll injection][27/06/2025 17:24:49][WildStr][SearchApp.exe]

[Throw dll injection][27/06/2025 17:24:49][WildStr][StartMenuExperienceHost.exe]

[Throw dll injection][27/06/2025 17:24:49][WildStr][svchost.exe]

[Throw dll injection][27/06/2025 17:24:49][WildStr][RuntimeBroker.exe]

[Throw dll injection][27/06/2025 17:24:49][WildStr][RuntimeBroker.exe]

[Throw dll injection][27/06/2025 17:24:49][WildStr][SearchApp.exe]

[Throw dll injection][27/06/2025 17:24:49][WildStr][RuntimeBroker.exe]

[Throw dll injection][27/06/2025 17:24:49][WildStr][svchost.exe]

[Throw dll injection][27/06/2025 17:24:49][WildStr][svchost.exe]

[Throw dll injection][27/06/2025 17:24:49][WildStr][RuntimeBroker.exe]

[Throw dll injection][27/06/2025 17:24:49][WildStr][SecurityHealthSystray.exe]

[Throw dll injection][27/06/2025 17:24:49][WildStr][RuntimeBroker.exe]

[Throw dll injection][27/06/2025 17:24:49][WildStr][SecurityHealthService.exe]

[Throw dll injection][27/06/2025 17:24:49][WildStr][svchost.exe]

[Throw dll injection][27/06/2025 17:24:49][WildStr][VBoxTray.exe]

[Throw dll injection][27/06/2025 17:24:49][WildStr][SecurityHealthSystray.exe]

[Throw dll injection][27/06/2025 17:24:49][WildStr][OneDrive.exe]

[Throw dll injection][27/06/2025 17:24:49][WildStr][SecurityHealthService.exe]

[Throw dll injection][27/06/2025 17:24:49][WildStr][svchost.exe]

[Throw dll injection][27/06/2025 17:24:49][WildStr][VBoxTray.exe]

[Throw dll injection][27/06/2025 17:24:49][WildStr][svchost.exe]

[Throw dll injection][27/06/2025 17:24:49][WildStr][svchost.exe]

[Throw dll injection][27/06/2025 17:24:49][WildStr][OneDrive.exe]

[Throw dll injection][27/06/2025 17:24:49][WildStr][svchost.exe]

[Throw dll injection][27/06/2025 17:24:49][WildStr][svchost.exe]

[Throw dll injection][27/06/2025 17:24:49][WildStr][svchost.exe]

[Throw dll injection][27/06/2025 17:24:49][WildStr][svchost.exe]

[Throw dll injection][27/06/2025 17:24:49][WildStr][svchost.exe]

[Throw dll injection][27/06/2025 17:24:49][WildStr][svchost.exe]

[Throw dll injection][27/06/2025 17:24:49][WildStr][TextInputHost.exe]

[Throw dll injection][27/06/2025 17:24:49][WildStr][svchost.exe]

[Throw dll injection][27/06/2025 17:24:49][WildStr][svchost.exe]

[Throw dll injection][27/06/2025 17:24:49][WildStr][ApplicationFrameHost.exe]

[Throw dll injection][27/06/2025 17:24:49][WildStr][svchost.exe]

[Throw dll injection][27/06/2025 17:24:49][WildStr][SystemSettings.exe]

[Throw dll injection][27/06/2025 17:24:49][WildStr][TextInputHost.exe]

[Throw dll injection][27/06/2025 17:24:49][WildStr][UserOOBEBroker.exe]

[Throw dll injection][27/06/2025 17:24:49][WildStr][ApplicationFrameHost.exe]

[Throw dll injection][27/06/2025 17:24:49][WildStr][SearchApp.exe]

[Throw dll injection][27/06/2025 17:24:49][WildStr][SystemSettings.exe]

[Throw dll injection][27/06/2025 17:24:49][WildStr][msedgewebview2.exe]

[Throw dll injection][27/06/2025 17:24:49][WildStr][UserOOBEBroker.exe]

[Throw dll injection][27/06/2025 17:24:49][WildStr][msedgewebview2.exe]

[Throw dll injection][27/06/2025 17:24:49][WildStr][SearchApp.exe]

[Throw dll injection][27/06/2025 17:24:49][WildStr][msedgewebview2.exe]

[Throw dll injection][27/06/2025 17:24:49][WildStr][msedgewebview2.exe]

[Throw dll injection][27/06/2025 17:24:49][WildStr][msedgewebview2.exe]

[Throw dll injection][27/06/2025 17:24:49][WildStr][msedgewebview2.exe]

[Throw dll injection][27/06/2025 17:24:49][WildStr][msedgewebview2.exe]

[Throw dll injection][27/06/2025 17:24:49][WildStr][msedgewebview2.exe]

[Throw dll injection][27/06/2025 17:24:49][WildStr][msedgewebview2.exe]

[Throw dll injection][27/06/2025 17:24:49][WildStr][msedgewebview2.exe]

[Throw dll injection][27/06/2025 17:24:49][WildStr][FileCoAuth.exe]

[Throw dll injection][27/06/2025 17:24:49][WildStr][msedgewebview2.exe]

[Throw dll injection][27/06/2025 17:24:49][WildStr][svchost.exe]

[Throw dll injection][27/06/2025 17:24:49][WildStr][msedgewebview2.exe]

[Throw dll injection][27/06/2025 17:24:49][WildStr][msedge.exe]

[Throw dll injection][27/06/2025 17:24:49][WildStr][FileCoAuth.exe]

[Throw dll injection][27/06/2025 17:24:49][WildStr][msedge.exe]

[Throw dll injection][27/06/2025 17:24:49][WildStr][msedge.exe]

[Throw dll injection][27/06/2025 17:24:49][WildStr][svchost.exe]

[Throw dll injection][27/06/2025 17:24:49][WildStr][msedge.exe]

[Throw dll injection][27/06/2025 17:24:49][WildStr][msedge.exe]

[Throw dll injection][27/06/2025 17:24:49][WildStr][msedge.exe]

[Throw dll injection][27/06/2025 17:24:49][WildStr][msedge.exe]

[Throw dll injection][27/06/2025 17:24:49][WildStr][svchost.exe]

[Throw dll injection][27/06/2025 17:24:49][WildStr][msedge.exe]

[Throw dll injection][27/06/2025 17:24:49][WildStr][svchost.exe]

[Throw dll injection][27/06/2025 17:24:49][WildStr][msedge.exe]

[Throw dll injection][27/06/2025 17:24:49][WildStr][svchost.exe]

[Throw dll injection][27/06/2025 17:24:49][WildStr][msedge.exe]

[Throw dll injection][27/06/2025 17:24:49][WildStr][dllhost.exe]

[Throw dll injection][27/06/2025 17:24:49][WildStr][svchost.exe]

[Throw dll injection][27/06/2025 17:24:49][WildStr][ShellExperienceHost.exe]

[Throw dll injection][27/06/2025 17:24:49][WildStr][svchost.exe]

[Throw dll injection][27/06/2025 17:24:49][WildStr][RuntimeBroker.exe]

[Throw dll injection][27/06/2025 17:24:49][WildStr][powershell.exe]

[Throw dll injection][27/06/2025 17:24:49][WildStr][dllhost.exe]

[Throw dll injection][27/06/2025 17:24:49][WildStr][conhost.exe]

[Throw dll injection][27/06/2025 17:24:49][WildStr][ShellExperienceHost.exe]

[Throw dll injection][27/06/2025 17:24:49][WildStr][cmd.exe]

[Throw dll injection][27/06/2025 17:24:49][WildStr][RuntimeBroker.exe]

[Throw dll injection][27/06/2025 17:24:49][WildStr][conhost.exe]

[Throw dll injection][27/06/2025 17:24:49][WildStr][powershell.exe]

[Throw dll injection][27/06/2025 17:24:49][WildStr][powershell.exe]

[Throw dll injection][27/06/2025 17:24:49][WildStr][conhost.exe]

[Throw dll injection][27/06/2025 17:24:49][WildStr][Code.exe]

[Throw dll injection][27/06/2025 17:24:49][WildStr][cmd.exe]

[Throw dll injection][27/06/2025 17:24:49][WildStr][Code.exe]

[Throw dll injection][27/06/2025 17:24:49][WildStr][conhost.exe]

[Throw dll injection][27/06/2025 17:24:49][WildStr][Code.exe]

[Throw dll injection][27/06/2025 17:24:49][WildStr][powershell.exe]

[Throw dll injection][27/06/2025 17:24:49][WildStr][Code.exe]

[Throw dll injection][27/06/2025 17:24:49][WildStr][Code.exe]

[Throw dll injection][27/06/2025 17:24:49][WildStr][Code.exe]

[Throw dll injection][27/06/2025 17:24:49][WildStr][Code.exe]

[Throw dll injection][27/06/2025 17:24:49][WildStr][Code.exe]

[Throw dll injection][27/06/2025 17:24:49][WildStr][Code.exe]

[Throw dll injection][27/06/2025 17:24:49][WildStr][Code.exe]

[Throw dll injection][27/06/2025 17:24:49][WildStr][Code.exe]

[Throw dll injection][27/06/2025 17:24:49][WildStr][Code.exe]

[Throw dll injection][27/06/2025 17:24:49][WildStr][cpptools.exe]

[Throw dll injection][27/06/2025 17:24:49][WildStr][Code.exe]

[Throw dll injection][27/06/2025 17:24:49][WildStr][conhost.exe]

[Throw dll injection][27/06/2025 17:24:49][WildStr][Code.exe]

[Throw dll injection][27/06/2025 17:24:49][WildStr][Code.exe]

[Throw dll injection][27/06/2025 17:24:49][WildStr][Code.exe]

[Throw dll injection][27/06/2025 17:24:49][WildStr][cpptools.exe]

[Throw dll injection][27/06/2025 17:24:49][WildStr][cpptools.exe]

[Throw dll injection][27/06/2025 17:24:49][WildStr][conhost.exe]

[Throw dll injection][27/06/2025 17:24:49][WildStr][cpptools-srv.exe]

[Throw dll injection][27/06/2025 17:24:49][WildStr][Code.exe]

[Throw dll injection][27/06/2025 17:24:49][WildStr][conhost.exe]

[Throw dll injection][27/06/2025 17:24:49][WildStr][cpptools.exe]

[Throw dll injection][27/06/2025 17:24:49][WildStr][svchost.exe]

[Throw dll injection][27/06/2025 17:24:49][WildStr][cpptools-srv.exe]

[Throw dll injection][27/06/2025 17:24:49][WildStr][svchost.exe]

[Throw dll injection][27/06/2025 17:24:49][WildStr][conhost.exe]

[Throw dll injection][27/06/2025 17:24:49][WildStr][Code.exe]

[Throw dll injection][27/06/2025 17:24:49][WildStr][svchost.exe]

[Throw dll injection][27/06/2025 17:24:49][WildStr][conhost.exe]

[Throw dll injection][27/06/2025 17:24:49][WildStr][svchost.exe]

[Throw dll injection][27/06/2025 17:24:49][WildStr][powershell.exe]

[Throw dll injection][27/06/2025 17:24:49][WildStr][Code.exe]

[Throw dll injection][27/06/2025 17:24:49][WildStr][vctip.exe]

[Throw dll injection][27/06/2025 17:24:49][WildStr][conhost.exe]

[Throw dll injection][27/06/2025 17:24:49][WildStr][cpptools-srv.exe]

[Throw dll injection][27/06/2025 17:24:49][WildStr][conhost.exe]

[Throw dll injection][27/06/2025 17:24:49][WildStr][powershell.exe]

[Throw dll injection][27/06/2025 17:24:49][WildStr][svchost.exe]

[Throw dll injection][27/06/2025 17:24:49][WildStr][vctip.exe]

[Throw dll injection][27/06/2025 17:24:49][WildStr][smartscreen.exe]

[Throw dll injection][27/06/2025 17:24:49][WildStr][cpptools-srv.exe]

[Throw dll injection][27/06/2025 17:24:49][WildStr][Taskmgr.exe]

[Throw dll injection][27/06/2025 17:24:49][WildStr][conhost.exe]

[Throw dll injection][27/06/2025 17:24:49][WildStr][conhost.exe]

[Throw dll injection][27/06/2025 17:24:49][WildStr][svchost.exe]

[Throw dll injection][27/06/2025 17:24:49][WildStr][powershell.exe]

[Throw dll injection][27/06/2025 17:24:49][WildStr][smartscreen.exe]

[Throw dll injection][27/06/2025 17:24:49][WildStr][Taskmgr.exe]

[Throw dll injection][27/06/2025 17:24:49][WildStr][conhost.exe]

[Throw dll injection][27/06/2025 17:24:49][WildStr][powershell.exe]

[Throw dll injection][27/06/2025 17:24:50][WildStr][System]

[Throw dll injection][27/06/2025 17:24:50][WildStr][Registry]

[Throw dll injection][27/06/2025 17:24:50][WildStr][smss.exe]

[Throw dll injection][27/06/2025 17:24:50][WildStr][Registry]

[Throw dll injection][27/06/2025 17:24:50][WildStr][csrss.exe]

[Throw dll injection][27/06/2025 17:24:50][WildStr][smss.exe]

[Throw dll injection][27/06/2025 17:24:50][WildStr][wininit.exe]

[Throw dll injection][27/06/2025 17:24:50][WildStr][csrss.exe]

[Throw dll injection][27/06/2025 17:24:50][WildStr][csrss.exe]

[Throw dll injection][27/06/2025 17:24:50][WildStr][wininit.exe]

[Throw dll injection][27/06/2025 17:24:50][WildStr][winlogon.exe]

[Throw dll injection][27/06/2025 17:24:50][WildStr][csrss.exe]

[Throw dll injection][27/06/2025 17:24:50][WildStr][services.exe]

[Throw dll injection][27/06/2025 17:24:50][WildStr][winlogon.exe]

[Throw dll injection][27/06/2025 17:24:50][WildStr][lsass.exe]

[Throw dll injection][27/06/2025 17:24:50][WildStr][svchost.exe]

[Throw dll injection][27/06/2025 17:24:50][WildStr][services.exe]

[Throw dll injection][27/06/2025 17:24:50][WildStr][fontdrvhost.exe]

[Throw dll injection][27/06/2025 17:24:50][WildStr][lsass.exe]

[Throw dll injection][27/06/2025 17:24:50][WildStr][fontdrvhost.exe]

[Throw dll injection][27/06/2025 17:24:50][WildStr][svchost.exe]

[Throw dll injection][27/06/2025 17:24:50][WildStr][svchost.exe]
e]

[Throw dll injection][27/06/2025 17:24:50][WildStr][svchost.exe]

[Throw dll injection][27/06/2025 17:24:50][WildStr][fontdrvhost.exe]

[Throw dll injection][27/06/2025 17:24:50][WildStr][dwm.exe]

[Throw dll injection][27/06/2025 17:24:50][WildStr][svchost.exe]

[Throw dll injection][27/06/2025 17:24:50][WildStr][svchost.exe]

[Throw dll injection][27/06/2025 17:24:50][WildStr][svchost.exe]

[Throw dll injection][27/06/2025 17:24:50][WildStr][svchost.exe]

[Throw dll injection][27/06/2025 17:24:50][WildStr][dwm.exe]

[Throw dll injection][27/06/2025 17:24:50][WildStr][svchost.exe]

[Throw dll injection][27/06/2025 17:24:50][WildStr][svchost.exe]

[Throw dll injection][27/06/2025 17:24:50][WildStr][svchost.exe]

[Throw dll injection][27/06/2025 17:24:50][WildStr][svchost.exe]

[Throw dll injection][27/06/2025 17:24:50][WildStr][svchost.exe]

[Throw dll injection][27/06/2025 17:24:50][WildStr][svchost.exe]

[Throw dll injection][27/06/2025 17:24:50][WildStr][svchost.exe]

[Throw dll injection][27/06/2025 17:24:50][WildStr][svchost.exe]

[Throw dll injection][27/06/2025 17:24:50][WildStr][svchost.exe]

[Throw dll injection][27/06/2025 17:24:50][WildStr][svchost.exe]

[Throw dll injection][27/06/2025 17:24:50][WildStr][svchost.exe]

[Throw dll injection][27/06/2025 17:24:50][WildStr][svchost.exe]

[Throw dll injection][27/06/2025 17:24:50][WildStr][svchost.exe]

[Throw dll injection][27/06/2025 17:24:50][WildStr][svchost.exe]

[Throw dll injection][27/06/2025 17:24:50][WildStr][svchost.exe]

[Throw dll injection][27/06/2025 17:24:50][WildStr][svchost.exe]

[Throw dll injection][27/06/2025 17:24:50][WildStr][svchost.exe]

[Throw dll injection][27/06/2025 17:24:50][WildStr][svchost.exe]

[Throw dll injection][27/06/2025 17:24:50][WildStr][svchost.exe]

[Throw dll injection][27/06/2025 17:24:50][WildStr][svchost.exe]

[Throw dll injection][27/06/2025 17:24:50][WildStr][svchost.exe]

[Throw dll injection][27/06/2025 17:24:50][WildStr][svchost.exe]

[Throw dll injection][27/06/2025 17:24:50][WildStr][svchost.exe]

[Throw dll injection][27/06/2025 17:24:50][WildStr][svchost.exe]

[Throw dll injection][27/06/2025 17:24:50][WildStr][VBoxService.exe]

[Throw dll injection][27/06/2025 17:24:50][WildStr][VBoxService.exe]

[Throw dll injection][27/06/2025 17:24:50][WildStr][svchost.exe]

[Throw dll injection][27/06/2025 17:24:50][WildStr][svchost.exe]

[Throw dll injection][27/06/2025 17:24:50][WildStr][svchost.exe]

[Throw dll injection][27/06/2025 17:24:50][WildStr][svchost.exe]

[Throw dll injection][27/06/2025 17:24:50][WildStr][svchost.exe]

[Throw dll injection][27/06/2025 17:24:50][WildStr][svchost.exe]

[Throw dll injection][27/06/2025 17:24:50][WildStr][svchost.exe]

[Throw dll injection][27/06/2025 17:24:50][WildStr][svchost.exe]

[Throw dll injection][27/06/2025 17:24:50][WildStr][svchost.exe]

[Throw dll injection][27/06/2025 17:24:50][WildStr][svchost.exe]

[Throw dll injection][27/06/2025 17:24:50][WildStr][svchost.exe]

[Throw dll injection][27/06/2025 17:24:50][WildStr][svchost.exe]

[Throw dll injection][27/06/2025 17:24:50][WildStr][Memory Compression]

[Throw dll injection][27/06/2025 17:24:50][WildStr][Memory Compression]

[Throw dll injection][27/06/2025 17:24:50][WildStr][svchost.exe]

[Throw dll injection][27/06/2025 17:24:50][WildStr][svchost.exe]

[Throw dll injection][27/06/2025 17:24:50][WildStr][svchost.exe]

[Throw dll injection][27/06/2025 17:24:50][WildStr][svchost.exe]

[Throw dll injection][27/06/2025 17:24:50][WildStr][svchost.exe]

[Throw dll injection][27/06/2025 17:24:50][WildStr][svchost.exe]

[Throw dll injection][27/06/2025 17:24:50][WildStr][svchost.exe]

[Throw dll injection][27/06/2025 17:24:50][WildStr][svchost.exe]

[Throw dll injection][27/06/2025 17:24:50][WildStr][svchost.exe]

[Throw dll injection][27/06/2025 17:24:50][WildStr][svchost.exe]

[Throw dll injection][27/06/2025 17:24:50][WildStr][svchost.exe]

[Throw dll injection][27/06/2025 17:24:50][WildStr][svchost.exe]

[Throw dll injection][27/06/2025 17:24:50][WildStr][svchost.exe]

[Throw dll injection][27/06/2025 17:24:50][WildStr][spoolsv.exe]

[Throw dll injection][27/06/2025 17:24:50][WildStr][svchost.exe]

[Throw dll injection][27/06/2025 17:24:50][WildStr][svchost.exe]

[Throw dll injection][27/06/2025 17:24:50][WildStr][spoolsv.exe]

[Throw dll injection][27/06/2025 17:24:50][WildStr][svchost.exe]

[Throw dll injection][27/06/2025 17:24:50][WildStr][svchost.exe]

[Throw dll injection][27/06/2025 17:24:50][WildStr][svchost.exe]

[Throw dll injection][27/06/2025 17:24:50][WildStr][svchost.exe]

[Throw dll injection][27/06/2025 17:24:50][WildStr][ssh-agent.exe]

[Throw dll injection][27/06/2025 17:24:50][WildStr][svchost.exe]

[Throw dll injection][27/06/2025 17:24:50][WildStr][sshd.exe]

[Throw dll injection][27/06/2025 17:24:50][WildStr][svchost.exe]

[Throw dll injection][27/06/2025 17:24:50][WildStr][svchost.exe]

[Throw dll injection][27/06/2025 17:24:50][WildStr][ssh-agent.exe]

[Throw dll injection][27/06/2025 17:24:50][WildStr][svchost.exe]

[Throw dll injection][27/06/2025 17:24:50][WildStr][sshd.exe]

[Throw dll injection][27/06/2025 17:24:50][WildStr][svchost.exe]

[Throw dll injection][27/06/2025 17:24:50][WildStr][svchost.exe]

[Throw dll injection][27/06/2025 17:24:50][WildStr][svchost.exe]

[Throw dll injection][27/06/2025 17:24:50][WildStr][svchost.exe]

[Throw dll injection][27/06/2025 17:24:50][WildStr][svchost.exe]

[Throw dll injection][27/06/2025 17:24:50][WildStr][svchost.exe]

[Throw dll injection][27/06/2025 17:24:50][WildStr][svchost.exe]

[Throw dll injection][27/06/2025 17:24:50][WildStr][svchost.exe]

[Throw dll injection][27/06/2025 17:24:50][WildStr][svchost.exe]

[Throw dll injection][27/06/2025 17:24:50][WildStr][svchost.exe]

[Throw dll injection][27/06/2025 17:24:50][WildStr][svchost.exe]

[Throw dll injection][27/06/2025 17:24:50][WildStr][MpDefenderCoreService.exe]

[Throw dll injection][27/06/2025 17:24:50][WildStr][svchost.exe]

[Throw dll injection][27/06/2025 17:24:50][WildStr][MsMpEng.exe]

[Throw dll injection][27/06/2025 17:24:50][WildStr][svchost.exe]

[Throw dll injection][27/06/2025 17:24:50][WildStr][SearchIndexer.exe]

[Throw dll injection][27/06/2025 17:24:50][WildStr][svchost.exe]

[Throw dll injection][27/06/2025 17:24:50][WildStr][svchost.exe]

[Throw dll injection][27/06/2025 17:24:50][WildStr][AggregatorHost.exe]

[Throw dll injection][27/06/2025 17:24:50][WildStr][svchost.exe]

[Throw dll injection][27/06/2025 17:24:50][WildStr][dllhost.exe]

[Throw dll injection][27/06/2025 17:24:50][WildStr][MpDefenderCoreService.exe]

[Throw dll injection][27/06/2025 17:24:50][WildStr][svchost.exe]

[Throw dll injection][27/06/2025 17:24:50][WildStr][MsMpEng.exe]

[Throw dll injection][27/06/2025 17:24:50][WildStr][NisSrv.exe]

[Throw dll injection][27/06/2025 17:24:50][WildStr][SearchIndexer.exe]

[Throw dll injection][27/06/2025 17:24:50][WildStr][sihost.exe]

[Throw dll injection][27/06/2025 17:24:50][WildStr][AggregatorHost.exe]

[Throw dll injection][27/06/2025 17:24:50][WildStr][svchost.exe]

[Throw dll injection][27/06/2025 17:24:50][WildStr][dllhost.exe]

[Throw dll injection][27/06/2025 17:24:50][WildStr][svchost.exe]

[Throw dll injection][27/06/2025 17:24:50][WildStr][svchost.exe]

[Throw dll injection][27/06/2025 17:24:50][WildStr][taskhostw.exe]

[Throw dll injection][27/06/2025 17:24:50][WildStr][NisSrv.exe]

[Throw dll injection][27/06/2025 17:24:50][WildStr][MicrosoftEdgeUpdate.exe]

[Throw dll injection][27/06/2025 17:24:50][WildStr][sihost.exe]

[Throw dll injection][27/06/2025 17:24:50][WildStr][svchost.exe]

[Throw dll injection][27/06/2025 17:24:50][WildStr][svchost.exe]

[Throw dll injection][27/06/2025 17:24:50][WildStr][svchost.exe]

[Throw dll injection][27/06/2025 17:24:50][WildStr][ctfmon.exe]

[Throw dll injection][27/06/2025 17:24:50][WildStr][taskhostw.exe]

[Throw dll injection][27/06/2025 17:24:50][WildStr][svchost.exe]

[Throw dll injection][27/06/2025 17:24:50][WildStr][MicrosoftEdgeUpdate.exe]

[Throw dll injection][27/06/2025 17:24:50][WildStr][svchost.exe]

[Throw dll injection][27/06/2025 17:24:50][WildStr][svchost.exe]

[Throw dll injection][27/06/2025 17:24:50][WildStr][ctfmon.exe]

[Throw dll injection][27/06/2025 17:24:50][WildStr][explorer.exe]

[Throw dll injection][27/06/2025 17:24:50][WildStr][svchost.exe]

[Throw dll injection][27/06/2025 17:24:50][WildStr][svchost.exe]

[Throw dll injection][27/06/2025 17:24:50][WildStr][svchost.exe]

[Throw dll injection][27/06/2025 17:24:50][WildStr][StartMenuExperienceHost.exe]

[Throw dll injection][27/06/2025 17:24:50][WildStr][explorer.exe]

[Throw dll injection][27/06/2025 17:24:50][WildStr][RuntimeBroker.exe]

[Throw dll injection][27/06/2025 17:24:50][WildStr][svchost.exe]

[Throw dll injection][27/06/2025 17:24:50][WildStr][SearchApp.exe]

[Throw dll injection][27/06/2025 17:24:50][WildStr][StartMenuExperienceHost.exe]

[Throw dll injection][27/06/2025 17:24:50][WildStr][svchost.exe]

[Throw dll injection][27/06/2025 17:24:50][WildStr][RuntimeBroker.exe]

[Throw dll injection][27/06/2025 17:24:50][WildStr][RuntimeBroker.exe]

[Throw dll injection][27/06/2025 17:24:50][WildStr][SearchApp.exe]

[Throw dll injection][27/06/2025 17:24:50][WildStr][RuntimeBroker.exe]

[Throw dll injection][27/06/2025 17:24:50][WildStr][svchost.exe]

[Throw dll injection][27/06/2025 17:24:50][WildStr][svchost.exe]

[Throw dll injection][27/06/2025 17:24:50][WildStr][RuntimeBroker.exe]

[Throw dll injection][27/06/2025 17:24:50][WildStr][SecurityHealthSystray.exe]

[Throw dll injection][27/06/2025 17:24:50][WildStr][RuntimeBroker.exe]

[Throw dll injection][27/06/2025 17:24:50][WildStr][SecurityHealthService.exe]

[Throw dll injection][27/06/2025 17:24:50][WildStr][svchost.exe]

[Throw dll injection][27/06/2025 17:24:50][WildStr][VBoxTray.exe]

[Throw dll injection][27/06/2025 17:24:50][WildStr][OneDrive.exe]

[Throw dll injection][27/06/2025 17:24:50][WildStr][SecurityHealthSystray.exe]

[Throw dll injection][27/06/2025 17:24:50][WildStr][SecurityHealthService.exe]

[Throw dll injection][27/06/2025 17:24:50][WildStr][svchost.exe]

[Throw dll injection][27/06/2025 17:24:50][WildStr][VBoxTray.exe]

[Throw dll injection][27/06/2025 17:24:50][WildStr][svchost.exe]

[Throw dll injection][27/06/2025 17:24:50][WildStr][OneDrive.exe]

[Throw dll injection][27/06/2025 17:24:50][WildStr][svchost.exe]

[Throw dll injection][27/06/2025 17:24:50][WildStr][svchost.exe]

[Throw dll injection][27/06/2025 17:24:50][WildStr][svchost.exe]

[Throw dll injection][27/06/2025 17:24:50][WildStr][svchost.exe]

[Throw dll injection][27/06/2025 17:24:50][WildStr][svchost.exe]

[Throw dll injection][27/06/2025 17:24:50][WildStr][svchost.exe]

[Throw dll injection][27/06/2025 17:24:50][WildStr][TextInputHost.exe]

[Throw dll injection][27/06/2025 17:24:50][WildStr][svchost.exe]

[Throw dll injection][27/06/2025 17:24:50][WildStr][ApplicationFrameHost.exe]

[Throw dll injection][27/06/2025 17:24:50][WildStr][svchost.exe]

[Throw dll injection][27/06/2025 17:24:50][WildStr][SystemSettings.exe]

[Throw dll injection][27/06/2025 17:24:50][WildStr][svchost.exe]

[Throw dll injection][27/06/2025 17:24:50][WildStr][UserOOBEBroker.exe]

[Throw dll injection][27/06/2025 17:24:50][WildStr][TextInputHost.exe]

[Throw dll injection][27/06/2025 17:24:50][WildStr][SearchApp.exe]

[Throw dll injection][27/06/2025 17:24:50][WildStr][ApplicationFrameHost.exe]

[Throw dll injection][27/06/2025 17:24:50][WildStr][msedgewebview2.exe]

[Throw dll injection][27/06/2025 17:24:50][WildStr][SystemSettings.exe]

[Throw dll injection][27/06/2025 17:24:50][WildStr][msedgewebview2.exe]

[Throw dll injection][27/06/2025 17:24:50][WildStr][UserOOBEBroker.exe]

[Throw dll injection][27/06/2025 17:24:50][WildStr][msedgewebview2.exe]

[Throw dll injection][27/06/2025 17:24:50][WildStr][SearchApp.exe]

[Throw dll injection][27/06/2025 17:24:50][WildStr][msedgewebview2.exe]

[Throw dll injection][27/06/2025 17:24:50][WildStr][msedgewebview2.exe]

[Throw dll injection][27/06/2025 17:24:50][WildStr][msedgewebview2.exe]

[Throw dll injection][27/06/2025 17:24:50][WildStr][msedgewebview2.exe]

[Throw dll injection][27/06/2025 17:24:50][WildStr][msedgewebview2.exe]

[Throw dll injection][27/06/2025 17:24:50][WildStr][msedgewebview2.exe]

[Throw dll injection][27/06/2025 17:24:50][WildStr][FileCoAuth.exe]

[Throw dll injection][27/06/2025 17:24:50][WildStr][msedgewebview2.exe]

[Throw dll injection][27/06/2025 17:24:50][WildStr][svchost.exe]

[Throw dll injection][27/06/2025 17:24:50][WildStr][msedgewebview2.exe]

[Throw dll injection][27/06/2025 17:24:50][WildStr][msedge.exe]

[Throw dll injection][27/06/2025 17:24:50][WildStr][msedgewebview2.exe]

[Throw dll injection][27/06/2025 17:24:50][WildStr][msedge.exe]

[Throw dll injection][27/06/2025 17:24:50][WildStr][FileCoAuth.exe]

[Throw dll injection][27/06/2025 17:24:50][WildStr][msedge.exe]

[Throw dll injection][27/06/2025 17:24:50][WildStr][svchost.exe]

[Throw dll injection][27/06/2025 17:24:50][WildStr][msedge.exe]

[Throw dll injection][27/06/2025 17:24:50][WildStr][msedge.exe]

[Throw dll injection][27/06/2025 17:24:50][WildStr][msedge.exe]

[Throw dll injection][27/06/2025 17:24:50][WildStr][msedge.exe]

[Throw dll injection][27/06/2025 17:24:50][WildStr][svchost.exe]

[Throw dll injection][27/06/2025 17:24:50][WildStr][msedge.exe]

[Throw dll injection][27/06/2025 17:24:50][WildStr][svchost.exe]

[Throw dll injection][27/06/2025 17:24:50][WildStr][msedge.exe]

[Throw dll injection][27/06/2025 17:24:50][WildStr][svchost.exe]

[Throw dll injection][27/06/2025 17:24:50][WildStr][msedge.exe]

[Throw dll injection][27/06/2025 17:24:50][WildStr][dllhost.exe]

[Throw dll injection][27/06/2025 17:24:50][WildStr][svchost.exe]

[Throw dll injection][27/06/2025 17:24:50][WildStr][ShellExperienceHost.exe]

[Throw dll injection][27/06/2025 17:24:50][WildStr][svchost.exe]

[Throw dll injection][27/06/2025 17:24:50][WildStr][RuntimeBroker.exe]

[Throw dll injection][27/06/2025 17:24:50][WildStr][svchost.exe]

[Throw dll injection][27/06/2025 17:24:50][WildStr][powershell.exe]

[Throw dll injection][27/06/2025 17:24:50][WildStr][dllhost.exe]

[Throw dll injection][27/06/2025 17:24:50][WildStr][conhost.exe]

[Throw dll injection][27/06/2025 17:24:50][WildStr][ShellExperienceHost.exe]

[Throw dll injection][27/06/2025 17:24:50][WildStr][cmd.exe]

[Throw dll injection][27/06/2025 17:24:50][WildStr][RuntimeBroker.exe]

[Throw dll injection][27/06/2025 17:24:50][WildStr][conhost.exe]

[Throw dll injection][27/06/2025 17:24:50][WildStr][powershell.exe]

[Throw dll injection][27/06/2025 17:24:50][WildStr][powershell.exe]

[Throw dll injection][27/06/2025 17:24:50][WildStr][conhost.exe]

[Throw dll injection][27/06/2025 17:24:50][WildStr][Code.exe]

[Throw dll injection][27/06/2025 17:24:50][WildStr][cmd.exe]

[Throw dll injection][27/06/2025 17:24:50][WildStr][conhost.exe]

[Throw dll injection][27/06/2025 17:24:50][WildStr][Code.exe]

[Throw dll injection][27/06/2025 17:24:50][WildStr][powershell.exe]

[Throw dll injection][27/06/2025 17:24:50][WildStr][Code.exe]

[Throw dll injection][27/06/2025 17:24:50][WildStr][Code.exe]

[Throw dll injection][27/06/2025 17:24:50][WildStr][Code.exe]

[Throw dll injection][27/06/2025 17:24:50][WildStr][Code.exe]

[Throw dll injection][27/06/2025 17:24:50][WildStr][Code.exe]

[Throw dll injection][27/06/2025 17:24:50][WildStr][Code.exe]

[Throw dll injection][27/06/2025 17:24:50][WildStr][Code.exe]

[Throw dll injection][27/06/2025 17:24:50][WildStr][Code.exe]

[Throw dll injection][27/06/2025 17:24:50][WildStr][Code.exe]

[Throw dll injection][27/06/2025 17:24:50][WildStr][cpptools.exe]

[Throw dll injection][27/06/2025 17:24:50][WildStr][Code.exe]

[Throw dll injection][27/06/2025 17:24:50][WildStr][conhost.exe]

[Throw dll injection][27/06/2025 17:24:50][WildStr][Code.exe]

[Throw dll injection][27/06/2025 17:24:50][WildStr][Code.exe]

[Throw dll injection][27/06/2025 17:24:50][WildStr][cpptools.exe]

[Throw dll injection][27/06/2025 17:24:50][WildStr][cpptools.exe]

[Throw dll injection][27/06/2025 17:24:50][WildStr][cpptools-srv.exe]

[Throw dll injection][27/06/2025 17:24:50][WildStr][cpptools.exe]

[Throw dll injection][27/06/2025 17:24:50][WildStr][conhost.exe]

[Throw dll injection][27/06/2025 17:24:50][WildStr][cpptools-srv.exe]

[Throw dll injection][27/06/2025 17:24:50][WildStr][svchost.exe]

[Throw dll injection][27/06/2025 17:24:50][WildStr][conhost.exe]

[Throw dll injection][27/06/2025 17:24:50][WildStr][svchost.exe]

[Throw dll injection][27/06/2025 17:24:50][WildStr][svchost.exe]

[Throw dll injection][27/06/2025 17:24:50][WildStr][Code.exe]

[Throw dll injection][27/06/2025 17:24:50][WildStr][conhost.exe]

[Throw dll injection][27/06/2025 17:24:50][WildStr][svchost.exe]

[Throw dll injection][27/06/2025 17:24:50][WildStr][powershell.exe]

[Throw dll injection][27/06/2025 17:24:50][WildStr][Code.exe]

[Throw dll injection][27/06/2025 17:24:50][WildStr][vctip.exe]

[Throw dll injection][27/06/2025 17:24:50][WildStr][conhost.exe]

[Throw dll injection][27/06/2025 17:24:50][WildStr][cpptools-srv.exe]

[Throw dll injection][27/06/2025 17:24:50][WildStr][powershell.exe]

[Throw dll injection][27/06/2025 17:24:50][WildStr][conhost.exe]

[Throw dll injection][27/06/2025 17:24:50][WildStr][vctip.exe]

[Throw dll injection][27/06/2025 17:24:50][WildStr][svchost.exe]

[Throw dll injection][27/06/2025 17:24:50][WildStr][cpptools-srv.exe]

[Throw dll injection][27/06/2025 17:24:50][WildStr][smartscreen.exe]

[Throw dll injection][27/06/2025 17:24:50][WildStr][Taskmgr.exe]

[Throw dll injection][27/06/2025 17:24:50][WildStr][conhost.exe]

[Throw dll injection][27/06/2025 17:24:50][WildStr][conhost.exe]

[Throw dll injection][27/06/2025 17:24:50][WildStr][svchost.exe]

[Throw dll injection][27/06/2025 17:24:50][WildStr][powershell.exe]

[Throw dll injection][27/06/2025 17:24:50][WildStr][smartscreen.exe]

[Throw dll injection][27/06/2025 17:24:50][WildStr][Taskmgr.exe]

[Throw dll injection][27/06/2025 17:24:50][WildStr][conhost.exe]

[Throw dll injection][27/06/2025 17:24:50][WildStr][powershell.exe]

[Throw dll injection][27/06/2025 17:24:51][WildStr][System]

[Throw dll injection][27/06/2025 17:24:51][WildStr][Registry]

[Throw dll injection][27/06/2025 17:24:51][WildStr][smss.exe]

[Throw dll injection][27/06/2025 17:24:51][WildStr][smss.exe]

[Throw dll injection][27/06/2025 17:24:51][WildStr][csrss.exe]

[Throw dll injection][27/06/2025 17:24:51][WildStr][csrss.exe]

[Throw dll injection][27/06/2025 17:24:51][WildStr][wininit.exe]

[Throw dll injection][27/06/2025 17:24:51][WildStr][csrss.exe]

[Throw dll injection][27/06/2025 17:24:51][WildStr][csrss.exe]

[Throw dll injection][27/06/2025 17:24:51][WildStr][winlogon.exe]

[Throw dll injection][27/06/2025 17:24:51][WildStr][winlogon.exe]

[Throw dll injection][27/06/2025 17:24:51][WildStr][services.exe]

[Throw dll injection][27/06/2025 17:24:51][WildStr][services.exe]

[Throw dll injection][27/06/2025 17:24:51][WildStr][lsass.exe]

[Throw dll injection][27/06/2025 17:24:51][WildStr][lsass.exe]

[Throw dll injection][27/06/2025 17:24:51][WildStr][svchost.exe]

[Throw dll injection][27/06/2025 17:24:51][WildStr][svchost.exe]

[Throw dll injection][27/06/2025 17:24:51][WildStr][fontdrvhost.exe]

[Throw dll injection][27/06/2025 17:24:51][WildStr][fontdrvhost.exe]

[Throw dll injection][27/06/2025 17:24:51][WildStr][fontdrvhost.exe]

[Throw dll injection][27/06/2025 17:24:51][WildStr][fontdrvhost.exe]

[Throw dll injection][27/06/2025 17:24:51][WildStr][svchost.exe]

[Throw dll injection][27/06/2025 17:24:51][WildStr][svchost.exe]

[Throw dll injection][27/06/2025 17:24:51][WildStr][svchost.exe]

[Throw dll injection][27/06/2025 17:24:51][WildStr][dwm.exe]

[Throw dll injection][27/06/2025 17:24:51][WildStr][svchost.exe]

[Throw dll injection][27/06/2025 17:24:51][WildStr][svchost.exe]

[Throw dll injection][27/06/2025 17:24:51][WildStr][dwm.exe]

[Throw dll injection][27/06/2025 17:24:51][WildStr][svchost.exe]

[Throw dll injection][27/06/2025 17:24:51][WildStr][svchost.exe]

[Throw dll injection][27/06/2025 17:24:51][WildStr][svchost.exe]

[Throw dll injection][27/06/2025 17:24:51][WildStr][svchost.exe]

[Throw dll injection][27/06/2025 17:24:51][WildStr][svchost.exe]

[Throw dll injection][27/06/2025 17:24:51][WildStr][svchost.exe]

[Throw dll injection][27/06/2025 17:24:51][WildStr][svchost.exe]

[Throw dll injection][27/06/2025 17:24:51][WildStr][svchost.exe]

[Throw dll injection][27/06/2025 17:24:51][WildStr][svchost.exe]

[Throw dll injection][27/06/2025 17:24:51][WildStr][svchost.exe]

[Throw dll injection][27/06/2025 17:24:51][WildStr][svchost.exe]

[Throw dll injection][27/06/2025 17:24:51][WildStr][svchost.exe]

[Throw dll injection][27/06/2025 17:24:51][WildStr][svchost.exe]

[Throw dll injection][27/06/2025 17:24:51][WildStr][svchost.exe]

[Throw dll injection][27/06/2025 17:24:51][WildStr][svchost.exe]

[Throw dll injection][27/06/2025 17:24:51][WildStr][svchost.exe]

[Throw dll injection][27/06/2025 17:24:51][WildStr][svchost.exe]

[Throw dll injection][27/06/2025 17:24:51][WildStr][svchost.exe]

[Throw dll injection][27/06/2025 17:24:51][WildStr][svchost.exe]

[Throw dll injection][27/06/2025 17:24:51][WildStr][svchost.exe]

[Throw dll injection][27/06/2025 17:24:51][WildStr][VBoxService.exe]

[Throw dll injection][27/06/2025 17:24:51][WildStr][svchost.exe]

[Throw dll injection][27/06/2025 17:24:51][WildStr][svchost.exe]

[Throw dll injection][27/06/2025 17:24:51][WildStr][VBoxService.exe]

[Throw dll injection][27/06/2025 17:24:51][WildStr][svchost.exe]

[Throw dll injection][27/06/2025 17:24:51][WildStr][svchost.exe]

[Throw dll injection][27/06/2025 17:24:51][WildStr][svchost.exe]

[Throw dll injection][27/06/2025 17:24:51][WildStr][svchost.exe]

[Throw dll injection][27/06/2025 17:24:51][WildStr][svchost.exe]

[Throw dll injection][27/06/2025 17:24:51][WildStr][svchost.exe]

[Throw dll injection][27/06/2025 17:24:51][WildStr][svchost.exe]

[Throw dll injection][27/06/2025 17:24:51][WildStr][svchost.exe]

[Throw dll injection][27/06/2025 17:24:51][WildStr][svchost.exe]

[Throw dll injection][27/06/2025 17:24:51][WildStr][Memory Compression]

[Throw dll injection][27/06/2025 17:24:51][WildStr][svchost.exe]

[Throw dll injection][27/06/2025 17:24:51][WildStr][svchost.exe]

[Throw dll injection][27/06/2025 17:24:51][WildStr][svchost.exe]

[Throw dll injection][27/06/2025 17:24:51][WildStr][svchost.exe]

[Throw dll injection][27/06/2025 17:24:51][WildStr][Memory Compression]

[Throw dll injection][27/06/2025 17:24:51][WildStr][svchost.exe]

[Throw dll injection][27/06/2025 17:24:51][WildStr][svchost.exe]

[Throw dll injection][27/06/2025 17:24:51][WildStr][svchost.exe]

[Throw dll injection][27/06/2025 17:24:51][WildStr][svchost.exe]

[Throw dll injection][27/06/2025 17:24:51][WildStr][svchost.exe]

[Throw dll injection][27/06/2025 17:24:51][WildStr][svchost.exe]

[Throw dll injection][27/06/2025 17:24:51][WildStr][svchost.exe]

[Throw dll injection][27/06/2025 17:24:51][WildStr][svchost.exe]

[Throw dll injection][27/06/2025 17:24:51][WildStr][svchost.exe]

[Throw dll injection][27/06/2025 17:24:51][WildStr][spoolsv.exe]

[Throw dll injection][27/06/2025 17:24:51][WildStr][svchost.exe]

[Throw dll injection][27/06/2025 17:24:51][WildStr][svchost.exe]

[Throw dll injection][27/06/2025 17:24:51][WildStr][svchost.exe]

[Throw dll injection][27/06/2025 17:24:51][WildStr][svchost.exe]

[Throw dll injection][27/06/2025 17:24:51][WildStr][svchost.exe]

[Throw dll injection][27/06/2025 17:24:51][WildStr][svchost.exe]

[Throw dll injection][27/06/2025 17:24:51][WildStr][svchost.exe]

[Throw dll injection][27/06/2025 17:24:51][WildStr][svchost.exe]

[Throw dll injection][27/06/2025 17:24:51][WildStr][ssh-agent.exe]

[Throw dll injection][27/06/2025 17:24:51][WildStr][spoolsv.exe]

[Throw dll injection][27/06/2025 17:24:51][WildStr][sshd.exe]

[Throw dll injection][27/06/2025 17:24:51][WildStr][svchost.exe]

[Throw dll injection][27/06/2025 17:24:51][WildStr][svchost.exe]

[Throw dll injection][27/06/2025 17:24:51][WildStr][svchost.exe]

[Throw dll injection][27/06/2025 17:24:51][WildStr][svchost.exe]

[Throw dll injection][27/06/2025 17:24:51][WildStr][svchost.exe]

[Throw dll injection][27/06/2025 17:24:51][WildStr][svchost.exe]

[Throw dll injection][27/06/2025 17:24:51][WildStr][svchost.exe]

[Throw dll injection][27/06/2025 17:24:51][WildStr][ssh-agent.exe]

[Throw dll injection][27/06/2025 17:24:51][WildStr][sshd.exe]

[Throw dll injection][27/06/2025 17:24:51][WildStr][svchost.exe]

[Throw dll injection][27/06/2025 17:24:51][WildStr][svchost.exe]

[Throw dll injection][27/06/2025 17:24:51][WildStr][svchost.exe]

[Throw dll injection][27/06/2025 17:24:51][WildStr][svchost.exe]

[Throw dll injection][27/06/2025 17:24:51][WildStr][svchost.exe]

[Throw dll injection][27/06/2025 17:24:51][WildStr][svchost.exe]

[Throw dll injection][27/06/2025 17:24:51][WildStr][svchost.exe]

[Throw dll injection][27/06/2025 17:24:51][WildStr][svchost.exe]

[Throw dll injection][27/06/2025 17:24:51][WildStr][svchost.exe]

[Throw dll injection][27/06/2025 17:24:51][WildStr][svchost.exe]

[Throw dll injection][27/06/2025 17:24:51][WildStr][MpDefenderCoreService.exe]

[Throw dll injection][27/06/2025 17:24:51][WildStr][svchost.exe]

[Throw dll injection][27/06/2025 17:24:51][WildStr][MsMpEng.exe]

[Throw dll injection][27/06/2025 17:24:51][WildStr][svchost.exe]

[Throw dll injection][27/06/2025 17:24:51][WildStr][SearchIndexer.exe]

[Throw dll injection][27/06/2025 17:24:51][WildStr][svchost.exe]

[Throw dll injection][27/06/2025 17:24:51][WildStr][AggregatorHost.exe]

[Throw dll injection][27/06/2025 17:24:51][WildStr][svchost.exe]

[Throw dll injection][27/06/2025 17:24:51][WildStr][dllhost.exe]

[Throw dll injection][27/06/2025 17:24:51][WildStr][MpDefenderCoreService.exe]

[Throw dll injection][27/06/2025 17:24:51][WildStr][svchost.exe]

[Throw dll injection][27/06/2025 17:24:51][WildStr][MsMpEng.exe]

[Throw dll injection][27/06/2025 17:24:51][WildStr][NisSrv.exe]

[Throw dll injection][27/06/2025 17:24:51][WildStr][SearchIndexer.exe]

[Throw dll injection][27/06/2025 17:24:51][WildStr][svchost.exe]

[Throw dll injection][27/06/2025 17:24:51][WildStr][AggregatorHost.exe]

[Throw dll injection][27/06/2025 17:24:51][WildStr][svchost.exe]

[Throw dll injection][27/06/2025 17:24:51][WildStr][dllhost.exe]

[Throw dll injection][27/06/2025 17:24:51][WildStr][taskhostw.exe]

[Throw dll injection][27/06/2025 17:24:51][WildStr][svchost.exe]

[Throw dll injection][27/06/2025 17:24:51][WildStr][MicrosoftEdgeUpdate.exe]

[Throw dll injection][27/06/2025 17:24:51][WildStr][NisSrv.exe]

[Throw dll injection][27/06/2025 17:24:51][WildStr][sihost.exe]


[Throw dll injection][27/06/2025 17:24:51][WildStr][ctfmon.exe]

[Throw dll injection][27/06/2025 17:24:51][WildStr][svchost.exe]

[Throw dll injection][27/06/2025 17:24:51][WildStr][svchost.exe]

[Throw dll injection][27/06/2025 17:24:51][WildStr][svchost.exe]

[Throw dll injection][27/06/2025 17:24:51][WildStr][taskhostw.exe]

[Throw dll injection][27/06/2025 17:24:51][WildStr][explorer.exe]

[Throw dll injection][27/06/2025 17:24:51][WildStr][MicrosoftEdgeUpdate.exe]

[Throw dll injection][27/06/2025 17:24:51][WildStr][svchost.exe]

[Throw dll injection][27/06/2025 17:24:51][WildStr][svchost.exe]

[Throw dll injection][27/06/2025 17:24:51][WildStr][StartMenuExperienceHost.exe]

[Throw dll injection][27/06/2025 17:24:51][WildStr][ctfmon.exe]

[Throw dll injection][27/06/2025 17:24:51][WildStr][RuntimeBroker.exe]

[Throw dll injection][27/06/2025 17:24:51][WildStr][svchost.exe]

[Throw dll injection][27/06/2025 17:24:51][WildStr][SearchApp.exe]

[Throw dll injection][27/06/2025 17:24:51][WildStr][svchost.exe]

[Throw dll injection][27/06/2025 17:24:51][WildStr][explorer.exe]

[Throw dll injection][27/06/2025 17:24:51][WildStr][svchost.exe]

[Throw dll injection][27/06/2025 17:24:51][WildStr][RuntimeBroker.exe]

[Throw dll injection][27/06/2025 17:24:51][WildStr][StartMenuExperienceHost.exe]

[Throw dll injection][27/06/2025 17:24:51][WildStr][RuntimeBroker.exe]

[Throw dll injection][27/06/2025 17:24:51][WildStr][svchost.exe]

[Throw dll injection][27/06/2025 17:24:51][WildStr][RuntimeBroker.exe]

[Throw dll injection][27/06/2025 17:24:51][WildStr][SecurityHealthSystray.exe]

[Throw dll injection][27/06/2025 17:24:51][WildStr][SecurityHealthService.exe]

[Throw dll injection][27/06/2025 17:24:51][WildStr][SearchApp.exe]

[Throw dll injection][27/06/2025 17:24:51][WildStr][VBoxTray.exe]

[Throw dll injection][27/06/2025 17:24:51][WildStr][OneDrive.exe]

[Throw dll injection][27/06/2025 17:24:51][WildStr][svchost.exe]

[Throw dll injection][27/06/2025 17:24:51][WildStr][svchost.exe]

[Throw dll injection][27/06/2025 17:24:51][WildStr][RuntimeBroker.exe]

[Throw dll injection][27/06/2025 17:24:51][WildStr][svchost.exe]

[Throw dll injection][27/06/2025 17:24:51][WildStr][RuntimeBroker.exe]

[Throw dll injection][27/06/2025 17:24:51][WildStr][svchost.exe]

[Throw dll injection][27/06/2025 17:24:51][WildStr][svchost.exe]

[Throw dll injection][27/06/2025 17:24:51][WildStr][svchost.exe]

[Throw dll injection][27/06/2025 17:24:51][WildStr][SecurityHealthSystray.exe]

[Throw dll injection][27/06/2025 17:24:51][WildStr][svchost.exe]

[Throw dll injection][27/06/2025 17:24:51][WildStr][SecurityHealthService.exe]

[Throw dll injection][27/06/2025 17:24:51][WildStr][svchost.exe]

[Throw dll injection][27/06/2025 17:24:51][WildStr][VBoxTray.exe]

[Throw dll injection][27/06/2025 17:24:51][WildStr][TextInputHost.exe]

[Throw dll injection][27/06/2025 17:24:51][WildStr][OneDrive.exe]

[Throw dll injection][27/06/2025 17:24:51][WildStr][ApplicationFrameHost.exe]

[Throw dll injection][27/06/2025 17:24:51][WildStr][svchost.exe]

[Throw dll injection][27/06/2025 17:24:51][WildStr][SystemSettings.exe]

[Throw dll injection][27/06/2025 17:24:51][WildStr][svchost.exe]

[Throw dll injection][27/06/2025 17:24:51][WildStr][UserOOBEBroker.exe]

[Throw dll injection][27/06/2025 17:24:51][WildStr][svchost.exe]

[Throw dll injection][27/06/2025 17:24:51][WildStr][SearchApp.exe]

[Throw dll injection][27/06/2025 17:24:51][WildStr][svchost.exe]

[Throw dll injection][27/06/2025 17:24:51][WildStr][msedgewebview2.exe]

[Throw dll injection][27/06/2025 17:24:51][WildStr][svchost.exe]

[Throw dll injection][27/06/2025 17:24:51][WildStr][msedgewebview2.exe]

[Throw dll injection][27/06/2025 17:24:51][WildStr][svchost.exe]

[Throw dll injection][27/06/2025 17:24:51][WildStr][msedgewebview2.exe]

[Throw dll injection][27/06/2025 17:24:51][WildStr][TextInputHost.exe]

[Throw dll injection][27/06/2025 17:24:51][WildStr][msedgewebview2.exe]

[Throw dll injection][27/06/2025 17:24:51][WildStr][ApplicationFrameHost.exe]

[Throw dll injection][27/06/2025 17:24:51][WildStr][msedgewebview2.exe]

[Throw dll injection][27/06/2025 17:24:51][WildStr][msedgewebview2.exe]

[Throw dll injection][27/06/2025 17:24:51][WildStr][SystemSettings.exe]

[Throw dll injection][27/06/2025 17:24:51][WildStr][FileCoAuth.exe]
e]

[Throw dll injection][27/06/2025 17:24:51][WildStr][SearchApp.exe]

[Throw dll injection][27/06/2025 17:24:51][WildStr][svchost.exe]

[Throw dll injection][27/06/2025 17:24:51][WildStr][msedgewebview2.exe]

[Throw dll injection][27/06/2025 17:24:51][WildStr][msedge.exe]

[Throw dll injection][27/06/2025 17:24:51][WildStr][msedgewebview2.exe]

[Throw dll injection][27/06/2025 17:24:51][WildStr][msedge.exe]

[Throw dll injection][27/06/2025 17:24:51][WildStr][msedgewebview2.exe]

[Throw dll injection][27/06/2025 17:24:51][WildStr][msedge.exe]

[Throw dll injection][27/06/2025 17:24:51][WildStr][msedgewebview2.exe]

[Throw dll injection][27/06/2025 17:24:51][WildStr][msedge.exe]

[Throw dll injection][27/06/2025 17:24:51][WildStr][msedgewebview2.exe]

[Throw dll injection][27/06/2025 17:24:51][WildStr][msedge.exe]

[Throw dll injection][27/06/2025 17:24:51][WildStr][msedgewebview2.exe]

[Throw dll injection][27/06/2025 17:24:51][WildStr][svchost.exe]

[Throw dll injection][27/06/2025 17:24:51][WildStr][FileCoAuth.exe]

[Throw dll injection][27/06/2025 17:24:51][WildStr][svchost.exe]

[Throw dll injection][27/06/2025 17:24:51][WildStr][svchost.exe]

[Throw dll injection][27/06/2025 17:24:51][WildStr][svchost.exe]

[Throw dll injection][27/06/2025 17:24:51][WildStr][msedge.exe]

[Throw dll injection][27/06/2025 17:24:51][WildStr][dllhost.exe]

[Throw dll injection][27/06/2025 17:24:51][WildStr][msedge.exe]

[Throw dll injection][27/06/2025 17:24:51][WildStr][ShellExperienceHost.exe]

[Throw dll injection][27/06/2025 17:24:51][WildStr][msedge.exe]

[Throw dll injection][27/06/2025 17:24:51][WildStr][RuntimeBroker.exe]

[Throw dll injection][27/06/2025 17:24:51][WildStr][msedge.exe]

[Throw dll injection][27/06/2025 17:24:51][WildStr][powershell.exe]

[Throw dll injection][27/06/2025 17:24:51][WildStr][msedge.exe]

[Throw dll injection][27/06/2025 17:24:51][WildStr][conhost.exe]

[Throw dll injection][27/06/2025 17:24:51][WildStr][cmd.exe]

[Throw dll injection][27/06/2025 17:24:51][WildStr][svchost.exe]

[Throw dll injection][27/06/2025 17:24:51][WildStr][conhost.exe]

[Throw dll injection][27/06/2025 17:24:51][WildStr][svchost.exe]

[Throw dll injection][27/06/2025 17:24:51][WildStr][powershell.exe]

[Throw dll injection][27/06/2025 17:24:51][WildStr][Code.exe]

[Throw dll injection][27/06/2025 17:24:51][WildStr][svchost.exe]

[Throw dll injection][27/06/2025 17:24:51][WildStr][Code.exe]

[Throw dll injection][27/06/2025 17:24:51][WildStr][dllhost.exe]

[Throw dll injection][27/06/2025 17:24:51][WildStr][Code.exe]

[Throw dll injection][27/06/2025 17:24:51][WildStr][Code.exe]

[Throw dll injection][27/06/2025 17:24:51][WildStr][ShellExperienceHost.exe]

[Throw dll injection][27/06/2025 17:24:51][WildStr][Code.exe]

[Throw dll injection][27/06/2025 17:24:51][WildStr][Code.exe]

[Throw dll injection][27/06/2025 17:24:51][WildStr][Code.exe]

[Throw dll injection][27/06/2025 17:24:51][WildStr][RuntimeBroker.exe]

[Throw dll injection][27/06/2025 17:24:51][WildStr][Code.exe]

[Throw dll injection][27/06/2025 17:24:51][WildStr][powershell.exe]

[Throw dll injection][27/06/2025 17:24:51][WildStr][cpptools.exe]

[Throw dll injection][27/06/2025 17:24:51][WildStr][conhost.exe]

[Throw dll injection][27/06/2025 17:24:51][WildStr][conhost.exe]

[Throw dll injection][27/06/2025 17:24:51][WildStr][cmd.exe]


[Throw dll injection][27/06/2025 17:24:51][WildStr][cpptools.exe]

[Throw dll injection][27/06/2025 17:24:51][WildStr][conhost.exe]

[Throw dll injection][27/06/2025 17:24:51][WildStr][cpptools-srv.exe]

[Throw dll injection][27/06/2025 17:24:51][WildStr][powershell.exe]

[Throw dll injection][27/06/2025 17:24:51][WildStr][conhost.exe]

[Throw dll injection][27/06/2025 17:24:51][WildStr][Code.exe]

[Throw dll injection][27/06/2025 17:24:51][WildStr][svchost.exe]

[Throw dll injection][27/06/2025 17:24:51][WildStr][Code.exe]

[Throw dll injection][27/06/2025 17:24:51][WildStr][svchost.exe]

[Throw dll injection][27/06/2025 17:24:51][WildStr][Code.exe]

[Throw dll injection][27/06/2025 17:24:51][WildStr][Code.exe]

[Throw dll injection][27/06/2025 17:24:51][WildStr][Code.exe]

[Throw dll injection][27/06/2025 17:24:51][WildStr][conhost.exe]

[Throw dll injection][27/06/2025 17:24:51][WildStr][Code.exe]

[Throw dll injection][27/06/2025 17:24:51][WildStr][powershell.exe]

[Throw dll injection][27/06/2025 17:24:51][WildStr][Code.exe]

[Throw dll injection][27/06/2025 17:24:51][WildStr][vctip.exe]

[Throw dll injection][27/06/2025 17:24:51][WildStr][Code.exe]

[Throw dll injection][27/06/2025 17:24:51][WildStr][cpptools-srv.exe]

[Throw dll injection][27/06/2025 17:24:51][WildStr][Code.exe]

[Throw dll injection][27/06/2025 17:24:51][WildStr][conhost.exe]

[Throw dll injection][27/06/2025 17:24:51][WildStr][cpptools.exe]

[Throw dll injection][27/06/2025 17:24:51][WildStr][svchost.exe]

[Throw dll injection][27/06/2025 17:24:51][WildStr][smartscreen.exe]

[Throw dll injection][27/06/2025 17:24:51][WildStr][Code.exe]

[Throw dll injection][27/06/2025 17:24:51][WildStr][Taskmgr.exe]

[Throw dll injection][27/06/2025 17:24:51][WildStr][cpptools.exe]

[Throw dll injection][27/06/2025 17:24:51][WildStr][conhost.exe]

[Throw dll injection][27/06/2025 17:24:51][WildStr][cpptools-srv.exe]

[Throw dll injection][27/06/2025 17:24:51][WildStr][powershell.exe]

[Throw dll injection][27/06/2025 17:24:51][WildStr][conhost.exe]

[Throw dll injection][27/06/2025 17:24:51][WildStr][svchost.exe]

[Throw dll injection][27/06/2025 17:24:51][WildStr][svchost.exe]

[Throw dll injection][27/06/2025 17:24:51][WildStr][Code.exe]

[Throw dll injection][27/06/2025 17:24:51][WildStr][conhost.exe]

[Throw dll injection][27/06/2025 17:24:51][WildStr][powershell.exe]

[Throw dll injection][27/06/2025 17:24:51][WildStr][vctip.exe]

[Throw dll injection][27/06/2025 17:24:51][WildStr][cpptools-srv.exe]

[Throw dll injection][27/06/2025 17:24:51][WildStr][conhost.exe]

[Throw dll injection][27/06/2025 17:24:51][WildStr][svchost.exe]

[Throw dll injection][27/06/2025 17:24:51][WildStr][smartscreen.exe]

[Throw dll injection][27/06/2025 17:24:51][WildStr][Taskmgr.exe]

[Throw dll injection][27/06/2025 17:24:51][WildStr][conhost.exe]

[Throw dll injection][27/06/2025 17:24:51][WildStr][powershell.exe]

[Throw dll injection][27/06/2025 17:24:52][WildStr][System]

[Throw dll injection][27/06/2025 17:24:52][WildStr][Registry]

[Throw dll injection][27/06/2025 17:24:52][WildStr][Registry]

[Throw dll injection][27/06/2025 17:24:52][WildStr][smss.exe]

[Throw dll injection][27/06/2025 17:24:52][WildStr][smss.exe]

[Throw dll injection][27/06/2025 17:24:52][WildStr][csrss.exe]

[Throw dll injection][27/06/2025 17:24:52][WildStr][csrss.exe]

[Throw dll injection][27/06/2025 17:24:52][WildStr][wininit.exe]

[Throw dll injection][27/06/2025 17:24:52][WildStr][wininit.exe]

[Throw dll injection][27/06/2025 17:24:52][WildStr][csrss.exe]

[Throw dll injection][27/06/2025 17:24:52][WildStr][csrss.exe]

[Throw dll injection][27/06/2025 17:24:52][WildStr][winlogon.exe]

[Throw dll injection][27/06/2025 17:24:52][WildStr][winlogon.exe]

[Throw dll injection][27/06/2025 17:24:52][WildStr][services.exe]

[Throw dll injection][27/06/2025 17:24:52][WildStr][services.exe]

[Throw dll injection][27/06/2025 17:24:52][WildStr][lsass.exe]

[Throw dll injection][27/06/2025 17:24:52][WildStr][lsass.exe]

[Throw dll injection][27/06/2025 17:24:52][WildStr][svchost.exe]

[Throw dll injection][27/06/2025 17:24:52][WildStr][svchost.exe]

[Throw dll injection][27/06/2025 17:24:52][WildStr][fontdrvhost.exe]

[Throw dll injection][27/06/2025 17:24:52][WildStr][fontdrvhost.exe]

[Throw dll injection][27/06/2025 17:24:52][WildStr][fontdrvhost.exe]

[Throw dll injection][27/06/2025 17:24:52][WildStr][fontdrvhost.exe]

[Throw dll injection][27/06/2025 17:24:52][WildStr][svchost.exe]

[Throw dll injection][27/06/2025 17:24:52][WildStr][svchost.exe]

[Throw dll injection][27/06/2025 17:24:52][WildStr][svchost.exe]

[Throw dll injection][27/06/2025 17:24:52][WildStr][svchost.exe]

[Throw dll injection][27/06/2025 17:24:52][WildStr][dwm.exe]

[Throw dll injection][27/06/2025 17:24:52][WildStr][dwm.exe]

[Throw dll injection][27/06/2025 17:24:52][WildStr][svchost.exe]

[Throw dll injection][27/06/2025 17:24:52][WildStr][svchost.exe]

[Throw dll injection][27/06/2025 17:24:52][WildStr][svchost.exe]

[Throw dll injection][27/06/2025 17:24:52][WildStr][svchost.exe]

[Throw dll injection][27/06/2025 17:24:52][WildStr][svchost.exe]

[Throw dll injection][27/06/2025 17:24:52][WildStr][svchost.exe]

[Throw dll injection][27/06/2025 17:24:52][WildStr][svchost.exe]

[Throw dll injection][27/06/2025 17:24:52][WildStr][svchost.exe]

[Throw dll injection][27/06/2025 17:24:52][WildStr][svchost.exe]

[Throw dll injection][27/06/2025 17:24:52][WildStr][svchost.exe]

[Throw dll injection][27/06/2025 17:24:52][WildStr][svchost.exe]

[Throw dll injection][27/06/2025 17:24:52][WildStr][svchost.exe]

[Throw dll injection][27/06/2025 17:24:52][WildStr][svchost.exe]

[Throw dll injection][27/06/2025 17:24:52][WildStr][svchost.exe]

[Throw dll injection][27/06/2025 17:24:52][WildStr][svchost.exe]

[Throw dll injection][27/06/2025 17:24:52][WildStr][svchost.exe]

[Throw dll injection][27/06/2025 17:24:52][WildStr][svchost.exe]

[Throw dll injection][27/06/2025 17:24:52][WildStr][svchost.exe]

[Throw dll injection][27/06/2025 17:24:52][WildStr][svchost.exe]

[Throw dll injection][27/06/2025 17:24:52][WildStr][svchost.exe]

[Throw dll injection][27/06/2025 17:24:52][WildStr][svchost.exe]

[Throw dll injection][27/06/2025 17:24:52][WildStr][svchost.exe]

[Throw dll injection][27/06/2025 17:24:52][WildStr][svchost.exe]

[Throw dll injection][27/06/2025 17:24:52][WildStr][svchost.exe]

[Throw dll injection][27/06/2025 17:24:52][WildStr][svchost.exe]

[Throw dll injection][27/06/2025 17:24:52][WildStr][svchost.exe]

[Throw dll injection][27/06/2025 17:24:52][WildStr][VBoxService.exe]

[Throw dll injection][27/06/2025 17:24:52][WildStr][VBoxService.exe]

[Throw dll injection][27/06/2025 17:24:52][WildStr][svchost.exe]

[Throw dll injection][27/06/2025 17:24:52][WildStr][svchost.exe]

[Throw dll injection][27/06/2025 17:24:52][WildStr][svchost.exe]

[Throw dll injection][27/06/2025 17:24:52][WildStr][svchost.exe]

[Throw dll injection][27/06/2025 17:24:52][WildStr][svchost.exe]

[Throw dll injection][27/06/2025 17:24:52][WildStr][svchost.exe]

[Throw dll injection][27/06/2025 17:24:52][WildStr][svchost.exe]

[Throw dll injection][27/06/2025 17:24:52][WildStr][svchost.exe]

[Throw dll injection][27/06/2025 17:24:52][WildStr][svchost.exe]

[Throw dll injection][27/06/2025 17:24:52][WildStr][svchost.exe]

[Throw dll injection][27/06/2025 17:24:52][WildStr][Memory Compression]

[Throw dll injection][27/06/2025 17:24:52][WildStr][svchost.exe]

[Throw dll injection][27/06/2025 17:24:52][WildStr][svchost.exe]

[Throw dll injection][27/06/2025 17:24:52][WildStr][Memory Compression]

[Throw dll injection][27/06/2025 17:24:52][WildStr][svchost.exe]

[Throw dll injection][27/06/2025 17:24:52][WildStr][svchost.exe]

[Throw dll injection][27/06/2025 17:24:52][WildStr][svchost.exe]

[Throw dll injection][27/06/2025 17:24:52][WildStr][svchost.exe]

[Throw dll injection][27/06/2025 17:24:52][WildStr][svchost.exe]

[Throw dll injection][27/06/2025 17:24:52][WildStr][svchost.exe]

[Throw dll injection][27/06/2025 17:24:52][WildStr][svchost.exe]

[Throw dll injection][27/06/2025 17:24:52][WildStr][svchost.exe]

[Throw dll injection][27/06/2025 17:24:52][WildStr][svchost.exe]

[Throw dll injection][27/06/2025 17:24:52][WildStr][svchost.exe]

[Throw dll injection][27/06/2025 17:24:52][WildStr][svchost.exe]

[Throw dll injection][27/06/2025 17:24:52][WildStr][svchost.exe]

[Throw dll injection][27/06/2025 17:24:52][WildStr][svchost.exe]

[Throw dll injection][27/06/2025 17:24:52][WildStr][svchost.exe]

[Throw dll injection][27/06/2025 17:24:52][WildStr][svchost.exe]

[Throw dll injection][27/06/2025 17:24:52][WildStr][spoolsv.exe]

[Throw dll injection][27/06/2025 17:24:52][WildStr][svchost.exe]

[Throw dll injection][27/06/2025 17:24:52][WildStr][svchost.exe]

[Throw dll injection][27/06/2025 17:24:52][WildStr][svchost.exe]

[Throw dll injection][27/06/2025 17:24:52][WildStr][svchost.exe]

[Throw dll injection][27/06/2025 17:24:52][WildStr][svchost.exe]

[Throw dll injection][27/06/2025 17:24:52][WildStr][svchost.exe]

[Throw dll injection][27/06/2025 17:24:52][WildStr][ssh-agent.exe]

[Throw dll injection][27/06/2025 17:24:52][WildStr][svchost.exe]

[Throw dll injection][27/06/2025 17:24:52][WildStr][sshd.exe]

[Throw dll injection][27/06/2025 17:24:52][WildStr][ssh-agent.exe]

[Throw dll injection][27/06/2025 17:24:52][WildStr][svchost.exe]

[Throw dll injection][27/06/2025 17:24:52][WildStr][svchost.exe]

[Throw dll injection][27/06/2025 17:24:52][WildStr][sshd.exe]

[Throw dll injection][27/06/2025 17:24:52][WildStr][svchost.exe]

[Throw dll injection][27/06/2025 17:24:52][WildStr][svchost.exe]

[Throw dll injection][27/06/2025 17:24:52][WildStr][svchost.exe]

[Throw dll injection][27/06/2025 17:24:52][WildStr][svchost.exe]

[Throw dll injection][27/06/2025 17:24:52][WildStr][svchost.exe]

[Throw dll injection][27/06/2025 17:24:52][WildStr][svchost.exe]

[Throw dll injection][27/06/2025 17:24:52][WildStr][svchost.exe]

[Throw dll injection][27/06/2025 17:24:52][WildStr][svchost.exe]

[Throw dll injection][27/06/2025 17:24:52][WildStr][svchost.exe]

[Throw dll injection][27/06/2025 17:24:52][WildStr][svchost.exe]

[Throw dll injection][27/06/2025 17:24:52][WildStr][svchost.exe]

[Throw dll injection][27/06/2025 17:24:52][WildStr][svchost.exe]

[Throw dll injection][27/06/2025 17:24:52][WildStr][svchost.exe]

[Throw dll injection][27/06/2025 17:24:52][WildStr][MpDefenderCoreService.exe]

[Throw dll injection][27/06/2025 17:24:52][WildStr][svchost.exe]

[Throw dll injection][27/06/2025 17:24:52][WildStr][MsMpEng.exe]

[Throw dll injection][27/06/2025 17:24:52][WildStr][svchost.exe]

[Throw dll injection][27/06/2025 17:24:52][WildStr][SearchIndexer.exe]

[Throw dll injection][27/06/2025 17:24:52][WildStr][MpDefenderCoreService.exe]

[Throw dll injection][27/06/2025 17:24:52][WildStr][AggregatorHost.exe]

[Throw dll injection][27/06/2025 17:24:52][WildStr][MsMpEng.exe]

[Throw dll injection][27/06/2025 17:24:52][WildStr][dllhost.exe]

[Throw dll injection][27/06/2025 17:24:52][WildStr][SearchIndexer.exe]

[Throw dll injection][27/06/2025 17:24:52][WildStr][svchost.exe]

[Throw dll injection][27/06/2025 17:24:52][WildStr][AggregatorHost.exe]

[Throw dll injection][27/06/2025 17:24:52][WildStr][NisSrv.exe]

[Throw dll injection][27/06/2025 17:24:52][WildStr][dllhost.exe]

[Throw dll injection][27/06/2025 17:24:52][WildStr][sihost.exe]

[Throw dll injection][27/06/2025 17:24:52][WildStr][svchost.exe]

[Throw dll injection][27/06/2025 17:24:52][WildStr][svchost.exe]

[Throw dll injection][27/06/2025 17:24:52][WildStr][NisSrv.exe]

[Throw dll injection][27/06/2025 17:24:52][WildStr][svchost.exe]

[Throw dll injection][27/06/2025 17:24:52][WildStr][sihost.exe]

[Throw dll injection][27/06/2025 17:24:52][WildStr][taskhostw.exe]

[Throw dll injection][27/06/2025 17:24:52][WildStr][svchost.exe]

[Throw dll injection][27/06/2025 17:24:52][WildStr][MicrosoftEdgeUpdate.exe]

[Throw dll injection][27/06/2025 17:24:52][WildStr][svchost.exe]

[Throw dll injection][27/06/2025 17:24:52][WildStr][svchost.exe]

[Throw dll injection][27/06/2025 17:24:52][WildStr][ctfmon.exe]

[Throw dll injection][27/06/2025 17:24:52][WildStr][taskhostw.exe]

[Throw dll injection][27/06/2025 17:24:52][WildStr][svchost.exe]

[Throw dll injection][27/06/2025 17:24:52][WildStr][MicrosoftEdgeUpdate.exe]

[Throw dll injection][27/06/2025 17:24:52][WildStr][svchost.exe]

[Throw dll injection][27/06/2025 17:24:52][WildStr][svchost.exe]

[Throw dll injection][27/06/2025 17:24:52][WildStr][explorer.exe]

[Throw dll injection][27/06/2025 17:24:52][WildStr][ctfmon.exe]

[Throw dll injection][27/06/2025 17:24:52][WildStr][svchost.exe]

[Throw dll injection][27/06/2025 17:24:52][WildStr][svchost.exe]

[Throw dll injection][27/06/2025 17:24:52][WildStr][svchost.exe]
ienceHost.exe]

[Throw dll injection][27/06/2025 17:24:52][WildStr][RuntimeBroker.exe]

[Throw dll injection][27/06/2025 17:24:52][WildStr][explorer.exe]

[Throw dll injection][27/06/2025 17:24:52][WildStr][SearchApp.exe]

[Throw dll injection][27/06/2025 17:24:52][WildStr][svchost.exe]

[Throw dll injection][27/06/2025 17:24:52][WildStr][StartMenuExperienceHost.exe]

[Throw dll injection][27/06/2025 17:24:52][WildStr][RuntimeBroker.exe]

[Throw dll injection][27/06/2025 17:24:52][WildStr][RuntimeBroker.exe]

[Throw dll injection][27/06/2025 17:24:52][WildStr][RuntimeBroker.exe]

[Throw dll injection][27/06/2025 17:24:52][WildStr][SearchApp.exe]

[Throw dll injection][27/06/2025 17:24:52][WildStr][svchost.exe]

[Throw dll injection][27/06/2025 17:24:52][WildStr][svchost.exe]

[Throw dll injection][27/06/2025 17:24:52][WildStr][SecurityHealthSystray.exe]

[Throw dll injection][27/06/2025 17:24:52][WildStr][RuntimeBroker.exe]

[Throw dll injection][27/06/2025 17:24:52][WildStr][SecurityHealthService.exe]

[Throw dll injection][27/06/2025 17:24:52][WildStr][RuntimeBroker.exe]

[Throw dll injection][27/06/2025 17:24:52][WildStr][VBoxTray.exe]

[Throw dll injection][27/06/2025 17:24:52][WildStr][svchost.exe]

[Throw dll injection][27/06/2025 17:24:52][WildStr][OneDrive.exe]

[Throw dll injection][27/06/2025 17:24:52][WildStr][SecurityHealthSystray.exe]

[Throw dll injection][27/06/2025 17:24:52][WildStr][svchost.exe]

[Throw dll injection][27/06/2025 17:24:52][WildStr][SecurityHealthService.exe]

[Throw dll injection][27/06/2025 17:24:52][WildStr][svchost.exe]

[Throw dll injection][27/06/2025 17:24:52][WildStr][VBoxTray.exe]

[Throw dll injection][27/06/2025 17:24:52][WildStr][svchost.exe]

[Throw dll injection][27/06/2025 17:24:52][WildStr][OneDrive.exe]

[Throw dll injection][27/06/2025 17:24:52][WildStr][svchost.exe]

[Throw dll injection][27/06/2025 17:24:52][WildStr][svchost.exe]

[Throw dll injection][27/06/2025 17:24:52][WildStr][svchost.exe]

[Throw dll injection][27/06/2025 17:24:52][WildStr][svchost.exe]

[Throw dll injection][27/06/2025 17:24:52][WildStr][svchost.exe]

[Throw dll injection][27/06/2025 17:24:52][WildStr][svchost.exe]

[Throw dll injection][27/06/2025 17:24:52][WildStr][TextInputHost.exe]

[Throw dll injection][27/06/2025 17:24:52][WildStr][svchost.exe]

[Throw dll injection][27/06/2025 17:24:52][WildStr][ApplicationFrameHost.exe]

[Throw dll injection][27/06/2025 17:24:52][WildStr][SystemSettings.exe]

[Throw dll injection][27/06/2025 17:24:52][WildStr][svchost.exe]

[Throw dll injection][27/06/2025 17:24:52][WildStr][UserOOBEBroker.exe]

[Throw dll injection][27/06/2025 17:24:52][WildStr][svchost.exe]

[Throw dll injection][27/06/2025 17:24:52][WildStr][SearchApp.exe]

[Throw dll injection][27/06/2025 17:24:52][WildStr][TextInputHost.exe]

[Throw dll injection][27/06/2025 17:24:52][WildStr][msedgewebview2.exe]

[Throw dll injection][27/06/2025 17:24:52][WildStr][ApplicationFrameHost.exe]

[Throw dll injection][27/06/2025 17:24:52][WildStr][msedgewebview2.exe]

[Throw dll injection][27/06/2025 17:24:52][WildStr][SystemSettings.exe]

[Throw dll injection][27/06/2025 17:24:52][WildStr][msedgewebview2.exe]

[Throw dll injection][27/06/2025 17:24:52][WildStr][UserOOBEBroker.exe]

[Throw dll injection][27/06/2025 17:24:52][WildStr][msedgewebview2.exe]

[Throw dll injection][27/06/2025 17:24:52][WildStr][SearchApp.exe]

[Throw dll injection][27/06/2025 17:24:52][WildStr][msedgewebview2.exe]

[Throw dll injection][27/06/2025 17:24:52][WildStr][msedgewebview2.exe]

[Throw dll injection][27/06/2025 17:24:52][WildStr][msedgewebview2.exe]

[Throw dll injection][27/06/2025 17:24:52][WildStr][msedgewebview2.exe]

[Throw dll injection][27/06/2025 17:24:52][WildStr][FileCoAuth.exe]

[Throw dll injection][27/06/2025 17:24:52][WildStr][msedgewebview2.exe]

[Throw dll injection][27/06/2025 17:24:52][WildStr][svchost.exe]

[Throw dll injection][27/06/2025 17:24:52][WildStr][msedgewebview2.exe]

[Throw dll injection][27/06/2025 17:24:52][WildStr][msedge.exe]

[Throw dll injection][27/06/2025 17:24:52][WildStr][msedgewebview2.exe]

[Throw dll injection][27/06/2025 17:24:52][WildStr][msedge.exe]

[Throw dll injection][27/06/2025 17:24:52][WildStr][msedgewebview2.exe]

[Throw dll injection][27/06/2025 17:24:52][WildStr][msedge.exe]

[Throw dll injection][27/06/2025 17:24:52][WildStr][FileCoAuth.exe]

[Throw dll injection][27/06/2025 17:24:52][WildStr][svchost.exe]

[Throw dll injection][27/06/2025 17:24:52][WildStr][msedge.exe]

[Throw dll injection][27/06/2025 17:24:52][WildStr][msedge.exe]

[Throw dll injection][27/06/2025 17:24:52][WildStr][svchost.exe]

[Throw dll injection][27/06/2025 17:24:52][WildStr][msedge.exe]

[Throw dll injection][27/06/2025 17:24:52][WildStr][svchost.exe]

[Throw dll injection][27/06/2025 17:24:52][WildStr][msedge.exe]

[Throw dll injection][27/06/2025 17:24:52][WildStr][svchost.exe]

[Throw dll injection][27/06/2025 17:24:52][WildStr][msedge.exe]

[Throw dll injection][27/06/2025 17:24:52][WildStr][dllhost.exe]

[Throw dll injection][27/06/2025 17:24:52][WildStr][ShellExperienceHost.exe]

[Throw dll injection][27/06/2025 17:24:52][WildStr][msedge.exe]

[Throw dll injection][27/06/2025 17:24:52][WildStr][svchost.exe]
exe]

[Throw dll injection][27/06/2025 17:24:52][WildStr][svchost.exe]

[Throw dll injection][27/06/2025 17:24:52][WildStr][powershell.exe]

[Throw dll injection][27/06/2025 17:24:52][WildStr][svchost.exe]

[Throw dll injection][27/06/2025 17:24:52][WildStr][dllhost.exe]

[Throw dll injection][27/06/2025 17:24:52][WildStr][conhost.exe]

[Throw dll injection][27/06/2025 17:24:52][WildStr][ShellExperienceHost.exe]

[Throw dll injection][27/06/2025 17:24:52][WildStr][cmd.exe]

[Throw dll injection][27/06/2025 17:24:52][WildStr][RuntimeBroker.exe]

[Throw dll injection][27/06/2025 17:24:52][WildStr][conhost.exe]

[Throw dll injection][27/06/2025 17:24:52][WildStr][powershell.exe]

[Throw dll injection][27/06/2025 17:24:52][WildStr][powershell.exe]

[Throw dll injection][27/06/2025 17:24:52][WildStr][conhost.exe]

[Throw dll injection][27/06/2025 17:24:52][WildStr][Code.exe]

[Throw dll injection][27/06/2025 17:24:52][WildStr][cmd.exe]

[Throw dll injection][27/06/2025 17:24:52][WildStr][Code.exe]

[Throw dll injection][27/06/2025 17:24:52][WildStr][conhost.exe]

[Throw dll injection][27/06/2025 17:24:52][WildStr][Code.exe]

[Throw dll injection][27/06/2025 17:24:52][WildStr][powershell.exe]

[Throw dll injection][27/06/2025 17:24:52][WildStr][Code.exe]

[Throw dll injection][27/06/2025 17:24:52][WildStr][Code.exe]

[Throw dll injection][27/06/2025 17:24:52][WildStr][Code.exe]

[Throw dll injection][27/06/2025 17:24:52][WildStr][Code.exe]

[Throw dll injection][27/06/2025 17:24:52][WildStr][Code.exe]

[Throw dll injection][27/06/2025 17:24:52][WildStr][Code.exe]

[Throw dll injection][27/06/2025 17:24:52][WildStr][Code.exe]

[Throw dll injection][27/06/2025 17:24:52][WildStr][Code.exe]

[Throw dll injection][27/06/2025 17:24:52][WildStr][Code.exe]

[Throw dll injection][27/06/2025 17:24:52][WildStr][Code.exe]

[Throw dll injection][27/06/2025 17:24:52][WildStr][cpptools.exe]

[Throw dll injection][27/06/2025 17:24:52][WildStr][Code.exe]

[Throw dll injection][27/06/2025 17:24:52][WildStr][conhost.exe]

[Throw dll injection][27/06/2025 17:24:52][WildStr][Code.exe]

[Throw dll injection][27/06/2025 17:24:52][WildStr][Code.exe]

[Throw dll injection][27/06/2025 17:24:52][WildStr][Code.exe]

[Throw dll injection][27/06/2025 17:24:52][WildStr][cpptools.exe]

[Throw dll injection][27/06/2025 17:24:52][WildStr][cpptools.exe]

[Throw dll injection][27/06/2025 17:24:52][WildStr][cpptools-srv.exe]

[Throw dll injection][27/06/2025 17:24:52][WildStr][conhost.exe]

[Throw dll injection][27/06/2025 17:24:52][WildStr][Code.exe]
]

[Throw dll injection][27/06/2025 17:24:52][WildStr][svchost.exe]

[Throw dll injection][27/06/2025 17:24:52][WildStr][cpptools.exe]

[Throw dll injection][27/06/2025 17:24:52][WildStr][svchost.exe]

[Throw dll injection][27/06/2025 17:24:52][WildStr][cpptools-srv.exe]

[Throw dll injection][27/06/2025 17:24:52][WildStr][Code.exe]

[Throw dll injection][27/06/2025 17:24:52][WildStr][conhost.exe]

[Throw dll injection][27/06/2025 17:24:52][WildStr][conhost.exe]

[Throw dll injection][27/06/2025 17:24:52][WildStr][svchost.exe]

[Throw dll injection][27/06/2025 17:24:52][WildStr][powershell.exe]

[Throw dll injection][27/06/2025 17:24:52][WildStr][svchost.exe]

[Throw dll injection][27/06/2025 17:24:52][WildStr][vctip.exe]

[Throw dll injection][27/06/2025 17:24:52][WildStr][Code.exe]

[Throw dll injection][27/06/2025 17:24:52][WildStr][cpptools-srv.exe]

[Throw dll injection][27/06/2025 17:24:52][WildStr][conhost.exe]

[Throw dll injection][27/06/2025 17:24:52][WildStr][conhost.exe]

[Throw dll injection][27/06/2025 17:24:52][WildStr][powershell.exe]

[Throw dll injection][27/06/2025 17:24:52][WildStr][svchost.exe]

[Throw dll injection][27/06/2025 17:24:52][WildStr][vctip.exe]

[Throw dll injection][27/06/2025 17:24:52][WildStr][smartscreen.exe]

[Throw dll injection][27/06/2025 17:24:52][WildStr][cpptools-srv.exe]

[Throw dll injection][27/06/2025 17:24:52][WildStr][Taskmgr.exe]

[Throw dll injection][27/06/2025 17:24:52][WildStr][conhost.exe]

[Throw dll injection][27/06/2025 17:24:52][WildStr][svchost.exe]

[Throw dll injection][27/06/2025 17:24:52][WildStr][powershell.exe]

[Throw dll injection][27/06/2025 17:24:52][WildStr][smartscreen.exe]

[Throw dll injection][27/06/2025 17:24:52][WildStr][Taskmgr.exe]

[Throw dll injection][27/06/2025 17:24:52][WildStr][conhost.exe]

[Throw dll injection][27/06/2025 17:24:52][WildStr][powershell.exe]

[Throw dll injection][27/06/2025 17:24:53][WildStr][System]

[Throw dll injection][27/06/2025 17:24:53][WildStr][System]

[Throw dll injection][27/06/2025 17:24:53][WildStr][Registry]

[Throw dll injection][27/06/2025 17:24:53][WildStr][Registry]

[Throw dll injection][27/06/2025 17:24:53][WildStr][smss.exe]

[Throw dll injection][27/06/2025 17:24:53][WildStr][smss.exe]

[Throw dll injection][27/06/2025 17:24:53][WildStr][csrss.exe]

[Throw dll injection][27/06/2025 17:24:53][WildStr][csrss.exe]

[Throw dll injection][27/06/2025 17:24:53][WildStr][wininit.exe]

[Throw dll injection][27/06/2025 17:24:53][WildStr][wininit.exe]

[Throw dll injection][27/06/2025 17:24:53][WildStr][csrss.exe]

[Throw dll injection][27/06/2025 17:24:53][WildStr][csrss.exe]

[Throw dll injection][27/06/2025 17:24:53][WildStr][winlogon.exe]

[Throw dll injection][27/06/2025 17:24:53][WildStr][winlogon.exe]

[Throw dll injection][27/06/2025 17:24:53][WildStr][services.exe]

[Throw dll injection][27/06/2025 17:24:53][WildStr][lsass.exe]

[Throw dll injection][27/06/2025 17:24:53][WildStr][services.exe]

[Throw dll injection][27/06/2025 17:24:53][WildStr][lsass.exe]

[Throw dll injection][27/06/2025 17:24:53][WildStr][svchost.exe]

[Throw dll injection][27/06/2025 17:24:53][WildStr][fontdrvhost.exe]

[Throw dll injection][27/06/2025 17:24:53][WildStr][fontdrvhost.exe]

[Throw dll injection][27/06/2025 17:24:53][WildStr][fontdrvhost.exe]

[Throw dll injection][27/06/2025 17:24:53][WildStr][svchost.exe]

[Throw dll injection][27/06/2025 17:24:53][WildStr][fontdrvhost.exe]

[Throw dll injection][27/06/2025 17:24:53][WildStr][svchost.exe]

[Throw dll injection][27/06/2025 17:24:53][WildStr][svchost.exe]

[Throw dll injection][27/06/2025 17:24:53][WildStr][dwm.exe]

[Throw dll injection][27/06/2025 17:24:53][WildStr][svchost.exe]

[Throw dll injection][27/06/2025 17:24:53][WildStr][dwm.exe]

[Throw dll injection][27/06/2025 17:24:53][WildStr][svchost.exe]

[Throw dll injection][27/06/2025 17:24:53][WildStr][svchost.exe]

[Throw dll injection][27/06/2025 17:24:53][WildStr][svchost.exe]

[Throw dll injection][27/06/2025 17:24:53][WildStr][svchost.exe]

[Throw dll injection][27/06/2025 17:24:53][WildStr][svchost.exe]

[Throw dll injection][27/06/2025 17:24:53][WildStr][svchost.exe]

[Throw dll injection][27/06/2025 17:24:53][WildStr][svchost.exe]

[Throw dll injection][27/06/2025 17:24:53][WildStr][svchost.exe]

[Throw dll injection][27/06/2025 17:24:53][WildStr][svchost.exe]

[Throw dll injection][27/06/2025 17:24:53][WildStr][svchost.exe]

[Throw dll injection][27/06/2025 17:24:53][WildStr][svchost.exe]

[Throw dll injection][27/06/2025 17:24:53][WildStr][svchost.exe]

[Throw dll injection][27/06/2025 17:24:53][WildStr][svchost.exe]

[Throw dll injection][27/06/2025 17:24:53][WildStr][svchost.exe]

[Throw dll injection][27/06/2025 17:24:53][WildStr][svchost.exe]

[Throw dll injection][27/06/2025 17:24:53][WildStr][svchost.exe]

[Throw dll injection][27/06/2025 17:24:53][WildStr][svchost.exe]

[Throw dll injection][27/06/2025 17:24:53][WildStr][svchost.exe]

[Throw dll injection][27/06/2025 17:24:53][WildStr][svchost.exe]

[Throw dll injection][27/06/2025 17:24:53][WildStr][svchost.exe]

[Throw dll injection][27/06/2025 17:24:53][WildStr][svchost.exe]

[Throw dll injection][27/06/2025 17:24:53][WildStr][svchost.exe]

[Throw dll injection][27/06/2025 17:24:53][WildStr][svchost.exe]

[Throw dll injection][27/06/2025 17:24:53][WildStr][svchost.exe]

[Throw dll injection][27/06/2025 17:24:53][WildStr][svchost.exe]

[Throw dll injection][27/06/2025 17:24:53][WildStr][svchost.exe]

[Throw dll injection][27/06/2025 17:24:53][WildStr][VBoxService.exe]

[Throw dll injection][27/06/2025 17:24:53][WildStr][VBoxService.exe]

[Throw dll injection][27/06/2025 17:24:53][WildStr][svchost.exe]

[Throw dll injection][27/06/2025 17:24:53][WildStr][svchost.exe]

[Throw dll injection][27/06/2025 17:24:53][WildStr][svchost.exe]

[Throw dll injection][27/06/2025 17:24:53][WildStr][svchost.exe]

[Throw dll injection][27/06/2025 17:24:53][WildStr][svchost.exe]

[Throw dll injection][27/06/2025 17:24:53][WildStr][svchost.exe]

[Throw dll injection][27/06/2025 17:24:53][WildStr][svchost.exe]

[Throw dll injection][27/06/2025 17:24:53][WildStr][svchost.exe]

[Throw dll injection][27/06/2025 17:24:53][WildStr][svchost.exe]

[Throw dll injection][27/06/2025 17:24:53][WildStr][svchost.exe]

[Throw dll injection][27/06/2025 17:24:53][WildStr][svchost.exe]

[Throw dll injection][27/06/2025 17:24:53][WildStr][svchost.exe]

[Throw dll injection][27/06/2025 17:24:53][WildStr][Memory Compression]

[Throw dll injection][27/06/2025 17:24:53][WildStr][Memory Compression]

[Throw dll injection][27/06/2025 17:24:53][WildStr][svchost.exe]

[Throw dll injection][27/06/2025 17:24:53][WildStr][svchost.exe]

[Throw dll injection][27/06/2025 17:24:53][WildStr][svchost.exe]

[Throw dll injection][27/06/2025 17:24:53][WildStr][svchost.exe]

[Throw dll injection][27/06/2025 17:24:53][WildStr][svchost.exe]

[Throw dll injection][27/06/2025 17:24:53][WildStr][svchost.exe]

[Throw dll injection][27/06/2025 17:24:53][WildStr][svchost.exe]

[Throw dll injection][27/06/2025 17:24:53][WildStr][svchost.exe]

[Throw dll injection][27/06/2025 17:24:53][WildStr][svchost.exe]

[Throw dll injection][27/06/2025 17:24:53][WildStr][svchost.exe]

[Throw dll injection][27/06/2025 17:24:53][WildStr][svchost.exe]

[Throw dll injection][27/06/2025 17:24:53][WildStr][svchost.exe]

[Throw dll injection][27/06/2025 17:24:53][WildStr][svchost.exe]

[Throw dll injection][27/06/2025 17:24:53][WildStr][svchost.exe]

[Throw dll injection][27/06/2025 17:24:53][WildStr][svchost.exe]

[Throw dll injection][27/06/2025 17:24:53][WildStr][svchost.exe]

[Throw dll injection][27/06/2025 17:24:53][WildStr][spoolsv.exe]

[Throw dll injection][27/06/2025 17:24:53][WildStr][spoolsv.exe]

[Throw dll injection][27/06/2025 17:24:53][WildStr][svchost.exe]

[Throw dll injection][27/06/2025 17:24:53][WildStr][svchost.exe]

[Throw dll injection][27/06/2025 17:24:53][WildStr][svchost.exe]

[Throw dll injection][27/06/2025 17:24:53][WildStr][svchost.exe]

[Throw dll injection][27/06/2025 17:24:53][WildStr][svchost.exe]

[Throw dll injection][27/06/2025 17:24:53][WildStr][svchost.exe]

[Throw dll injection][27/06/2025 17:24:53][WildStr][svchost.exe]

[Throw dll injection][27/06/2025 17:24:53][WildStr][svchost.exe]

[Throw dll injection][27/06/2025 17:24:53][WildStr][ssh-agent.exe]

[Throw dll injection][27/06/2025 17:24:53][WildStr][ssh-agent.exe]

[Throw dll injection][27/06/2025 17:24:53][WildStr][sshd.exe]

[Throw dll injection][27/06/2025 17:24:53][WildStr][sshd.exe]

[Throw dll injection][27/06/2025 17:24:53][WildStr][svchost.exe]

[Throw dll injection][27/06/2025 17:24:53][WildStr][svchost.exe]

[Throw dll injection][27/06/2025 17:24:53][WildStr][svchost.exe]

[Throw dll injection][27/06/2025 17:24:53][WildStr][svchost.exe]

[Throw dll injection][27/06/2025 17:24:53][WildStr][svchost.exe]

[Throw dll injection][27/06/2025 17:24:53][WildStr][svchost.exe]

[Throw dll injection][27/06/2025 17:24:53][WildStr][svchost.exe]

[Throw dll injection][27/06/2025 17:24:53][WildStr][svchost.exe]

[Throw dll injection][27/06/2025 17:24:53][WildStr][svchost.exe]

[Throw dll injection][27/06/2025 17:24:53][WildStr][svchost.exe]

[Throw dll injection][27/06/2025 17:24:53][WildStr][svchost.exe]

[Throw dll injection][27/06/2025 17:24:53][WildStr][svchost.exe]

[Throw dll injection][27/06/2025 17:24:53][WildStr][svchost.exe]

[Throw dll injection][27/06/2025 17:24:53][WildStr][svchost.exe]

[Throw dll injection][27/06/2025 17:24:53][WildStr][svchost.exe]

[Throw dll injection][27/06/2025 17:24:53][WildStr][svchost.exe]

[Throw dll injection][27/06/2025 17:24:53][WildStr][svchost.exe]

[Throw dll injection][27/06/2025 17:24:53][WildStr][svchost.exe]

[Throw dll injection][27/06/2025 17:24:53][WildStr][MpDefenderCoreService.exe]

[Throw dll injection][27/06/2025 17:24:53][WildStr][MpDefenderCoreService.exe]

[Throw dll injection][27/06/2025 17:24:53][WildStr][MsMpEng.exe]

[Throw dll injection][27/06/2025 17:24:53][WildStr][MsMpEng.exe]

[Throw dll injection][27/06/2025 17:24:53][WildStr][SearchIndexer.exe]

[Throw dll injection][27/06/2025 17:24:53][WildStr][SearchIndexer.exe]

[Throw dll injection][27/06/2025 17:24:53][WildStr][AggregatorHost.exe]

[Throw dll injection][27/06/2025 17:24:53][WildStr][AggregatorHost.exe]

[Throw dll injection][27/06/2025 17:24:53][WildStr][dllhost.exe]

[Throw dll injection][27/06/2025 17:24:53][WildStr][dllhost.exe]

[Throw dll injection][27/06/2025 17:24:53][WildStr][svchost.exe]

[Throw dll injection][27/06/2025 17:24:53][WildStr][svchost.exe]

[Throw dll injection][27/06/2025 17:24:53][WildStr][NisSrv.exe]

[Throw dll injection][27/06/2025 17:24:53][WildStr][sihost.exe]

[Throw dll injection][27/06/2025 17:24:53][WildStr][sihost.exe]


[Throw dll injection][27/06/2025 17:24:53][WildStr][svchost.exe]

[Throw dll injection][27/06/2025 17:24:53][WildStr][svchost.exe]

[Throw dll injection][27/06/2025 17:24:53][WildStr][taskhostw.exe]

[Throw dll injection][27/06/2025 17:24:53][WildStr][taskhostw.exe]

[Throw dll injection][27/06/2025 17:24:53][WildStr][MicrosoftEdgeUpdate.exe]

[Throw dll injection][27/06/2025 17:24:53][WildStr][MicrosoftEdgeUpdate.exe]

[Throw dll injection][27/06/2025 17:24:53][WildStr][svchost.exe]

[Throw dll injection][27/06/2025 17:24:53][WildStr][svchost.exe]

[Throw dll injection][27/06/2025 17:24:53][WildStr][ctfmon.exe]

[Throw dll injection][27/06/2025 17:24:53][WildStr][ctfmon.exe]

[Throw dll injection][27/06/2025 17:24:53][WildStr][svchost.exe]

[Throw dll injection][27/06/2025 17:24:53][WildStr][svchost.exe]

[Throw dll injection][27/06/2025 17:24:53][WildStr][svchost.exe]

[Throw dll injection][27/06/2025 17:24:53][WildStr][svchost.exe]

[Throw dll injection][27/06/2025 17:24:53][WildStr][explorer.exe]

[Throw dll injection][27/06/2025 17:24:53][WildStr][explorer.exe]

[Throw dll injection][27/06/2025 17:24:53][WildStr][svchost.exe]

[Throw dll injection][27/06/2025 17:24:53][WildStr][svchost.exe]

[Throw dll injection][27/06/2025 17:24:53][WildStr][StartMenuExperienceHost.exe]

[Throw dll injection][27/06/2025 17:24:53][WildStr][StartMenuExperienceHost.exe]

[Throw dll injection][27/06/2025 17:24:53][WildStr][RuntimeBroker.exe]

[Throw dll injection][27/06/2025 17:24:53][WildStr][RuntimeBroker.exe]

[Throw dll injection][27/06/2025 17:24:53][WildStr][SearchApp.exe]

[Throw dll injection][27/06/2025 17:24:53][WildStr][SearchApp.exe]

[Throw dll injection][27/06/2025 17:24:53][WildStr][svchost.exe]

[Throw dll injection][27/06/2025 17:24:53][WildStr][RuntimeBroker.exe]

[Throw dll injection][27/06/2025 17:24:53][WildStr][RuntimeBroker.exe]

[Throw dll injection][27/06/2025 17:24:53][WildStr][RuntimeBroker.exe]

[Throw dll injection][27/06/2025 17:24:53][WildStr][svchost.exe]

[Throw dll injection][27/06/2025 17:24:53][WildStr][svchost.exe]

[Throw dll injection][27/06/2025 17:24:53][WildStr][SecurityHealthSystray.exe]

[Throw dll injection][27/06/2025 17:24:53][WildStr][SecurityHealthSystray.exe]

[Throw dll injection][27/06/2025 17:24:53][WildStr][SecurityHealthService.exe]

[Throw dll injection][27/06/2025 17:24:53][WildStr][SecurityHealthService.exe]

[Throw dll injection][27/06/2025 17:24:53][WildStr][VBoxTray.exe]

[Throw dll injection][27/06/2025 17:24:53][WildStr][VBoxTray.exe]

[Throw dll injection][27/06/2025 17:24:53][WildStr][OneDrive.exe]

[Throw dll injection][27/06/2025 17:24:53][WildStr][OneDrive.exe]

[Throw dll injection][27/06/2025 17:24:53][WildStr][svchost.exe]

[Throw dll injection][27/06/2025 17:24:53][WildStr][svchost.exe]

[Throw dll injection][27/06/2025 17:24:53][WildStr][svchost.exe]

[Throw dll injection][27/06/2025 17:24:53][WildStr][svchost.exe]

[Throw dll injection][27/06/2025 17:24:53][WildStr][svchost.exe]

[Throw dll injection][27/06/2025 17:24:53][WildStr][svchost.exe]

[Throw dll injection][27/06/2025 17:24:53][WildStr][svchost.exe]

[Throw dll injection][27/06/2025 17:24:53][WildStr][svchost.exe]

[Throw dll injection][27/06/2025 17:24:53][WildStr][svchost.exe]

[Throw dll injection][27/06/2025 17:24:53][WildStr][svchost.exe]

[Throw dll injection][27/06/2025 17:24:53][WildStr][svchost.exe]

[Throw dll injection][27/06/2025 17:24:53][WildStr][TextInputHost.exe]

[Throw dll injection][27/06/2025 17:24:53][WildStr][TextInputHost.exe]

[Throw dll injection][27/06/2025 17:24:53][WildStr][ApplicationFrameHost.exe]

[Throw dll injection][27/06/2025 17:24:53][WildStr][ApplicationFrameHost.exe]

[Throw dll injection][27/06/2025 17:24:53][WildStr][SystemSettings.exe]

[Throw dll injection][27/06/2025 17:24:53][WildStr][SystemSettings.exe]

[Throw dll injection][27/06/2025 17:24:53][WildStr][UserOOBEBroker.exe]

[Throw dll injection][27/06/2025 17:24:53][WildStr][UserOOBEBroker.exe]

[Throw dll injection][27/06/2025 17:24:53][WildStr][SearchApp.exe]

[Throw dll injection][27/06/2025 17:24:53][WildStr][SearchApp.exe]

[Throw dll injection][27/06/2025 17:24:53][WildStr][msedgewebview2.exe]

[Throw dll injection][27/06/2025 17:24:53][WildStr][msedgewebview2.exe]

[Throw dll injection][27/06/2025 17:24:53][WildStr][msedgewebview2.exe]

[Throw dll injection][27/06/2025 17:24:53][WildStr][msedgewebview2.exe]

[Throw dll injection][27/06/2025 17:24:53][WildStr][msedgewebview2.exe]

[Throw dll injection][27/06/2025 17:24:53][WildStr][msedgewebview2.exe]

[Throw dll injection][27/06/2025 17:24:53][WildStr][msedgewebview2.exe]

[Throw dll injection][27/06/2025 17:24:53][WildStr][msedgewebview2.exe]

[Throw dll injection][27/06/2025 17:24:53][WildStr][msedgewebview2.exe]

[Throw dll injection][27/06/2025 17:24:53][WildStr][msedgewebview2.exe]

[Throw dll injection][27/06/2025 17:24:53][WildStr][msedgewebview2.exe]

[Throw dll injection][27/06/2025 17:24:53][WildStr][FileCoAuth.exe]

[Throw dll injection][27/06/2025 17:24:53][WildStr][FileCoAuth.exe]

[Throw dll injection][27/06/2025 17:24:53][WildStr][svchost.exe]

[Throw dll injection][27/06/2025 17:24:53][WildStr][svchost.exe]

[Throw dll injection][27/06/2025 17:24:53][WildStr][msedge.exe]

[Throw dll injection][27/06/2025 17:24:53][WildStr][msedge.exe]

[Throw dll injection][27/06/2025 17:24:53][WildStr][msedge.exe]

[Throw dll injection][27/06/2025 17:24:53][WildStr][msedge.exe]

[Throw dll injection][27/06/2025 17:24:53][WildStr][msedge.exe]

[Throw dll injection][27/06/2025 17:24:53][WildStr][msedge.exe]

[Throw dll injection][27/06/2025 17:24:53][WildStr][msedge.exe]

[Throw dll injection][27/06/2025 17:24:53][WildStr][msedge.exe]

[Throw dll injection][27/06/2025 17:24:53][WildStr][msedge.exe]

[Throw dll injection][27/06/2025 17:24:53][WildStr][msedge.exe]

[Throw dll injection][27/06/2025 17:24:53][WildStr][svchost.exe]

[Throw dll injection][27/06/2025 17:24:53][WildStr][svchost.exe]

[Throw dll injection][27/06/2025 17:24:53][WildStr][svchost.exe]

[Throw dll injection][27/06/2025 17:24:53][WildStr][svchost.exe]

[Throw dll injection][27/06/2025 17:24:53][WildStr][svchost.exe]

[Throw dll injection][27/06/2025 17:24:53][WildStr][svchost.exe]

[Throw dll injection][27/06/2025 17:24:53][WildStr][ShellExperienceHost.exe]

[Throw dll injection][27/06/2025 17:24:53][WildStr][dllhost.exe]

[Throw dll injection][27/06/2025 17:24:53][WildStr][RuntimeBroker.exe]

[Throw dll injection][27/06/2025 17:24:53][WildStr][ShellExperienceHost.exe]

[Throw dll injection][27/06/2025 17:24:53][WildStr][powershell.exe]

[Throw dll injection][27/06/2025 17:24:53][WildStr][RuntimeBroker.exe]

[Throw dll injection][27/06/2025 17:24:53][WildStr][conhost.exe]

[Throw dll injection][27/06/2025 17:24:53][WildStr][powershell.exe]

[Throw dll injection][27/06/2025 17:24:53][WildStr][cmd.exe]

[Throw dll injection][27/06/2025 17:24:53][WildStr][conhost.exe]

[Throw dll injection][27/06/2025 17:24:53][WildStr][conhost.exe]

[Throw dll injection][27/06/2025 17:24:53][WildStr][cmd.exe]

[Throw dll injection][27/06/2025 17:24:53][WildStr][powershell.exe]

[Throw dll injection][27/06/2025 17:24:53][WildStr][conhost.exe]

[Throw dll injection][27/06/2025 17:24:53][WildStr][Code.exe]

[Throw dll injection][27/06/2025 17:24:53][WildStr][powershell.exe]

[Throw dll injection][27/06/2025 17:24:53][WildStr][Code.exe]

[Throw dll injection][27/06/2025 17:24:53][WildStr][Code.exe]

[Throw dll injection][27/06/2025 17:24:53][WildStr][Code.exe]

[Throw dll injection][27/06/2025 17:24:53][WildStr][Code.exe]

[Throw dll injection][27/06/2025 17:24:53][WildStr][Code.exe]

[Throw dll injection][27/06/2025 17:24:53][WildStr][Code.exe]

[Throw dll injection][27/06/2025 17:24:53][WildStr][Code.exe]

[Throw dll injection][27/06/2025 17:24:53][WildStr][Code.exe]

[Throw dll injection][27/06/2025 17:24:53][WildStr][Code.exe]

[Throw dll injection][27/06/2025 17:24:53][WildStr][Code.exe]

[Throw dll injection][27/06/2025 17:24:53][WildStr][Code.exe]

[Throw dll injection][27/06/2025 17:24:53][WildStr][Code.exe]

[Throw dll injection][27/06/2025 17:24:53][WildStr][Code.exe]

[Throw dll injection][27/06/2025 17:24:53][WildStr][Code.exe]

[Throw dll injection][27/06/2025 17:24:53][WildStr][cpptools.exe]

[Throw dll injection][27/06/2025 17:24:53][WildStr][conhost.exe]

[Throw dll injection][27/06/2025 17:24:53][WildStr][Code.exe]

[Throw dll injection][27/06/2025 17:24:53][WildStr][Code.exe]

[Throw dll injection][27/06/2025 17:24:53][WildStr][cpptools.exe]

[Throw dll injection][27/06/2025 17:24:53][WildStr][cpptools.exe]

[Throw dll injection][27/06/2025 17:24:53][WildStr][conhost.exe]

[Throw dll injection][27/06/2025 17:24:53][WildStr][cpptools-srv.exe]

[Throw dll injection][27/06/2025 17:24:53][WildStr][Code.exe]

[Throw dll injection][27/06/2025 17:24:53][WildStr][conhost.exe]

[Throw dll injection][27/06/2025 17:24:53][WildStr][cpptools.exe]

[Throw dll injection][27/06/2025 17:24:53][WildStr][svchost.exe]
xe]

[Throw dll injection][27/06/2025 17:24:53][WildStr][svchost.exe]

[Throw dll injection][27/06/2025 17:24:53][WildStr][svchost.exe]

[Throw dll injection][27/06/2025 17:24:53][WildStr][Code.exe]

[Throw dll injection][27/06/2025 17:24:53][WildStr][svchost.exe]

[Throw dll injection][27/06/2025 17:24:53][WildStr][conhost.exe]

[Throw dll injection][27/06/2025 17:24:53][WildStr][Code.exe]

[Throw dll injection][27/06/2025 17:24:53][WildStr][powershell.exe]

[Throw dll injection][27/06/2025 17:24:53][WildStr][conhost.exe]

[Throw dll injection][27/06/2025 17:24:53][WildStr][vctip.exe]

[Throw dll injection][27/06/2025 17:24:53][WildStr][powershell.exe]

[Throw dll injection][27/06/2025 17:24:53][WildStr][cpptools-srv.exe]

[Throw dll injection][27/06/2025 17:24:53][WildStr][vctip.exe]

[Throw dll injection][27/06/2025 17:24:53][WildStr][conhost.exe]

[Throw dll injection][27/06/2025 17:24:53][WildStr][cpptools-srv.exe]

[Throw dll injection][27/06/2025 17:24:53][WildStr][svchost.exe]

[Throw dll injection][27/06/2025 17:24:53][WildStr][conhost.exe]

[Throw dll injection][27/06/2025 17:24:53][WildStr][svchost.exe]

[Throw dll injection][27/06/2025 17:24:53][WildStr][smartscreen.exe]

[Throw dll injection][27/06/2025 17:24:53][WildStr][Taskmgr.exe]

[Throw dll injection][27/06/2025 17:24:53][WildStr][smartscreen.exe]

[Throw dll injection][27/06/2025 17:24:53][WildStr][Taskmgr.exe]

[Throw dll injection][27/06/2025 17:24:53][WildStr][conhost.exe]

[Throw dll injection][27/06/2025 17:24:53][WildStr][conhost.exe]

[Throw dll injection][27/06/2025 17:24:53][WildStr][powershell.exe]

[Throw dll injection][27/06/2025 17:24:53][WildStr][powershell.exe]

[Throw dll injection][27/06/2025 17:24:54][WildStr][System]

[Throw dll injection][27/06/2025 17:24:54][WildStr][System]

[Throw dll injection][27/06/2025 17:24:54][WildStr][Registry]

[Throw dll injection][27/06/2025 17:24:54][WildStr][Registry]

[Throw dll injection][27/06/2025 17:24:54][WildStr][smss.exe]

[Throw dll injection][27/06/2025 17:24:54][WildStr][smss.exe]

[Throw dll injection][27/06/2025 17:24:54][WildStr][csrss.exe]

[Throw dll injection][27/06/2025 17:24:54][WildStr][csrss.exe]

[Throw dll injection][27/06/2025 17:24:54][WildStr][wininit.exe]

[Throw dll injection][27/06/2025 17:24:54][WildStr][wininit.exe]

[Throw dll injection][27/06/2025 17:24:54][WildStr][csrss.exe]

[Throw dll injection][27/06/2025 17:24:54][WildStr][csrss.exe]
]

[Throw dll injection][27/06/2025 17:24:54][WildStr][services.exe]

[Throw dll injection][27/06/2025 17:24:54][WildStr][winlogon.exe]

[Throw dll injection][27/06/2025 17:24:54][WildStr][lsass.exe]

[Throw dll injection][27/06/2025 17:24:54][WildStr][services.exe]

[Throw dll injection][27/06/2025 17:24:54][WildStr][svchost.exe]

[Throw dll injection][27/06/2025 17:24:54][WildStr][lsass.exe]

[Throw dll injection][27/06/2025 17:24:54][WildStr][fontdrvhost.exe]

[Throw dll injection][27/06/2025 17:24:54][WildStr][svchost.exe]

[Throw dll injection][27/06/2025 17:24:54][WildStr][fontdrvhost.exe]

[Throw dll injection][27/06/2025 17:24:54][WildStr][fontdrvhost.exe]

[Throw dll injection][27/06/2025 17:24:54][WildStr][svchost.exe]

[Throw dll injection][27/06/2025 17:24:54][WildStr][fontdrvhost.exe]

[Throw dll injection][27/06/2025 17:24:54][WildStr][svchost.exe]

[Throw dll injection][27/06/2025 17:24:54][WildStr][svchost.exe]

[Throw dll injection][27/06/2025 17:24:54][WildStr][dwm.exe]

[Throw dll injection][27/06/2025 17:24:54][WildStr][svchost.exe]

[Throw dll injection][27/06/2025 17:24:54][WildStr][svchost.exe]

[Throw dll injection][27/06/2025 17:24:54][WildStr][dwm.exe]

[Throw dll injection][27/06/2025 17:24:54][WildStr][svchost.exe]

[Throw dll injection][27/06/2025 17:24:54][WildStr][svchost.exe]

[Throw dll injection][27/06/2025 17:24:54][WildStr][svchost.exe]

[Throw dll injection][27/06/2025 17:24:54][WildStr][svchost.exe]

[Throw dll injection][27/06/2025 17:24:54][WildStr][svchost.exe]

[Throw dll injection][27/06/2025 17:24:54][WildStr][svchost.exe]

[Throw dll injection][27/06/2025 17:24:54][WildStr][svchost.exe]

[Throw dll injection][27/06/2025 17:24:54][WildStr][svchost.exe]

[Throw dll injection][27/06/2025 17:24:54][WildStr][svchost.exe]

[Throw dll injection][27/06/2025 17:24:54][WildStr][svchost.exe]

[Throw dll injection][27/06/2025 17:24:54][WildStr][svchost.exe]

[Throw dll injection][27/06/2025 17:24:54][WildStr][svchost.exe]

[Throw dll injection][27/06/2025 17:24:54][WildStr][svchost.exe]

[Throw dll injection][27/06/2025 17:24:54][WildStr][svchost.exe]

[Throw dll injection][27/06/2025 17:24:54][WildStr][svchost.exe]

[Throw dll injection][27/06/2025 17:24:54][WildStr][svchost.exe]

[Throw dll injection][27/06/2025 17:24:54][WildStr][svchost.exe]

[Throw dll injection][27/06/2025 17:24:54][WildStr][svchost.exe]

[Throw dll injection][27/06/2025 17:24:54][WildStr][svchost.exe]

[Throw dll injection][27/06/2025 17:24:54][WildStr][svchost.exe]

[Throw dll injection][27/06/2025 17:24:54][WildStr][svchost.exe]

[Throw dll injection][27/06/2025 17:24:54][WildStr][svchost.exe]

[Throw dll injection][27/06/2025 17:24:54][WildStr][svchost.exe]

[Throw dll injection][27/06/2025 17:24:54][WildStr][svchost.exe]

[Throw dll injection][27/06/2025 17:24:54][WildStr][VBoxService.exe]

[Throw dll injection][27/06/2025 17:24:54][WildStr][svchost.exe]

[Throw dll injection][27/06/2025 17:24:54][WildStr][svchost.exe]

[Throw dll injection][27/06/2025 17:24:54][WildStr][VBoxService.exe]

[Throw dll injection][27/06/2025 17:24:54][WildStr][svchost.exe]

[Throw dll injection][27/06/2025 17:24:54][WildStr][svchost.exe]

[Throw dll injection][27/06/2025 17:24:54][WildStr][svchost.exe]

[Throw dll injection][27/06/2025 17:24:54][WildStr][svchost.exe]

[Throw dll injection][27/06/2025 17:24:54][WildStr][svchost.exe]

[Throw dll injection][27/06/2025 17:24:54][WildStr][svchost.exe]

[Throw dll injection][27/06/2025 17:24:54][WildStr][svchost.exe]

[Throw dll injection][27/06/2025 17:24:54][WildStr][svchost.exe]

[Throw dll injection][27/06/2025 17:24:54][WildStr][svchost.exe]

[Throw dll injection][27/06/2025 17:24:54][WildStr][Memory Compression]

[Throw dll injection][27/06/2025 17:24:54][WildStr][svchost.exe]

[Throw dll injection][27/06/2025 17:24:54][WildStr][svchost.exe]

[Throw dll injection][27/06/2025 17:24:54][WildStr][Memory Compression]

[Throw dll injection][27/06/2025 17:24:54][WildStr][svchost.exe]

[Throw dll injection][27/06/2025 17:24:54][WildStr][svchost.exe]

[Throw dll injection][27/06/2025 17:24:54][WildStr][svchost.exe]

[Throw dll injection][27/06/2025 17:24:54][WildStr][svchost.exe]

[Throw dll injection][27/06/2025 17:24:54][WildStr][svchost.exe]

[Throw dll injection][27/06/2025 17:24:54][WildStr][svchost.exe]

[Throw dll injection][27/06/2025 17:24:54][WildStr][svchost.exe]

[Throw dll injection][27/06/2025 17:24:54][WildStr][svchost.exe]

[Throw dll injection][27/06/2025 17:24:54][WildStr][svchost.exe]

[Throw dll injection][27/06/2025 17:24:54][WildStr][svchost.exe]

[Throw dll injection][27/06/2025 17:24:54][WildStr][svchost.exe]

[Throw dll injection][27/06/2025 17:24:54][WildStr][svchost.exe]

[Throw dll injection][27/06/2025 17:24:54][WildStr][svchost.exe]

[Throw dll injection][27/06/2025 17:24:54][WildStr][svchost.exe]

[Throw dll injection][27/06/2025 17:24:54][WildStr][svchost.exe]

[Throw dll injection][27/06/2025 17:24:54][WildStr][spoolsv.exe]

[Throw dll injection][27/06/2025 17:24:54][WildStr][spoolsv.exe]

[Throw dll injection][27/06/2025 17:24:54][WildStr][svchost.exe]

[Throw dll injection][27/06/2025 17:24:54][WildStr][svchost.exe]

[Throw dll injection][27/06/2025 17:24:54][WildStr][svchost.exe]

[Throw dll injection][27/06/2025 17:24:54][WildStr][svchost.exe]

[Throw dll injection][27/06/2025 17:24:54][WildStr][svchost.exe]

[Throw dll injection][27/06/2025 17:24:54][WildStr][svchost.exe]

[Throw dll injection][27/06/2025 17:24:54][WildStr][svchost.exe]

[Throw dll injection][27/06/2025 17:24:54][WildStr][svchost.exe]

[Throw dll injection][27/06/2025 17:24:54][WildStr][ssh-agent.exe]

[Throw dll injection][27/06/2025 17:24:54][WildStr][ssh-agent.exe]

[Throw dll injection][27/06/2025 17:24:54][WildStr][sshd.exe]

[Throw dll injection][27/06/2025 17:24:54][WildStr][sshd.exe]

[Throw dll injection][27/06/2025 17:24:54][WildStr][svchost.exe]

[Throw dll injection][27/06/2025 17:24:54][WildStr][svchost.exe]

[Throw dll injection][27/06/2025 17:24:54][WildStr][svchost.exe]

[Throw dll injection][27/06/2025 17:24:54][WildStr][svchost.exe]

[Throw dll injection][27/06/2025 17:24:54][WildStr][svchost.exe]

[Throw dll injection][27/06/2025 17:24:54][WildStr][svchost.exe]

[Throw dll injection][27/06/2025 17:24:54][WildStr][svchost.exe]

[Throw dll injection][27/06/2025 17:24:54][WildStr][svchost.exe]

[Throw dll injection][27/06/2025 17:24:54][WildStr][svchost.exe]

[Throw dll injection][27/06/2025 17:24:54][WildStr][svchost.exe]

[Throw dll injection][27/06/2025 17:24:54][WildStr][svchost.exe]

[Throw dll injection][27/06/2025 17:24:54][WildStr][svchost.exe]

[Throw dll injection][27/06/2025 17:24:54][WildStr][svchost.exe]

[Throw dll injection][27/06/2025 17:24:54][WildStr][svchost.exe]

[Throw dll injection][27/06/2025 17:24:54][WildStr][svchost.exe]

[Throw dll injection][27/06/2025 17:24:54][WildStr][svchost.exe]

[Throw dll injection][27/06/2025 17:24:54][WildStr][svchost.exe]

[Throw dll injection][27/06/2025 17:24:54][WildStr][svchost.exe]

[Throw dll injection][27/06/2025 17:24:54][WildStr][MpDefenderCoreService.exe]

[Throw dll injection][27/06/2025 17:24:54][WildStr][MpDefenderCoreService.exe]

[Throw dll injection][27/06/2025 17:24:54][WildStr][MsMpEng.exe]

[Throw dll injection][27/06/2025 17:24:54][WildStr][MsMpEng.exe]

[Throw dll injection][27/06/2025 17:24:54][WildStr][SearchIndexer.exe]

[Throw dll injection][27/06/2025 17:24:54][WildStr][SearchIndexer.exe]

[Throw dll injection][27/06/2025 17:24:54][WildStr][AggregatorHost.exe]

[Throw dll injection][27/06/2025 17:24:54][WildStr][AggregatorHost.exe]

[Throw dll injection][27/06/2025 17:24:54][WildStr][dllhost.exe]

[Throw dll injection][27/06/2025 17:24:54][WildStr][dllhost.exe]

[Throw dll injection][27/06/2025 17:24:54][WildStr][svchost.exe]

[Throw dll injection][27/06/2025 17:24:54][WildStr][svchost.exe]

[Throw dll injection][27/06/2025 17:24:54][WildStr][NisSrv.exe]

[Throw dll injection][27/06/2025 17:24:54][WildStr][NisSrv.exe]

[Throw dll injection][27/06/2025 17:24:54][WildStr][sihost.exe]

[Throw dll injection][27/06/2025 17:24:54][WildStr][sihost.exe]

[Throw dll injection][27/06/2025 17:24:54][WildStr][svchost.exe]

[Throw dll injection][27/06/2025 17:24:54][WildStr][svchost.exe]

[Throw dll injection][27/06/2025 17:24:54][WildStr][svchost.exe]

[Throw dll injection][27/06/2025 17:24:54][WildStr][svchost.exe]

[Throw dll injection][27/06/2025 17:24:54][WildStr][taskhostw.exe]

[Throw dll injection][27/06/2025 17:24:54][WildStr][taskhostw.exe]

[Throw dll injection][27/06/2025 17:24:54][WildStr][MicrosoftEdgeUpdate.exe]

[Throw dll injection][27/06/2025 17:24:54][WildStr][MicrosoftEdgeUpdate.exe]

[Throw dll injection][27/06/2025 17:24:54][WildStr][svchost.exe]

[Throw dll injection][27/06/2025 17:24:54][WildStr][svchost.exe]

[Throw dll injection][27/06/2025 17:24:54][WildStr][ctfmon.exe]

[Throw dll injection][27/06/2025 17:24:54][WildStr][ctfmon.exe]

[Throw dll injection][27/06/2025 17:24:54][WildStr][svchost.exe]

[Throw dll injection][27/06/2025 17:24:54][WildStr][svchost.exe]

[Throw dll injection][27/06/2025 17:24:54][WildStr][svchost.exe]

[Throw dll injection][27/06/2025 17:24:54][WildStr][svchost.exe]

[Throw dll injection][27/06/2025 17:24:54][WildStr][explorer.exe]

[Throw dll injection][27/06/2025 17:24:54][WildStr][explorer.exe]

[Throw dll injection][27/06/2025 17:24:54][WildStr][svchost.exe]

[Throw dll injection][27/06/2025 17:24:54][WildStr][svchost.exe]

[Throw dll injection][27/06/2025 17:24:54][WildStr][StartMenuExperienceHost.exe]

[Throw dll injection][27/06/2025 17:24:54][WildStr][StartMenuExperienceHost.exe]

[Throw dll injection][27/06/2025 17:24:54][WildStr][RuntimeBroker.exe]

[Throw dll injection][27/06/2025 17:24:54][WildStr][RuntimeBroker.exe]

[Throw dll injection][27/06/2025 17:24:54][WildStr][SearchApp.exe]

[Throw dll injection][27/06/2025 17:24:54][WildStr][SearchApp.exe]

[Throw dll injection][27/06/2025 17:24:54][WildStr][svchost.exe]

[Throw dll injection][27/06/2025 17:24:54][WildStr][svchost.exe]

[Throw dll injection][27/06/2025 17:24:54][WildStr][RuntimeBroker.exe]

[Throw dll injection][27/06/2025 17:24:54][WildStr][RuntimeBroker.exe]

[Throw dll injection][27/06/2025 17:24:54][WildStr][RuntimeBroker.exe]

[Throw dll injection][27/06/2025 17:24:54][WildStr][RuntimeBroker.exe]

[Throw dll injection][27/06/2025 17:24:54][WildStr][svchost.exe]

[Throw dll injection][27/06/2025 17:24:54][WildStr][svchost.exe]

[Throw dll injection][27/06/2025 17:24:54][WildStr][SecurityHealthSystray.exe]

[Throw dll injection][27/06/2025 17:24:54][WildStr][SecurityHealthSystray.exe]

[Throw dll injection][27/06/2025 17:24:54][WildStr][SecurityHealthService.exe]

[Throw dll injection][27/06/2025 17:24:54][WildStr][SecurityHealthService.exe]

[Throw dll injection][27/06/2025 17:24:54][WildStr][VBoxTray.exe]

[Throw dll injection][27/06/2025 17:24:54][WildStr][VBoxTray.exe]

[Throw dll injection][27/06/2025 17:24:54][WildStr][OneDrive.exe]

[Throw dll injection][27/06/2025 17:24:54][WildStr][OneDrive.exe]

[Throw dll injection][27/06/2025 17:24:54][WildStr][svchost.exe]

[Throw dll injection][27/06/2025 17:24:54][WildStr][svchost.exe]

[Throw dll injection][27/06/2025 17:24:54][WildStr][svchost.exe]

[Throw dll injection][27/06/2025 17:24:54][WildStr][svchost.exe]

[Throw dll injection][27/06/2025 17:24:54][WildStr][svchost.exe]

[Throw dll injection][27/06/2025 17:24:54][WildStr][svchost.exe]

[Throw dll injection][27/06/2025 17:24:54][WildStr][svchost.exe]

[Throw dll injection][27/06/2025 17:24:54][WildStr][svchost.exe]

[Throw dll injection][27/06/2025 17:24:54][WildStr][svchost.exe]

[Throw dll injection][27/06/2025 17:24:54][WildStr][TextInputHost.exe]

[Throw dll injection][27/06/2025 17:24:54][WildStr][svchost.exe]

[Throw dll injection][27/06/2025 17:24:54][WildStr][ApplicationFrameHost.exe]

[Throw dll injection][27/06/2025 17:24:54][WildStr][svchost.exe]

[Throw dll injection][27/06/2025 17:24:54][WildStr][SystemSettings.exe]

[Throw dll injection][27/06/2025 17:24:54][WildStr][ApplicationFrameHost.exe]

[Throw dll injection][27/06/2025 17:24:54][WildStr][UserOOBEBroker.exe]

[Throw dll injection][27/06/2025 17:24:54][WildStr][SystemSettings.exe]

[Throw dll injection][27/06/2025 17:24:54][WildStr][UserOOBEBroker.exe]

[Throw dll injection][27/06/2025 17:24:54][WildStr][SearchApp.exe]

[Throw dll injection][27/06/2025 17:24:54][WildStr][msedgewebview2.exe]

[Throw dll injection][27/06/2025 17:24:54][WildStr][SearchApp.exe]

[Throw dll injection][27/06/2025 17:24:54][WildStr][msedgewebview2.exe]

[Throw dll injection][27/06/2025 17:24:54][WildStr][msedgewebview2.exe]

[Throw dll injection][27/06/2025 17:24:54][WildStr][msedgewebview2.exe]

[Throw dll injection][27/06/2025 17:24:54][WildStr][msedgewebview2.exe]

[Throw dll injection][27/06/2025 17:24:54][WildStr][msedgewebview2.exe]

[Throw dll injection][27/06/2025 17:24:54][WildStr][msedgewebview2.exe]

[Throw dll injection][27/06/2025 17:24:54][WildStr][msedgewebview2.exe]

[Throw dll injection][27/06/2025 17:24:54][WildStr][msedgewebview2.exe]

[Throw dll injection][27/06/2025 17:24:54][WildStr][msedgewebview2.exe]

[Throw dll injection][27/06/2025 17:24:54][WildStr][FileCoAuth.exe]

[Throw dll injection][27/06/2025 17:24:54][WildStr][msedgewebview2.exe]

[Throw dll injection][27/06/2025 17:24:54][WildStr][svchost.exe]

[Throw dll injection][27/06/2025 17:24:54][WildStr][msedge.exe]

[Throw dll injection][27/06/2025 17:24:54][WildStr][FileCoAuth.exe]

[Throw dll injection][27/06/2025 17:24:54][WildStr][msedge.exe]

[Throw dll injection][27/06/2025 17:24:54][WildStr][svchost.exe]

[Throw dll injection][27/06/2025 17:24:54][WildStr][msedge.exe]

[Throw dll injection][27/06/2025 17:24:54][WildStr][msedge.exe]

[Throw dll injection][27/06/2025 17:24:54][WildStr][msedge.exe]

[Throw dll injection][27/06/2025 17:24:54][WildStr][msedge.exe]

[Throw dll injection][27/06/2025 17:24:54][WildStr][msedge.exe]

[Throw dll injection][27/06/2025 17:24:54][WildStr][svchost.exe]

[Throw dll injection][27/06/2025 17:24:54][WildStr][msedge.exe]

[Throw dll injection][27/06/2025 17:24:54][WildStr][svchost.exe]

[Throw dll injection][27/06/2025 17:24:54][WildStr][msedge.exe]

[Throw dll injection][27/06/2025 17:24:54][WildStr][svchost.exe]

[Throw dll injection][27/06/2025 17:24:54][WildStr][dllhost.exe]

[Throw dll injection][27/06/2025 17:24:54][WildStr][msedge.exe]

[Throw dll injection][27/06/2025 17:24:54][WildStr][ShellExperienceHost.exe]

[Throw dll injection][27/06/2025 17:24:54][WildStr][RuntimeBroker.exe]

[Throw dll injection][27/06/2025 17:24:54][WildStr][svchost.exe]

[Throw dll injection][27/06/2025 17:24:54][WildStr][powershell.exe]

[Throw dll injection][27/06/2025 17:24:54][WildStr][svchost.exe]

[Throw dll injection][27/06/2025 17:24:54][WildStr][conhost.exe]

[Throw dll injection][27/06/2025 17:24:54][WildStr][svchost.exe]

[Throw dll injection][27/06/2025 17:24:54][WildStr][cmd.exe]

[Throw dll injection][27/06/2025 17:24:54][WildStr][dllhost.exe]

[Throw dll injection][27/06/2025 17:24:54][WildStr][conhost.exe]

[Throw dll injection][27/06/2025 17:24:54][WildStr][ShellExperienceHost.exe]

[Throw dll injection][27/06/2025 17:24:54][WildStr][powershell.exe]

[Throw dll injection][27/06/2025 17:24:54][WildStr][RuntimeBroker.exe]

[Throw dll injection][27/06/2025 17:24:54][WildStr][Code.exe]

[Throw dll injection][27/06/2025 17:24:54][WildStr][powershell.exe]

[Throw dll injection][27/06/2025 17:24:54][WildStr][Code.exe]

[Throw dll injection][27/06/2025 17:24:54][WildStr][Code.exe]

[Throw dll injection][27/06/2025 17:24:54][WildStr][conhost.exe]

[Throw dll injection][27/06/2025 17:24:54][WildStr][Code.exe]

[Throw dll injection][27/06/2025 17:24:54][WildStr][Code.exe]

[Throw dll injection][27/06/2025 17:24:54][WildStr][conhost.exe]

[Throw dll injection][27/06/2025 17:24:54][WildStr][Code.exe]

[Throw dll injection][27/06/2025 17:24:54][WildStr][powershell.exe]

[Throw dll injection][27/06/2025 17:24:54][WildStr][Code.exe]

[Throw dll injection][27/06/2025 17:24:54][WildStr][Code.exe]

[Throw dll injection][27/06/2025 17:24:54][WildStr][Code.exe]

[Throw dll injection][27/06/2025 17:24:54][WildStr][cpptools.exe]

[Throw dll injection][27/06/2025 17:24:54][WildStr][Code.exe]

[Throw dll injection][27/06/2025 17:24:54][WildStr][conhost.exe]

[Throw dll injection][27/06/2025 17:24:54][WildStr][Code.exe]

[Throw dll injection][27/06/2025 17:24:54][WildStr][Code.exe]

[Throw dll injection][27/06/2025 17:24:54][WildStr][cpptools.exe]

[Throw dll injection][27/06/2025 17:24:54][WildStr][cpptools-srv.exe]

[Throw dll injection][27/06/2025 17:24:54][WildStr][Code.exe]

[Throw dll injection][27/06/2025 17:24:54][WildStr][conhost.exe]

[Throw dll injection][27/06/2025 17:24:54][WildStr][Code.exe]

[Throw dll injection][27/06/2025 17:24:54][WildStr][svchost.exe]

[Throw dll injection][27/06/2025 17:24:54][WildStr][Code.exe]

[Throw dll injection][27/06/2025 17:24:54][WildStr][svchost.exe]

[Throw dll injection][27/06/2025 17:24:54][WildStr][cpptools.exe]

[Throw dll injection][27/06/2025 17:24:54][WildStr][Code.exe]

[Throw dll injection][27/06/2025 17:24:54][WildStr][conhost.exe]

[Throw dll injection][27/06/2025 17:24:54][WildStr][conhost.exe]

[Throw dll injection][27/06/2025 17:24:54][WildStr][Code.exe]

[Throw dll injection][27/06/2025 17:24:54][WildStr][powershell.exe]

[Throw dll injection][27/06/2025 17:24:54][WildStr][vctip.exe]
]

[Throw dll injection][27/06/2025 17:24:54][WildStr][cpptools-srv.exe]

[Throw dll injection][27/06/2025 17:24:54][WildStr][cpptools-srv.exe]

[Throw dll injection][27/06/2025 17:24:54][WildStr][conhost.exe]

[Throw dll injection][27/06/2025 17:24:54][WildStr][conhost.exe]

[Throw dll injection][27/06/2025 17:24:54][WildStr][svchost.exe]

[Throw dll injection][27/06/2025 17:24:54][WildStr][smartscreen.exe]

[Throw dll injection][27/06/2025 17:24:54][WildStr][svchost.exe]

[Throw dll injection][27/06/2025 17:24:54][WildStr][Taskmgr.exe]

[Throw dll injection][27/06/2025 17:24:54][WildStr][Code.exe]

[Throw dll injection][27/06/2025 17:24:54][WildStr][conhost.exe]

[Throw dll injection][27/06/2025 17:24:54][WildStr][conhost.exe]

[Throw dll injection][27/06/2025 17:24:54][WildStr][powershell.exe]

[Throw dll injection][27/06/2025 17:24:54][WildStr][vctip.exe]

[Throw dll injection][27/06/2025 17:24:54][WildStr][powershell.exe]

[Throw dll injection][27/06/2025 17:24:54][WildStr][cpptools-srv.exe]

[Throw dll injection][27/06/2025 17:24:54][WildStr][conhost.exe]

[Throw dll injection][27/06/2025 17:24:54][WildStr][svchost.exe]

[Throw dll injection][27/06/2025 17:24:54][WildStr][smartscreen.exe]

[Throw dll injection][27/06/2025 17:24:54][WildStr][Taskmgr.exe]

[Throw dll injection][27/06/2025 17:24:54][WildStr][conhost.exe]

[Throw dll injection][27/06/2025 17:24:54][WildStr][powershell.exe]

[Throw dll injection][27/06/2025 17:24:55][WildStr][System]

[Throw dll injection][27/06/2025 17:24:55][WildStr][Registry]

[Throw dll injection][27/06/2025 17:24:55][WildStr][Registry]

[Throw dll injection][27/06/2025 17:24:55][WildStr][smss.exe]

[Throw dll injection][27/06/2025 17:24:55][WildStr][smss.exe]

[Throw dll injection][27/06/2025 17:24:55][WildStr][csrss.exe]

[Throw dll injection][27/06/2025 17:24:55][WildStr][wininit.exe]

[Throw dll injection][27/06/2025 17:24:55][WildStr][csrss.exe]

[Throw dll injection][27/06/2025 17:24:55][WildStr][csrss.exe]

[Throw dll injection][27/06/2025 17:24:55][WildStr][winlogon.exe]

[Throw dll injection][27/06/2025 17:24:55][WildStr][winlogon.exe]

[Throw dll injection][27/06/2025 17:24:55][WildStr][services.exe]

[Throw dll injection][27/06/2025 17:24:55][WildStr][services.exe]

[Throw dll injection][27/06/2025 17:24:55][WildStr][lsass.exe]

[Throw dll injection][27/06/2025 17:24:55][WildStr][svchost.exe]

[Throw dll injection][27/06/2025 17:24:55][WildStr][fontdrvhost.exe]

[Throw dll injection][27/06/2025 17:24:55][WildStr][fontdrvhost.exe]

[Throw dll injection][27/06/2025 17:24:55][WildStr][fontdrvhost.exe]

[Throw dll injection][27/06/2025 17:24:55][WildStr][fontdrvhost.exe]

[Throw dll injection][27/06/2025 17:24:55][WildStr][svchost.exe]

[Throw dll injection][27/06/2025 17:24:55][WildStr][svchost.exe]

[Throw dll injection][27/06/2025 17:24:55][WildStr][svchost.exe]

[Throw dll injection][27/06/2025 17:24:55][WildStr][dwm.exe]

[Throw dll injection][27/06/2025 17:24:55][WildStr][svchost.exe]

[Throw dll injection][27/06/2025 17:24:55][WildStr][svchost.exe]

[Throw dll injection][27/06/2025 17:24:55][WildStr][svchost.exe]

[Throw dll injection][27/06/2025 17:24:55][WildStr][svchost.exe]

[Throw dll injection][27/06/2025 17:24:55][WildStr][svchost.exe]

[Throw dll injection][27/06/2025 17:24:55][WildStr][svchost.exe]

[Throw dll injection][27/06/2025 17:24:55][WildStr][svchost.exe]

[Throw dll injection][27/06/2025 17:24:55][WildStr][svchost.exe]

[Throw dll injection][27/06/2025 17:24:55][WildStr][svchost.exe]

[Throw dll injection][27/06/2025 17:24:55][WildStr][svchost.exe]

[Throw dll injection][27/06/2025 17:24:55][WildStr][svchost.exe]

[Throw dll injection][27/06/2025 17:24:55][WildStr][svchost.exe]

[Throw dll injection][27/06/2025 17:24:55][WildStr][svchost.exe]

[Throw dll injection][27/06/2025 17:24:55][WildStr][svchost.exe]

[Throw dll injection][27/06/2025 17:24:55][WildStr][svchost.exe]

[Throw dll injection][27/06/2025 17:24:55][WildStr][svchost.exe]

[Throw dll injection][27/06/2025 17:24:55][WildStr][svchost.exe]

[Throw dll injection][27/06/2025 17:24:55][WildStr][svchost.exe]

[Throw dll injection][27/06/2025 17:24:55][WildStr][svchost.exe]

[Throw dll injection][27/06/2025 17:24:55][WildStr][svchost.exe]

[Throw dll injection][27/06/2025 17:24:55][WildStr][svchost.exe]

[Throw dll injection][27/06/2025 17:24:55][WildStr][svchost.exe]

[Throw dll injection][27/06/2025 17:24:55][WildStr][svchost.exe]

[Throw dll injection][27/06/2025 17:24:55][WildStr][VBoxService.exe]

[Throw dll injection][27/06/2025 17:24:55][WildStr][VBoxService.exe]

[Throw dll injection][27/06/2025 17:24:55][WildStr][svchost.exe]

[Throw dll injection][27/06/2025 17:24:55][WildStr][svchost.exe]

[Throw dll injection][27/06/2025 17:24:55][WildStr][svchost.exe]

[Throw dll injection][27/06/2025 17:24:55][WildStr][svchost.exe]

[Throw dll injection][27/06/2025 17:24:55][WildStr][svchost.exe]

[Throw dll injection][27/06/2025 17:24:55][WildStr][svchost.exe]

[Throw dll injection][27/06/2025 17:24:55][WildStr][svchost.exe]

[Throw dll injection][27/06/2025 17:24:55][WildStr][svchost.exe]

[Throw dll injection][27/06/2025 17:24:55][WildStr][svchost.exe]

[Throw dll injection][27/06/2025 17:24:55][WildStr][svchost.exe]

[Throw dll injection][27/06/2025 17:24:55][WildStr][svchost.exe]

[Throw dll injection][27/06/2025 17:24:55][WildStr][svchost.exe]

[Throw dll injection][27/06/2025 17:24:55][WildStr][Memory Compression]

[Throw dll injection][27/06/2025 17:24:55][WildStr][Memory Compression]

[Throw dll injection][27/06/2025 17:24:55][WildStr][svchost.exe]

[Throw dll injection][27/06/2025 17:24:55][WildStr][svchost.exe]

[Throw dll injection][27/06/2025 17:24:55][WildStr][svchost.exe]

[Throw dll injection][27/06/2025 17:24:55][WildStr][svchost.exe]

[Throw dll injection][27/06/2025 17:24:55][WildStr][svchost.exe]

[Throw dll injection][27/06/2025 17:24:55][WildStr][svchost.exe]

[Throw dll injection][27/06/2025 17:24:55][WildStr][svchost.exe]

[Throw dll injection][27/06/2025 17:24:55][WildStr][svchost.exe]

[Throw dll injection][27/06/2025 17:24:55][WildStr][svchost.exe]

[Throw dll injection][27/06/2025 17:24:55][WildStr][svchost.exe]

[Throw dll injection][27/06/2025 17:24:55][WildStr][svchost.exe]

[Throw dll injection][27/06/2025 17:24:55][WildStr][svchost.exe]

[Throw dll injection][27/06/2025 17:24:55][WildStr][svchost.exe]

[Throw dll injection][27/06/2025 17:24:55][WildStr][svchost.exe]

[Throw dll injection][27/06/2025 17:24:55][WildStr][svchost.exe]

[Throw dll injection][27/06/2025 17:24:55][WildStr][svchost.exe]

[Throw dll injection][27/06/2025 17:24:55][WildStr][spoolsv.exe]

[Throw dll injection][27/06/2025 17:24:55][WildStr][spoolsv.exe]

[Throw dll injection][27/06/2025 17:24:55][WildStr][svchost.exe]

[Throw dll injection][27/06/2025 17:24:55][WildStr][svchost.exe]

[Throw dll injection][27/06/2025 17:24:55][WildStr][svchost.exe]

[Throw dll injection][27/06/2025 17:24:55][WildStr][svchost.exe]

[Throw dll injection][27/06/2025 17:24:55][WildStr][svchost.exe]

[Throw dll injection][27/06/2025 17:24:55][WildStr][svchost.exe]

[Throw dll injection][27/06/2025 17:24:55][WildStr][svchost.exe]

[Throw dll injection][27/06/2025 17:24:55][WildStr][svchost.exe]

[Throw dll injection][27/06/2025 17:24:55][WildStr][ssh-agent.exe]

[Throw dll injection][27/06/2025 17:24:55][WildStr][ssh-agent.exe]

[Throw dll injection][27/06/2025 17:24:55][WildStr][sshd.exe]

[Throw dll injection][27/06/2025 17:24:55][WildStr][sshd.exe]

[Throw dll injection][27/06/2025 17:24:55][WildStr][svchost.exe]

[Throw dll injection][27/06/2025 17:24:55][WildStr][svchost.exe]

[Throw dll injection][27/06/2025 17:24:55][WildStr][svchost.exe]

[Throw dll injection][27/06/2025 17:24:55][WildStr][svchost.exe]

[Throw dll injection][27/06/2025 17:24:55][WildStr][svchost.exe]

[Throw dll injection][27/06/2025 17:24:55][WildStr][svchost.exe]

[Throw dll injection][27/06/2025 17:24:55][WildStr][svchost.exe]

[Throw dll injection][27/06/2025 17:24:55][WildStr][svchost.exe]

[Throw dll injection][27/06/2025 17:24:55][WildStr][svchost.exe]

[Throw dll injection][27/06/2025 17:24:55][WildStr][svchost.exe]

[Throw dll injection][27/06/2025 17:24:55][WildStr][svchost.exe]

[Throw dll injection][27/06/2025 17:24:55][WildStr][svchost.exe]

[Throw dll injection][27/06/2025 17:24:55][WildStr][svchost.exe]

[Throw dll injection][27/06/2025 17:24:55][WildStr][svchost.exe]

[Throw dll injection][27/06/2025 17:24:55][WildStr][svchost.exe]

[Throw dll injection][27/06/2025 17:24:55][WildStr][svchost.exe]

[Throw dll injection][27/06/2025 17:24:55][WildStr][svchost.exe]

[Throw dll injection][27/06/2025 17:24:55][WildStr][svchost.exe]

[Throw dll injection][27/06/2025 17:24:55][WildStr][MpDefenderCoreService.exe]

[Throw dll injection][27/06/2025 17:24:55][WildStr][MpDefenderCoreService.exe]

[Throw dll injection][27/06/2025 17:24:55][WildStr][MsMpEng.exe]

[Throw dll injection][27/06/2025 17:24:55][WildStr][MsMpEng.exe]

[Throw dll injection][27/06/2025 17:24:55][WildStr][SearchIndexer.exe]

[Throw dll injection][27/06/2025 17:24:55][WildStr][SearchIndexer.exe]

[Throw dll injection][27/06/2025 17:24:55][WildStr][AggregatorHost.exe]

[Throw dll injection][27/06/2025 17:24:55][WildStr][AggregatorHost.exe]

[Throw dll injection][27/06/2025 17:24:55][WildStr][dllhost.exe]

[Throw dll injection][27/06/2025 17:24:55][WildStr][dllhost.exe]

[Throw dll injection][27/06/2025 17:24:55][WildStr][svchost.exe]

[Throw dll injection][27/06/2025 17:24:55][WildStr][svchost.exe]

[Throw dll injection][27/06/2025 17:24:55][WildStr][NisSrv.exe]

[Throw dll injection][27/06/2025 17:24:55][WildStr][NisSrv.exe]

[Throw dll injection][27/06/2025 17:24:55][WildStr][sihost.exe]

[Throw dll injection][27/06/2025 17:24:55][WildStr][sihost.exe]

[Throw dll injection][27/06/2025 17:24:55][WildStr][svchost.exe]

[Throw dll injection][27/06/2025 17:24:55][WildStr][svchost.exe]

[Throw dll injection][27/06/2025 17:24:55][WildStr][svchost.exe]

[Throw dll injection][27/06/2025 17:24:55][WildStr][svchost.exe]

[Throw dll injection][27/06/2025 17:24:55][WildStr][taskhostw.exe]

[Throw dll injection][27/06/2025 17:24:55][WildStr][taskhostw.exe]

[Throw dll injection][27/06/2025 17:24:55][WildStr][MicrosoftEdgeUpdate.exe]

[Throw dll injection][27/06/2025 17:24:55][WildStr][MicrosoftEdgeUpdate.exe]

[Throw dll injection][27/06/2025 17:24:55][WildStr][svchost.exe]

[Throw dll injection][27/06/2025 17:24:55][WildStr][svchost.exe]

[Throw dll injection][27/06/2025 17:24:55][WildStr][ctfmon.exe]

[Throw dll injection][27/06/2025 17:24:55][WildStr][ctfmon.exe]

[Throw dll injection][27/06/2025 17:24:55][WildStr][svchost.exe]

[Throw dll injection][27/06/2025 17:24:55][WildStr][svchost.exe]

[Throw dll injection][27/06/2025 17:24:55][WildStr][svchost.exe]

[Throw dll injection][27/06/2025 17:24:55][WildStr][svchost.exe]

[Throw dll injection][27/06/2025 17:24:55][WildStr][explorer.exe]

[Throw dll injection][27/06/2025 17:24:55][WildStr][explorer.exe]

[Throw dll injection][27/06/2025 17:24:55][WildStr][svchost.exe]

[Throw dll injection][27/06/2025 17:24:55][WildStr][svchost.exe]

[Throw dll injection][27/06/2025 17:24:55][WildStr][StartMenuExperienceHost.exe]

[Throw dll injection][27/06/2025 17:24:55][WildStr][StartMenuExperienceHost.exe]

[Throw dll injection][27/06/2025 17:24:55][WildStr][RuntimeBroker.exe]

[Throw dll injection][27/06/2025 17:24:55][WildStr][SearchApp.exe]

[Throw dll injection][27/06/2025 17:24:55][WildStr][RuntimeBroker.exe]

[Throw dll injection][27/06/2025 17:24:55][WildStr][svchost.exe]

[Throw dll injection][27/06/2025 17:24:55][WildStr][SearchApp.exe]

[Throw dll injection][27/06/2025 17:24:55][WildStr][RuntimeBroker.exe]

[Throw dll injection][27/06/2025 17:24:55][WildStr][svchost.exe]

[Throw dll injection][27/06/2025 17:24:55][WildStr][RuntimeBroker.exe]

[Throw dll injection][27/06/2025 17:24:55][WildStr][RuntimeBroker.exe]

[Throw dll injection][27/06/2025 17:24:55][WildStr][svchost.exe]

[Throw dll injection][27/06/2025 17:24:55][WildStr][RuntimeBroker.exe]

[Throw dll injection][27/06/2025 17:24:55][WildStr][SecurityHealthSystray.exe]

[Throw dll injection][27/06/2025 17:24:55][WildStr][svchost.exe]

[Throw dll injection][27/06/2025 17:24:55][WildStr][SecurityHealthService.exe]

[Throw dll injection][27/06/2025 17:24:55][WildStr][SecurityHealthSystray.exe]

[Throw dll injection][27/06/2025 17:24:55][WildStr][VBoxTray.exe]

[Throw dll injection][27/06/2025 17:24:55][WildStr][SecurityHealthService.exe]

[Throw dll injection][27/06/2025 17:24:55][WildStr][OneDrive.exe]

[Throw dll injection][27/06/2025 17:24:55][WildStr][VBoxTray.exe]

[Throw dll injection][27/06/2025 17:24:55][WildStr][svchost.exe]

[Throw dll injection][27/06/2025 17:24:55][WildStr][OneDrive.exe]

[Throw dll injection][27/06/2025 17:24:55][WildStr][svchost.exe]

[Throw dll injection][27/06/2025 17:24:55][WildStr][svchost.exe]

[Throw dll injection][27/06/2025 17:24:55][WildStr][svchost.exe]

[Throw dll injection][27/06/2025 17:24:55][WildStr][svchost.exe]

[Throw dll injection][27/06/2025 17:24:55][WildStr][svchost.exe]

[Throw dll injection][27/06/2025 17:24:55][WildStr][svchost.exe]

[Throw dll injection][27/06/2025 17:24:55][WildStr][svchost.exe]

[Throw dll injection][27/06/2025 17:24:55][WildStr][svchost.exe]

[Throw dll injection][27/06/2025 17:24:55][WildStr][svchost.exe]

[Throw dll injection][27/06/2025 17:24:55][WildStr][TextInputHost.exe]

[Throw dll injection][27/06/2025 17:24:55][WildStr][svchost.exe]

[Throw dll injection][27/06/2025 17:24:55][WildStr][ApplicationFrameHost.exe]

[Throw dll injection][27/06/2025 17:24:55][WildStr][TextInputHost.exe]

[Throw dll injection][27/06/2025 17:24:55][WildStr][SystemSettings.exe]

[Throw dll injection][27/06/2025 17:24:55][WildStr][ApplicationFrameHost.exe]

[Throw dll injection][27/06/2025 17:24:55][WildStr][UserOOBEBroker.exe]

[Throw dll injection][27/06/2025 17:24:55][WildStr][SystemSettings.exe]

[Throw dll injection][27/06/2025 17:24:55][WildStr][SearchApp.exe]

[Throw dll injection][27/06/2025 17:24:55][WildStr][UserOOBEBroker.exe]

[Throw dll injection][27/06/2025 17:24:55][WildStr][msedgewebview2.exe]

[Throw dll injection][27/06/2025 17:24:55][WildStr][SearchApp.exe]

[Throw dll injection][27/06/2025 17:24:55][WildStr][msedgewebview2.exe]

[Throw dll injection][27/06/2025 17:24:55][WildStr][msedgewebview2.exe]

[Throw dll injection][27/06/2025 17:24:55][WildStr][msedgewebview2.exe]

[Throw dll injection][27/06/2025 17:24:55][WildStr][msedgewebview2.exe]

[Throw dll injection][27/06/2025 17:24:55][WildStr][msedgewebview2.exe]

[Throw dll injection][27/06/2025 17:24:55][WildStr][msedgewebview2.exe]

[Throw dll injection][27/06/2025 17:24:55][WildStr][msedgewebview2.exe]

[Throw dll injection][27/06/2025 17:24:55][WildStr][msedgewebview2.exe]

[Throw dll injection][27/06/2025 17:24:55][WildStr][msedgewebview2.exe]

[Throw dll injection][27/06/2025 17:24:55][WildStr][msedgewebview2.exe]

[Throw dll injection][27/06/2025 17:24:55][WildStr][FileCoAuth.exe]

[Throw dll injection][27/06/2025 17:24:55][WildStr][msedgewebview2.exe]

[Throw dll injection][27/06/2025 17:24:55][WildStr][svchost.exe]

[Throw dll injection][27/06/2025 17:24:55][WildStr][FileCoAuth.exe]

[Throw dll injection][27/06/2025 17:24:55][WildStr][msedge.exe]

[Throw dll injection][27/06/2025 17:24:55][WildStr][svchost.exe]

[Throw dll injection][27/06/2025 17:24:55][WildStr][msedge.exe]

[Throw dll injection][27/06/2025 17:24:55][WildStr][msedge.exe]

[Throw dll injection][27/06/2025 17:24:55][WildStr][msedge.exe]

[Throw dll injection][27/06/2025 17:24:55][WildStr][msedge.exe]

[Throw dll injection][27/06/2025 17:24:55][WildStr][msedge.exe]

[Throw dll injection][27/06/2025 17:24:55][WildStr][msedge.exe]

[Throw dll injection][27/06/2025 17:24:55][WildStr][msedge.exe]

[Throw dll injection][27/06/2025 17:24:55][WildStr][msedge.exe]

[Throw dll injection][27/06/2025 17:24:55][WildStr][svchost.exe]

[Throw dll injection][27/06/2025 17:24:55][WildStr][msedge.exe]

[Throw dll injection][27/06/2025 17:24:55][WildStr][svchost.exe]

[Throw dll injection][27/06/2025 17:24:55][WildStr][svchost.exe]

[Throw dll injection][27/06/2025 17:24:55][WildStr][svchost.exe]

[Throw dll injection][27/06/2025 17:24:55][WildStr][svchost.exe]

[Throw dll injection][27/06/2025 17:24:55][WildStr][dllhost.exe]

[Throw dll injection][27/06/2025 17:24:55][WildStr][svchost.exe]

[Throw dll injection][27/06/2025 17:24:55][WildStr][ShellExperienceHost.exe]

[Throw dll injection][27/06/2025 17:24:55][WildStr][dllhost.exe]

[Throw dll injection][27/06/2025 17:24:55][WildStr][RuntimeBroker.exe]

[Throw dll injection][27/06/2025 17:24:55][WildStr][ShellExperienceHost.exe]

[Throw dll injection][27/06/2025 17:24:55][WildStr][powershell.exe]

[Throw dll injection][27/06/2025 17:24:55][WildStr][RuntimeBroker.exe]

[Throw dll injection][27/06/2025 17:24:55][WildStr][conhost.exe]

[Throw dll injection][27/06/2025 17:24:55][WildStr][powershell.exe]

[Throw dll injection][27/06/2025 17:24:55][WildStr][cmd.exe]

[Throw dll injection][27/06/2025 17:24:55][WildStr][conhost.exe]

[Throw dll injection][27/06/2025 17:24:55][WildStr][conhost.exe]

[Throw dll injection][27/06/2025 17:24:55][WildStr][cmd.exe]

[Throw dll injection][27/06/2025 17:24:55][WildStr][powershell.exe]

[Throw dll injection][27/06/2025 17:24:55][WildStr][conhost.exe]

[Throw dll injection][27/06/2025 17:24:55][WildStr][Code.exe]

[Throw dll injection][27/06/2025 17:24:55][WildStr][powershell.exe]

[Throw dll injection][27/06/2025 17:24:55][WildStr][Code.exe]

[Throw dll injection][27/06/2025 17:24:55][WildStr][Code.exe]

[Throw dll injection][27/06/2025 17:24:55][WildStr][Code.exe]

[Throw dll injection][27/06/2025 17:24:55][WildStr][Code.exe]

[Throw dll injection][27/06/2025 17:24:55][WildStr][Code.exe]

[Throw dll injection][27/06/2025 17:24:55][WildStr][Code.exe]

[Throw dll injection][27/06/2025 17:24:55][WildStr][Code.exe]

[Throw dll injection][27/06/2025 17:24:55][WildStr][Code.exe]

[Throw dll injection][27/06/2025 17:24:55][WildStr][Code.exe]

[Throw dll injection][27/06/2025 17:24:55][WildStr][Code.exe]

[Throw dll injection][27/06/2025 17:24:55][WildStr][Code.exe]

[Throw dll injection][27/06/2025 17:24:55][WildStr][Code.exe]

[Throw dll injection][27/06/2025 17:24:55][WildStr][cpptools.exe]

[Throw dll injection][27/06/2025 17:24:55][WildStr][Code.exe]

[Throw dll injection][27/06/2025 17:24:55][WildStr][conhost.exe]

[Throw dll injection][27/06/2025 17:24:55][WildStr][Code.exe]
e]

[Throw dll injection][27/06/2025 17:24:55][WildStr][conhost.exe]

[Throw dll injection][27/06/2025 17:24:55][WildStr][cpptools.exe]

[Throw dll injection][27/06/2025 17:24:55][WildStr][Code.exe]

[Throw dll injection][27/06/2025 17:24:55][WildStr][cpptools-srv.exe]

[Throw dll injection][27/06/2025 17:24:55][WildStr][cpptools.exe]

[Throw dll injection][27/06/2025 17:24:55][WildStr][conhost.exe]

[Throw dll injection][27/06/2025 17:24:55][WildStr][cpptools-srv.exe]

[Throw dll injection][27/06/2025 17:24:55][WildStr][svchost.exe]

[Throw dll injection][27/06/2025 17:24:55][WildStr][conhost.exe]

[Throw dll injection][27/06/2025 17:24:55][WildStr][svchost.exe]

[Throw dll injection][27/06/2025 17:24:55][WildStr][svchost.exe]

[Throw dll injection][27/06/2025 17:24:55][WildStr][Code.exe]

[Throw dll injection][27/06/2025 17:24:55][WildStr][svchost.exe]

[Throw dll injection][27/06/2025 17:24:55][WildStr][conhost.exe]

[Throw dll injection][27/06/2025 17:24:55][WildStr][Code.exe]

[Throw dll injection][27/06/2025 17:24:55][WildStr][powershell.exe]

[Throw dll injection][27/06/2025 17:24:55][WildStr][conhost.exe]

[Throw dll injection][27/06/2025 17:24:55][WildStr][vctip.exe]

[Throw dll injection][27/06/2025 17:24:55][WildStr][cpptools-srv.exe]

[Throw dll injection][27/06/2025 17:24:55][WildStr][vctip.exe]

[Throw dll injection][27/06/2025 17:24:55][WildStr][conhost.exe]

[Throw dll injection][27/06/2025 17:24:55][WildStr][cpptools-srv.exe]

[Throw dll injection][27/06/2025 17:24:55][WildStr][svchost.exe]

[Throw dll injection][27/06/2025 17:24:55][WildStr][smartscreen.exe]

[Throw dll injection][27/06/2025 17:24:55][WildStr][svchost.exe]

[Throw dll injection][27/06/2025 17:24:55][WildStr][Taskmgr.exe]

[Throw dll injection][27/06/2025 17:24:55][WildStr][conhost.exe]
e]

[Throw dll injection][27/06/2025 17:24:55][WildStr][Taskmgr.exe]

[Throw dll injection][27/06/2025 17:24:55][WildStr][powershell.exe]

[Throw dll injection][27/06/2025 17:24:55][WildStr][conhost.exe]

[Throw dll injection][27/06/2025 17:24:55][WildStr][powershell.exe]

[Throw dll injection][27/06/2025 17:24:56][WildStr][System]

[Throw dll injection][27/06/2025 17:24:56][WildStr][Registry]

[Throw dll injection][27/06/2025 17:24:56][WildStr][Registry]

[Throw dll injection][27/06/2025 17:24:56][WildStr][smss.exe]

[Throw dll injection][27/06/2025 17:24:56][WildStr][smss.exe]

[Throw dll injection][27/06/2025 17:24:56][WildStr][csrss.exe]

[Throw dll injection][27/06/2025 17:24:56][WildStr][csrss.exe]

[Throw dll injection][27/06/2025 17:24:56][WildStr][wininit.exe]

[Throw dll injection][27/06/2025 17:24:56][WildStr][wininit.exe]

[Throw dll injection][27/06/2025 17:24:56][WildStr][csrss.exe]

[Throw dll injection][27/06/2025 17:24:56][WildStr][winlogon.exe]

[Throw dll injection][27/06/2025 17:24:56][WildStr][services.exe]

[Throw dll injection][27/06/2025 17:24:56][WildStr][services.exe]

[Throw dll injection][27/06/2025 17:24:56][WildStr][lsass.exe]

[Throw dll injection][27/06/2025 17:24:56][WildStr][lsass.exe]

[Throw dll injection][27/06/2025 17:24:56][WildStr][svchost.exe]

[Throw dll injection][27/06/2025 17:24:56][WildStr][svchost.exe]

[Throw dll injection][27/06/2025 17:24:56][WildStr][fontdrvhost.exe]

[Throw dll injection][27/06/2025 17:24:56][WildStr][fontdrvhost.exe]

[Throw dll injection][27/06/2025 17:24:56][WildStr][fontdrvhost.exe]

[Throw dll injection][27/06/2025 17:24:56][WildStr][fontdrvhost.exe]

[Throw dll injection][27/06/2025 17:24:56][WildStr][svchost.exe]

[Throw dll injection][27/06/2025 17:24:56][WildStr][svchost.exe]

[Throw dll injection][27/06/2025 17:24:56][WildStr][svchost.exe]

[Throw dll injection][27/06/2025 17:24:56][WildStr][svchost.exe]

[Throw dll injection][27/06/2025 17:24:56][WildStr][dwm.exe]

[Throw dll injection][27/06/2025 17:24:56][WildStr][dwm.exe]

[Throw dll injection][27/06/2025 17:24:56][WildStr][svchost.exe]

[Throw dll injection][27/06/2025 17:24:56][WildStr][svchost.exe]

[Throw dll injection][27/06/2025 17:24:56][WildStr][svchost.exe]

[Throw dll injection][27/06/2025 17:24:56][WildStr][svchost.exe]

[Throw dll injection][27/06/2025 17:24:56][WildStr][svchost.exe]

[Throw dll injection][27/06/2025 17:24:56][WildStr][svchost.exe]

[Throw dll injection][27/06/2025 17:24:56][WildStr][svchost.exe]

[Throw dll injection][27/06/2025 17:24:56][WildStr][svchost.exe]

[Throw dll injection][27/06/2025 17:24:56][WildStr][svchost.exe]

[Throw dll injection][27/06/2025 17:24:56][WildStr][svchost.exe]

[Throw dll injection][27/06/2025 17:24:56][WildStr][svchost.exe]

[Throw dll injection][27/06/2025 17:24:56][WildStr][svchost.exe]

[Throw dll injection][27/06/2025 17:24:56][WildStr][svchost.exe]

[Throw dll injection][27/06/2025 17:24:56][WildStr][svchost.exe]

[Throw dll injection][27/06/2025 17:24:56][WildStr][svchost.exe]

[Throw dll injection][27/06/2025 17:24:56][WildStr][svchost.exe]

[Throw dll injection][27/06/2025 17:24:56][WildStr][svchost.exe]

[Throw dll injection][27/06/2025 17:24:56][WildStr][svchost.exe]

[Throw dll injection][27/06/2025 17:24:56][WildStr][svchost.exe]

[Throw dll injection][27/06/2025 17:24:56][WildStr][svchost.exe]

[Throw dll injection][27/06/2025 17:24:56][WildStr][svchost.exe]

[Throw dll injection][27/06/2025 17:24:56][WildStr][svchost.exe]

[Throw dll injection][27/06/2025 17:24:56][WildStr][svchost.exe]

[Throw dll injection][27/06/2025 17:24:56][WildStr][svchost.exe]

[Throw dll injection][27/06/2025 17:24:56][WildStr][svchost.exe]

[Throw dll injection][27/06/2025 17:24:56][WildStr][VBoxService.exe]

[Throw dll injection][27/06/2025 17:24:56][WildStr][VBoxService.exe]

[Throw dll injection][27/06/2025 17:24:56][WildStr][svchost.exe]

[Throw dll injection][27/06/2025 17:24:56][WildStr][svchost.exe]

[Throw dll injection][27/06/2025 17:24:56][WildStr][svchost.exe]

[Throw dll injection][27/06/2025 17:24:56][WildStr][svchost.exe]

[Throw dll injection][27/06/2025 17:24:56][WildStr][svchost.exe]

[Throw dll injection][27/06/2025 17:24:56][WildStr][svchost.exe]

[Throw dll injection][27/06/2025 17:24:56][WildStr][svchost.exe]

[Throw dll injection][27/06/2025 17:24:56][WildStr][svchost.exe]

[Throw dll injection][27/06/2025 17:24:56][WildStr][svchost.exe]

[Throw dll injection][27/06/2025 17:24:56][WildStr][svchost.exe]

[Throw dll injection][27/06/2025 17:24:56][WildStr][Memory Compression]

[Throw dll injection][27/06/2025 17:24:56][WildStr][Memory Compression]

[Throw dll injection][27/06/2025 17:24:56][WildStr][svchost.exe]

[Throw dll injection][27/06/2025 17:24:56][WildStr][svchost.exe]

[Throw dll injection][27/06/2025 17:24:56][WildStr][svchost.exe]

[Throw dll injection][27/06/2025 17:24:56][WildStr][svchost.exe]

[Throw dll injection][27/06/2025 17:24:56][WildStr][svchost.exe]

[Throw dll injection][27/06/2025 17:24:56][WildStr][svchost.exe]

[Throw dll injection][27/06/2025 17:24:56][WildStr][svchost.exe]

[Throw dll injection][27/06/2025 17:24:56][WildStr][svchost.exe]

[Throw dll injection][27/06/2025 17:24:56][WildStr][svchost.exe]

[Throw dll injection][27/06/2025 17:24:56][WildStr][svchost.exe]

[Throw dll injection][27/06/2025 17:24:56][WildStr][svchost.exe]

[Throw dll injection][27/06/2025 17:24:56][WildStr][svchost.exe]

[Throw dll injection][27/06/2025 17:24:56][WildStr][svchost.exe]

[Throw dll injection][27/06/2025 17:24:56][WildStr][svchost.exe]

[Throw dll injection][27/06/2025 17:24:56][WildStr][svchost.exe]

[Throw dll injection][27/06/2025 17:24:56][WildStr][spoolsv.exe]

[Throw dll injection][27/06/2025 17:24:56][WildStr][spoolsv.exe]

[Throw dll injection][27/06/2025 17:24:56][WildStr][svchost.exe]

[Throw dll injection][27/06/2025 17:24:56][WildStr][svchost.exe]

[Throw dll injection][27/06/2025 17:24:56][WildStr][svchost.exe]

[Throw dll injection][27/06/2025 17:24:56][WildStr][svchost.exe]

[Throw dll injection][27/06/2025 17:24:56][WildStr][svchost.exe]

[Throw dll injection][27/06/2025 17:24:56][WildStr][svchost.exe]

[Throw dll injection][27/06/2025 17:24:56][WildStr][svchost.exe]

[Throw dll injection][27/06/2025 17:24:56][WildStr][svchost.exe]

[Throw dll injection][27/06/2025 17:24:56][WildStr][ssh-agent.exe]

[Throw dll injection][27/06/2025 17:24:56][WildStr][ssh-agent.exe]

[Throw dll injection][27/06/2025 17:24:56][WildStr][sshd.exe]

[Throw dll injection][27/06/2025 17:24:56][WildStr][sshd.exe]

[Throw dll injection][27/06/2025 17:24:56][WildStr][svchost.exe]

[Throw dll injection][27/06/2025 17:24:56][WildStr][svchost.exe]

[Throw dll injection][27/06/2025 17:24:56][WildStr][svchost.exe]

[Throw dll injection][27/06/2025 17:24:56][WildStr][svchost.exe]

[Throw dll injection][27/06/2025 17:24:56][WildStr][svchost.exe]

[Throw dll injection][27/06/2025 17:24:56][WildStr][svchost.exe]

[Throw dll injection][27/06/2025 17:24:56][WildStr][svchost.exe]

[Throw dll injection][27/06/2025 17:24:56][WildStr][svchost.exe]

[Throw dll injection][27/06/2025 17:24:56][WildStr][svchost.exe]

[Throw dll injection][27/06/2025 17:24:56][WildStr][svchost.exe]

[Throw dll injection][27/06/2025 17:24:56][WildStr][svchost.exe]

[Throw dll injection][27/06/2025 17:24:56][WildStr][svchost.exe]

[Throw dll injection][27/06/2025 17:24:56][WildStr][svchost.exe]

[Throw dll injection][27/06/2025 17:24:56][WildStr][svchost.exe]

[Throw dll injection][27/06/2025 17:24:56][WildStr][svchost.exe]

[Throw dll injection][27/06/2025 17:24:56][WildStr][svchost.exe]

[Throw dll injection][27/06/2025 17:24:56][WildStr][svchost.exe]

[Throw dll injection][27/06/2025 17:24:56][WildStr][svchost.exe]

[Throw dll injection][27/06/2025 17:24:56][WildStr][MpDefenderCoreService.exe]

[Throw dll injection][27/06/2025 17:24:56][WildStr][MpDefenderCoreService.exe]

[Throw dll injection][27/06/2025 17:24:56][WildStr][MsMpEng.exe]

[Throw dll injection][27/06/2025 17:24:56][WildStr][MsMpEng.exe]

[Throw dll injection][27/06/2025 17:24:56][WildStr][SearchIndexer.exe]

[Throw dll injection][27/06/2025 17:24:56][WildStr][SearchIndexer.exe]

[Throw dll injection][27/06/2025 17:24:56][WildStr][AggregatorHost.exe]

[Throw dll injection][27/06/2025 17:24:56][WildStr][AggregatorHost.exe]

[Throw dll injection][27/06/2025 17:24:56][WildStr][dllhost.exe]

[Throw dll injection][27/06/2025 17:24:56][WildStr][dllhost.exe]

[Throw dll injection][27/06/2025 17:24:56][WildStr][svchost.exe]

[Throw dll injection][27/06/2025 17:24:56][WildStr][svchost.exe]

[Throw dll injection][27/06/2025 17:24:56][WildStr][NisSrv.exe]

[Throw dll injection][27/06/2025 17:24:56][WildStr][NisSrv.exe]

[Throw dll injection][27/06/2025 17:24:56][WildStr][sihost.exe]

[Throw dll injection][27/06/2025 17:24:56][WildStr][sihost.exe]

[Throw dll injection][27/06/2025 17:24:56][WildStr][svchost.exe]

[Throw dll injection][27/06/2025 17:24:56][WildStr][svchost.exe]

[Throw dll injection][27/06/2025 17:24:56][WildStr][svchost.exe]

[Throw dll injection][27/06/2025 17:24:56][WildStr][svchost.exe]

[Throw dll injection][27/06/2025 17:24:56][WildStr][taskhostw.exe]

[Throw dll injection][27/06/2025 17:24:56][WildStr][taskhostw.exe]

[Throw dll injection][27/06/2025 17:24:56][WildStr][MicrosoftEdgeUpdate.exe]

[Throw dll injection][27/06/2025 17:24:56][WildStr][MicrosoftEdgeUpdate.exe]

[Throw dll injection][27/06/2025 17:24:56][WildStr][svchost.exe]

[Throw dll injection][27/06/2025 17:24:56][WildStr][svchost.exe]

[Throw dll injection][27/06/2025 17:24:56][WildStr][ctfmon.exe]

[Throw dll injection][27/06/2025 17:24:56][WildStr][ctfmon.exe]

[Throw dll injection][27/06/2025 17:24:56][WildStr][svchost.exe]

[Throw dll injection][27/06/2025 17:24:56][WildStr][svchost.exe]

[Throw dll injection][27/06/2025 17:24:56][WildStr][svchost.exe]

[Throw dll injection][27/06/2025 17:24:56][WildStr][explorer.exe]

[Throw dll injection][27/06/2025 17:24:56][WildStr][svchost.exe]

[Throw dll injection][27/06/2025 17:24:56][WildStr][svchost.exe]

[Throw dll injection][27/06/2025 17:24:56][WildStr][StartMenuExperienceHost.exe]

[Throw dll injection][27/06/2025 17:24:56][WildStr][StartMenuExperienceHost.exe]

[Throw dll injection][27/06/2025 17:24:56][WildStr][RuntimeBroker.exe]

[Throw dll injection][27/06/2025 17:24:56][WildStr][RuntimeBroker.exe]

[Throw dll injection][27/06/2025 17:24:56][WildStr][SearchApp.exe]

[Throw dll injection][27/06/2025 17:24:56][WildStr][SearchApp.exe]

[Throw dll injection][27/06/2025 17:24:56][WildStr][svchost.exe]

[Throw dll injection][27/06/2025 17:24:56][WildStr][svchost.exe]

[Throw dll injection][27/06/2025 17:24:56][WildStr][RuntimeBroker.exe]

[Throw dll injection][27/06/2025 17:24:56][WildStr][RuntimeBroker.exe]

[Throw dll injection][27/06/2025 17:24:56][WildStr][RuntimeBroker.exe]

[Throw dll injection][27/06/2025 17:24:56][WildStr][svchost.exe]

[Throw dll injection][27/06/2025 17:24:56][WildStr][svchost.exe]

[Throw dll injection][27/06/2025 17:24:56][WildStr][SecurityHealthSystray.exe]

[Throw dll injection][27/06/2025 17:24:56][WildStr][SecurityHealthService.exe]

[Throw dll injection][27/06/2025 17:24:56][WildStr][SecurityHealthService.exe]

[Throw dll injection][27/06/2025 17:24:56][WildStr][VBoxTray.exe]

[Throw dll injection][27/06/2025 17:24:56][WildStr][OneDrive.exe]

[Throw dll injection][27/06/2025 17:24:56][WildStr][OneDrive.exe]

[Throw dll injection][27/06/2025 17:24:56][WildStr][svchost.exe]

[Throw dll injection][27/06/2025 17:24:56][WildStr][svchost.exe]

[Throw dll injection][27/06/2025 17:24:56][WildStr][svchost.exe]

[Throw dll injection][27/06/2025 17:24:56][WildStr][svchost.exe]

[Throw dll injection][27/06/2025 17:24:56][WildStr][svchost.exe]

[Throw dll injection][27/06/2025 17:24:56][WildStr][svchost.exe]

[Throw dll injection][27/06/2025 17:24:56][WildStr][svchost.exe]

[Throw dll injection][27/06/2025 17:24:56][WildStr][svchost.exe]

[Throw dll injection][27/06/2025 17:24:56][WildStr][svchost.exe]

[Throw dll injection][27/06/2025 17:24:56][WildStr][svchost.exe]

[Throw dll injection][27/06/2025 17:24:56][WildStr][svchost.exe]

[Throw dll injection][27/06/2025 17:24:56][WildStr][TextInputHost.exe]

[Throw dll injection][27/06/2025 17:24:56][WildStr][TextInputHost.exe]

[Throw dll injection][27/06/2025 17:24:56][WildStr][ApplicationFrameHost.exe]

[Throw dll injection][27/06/2025 17:24:56][WildStr][ApplicationFrameHost.exe]

[Throw dll injection][27/06/2025 17:24:56][WildStr][SystemSettings.exe]

[Throw dll injection][27/06/2025 17:24:56][WildStr][SystemSettings.exe]

[Throw dll injection][27/06/2025 17:24:56][WildStr][UserOOBEBroker.exe]

[Throw dll injection][27/06/2025 17:24:56][WildStr][UserOOBEBroker.exe]

[Throw dll injection][27/06/2025 17:24:56][WildStr][SearchApp.exe]

[Throw dll injection][27/06/2025 17:24:56][WildStr][SearchApp.exe]

[Throw dll injection][27/06/2025 17:24:56][WildStr][msedgewebview2.exe]

[Throw dll injection][27/06/2025 17:24:56][WildStr][msedgewebview2.exe]

[Throw dll injection][27/06/2025 17:24:56][WildStr][msedgewebview2.exe]

[Throw dll injection][27/06/2025 17:24:56][WildStr][msedgewebview2.exe]

[Throw dll injection][27/06/2025 17:24:56][WildStr][msedgewebview2.exe]

[Throw dll injection][27/06/2025 17:24:56][WildStr][msedgewebview2.exe]

[Throw dll injection][27/06/2025 17:24:56][WildStr][msedgewebview2.exe]

[Throw dll injection][27/06/2025 17:24:56][WildStr][msedgewebview2.exe]

[Throw dll injection][27/06/2025 17:24:56][WildStr][msedgewebview2.exe]

[Throw dll injection][27/06/2025 17:24:56][WildStr][msedgewebview2.exe]

[Throw dll injection][27/06/2025 17:24:56][WildStr][msedgewebview2.exe]

[Throw dll injection][27/06/2025 17:24:56][WildStr][msedgewebview2.exe]

[Throw dll injection][27/06/2025 17:24:56][WildStr][FileCoAuth.exe]

[Throw dll injection][27/06/2025 17:24:56][WildStr][FileCoAuth.exe]

[Throw dll injection][27/06/2025 17:24:56][WildStr][svchost.exe]

[Throw dll injection][27/06/2025 17:24:56][WildStr][svchost.exe]

[Throw dll injection][27/06/2025 17:24:56][WildStr][msedge.exe]

[Throw dll injection][27/06/2025 17:24:56][WildStr][msedge.exe]

[Throw dll injection][27/06/2025 17:24:56][WildStr][msedge.exe]

[Throw dll injection][27/06/2025 17:24:56][WildStr][msedge.exe]

[Throw dll injection][27/06/2025 17:24:56][WildStr][msedge.exe]

[Throw dll injection][27/06/2025 17:24:56][WildStr][msedge.exe]

[Throw dll injection][27/06/2025 17:24:56][WildStr][msedge.exe]

[Throw dll injection][27/06/2025 17:24:56][WildStr][msedge.exe]

[Throw dll injection][27/06/2025 17:24:56][WildStr][msedge.exe]

[Throw dll injection][27/06/2025 17:24:56][WildStr][msedge.exe]

[Throw dll injection][27/06/2025 17:24:56][WildStr][svchost.exe]

[Throw dll injection][27/06/2025 17:24:56][WildStr][svchost.exe]

[Throw dll injection][27/06/2025 17:24:56][WildStr][svchost.exe]

[Throw dll injection][27/06/2025 17:24:56][WildStr][svchost.exe]

[Throw dll injection][27/06/2025 17:24:56][WildStr][svchost.exe]

[Throw dll injection][27/06/2025 17:24:56][WildStr][svchost.exe]

[Throw dll injection][27/06/2025 17:24:56][WildStr][dllhost.exe]

[Throw dll injection][27/06/2025 17:24:56][WildStr][dllhost.exe]

[Throw dll injection][27/06/2025 17:24:56][WildStr][ShellExperienceHost.exe]

[Throw dll injection][27/06/2025 17:24:56][WildStr][ShellExperienceHost.exe]

[Throw dll injection][27/06/2025 17:24:56][WildStr][RuntimeBroker.exe]

[Throw dll injection][27/06/2025 17:24:56][WildStr][RuntimeBroker.exe]

[Throw dll injection][27/06/2025 17:24:56][WildStr][powershell.exe]

[Throw dll injection][27/06/2025 17:24:56][WildStr][powershell.exe]

[Throw dll injection][27/06/2025 17:24:56][WildStr][conhost.exe]

[Throw dll injection][27/06/2025 17:24:56][WildStr][conhost.exe]

[Throw dll injection][27/06/2025 17:24:56][WildStr][cmd.exe]

[Throw dll injection][27/06/2025 17:24:56][WildStr][cmd.exe]

[Throw dll injection][27/06/2025 17:24:56][WildStr][conhost.exe]

[Throw dll injection][27/06/2025 17:24:56][WildStr][conhost.exe]

[Throw dll injection][27/06/2025 17:24:56][WildStr][powershell.exe]

[Throw dll injection][27/06/2025 17:24:56][WildStr][powershell.exe]

[Throw dll injection][27/06/2025 17:24:56][WildStr][Code.exe]

[Throw dll injection][27/06/2025 17:24:56][WildStr][Code.exe]

[Throw dll injection][27/06/2025 17:24:56][WildStr][Code.exe]

[Throw dll injection][27/06/2025 17:24:56][WildStr][Code.exe]

[Throw dll injection][27/06/2025 17:24:56][WildStr][Code.exe]

[Throw dll injection][27/06/2025 17:24:56][WildStr][Code.exe]

[Throw dll injection][27/06/2025 17:24:56][WildStr][Code.exe]

[Throw dll injection][27/06/2025 17:24:56][WildStr][Code.exe]

[Throw dll injection][27/06/2025 17:24:56][WildStr][Code.exe]

[Throw dll injection][27/06/2025 17:24:56][WildStr][Code.exe]

[Throw dll injection][27/06/2025 17:24:56][WildStr][Code.exe]

[Throw dll injection][27/06/2025 17:24:56][WildStr][Code.exe]

[Throw dll injection][27/06/2025 17:24:56][WildStr][Code.exe]

[Throw dll injection][27/06/2025 17:24:56][WildStr][Code.exe]

[Throw dll injection][27/06/2025 17:24:56][WildStr][cpptools.exe]

[Throw dll injection][27/06/2025 17:24:56][WildStr][Code.exe]

[Throw dll injection][27/06/2025 17:24:56][WildStr][conhost.exe]

[Throw dll injection][27/06/2025 17:24:56][WildStr][Code.exe]

[Throw dll injection][27/06/2025 17:24:56][WildStr][Code.exe]

[Throw dll injection][27/06/2025 17:24:56][WildStr][cpptools.exe]

[Throw dll injection][27/06/2025 17:24:56][WildStr][cpptools.exe]

[Throw dll injection][27/06/2025 17:24:56][WildStr][conhost.exe]

[Throw dll injection][27/06/2025 17:24:56][WildStr][cpptools-srv.exe]

[Throw dll injection][27/06/2025 17:24:56][WildStr][Code.exe]

[Throw dll injection][27/06/2025 17:24:56][WildStr][conhost.exe]

[Throw dll injection][27/06/2025 17:24:56][WildStr][cpptools.exe]

[Throw dll injection][27/06/2025 17:24:56][WildStr][svchost.exe]

[Throw dll injection][27/06/2025 17:24:56][WildStr][svchost.exe]

[Throw dll injection][27/06/2025 17:24:56][WildStr][cpptools-srv.exe]

[Throw dll injection][27/06/2025 17:24:56][WildStr][conhost.exe]

[Throw dll injection][27/06/2025 17:24:56][WildStr][conhost.exe]

[Throw dll injection][27/06/2025 17:24:56][WildStr][svchost.exe]

[Throw dll injection][27/06/2025 17:24:56][WildStr][powershell.exe]

[Throw dll injection][27/06/2025 17:24:56][WildStr][svchost.exe]

[Throw dll injection][27/06/2025 17:24:56][WildStr][vctip.exe]

[Throw dll injection][27/06/2025 17:24:56][WildStr][Code.exe]

[Throw dll injection][27/06/2025 17:24:56][WildStr][conhost.exe]
xe]

[Throw dll injection][27/06/2025 17:24:56][WildStr][conhost.exe]

[Throw dll injection][27/06/2025 17:24:56][WildStr][powershell.exe]

[Throw dll injection][27/06/2025 17:24:56][WildStr][svchost.exe]

[Throw dll injection][27/06/2025 17:24:56][WildStr][smartscreen.exe]

[Throw dll injection][27/06/2025 17:24:56][WildStr][cpptools-srv.exe]

[Throw dll injection][27/06/2025 17:24:56][WildStr][Taskmgr.exe]

[Throw dll injection][27/06/2025 17:24:56][WildStr][conhost.exe]

[Throw dll injection][27/06/2025 17:24:56][WildStr][conhost.exe]

[Throw dll injection][27/06/2025 17:24:56][WildStr][svchost.exe]

[Throw dll injection][27/06/2025 17:24:56][WildStr][powershell.exe]

[Throw dll injection][27/06/2025 17:24:56][WildStr][smartscreen.exe]

[Throw dll injection][27/06/2025 17:24:56][WildStr][Taskmgr.exe]

[Throw dll injection][27/06/2025 17:24:56][WildStr][conhost.exe]

[Throw dll injection][27/06/2025 17:24:56][WildStr][powershell.exe]

[Throw dll injection][27/06/2025 17:24:57][WildStr][System]

[Throw dll injection][27/06/2025 17:24:57][WildStr][Registry]

[Throw dll injection][27/06/2025 17:24:57][WildStr][Registry]

[Throw dll injection][27/06/2025 17:24:57][WildStr][smss.exe]

[Throw dll injection][27/06/2025 17:24:57][WildStr][csrss.exe]

[Throw dll injection][27/06/2025 17:24:57][WildStr][smss.exe]

[Throw dll injection][27/06/2025 17:24:57][WildStr][wininit.exe]

[Throw dll injection][27/06/2025 17:24:57][WildStr][csrss.exe]

[Throw dll injection][27/06/2025 17:24:57][WildStr][csrss.exe]

[Throw dll injection][27/06/2025 17:24:57][WildStr][winlogon.exe]

[Throw dll injection][27/06/2025 17:24:57][WildStr][wininit.exe]

[Throw dll injection][27/06/2025 17:24:57][WildStr][services.exe]

[Throw dll injection][27/06/2025 17:24:57][WildStr][csrss.exe]

[Throw dll injection][27/06/2025 17:24:57][WildStr][lsass.exe]

[Throw dll injection][27/06/2025 17:24:57][WildStr][winlogon.exe]

[Throw dll injection][27/06/2025 17:24:57][WildStr][svchost.exe]

[Throw dll injection][27/06/2025 17:24:57][WildStr][services.exe]

[Throw dll injection][27/06/2025 17:24:57][WildStr][fontdrvhost.exe]

[Throw dll injection][27/06/2025 17:24:57][WildStr][lsass.exe]

[Throw dll injection][27/06/2025 17:24:57][WildStr][fontdrvhost.exe]

[Throw dll injection][27/06/2025 17:24:57][WildStr][svchost.exe]

[Throw dll injection][27/06/2025 17:24:57][WildStr][svchost.exe]

[Throw dll injection][27/06/2025 17:24:57][WildStr][fontdrvhost.exe]

[Throw dll injection][27/06/2025 17:24:57][WildStr][svchost.exe]

[Throw dll injection][27/06/2025 17:24:57][WildStr][fontdrvhost.exe]

[Throw dll injection][27/06/2025 17:24:57][WildStr][dwm.exe]

[Throw dll injection][27/06/2025 17:24:57][WildStr][svchost.exe]

[Throw dll injection][27/06/2025 17:24:57][WildStr][svchost.exe]

[Throw dll injection][27/06/2025 17:24:57][WildStr][svchost.exe]

[Throw dll injection][27/06/2025 17:24:57][WildStr][svchost.exe]

[Throw dll injection][27/06/2025 17:24:57][WildStr][dwm.exe]

[Throw dll injection][27/06/2025 17:24:57][WildStr][svchost.exe]

[Throw dll injection][27/06/2025 17:24:57][WildStr][svchost.exe]

[Throw dll injection][27/06/2025 17:24:57][WildStr][svchost.exe]

[Throw dll injection][27/06/2025 17:24:57][WildStr][svchost.exe]

[Throw dll injection][27/06/2025 17:24:57][WildStr][svchost.exe]

[Throw dll injection][27/06/2025 17:24:57][WildStr][svchost.exe]

[Throw dll injection][27/06/2025 17:24:57][WildStr][svchost.exe]

[Throw dll injection][27/06/2025 17:24:57][WildStr][svchost.exe]

[Throw dll injection][27/06/2025 17:24:57][WildStr][svchost.exe]

[Throw dll injection][27/06/2025 17:24:57][WildStr][svchost.exe]

[Throw dll injection][27/06/2025 17:24:57][WildStr][svchost.exe]

[Throw dll injection][27/06/2025 17:24:57][WildStr][svchost.exe]

[Throw dll injection][27/06/2025 17:24:57][WildStr][svchost.exe]

[Throw dll injection][27/06/2025 17:24:57][WildStr][svchost.exe]

[Throw dll injection][27/06/2025 17:24:57][WildStr][svchost.exe]

[Throw dll injection][27/06/2025 17:24:57][WildStr][svchost.exe]

[Throw dll injection][27/06/2025 17:24:57][WildStr][svchost.exe]

[Throw dll injection][27/06/2025 17:24:57][WildStr][svchost.exe]

[Throw dll injection][27/06/2025 17:24:57][WildStr][svchost.exe]

[Throw dll injection][27/06/2025 17:24:57][WildStr][VBoxService.exe]

[Throw dll injection][27/06/2025 17:24:57][WildStr][svchost.exe]

[Throw dll injection][27/06/2025 17:24:57][WildStr][svchost.exe]

[Throw dll injection][27/06/2025 17:24:57][WildStr][svchost.exe]

[Throw dll injection][27/06/2025 17:24:57][WildStr][svchost.exe]

[Throw dll injection][27/06/2025 17:24:57][WildStr][svchost.exe]

[Throw dll injection][27/06/2025 17:24:57][WildStr][VBoxService.exe]

[Throw dll injection][27/06/2025 17:24:57][WildStr][svchost.exe]

[Throw dll injection][27/06/2025 17:24:57][WildStr][svchost.exe]

[Throw dll injection][27/06/2025 17:24:57][WildStr][svchost.exe]

[Throw dll injection][27/06/2025 17:24:57][WildStr][svchost.exe]

[Throw dll injection][27/06/2025 17:24:57][WildStr][svchost.exe]

[Throw dll injection][27/06/2025 17:24:57][WildStr][Memory Compression]

[Throw dll injection][27/06/2025 17:24:57][WildStr][svchost.exe]

[Throw dll injection][27/06/2025 17:24:57][WildStr][svchost.exe]

[Throw dll injection][27/06/2025 17:24:57][WildStr][svchost.exe]

[Throw dll injection][27/06/2025 17:24:57][WildStr][svchost.exe]

[Throw dll injection][27/06/2025 17:24:57][WildStr][svchost.exe]

[Throw dll injection][27/06/2025 17:24:57][WildStr][svchost.exe]

[Throw dll injection][27/06/2025 17:24:57][WildStr][svchost.exe]

[Throw dll injection][27/06/2025 17:24:57][WildStr][svchost.exe]

[Throw dll injection][27/06/2025 17:24:57][WildStr][Memory Compression]

[Throw dll injection][27/06/2025 17:24:57][WildStr][svchost.exe]

[Throw dll injection][27/06/2025 17:24:57][WildStr][svchost.exe]

[Throw dll injection][27/06/2025 17:24:57][WildStr][svchost.exe]

[Throw dll injection][27/06/2025 17:24:57][WildStr][svchost.exe]

[Throw dll injection][27/06/2025 17:24:57][WildStr][svchost.exe]

[Throw dll injection][27/06/2025 17:24:57][WildStr][svchost.exe]

[Throw dll injection][27/06/2025 17:24:57][WildStr][svchost.exe]

[Throw dll injection][27/06/2025 17:24:57][WildStr][svchost.exe]

[Throw dll injection][27/06/2025 17:24:57][WildStr][spoolsv.exe]

[Throw dll injection][27/06/2025 17:24:57][WildStr][svchost.exe]

[Throw dll injection][27/06/2025 17:24:57][WildStr][svchost.exe]

[Throw dll injection][27/06/2025 17:24:57][WildStr][svchost.exe]

[Throw dll injection][27/06/2025 17:24:57][WildStr][svchost.exe]

[Throw dll injection][27/06/2025 17:24:57][WildStr][svchost.exe]

[Throw dll injection][27/06/2025 17:24:57][WildStr][svchost.exe]

[Throw dll injection][27/06/2025 17:24:57][WildStr][svchost.exe]

[Throw dll injection][27/06/2025 17:24:57][WildStr][svchost.exe]

[Throw dll injection][27/06/2025 17:24:57][WildStr][spoolsv.exe]

[Throw dll injection][27/06/2025 17:24:57][WildStr][ssh-agent.exe]

[Throw dll injection][27/06/2025 17:24:57][WildStr][svchost.exe]

[Throw dll injection][27/06/2025 17:24:57][WildStr][sshd.exe]

[Throw dll injection][27/06/2025 17:24:57][WildStr][svchost.exe]

[Throw dll injection][27/06/2025 17:24:57][WildStr][svchost.exe]

[Throw dll injection][27/06/2025 17:24:57][WildStr][svchost.exe]

[Throw dll injection][27/06/2025 17:24:57][WildStr][svchost.exe]

[Throw dll injection][27/06/2025 17:24:57][WildStr][svchost.exe]

[Throw dll injection][27/06/2025 17:24:57][WildStr][svchost.exe]

[Throw dll injection][27/06/2025 17:24:57][WildStr][ssh-agent.exe]

[Throw dll injection][27/06/2025 17:24:57][WildStr][svchost.exe]

[Throw dll injection][27/06/2025 17:24:57][WildStr][sshd.exe]

[Throw dll injection][27/06/2025 17:24:57][WildStr][svchost.exe]

[Throw dll injection][27/06/2025 17:24:57][WildStr][svchost.exe]

[Throw dll injection][27/06/2025 17:24:57][WildStr][svchost.exe]

[Throw dll injection][27/06/2025 17:24:57][WildStr][svchost.exe]

[Throw dll injection][27/06/2025 17:24:57][WildStr][svchost.exe]

[Throw dll injection][27/06/2025 17:24:57][WildStr][svchost.exe]

[Throw dll injection][27/06/2025 17:24:57][WildStr][svchost.exe]

[Throw dll injection][27/06/2025 17:24:57][WildStr][svchost.exe]

[Throw dll injection][27/06/2025 17:24:57][WildStr][svchost.exe]

[Throw dll injection][27/06/2025 17:24:57][WildStr][svchost.exe]

[Throw dll injection][27/06/2025 17:24:57][WildStr][MpDefenderCoreService.exe]

[Throw dll injection][27/06/2025 17:24:57][WildStr][svchost.exe]

[Throw dll injection][27/06/2025 17:24:57][WildStr][MsMpEng.exe]

[Throw dll injection][27/06/2025 17:24:57][WildStr][svchost.exe]

[Throw dll injection][27/06/2025 17:24:57][WildStr][SearchIndexer.exe]

[Throw dll injection][27/06/2025 17:24:57][WildStr][svchost.exe]

[Throw dll injection][27/06/2025 17:24:57][WildStr][AggregatorHost.exe]

[Throw dll injection][27/06/2025 17:24:57][WildStr][svchost.exe]

[Throw dll injection][27/06/2025 17:24:57][WildStr][dllhost.exe]

[Throw dll injection][27/06/2025 17:24:57][WildStr][MpDefenderCoreService.exe]

[Throw dll injection][27/06/2025 17:24:57][WildStr][svchost.exe]

[Throw dll injection][27/06/2025 17:24:57][WildStr][MsMpEng.exe]

[Throw dll injection][27/06/2025 17:24:57][WildStr][NisSrv.exe]

[Throw dll injection][27/06/2025 17:24:57][WildStr][SearchIndexer.exe]

[Throw dll injection][27/06/2025 17:24:57][WildStr][sihost.exe]

[Throw dll injection][27/06/2025 17:24:57][WildStr][AggregatorHost.exe]

[Throw dll injection][27/06/2025 17:24:57][WildStr][svchost.exe]

[Throw dll injection][27/06/2025 17:24:57][WildStr][dllhost.exe]

[Throw dll injection][27/06/2025 17:24:57][WildStr][svchost.exe]

[Throw dll injection][27/06/2025 17:24:57][WildStr][svchost.exe]

[Throw dll injection][27/06/2025 17:24:57][WildStr][taskhostw.exe]

[Throw dll injection][27/06/2025 17:24:57][WildStr][NisSrv.exe]

[Throw dll injection][27/06/2025 17:24:57][WildStr][MicrosoftEdgeUpdate.exe]

[Throw dll injection][27/06/2025 17:24:57][WildStr][sihost.exe]

[Throw dll injection][27/06/2025 17:24:57][WildStr][svchost.exe]

[Throw dll injection][27/06/2025 17:24:57][WildStr][svchost.exe]

[Throw dll injection][27/06/2025 17:24:57][WildStr][ctfmon.exe]

[Throw dll injection][27/06/2025 17:24:57][WildStr][svchost.exe]

[Throw dll injection][27/06/2025 17:24:57][WildStr][svchost.exe]

[Throw dll injection][27/06/2025 17:24:57][WildStr][taskhostw.exe]

[Throw dll injection][27/06/2025 17:24:57][WildStr][svchost.exe]

[Throw dll injection][27/06/2025 17:24:57][WildStr][MicrosoftEdgeUpdate.exe]

[Throw dll injection][27/06/2025 17:24:57][WildStr][explorer.exe]

[Throw dll injection][27/06/2025 17:24:57][WildStr][svchost.exe]

[Throw dll injection][27/06/2025 17:24:57][WildStr][svchost.exe]

[Throw dll injection][27/06/2025 17:24:57][WildStr][ctfmon.exe]

[Throw dll injection][27/06/2025 17:24:57][WildStr][StartMenuExperienceHost.exe]

[Throw dll injection][27/06/2025 17:24:57][WildStr][svchost.exe]

[Throw dll injection][27/06/2025 17:24:57][WildStr][RuntimeBroker.exe]

[Throw dll injection][27/06/2025 17:24:57][WildStr][svchost.exe]

[Throw dll injection][27/06/2025 17:24:57][WildStr][SearchApp.exe]

[Throw dll injection][27/06/2025 17:24:57][WildStr][explorer.exe]

[Throw dll injection][27/06/2025 17:24:57][WildStr][svchost.exe]

[Throw dll injection][27/06/2025 17:24:57][WildStr][svchost.exe]

[Throw dll injection][27/06/2025 17:24:57][WildStr][RuntimeBroker.exe]

[Throw dll injection][27/06/2025 17:24:57][WildStr][StartMenuExperienceHost.exe]

[Throw dll injection][27/06/2025 17:24:57][WildStr][RuntimeBroker.exe]

[Throw dll injection][27/06/2025 17:24:57][WildStr][RuntimeBroker.exe]

[Throw dll injection][27/06/2025 17:24:57][WildStr][svchost.exe]

[Throw dll injection][27/06/2025 17:24:57][WildStr][SearchApp.exe]

[Throw dll injection][27/06/2025 17:24:57][WildStr][SecurityHealthSystray.exe]

[Throw dll injection][27/06/2025 17:24:57][WildStr][svchost.exe]

[Throw dll injection][27/06/2025 17:24:57][WildStr][SecurityHealthService.exe]

[Throw dll injection][27/06/2025 17:24:57][WildStr][RuntimeBroker.exe]

[Throw dll injection][27/06/2025 17:24:57][WildStr][VBoxTray.exe]

[Throw dll injection][27/06/2025 17:24:57][WildStr][RuntimeBroker.exe]

[Throw dll injection][27/06/2025 17:24:57][WildStr][OneDrive.exe]

[Throw dll injection][27/06/2025 17:24:57][WildStr][svchost.exe]

[Throw dll injection][27/06/2025 17:24:57][WildStr][svchost.exe]

[Throw dll injection][27/06/2025 17:24:57][WildStr][SecurityHealthSystray.exe]

[Throw dll injection][27/06/2025 17:24:57][WildStr][svchost.exe]

[Throw dll injection][27/06/2025 17:24:57][WildStr][SecurityHealthService.exe]

[Throw dll injection][27/06/2025 17:24:57][WildStr][svchost.exe]

[Throw dll injection][27/06/2025 17:24:57][WildStr][VBoxTray.exe]

[Throw dll injection][27/06/2025 17:24:57][WildStr][svchost.exe]

[Throw dll injection][27/06/2025 17:24:57][WildStr][OneDrive.exe]

[Throw dll injection][27/06/2025 17:24:57][WildStr][svchost.exe]

[Throw dll injection][27/06/2025 17:24:57][WildStr][svchost.exe]

[Throw dll injection][27/06/2025 17:24:57][WildStr][svchost.exe]

[Throw dll injection][27/06/2025 17:24:57][WildStr][svchost.exe]

[Throw dll injection][27/06/2025 17:24:57][WildStr][TextInputHost.exe]

[Throw dll injection][27/06/2025 17:24:57][WildStr][svchost.exe]

[Throw dll injection][27/06/2025 17:24:57][WildStr][ApplicationFrameHost.exe]

[Throw dll injection][27/06/2025 17:24:57][WildStr][svchost.exe]

[Throw dll injection][27/06/2025 17:24:57][WildStr][SystemSettings.exe]

[Throw dll injection][27/06/2025 17:24:57][WildStr][svchost.exe]

[Throw dll injection][27/06/2025 17:24:57][WildStr][UserOOBEBroker.exe]

[Throw dll injection][27/06/2025 17:24:57][WildStr][svchost.exe]

[Throw dll injection][27/06/2025 17:24:57][WildStr][SearchApp.exe]

[Throw dll injection][27/06/2025 17:24:57][WildStr][TextInputHost.exe]

[Throw dll injection][27/06/2025 17:24:57][WildStr][msedgewebview2.exe]

[Throw dll injection][27/06/2025 17:24:57][WildStr][ApplicationFrameHost.exe]

[Throw dll injection][27/06/2025 17:24:57][WildStr][msedgewebview2.exe]

[Throw dll injection][27/06/2025 17:24:57][WildStr][SystemSettings.exe]

[Throw dll injection][27/06/2025 17:24:57][WildStr][msedgewebview2.exe]

[Throw dll injection][27/06/2025 17:24:57][WildStr][UserOOBEBroker.exe]

[Throw dll injection][27/06/2025 17:24:57][WildStr][msedgewebview2.exe]

[Throw dll injection][27/06/2025 17:24:57][WildStr][SearchApp.exe]

[Throw dll injection][27/06/2025 17:24:57][WildStr][msedgewebview2.exe]

[Throw dll injection][27/06/2025 17:24:57][WildStr][msedgewebview2.exe]

[Throw dll injection][27/06/2025 17:24:57][WildStr][msedgewebview2.exe]

[Throw dll injection][27/06/2025 17:24:57][WildStr][msedgewebview2.exe]

[Throw dll injection][27/06/2025 17:24:57][WildStr][FileCoAuth.exe]

[Throw dll injection][27/06/2025 17:24:57][WildStr][msedgewebview2.exe]

[Throw dll injection][27/06/2025 17:24:57][WildStr][svchost.exe]

[Throw dll injection][27/06/2025 17:24:57][WildStr][msedgewebview2.exe]

[Throw dll injection][27/06/2025 17:24:57][WildStr][msedge.exe]

[Throw dll injection][27/06/2025 17:24:57][WildStr][msedgewebview2.exe]

[Throw dll injection][27/06/2025 17:24:57][WildStr][msedge.exe]

[Throw dll injection][27/06/2025 17:24:57][WildStr][msedgewebview2.exe]

[Throw dll injection][27/06/2025 17:24:57][WildStr][msedge.exe]

[Throw dll injection][27/06/2025 17:24:57][WildStr][FileCoAuth.exe]

[Throw dll injection][27/06/2025 17:24:57][WildStr][msedge.exe]

[Throw dll injection][27/06/2025 17:24:57][WildStr][svchost.exe]

[Throw dll injection][27/06/2025 17:24:57][WildStr][msedge.exe]

[Throw dll injection][27/06/2025 17:24:57][WildStr][msedge.exe]


[Throw dll injection][27/06/2025 17:24:57][WildStr][svchost.exe]

[Throw dll injection][27/06/2025 17:24:57][WildStr][msedge.exe]

[Throw dll injection][27/06/2025 17:24:57][WildStr][svchost.exe]

[Throw dll injection][27/06/2025 17:24:57][WildStr][msedge.exe]

[Throw dll injection][27/06/2025 17:24:57][WildStr][dllhost.exe]

[Throw dll injection][27/06/2025 17:24:57][WildStr][msedge.exe]

[Throw dll injection][27/06/2025 17:24:57][WildStr][ShellExperienceHost.exe]

[Throw dll injection][27/06/2025 17:24:57][WildStr][msedge.exe]

[Throw dll injection][27/06/2025 17:24:57][WildStr][RuntimeBroker.exe]

[Throw dll injection][27/06/2025 17:24:57][WildStr][svchost.exe]

[Throw dll injection][27/06/2025 17:24:57][WildStr][powershell.exe]

[Throw dll injection][27/06/2025 17:24:57][WildStr][svchost.exe]

[Throw dll injection][27/06/2025 17:24:57][WildStr][conhost.exe]

[Throw dll injection][27/06/2025 17:24:57][WildStr][svchost.exe]

[Throw dll injection][27/06/2025 17:24:57][WildStr][cmd.exe]

[Throw dll injection][27/06/2025 17:24:57][WildStr][dllhost.exe]

[Throw dll injection][27/06/2025 17:24:57][WildStr][conhost.exe]

[Throw dll injection][27/06/2025 17:24:57][WildStr][ShellExperienceHost.exe]

[Throw dll injection][27/06/2025 17:24:57][WildStr][powershell.exe]

[Throw dll injection][27/06/2025 17:24:57][WildStr][RuntimeBroker.exe]

[Throw dll injection][27/06/2025 17:24:57][WildStr][Code.exe]

[Throw dll injection][27/06/2025 17:24:57][WildStr][powershell.exe]

[Throw dll injection][27/06/2025 17:24:57][WildStr][Code.exe]

[Throw dll injection][27/06/2025 17:24:57][WildStr][conhost.exe]

[Throw dll injection][27/06/2025 17:24:57][WildStr][Code.exe]

[Throw dll injection][27/06/2025 17:24:57][WildStr][cmd.exe]

[Throw dll injection][27/06/2025 17:24:57][WildStr][Code.exe]

[Throw dll injection][27/06/2025 17:24:57][WildStr][conhost.exe]

[Throw dll injection][27/06/2025 17:24:57][WildStr][Code.exe]

[Throw dll injection][27/06/2025 17:24:57][WildStr][powershell.exe]

[Throw dll injection][27/06/2025 17:24:57][WildStr][Code.exe]

[Throw dll injection][27/06/2025 17:24:57][WildStr][Code.exe]

[Throw dll injection][27/06/2025 17:24:57][WildStr][Code.exe]

[Throw dll injection][27/06/2025 17:24:57][WildStr][Code.exe]

[Throw dll injection][27/06/2025 17:24:57][WildStr][Code.exe]

[Throw dll injection][27/06/2025 17:24:57][WildStr][Code.exe]

[Throw dll injection][27/06/2025 17:24:57][WildStr][cpptools.exe]

[Throw dll injection][27/06/2025 17:24:57][WildStr][Code.exe]

[Throw dll injection][27/06/2025 17:24:57][WildStr][conhost.exe]

[Throw dll injection][27/06/2025 17:24:57][WildStr][Code.exe]

[Throw dll injection][27/06/2025 17:24:57][WildStr][Code.exe]

[Throw dll injection][27/06/2025 17:24:57][WildStr][Code.exe]

[Throw dll injection][27/06/2025 17:24:57][WildStr][cpptools.exe]

[Throw dll injection][27/06/2025 17:24:57][WildStr][Code.exe]

[Throw dll injection][27/06/2025 17:24:57][WildStr][cpptools-srv.exe]

[Throw dll injection][27/06/2025 17:24:57][WildStr][Code.exe]

[Throw dll injection][27/06/2025 17:24:57][WildStr][conhost.exe]

[Throw dll injection][27/06/2025 17:24:57][WildStr][svchost.exe]


[Throw dll injection][27/06/2025 17:24:57][WildStr][conhost.exe]

[Throw dll injection][27/06/2025 17:24:57][WildStr][svchost.exe]

[Throw dll injection][27/06/2025 17:24:57][WildStr][Code.exe]

[Throw dll injection][27/06/2025 17:24:57][WildStr][Code.exe]

[Throw dll injection][27/06/2025 17:24:57][WildStr][cpptools.exe]

[Throw dll injection][27/06/2025 17:24:57][WildStr][conhost.exe]

[Throw dll injection][27/06/2025 17:24:57][WildStr][cpptools-srv.exe]

[Throw dll injection][27/06/2025 17:24:57][WildStr][powershell.exe]

[Throw dll injection][27/06/2025 17:24:57][WildStr][conhost.exe]

[Throw dll injection][27/06/2025 17:24:57][WildStr][vctip.exe]

[Throw dll injection][27/06/2025 17:24:57][WildStr][svchost.exe]

[Throw dll injection][27/06/2025 17:24:57][WildStr][cpptools-srv.exe]

[Throw dll injection][27/06/2025 17:24:57][WildStr][svchost.exe]

[Throw dll injection][27/06/2025 17:24:57][WildStr][conhost.exe]

[Throw dll injection][27/06/2025 17:24:57][WildStr][Code.exe]

[Throw dll injection][27/06/2025 17:24:57][WildStr][svchost.exe]

[Throw dll injection][27/06/2025 17:24:57][WildStr][conhost.exe]

[Throw dll injection][27/06/2025 17:24:57][WildStr][smartscreen.exe]

[Throw dll injection][27/06/2025 17:24:57][WildStr][powershell.exe]

[Throw dll injection][27/06/2025 17:24:57][WildStr][Taskmgr.exe]

[Throw dll injection][27/06/2025 17:24:57][WildStr][vctip.exe]

[Throw dll injection][27/06/2025 17:24:57][WildStr][conhost.exe]

[Throw dll injection][27/06/2025 17:24:57][WildStr][cpptools-srv.exe]

[Throw dll injection][27/06/2025 17:24:57][WildStr][powershell.exe]

[Throw dll injection][27/06/2025 17:24:57][WildStr][conhost.exe]

[Throw dll injection][27/06/2025 17:24:57][WildStr][svchost.exe]

[Throw dll injection][27/06/2025 17:24:57][WildStr][smartscreen.exe]

[Throw dll injection][27/06/2025 17:24:57][WildStr][Taskmgr.exe]

[Throw dll injection][27/06/2025 17:24:57][WildStr][conhost.exe]

[Throw dll injection][27/06/2025 17:24:57][WildStr][powershell.exe]

[Throw dll injection][27/06/2025 17:24:58][Str][DLL_PROCESS_DETACH]

[Throw dll injection][27/06/2025 17:26:39][Str][DLL_PROCESS_ATTACH]

[Throw dll injection][27/06/2025 17:26:39][Str][Inside StartHook function.]

[Throw dll injection][27/06/2025 17:26:39][Str][Found ntdll.dll]

[Throw dll injection][27/06/2025 17:26:39][Str][Found NtQuerySystemInformation in IAT]

[Throw dll injection][27/06/2025 17:26:39][WildStr][System]

[Throw dll injection][27/06/2025 17:26:39][WildStr][Registry]

[Throw dll injection][27/06/2025 17:26:39][WildStr][smss.exe]

[Throw dll injection][27/06/2025 17:26:39][WildStr][smss.exe]

[Throw dll injection][27/06/2025 17:26:39][WildStr][csrss.exe]

[Throw dll injection][27/06/2025 17:26:39][WildStr][csrss.exe]

[Throw dll injection][27/06/2025 17:26:39][WildStr][wininit.exe]

[Throw dll injection][27/06/2025 17:26:39][WildStr][wininit.exe]

[Throw dll injection][27/06/2025 17:26:39][WildStr][csrss.exe]

[Throw dll injection][27/06/2025 17:26:39][WildStr][csrss.exe]

[Throw dll injection][27/06/2025 17:26:39][WildStr][winlogon.exe]

[Throw dll injection][27/06/2025 17:26:39][WildStr][winlogon.exe]

[Throw dll injection][27/06/2025 17:26:39][WildStr][services.exe]

[Throw dll injection][27/06/2025 17:26:39][WildStr][services.exe]

[Throw dll injection][27/06/2025 17:26:39][WildStr][lsass.exe]

[Throw dll injection][27/06/2025 17:26:39][WildStr][lsass.exe]

[Throw dll injection][27/06/2025 17:26:39][WildStr][svchost.exe]

[Throw dll injection][27/06/2025 17:26:39][WildStr][svchost.exe]

[Throw dll injection][27/06/2025 17:26:39][WildStr][fontdrvhost.exe]

[Throw dll injection][27/06/2025 17:26:39][WildStr][fontdrvhost.exe]

[Throw dll injection][27/06/2025 17:26:39][WildStr][fontdrvhost.exe]

[Throw dll injection][27/06/2025 17:26:39][WildStr][fontdrvhost.exe]

[Throw dll injection][27/06/2025 17:26:39][WildStr][svchost.exe]

[Throw dll injection][27/06/2025 17:26:39][WildStr][svchost.exe]

[Throw dll injection][27/06/2025 17:26:39][WildStr][svchost.exe]

[Throw dll injection][27/06/2025 17:26:39][WildStr][svchost.exe]

[Throw dll injection][27/06/2025 17:26:39][WildStr][dwm.exe]

[Throw dll injection][27/06/2025 17:26:39][WildStr][dwm.exe]

[Throw dll injection][27/06/2025 17:26:39][WildStr][svchost.exe]

[Throw dll injection][27/06/2025 17:26:39][WildStr][svchost.exe]

[Throw dll injection][27/06/2025 17:26:39][WildStr][svchost.exe]

[Throw dll injection][27/06/2025 17:26:39][WildStr][svchost.exe]

[Throw dll injection][27/06/2025 17:26:39][WildStr][svchost.exe]

[Throw dll injection][27/06/2025 17:26:39][WildStr][svchost.exe]

[Throw dll injection][27/06/2025 17:26:39][WildStr][svchost.exe]

[Throw dll injection][27/06/2025 17:26:39][WildStr][svchost.exe]

[Throw dll injection][27/06/2025 17:26:39][WildStr][svchost.exe]

[Throw dll injection][27/06/2025 17:26:39][WildStr][svchost.exe]

[Throw dll injection][27/06/2025 17:26:39][WildStr][svchost.exe]

[Throw dll injection][27/06/2025 17:26:39][WildStr][svchost.exe]

[Throw dll injection][27/06/2025 17:26:39][WildStr][svchost.exe]

[Throw dll injection][27/06/2025 17:26:39][WildStr][svchost.exe]

[Throw dll injection][27/06/2025 17:26:39][WildStr][svchost.exe]

[Throw dll injection][27/06/2025 17:26:39][WildStr][svchost.exe]

[Throw dll injection][27/06/2025 17:26:39][WildStr][svchost.exe]

[Throw dll injection][27/06/2025 17:26:39][WildStr][svchost.exe]

[Throw dll injection][27/06/2025 17:26:39][WildStr][svchost.exe]

[Throw dll injection][27/06/2025 17:26:39][WildStr][svchost.exe]

[Throw dll injection][27/06/2025 17:26:39][WildStr][svchost.exe]

[Throw dll injection][27/06/2025 17:26:39][WildStr][svchost.exe]

[Throw dll injection][27/06/2025 17:26:39][WildStr][svchost.exe]

[Throw dll injection][27/06/2025 17:26:39][WildStr][svchost.exe]

[Throw dll injection][27/06/2025 17:26:39][WildStr][svchost.exe]

[Throw dll injection][27/06/2025 17:26:39][WildStr][svchost.exe]

[Throw dll injection][27/06/2025 17:26:39][WildStr][VBoxService.exe]

[Throw dll injection][27/06/2025 17:26:39][WildStr][VBoxService.exe]

[Throw dll injection][27/06/2025 17:26:39][WildStr][svchost.exe]

[Throw dll injection][27/06/2025 17:26:39][WildStr][svchost.exe]

[Throw dll injection][27/06/2025 17:26:39][WildStr][svchost.exe]

[Throw dll injection][27/06/2025 17:26:39][WildStr][svchost.exe]

[Throw dll injection][27/06/2025 17:26:39][WildStr][svchost.exe]

[Throw dll injection][27/06/2025 17:26:39][WildStr][svchost.exe]

[Throw dll injection][27/06/2025 17:26:39][WildStr][svchost.exe]

[Throw dll injection][27/06/2025 17:26:39][WildStr][svchost.exe]

[Throw dll injection][27/06/2025 17:26:39][WildStr][svchost.exe]

[Throw dll injection][27/06/2025 17:26:39][WildStr][svchost.exe]

[Throw dll injection][27/06/2025 17:26:39][WildStr][svchost.exe]

[Throw dll injection][27/06/2025 17:26:39][WildStr][svchost.exe]

[Throw dll injection][27/06/2025 17:26:39][WildStr][Memory Compression]

[Throw dll injection][27/06/2025 17:26:39][WildStr][Memory Compression]

[Throw dll injection][27/06/2025 17:26:39][WildStr][svchost.exe]

[Throw dll injection][27/06/2025 17:26:39][WildStr][svchost.exe]

[Throw dll injection][27/06/2025 17:26:39][WildStr][svchost.exe]

[Throw dll injection][27/06/2025 17:26:39][WildStr][svchost.exe]

[Throw dll injection][27/06/2025 17:26:39][WildStr][svchost.exe]

[Throw dll injection][27/06/2025 17:26:39][WildStr][svchost.exe]

[Throw dll injection][27/06/2025 17:26:39][WildStr][svchost.exe]

[Throw dll injection][27/06/2025 17:26:39][WildStr][svchost.exe]

[Throw dll injection][27/06/2025 17:26:39][WildStr][svchost.exe]

[Throw dll injection][27/06/2025 17:26:39][WildStr][svchost.exe]

[Throw dll injection][27/06/2025 17:26:39][WildStr][svchost.exe]

[Throw dll injection][27/06/2025 17:26:39][WildStr][svchost.exe]

[Throw dll injection][27/06/2025 17:26:39][WildStr][svchost.exe]

[Throw dll injection][27/06/2025 17:26:39][WildStr][svchost.exe]

[Throw dll injection][27/06/2025 17:26:39][WildStr][svchost.exe]

[Throw dll injection][27/06/2025 17:26:39][WildStr][svchost.exe]

[Throw dll injection][27/06/2025 17:26:39][WildStr][spoolsv.exe]

[Throw dll injection][27/06/2025 17:26:39][WildStr][spoolsv.exe]

[Throw dll injection][27/06/2025 17:26:39][WildStr][svchost.exe]

[Throw dll injection][27/06/2025 17:26:39][WildStr][svchost.exe]

[Throw dll injection][27/06/2025 17:26:39][WildStr][svchost.exe]

[Throw dll injection][27/06/2025 17:26:39][WildStr][svchost.exe]

[Throw dll injection][27/06/2025 17:26:39][WildStr][svchost.exe]

[Throw dll injection][27/06/2025 17:26:39][WildStr][svchost.exe]

[Throw dll injection][27/06/2025 17:26:39][WildStr][svchost.exe]

[Throw dll injection][27/06/2025 17:26:39][WildStr][svchost.exe]

[Throw dll injection][27/06/2025 17:26:39][WildStr][ssh-agent.exe]

[Throw dll injection][27/06/2025 17:26:39][WildStr][ssh-agent.exe]

[Throw dll injection][27/06/2025 17:26:39][WildStr][sshd.exe]

[Throw dll injection][27/06/2025 17:26:39][WildStr][sshd.exe]

[Throw dll injection][27/06/2025 17:26:39][WildStr][svchost.exe]

[Throw dll injection][27/06/2025 17:26:39][WildStr][svchost.exe]

[Throw dll injection][27/06/2025 17:26:39][WildStr][svchost.exe]

[Throw dll injection][27/06/2025 17:26:39][WildStr][svchost.exe]

[Throw dll injection][27/06/2025 17:26:39][WildStr][svchost.exe]

[Throw dll injection][27/06/2025 17:26:39][WildStr][svchost.exe]

[Throw dll injection][27/06/2025 17:26:39][WildStr][svchost.exe]

[Throw dll injection][27/06/2025 17:26:39][WildStr][svchost.exe]

[Throw dll injection][27/06/2025 17:26:39][WildStr][svchost.exe]

[Throw dll injection][27/06/2025 17:26:39][WildStr][svchost.exe]

[Throw dll injection][27/06/2025 17:26:39][WildStr][svchost.exe]

[Throw dll injection][27/06/2025 17:26:39][WildStr][svchost.exe]

[Throw dll injection][27/06/2025 17:26:39][WildStr][svchost.exe]

[Throw dll injection][27/06/2025 17:26:39][WildStr][svchost.exe]

[Throw dll injection][27/06/2025 17:26:39][WildStr][svchost.exe]

[Throw dll injection][27/06/2025 17:26:39][WildStr][svchost.exe]

[Throw dll injection][27/06/2025 17:26:39][WildStr][svchost.exe]

[Throw dll injection][27/06/2025 17:26:39][WildStr][svchost.exe]

[Throw dll injection][27/06/2025 17:26:39][WildStr][MpDefenderCoreService.exe]

[Throw dll injection][27/06/2025 17:26:39][WildStr][MpDefenderCoreService.exe]

[Throw dll injection][27/06/2025 17:26:39][WildStr][MsMpEng.exe]

[Throw dll injection][27/06/2025 17:26:39][WildStr][MsMpEng.exe]

[Throw dll injection][27/06/2025 17:26:39][WildStr][SearchIndexer.exe]

[Throw dll injection][27/06/2025 17:26:39][WildStr][SearchIndexer.exe]

[Throw dll injection][27/06/2025 17:26:39][WildStr][AggregatorHost.exe]

[Throw dll injection][27/06/2025 17:26:39][WildStr][AggregatorHost.exe]

[Throw dll injection][27/06/2025 17:26:39][WildStr][dllhost.exe]

[Throw dll injection][27/06/2025 17:26:39][WildStr][dllhost.exe]

[Throw dll injection][27/06/2025 17:26:39][WildStr][svchost.exe]

[Throw dll injection][27/06/2025 17:26:39][WildStr][svchost.exe]

[Throw dll injection][27/06/2025 17:26:39][WildStr][NisSrv.exe]

[Throw dll injection][27/06/2025 17:26:39][WildStr][NisSrv.exe]

[Throw dll injection][27/06/2025 17:26:39][WildStr][sihost.exe]

[Throw dll injection][27/06/2025 17:26:39][WildStr][sihost.exe]

[Throw dll injection][27/06/2025 17:26:39][WildStr][svchost.exe]

[Throw dll injection][27/06/2025 17:26:39][WildStr][svchost.exe]

[Throw dll injection][27/06/2025 17:26:39][WildStr][svchost.exe]

[Throw dll injection][27/06/2025 17:26:39][WildStr][svchost.exe]

[Throw dll injection][27/06/2025 17:26:39][WildStr][taskhostw.exe]

[Throw dll injection][27/06/2025 17:26:39][WildStr][taskhostw.exe]

[Throw dll injection][27/06/2025 17:26:39][WildStr][MicrosoftEdgeUpdate.exe]

[Throw dll injection][27/06/2025 17:26:39][WildStr][MicrosoftEdgeUpdate.exe]

[Throw dll injection][27/06/2025 17:26:39][WildStr][svchost.exe]

[Throw dll injection][27/06/2025 17:26:39][WildStr][svchost.exe]

[Throw dll injection][27/06/2025 17:26:39][WildStr][ctfmon.exe]

[Throw dll injection][27/06/2025 17:26:39][WildStr][ctfmon.exe]

[Throw dll injection][27/06/2025 17:26:39][WildStr][svchost.exe]

[Throw dll injection][27/06/2025 17:26:39][WildStr][svchost.exe]

[Throw dll injection][27/06/2025 17:26:39][WildStr][svchost.exe]

[Throw dll injection][27/06/2025 17:26:39][WildStr][svchost.exe]

[Throw dll injection][27/06/2025 17:26:39][WildStr][explorer.exe]

[Throw dll injection][27/06/2025 17:26:39][WildStr][explorer.exe]

[Throw dll injection][27/06/2025 17:26:39][WildStr][svchost.exe]

[Throw dll injection][27/06/2025 17:26:39][WildStr][svchost.exe]

[Throw dll injection][27/06/2025 17:26:39][WildStr][StartMenuExperienceHost.exe]

[Throw dll injection][27/06/2025 17:26:39][WildStr][StartMenuExperienceHost.exe]

[Throw dll injection][27/06/2025 17:26:39][WildStr][RuntimeBroker.exe]

[Throw dll injection][27/06/2025 17:26:39][WildStr][RuntimeBroker.exe]

[Throw dll injection][27/06/2025 17:26:39][WildStr][SearchApp.exe]

[Throw dll injection][27/06/2025 17:26:39][WildStr][SearchApp.exe]

[Throw dll injection][27/06/2025 17:26:39][WildStr][svchost.exe]

[Throw dll injection][27/06/2025 17:26:39][WildStr][svchost.exe]

[Throw dll injection][27/06/2025 17:26:39][WildStr][RuntimeBroker.exe]

[Throw dll injection][27/06/2025 17:26:39][WildStr][RuntimeBroker.exe]

[Throw dll injection][27/06/2025 17:26:39][WildStr][RuntimeBroker.exe]

[Throw dll injection][27/06/2025 17:26:39][WildStr][RuntimeBroker.exe]

[Throw dll injection][27/06/2025 17:26:39][WildStr][svchost.exe]

[Throw dll injection][27/06/2025 17:26:39][WildStr][svchost.exe]

[Throw dll injection][27/06/2025 17:26:39][WildStr][SecurityHealthSystray.exe]

[Throw dll injection][27/06/2025 17:26:39][WildStr][SecurityHealthSystray.exe]

[Throw dll injection][27/06/2025 17:26:39][WildStr][SecurityHealthService.exe]

[Throw dll injection][27/06/2025 17:26:39][WildStr][SecurityHealthService.exe]

[Throw dll injection][27/06/2025 17:26:39][WildStr][VBoxTray.exe]

[Throw dll injection][27/06/2025 17:26:39][WildStr][VBoxTray.exe]

[Throw dll injection][27/06/2025 17:26:39][WildStr][OneDrive.exe]

[Throw dll injection][27/06/2025 17:26:39][WildStr][OneDrive.exe]

[Throw dll injection][27/06/2025 17:26:39][WildStr][svchost.exe]

[Throw dll injection][27/06/2025 17:26:39][WildStr][svchost.exe]

[Throw dll injection][27/06/2025 17:26:39][WildStr][svchost.exe]

[Throw dll injection][27/06/2025 17:26:39][WildStr][svchost.exe]

[Throw dll injection][27/06/2025 17:26:39][WildStr][svchost.exe]

[Throw dll injection][27/06/2025 17:26:39][WildStr][svchost.exe]

[Throw dll injection][27/06/2025 17:26:39][WildStr][svchost.exe]

[Throw dll injection][27/06/2025 17:26:39][WildStr][svchost.exe]

[Throw dll injection][27/06/2025 17:26:39][WildStr][svchost.exe]

[Throw dll injection][27/06/2025 17:26:39][WildStr][svchost.exe]

[Throw dll injection][27/06/2025 17:26:39][WildStr][svchost.exe]

[Throw dll injection][27/06/2025 17:26:39][WildStr][svchost.exe]

[Throw dll injection][27/06/2025 17:26:39][WildStr][TextInputHost.exe]

[Throw dll injection][27/06/2025 17:26:39][WildStr][TextInputHost.exe]

[Throw dll injection][27/06/2025 17:26:39][WildStr][ApplicationFrameHost.exe]

[Throw dll injection][27/06/2025 17:26:39][WildStr][ApplicationFrameHost.exe]

[Throw dll injection][27/06/2025 17:26:39][WildStr][SystemSettings.exe]

[Throw dll injection][27/06/2025 17:26:39][WildStr][SystemSettings.exe]

[Throw dll injection][27/06/2025 17:26:39][WildStr][UserOOBEBroker.exe]

[Throw dll injection][27/06/2025 17:26:39][WildStr][UserOOBEBroker.exe]

[Throw dll injection][27/06/2025 17:26:39][WildStr][SearchApp.exe]

[Throw dll injection][27/06/2025 17:26:39][WildStr][SearchApp.exe]

[Throw dll injection][27/06/2025 17:26:39][WildStr][msedgewebview2.exe]

[Throw dll injection][27/06/2025 17:26:39][WildStr][msedgewebview2.exe]

[Throw dll injection][27/06/2025 17:26:39][WildStr][msedgewebview2.exe]

[Throw dll injection][27/06/2025 17:26:39][WildStr][msedgewebview2.exe]

[Throw dll injection][27/06/2025 17:26:39][WildStr][msedgewebview2.exe]

[Throw dll injection][27/06/2025 17:26:39][WildStr][msedgewebview2.exe]

[Throw dll injection][27/06/2025 17:26:39][WildStr][msedgewebview2.exe]

[Throw dll injection][27/06/2025 17:26:39][WildStr][msedgewebview2.exe]

[Throw dll injection][27/06/2025 17:26:39][WildStr][msedgewebview2.exe]

[Throw dll injection][27/06/2025 17:26:39][WildStr][msedgewebview2.exe]

[Throw dll injection][27/06/2025 17:26:39][WildStr][msedgewebview2.exe]

[Throw dll injection][27/06/2025 17:26:39][WildStr][msedgewebview2.exe]

[Throw dll injection][27/06/2025 17:26:39][WildStr][FileCoAuth.exe]

[Throw dll injection][27/06/2025 17:26:39][WildStr][FileCoAuth.exe]

[Throw dll injection][27/06/2025 17:26:39][WildStr][svchost.exe]

[Throw dll injection][27/06/2025 17:26:39][WildStr][svchost.exe]

[Throw dll injection][27/06/2025 17:26:39][WildStr][msedge.exe]

[Throw dll injection][27/06/2025 17:26:39][WildStr][msedge.exe]

[Throw dll injection][27/06/2025 17:26:39][WildStr][msedge.exe]

[Throw dll injection][27/06/2025 17:26:39][WildStr][msedge.exe]

[Throw dll injection][27/06/2025 17:26:39][WildStr][msedge.exe]

[Throw dll injection][27/06/2025 17:26:39][WildStr][msedge.exe]

[Throw dll injection][27/06/2025 17:26:39][WildStr][msedge.exe]

[Throw dll injection][27/06/2025 17:26:39][WildStr][msedge.exe]

[Throw dll injection][27/06/2025 17:26:39][WildStr][msedge.exe]

[Throw dll injection][27/06/2025 17:26:39][WildStr][msedge.exe]

[Throw dll injection][27/06/2025 17:26:39][WildStr][svchost.exe]

[Throw dll injection][27/06/2025 17:26:39][WildStr][svchost.exe]

[Throw dll injection][27/06/2025 17:26:39][WildStr][svchost.exe]

[Throw dll injection][27/06/2025 17:26:39][WildStr][svchost.exe]

[Throw dll injection][27/06/2025 17:26:39][WildStr][svchost.exe]

[Throw dll injection][27/06/2025 17:26:39][WildStr][svchost.exe]

[Throw dll injection][27/06/2025 17:26:39][WildStr][dllhost.exe]

[Throw dll injection][27/06/2025 17:26:39][WildStr][dllhost.exe]

[Throw dll injection][27/06/2025 17:26:39][WildStr][ShellExperienceHost.exe]

[Throw dll injection][27/06/2025 17:26:39][WildStr][ShellExperienceHost.exe]

[Throw dll injection][27/06/2025 17:26:39][WildStr][RuntimeBroker.exe]

[Throw dll injection][27/06/2025 17:26:39][WildStr][RuntimeBroker.exe]

[Throw dll injection][27/06/2025 17:26:39][WildStr][powershell.exe]

[Throw dll injection][27/06/2025 17:26:39][WildStr][powershell.exe]

[Throw dll injection][27/06/2025 17:26:39][WildStr][conhost.exe]

[Throw dll injection][27/06/2025 17:26:39][WildStr][conhost.exe]

[Throw dll injection][27/06/2025 17:26:39][WildStr][cmd.exe]

[Throw dll injection][27/06/2025 17:26:39][WildStr][cmd.exe]

[Throw dll injection][27/06/2025 17:26:39][WildStr][conhost.exe]

[Throw dll injection][27/06/2025 17:26:39][WildStr][conhost.exe]

[Throw dll injection][27/06/2025 17:26:39][WildStr][powershell.exe]

[Throw dll injection][27/06/2025 17:26:39][WildStr][powershell.exe]

[Throw dll injection][27/06/2025 17:26:39][WildStr][Code.exe]

[Throw dll injection][27/06/2025 17:26:39][WildStr][Code.exe]

[Throw dll injection][27/06/2025 17:26:39][WildStr][Code.exe]

[Throw dll injection][27/06/2025 17:26:39][WildStr][Code.exe]

[Throw dll injection][27/06/2025 17:26:39][WildStr][Code.exe]

[Throw dll injection][27/06/2025 17:26:39][WildStr][Code.exe]

[Throw dll injection][27/06/2025 17:26:39][WildStr][Code.exe]

[Throw dll injection][27/06/2025 17:26:39][WildStr][Code.exe]

[Throw dll injection][27/06/2025 17:26:39][WildStr][Code.exe]

[Throw dll injection][27/06/2025 17:26:39][WildStr][Code.exe]

[Throw dll injection][27/06/2025 17:26:39][WildStr][Code.exe]

[Throw dll injection][27/06/2025 17:26:39][WildStr][Code.exe]

[Throw dll injection][27/06/2025 17:26:39][WildStr][Code.exe]

[Throw dll injection][27/06/2025 17:26:39][WildStr][Code.exe]

[Throw dll injection][27/06/2025 17:26:39][WildStr][Code.exe]

[Throw dll injection][27/06/2025 17:26:39][WildStr][Code.exe]

[Throw dll injection][27/06/2025 17:26:39][WildStr][cpptools.exe]

[Throw dll injection][27/06/2025 17:26:39][WildStr][cpptools.exe]

[Throw dll injection][27/06/2025 17:26:39][WildStr][conhost.exe]

[Throw dll injection][27/06/2025 17:26:39][WildStr][conhost.exe]

[Throw dll injection][27/06/2025 17:26:39][WildStr][Code.exe]

[Throw dll injection][27/06/2025 17:26:39][WildStr][Code.exe]

[Throw dll injection][27/06/2025 17:26:39][WildStr][cpptools.exe]

[Throw dll injection][27/06/2025 17:26:39][WildStr][cpptools.exe]

[Throw dll injection][27/06/2025 17:26:39][WildStr][cpptools-srv.exe]

[Throw dll injection][27/06/2025 17:26:39][WildStr][cpptools-srv.exe]

[Throw dll injection][27/06/2025 17:26:39][WildStr][conhost.exe]

[Throw dll injection][27/06/2025 17:26:39][WildStr][conhost.exe]

[Throw dll injection][27/06/2025 17:26:39][WildStr][Code.exe]

[Throw dll injection][27/06/2025 17:26:39][WildStr][Code.exe]

[Throw dll injection][27/06/2025 17:26:39][WildStr][conhost.exe]

[Throw dll injection][27/06/2025 17:26:39][WildStr][conhost.exe]

[Throw dll injection][27/06/2025 17:26:39][WildStr][powershell.exe]

[Throw dll injection][27/06/2025 17:26:39][WildStr][powershell.exe]

[Throw dll injection][27/06/2025 17:26:39][WildStr][vctip.exe]

[Throw dll injection][27/06/2025 17:26:39][WildStr][vctip.exe]

[Throw dll injection][27/06/2025 17:26:39][WildStr][cpptools-srv.exe]

[Throw dll injection][27/06/2025 17:26:39][WildStr][cpptools-srv.exe]

[Throw dll injection][27/06/2025 17:26:39][WildStr][conhost.exe]

[Throw dll injection][27/06/2025 17:26:39][WildStr][conhost.exe]

[Throw dll injection][27/06/2025 17:26:39][WildStr][svchost.exe]

[Throw dll injection][27/06/2025 17:26:39][WildStr][svchost.exe]

[Throw dll injection][27/06/2025 17:26:39][WildStr][smartscreen.exe]

[Throw dll injection][27/06/2025 17:26:39][WildStr][smartscreen.exe]

[Throw dll injection][27/06/2025 17:26:39][WildStr][conhost.exe]

[Throw dll injection][27/06/2025 17:26:39][WildStr][conhost.exe]

[Throw dll injection][27/06/2025 17:26:39][WildStr][powershell.exe]

[Throw dll injection][27/06/2025 17:26:39][WildStr][powershell.exe]

[Throw dll injection][27/06/2025 17:26:39][WildStr][audiodg.exe]

[Throw dll injection][27/06/2025 17:26:39][WildStr][audiodg.exe]

[Throw dll injection][27/06/2025 17:26:39][WildStr][Taskmgr.exe]

[Throw dll injection][27/06/2025 17:26:39][WildStr][Taskmgr.exe]

[Throw dll injection][27/06/2025 17:26:40][WildStr][System]

[Throw dll injection][27/06/2025 17:26:40][WildStr][Registry]

[Throw dll injection][27/06/2025 17:26:40][WildStr][Registry]

[Throw dll injection][27/06/2025 17:26:40][WildStr][smss.exe]

[Throw dll injection][27/06/2025 17:26:40][WildStr][smss.exe]

[Throw dll injection][27/06/2025 17:26:40][WildStr][csrss.exe]

[Throw dll injection][27/06/2025 17:26:40][WildStr][csrss.exe]

[Throw dll injection][27/06/2025 17:26:40][WildStr][wininit.exe]

[Throw dll injection][27/06/2025 17:26:40][WildStr][wininit.exe]

[Throw dll injection][27/06/2025 17:26:40][WildStr][csrss.exe]

[Throw dll injection][27/06/2025 17:26:40][WildStr][csrss.exe]

[Throw dll injection][27/06/2025 17:26:40][WildStr][winlogon.exe]

[Throw dll injection][27/06/2025 17:26:40][WildStr][winlogon.exe]

[Throw dll injection][27/06/2025 17:26:40][WildStr][services.exe]

[Throw dll injection][27/06/2025 17:26:40][WildStr][services.exe]

[Throw dll injection][27/06/2025 17:26:40][WildStr][lsass.exe]

[Throw dll injection][27/06/2025 17:26:40][WildStr][lsass.exe]

[Throw dll injection][27/06/2025 17:26:40][WildStr][svchost.exe]

[Throw dll injection][27/06/2025 17:26:40][WildStr][svchost.exe]

[Throw dll injection][27/06/2025 17:26:40][WildStr][fontdrvhost.exe]

[Throw dll injection][27/06/2025 17:26:40][WildStr][fontdrvhost.exe]

[Throw dll injection][27/06/2025 17:26:40][WildStr][fontdrvhost.exe]

[Throw dll injection][27/06/2025 17:26:40][WildStr][fontdrvhost.exe]

[Throw dll injection][27/06/2025 17:26:40][WildStr][svchost.exe]

[Throw dll injection][27/06/2025 17:26:40][WildStr][svchost.exe]

[Throw dll injection][27/06/2025 17:26:40][WildStr][svchost.exe]

[Throw dll injection][27/06/2025 17:26:40][WildStr][svchost.exe]

[Throw dll injection][27/06/2025 17:26:40][WildStr][dwm.exe]

[Throw dll injection][27/06/2025 17:26:40][WildStr][dwm.exe]

[Throw dll injection][27/06/2025 17:26:40][WildStr][svchost.exe]

[Throw dll injection][27/06/2025 17:26:40][WildStr][svchost.exe]

[Throw dll injection][27/06/2025 17:26:40][WildStr][svchost.exe]

[Throw dll injection][27/06/2025 17:26:40][WildStr][svchost.exe]

[Throw dll injection][27/06/2025 17:26:40][WildStr][svchost.exe]

[Throw dll injection][27/06/2025 17:26:40][WildStr][svchost.exe]

[Throw dll injection][27/06/2025 17:26:40][WildStr][svchost.exe]

[Throw dll injection][27/06/2025 17:26:40][WildStr][svchost.exe]

[Throw dll injection][27/06/2025 17:26:40][WildStr][svchost.exe]

[Throw dll injection][27/06/2025 17:26:40][WildStr][svchost.exe]

[Throw dll injection][27/06/2025 17:26:40][WildStr][svchost.exe]

[Throw dll injection][27/06/2025 17:26:40][WildStr][svchost.exe]

[Throw dll injection][27/06/2025 17:26:40][WildStr][svchost.exe]

[Throw dll injection][27/06/2025 17:26:40][WildStr][svchost.exe]

[Throw dll injection][27/06/2025 17:26:40][WildStr][svchost.exe]

[Throw dll injection][27/06/2025 17:26:40][WildStr][svchost.exe]

[Throw dll injection][27/06/2025 17:26:40][WildStr][svchost.exe]

[Throw dll injection][27/06/2025 17:26:40][WildStr][svchost.exe]

[Throw dll injection][27/06/2025 17:26:40][WildStr][svchost.exe]

[Throw dll injection][27/06/2025 17:26:40][WildStr][svchost.exe]

[Throw dll injection][27/06/2025 17:26:40][WildStr][svchost.exe]

[Throw dll injection][27/06/2025 17:26:40][WildStr][svchost.exe]

[Throw dll injection][27/06/2025 17:26:40][WildStr][svchost.exe]

[Throw dll injection][27/06/2025 17:26:40][WildStr][svchost.exe]

[Throw dll injection][27/06/2025 17:26:40][WildStr][svchost.exe]

[Throw dll injection][27/06/2025 17:26:40][WildStr][svchost.exe]

[Throw dll injection][27/06/2025 17:26:40][WildStr][VBoxService.exe]

[Throw dll injection][27/06/2025 17:26:40][WildStr][VBoxService.exe]

[Throw dll injection][27/06/2025 17:26:40][WildStr][svchost.exe]

[Throw dll injection][27/06/2025 17:26:40][WildStr][svchost.exe]

[Throw dll injection][27/06/2025 17:26:40][WildStr][svchost.exe]

[Throw dll injection][27/06/2025 17:26:40][WildStr][svchost.exe]

[Throw dll injection][27/06/2025 17:26:40][WildStr][svchost.exe]

[Throw dll injection][27/06/2025 17:26:40][WildStr][svchost.exe]

[Throw dll injection][27/06/2025 17:26:40][WildStr][svchost.exe]

[Throw dll injection][27/06/2025 17:26:40][WildStr][svchost.exe]

[Throw dll injection][27/06/2025 17:26:40][WildStr][svchost.exe]

[Throw dll injection][27/06/2025 17:26:40][WildStr][svchost.exe]

[Throw dll injection][27/06/2025 17:26:40][WildStr][svchost.exe]

[Throw dll injection][27/06/2025 17:26:40][WildStr][svchost.exe]

[Throw dll injection][27/06/2025 17:26:40][WildStr][Memory Compression]

[Throw dll injection][27/06/2025 17:26:40][WildStr][Memory Compression]

[Throw dll injection][27/06/2025 17:26:40][WildStr][svchost.exe]

[Throw dll injection][27/06/2025 17:26:40][WildStr][svchost.exe]

[Throw dll injection][27/06/2025 17:26:40][WildStr][svchost.exe]

[Throw dll injection][27/06/2025 17:26:40][WildStr][svchost.exe]

[Throw dll injection][27/06/2025 17:26:40][WildStr][svchost.exe]

[Throw dll injection][27/06/2025 17:26:40][WildStr][svchost.exe]

[Throw dll injection][27/06/2025 17:26:40][WildStr][svchost.exe]

[Throw dll injection][27/06/2025 17:26:40][WildStr][svchost.exe]

[Throw dll injection][27/06/2025 17:26:40][WildStr][svchost.exe]

[Throw dll injection][27/06/2025 17:26:40][WildStr][svchost.exe]

[Throw dll injection][27/06/2025 17:26:40][WildStr][svchost.exe]

[Throw dll injection][27/06/2025 17:26:40][WildStr][svchost.exe]

[Throw dll injection][27/06/2025 17:26:40][WildStr][svchost.exe]

[Throw dll injection][27/06/2025 17:26:40][WildStr][svchost.exe]

[Throw dll injection][27/06/2025 17:26:40][WildStr][svchost.exe]

[Throw dll injection][27/06/2025 17:26:40][WildStr][svchost.exe]

[Throw dll injection][27/06/2025 17:26:40][WildStr][spoolsv.exe]

[Throw dll injection][27/06/2025 17:26:40][WildStr][spoolsv.exe]

[Throw dll injection][27/06/2025 17:26:40][WildStr][svchost.exe]

[Throw dll injection][27/06/2025 17:26:40][WildStr][svchost.exe]

[Throw dll injection][27/06/2025 17:26:40][WildStr][svchost.exe]

[Throw dll injection][27/06/2025 17:26:40][WildStr][svchost.exe]

[Throw dll injection][27/06/2025 17:26:40][WildStr][svchost.exe]

[Throw dll injection][27/06/2025 17:26:40][WildStr][svchost.exe]

[Throw dll injection][27/06/2025 17:26:40][WildStr][svchost.exe]

[Throw dll injection][27/06/2025 17:26:40][WildStr][svchost.exe]

[Throw dll injection][27/06/2025 17:26:40][WildStr][ssh-agent.exe]

[Throw dll injection][27/06/2025 17:26:40][WildStr][ssh-agent.exe]

[Throw dll injection][27/06/2025 17:26:40][WildStr][sshd.exe]

[Throw dll injection][27/06/2025 17:26:40][WildStr][sshd.exe]

[Throw dll injection][27/06/2025 17:26:40][WildStr][svchost.exe]

[Throw dll injection][27/06/2025 17:26:40][WildStr][svchost.exe]

[Throw dll injection][27/06/2025 17:26:40][WildStr][svchost.exe]

[Throw dll injection][27/06/2025 17:26:40][WildStr][svchost.exe]

[Throw dll injection][27/06/2025 17:26:40][WildStr][svchost.exe]

[Throw dll injection][27/06/2025 17:26:40][WildStr][svchost.exe]

[Throw dll injection][27/06/2025 17:26:40][WildStr][svchost.exe]

[Throw dll injection][27/06/2025 17:26:40][WildStr][svchost.exe]

[Throw dll injection][27/06/2025 17:26:40][WildStr][svchost.exe]

[Throw dll injection][27/06/2025 17:26:40][WildStr][svchost.exe]

[Throw dll injection][27/06/2025 17:26:40][WildStr][svchost.exe]

[Throw dll injection][27/06/2025 17:26:40][WildStr][svchost.exe]

[Throw dll injection][27/06/2025 17:26:40][WildStr][svchost.exe]

[Throw dll injection][27/06/2025 17:26:40][WildStr][svchost.exe]

[Throw dll injection][27/06/2025 17:26:40][WildStr][svchost.exe]

[Throw dll injection][27/06/2025 17:26:40][WildStr][svchost.exe]

[Throw dll injection][27/06/2025 17:26:40][WildStr][svchost.exe]

[Throw dll injection][27/06/2025 17:26:40][WildStr][MpDefenderCoreService.exe]

[Throw dll injection][27/06/2025 17:26:40][WildStr][MpDefenderCoreService.exe]

[Throw dll injection][27/06/2025 17:26:40][WildStr][MsMpEng.exe]

[Throw dll injection][27/06/2025 17:26:40][WildStr][MsMpEng.exe]

[Throw dll injection][27/06/2025 17:26:40][WildStr][SearchIndexer.exe]

[Throw dll injection][27/06/2025 17:26:40][WildStr][SearchIndexer.exe]

[Throw dll injection][27/06/2025 17:26:40][WildStr][AggregatorHost.exe]

[Throw dll injection][27/06/2025 17:26:40][WildStr][AggregatorHost.exe]

[Throw dll injection][27/06/2025 17:26:40][WildStr][dllhost.exe]

[Throw dll injection][27/06/2025 17:26:40][WildStr][dllhost.exe]

[Throw dll injection][27/06/2025 17:26:40][WildStr][svchost.exe]

[Throw dll injection][27/06/2025 17:26:40][WildStr][svchost.exe]

[Throw dll injection][27/06/2025 17:26:40][WildStr][NisSrv.exe]

[Throw dll injection][27/06/2025 17:26:40][WildStr][NisSrv.exe]

[Throw dll injection][27/06/2025 17:26:40][WildStr][sihost.exe]

[Throw dll injection][27/06/2025 17:26:40][WildStr][sihost.exe]

[Throw dll injection][27/06/2025 17:26:40][WildStr][svchost.exe]

[Throw dll injection][27/06/2025 17:26:40][WildStr][svchost.exe]

[Throw dll injection][27/06/2025 17:26:40][WildStr][svchost.exe]

[Throw dll injection][27/06/2025 17:26:40][WildStr][svchost.exe]

[Throw dll injection][27/06/2025 17:26:40][WildStr][taskhostw.exe]

[Throw dll injection][27/06/2025 17:26:40][WildStr][taskhostw.exe]

[Throw dll injection][27/06/2025 17:26:40][WildStr][MicrosoftEdgeUpdate.exe]

[Throw dll injection][27/06/2025 17:26:40][WildStr][MicrosoftEdgeUpdate.exe]

[Throw dll injection][27/06/2025 17:26:40][WildStr][svchost.exe]

[Throw dll injection][27/06/2025 17:26:40][WildStr][svchost.exe]

[Throw dll injection][27/06/2025 17:26:40][WildStr][ctfmon.exe]

[Throw dll injection][27/06/2025 17:26:40][WildStr][ctfmon.exe]

[Throw dll injection][27/06/2025 17:26:40][WildStr][svchost.exe]

[Throw dll injection][27/06/2025 17:26:40][WildStr][svchost.exe]

[Throw dll injection][27/06/2025 17:26:40][WildStr][svchost.exe]

[Throw dll injection][27/06/2025 17:26:40][WildStr][svchost.exe]

[Throw dll injection][27/06/2025 17:26:40][WildStr][explorer.exe]

[Throw dll injection][27/06/2025 17:26:40][WildStr][explorer.exe]

[Throw dll injection][27/06/2025 17:26:40][WildStr][svchost.exe]

[Throw dll injection][27/06/2025 17:26:40][WildStr][svchost.exe]

[Throw dll injection][27/06/2025 17:26:40][WildStr][StartMenuExperienceHost.exe]

[Throw dll injection][27/06/2025 17:26:40][WildStr][StartMenuExperienceHost.exe]

[Throw dll injection][27/06/2025 17:26:40][WildStr][RuntimeBroker.exe]

[Throw dll injection][27/06/2025 17:26:40][WildStr][RuntimeBroker.exe]

[Throw dll injection][27/06/2025 17:26:40][WildStr][SearchApp.exe]

[Throw dll injection][27/06/2025 17:26:40][WildStr][SearchApp.exe]

[Throw dll injection][27/06/2025 17:26:40][WildStr][svchost.exe]

[Throw dll injection][27/06/2025 17:26:40][WildStr][svchost.exe]

[Throw dll injection][27/06/2025 17:26:40][WildStr][RuntimeBroker.exe]

[Throw dll injection][27/06/2025 17:26:40][WildStr][RuntimeBroker.exe]

[Throw dll injection][27/06/2025 17:26:40][WildStr][RuntimeBroker.exe]

[Throw dll injection][27/06/2025 17:26:40][WildStr][RuntimeBroker.exe]

[Throw dll injection][27/06/2025 17:26:40][WildStr][svchost.exe]

[Throw dll injection][27/06/2025 17:26:40][WildStr][svchost.exe]

[Throw dll injection][27/06/2025 17:26:40][WildStr][SecurityHealthSystray.exe]

[Throw dll injection][27/06/2025 17:26:40][WildStr][SecurityHealthSystray.exe]

[Throw dll injection][27/06/2025 17:26:40][WildStr][SecurityHealthService.exe]

[Throw dll injection][27/06/2025 17:26:40][WildStr][SecurityHealthService.exe]

[Throw dll injection][27/06/2025 17:26:40][WildStr][VBoxTray.exe]

[Throw dll injection][27/06/2025 17:26:40][WildStr][VBoxTray.exe]

[Throw dll injection][27/06/2025 17:26:40][WildStr][OneDrive.exe]

[Throw dll injection][27/06/2025 17:26:40][WildStr][OneDrive.exe]

[Throw dll injection][27/06/2025 17:26:40][WildStr][svchost.exe]

[Throw dll injection][27/06/2025 17:26:40][WildStr][svchost.exe]

[Throw dll injection][27/06/2025 17:26:40][WildStr][svchost.exe]

[Throw dll injection][27/06/2025 17:26:40][WildStr][svchost.exe]

[Throw dll injection][27/06/2025 17:26:40][WildStr][svchost.exe]

[Throw dll injection][27/06/2025 17:26:40][WildStr][svchost.exe]

[Throw dll injection][27/06/2025 17:26:40][WildStr][svchost.exe]

[Throw dll injection][27/06/2025 17:26:40][WildStr][svchost.exe]

[Throw dll injection][27/06/2025 17:26:40][WildStr][svchost.exe]

[Throw dll injection][27/06/2025 17:26:40][WildStr][svchost.exe]

[Throw dll injection][27/06/2025 17:26:40][WildStr][svchost.exe]

[Throw dll injection][27/06/2025 17:26:40][WildStr][svchost.exe]

[Throw dll injection][27/06/2025 17:26:40][WildStr][TextInputHost.exe]

[Throw dll injection][27/06/2025 17:26:40][WildStr][TextInputHost.exe]

[Throw dll injection][27/06/2025 17:26:40][WildStr][ApplicationFrameHost.exe]

[Throw dll injection][27/06/2025 17:26:40][WildStr][ApplicationFrameHost.exe]

[Throw dll injection][27/06/2025 17:26:40][WildStr][SystemSettings.exe]

[Throw dll injection][27/06/2025 17:26:40][WildStr][SystemSettings.exe]

[Throw dll injection][27/06/2025 17:26:40][WildStr][UserOOBEBroker.exe]

[Throw dll injection][27/06/2025 17:26:40][WildStr][UserOOBEBroker.exe]

[Throw dll injection][27/06/2025 17:26:40][WildStr][SearchApp.exe]

[Throw dll injection][27/06/2025 17:26:40][WildStr][SearchApp.exe]

[Throw dll injection][27/06/2025 17:26:40][WildStr][msedgewebview2.exe]

[Throw dll injection][27/06/2025 17:26:40][WildStr][msedgewebview2.exe]

[Throw dll injection][27/06/2025 17:26:40][WildStr][msedgewebview2.exe]

[Throw dll injection][27/06/2025 17:26:40][WildStr][msedgewebview2.exe]

[Throw dll injection][27/06/2025 17:26:40][WildStr][msedgewebview2.exe]

[Throw dll injection][27/06/2025 17:26:40][WildStr][msedgewebview2.exe]

[Throw dll injection][27/06/2025 17:26:40][WildStr][msedgewebview2.exe]

[Throw dll injection][27/06/2025 17:26:40][WildStr][msedgewebview2.exe]

[Throw dll injection][27/06/2025 17:26:40][WildStr][msedgewebview2.exe]

[Throw dll injection][27/06/2025 17:26:40][WildStr][msedgewebview2.exe]

[Throw dll injection][27/06/2025 17:26:40][WildStr][msedgewebview2.exe]

[Throw dll injection][27/06/2025 17:26:40][WildStr][msedgewebview2.exe]

[Throw dll injection][27/06/2025 17:26:40][WildStr][FileCoAuth.exe]

[Throw dll injection][27/06/2025 17:26:40][WildStr][FileCoAuth.exe]

[Throw dll injection][27/06/2025 17:26:40][WildStr][svchost.exe]

[Throw dll injection][27/06/2025 17:26:40][WildStr][svchost.exe]

[Throw dll injection][27/06/2025 17:26:40][WildStr][msedge.exe]

[Throw dll injection][27/06/2025 17:26:40][WildStr][msedge.exe]

[Throw dll injection][27/06/2025 17:26:40][WildStr][msedge.exe]

[Throw dll injection][27/06/2025 17:26:40][WildStr][msedge.exe]

[Throw dll injection][27/06/2025 17:26:40][WildStr][msedge.exe]

[Throw dll injection][27/06/2025 17:26:40][WildStr][msedge.exe]

[Throw dll injection][27/06/2025 17:26:40][WildStr][msedge.exe]

[Throw dll injection][27/06/2025 17:26:40][WildStr][msedge.exe]

[Throw dll injection][27/06/2025 17:26:40][WildStr][msedge.exe]

[Throw dll injection][27/06/2025 17:26:40][WildStr][msedge.exe]

[Throw dll injection][27/06/2025 17:26:40][WildStr][svchost.exe]

[Throw dll injection][27/06/2025 17:26:40][WildStr][svchost.exe]

[Throw dll injection][27/06/2025 17:26:40][WildStr][svchost.exe]

[Throw dll injection][27/06/2025 17:26:40][WildStr][svchost.exe]

[Throw dll injection][27/06/2025 17:26:40][WildStr][svchost.exe]

[Throw dll injection][27/06/2025 17:26:40][WildStr][svchost.exe]

[Throw dll injection][27/06/2025 17:26:40][WildStr][dllhost.exe]

[Throw dll injection][27/06/2025 17:26:40][WildStr][dllhost.exe]

[Throw dll injection][27/06/2025 17:26:40][WildStr][ShellExperienceHost.exe]

[Throw dll injection][27/06/2025 17:26:40][WildStr][ShellExperienceHost.exe]

[Throw dll injection][27/06/2025 17:26:40][WildStr][RuntimeBroker.exe]

[Throw dll injection][27/06/2025 17:26:40][WildStr][RuntimeBroker.exe]

[Throw dll injection][27/06/2025 17:26:40][WildStr][powershell.exe]

[Throw dll injection][27/06/2025 17:26:40][WildStr][powershell.exe]

[Throw dll injection][27/06/2025 17:26:40][WildStr][conhost.exe]

[Throw dll injection][27/06/2025 17:26:40][WildStr][conhost.exe]

[Throw dll injection][27/06/2025 17:26:40][WildStr][cmd.exe]

[Throw dll injection][27/06/2025 17:26:40][WildStr][cmd.exe]

[Throw dll injection][27/06/2025 17:26:40][WildStr][conhost.exe]

[Throw dll injection][27/06/2025 17:26:40][WildStr][conhost.exe]

[Throw dll injection][27/06/2025 17:26:40][WildStr][powershell.exe]

[Throw dll injection][27/06/2025 17:26:40][WildStr][powershell.exe]

[Throw dll injection][27/06/2025 17:26:40][WildStr][Code.exe]

[Throw dll injection][27/06/2025 17:26:40][WildStr][Code.exe]

[Throw dll injection][27/06/2025 17:26:40][WildStr][Code.exe]

[Throw dll injection][27/06/2025 17:26:40][WildStr][Code.exe]

[Throw dll injection][27/06/2025 17:26:40][WildStr][Code.exe]

[Throw dll injection][27/06/2025 17:26:40][WildStr][Code.exe]

[Throw dll injection][27/06/2025 17:26:40][WildStr][Code.exe]

[Throw dll injection][27/06/2025 17:26:40][WildStr][Code.exe]

[Throw dll injection][27/06/2025 17:26:40][WildStr][Code.exe]

[Throw dll injection][27/06/2025 17:26:40][WildStr][Code.exe]

[Throw dll injection][27/06/2025 17:26:40][WildStr][Code.exe]

[Throw dll injection][27/06/2025 17:26:40][WildStr][Code.exe]

[Throw dll injection][27/06/2025 17:26:40][WildStr][Code.exe]

[Throw dll injection][27/06/2025 17:26:40][WildStr][Code.exe]

[Throw dll injection][27/06/2025 17:26:40][WildStr][Code.exe]

[Throw dll injection][27/06/2025 17:26:40][WildStr][Code.exe]

[Throw dll injection][27/06/2025 17:26:40][WildStr][cpptools.exe]

[Throw dll injection][27/06/2025 17:26:40][WildStr][cpptools.exe]

[Throw dll injection][27/06/2025 17:26:40][WildStr][conhost.exe]

[Throw dll injection][27/06/2025 17:26:40][WildStr][conhost.exe]

[Throw dll injection][27/06/2025 17:26:40][WildStr][Code.exe]

[Throw dll injection][27/06/2025 17:26:40][WildStr][cpptools.exe]

[Throw dll injection][27/06/2025 17:26:40][WildStr][cpptools.exe]

[Throw dll injection][27/06/2025 17:26:40][WildStr][cpptools-srv.exe]

[Throw dll injection][27/06/2025 17:26:40][WildStr][cpptools-srv.exe]

[Throw dll injection][27/06/2025 17:26:40][WildStr][conhost.exe]

[Throw dll injection][27/06/2025 17:26:40][WildStr][conhost.exe]

[Throw dll injection][27/06/2025 17:26:40][WildStr][Code.exe]

[Throw dll injection][27/06/2025 17:26:40][WildStr][Code.exe]

[Throw dll injection][27/06/2025 17:26:40][WildStr][conhost.exe]

[Throw dll injection][27/06/2025 17:26:40][WildStr][conhost.exe]

[Throw dll injection][27/06/2025 17:26:40][WildStr][powershell.exe]

[Throw dll injection][27/06/2025 17:26:40][WildStr][powershell.exe]

[Throw dll injection][27/06/2025 17:26:40][WildStr][vctip.exe]

[Throw dll injection][27/06/2025 17:26:40][WildStr][vctip.exe]

[Throw dll injection][27/06/2025 17:26:40][WildStr][cpptools-srv.exe]

[Throw dll injection][27/06/2025 17:26:40][WildStr][cpptools-srv.exe]

[Throw dll injection][27/06/2025 17:26:40][WildStr][conhost.exe]

[Throw dll injection][27/06/2025 17:26:40][WildStr][conhost.exe]

[Throw dll injection][27/06/2025 17:26:40][WildStr][svchost.exe]

[Throw dll injection][27/06/2025 17:26:40][WildStr][svchost.exe]

[Throw dll injection][27/06/2025 17:26:40][WildStr][smartscreen.exe]

[Throw dll injection][27/06/2025 17:26:40][WildStr][smartscreen.exe]

[Throw dll injection][27/06/2025 17:26:40][WildStr][conhost.exe]

[Throw dll injection][27/06/2025 17:26:40][WildStr][conhost.exe]

[Throw dll injection][27/06/2025 17:26:40][WildStr][powershell.exe]

[Throw dll injection][27/06/2025 17:26:40][WildStr][powershell.exe]

[Throw dll injection][27/06/2025 17:26:40][WildStr][audiodg.exe]

[Throw dll injection][27/06/2025 17:26:40][WildStr][audiodg.exe]

[Throw dll injection][27/06/2025 17:26:40][WildStr][Taskmgr.exe]

[Throw dll injection][27/06/2025 17:26:40][WildStr][Taskmgr.exe]

[Throw dll injection][27/06/2025 17:26:41][WildStr][System]

[Throw dll injection][27/06/2025 17:26:41][WildStr][System]

[Throw dll injection][27/06/2025 17:26:41][WildStr][Registry]

[Throw dll injection][27/06/2025 17:26:41][WildStr][smss.exe]

[Throw dll injection][27/06/2025 17:26:41][WildStr][Registry]

[Throw dll injection][27/06/2025 17:26:41][WildStr][csrss.exe]

[Throw dll injection][27/06/2025 17:26:41][WildStr][wininit.exe]

[Throw dll injection][27/06/2025 17:26:41][WildStr][csrss.exe]

[Throw dll injection][27/06/2025 17:26:41][WildStr][csrss.exe]

[Throw dll injection][27/06/2025 17:26:41][WildStr][winlogon.exe]

[Throw dll injection][27/06/2025 17:26:41][WildStr][wininit.exe]

[Throw dll injection][27/06/2025 17:26:41][WildStr][csrss.exe]

[Throw dll injection][27/06/2025 17:26:41][WildStr][services.exe]

[Throw dll injection][27/06/2025 17:26:41][WildStr][winlogon.exe]

[Throw dll injection][27/06/2025 17:26:41][WildStr][services.exe]

[Throw dll injection][27/06/2025 17:26:41][WildStr][lsass.exe]


[Throw dll injection][27/06/2025 17:26:41][WildStr][svchost.exe]

[Throw dll injection][27/06/2025 17:26:41][WildStr][fontdrvhost.exe]

[Throw dll injection][27/06/2025 17:26:41][WildStr][fontdrvhost.exe]

[Throw dll injection][27/06/2025 17:26:41][WildStr][fontdrvhost.exe]

[Throw dll injection][27/06/2025 17:26:41][WildStr][fontdrvhost.exe]

[Throw dll injection][27/06/2025 17:26:41][WildStr][svchost.exe]

[Throw dll injection][27/06/2025 17:26:41][WildStr][svchost.exe]

[Throw dll injection][27/06/2025 17:26:41][WildStr][svchost.exe]

[Throw dll injection][27/06/2025 17:26:41][WildStr][svchost.exe]

[Throw dll injection][27/06/2025 17:26:41][WildStr][dwm.exe]

[Throw dll injection][27/06/2025 17:26:41][WildStr][dwm.exe]

[Throw dll injection][27/06/2025 17:26:41][WildStr][svchost.exe]

[Throw dll injection][27/06/2025 17:26:41][WildStr][svchost.exe]

[Throw dll injection][27/06/2025 17:26:41][WildStr][svchost.exe]

[Throw dll injection][27/06/2025 17:26:41][WildStr][svchost.exe]

[Throw dll injection][27/06/2025 17:26:41][WildStr][svchost.exe]

[Throw dll injection][27/06/2025 17:26:41][WildStr][svchost.exe]

[Throw dll injection][27/06/2025 17:26:41][WildStr][svchost.exe]

[Throw dll injection][27/06/2025 17:26:41][WildStr][svchost.exe]

[Throw dll injection][27/06/2025 17:26:41][WildStr][svchost.exe]

[Throw dll injection][27/06/2025 17:26:41][WildStr][svchost.exe]

[Throw dll injection][27/06/2025 17:26:41][WildStr][svchost.exe]

[Throw dll injection][27/06/2025 17:26:41][WildStr][svchost.exe]

[Throw dll injection][27/06/2025 17:26:41][WildStr][svchost.exe]

[Throw dll injection][27/06/2025 17:26:41][WildStr][svchost.exe]

[Throw dll injection][27/06/2025 17:26:41][WildStr][svchost.exe]

[Throw dll injection][27/06/2025 17:26:41][WildStr][svchost.exe]

[Throw dll injection][27/06/2025 17:26:41][WildStr][svchost.exe]

[Throw dll injection][27/06/2025 17:26:41][WildStr][svchost.exe]

[Throw dll injection][27/06/2025 17:26:41][WildStr][svchost.exe]

[Throw dll injection][27/06/2025 17:26:41][WildStr][svchost.exe]

[Throw dll injection][27/06/2025 17:26:41][WildStr][svchost.exe]

[Throw dll injection][27/06/2025 17:26:41][WildStr][svchost.exe]

[Throw dll injection][27/06/2025 17:26:41][WildStr][VBoxService.exe]

[Throw dll injection][27/06/2025 17:26:41][WildStr][svchost.exe]

[Throw dll injection][27/06/2025 17:26:41][WildStr][svchost.exe]

[Throw dll injection][27/06/2025 17:26:41][WildStr][VBoxService.exe]

[Throw dll injection][27/06/2025 17:26:41][WildStr][svchost.exe]

[Throw dll injection][27/06/2025 17:26:41][WildStr][svchost.exe]

[Throw dll injection][27/06/2025 17:26:41][WildStr][svchost.exe]

[Throw dll injection][27/06/2025 17:26:41][WildStr][svchost.exe]

[Throw dll injection][27/06/2025 17:26:41][WildStr][svchost.exe]

[Throw dll injection][27/06/2025 17:26:41][WildStr][svchost.exe]

[Throw dll injection][27/06/2025 17:26:41][WildStr][svchost.exe]

[Throw dll injection][27/06/2025 17:26:41][WildStr][svchost.exe]

[Throw dll injection][27/06/2025 17:26:41][WildStr][svchost.exe]

[Throw dll injection][27/06/2025 17:26:41][WildStr][svchost.exe]

[Throw dll injection][27/06/2025 17:26:41][WildStr][Memory Compression]

[Throw dll injection][27/06/2025 17:26:41][WildStr][svchost.exe]

[Throw dll injection][27/06/2025 17:26:41][WildStr][svchost.exe]

[Throw dll injection][27/06/2025 17:26:41][WildStr][Memory Compression]

[Throw dll injection][27/06/2025 17:26:41][WildStr][svchost.exe]

[Throw dll injection][27/06/2025 17:26:41][WildStr][svchost.exe]

[Throw dll injection][27/06/2025 17:26:41][WildStr][svchost.exe]

[Throw dll injection][27/06/2025 17:26:41][WildStr][svchost.exe]

[Throw dll injection][27/06/2025 17:26:41][WildStr][svchost.exe]

[Throw dll injection][27/06/2025 17:26:41][WildStr][svchost.exe]

[Throw dll injection][27/06/2025 17:26:41][WildStr][svchost.exe]

[Throw dll injection][27/06/2025 17:26:41][WildStr][svchost.exe]

[Throw dll injection][27/06/2025 17:26:41][WildStr][svchost.exe]

[Throw dll injection][27/06/2025 17:26:41][WildStr][svchost.exe]

[Throw dll injection][27/06/2025 17:26:41][WildStr][svchost.exe]

[Throw dll injection][27/06/2025 17:26:41][WildStr][svchost.exe]

[Throw dll injection][27/06/2025 17:26:41][WildStr][svchost.exe]

[Throw dll injection][27/06/2025 17:26:41][WildStr][svchost.exe]

[Throw dll injection][27/06/2025 17:26:41][WildStr][spoolsv.exe]

[Throw dll injection][27/06/2025 17:26:41][WildStr][svchost.exe]

[Throw dll injection][27/06/2025 17:26:41][WildStr][svchost.exe]

[Throw dll injection][27/06/2025 17:26:41][WildStr][spoolsv.exe]

[Throw dll injection][27/06/2025 17:26:41][WildStr][svchost.exe]

[Throw dll injection][27/06/2025 17:26:41][WildStr][svchost.exe]

[Throw dll injection][27/06/2025 17:26:41][WildStr][svchost.exe]

[Throw dll injection][27/06/2025 17:26:41][WildStr][svchost.exe]

[Throw dll injection][27/06/2025 17:26:41][WildStr][svchost.exe]

[Throw dll injection][27/06/2025 17:26:41][WildStr][svchost.exe]

[Throw dll injection][27/06/2025 17:26:41][WildStr][ssh-agent.exe]

[Throw dll injection][27/06/2025 17:26:41][WildStr][svchost.exe]

[Throw dll injection][27/06/2025 17:26:41][WildStr][sshd.exe]

[Throw dll injection][27/06/2025 17:26:41][WildStr][ssh-agent.exe]

[Throw dll injection][27/06/2025 17:26:41][WildStr][svchost.exe]

[Throw dll injection][27/06/2025 17:26:41][WildStr][sshd.exe]

[Throw dll injection][27/06/2025 17:26:41][WildStr][svchost.exe]

[Throw dll injection][27/06/2025 17:26:41][WildStr][svchost.exe]

[Throw dll injection][27/06/2025 17:26:41][WildStr][svchost.exe]

[Throw dll injection][27/06/2025 17:26:41][WildStr][svchost.exe]

[Throw dll injection][27/06/2025 17:26:41][WildStr][svchost.exe]

[Throw dll injection][27/06/2025 17:26:41][WildStr][svchost.exe]

[Throw dll injection][27/06/2025 17:26:41][WildStr][svchost.exe]

[Throw dll injection][27/06/2025 17:26:41][WildStr][svchost.exe]

[Throw dll injection][27/06/2025 17:26:41][WildStr][svchost.exe]

[Throw dll injection][27/06/2025 17:26:41][WildStr][svchost.exe]

[Throw dll injection][27/06/2025 17:26:41][WildStr][svchost.exe]

[Throw dll injection][27/06/2025 17:26:41][WildStr][svchost.exe]

[Throw dll injection][27/06/2025 17:26:41][WildStr][svchost.exe]

[Throw dll injection][27/06/2025 17:26:41][WildStr][svchost.exe]

[Throw dll injection][27/06/2025 17:26:41][WildStr][svchost.exe]

[Throw dll injection][27/06/2025 17:26:41][WildStr][svchost.exe]

[Throw dll injection][27/06/2025 17:26:41][WildStr][MpDefenderCoreService.exe]

[Throw dll injection][27/06/2025 17:26:41][WildStr][svchost.exe]

[Throw dll injection][27/06/2025 17:26:41][WildStr][MsMpEng.exe]

[Throw dll injection][27/06/2025 17:26:41][WildStr][MpDefenderCoreService.exe]

[Throw dll injection][27/06/2025 17:26:41][WildStr][SearchIndexer.exe]

[Throw dll injection][27/06/2025 17:26:41][WildStr][MsMpEng.exe]

[Throw dll injection][27/06/2025 17:26:41][WildStr][AggregatorHost.exe]

[Throw dll injection][27/06/2025 17:26:41][WildStr][SearchIndexer.exe]

[Throw dll injection][27/06/2025 17:26:41][WildStr][AggregatorHost.exe]

[Throw dll injection][27/06/2025 17:26:41][WildStr][dllhost.exe]

[Throw dll injection][27/06/2025 17:26:41][WildStr][NisSrv.exe]

[Throw dll injection][27/06/2025 17:26:41][WildStr][svchost.exe]

[Throw dll injection][27/06/2025 17:26:41][WildStr][NisSrv.exe]

[Throw dll injection][27/06/2025 17:26:41][WildStr][svchost.exe]

[Throw dll injection][27/06/2025 17:26:41][WildStr][sihost.exe]

[Throw dll injection][27/06/2025 17:26:41][WildStr][svchost.exe]

[Throw dll injection][27/06/2025 17:26:41][WildStr][svchost.exe]

[Throw dll injection][27/06/2025 17:26:41][WildStr][taskhostw.exe]

[Throw dll injection][27/06/2025 17:26:41][WildStr][svchost.exe]

[Throw dll injection][27/06/2025 17:26:41][WildStr][MicrosoftEdgeUpdate.exe]

[Throw dll injection][27/06/2025 17:26:41][WildStr][taskhostw.exe]

[Throw dll injection][27/06/2025 17:26:41][WildStr][svchost.exe]

[Throw dll injection][27/06/2025 17:26:41][WildStr][MicrosoftEdgeUpdate.exe]

[Throw dll injection][27/06/2025 17:26:41][WildStr][ctfmon.exe]

[Throw dll injection][27/06/2025 17:26:41][WildStr][svchost.exe]

[Throw dll injection][27/06/2025 17:26:41][WildStr][svchost.exe]

[Throw dll injection][27/06/2025 17:26:41][WildStr][ctfmon.exe]

[Throw dll injection][27/06/2025 17:26:41][WildStr][svchost.exe]

[Throw dll injection][27/06/2025 17:26:41][WildStr][svchost.exe]

[Throw dll injection][27/06/2025 17:26:41][WildStr][svchost.exe]


[Throw dll injection][27/06/2025 17:26:41][WildStr][svchost.exe]

[Throw dll injection][27/06/2025 17:26:41][WildStr][explorer.exe]

[Throw dll injection][27/06/2025 17:26:41][WildStr][StartMenuExperienceHost.exe]

[Throw dll injection][27/06/2025 17:26:41][WildStr][svchost.exe]

[Throw dll injection][27/06/2025 17:26:41][WildStr][RuntimeBroker.exe]

[Throw dll injection][27/06/2025 17:26:41][WildStr][StartMenuExperienceHost.exe]

[Throw dll injection][27/06/2025 17:26:41][WildStr][SearchApp.exe]

[Throw dll injection][27/06/2025 17:26:41][WildStr][RuntimeBroker.exe]

[Throw dll injection][27/06/2025 17:26:41][WildStr][svchost.exe]

[Throw dll injection][27/06/2025 17:26:41][WildStr][SearchApp.exe]

[Throw dll injection][27/06/2025 17:26:41][WildStr][RuntimeBroker.exe]

[Throw dll injection][27/06/2025 17:26:41][WildStr][svchost.exe]

[Throw dll injection][27/06/2025 17:26:41][WildStr][RuntimeBroker.exe]

[Throw dll injection][27/06/2025 17:26:41][WildStr][RuntimeBroker.exe]

[Throw dll injection][27/06/2025 17:26:41][WildStr][svchost.exe]

[Throw dll injection][27/06/2025 17:26:41][WildStr][RuntimeBroker.exe]

[Throw dll injection][27/06/2025 17:26:41][WildStr][SecurityHealthSystray.exe]

[Throw dll injection][27/06/2025 17:26:41][WildStr][svchost.exe]

[Throw dll injection][27/06/2025 17:26:41][WildStr][SecurityHealthService.exe]

[Throw dll injection][27/06/2025 17:26:41][WildStr][SecurityHealthSystray.exe]

[Throw dll injection][27/06/2025 17:26:41][WildStr][VBoxTray.exe]

[Throw dll injection][27/06/2025 17:26:41][WildStr][SecurityHealthService.exe]

[Throw dll injection][27/06/2025 17:26:41][WildStr][OneDrive.exe]

[Throw dll injection][27/06/2025 17:26:41][WildStr][VBoxTray.exe]

[Throw dll injection][27/06/2025 17:26:41][WildStr][svchost.exe]

[Throw dll injection][27/06/2025 17:26:41][WildStr][OneDrive.exe]

[Throw dll injection][27/06/2025 17:26:41][WildStr][svchost.exe]

[Throw dll injection][27/06/2025 17:26:41][WildStr][svchost.exe]

[Throw dll injection][27/06/2025 17:26:41][WildStr][svchost.exe]

[Throw dll injection][27/06/2025 17:26:41][WildStr][svchost.exe]

[Throw dll injection][27/06/2025 17:26:41][WildStr][svchost.exe]

[Throw dll injection][27/06/2025 17:26:41][WildStr][svchost.exe]

[Throw dll injection][27/06/2025 17:26:41][WildStr][svchost.exe]

[Throw dll injection][27/06/2025 17:26:41][WildStr][svchost.exe]

[Throw dll injection][27/06/2025 17:26:41][WildStr][svchost.exe]

[Throw dll injection][27/06/2025 17:26:41][WildStr][svchost.exe]

[Throw dll injection][27/06/2025 17:26:41][WildStr][TextInputHost.exe]

[Throw dll injection][27/06/2025 17:26:41][WildStr][svchost.exe]

[Throw dll injection][27/06/2025 17:26:41][WildStr][ApplicationFrameHost.exe]

[Throw dll injection][27/06/2025 17:26:41][WildStr][TextInputHost.exe]

[Throw dll injection][27/06/2025 17:26:41][WildStr][SystemSettings.exe]

[Throw dll injection][27/06/2025 17:26:41][WildStr][ApplicationFrameHost.exe]

[Throw dll injection][27/06/2025 17:26:41][WildStr][UserOOBEBroker.exe]

[Throw dll injection][27/06/2025 17:26:41][WildStr][SystemSettings.exe]

[Throw dll injection][27/06/2025 17:26:41][WildStr][SearchApp.exe]

[Throw dll injection][27/06/2025 17:26:41][WildStr][UserOOBEBroker.exe]

[Throw dll injection][27/06/2025 17:26:41][WildStr][SearchApp.exe]

[Throw dll injection][27/06/2025 17:26:41][WildStr][msedgewebview2.exe]

[Throw dll injection][27/06/2025 17:26:41][WildStr][msedgewebview2.exe]

[Throw dll injection][27/06/2025 17:26:41][WildStr][msedgewebview2.exe]

[Throw dll injection][27/06/2025 17:26:41][WildStr][msedgewebview2.exe]

[Throw dll injection][27/06/2025 17:26:41][WildStr][msedgewebview2.exe]

[Throw dll injection][27/06/2025 17:26:41][WildStr][msedgewebview2.exe]

[Throw dll injection][27/06/2025 17:26:41][WildStr][msedgewebview2.exe]

[Throw dll injection][27/06/2025 17:26:41][WildStr][msedgewebview2.exe]

[Throw dll injection][27/06/2025 17:26:41][WildStr][msedgewebview2.exe]

[Throw dll injection][27/06/2025 17:26:41][WildStr][msedgewebview2.exe]

[Throw dll injection][27/06/2025 17:26:41][WildStr][msedgewebview2.exe]

[Throw dll injection][27/06/2025 17:26:41][WildStr][msedgewebview2.exe]

[Throw dll injection][27/06/2025 17:26:41][WildStr][FileCoAuth.exe]

[Throw dll injection][27/06/2025 17:26:41][WildStr][FileCoAuth.exe]

[Throw dll injection][27/06/2025 17:26:41][WildStr][svchost.exe]

[Throw dll injection][27/06/2025 17:26:41][WildStr][svchost.exe]

[Throw dll injection][27/06/2025 17:26:41][WildStr][msedge.exe]

[Throw dll injection][27/06/2025 17:26:41][WildStr][msedge.exe]

[Throw dll injection][27/06/2025 17:26:41][WildStr][msedge.exe]

[Throw dll injection][27/06/2025 17:26:41][WildStr][msedge.exe]

[Throw dll injection][27/06/2025 17:26:41][WildStr][msedge.exe]

[Throw dll injection][27/06/2025 17:26:41][WildStr][msedge.exe]

[Throw dll injection][27/06/2025 17:26:41][WildStr][msedge.exe]

[Throw dll injection][27/06/2025 17:26:41][WildStr][msedge.exe]

[Throw dll injection][27/06/2025 17:26:41][WildStr][msedge.exe]

[Throw dll injection][27/06/2025 17:26:41][WildStr][msedge.exe]

[Throw dll injection][27/06/2025 17:26:41][WildStr][svchost.exe]

[Throw dll injection][27/06/2025 17:26:41][WildStr][svchost.exe]

[Throw dll injection][27/06/2025 17:26:41][WildStr][svchost.exe]

[Throw dll injection][27/06/2025 17:26:41][WildStr][svchost.exe]

[Throw dll injection][27/06/2025 17:26:41][WildStr][svchost.exe]

[Throw dll injection][27/06/2025 17:26:41][WildStr][svchost.exe]

[Throw dll injection][27/06/2025 17:26:41][WildStr][dllhost.exe]

[Throw dll injection][27/06/2025 17:26:41][WildStr][dllhost.exe]

[Throw dll injection][27/06/2025 17:26:41][WildStr][ShellExperienceHost.exe]

[Throw dll injection][27/06/2025 17:26:41][WildStr][ShellExperienceHost.exe]

[Throw dll injection][27/06/2025 17:26:41][WildStr][RuntimeBroker.exe]

[Throw dll injection][27/06/2025 17:26:41][WildStr][RuntimeBroker.exe]

[Throw dll injection][27/06/2025 17:26:41][WildStr][powershell.exe]

[Throw dll injection][27/06/2025 17:26:41][WildStr][powershell.exe]

[Throw dll injection][27/06/2025 17:26:41][WildStr][conhost.exe]

[Throw dll injection][27/06/2025 17:26:41][WildStr][conhost.exe]

[Throw dll injection][27/06/2025 17:26:41][WildStr][cmd.exe]

[Throw dll injection][27/06/2025 17:26:41][WildStr][cmd.exe]

[Throw dll injection][27/06/2025 17:26:41][WildStr][conhost.exe]

[Throw dll injection][27/06/2025 17:26:41][WildStr][conhost.exe]

[Throw dll injection][27/06/2025 17:26:41][WildStr][powershell.exe]

[Throw dll injection][27/06/2025 17:26:41][WildStr][powershell.exe]

[Throw dll injection][27/06/2025 17:26:41][WildStr][Code.exe]

[Throw dll injection][27/06/2025 17:26:41][WildStr][Code.exe]

[Throw dll injection][27/06/2025 17:26:41][WildStr][Code.exe]

[Throw dll injection][27/06/2025 17:26:41][WildStr][Code.exe]

[Throw dll injection][27/06/2025 17:26:41][WildStr][Code.exe]

[Throw dll injection][27/06/2025 17:26:41][WildStr][Code.exe]

[Throw dll injection][27/06/2025 17:26:41][WildStr][Code.exe]

[Throw dll injection][27/06/2025 17:26:41][WildStr][Code.exe]

[Throw dll injection][27/06/2025 17:26:41][WildStr][Code.exe]

[Throw dll injection][27/06/2025 17:26:41][WildStr][Code.exe]

[Throw dll injection][27/06/2025 17:26:41][WildStr][Code.exe]

[Throw dll injection][27/06/2025 17:26:41][WildStr][Code.exe]

[Throw dll injection][27/06/2025 17:26:41][WildStr][Code.exe]

[Throw dll injection][27/06/2025 17:26:41][WildStr][Code.exe]

[Throw dll injection][27/06/2025 17:26:41][WildStr][Code.exe]

[Throw dll injection][27/06/2025 17:26:41][WildStr][Code.exe]

[Throw dll injection][27/06/2025 17:26:41][WildStr][cpptools.exe]

[Throw dll injection][27/06/2025 17:26:41][WildStr][cpptools.exe]

[Throw dll injection][27/06/2025 17:26:41][WildStr][conhost.exe]

[Throw dll injection][27/06/2025 17:26:41][WildStr][conhost.exe]

[Throw dll injection][27/06/2025 17:26:41][WildStr][Code.exe]

[Throw dll injection][27/06/2025 17:26:41][WildStr][Code.exe]

[Throw dll injection][27/06/2025 17:26:41][WildStr][cpptools.exe]

[Throw dll injection][27/06/2025 17:26:41][WildStr][cpptools.exe]

[Throw dll injection][27/06/2025 17:26:41][WildStr][cpptools-srv.exe]

[Throw dll injection][27/06/2025 17:26:41][WildStr][cpptools-srv.exe]

[Throw dll injection][27/06/2025 17:26:41][WildStr][conhost.exe]

[Throw dll injection][27/06/2025 17:26:41][WildStr][conhost.exe]

[Throw dll injection][27/06/2025 17:26:41][WildStr][Code.exe]

[Throw dll injection][27/06/2025 17:26:41][WildStr][Code.exe]

[Throw dll injection][27/06/2025 17:26:41][WildStr][conhost.exe]

[Throw dll injection][27/06/2025 17:26:41][WildStr][conhost.exe]

[Throw dll injection][27/06/2025 17:26:41][WildStr][powershell.exe]

[Throw dll injection][27/06/2025 17:26:41][WildStr][powershell.exe]

[Throw dll injection][27/06/2025 17:26:41][WildStr][vctip.exe]

[Throw dll injection][27/06/2025 17:26:41][WildStr][vctip.exe]

[Throw dll injection][27/06/2025 17:26:41][WildStr][cpptools-srv.exe]

[Throw dll injection][27/06/2025 17:26:41][WildStr][cpptools-srv.exe]

[Throw dll injection][27/06/2025 17:26:41][WildStr][conhost.exe]

[Throw dll injection][27/06/2025 17:26:41][WildStr][conhost.exe]

[Throw dll injection][27/06/2025 17:26:41][WildStr][svchost.exe]

[Throw dll injection][27/06/2025 17:26:41][WildStr][svchost.exe]

[Throw dll injection][27/06/2025 17:26:41][WildStr][smartscreen.exe]

[Throw dll injection][27/06/2025 17:26:41][WildStr][smartscreen.exe]

[Throw dll injection][27/06/2025 17:26:41][WildStr][conhost.exe]

[Throw dll injection][27/06/2025 17:26:41][WildStr][conhost.exe]

[Throw dll injection][27/06/2025 17:26:41][WildStr][powershell.exe]

[Throw dll injection][27/06/2025 17:26:41][WildStr][powershell.exe]

[Throw dll injection][27/06/2025 17:26:41][WildStr][audiodg.exe]

[Throw dll injection][27/06/2025 17:26:41][WildStr][audiodg.exe]

[Throw dll injection][27/06/2025 17:26:41][WildStr][Taskmgr.exe]

[Throw dll injection][27/06/2025 17:26:41][WildStr][Taskmgr.exe]

[Throw dll injection][27/06/2025 17:26:42][WildStr][System]

[Throw dll injection][27/06/2025 17:26:42][WildStr][System]

[Throw dll injection][27/06/2025 17:26:42][WildStr][Registry]

[Throw dll injection][27/06/2025 17:26:42][WildStr][Registry]

[Throw dll injection][27/06/2025 17:26:42][WildStr][smss.exe]

[Throw dll injection][27/06/2025 17:26:42][WildStr][smss.exe]

[Throw dll injection][27/06/2025 17:26:42][WildStr][csrss.exe]

[Throw dll injection][27/06/2025 17:26:42][WildStr][csrss.exe]

[Throw dll injection][27/06/2025 17:26:42][WildStr][wininit.exe]

[Throw dll injection][27/06/2025 17:26:42][WildStr][csrss.exe]

[Throw dll injection][27/06/2025 17:26:42][WildStr][wininit.exe]

[Throw dll injection][27/06/2025 17:26:42][WildStr][winlogon.exe]

[Throw dll injection][27/06/2025 17:26:42][WildStr][services.exe]

[Throw dll injection][27/06/2025 17:26:42][WildStr][csrss.exe]

[Throw dll injection][27/06/2025 17:26:42][WildStr][winlogon.exe]

[Throw dll injection][27/06/2025 17:26:42][WildStr][lsass.exe]

[Throw dll injection][27/06/2025 17:26:42][WildStr][services.exe]

[Throw dll injection][27/06/2025 17:26:42][WildStr][svchost.exe]

[Throw dll injection][27/06/2025 17:26:42][WildStr][lsass.exe]

[Throw dll injection][27/06/2025 17:26:42][WildStr][svchost.exe]

[Throw dll injection][27/06/2025 17:26:42][WildStr][fontdrvhost.exe]

[Throw dll injection][27/06/2025 17:26:42][WildStr][fontdrvhost.exe]

[Throw dll injection][27/06/2025 17:26:42][WildStr][fontdrvhost.exe]

[Throw dll injection][27/06/2025 17:26:42][WildStr][fontdrvhost.exe]

[Throw dll injection][27/06/2025 17:26:42][WildStr][svchost.exe]

[Throw dll injection][27/06/2025 17:26:42][WildStr][svchost.exe]

[Throw dll injection][27/06/2025 17:26:42][WildStr][svchost.exe]

[Throw dll injection][27/06/2025 17:26:42][WildStr][svchost.exe]

[Throw dll injection][27/06/2025 17:26:42][WildStr][dwm.exe]

[Throw dll injection][27/06/2025 17:26:42][WildStr][dwm.exe]

[Throw dll injection][27/06/2025 17:26:42][WildStr][svchost.exe]

[Throw dll injection][27/06/2025 17:26:42][WildStr][svchost.exe]

[Throw dll injection][27/06/2025 17:26:42][WildStr][svchost.exe]

[Throw dll injection][27/06/2025 17:26:42][WildStr][svchost.exe]

[Throw dll injection][27/06/2025 17:26:42][WildStr][svchost.exe]

[Throw dll injection][27/06/2025 17:26:42][WildStr][svchost.exe]

[Throw dll injection][27/06/2025 17:26:42][WildStr][svchost.exe]

[Throw dll injection][27/06/2025 17:26:42][WildStr][svchost.exe]

[Throw dll injection][27/06/2025 17:26:42][WildStr][svchost.exe]

[Throw dll injection][27/06/2025 17:26:42][WildStr][svchost.exe]

[Throw dll injection][27/06/2025 17:26:42][WildStr][svchost.exe]

[Throw dll injection][27/06/2025 17:26:42][WildStr][svchost.exe]

[Throw dll injection][27/06/2025 17:26:42][WildStr][svchost.exe]

[Throw dll injection][27/06/2025 17:26:42][WildStr][svchost.exe]

[Throw dll injection][27/06/2025 17:26:42][WildStr][svchost.exe]

[Throw dll injection][27/06/2025 17:26:42][WildStr][svchost.exe]

[Throw dll injection][27/06/2025 17:26:42][WildStr][svchost.exe]

[Throw dll injection][27/06/2025 17:26:42][WildStr][svchost.exe]

[Throw dll injection][27/06/2025 17:26:42][WildStr][svchost.exe]

[Throw dll injection][27/06/2025 17:26:42][WildStr][svchost.exe]

[Throw dll injection][27/06/2025 17:26:42][WildStr][svchost.exe]

[Throw dll injection][27/06/2025 17:26:42][WildStr][svchost.exe]

[Throw dll injection][27/06/2025 17:26:42][WildStr][svchost.exe]

[Throw dll injection][27/06/2025 17:26:42][WildStr][VBoxService.exe]

[Throw dll injection][27/06/2025 17:26:42][WildStr][svchost.exe]

[Throw dll injection][27/06/2025 17:26:42][WildStr][svchost.exe]

[Throw dll injection][27/06/2025 17:26:42][WildStr][svchost.exe]

[Throw dll injection][27/06/2025 17:26:42][WildStr][VBoxService.exe]

[Throw dll injection][27/06/2025 17:26:42][WildStr][svchost.exe]

[Throw dll injection][27/06/2025 17:26:42][WildStr][svchost.exe]

[Throw dll injection][27/06/2025 17:26:42][WildStr][svchost.exe]

[Throw dll injection][27/06/2025 17:26:42][WildStr][svchost.exe]

[Throw dll injection][27/06/2025 17:26:42][WildStr][svchost.exe]

[Throw dll injection][27/06/2025 17:26:42][WildStr][svchost.exe]

[Throw dll injection][27/06/2025 17:26:42][WildStr][svchost.exe]

[Throw dll injection][27/06/2025 17:26:42][WildStr][svchost.exe]

[Throw dll injection][27/06/2025 17:26:42][WildStr][svchost.exe]

[Throw dll injection][27/06/2025 17:26:42][WildStr][svchost.exe]

[Throw dll injection][27/06/2025 17:26:42][WildStr][Memory Compression]

[Throw dll injection][27/06/2025 17:26:42][WildStr][Memory Compression]

[Throw dll injection][27/06/2025 17:26:42][WildStr][svchost.exe]

[Throw dll injection][27/06/2025 17:26:42][WildStr][svchost.exe]

[Throw dll injection][27/06/2025 17:26:42][WildStr][svchost.exe]

[Throw dll injection][27/06/2025 17:26:42][WildStr][svchost.exe]

[Throw dll injection][27/06/2025 17:26:42][WildStr][svchost.exe]

[Throw dll injection][27/06/2025 17:26:42][WildStr][svchost.exe]

[Throw dll injection][27/06/2025 17:26:42][WildStr][svchost.exe]

[Throw dll injection][27/06/2025 17:26:42][WildStr][svchost.exe]

[Throw dll injection][27/06/2025 17:26:42][WildStr][svchost.exe]

[Throw dll injection][27/06/2025 17:26:42][WildStr][svchost.exe]

[Throw dll injection][27/06/2025 17:26:42][WildStr][svchost.exe]

[Throw dll injection][27/06/2025 17:26:42][WildStr][svchost.exe]

[Throw dll injection][27/06/2025 17:26:42][WildStr][svchost.exe]

[Throw dll injection][27/06/2025 17:26:42][WildStr][svchost.exe]

[Throw dll injection][27/06/2025 17:26:42][WildStr][spoolsv.exe]

[Throw dll injection][27/06/2025 17:26:42][WildStr][svchost.exe]

[Throw dll injection][27/06/2025 17:26:42][WildStr][svchost.exe]

[Throw dll injection][27/06/2025 17:26:42][WildStr][svchost.exe]

[Throw dll injection][27/06/2025 17:26:42][WildStr][svchost.exe]

[Throw dll injection][27/06/2025 17:26:42][WildStr][svchost.exe]

[Throw dll injection][27/06/2025 17:26:42][WildStr][svchost.exe]

[Throw dll injection][27/06/2025 17:26:42][WildStr][svchost.exe]

[Throw dll injection][27/06/2025 17:26:42][WildStr][ssh-agent.exe]

[Throw dll injection][27/06/2025 17:26:42][WildStr][svchost.exe]

[Throw dll injection][27/06/2025 17:26:42][WildStr][ssh-agent.exe]

[Throw dll injection][27/06/2025 17:26:42][WildStr][svchost.exe]

[Throw dll injection][27/06/2025 17:26:42][WildStr][sshd.exe]

[Throw dll injection][27/06/2025 17:26:42][WildStr][svchost.exe]

[Throw dll injection][27/06/2025 17:26:42][WildStr][svchost.exe]

[Throw dll injection][27/06/2025 17:26:42][WildStr][svchost.exe]

[Throw dll injection][27/06/2025 17:26:42][WildStr][svchost.exe]

[Throw dll injection][27/06/2025 17:26:42][WildStr][svchost.exe]

[Throw dll injection][27/06/2025 17:26:42][WildStr][svchost.exe]

[Throw dll injection][27/06/2025 17:26:42][WildStr][svchost.exe]

[Throw dll injection][27/06/2025 17:26:42][WildStr][svchost.exe]

[Throw dll injection][27/06/2025 17:26:42][WildStr][svchost.exe]

[Throw dll injection][27/06/2025 17:26:42][WildStr][svchost.exe]

[Throw dll injection][27/06/2025 17:26:42][WildStr][svchost.exe]

[Throw dll injection][27/06/2025 17:26:42][WildStr][svchost.exe]

[Throw dll injection][27/06/2025 17:26:42][WildStr][svchost.exe]

[Throw dll injection][27/06/2025 17:26:42][WildStr][svchost.exe]

[Throw dll injection][27/06/2025 17:26:42][WildStr][MpDefenderCoreService.exe]

[Throw dll injection][27/06/2025 17:26:42][WildStr][MsMpEng.exe]

[Throw dll injection][27/06/2025 17:26:42][WildStr][svchost.exe]

[Throw dll injection][27/06/2025 17:26:42][WildStr][svchost.exe]

[Throw dll injection][27/06/2025 17:26:42][WildStr][SearchIndexer.exe]

[Throw dll injection][27/06/2025 17:26:42][WildStr][MpDefenderCoreService.exe]

[Throw dll injection][27/06/2025 17:26:42][WildStr][AggregatorHost.exe]

[Throw dll injection][27/06/2025 17:26:42][WildStr][MsMpEng.exe]

[Throw dll injection][27/06/2025 17:26:42][WildStr][dllhost.exe]

[Throw dll injection][27/06/2025 17:26:42][WildStr][SearchIndexer.exe]

[Throw dll injection][27/06/2025 17:26:42][WildStr][svchost.exe]

[Throw dll injection][27/06/2025 17:26:42][WildStr][NisSrv.exe]

[Throw dll injection][27/06/2025 17:26:42][WildStr][AggregatorHost.exe]

[Throw dll injection][27/06/2025 17:26:42][WildStr][dllhost.exe]

[Throw dll injection][27/06/2025 17:26:42][WildStr][sihost.exe]

[Throw dll injection][27/06/2025 17:26:42][WildStr][svchost.exe]

[Throw dll injection][27/06/2025 17:26:42][WildStr][svchost.exe]

[Throw dll injection][27/06/2025 17:26:42][WildStr][svchost.exe]

[Throw dll injection][27/06/2025 17:26:42][WildStr][NisSrv.exe]

[Throw dll injection][27/06/2025 17:26:42][WildStr][taskhostw.exe]

[Throw dll injection][27/06/2025 17:26:42][WildStr][sihost.exe]

[Throw dll injection][27/06/2025 17:26:42][WildStr][MicrosoftEdgeUpdate.exe]

[Throw dll injection][27/06/2025 17:26:42][WildStr][svchost.exe]

[Throw dll injection][27/06/2025 17:26:42][WildStr][svchost.exe]

[Throw dll injection][27/06/2025 17:26:42][WildStr][svchost.exe]

[Throw dll injection][27/06/2025 17:26:42][WildStr][taskhostw.exe]

[Throw dll injection][27/06/2025 17:26:42][WildStr][ctfmon.exe]

[Throw dll injection][27/06/2025 17:26:42][WildStr][MicrosoftEdgeUpdate.exe]

[Throw dll injection][27/06/2025 17:26:42][WildStr][svchost.exe]

[Throw dll injection][27/06/2025 17:26:42][WildStr][svchost.exe]

[Throw dll injection][27/06/2025 17:26:42][WildStr][ctfmon.exe]

[Throw dll injection][27/06/2025 17:26:42][WildStr][svchost.exe]

[Throw dll injection][27/06/2025 17:26:42][WildStr][svchost.exe]

[Throw dll injection][27/06/2025 17:26:42][WildStr][svchost.exe]

[Throw dll injection][27/06/2025 17:26:42][WildStr][explorer.exe]

[Throw dll injection][27/06/2025 17:26:42][WildStr][explorer.exe]

[Throw dll injection][27/06/2025 17:26:42][WildStr][svchost.exe]

[Throw dll injection][27/06/2025 17:26:42][WildStr][svchost.exe]

[Throw dll injection][27/06/2025 17:26:42][WildStr][StartMenuExperienceHost.exe]

[Throw dll injection][27/06/2025 17:26:42][WildStr][RuntimeBroker.exe]

[Throw dll injection][27/06/2025 17:26:42][WildStr][StartMenuExperienceHost.exe]

[Throw dll injection][27/06/2025 17:26:42][WildStr][SearchApp.exe]

[Throw dll injection][27/06/2025 17:26:42][WildStr][RuntimeBroker.exe]

[Throw dll injection][27/06/2025 17:26:42][WildStr][svchost.exe]

[Throw dll injection][27/06/2025 17:26:42][WildStr][SearchApp.exe]

[Throw dll injection][27/06/2025 17:26:42][WildStr][svchost.exe]

[Throw dll injection][27/06/2025 17:26:42][WildStr][RuntimeBroker.exe]

[Throw dll injection][27/06/2025 17:26:42][WildStr][RuntimeBroker.exe]

[Throw dll injection][27/06/2025 17:26:42][WildStr][RuntimeBroker.exe]

[Throw dll injection][27/06/2025 17:26:42][WildStr][RuntimeBroker.exe]

[Throw dll injection][27/06/2025 17:26:42][WildStr][svchost.exe]

[Throw dll injection][27/06/2025 17:26:42][WildStr][svchost.exe]

[Throw dll injection][27/06/2025 17:26:42][WildStr][SecurityHealthSystray.exe]

[Throw dll injection][27/06/2025 17:26:42][WildStr][SecurityHealthSystray.exe]

[Throw dll injection][27/06/2025 17:26:42][WildStr][SecurityHealthService.exe]

[Throw dll injection][27/06/2025 17:26:42][WildStr][SecurityHealthService.exe]

[Throw dll injection][27/06/2025 17:26:42][WildStr][VBoxTray.exe]

[Throw dll injection][27/06/2025 17:26:42][WildStr][VBoxTray.exe]

[Throw dll injection][27/06/2025 17:26:42][WildStr][OneDrive.exe]

[Throw dll injection][27/06/2025 17:26:42][WildStr][OneDrive.exe]

[Throw dll injection][27/06/2025 17:26:42][WildStr][svchost.exe]

[Throw dll injection][27/06/2025 17:26:42][WildStr][svchost.exe]

[Throw dll injection][27/06/2025 17:26:42][WildStr][svchost.exe]

[Throw dll injection][27/06/2025 17:26:42][WildStr][svchost.exe]

[Throw dll injection][27/06/2025 17:26:42][WildStr][svchost.exe]

[Throw dll injection][27/06/2025 17:26:42][WildStr][svchost.exe]

[Throw dll injection][27/06/2025 17:26:42][WildStr][svchost.exe]

[Throw dll injection][27/06/2025 17:26:42][WildStr][svchost.exe]

[Throw dll injection][27/06/2025 17:26:42][WildStr][svchost.exe]

[Throw dll injection][27/06/2025 17:26:42][WildStr][svchost.exe]

[Throw dll injection][27/06/2025 17:26:42][WildStr][svchost.exe]

[Throw dll injection][27/06/2025 17:26:42][WildStr][TextInputHost.exe]

[Throw dll injection][27/06/2025 17:26:42][WildStr][svchost.exe]

[Throw dll injection][27/06/2025 17:26:42][WildStr][ApplicationFrameHost.exe]

[Throw dll injection][27/06/2025 17:26:42][WildStr][TextInputHost.exe]

[Throw dll injection][27/06/2025 17:26:42][WildStr][ApplicationFrameHost.exe]

[Throw dll injection][27/06/2025 17:26:42][WildStr][SystemSettings.exe]

[Throw dll injection][27/06/2025 17:26:42][WildStr][SystemSettings.exe]

[Throw dll injection][27/06/2025 17:26:42][WildStr][UserOOBEBroker.exe]

[Throw dll injection][27/06/2025 17:26:42][WildStr][SearchApp.exe]

[Throw dll injection][27/06/2025 17:26:42][WildStr][UserOOBEBroker.exe]

[Throw dll injection][27/06/2025 17:26:42][WildStr][msedgewebview2.exe]

[Throw dll injection][27/06/2025 17:26:42][WildStr][SearchApp.exe]

[Throw dll injection][27/06/2025 17:26:42][WildStr][msedgewebview2.exe]

[Throw dll injection][27/06/2025 17:26:42][WildStr][msedgewebview2.exe]

[Throw dll injection][27/06/2025 17:26:42][WildStr][msedgewebview2.exe]

[Throw dll injection][27/06/2025 17:26:42][WildStr][msedgewebview2.exe]

[Throw dll injection][27/06/2025 17:26:42][WildStr][msedgewebview2.exe]

[Throw dll injection][27/06/2025 17:26:42][WildStr][msedgewebview2.exe]

[Throw dll injection][27/06/2025 17:26:42][WildStr][msedgewebview2.exe]

[Throw dll injection][27/06/2025 17:26:42][WildStr][msedgewebview2.exe]

[Throw dll injection][27/06/2025 17:26:42][WildStr][msedgewebview2.exe]

[Throw dll injection][27/06/2025 17:26:42][WildStr][FileCoAuth.exe]

[Throw dll injection][27/06/2025 17:26:42][WildStr][msedgewebview2.exe]

[Throw dll injection][27/06/2025 17:26:42][WildStr][FileCoAuth.exe]

[Throw dll injection][27/06/2025 17:26:42][WildStr][svchost.exe]

[Throw dll injection][27/06/2025 17:26:42][WildStr][svchost.exe]

[Throw dll injection][27/06/2025 17:26:42][WildStr][msedge.exe]

[Throw dll injection][27/06/2025 17:26:42][WildStr][msedge.exe]

[Throw dll injection][27/06/2025 17:26:42][WildStr][msedge.exe]

[Throw dll injection][27/06/2025 17:26:42][WildStr][msedge.exe]

[Throw dll injection][27/06/2025 17:26:42][WildStr][msedge.exe]

[Throw dll injection][27/06/2025 17:26:42][WildStr][msedge.exe]

[Throw dll injection][27/06/2025 17:26:42][WildStr][msedge.exe]

[Throw dll injection][27/06/2025 17:26:42][WildStr][svchost.exe]

[Throw dll injection][27/06/2025 17:26:42][WildStr][svchost.exe]

[Throw dll injection][27/06/2025 17:26:42][WildStr][msedge.exe]

[Throw dll injection][27/06/2025 17:26:42][WildStr][svchost.exe]

[Throw dll injection][27/06/2025 17:26:42][WildStr][dllhost.exe]

[Throw dll injection][27/06/2025 17:26:42][WildStr][svchost.exe]

[Throw dll injection][27/06/2025 17:26:42][WildStr][ShellExperienceHost.exe]

[Throw dll injection][27/06/2025 17:26:42][WildStr][svchost.exe]

[Throw dll injection][27/06/2025 17:26:42][WildStr][RuntimeBroker.exe]

[Throw dll injection][27/06/2025 17:26:42][WildStr][svchost.exe]
]

[Throw dll injection][27/06/2025 17:26:42][WildStr][conhost.exe]

[Throw dll injection][27/06/2025 17:26:42][WildStr][dllhost.exe]

[Throw dll injection][27/06/2025 17:26:42][WildStr][cmd.exe]

[Throw dll injection][27/06/2025 17:26:42][WildStr][ShellExperienceHost.exe]

[Throw dll injection][27/06/2025 17:26:42][WildStr][conhost.exe]

[Throw dll injection][27/06/2025 17:26:42][WildStr][RuntimeBroker.exe]

[Throw dll injection][27/06/2025 17:26:42][WildStr][powershell.exe]

[Throw dll injection][27/06/2025 17:26:42][WildStr][Code.exe]

[Throw dll injection][27/06/2025 17:26:42][WildStr][powershell.exe]

[Throw dll injection][27/06/2025 17:26:42][WildStr][Code.exe]

[Throw dll injection][27/06/2025 17:26:42][WildStr][conhost.exe]

[Throw dll injection][27/06/2025 17:26:42][WildStr][Code.exe]

[Throw dll injection][27/06/2025 17:26:42][WildStr][cmd.exe]

[Throw dll injection][27/06/2025 17:26:42][WildStr][Code.exe]

[Throw dll injection][27/06/2025 17:26:42][WildStr][conhost.exe]

[Throw dll injection][27/06/2025 17:26:42][WildStr][Code.exe]

[Throw dll injection][27/06/2025 17:26:42][WildStr][powershell.exe]

[Throw dll injection][27/06/2025 17:26:42][WildStr][Code.exe]

[Throw dll injection][27/06/2025 17:26:42][WildStr][Code.exe]

[Throw dll injection][27/06/2025 17:26:42][WildStr][Code.exe]

[Throw dll injection][27/06/2025 17:26:42][WildStr][Code.exe]

[Throw dll injection][27/06/2025 17:26:42][WildStr][Code.exe]

[Throw dll injection][27/06/2025 17:26:42][WildStr][Code.exe]

[Throw dll injection][27/06/2025 17:26:42][WildStr][cpptools.exe]

[Throw dll injection][27/06/2025 17:26:42][WildStr][Code.exe]

[Throw dll injection][27/06/2025 17:26:42][WildStr][conhost.exe]

[Throw dll injection][27/06/2025 17:26:42][WildStr][Code.exe]

[Throw dll injection][27/06/2025 17:26:42][WildStr][Code.exe]

[Throw dll injection][27/06/2025 17:26:42][WildStr][cpptools.exe]

[Throw dll injection][27/06/2025 17:26:42][WildStr][Code.exe]

[Throw dll injection][27/06/2025 17:26:42][WildStr][Code.exe]
v.exe]

[Throw dll injection][27/06/2025 17:26:42][WildStr][conhost.exe]

[Throw dll injection][27/06/2025 17:26:42][WildStr][Code.exe]

[Throw dll injection][27/06/2025 17:26:42][WildStr][Code.exe]

[Throw dll injection][27/06/2025 17:26:42][WildStr][cpptools.exe]

[Throw dll injection][27/06/2025 17:26:42][WildStr][conhost.exe]

[Throw dll injection][27/06/2025 17:26:42][WildStr][powershell.exe]

[Throw dll injection][27/06/2025 17:26:42][WildStr][conhost.exe]

[Throw dll injection][27/06/2025 17:26:42][WildStr][vctip.exe]

[Throw dll injection][27/06/2025 17:26:42][WildStr][Code.exe]

[Throw dll injection][27/06/2025 17:26:42][WildStr][cpptools-srv.exe]

[Throw dll injection][27/06/2025 17:26:42][WildStr][conhost.exe]

[Throw dll injection][27/06/2025 17:26:42][WildStr][cpptools.exe]

[Throw dll injection][27/06/2025 17:26:42][WildStr][svchost.exe]

[Throw dll injection][27/06/2025 17:26:42][WildStr][cpptools-srv.exe]

[Throw dll injection][27/06/2025 17:26:42][WildStr][smartscreen.exe]

[Throw dll injection][27/06/2025 17:26:42][WildStr][conhost.exe]

[Throw dll injection][27/06/2025 17:26:42][WildStr][conhost.exe]

[Throw dll injection][27/06/2025 17:26:42][WildStr][powershell.exe]

[Throw dll injection][27/06/2025 17:26:42][WildStr][Code.exe]

[Throw dll injection][27/06/2025 17:26:42][WildStr][audiodg.exe]

[Throw dll injection][27/06/2025 17:26:42][WildStr][conhost.exe]

[Throw dll injection][27/06/2025 17:26:42][WildStr][powershell.exe]

[Throw dll injection][27/06/2025 17:26:42][WildStr][Taskmgr.exe]

[Throw dll injection][27/06/2025 17:26:42][WildStr][vctip.exe]

[Throw dll injection][27/06/2025 17:26:42][WildStr][test.exe]
v.exe]

[Throw dll injection][27/06/2025 17:26:42][WildStr][conhost.exe]

[Throw dll injection][27/06/2025 17:26:42][WildStr][svchost.exe]

[Throw dll injection][27/06/2025 17:26:42][WildStr][smartscreen.exe]

[Throw dll injection][27/06/2025 17:26:42][WildStr][conhost.exe]

[Throw dll injection][27/06/2025 17:26:42][WildStr][powershell.exe]

[Throw dll injection][27/06/2025 17:26:42][WildStr][audiodg.exe]

[Throw dll injection][27/06/2025 17:26:42][WildStr][Taskmgr.exe]

[Throw dll injection][27/06/2025 17:26:42][WildStr][test.exe]

[Throw dll injection][27/06/2025 17:26:43][WildStr][System]

[Throw dll injection][27/06/2025 17:26:43][WildStr][Registry]

[Throw dll injection][27/06/2025 17:26:43][WildStr][smss.exe]

[Throw dll injection][27/06/2025 17:26:43][WildStr][smss.exe]

[Throw dll injection][27/06/2025 17:26:43][WildStr][csrss.exe]

[Throw dll injection][27/06/2025 17:26:43][WildStr][csrss.exe]

[Throw dll injection][27/06/2025 17:26:43][WildStr][wininit.exe]

[Throw dll injection][27/06/2025 17:26:43][WildStr][wininit.exe]

[Throw dll injection][27/06/2025 17:26:43][WildStr][csrss.exe]

[Throw dll injection][27/06/2025 17:26:43][WildStr][csrss.exe]

[Throw dll injection][27/06/2025 17:26:43][WildStr][winlogon.exe]

[Throw dll injection][27/06/2025 17:26:43][WildStr][winlogon.exe]

[Throw dll injection][27/06/2025 17:26:43][WildStr][services.exe]

[Throw dll injection][27/06/2025 17:26:43][WildStr][services.exe]

[Throw dll injection][27/06/2025 17:26:43][WildStr][lsass.exe]

[Throw dll injection][27/06/2025 17:26:43][WildStr][lsass.exe]

[Throw dll injection][27/06/2025 17:26:43][WildStr][svchost.exe]

[Throw dll injection][27/06/2025 17:26:43][WildStr][svchost.exe]

[Throw dll injection][27/06/2025 17:26:43][WildStr][fontdrvhost.exe]

[Throw dll injection][27/06/2025 17:26:43][WildStr][fontdrvhost.exe]

[Throw dll injection][27/06/2025 17:26:43][WildStr][fontdrvhost.exe]

[Throw dll injection][27/06/2025 17:26:43][WildStr][svchost.exe]

[Throw dll injection][27/06/2025 17:26:43][WildStr][svchost.exe]

[Throw dll injection][27/06/2025 17:26:43][WildStr][svchost.exe]

[Throw dll injection][27/06/2025 17:26:43][WildStr][dwm.exe]

[Throw dll injection][27/06/2025 17:26:43][WildStr][svchost.exe]

[Throw dll injection][27/06/2025 17:26:43][WildStr][svchost.exe]

[Throw dll injection][27/06/2025 17:26:43][WildStr][svchost.exe]

[Throw dll injection][27/06/2025 17:26:43][WildStr][svchost.exe]

[Throw dll injection][27/06/2025 17:26:43][WildStr][svchost.exe]

[Throw dll injection][27/06/2025 17:26:43][WildStr][svchost.exe]

[Throw dll injection][27/06/2025 17:26:43][WildStr][svchost.exe]

[Throw dll injection][27/06/2025 17:26:43][WildStr][svchost.exe]

[Throw dll injection][27/06/2025 17:26:43][WildStr][svchost.exe]

[Throw dll injection][27/06/2025 17:26:43][WildStr][svchost.exe]

[Throw dll injection][27/06/2025 17:26:43][WildStr][svchost.exe]

[Throw dll injection][27/06/2025 17:26:43][WildStr][svchost.exe]

[Throw dll injection][27/06/2025 17:26:43][WildStr][svchost.exe]

[Throw dll injection][27/06/2025 17:26:43][WildStr][svchost.exe]

[Throw dll injection][27/06/2025 17:26:43][WildStr][svchost.exe]

[Throw dll injection][27/06/2025 17:26:43][WildStr][svchost.exe]

[Throw dll injection][27/06/2025 17:26:43][WildStr][svchost.exe]

[Throw dll injection][27/06/2025 17:26:43][WildStr][svchost.exe]

[Throw dll injection][27/06/2025 17:26:43][WildStr][svchost.exe]

[Throw dll injection][27/06/2025 17:26:43][WildStr][svchost.exe]

[Throw dll injection][27/06/2025 17:26:43][WildStr][svchost.exe]

[Throw dll injection][27/06/2025 17:26:43][WildStr][svchost.exe]

[Throw dll injection][27/06/2025 17:26:43][WildStr][svchost.exe]

[Throw dll injection][27/06/2025 17:26:43][WildStr][svchost.exe]

[Throw dll injection][27/06/2025 17:26:43][WildStr][svchost.exe]

[Throw dll injection][27/06/2025 17:26:43][WildStr][VBoxService.exe]

[Throw dll injection][27/06/2025 17:26:43][WildStr][VBoxService.exe]

[Throw dll injection][27/06/2025 17:26:43][WildStr][svchost.exe]

[Throw dll injection][27/06/2025 17:26:43][WildStr][svchost.exe]

[Throw dll injection][27/06/2025 17:26:43][WildStr][svchost.exe]

[Throw dll injection][27/06/2025 17:26:43][WildStr][svchost.exe]

[Throw dll injection][27/06/2025 17:26:43][WildStr][svchost.exe]

[Throw dll injection][27/06/2025 17:26:43][WildStr][svchost.exe]

[Throw dll injection][27/06/2025 17:26:43][WildStr][svchost.exe]

[Throw dll injection][27/06/2025 17:26:43][WildStr][svchost.exe]

[Throw dll injection][27/06/2025 17:26:43][WildStr][svchost.exe]

[Throw dll injection][27/06/2025 17:26:43][WildStr][svchost.exe]

[Throw dll injection][27/06/2025 17:26:43][WildStr][svchost.exe]

[Throw dll injection][27/06/2025 17:26:43][WildStr][svchost.exe]

[Throw dll injection][27/06/2025 17:26:43][WildStr][Memory Compression]

[Throw dll injection][27/06/2025 17:26:43][WildStr][Memory Compression]

[Throw dll injection][27/06/2025 17:26:43][WildStr][svchost.exe]

[Throw dll injection][27/06/2025 17:26:43][WildStr][svchost.exe]

[Throw dll injection][27/06/2025 17:26:43][WildStr][svchost.exe]

[Throw dll injection][27/06/2025 17:26:43][WildStr][svchost.exe]

[Throw dll injection][27/06/2025 17:26:43][WildStr][svchost.exe]

[Throw dll injection][27/06/2025 17:26:43][WildStr][svchost.exe]

[Throw dll injection][27/06/2025 17:26:43][WildStr][svchost.exe]

[Throw dll injection][27/06/2025 17:26:43][WildStr][svchost.exe]

[Throw dll injection][27/06/2025 17:26:43][WildStr][svchost.exe]

[Throw dll injection][27/06/2025 17:26:43][WildStr][svchost.exe]

[Throw dll injection][27/06/2025 17:26:43][WildStr][svchost.exe]

[Throw dll injection][27/06/2025 17:26:43][WildStr][svchost.exe]

[Throw dll injection][27/06/2025 17:26:43][WildStr][svchost.exe]

[Throw dll injection][27/06/2025 17:26:43][WildStr][svchost.exe]

[Throw dll injection][27/06/2025 17:26:43][WildStr][svchost.exe]

[Throw dll injection][27/06/2025 17:26:43][WildStr][svchost.exe]

[Throw dll injection][27/06/2025 17:26:43][WildStr][spoolsv.exe]

[Throw dll injection][27/06/2025 17:26:43][WildStr][spoolsv.exe]

[Throw dll injection][27/06/2025 17:26:43][WildStr][svchost.exe]

[Throw dll injection][27/06/2025 17:26:43][WildStr][svchost.exe]

[Throw dll injection][27/06/2025 17:26:43][WildStr][svchost.exe]

[Throw dll injection][27/06/2025 17:26:43][WildStr][svchost.exe]

[Throw dll injection][27/06/2025 17:26:43][WildStr][svchost.exe]

[Throw dll injection][27/06/2025 17:26:43][WildStr][svchost.exe]

[Throw dll injection][27/06/2025 17:26:43][WildStr][svchost.exe]

[Throw dll injection][27/06/2025 17:26:43][WildStr][svchost.exe]

[Throw dll injection][27/06/2025 17:26:43][WildStr][ssh-agent.exe]

[Throw dll injection][27/06/2025 17:26:43][WildStr][ssh-agent.exe]

[Throw dll injection][27/06/2025 17:26:43][WildStr][sshd.exe]

[Throw dll injection][27/06/2025 17:26:43][WildStr][sshd.exe]

[Throw dll injection][27/06/2025 17:26:43][WildStr][svchost.exe]

[Throw dll injection][27/06/2025 17:26:43][WildStr][svchost.exe]

[Throw dll injection][27/06/2025 17:26:43][WildStr][svchost.exe]

[Throw dll injection][27/06/2025 17:26:43][WildStr][svchost.exe]

[Throw dll injection][27/06/2025 17:26:43][WildStr][svchost.exe]

[Throw dll injection][27/06/2025 17:26:43][WildStr][svchost.exe]

[Throw dll injection][27/06/2025 17:26:43][WildStr][svchost.exe]

[Throw dll injection][27/06/2025 17:26:43][WildStr][svchost.exe]

[Throw dll injection][27/06/2025 17:26:43][WildStr][svchost.exe]

[Throw dll injection][27/06/2025 17:26:43][WildStr][svchost.exe]

[Throw dll injection][27/06/2025 17:26:43][WildStr][svchost.exe]

[Throw dll injection][27/06/2025 17:26:43][WildStr][svchost.exe]

[Throw dll injection][27/06/2025 17:26:43][WildStr][svchost.exe]

[Throw dll injection][27/06/2025 17:26:43][WildStr][svchost.exe]

[Throw dll injection][27/06/2025 17:26:43][WildStr][svchost.exe]

[Throw dll injection][27/06/2025 17:26:43][WildStr][svchost.exe]

[Throw dll injection][27/06/2025 17:26:43][WildStr][svchost.exe]

[Throw dll injection][27/06/2025 17:26:43][WildStr][svchost.exe]

[Throw dll injection][27/06/2025 17:26:43][WildStr][MpDefenderCoreService.exe]

[Throw dll injection][27/06/2025 17:26:43][WildStr][MpDefenderCoreService.exe]

[Throw dll injection][27/06/2025 17:26:43][WildStr][MsMpEng.exe]

[Throw dll injection][27/06/2025 17:26:43][WildStr][MsMpEng.exe]

[Throw dll injection][27/06/2025 17:26:43][WildStr][SearchIndexer.exe]

[Throw dll injection][27/06/2025 17:26:43][WildStr][SearchIndexer.exe]

[Throw dll injection][27/06/2025 17:26:43][WildStr][AggregatorHost.exe]

[Throw dll injection][27/06/2025 17:26:43][WildStr][AggregatorHost.exe]

[Throw dll injection][27/06/2025 17:26:43][WildStr][dllhost.exe]

[Throw dll injection][27/06/2025 17:26:43][WildStr][dllhost.exe]

[Throw dll injection][27/06/2025 17:26:43][WildStr][svchost.exe]

[Throw dll injection][27/06/2025 17:26:43][WildStr][svchost.exe]

[Throw dll injection][27/06/2025 17:26:43][WildStr][NisSrv.exe]

[Throw dll injection][27/06/2025 17:26:43][WildStr][NisSrv.exe]

[Throw dll injection][27/06/2025 17:26:43][WildStr][sihost.exe]

[Throw dll injection][27/06/2025 17:26:43][WildStr][sihost.exe]

[Throw dll injection][27/06/2025 17:26:43][WildStr][svchost.exe]

[Throw dll injection][27/06/2025 17:26:43][WildStr][svchost.exe]

[Throw dll injection][27/06/2025 17:26:43][WildStr][svchost.exe]

[Throw dll injection][27/06/2025 17:26:43][WildStr][svchost.exe]

[Throw dll injection][27/06/2025 17:26:43][WildStr][taskhostw.exe]

[Throw dll injection][27/06/2025 17:26:43][WildStr][taskhostw.exe]

[Throw dll injection][27/06/2025 17:26:43][WildStr][MicrosoftEdgeUpdate.exe]

[Throw dll injection][27/06/2025 17:26:43][WildStr][svchost.exe]
pdate.exe]

[Throw dll injection][27/06/2025 17:26:43][WildStr][svchost.exe]

[Throw dll injection][27/06/2025 17:26:43][WildStr][ctfmon.exe]

[Throw dll injection][27/06/2025 17:26:43][WildStr][ctfmon.exe]

[Throw dll injection][27/06/2025 17:26:43][WildStr][svchost.exe]

[Throw dll injection][27/06/2025 17:26:43][WildStr][svchost.exe]

[Throw dll injection][27/06/2025 17:26:43][WildStr][svchost.exe]

[Throw dll injection][27/06/2025 17:26:43][WildStr][svchost.exe]

[Throw dll injection][27/06/2025 17:26:43][WildStr][explorer.exe]

[Throw dll injection][27/06/2025 17:26:43][WildStr][explorer.exe]

[Throw dll injection][27/06/2025 17:26:43][WildStr][svchost.exe]

[Throw dll injection][27/06/2025 17:26:43][WildStr][svchost.exe]

[Throw dll injection][27/06/2025 17:26:43][WildStr][StartMenuExperienceHost.exe]

[Throw dll injection][27/06/2025 17:26:43][WildStr][StartMenuExperienceHost.exe]

[Throw dll injection][27/06/2025 17:26:43][WildStr][RuntimeBroker.exe]

[Throw dll injection][27/06/2025 17:26:43][WildStr][RuntimeBroker.exe]

[Throw dll injection][27/06/2025 17:26:43][WildStr][SearchApp.exe]

[Throw dll injection][27/06/2025 17:26:43][WildStr][SearchApp.exe]

[Throw dll injection][27/06/2025 17:26:43][WildStr][svchost.exe]

[Throw dll injection][27/06/2025 17:26:43][WildStr][svchost.exe]

[Throw dll injection][27/06/2025 17:26:43][WildStr][RuntimeBroker.exe]

[Throw dll injection][27/06/2025 17:26:43][WildStr][RuntimeBroker.exe]

[Throw dll injection][27/06/2025 17:26:43][WildStr][RuntimeBroker.exe]

[Throw dll injection][27/06/2025 17:26:43][WildStr][RuntimeBroker.exe]

[Throw dll injection][27/06/2025 17:26:43][WildStr][svchost.exe]

[Throw dll injection][27/06/2025 17:26:43][WildStr][svchost.exe]

[Throw dll injection][27/06/2025 17:26:43][WildStr][SecurityHealthSystray.exe]

[Throw dll injection][27/06/2025 17:26:43][WildStr][SecurityHealthSystray.exe]

[Throw dll injection][27/06/2025 17:26:43][WildStr][SecurityHealthService.exe]

[Throw dll injection][27/06/2025 17:26:43][WildStr][SecurityHealthService.exe]

[Throw dll injection][27/06/2025 17:26:43][WildStr][VBoxTray.exe]

[Throw dll injection][27/06/2025 17:26:43][WildStr][VBoxTray.exe]

[Throw dll injection][27/06/2025 17:26:43][WildStr][OneDrive.exe]

[Throw dll injection][27/06/2025 17:26:43][WildStr][OneDrive.exe]

[Throw dll injection][27/06/2025 17:26:43][WildStr][svchost.exe]

[Throw dll injection][27/06/2025 17:26:43][WildStr][svchost.exe]

[Throw dll injection][27/06/2025 17:26:43][WildStr][svchost.exe]

[Throw dll injection][27/06/2025 17:26:43][WildStr][svchost.exe]

[Throw dll injection][27/06/2025 17:26:43][WildStr][svchost.exe]

[Throw dll injection][27/06/2025 17:26:43][WildStr][svchost.exe]

[Throw dll injection][27/06/2025 17:26:43][WildStr][svchost.exe]

[Throw dll injection][27/06/2025 17:26:43][WildStr][svchost.exe]

[Throw dll injection][27/06/2025 17:26:43][WildStr][svchost.exe]

[Throw dll injection][27/06/2025 17:26:43][WildStr][svchost.exe]

[Throw dll injection][27/06/2025 17:26:43][WildStr][svchost.exe]

[Throw dll injection][27/06/2025 17:26:43][WildStr][svchost.exe]

[Throw dll injection][27/06/2025 17:26:43][WildStr][TextInputHost.exe]

[Throw dll injection][27/06/2025 17:26:43][WildStr][TextInputHost.exe]

[Throw dll injection][27/06/2025 17:26:43][WildStr][ApplicationFrameHost.exe]

[Throw dll injection][27/06/2025 17:26:43][WildStr][ApplicationFrameHost.exe]

[Throw dll injection][27/06/2025 17:26:43][WildStr][SystemSettings.exe]

[Throw dll injection][27/06/2025 17:26:43][WildStr][SystemSettings.exe]

[Throw dll injection][27/06/2025 17:26:43][WildStr][UserOOBEBroker.exe]

[Throw dll injection][27/06/2025 17:26:43][WildStr][UserOOBEBroker.exe]

[Throw dll injection][27/06/2025 17:26:43][WildStr][SearchApp.exe]

[Throw dll injection][27/06/2025 17:26:43][WildStr][SearchApp.exe]

[Throw dll injection][27/06/2025 17:26:43][WildStr][msedgewebview2.exe]

[Throw dll injection][27/06/2025 17:26:43][WildStr][msedgewebview2.exe]

[Throw dll injection][27/06/2025 17:26:43][WildStr][msedgewebview2.exe]

[Throw dll injection][27/06/2025 17:26:43][WildStr][msedgewebview2.exe]

[Throw dll injection][27/06/2025 17:26:43][WildStr][msedgewebview2.exe]

[Throw dll injection][27/06/2025 17:26:43][WildStr][msedgewebview2.exe]

[Throw dll injection][27/06/2025 17:26:43][WildStr][msedgewebview2.exe]

[Throw dll injection][27/06/2025 17:26:43][WildStr][msedgewebview2.exe]

[Throw dll injection][27/06/2025 17:26:43][WildStr][msedgewebview2.exe]

[Throw dll injection][27/06/2025 17:26:43][WildStr][msedgewebview2.exe]

[Throw dll injection][27/06/2025 17:26:43][WildStr][msedgewebview2.exe]

[Throw dll injection][27/06/2025 17:26:43][WildStr][msedgewebview2.exe]

[Throw dll injection][27/06/2025 17:26:43][WildStr][FileCoAuth.exe]

[Throw dll injection][27/06/2025 17:26:43][WildStr][FileCoAuth.exe]

[Throw dll injection][27/06/2025 17:26:43][WildStr][svchost.exe]

[Throw dll injection][27/06/2025 17:26:43][WildStr][svchost.exe]

[Throw dll injection][27/06/2025 17:26:43][WildStr][msedge.exe]

[Throw dll injection][27/06/2025 17:26:43][WildStr][msedge.exe]

[Throw dll injection][27/06/2025 17:26:43][WildStr][msedge.exe]

[Throw dll injection][27/06/2025 17:26:43][WildStr][msedge.exe]

[Throw dll injection][27/06/2025 17:26:43][WildStr][msedge.exe]

[Throw dll injection][27/06/2025 17:26:43][WildStr][msedge.exe]

[Throw dll injection][27/06/2025 17:26:43][WildStr][msedge.exe]

[Throw dll injection][27/06/2025 17:26:43][WildStr][msedge.exe]

[Throw dll injection][27/06/2025 17:26:43][WildStr][msedge.exe]

[Throw dll injection][27/06/2025 17:26:43][WildStr][msedge.exe]

[Throw dll injection][27/06/2025 17:26:43][WildStr][svchost.exe]

[Throw dll injection][27/06/2025 17:26:43][WildStr][svchost.exe]

[Throw dll injection][27/06/2025 17:26:43][WildStr][svchost.exe]

[Throw dll injection][27/06/2025 17:26:43][WildStr][svchost.exe]

[Throw dll injection][27/06/2025 17:26:43][WildStr][svchost.exe]

[Throw dll injection][27/06/2025 17:26:43][WildStr][svchost.exe]

[Throw dll injection][27/06/2025 17:26:43][WildStr][dllhost.exe]

[Throw dll injection][27/06/2025 17:26:43][WildStr][ShellExperienceHost.exe]

[Throw dll injection][27/06/2025 17:26:43][WildStr][ShellExperienceHost.exe]

[Throw dll injection][27/06/2025 17:26:43][WildStr][RuntimeBroker.exe]

[Throw dll injection][27/06/2025 17:26:43][WildStr][RuntimeBroker.exe]

[Throw dll injection][27/06/2025 17:26:43][WildStr][powershell.exe]

[Throw dll injection][27/06/2025 17:26:43][WildStr][powershell.exe]

[Throw dll injection][27/06/2025 17:26:43][WildStr][conhost.exe]

[Throw dll injection][27/06/2025 17:26:43][WildStr][conhost.exe]

[Throw dll injection][27/06/2025 17:26:43][WildStr][cmd.exe]

[Throw dll injection][27/06/2025 17:26:43][WildStr][cmd.exe]

[Throw dll injection][27/06/2025 17:26:43][WildStr][conhost.exe]

[Throw dll injection][27/06/2025 17:26:43][WildStr][conhost.exe]

[Throw dll injection][27/06/2025 17:26:43][WildStr][powershell.exe]

[Throw dll injection][27/06/2025 17:26:43][WildStr][powershell.exe]

[Throw dll injection][27/06/2025 17:26:43][WildStr][Code.exe]

[Throw dll injection][27/06/2025 17:26:43][WildStr][Code.exe]

[Throw dll injection][27/06/2025 17:26:43][WildStr][Code.exe]

[Throw dll injection][27/06/2025 17:26:43][WildStr][Code.exe]

[Throw dll injection][27/06/2025 17:26:43][WildStr][Code.exe]

[Throw dll injection][27/06/2025 17:26:43][WildStr][Code.exe]

[Throw dll injection][27/06/2025 17:26:43][WildStr][Code.exe]

[Throw dll injection][27/06/2025 17:26:43][WildStr][Code.exe]

[Throw dll injection][27/06/2025 17:26:43][WildStr][Code.exe]

[Throw dll injection][27/06/2025 17:26:43][WildStr][Code.exe]

[Throw dll injection][27/06/2025 17:26:43][WildStr][Code.exe]

[Throw dll injection][27/06/2025 17:26:43][WildStr][Code.exe]

[Throw dll injection][27/06/2025 17:26:43][WildStr][Code.exe]

[Throw dll injection][27/06/2025 17:26:43][WildStr][Code.exe]

[Throw dll injection][27/06/2025 17:26:43][WildStr][Code.exe]

[Throw dll injection][27/06/2025 17:26:43][WildStr][cpptools.exe]

[Throw dll injection][27/06/2025 17:26:43][WildStr][cpptools.exe]

[Throw dll injection][27/06/2025 17:26:43][WildStr][conhost.exe]

[Throw dll injection][27/06/2025 17:26:43][WildStr][Code.exe]
]

[Throw dll injection][27/06/2025 17:26:43][WildStr][cpptools.exe]

[Throw dll injection][27/06/2025 17:26:43][WildStr][cpptools.exe]

[Throw dll injection][27/06/2025 17:26:43][WildStr][cpptools-srv.exe]

[Throw dll injection][27/06/2025 17:26:43][WildStr][cpptools-srv.exe]

[Throw dll injection][27/06/2025 17:26:43][WildStr][conhost.exe]

[Throw dll injection][27/06/2025 17:26:43][WildStr][conhost.exe]

[Throw dll injection][27/06/2025 17:26:43][WildStr][Code.exe]

[Throw dll injection][27/06/2025 17:26:43][WildStr][Code.exe]

[Throw dll injection][27/06/2025 17:26:43][WildStr][conhost.exe]

[Throw dll injection][27/06/2025 17:26:43][WildStr][conhost.exe]

[Throw dll injection][27/06/2025 17:26:43][WildStr][powershell.exe]

[Throw dll injection][27/06/2025 17:26:43][WildStr][powershell.exe]

[Throw dll injection][27/06/2025 17:26:43][WildStr][vctip.exe]

[Throw dll injection][27/06/2025 17:26:43][WildStr][vctip.exe]

[Throw dll injection][27/06/2025 17:26:43][WildStr][cpptools-srv.exe]

[Throw dll injection][27/06/2025 17:26:43][WildStr][cpptools-srv.exe]

[Throw dll injection][27/06/2025 17:26:43][WildStr][conhost.exe]

[Throw dll injection][27/06/2025 17:26:43][WildStr][conhost.exe]

[Throw dll injection][27/06/2025 17:26:43][WildStr][svchost.exe]

[Throw dll injection][27/06/2025 17:26:43][WildStr][svchost.exe]

[Throw dll injection][27/06/2025 17:26:43][WildStr][smartscreen.exe]

[Throw dll injection][27/06/2025 17:26:43][WildStr][smartscreen.exe]

[Throw dll injection][27/06/2025 17:26:43][WildStr][conhost.exe]

[Throw dll injection][27/06/2025 17:26:43][WildStr][conhost.exe]

[Throw dll injection][27/06/2025 17:26:43][WildStr][powershell.exe]

[Throw dll injection][27/06/2025 17:26:43][WildStr][powershell.exe]

[Throw dll injection][27/06/2025 17:26:43][WildStr][audiodg.exe]

[Throw dll injection][27/06/2025 17:26:43][WildStr][audiodg.exe]

[Throw dll injection][27/06/2025 17:26:43][WildStr][Taskmgr.exe]

[Throw dll injection][27/06/2025 17:26:43][WildStr][Taskmgr.exe]

[Throw dll injection][27/06/2025 17:26:43][WildStr][test.exe]

[Throw dll injection][27/06/2025 17:26:43][WildStr][test.exe]

[Throw dll injection][27/06/2025 17:26:44][WildStr][System]

[Throw dll injection][27/06/2025 17:26:44][WildStr][System]

[Throw dll injection][27/06/2025 17:26:44][WildStr][Registry]

[Throw dll injection][27/06/2025 17:26:44][WildStr][Registry]

[Throw dll injection][27/06/2025 17:26:44][WildStr][smss.exe]

[Throw dll injection][27/06/2025 17:26:44][WildStr][smss.exe]

[Throw dll injection][27/06/2025 17:26:44][WildStr][csrss.exe]

[Throw dll injection][27/06/2025 17:26:44][WildStr][csrss.exe]

[Throw dll injection][27/06/2025 17:26:44][WildStr][wininit.exe]

[Throw dll injection][27/06/2025 17:26:44][WildStr][wininit.exe]

[Throw dll injection][27/06/2025 17:26:44][WildStr][csrss.exe]

[Throw dll injection][27/06/2025 17:26:44][WildStr][csrss.exe]

[Throw dll injection][27/06/2025 17:26:44][WildStr][winlogon.exe]

[Throw dll injection][27/06/2025 17:26:44][WildStr][winlogon.exe]

[Throw dll injection][27/06/2025 17:26:44][WildStr][services.exe]

[Throw dll injection][27/06/2025 17:26:44][WildStr][services.exe]

[Throw dll injection][27/06/2025 17:26:44][WildStr][lsass.exe]

[Throw dll injection][27/06/2025 17:26:44][WildStr][lsass.exe]

[Throw dll injection][27/06/2025 17:26:44][WildStr][svchost.exe]

[Throw dll injection][27/06/2025 17:26:44][WildStr][svchost.exe]

[Throw dll injection][27/06/2025 17:26:44][WildStr][fontdrvhost.exe]

[Throw dll injection][27/06/2025 17:26:44][WildStr][fontdrvhost.exe]

[Throw dll injection][27/06/2025 17:26:44][WildStr][svchost.exe]

[Throw dll injection][27/06/2025 17:26:44][WildStr][fontdrvhost.exe]

[Throw dll injection][27/06/2025 17:26:44][WildStr][svchost.exe]

[Throw dll injection][27/06/2025 17:26:44][WildStr][svchost.exe]

[Throw dll injection][27/06/2025 17:26:44][WildStr][dwm.exe]

[Throw dll injection][27/06/2025 17:26:44][WildStr][svchost.exe]

[Throw dll injection][27/06/2025 17:26:44][WildStr][svchost.exe]

[Throw dll injection][27/06/2025 17:26:44][WildStr][dwm.exe]

[Throw dll injection][27/06/2025 17:26:44][WildStr][svchost.exe]

[Throw dll injection][27/06/2025 17:26:44][WildStr][svchost.exe]

[Throw dll injection][27/06/2025 17:26:44][WildStr][svchost.exe]

[Throw dll injection][27/06/2025 17:26:44][WildStr][svchost.exe]

[Throw dll injection][27/06/2025 17:26:44][WildStr][svchost.exe]

[Throw dll injection][27/06/2025 17:26:44][WildStr][svchost.exe]

[Throw dll injection][27/06/2025 17:26:44][WildStr][svchost.exe]

[Throw dll injection][27/06/2025 17:26:44][WildStr][svchost.exe]

[Throw dll injection][27/06/2025 17:26:44][WildStr][svchost.exe]

[Throw dll injection][27/06/2025 17:26:44][WildStr][svchost.exe]

[Throw dll injection][27/06/2025 17:26:44][WildStr][svchost.exe]

[Throw dll injection][27/06/2025 17:26:44][WildStr][svchost.exe]

[Throw dll injection][27/06/2025 17:26:44][WildStr][svchost.exe]

[Throw dll injection][27/06/2025 17:26:44][WildStr][svchost.exe]

[Throw dll injection][27/06/2025 17:26:44][WildStr][svchost.exe]

[Throw dll injection][27/06/2025 17:26:44][WildStr][svchost.exe]

[Throw dll injection][27/06/2025 17:26:44][WildStr][svchost.exe]

[Throw dll injection][27/06/2025 17:26:44][WildStr][svchost.exe]

[Throw dll injection][27/06/2025 17:26:44][WildStr][svchost.exe]

[Throw dll injection][27/06/2025 17:26:44][WildStr][svchost.exe]

[Throw dll injection][27/06/2025 17:26:44][WildStr][svchost.exe]

[Throw dll injection][27/06/2025 17:26:44][WildStr][svchost.exe]

[Throw dll injection][27/06/2025 17:26:44][WildStr][svchost.exe]

[Throw dll injection][27/06/2025 17:26:44][WildStr][svchost.exe]

[Throw dll injection][27/06/2025 17:26:44][WildStr][VBoxService.exe]

[Throw dll injection][27/06/2025 17:26:44][WildStr][svchost.exe]

[Throw dll injection][27/06/2025 17:26:44][WildStr][svchost.exe]

[Throw dll injection][27/06/2025 17:26:44][WildStr][VBoxService.exe]

[Throw dll injection][27/06/2025 17:26:44][WildStr][svchost.exe]

[Throw dll injection][27/06/2025 17:26:44][WildStr][svchost.exe]

[Throw dll injection][27/06/2025 17:26:44][WildStr][svchost.exe]

[Throw dll injection][27/06/2025 17:26:44][WildStr][svchost.exe]

[Throw dll injection][27/06/2025 17:26:44][WildStr][svchost.exe]

[Throw dll injection][27/06/2025 17:26:44][WildStr][svchost.exe]

[Throw dll injection][27/06/2025 17:26:44][WildStr][svchost.exe]

[Throw dll injection][27/06/2025 17:26:44][WildStr][svchost.exe]

[Throw dll injection][27/06/2025 17:26:44][WildStr][svchost.exe]

[Throw dll injection][27/06/2025 17:26:44][WildStr][svchost.exe]

[Throw dll injection][27/06/2025 17:26:44][WildStr][Memory Compression]

[Throw dll injection][27/06/2025 17:26:44][WildStr][svchost.exe]

[Throw dll injection][27/06/2025 17:26:44][WildStr][svchost.exe]

[Throw dll injection][27/06/2025 17:26:44][WildStr][Memory Compression]

[Throw dll injection][27/06/2025 17:26:44][WildStr][svchost.exe]

[Throw dll injection][27/06/2025 17:26:44][WildStr][svchost.exe]

[Throw dll injection][27/06/2025 17:26:44][WildStr][svchost.exe]

[Throw dll injection][27/06/2025 17:26:44][WildStr][svchost.exe]

[Throw dll injection][27/06/2025 17:26:44][WildStr][svchost.exe]

[Throw dll injection][27/06/2025 17:26:44][WildStr][svchost.exe]

[Throw dll injection][27/06/2025 17:26:44][WildStr][svchost.exe]

[Throw dll injection][27/06/2025 17:26:44][WildStr][svchost.exe]

[Throw dll injection][27/06/2025 17:26:44][WildStr][svchost.exe]

[Throw dll injection][27/06/2025 17:26:44][WildStr][svchost.exe]

[Throw dll injection][27/06/2025 17:26:44][WildStr][svchost.exe]

[Throw dll injection][27/06/2025 17:26:44][WildStr][svchost.exe]

[Throw dll injection][27/06/2025 17:26:44][WildStr][svchost.exe]

[Throw dll injection][27/06/2025 17:26:44][WildStr][svchost.exe]

[Throw dll injection][27/06/2025 17:26:44][WildStr][spoolsv.exe]

[Throw dll injection][27/06/2025 17:26:44][WildStr][svchost.exe]

[Throw dll injection][27/06/2025 17:26:44][WildStr][svchost.exe]

[Throw dll injection][27/06/2025 17:26:44][WildStr][spoolsv.exe]

[Throw dll injection][27/06/2025 17:26:44][WildStr][svchost.exe]

[Throw dll injection][27/06/2025 17:26:44][WildStr][svchost.exe]

[Throw dll injection][27/06/2025 17:26:44][WildStr][svchost.exe]

[Throw dll injection][27/06/2025 17:26:44][WildStr][svchost.exe]

[Throw dll injection][27/06/2025 17:26:44][WildStr][svchost.exe]

[Throw dll injection][27/06/2025 17:26:44][WildStr][svchost.exe]

[Throw dll injection][27/06/2025 17:26:44][WildStr][ssh-agent.exe]

[Throw dll injection][27/06/2025 17:26:44][WildStr][svchost.exe]

[Throw dll injection][27/06/2025 17:26:44][WildStr][sshd.exe]

[Throw dll injection][27/06/2025 17:26:44][WildStr][ssh-agent.exe]

[Throw dll injection][27/06/2025 17:26:44][WildStr][svchost.exe]

[Throw dll injection][27/06/2025 17:26:44][WildStr][sshd.exe]

[Throw dll injection][27/06/2025 17:26:44][WildStr][svchost.exe]

[Throw dll injection][27/06/2025 17:26:44][WildStr][svchost.exe]

[Throw dll injection][27/06/2025 17:26:44][WildStr][svchost.exe]

[Throw dll injection][27/06/2025 17:26:44][WildStr][svchost.exe]

[Throw dll injection][27/06/2025 17:26:44][WildStr][svchost.exe]

[Throw dll injection][27/06/2025 17:26:44][WildStr][svchost.exe]

[Throw dll injection][27/06/2025 17:26:44][WildStr][svchost.exe]

[Throw dll injection][27/06/2025 17:26:44][WildStr][svchost.exe]

[Throw dll injection][27/06/2025 17:26:44][WildStr][svchost.exe]

[Throw dll injection][27/06/2025 17:26:44][WildStr][svchost.exe]

[Throw dll injection][27/06/2025 17:26:44][WildStr][svchost.exe]

[Throw dll injection][27/06/2025 17:26:44][WildStr][svchost.exe]

[Throw dll injection][27/06/2025 17:26:44][WildStr][svchost.exe]

[Throw dll injection][27/06/2025 17:26:44][WildStr][svchost.exe]

[Throw dll injection][27/06/2025 17:26:44][WildStr][svchost.exe]

[Throw dll injection][27/06/2025 17:26:44][WildStr][svchost.exe]

[Throw dll injection][27/06/2025 17:26:44][WildStr][MpDefenderCoreService.exe]

[Throw dll injection][27/06/2025 17:26:44][WildStr][svchost.exe]

[Throw dll injection][27/06/2025 17:26:44][WildStr][MsMpEng.exe]

[Throw dll injection][27/06/2025 17:26:44][WildStr][MpDefenderCoreService.exe]

[Throw dll injection][27/06/2025 17:26:44][WildStr][SearchIndexer.exe]

[Throw dll injection][27/06/2025 17:26:44][WildStr][MsMpEng.exe]

[Throw dll injection][27/06/2025 17:26:44][WildStr][AggregatorHost.exe]

[Throw dll injection][27/06/2025 17:26:44][WildStr][SearchIndexer.exe]

[Throw dll injection][27/06/2025 17:26:44][WildStr][dllhost.exe]

[Throw dll injection][27/06/2025 17:26:44][WildStr][AggregatorHost.exe]

[Throw dll injection][27/06/2025 17:26:44][WildStr][svchost.exe]

[Throw dll injection][27/06/2025 17:26:44][WildStr][dllhost.exe]

[Throw dll injection][27/06/2025 17:26:44][WildStr][sihost.exe]


[Throw dll injection][27/06/2025 17:26:44][WildStr][svchost.exe]

[Throw dll injection][27/06/2025 17:26:44][WildStr][svchost.exe]

[Throw dll injection][27/06/2025 17:26:44][WildStr][taskhostw.exe]

[Throw dll injection][27/06/2025 17:26:44][WildStr][svchost.exe]

[Throw dll injection][27/06/2025 17:26:44][WildStr][MicrosoftEdgeUpdate.exe]

[Throw dll injection][27/06/2025 17:26:44][WildStr][svchost.exe]

[Throw dll injection][27/06/2025 17:26:44][WildStr][svchost.exe]

[Throw dll injection][27/06/2025 17:26:44][WildStr][taskhostw.exe]

[Throw dll injection][27/06/2025 17:26:44][WildStr][ctfmon.exe]

[Throw dll injection][27/06/2025 17:26:44][WildStr][MicrosoftEdgeUpdate.exe]

[Throw dll injection][27/06/2025 17:26:44][WildStr][svchost.exe]

[Throw dll injection][27/06/2025 17:26:44][WildStr][svchost.exe]

[Throw dll injection][27/06/2025 17:26:44][WildStr][svchost.exe]

[Throw dll injection][27/06/2025 17:26:44][WildStr][ctfmon.exe]

[Throw dll injection][27/06/2025 17:26:44][WildStr][explorer.exe]

[Throw dll injection][27/06/2025 17:26:44][WildStr][svchost.exe]

[Throw dll injection][27/06/2025 17:26:44][WildStr][svchost.exe]

[Throw dll injection][27/06/2025 17:26:44][WildStr][svchost.exe]

[Throw dll injection][27/06/2025 17:26:44][WildStr][StartMenuExperienceHost.exe]

[Throw dll injection][27/06/2025 17:26:44][WildStr][explorer.exe]

[Throw dll injection][27/06/2025 17:26:44][WildStr][RuntimeBroker.exe]

[Throw dll injection][27/06/2025 17:26:44][WildStr][svchost.exe]

[Throw dll injection][27/06/2025 17:26:44][WildStr][SearchApp.exe]

[Throw dll injection][27/06/2025 17:26:44][WildStr][StartMenuExperienceHost.exe]

[Throw dll injection][27/06/2025 17:26:44][WildStr][svchost.exe]

[Throw dll injection][27/06/2025 17:26:44][WildStr][RuntimeBroker.exe]

[Throw dll injection][27/06/2025 17:26:44][WildStr][RuntimeBroker.exe]

[Throw dll injection][27/06/2025 17:26:44][WildStr][SearchApp.exe]

[Throw dll injection][27/06/2025 17:26:44][WildStr][RuntimeBroker.exe]

[Throw dll injection][27/06/2025 17:26:44][WildStr][svchost.exe]

[Throw dll injection][27/06/2025 17:26:44][WildStr][svchost.exe]

[Throw dll injection][27/06/2025 17:26:44][WildStr][SecurityHealthSystray.exe]

[Throw dll injection][27/06/2025 17:26:44][WildStr][RuntimeBroker.exe]

[Throw dll injection][27/06/2025 17:26:44][WildStr][SecurityHealthService.exe]

[Throw dll injection][27/06/2025 17:26:44][WildStr][RuntimeBroker.exe]

[Throw dll injection][27/06/2025 17:26:44][WildStr][VBoxTray.exe]

[Throw dll injection][27/06/2025 17:26:44][WildStr][svchost.exe]

[Throw dll injection][27/06/2025 17:26:44][WildStr][OneDrive.exe]

[Throw dll injection][27/06/2025 17:26:44][WildStr][SecurityHealthSystray.exe]

[Throw dll injection][27/06/2025 17:26:44][WildStr][svchost.exe]

[Throw dll injection][27/06/2025 17:26:44][WildStr][SecurityHealthService.exe]

[Throw dll injection][27/06/2025 17:26:44][WildStr][svchost.exe]

[Throw dll injection][27/06/2025 17:26:44][WildStr][VBoxTray.exe]

[Throw dll injection][27/06/2025 17:26:44][WildStr][svchost.exe]

[Throw dll injection][27/06/2025 17:26:44][WildStr][OneDrive.exe]

[Throw dll injection][27/06/2025 17:26:44][WildStr][svchost.exe]

[Throw dll injection][27/06/2025 17:26:44][WildStr][svchost.exe]

[Throw dll injection][27/06/2025 17:26:44][WildStr][svchost.exe]

[Throw dll injection][27/06/2025 17:26:44][WildStr][svchost.exe]

[Throw dll injection][27/06/2025 17:26:44][WildStr][svchost.exe]

[Throw dll injection][27/06/2025 17:26:44][WildStr][svchost.exe]

[Throw dll injection][27/06/2025 17:26:44][WildStr][TextInputHost.exe]

[Throw dll injection][27/06/2025 17:26:44][WildStr][svchost.exe]

[Throw dll injection][27/06/2025 17:26:44][WildStr][ApplicationFrameHost.exe]

[Throw dll injection][27/06/2025 17:26:44][WildStr][svchost.exe]

[Throw dll injection][27/06/2025 17:26:44][WildStr][SystemSettings.exe]

[Throw dll injection][27/06/2025 17:26:44][WildStr][svchost.exe]

[Throw dll injection][27/06/2025 17:26:44][WildStr][TextInputHost.exe]


[Throw dll injection][27/06/2025 17:26:44][WildStr][SearchApp.exe]

[Throw dll injection][27/06/2025 17:26:44][WildStr][ApplicationFrameHost.exe]

[Throw dll injection][27/06/2025 17:26:44][WildStr][msedgewebview2.exe]

[Throw dll injection][27/06/2025 17:26:44][WildStr][SystemSettings.exe]

[Throw dll injection][27/06/2025 17:26:44][WildStr][msedgewebview2.exe]

[Throw dll injection][27/06/2025 17:26:44][WildStr][UserOOBEBroker.exe]

[Throw dll injection][27/06/2025 17:26:44][WildStr][msedgewebview2.exe]

[Throw dll injection][27/06/2025 17:26:44][WildStr][SearchApp.exe]

[Throw dll injection][27/06/2025 17:26:44][WildStr][msedgewebview2.exe]

[Throw dll injection][27/06/2025 17:26:44][WildStr][msedgewebview2.exe]

[Throw dll injection][27/06/2025 17:26:44][WildStr][msedgewebview2.exe]

[Throw dll injection][27/06/2025 17:26:44][WildStr][msedgewebview2.exe]

[Throw dll injection][27/06/2025 17:26:44][WildStr][msedgewebview2.exe]

[Throw dll injection][27/06/2025 17:26:44][WildStr][msedgewebview2.exe]

[Throw dll injection][27/06/2025 17:26:44][WildStr][FileCoAuth.exe]

[Throw dll injection][27/06/2025 17:26:44][WildStr][msedgewebview2.exe]

[Throw dll injection][27/06/2025 17:26:44][WildStr][svchost.exe]

[Throw dll injection][27/06/2025 17:26:44][WildStr][msedgewebview2.exe]

[Throw dll injection][27/06/2025 17:26:44][WildStr][msedgewebview2.exe]

[Throw dll injection][27/06/2025 17:26:44][WildStr][msedge.exe]

[Throw dll injection][27/06/2025 17:26:44][WildStr][FileCoAuth.exe]

[Throw dll injection][27/06/2025 17:26:44][WildStr][svchost.exe]

[Throw dll injection][27/06/2025 17:26:44][WildStr][msedge.exe]

[Throw dll injection][27/06/2025 17:26:44][WildStr][msedge.exe]

[Throw dll injection][27/06/2025 17:26:44][WildStr][msedge.exe]

[Throw dll injection][27/06/2025 17:26:44][WildStr][svchost.exe]

[Throw dll injection][27/06/2025 17:26:44][WildStr][msedge.exe]

[Throw dll injection][27/06/2025 17:26:44][WildStr][svchost.exe]

[Throw dll injection][27/06/2025 17:26:44][WildStr][msedge.exe]

[Throw dll injection][27/06/2025 17:26:44][WildStr][svchost.exe]

[Throw dll injection][27/06/2025 17:26:44][WildStr][msedge.exe]

[Throw dll injection][27/06/2025 17:26:44][WildStr][dllhost.exe]

[Throw dll injection][27/06/2025 17:26:44][WildStr][svchost.exe]

[Throw dll injection][27/06/2025 17:26:44][WildStr][ShellExperienceHost.exe]

[Throw dll injection][27/06/2025 17:26:44][WildStr][svchost.exe]

[Throw dll injection][27/06/2025 17:26:44][WildStr][RuntimeBroker.exe]

[Throw dll injection][27/06/2025 17:26:44][WildStr][svchost.exe]

[Throw dll injection][27/06/2025 17:26:44][WildStr][powershell.exe]

[Throw dll injection][27/06/2025 17:26:44][WildStr][dllhost.exe]

[Throw dll injection][27/06/2025 17:26:44][WildStr][conhost.exe]

[Throw dll injection][27/06/2025 17:26:44][WildStr][ShellExperienceHost.exe]

[Throw dll injection][27/06/2025 17:26:44][WildStr][cmd.exe]

[Throw dll injection][27/06/2025 17:26:44][WildStr][RuntimeBroker.exe]

[Throw dll injection][27/06/2025 17:26:44][WildStr][conhost.exe]

[Throw dll injection][27/06/2025 17:26:44][WildStr][powershell.exe]

[Throw dll injection][27/06/2025 17:26:44][WildStr][powershell.exe]

[Throw dll injection][27/06/2025 17:26:44][WildStr][conhost.exe]

[Throw dll injection][27/06/2025 17:26:44][WildStr][Code.exe]

[Throw dll injection][27/06/2025 17:26:44][WildStr][cmd.exe]

[Throw dll injection][27/06/2025 17:26:44][WildStr][Code.exe]

[Throw dll injection][27/06/2025 17:26:44][WildStr][conhost.exe]

[Throw dll injection][27/06/2025 17:26:44][WildStr][Code.exe]

[Throw dll injection][27/06/2025 17:26:44][WildStr][powershell.exe]

[Throw dll injection][27/06/2025 17:26:44][WildStr][Code.exe]

[Throw dll injection][27/06/2025 17:26:44][WildStr][Code.exe]

[Throw dll injection][27/06/2025 17:26:44][WildStr][Code.exe]

[Throw dll injection][27/06/2025 17:26:44][WildStr][Code.exe]

[Throw dll injection][27/06/2025 17:26:44][WildStr][Code.exe]

[Throw dll injection][27/06/2025 17:26:44][WildStr][Code.exe]

[Throw dll injection][27/06/2025 17:26:44][WildStr][Code.exe]

[Throw dll injection][27/06/2025 17:26:44][WildStr][Code.exe]

[Throw dll injection][27/06/2025 17:26:44][WildStr][Code.exe]

[Throw dll injection][27/06/2025 17:26:44][WildStr][Code.exe]

[Throw dll injection][27/06/2025 17:26:44][WildStr][cpptools.exe]

[Throw dll injection][27/06/2025 17:26:44][WildStr][Code.exe]

[Throw dll injection][27/06/2025 17:26:44][WildStr][conhost.exe]

[Throw dll injection][27/06/2025 17:26:44][WildStr][Code.exe]

[Throw dll injection][27/06/2025 17:26:44][WildStr][Code.exe]

[Throw dll injection][27/06/2025 17:26:44][WildStr][Code.exe]

[Throw dll injection][27/06/2025 17:26:44][WildStr][cpptools.exe]

[Throw dll injection][27/06/2025 17:26:44][WildStr][cpptools.exe]

[Throw dll injection][27/06/2025 17:26:44][WildStr][cpptools-srv.exe]

[Throw dll injection][27/06/2025 17:26:44][WildStr][conhost.exe]

[Throw dll injection][27/06/2025 17:26:44][WildStr][conhost.exe]

[Throw dll injection][27/06/2025 17:26:44][WildStr][Code.exe]

[Throw dll injection][27/06/2025 17:26:44][WildStr][Code.exe]

[Throw dll injection][27/06/2025 17:26:44][WildStr][cpptools.exe]

[Throw dll injection][27/06/2025 17:26:44][WildStr][conhost.exe]

[Throw dll injection][27/06/2025 17:26:44][WildStr][cpptools-srv.exe]

[Throw dll injection][27/06/2025 17:26:44][WildStr][powershell.exe]

[Throw dll injection][27/06/2025 17:26:44][WildStr][conhost.exe]

[Throw dll injection][27/06/2025 17:26:44][WildStr][vctip.exe]

[Throw dll injection][27/06/2025 17:26:44][WildStr][Code.exe]

[Throw dll injection][27/06/2025 17:26:44][WildStr][cpptools-srv.exe]

[Throw dll injection][27/06/2025 17:26:44][WildStr][conhost.exe]

[Throw dll injection][27/06/2025 17:26:44][WildStr][conhost.exe]

[Throw dll injection][27/06/2025 17:26:44][WildStr][powershell.exe]

[Throw dll injection][27/06/2025 17:26:44][WildStr][svchost.exe]

[Throw dll injection][27/06/2025 17:26:44][WildStr][vctip.exe]

[Throw dll injection][27/06/2025 17:26:44][WildStr][smartscreen.exe]

[Throw dll injection][27/06/2025 17:26:44][WildStr][cpptools-srv.exe]

[Throw dll injection][27/06/2025 17:26:44][WildStr][conhost.exe]

[Throw dll injection][27/06/2025 17:26:44][WildStr][conhost.exe]

[Throw dll injection][27/06/2025 17:26:44][WildStr][powershell.exe]

[Throw dll injection][27/06/2025 17:26:44][WildStr][svchost.exe]

[Throw dll injection][27/06/2025 17:26:44][WildStr][audiodg.exe]

[Throw dll injection][27/06/2025 17:26:44][WildStr][smartscreen.exe]

[Throw dll injection][27/06/2025 17:26:44][WildStr][Taskmgr.exe]

[Throw dll injection][27/06/2025 17:26:44][WildStr][conhost.exe]

[Throw dll injection][27/06/2025 17:26:44][WildStr][test.exe]

[Throw dll injection][27/06/2025 17:26:44][WildStr][powershell.exe]

[Throw dll injection][27/06/2025 17:26:44][WildStr][audiodg.exe]

[Throw dll injection][27/06/2025 17:26:44][WildStr][Taskmgr.exe]

[Throw dll injection][27/06/2025 17:26:44][WildStr][test.exe]

[Throw dll injection][27/06/2025 17:26:45][WildStr][System]

[Throw dll injection][27/06/2025 17:26:45][WildStr][Registry]

[Throw dll injection][27/06/2025 17:26:45][WildStr][Registry]

[Throw dll injection][27/06/2025 17:26:45][WildStr][smss.exe]

[Throw dll injection][27/06/2025 17:26:45][WildStr][csrss.exe]

[Throw dll injection][27/06/2025 17:26:45][WildStr][wininit.exe]

[Throw dll injection][27/06/2025 17:26:45][WildStr][wininit.exe]

[Throw dll injection][27/06/2025 17:26:45][WildStr][csrss.exe]

[Throw dll injection][27/06/2025 17:26:45][WildStr][csrss.exe]

[Throw dll injection][27/06/2025 17:26:45][WildStr][winlogon.exe]

[Throw dll injection][27/06/2025 17:26:45][WildStr][winlogon.exe]

[Throw dll injection][27/06/2025 17:26:45][WildStr][services.exe]

[Throw dll injection][27/06/2025 17:26:45][WildStr][lsass.exe]
]

[Throw dll injection][27/06/2025 17:26:45][WildStr][lsass.exe]

[Throw dll injection][27/06/2025 17:26:45][WildStr][svchost.exe]

[Throw dll injection][27/06/2025 17:26:45][WildStr][svchost.exe]

[Throw dll injection][27/06/2025 17:26:45][WildStr][fontdrvhost.exe]

[Throw dll injection][27/06/2025 17:26:45][WildStr][fontdrvhost.exe]

[Throw dll injection][27/06/2025 17:26:45][WildStr][fontdrvhost.exe]

[Throw dll injection][27/06/2025 17:26:45][WildStr][svchost.exe]

[Throw dll injection][27/06/2025 17:26:45][WildStr][svchost.exe]

[Throw dll injection][27/06/2025 17:26:45][WildStr][svchost.exe]

[Throw dll injection][27/06/2025 17:26:45][WildStr][svchost.exe]

[Throw dll injection][27/06/2025 17:26:45][WildStr][dwm.exe]

[Throw dll injection][27/06/2025 17:26:45][WildStr][dwm.exe]

[Throw dll injection][27/06/2025 17:26:45][WildStr][svchost.exe]

[Throw dll injection][27/06/2025 17:26:45][WildStr][svchost.exe]

[Throw dll injection][27/06/2025 17:26:45][WildStr][svchost.exe]

[Throw dll injection][27/06/2025 17:26:45][WildStr][svchost.exe]

[Throw dll injection][27/06/2025 17:26:45][WildStr][svchost.exe]

[Throw dll injection][27/06/2025 17:26:45][WildStr][svchost.exe]

[Throw dll injection][27/06/2025 17:26:45][WildStr][svchost.exe]

[Throw dll injection][27/06/2025 17:26:45][WildStr][svchost.exe]

[Throw dll injection][27/06/2025 17:26:45][WildStr][svchost.exe]

[Throw dll injection][27/06/2025 17:26:45][WildStr][svchost.exe]

[Throw dll injection][27/06/2025 17:26:45][WildStr][svchost.exe]

[Throw dll injection][27/06/2025 17:26:45][WildStr][svchost.exe]

[Throw dll injection][27/06/2025 17:26:45][WildStr][svchost.exe]

[Throw dll injection][27/06/2025 17:26:45][WildStr][svchost.exe]

[Throw dll injection][27/06/2025 17:26:45][WildStr][svchost.exe]

[Throw dll injection][27/06/2025 17:26:45][WildStr][svchost.exe]

[Throw dll injection][27/06/2025 17:26:45][WildStr][svchost.exe]

[Throw dll injection][27/06/2025 17:26:45][WildStr][svchost.exe]

[Throw dll injection][27/06/2025 17:26:45][WildStr][svchost.exe]

[Throw dll injection][27/06/2025 17:26:45][WildStr][svchost.exe]

[Throw dll injection][27/06/2025 17:26:45][WildStr][svchost.exe]

[Throw dll injection][27/06/2025 17:26:45][WildStr][svchost.exe]

[Throw dll injection][27/06/2025 17:26:45][WildStr][svchost.exe]

[Throw dll injection][27/06/2025 17:26:45][WildStr][svchost.exe]

[Throw dll injection][27/06/2025 17:26:45][WildStr][svchost.exe]

[Throw dll injection][27/06/2025 17:26:45][WildStr][VBoxService.exe]

[Throw dll injection][27/06/2025 17:26:45][WildStr][VBoxService.exe]

[Throw dll injection][27/06/2025 17:26:45][WildStr][svchost.exe]

[Throw dll injection][27/06/2025 17:26:45][WildStr][svchost.exe]

[Throw dll injection][27/06/2025 17:26:45][WildStr][svchost.exe]

[Throw dll injection][27/06/2025 17:26:45][WildStr][svchost.exe]

[Throw dll injection][27/06/2025 17:26:45][WildStr][svchost.exe]

[Throw dll injection][27/06/2025 17:26:45][WildStr][svchost.exe]

[Throw dll injection][27/06/2025 17:26:45][WildStr][svchost.exe]

[Throw dll injection][27/06/2025 17:26:45][WildStr][svchost.exe]

[Throw dll injection][27/06/2025 17:26:45][WildStr][svchost.exe]

[Throw dll injection][27/06/2025 17:26:45][WildStr][svchost.exe]

[Throw dll injection][27/06/2025 17:26:45][WildStr][svchost.exe]

[Throw dll injection][27/06/2025 17:26:45][WildStr][svchost.exe]

[Throw dll injection][27/06/2025 17:26:45][WildStr][Memory Compression]

[Throw dll injection][27/06/2025 17:26:45][WildStr][Memory Compression]

[Throw dll injection][27/06/2025 17:26:45][WildStr][svchost.exe]

[Throw dll injection][27/06/2025 17:26:45][WildStr][svchost.exe]

[Throw dll injection][27/06/2025 17:26:45][WildStr][svchost.exe]

[Throw dll injection][27/06/2025 17:26:45][WildStr][svchost.exe]

[Throw dll injection][27/06/2025 17:26:45][WildStr][svchost.exe]

[Throw dll injection][27/06/2025 17:26:45][WildStr][svchost.exe]

[Throw dll injection][27/06/2025 17:26:45][WildStr][svchost.exe]

[Throw dll injection][27/06/2025 17:26:45][WildStr][svchost.exe]

[Throw dll injection][27/06/2025 17:26:45][WildStr][svchost.exe]

[Throw dll injection][27/06/2025 17:26:45][WildStr][svchost.exe]

[Throw dll injection][27/06/2025 17:26:45][WildStr][svchost.exe]

[Throw dll injection][27/06/2025 17:26:45][WildStr][svchost.exe]

[Throw dll injection][27/06/2025 17:26:45][WildStr][svchost.exe]

[Throw dll injection][27/06/2025 17:26:45][WildStr][svchost.exe]

[Throw dll injection][27/06/2025 17:26:45][WildStr][svchost.exe]

[Throw dll injection][27/06/2025 17:26:45][WildStr][svchost.exe]

[Throw dll injection][27/06/2025 17:26:45][WildStr][spoolsv.exe]

[Throw dll injection][27/06/2025 17:26:45][WildStr][svchost.exe]

[Throw dll injection][27/06/2025 17:26:45][WildStr][svchost.exe]

[Throw dll injection][27/06/2025 17:26:45][WildStr][svchost.exe]

[Throw dll injection][27/06/2025 17:26:45][WildStr][svchost.exe]

[Throw dll injection][27/06/2025 17:26:45][WildStr][svchost.exe]

[Throw dll injection][27/06/2025 17:26:45][WildStr][svchost.exe]

[Throw dll injection][27/06/2025 17:26:45][WildStr][svchost.exe]

[Throw dll injection][27/06/2025 17:26:45][WildStr][svchost.exe]

[Throw dll injection][27/06/2025 17:26:45][WildStr][ssh-agent.exe]

[Throw dll injection][27/06/2025 17:26:45][WildStr][ssh-agent.exe]

[Throw dll injection][27/06/2025 17:26:45][WildStr][sshd.exe]

[Throw dll injection][27/06/2025 17:26:45][WildStr][sshd.exe]

[Throw dll injection][27/06/2025 17:26:45][WildStr][svchost.exe]

[Throw dll injection][27/06/2025 17:26:45][WildStr][svchost.exe]

[Throw dll injection][27/06/2025 17:26:45][WildStr][svchost.exe]

[Throw dll injection][27/06/2025 17:26:45][WildStr][svchost.exe]

[Throw dll injection][27/06/2025 17:26:45][WildStr][svchost.exe]

[Throw dll injection][27/06/2025 17:26:45][WildStr][svchost.exe]

[Throw dll injection][27/06/2025 17:26:45][WildStr][svchost.exe]

[Throw dll injection][27/06/2025 17:26:45][WildStr][svchost.exe]

[Throw dll injection][27/06/2025 17:26:45][WildStr][svchost.exe]

[Throw dll injection][27/06/2025 17:26:45][WildStr][svchost.exe]

[Throw dll injection][27/06/2025 17:26:45][WildStr][svchost.exe]

[Throw dll injection][27/06/2025 17:26:45][WildStr][svchost.exe]

[Throw dll injection][27/06/2025 17:26:45][WildStr][svchost.exe]

[Throw dll injection][27/06/2025 17:26:45][WildStr][svchost.exe]

[Throw dll injection][27/06/2025 17:26:45][WildStr][svchost.exe]

[Throw dll injection][27/06/2025 17:26:45][WildStr][svchost.exe]

[Throw dll injection][27/06/2025 17:26:45][WildStr][svchost.exe]

[Throw dll injection][27/06/2025 17:26:45][WildStr][svchost.exe]

[Throw dll injection][27/06/2025 17:26:45][WildStr][MpDefenderCoreService.exe]

[Throw dll injection][27/06/2025 17:26:45][WildStr][MpDefenderCoreService.exe]

[Throw dll injection][27/06/2025 17:26:45][WildStr][MsMpEng.exe]

[Throw dll injection][27/06/2025 17:26:45][WildStr][MsMpEng.exe]

[Throw dll injection][27/06/2025 17:26:45][WildStr][SearchIndexer.exe]

[Throw dll injection][27/06/2025 17:26:45][WildStr][SearchIndexer.exe]

[Throw dll injection][27/06/2025 17:26:45][WildStr][AggregatorHost.exe]

[Throw dll injection][27/06/2025 17:26:45][WildStr][AggregatorHost.exe]

[Throw dll injection][27/06/2025 17:26:45][WildStr][dllhost.exe]

[Throw dll injection][27/06/2025 17:26:45][WildStr][dllhost.exe]

[Throw dll injection][27/06/2025 17:26:45][WildStr][svchost.exe]

[Throw dll injection][27/06/2025 17:26:45][WildStr][svchost.exe]

[Throw dll injection][27/06/2025 17:26:45][WildStr][NisSrv.exe]

[Throw dll injection][27/06/2025 17:26:45][WildStr][NisSrv.exe]

[Throw dll injection][27/06/2025 17:26:45][WildStr][sihost.exe]

[Throw dll injection][27/06/2025 17:26:45][WildStr][sihost.exe]

[Throw dll injection][27/06/2025 17:26:45][WildStr][svchost.exe]

[Throw dll injection][27/06/2025 17:26:45][WildStr][svchost.exe]

[Throw dll injection][27/06/2025 17:26:45][WildStr][taskhostw.exe]

[Throw dll injection][27/06/2025 17:26:45][WildStr][svchost.exe]

[Throw dll injection][27/06/2025 17:26:45][WildStr][MicrosoftEdgeUpdate.exe]

[Throw dll injection][27/06/2025 17:26:45][WildStr][taskhostw.exe]

[Throw dll injection][27/06/2025 17:26:45][WildStr][svchost.exe]

[Throw dll injection][27/06/2025 17:26:45][WildStr][MicrosoftEdgeUpdate.exe]

[Throw dll injection][27/06/2025 17:26:45][WildStr][ctfmon.exe]

[Throw dll injection][27/06/2025 17:26:45][WildStr][svchost.exe]

[Throw dll injection][27/06/2025 17:26:45][WildStr][svchost.exe]

[Throw dll injection][27/06/2025 17:26:45][WildStr][ctfmon.exe]

[Throw dll injection][27/06/2025 17:26:45][WildStr][svchost.exe]

[Throw dll injection][27/06/2025 17:26:45][WildStr][svchost.exe]

[Throw dll injection][27/06/2025 17:26:45][WildStr][explorer.exe]

[Throw dll injection][27/06/2025 17:26:45][WildStr][svchost.exe]

[Throw dll injection][27/06/2025 17:26:45][WildStr][svchost.exe]

[Throw dll injection][27/06/2025 17:26:45][WildStr][explorer.exe]

[Throw dll injection][27/06/2025 17:26:45][WildStr][StartMenuExperienceHost.exe]

[Throw dll injection][27/06/2025 17:26:45][WildStr][svchost.exe]

[Throw dll injection][27/06/2025 17:26:45][WildStr][RuntimeBroker.exe]

[Throw dll injection][27/06/2025 17:26:45][WildStr][StartMenuExperienceHost.exe]

[Throw dll injection][27/06/2025 17:26:45][WildStr][SearchApp.exe]

[Throw dll injection][27/06/2025 17:26:45][WildStr][svchost.exe]

[Throw dll injection][27/06/2025 17:26:45][WildStr][RuntimeBroker.exe]

[Throw dll injection][27/06/2025 17:26:45][WildStr][RuntimeBroker.exe]

[Throw dll injection][27/06/2025 17:26:45][WildStr][RuntimeBroker.exe]

[Throw dll injection][27/06/2025 17:26:45][WildStr][SearchApp.exe]

[Throw dll injection][27/06/2025 17:26:45][WildStr][svchost.exe]

[Throw dll injection][27/06/2025 17:26:45][WildStr][SecurityHealthSystray.exe]

[Throw dll injection][27/06/2025 17:26:45][WildStr][svchost.exe]

[Throw dll injection][27/06/2025 17:26:45][WildStr][SecurityHealthService.exe]

[Throw dll injection][27/06/2025 17:26:45][WildStr][RuntimeBroker.exe]

[Throw dll injection][27/06/2025 17:26:45][WildStr][VBoxTray.exe]

[Throw dll injection][27/06/2025 17:26:45][WildStr][RuntimeBroker.exe]

[Throw dll injection][27/06/2025 17:26:45][WildStr][OneDrive.exe]

[Throw dll injection][27/06/2025 17:26:45][WildStr][svchost.exe]

[Throw dll injection][27/06/2025 17:26:45][WildStr][svchost.exe]

[Throw dll injection][27/06/2025 17:26:45][WildStr][SecurityHealthSystray.exe]

[Throw dll injection][27/06/2025 17:26:45][WildStr][svchost.exe]

[Throw dll injection][27/06/2025 17:26:45][WildStr][SecurityHealthService.exe]

[Throw dll injection][27/06/2025 17:26:45][WildStr][svchost.exe]

[Throw dll injection][27/06/2025 17:26:45][WildStr][VBoxTray.exe]

[Throw dll injection][27/06/2025 17:26:45][WildStr][svchost.exe]

[Throw dll injection][27/06/2025 17:26:45][WildStr][OneDrive.exe]

[Throw dll injection][27/06/2025 17:26:45][WildStr][svchost.exe]

[Throw dll injection][27/06/2025 17:26:45][WildStr][svchost.exe]

[Throw dll injection][27/06/2025 17:26:45][WildStr][svchost.exe]

[Throw dll injection][27/06/2025 17:26:45][WildStr][svchost.exe]

[Throw dll injection][27/06/2025 17:26:45][WildStr][svchost.exe]
exe]

[Throw dll injection][27/06/2025 17:26:45][WildStr][ApplicationFrameHost.exe]

[Throw dll injection][27/06/2025 17:26:45][WildStr][svchost.exe]

[Throw dll injection][27/06/2025 17:26:45][WildStr][SystemSettings.exe]

[Throw dll injection][27/06/2025 17:26:45][WildStr][svchost.exe]

[Throw dll injection][27/06/2025 17:26:45][WildStr][svchost.exe]

[Throw dll injection][27/06/2025 17:26:45][WildStr][UserOOBEBroker.exe]

[Throw dll injection][27/06/2025 17:26:45][WildStr][TextInputHost.exe]

[Throw dll injection][27/06/2025 17:26:45][WildStr][SearchApp.exe]

[Throw dll injection][27/06/2025 17:26:45][WildStr][ApplicationFrameHost.exe]

[Throw dll injection][27/06/2025 17:26:45][WildStr][msedgewebview2.exe]

[Throw dll injection][27/06/2025 17:26:45][WildStr][SystemSettings.exe]

[Throw dll injection][27/06/2025 17:26:45][WildStr][msedgewebview2.exe]

[Throw dll injection][27/06/2025 17:26:45][WildStr][UserOOBEBroker.exe]

[Throw dll injection][27/06/2025 17:26:45][WildStr][msedgewebview2.exe]

[Throw dll injection][27/06/2025 17:26:45][WildStr][SearchApp.exe]

[Throw dll injection][27/06/2025 17:26:45][WildStr][msedgewebview2.exe]

[Throw dll injection][27/06/2025 17:26:45][WildStr][msedgewebview2.exe]

[Throw dll injection][27/06/2025 17:26:45][WildStr][msedgewebview2.exe]

[Throw dll injection][27/06/2025 17:26:45][WildStr][msedgewebview2.exe]

[Throw dll injection][27/06/2025 17:26:45][WildStr][msedgewebview2.exe]

[Throw dll injection][27/06/2025 17:26:45][WildStr][msedgewebview2.exe]

[Throw dll injection][27/06/2025 17:26:45][WildStr][FileCoAuth.exe]

[Throw dll injection][27/06/2025 17:26:45][WildStr][msedgewebview2.exe]

[Throw dll injection][27/06/2025 17:26:45][WildStr][svchost.exe]

[Throw dll injection][27/06/2025 17:26:45][WildStr][msedgewebview2.exe]

[Throw dll injection][27/06/2025 17:26:45][WildStr][msedge.exe]

[Throw dll injection][27/06/2025 17:26:45][WildStr][msedgewebview2.exe]

[Throw dll injection][27/06/2025 17:26:45][WildStr][msedge.exe]

[Throw dll injection][27/06/2025 17:26:45][WildStr][FileCoAuth.exe]

[Throw dll injection][27/06/2025 17:26:45][WildStr][msedge.exe]

[Throw dll injection][27/06/2025 17:26:45][WildStr][svchost.exe]

[Throw dll injection][27/06/2025 17:26:45][WildStr][msedge.exe]

[Throw dll injection][27/06/2025 17:26:45][WildStr][msedge.exe]

[Throw dll injection][27/06/2025 17:26:45][WildStr][msedge.exe]

[Throw dll injection][27/06/2025 17:26:45][WildStr][msedge.exe]

[Throw dll injection][27/06/2025 17:26:45][WildStr][svchost.exe]

[Throw dll injection][27/06/2025 17:26:45][WildStr][msedge.exe]

[Throw dll injection][27/06/2025 17:26:45][WildStr][svchost.exe]

[Throw dll injection][27/06/2025 17:26:45][WildStr][msedge.exe]

[Throw dll injection][27/06/2025 17:26:45][WildStr][svchost.exe]

[Throw dll injection][27/06/2025 17:26:45][WildStr][msedge.exe]

[Throw dll injection][27/06/2025 17:26:45][WildStr][svchost.exe]

[Throw dll injection][27/06/2025 17:26:45][WildStr][svchost.exe]
eHost.exe]

[Throw dll injection][27/06/2025 17:26:45][WildStr][RuntimeBroker.exe]

[Throw dll injection][27/06/2025 17:26:45][WildStr][dllhost.exe]

[Throw dll injection][27/06/2025 17:26:45][WildStr][powershell.exe]

[Throw dll injection][27/06/2025 17:26:45][WildStr][ShellExperienceHost.exe]

[Throw dll injection][27/06/2025 17:26:45][WildStr][conhost.exe]

[Throw dll injection][27/06/2025 17:26:45][WildStr][RuntimeBroker.exe]

[Throw dll injection][27/06/2025 17:26:45][WildStr][cmd.exe]

[Throw dll injection][27/06/2025 17:26:45][WildStr][powershell.exe]

[Throw dll injection][27/06/2025 17:26:45][WildStr][conhost.exe]

[Throw dll injection][27/06/2025 17:26:45][WildStr][conhost.exe]

[Throw dll injection][27/06/2025 17:26:45][WildStr][powershell.exe]

[Throw dll injection][27/06/2025 17:26:45][WildStr][cmd.exe]

[Throw dll injection][27/06/2025 17:26:45][WildStr][Code.exe]

[Throw dll injection][27/06/2025 17:26:45][WildStr][conhost.exe]

[Throw dll injection][27/06/2025 17:26:45][WildStr][Code.exe]

[Throw dll injection][27/06/2025 17:26:45][WildStr][powershell.exe]

[Throw dll injection][27/06/2025 17:26:45][WildStr][Code.exe]

[Throw dll injection][27/06/2025 17:26:45][WildStr][Code.exe]

[Throw dll injection][27/06/2025 17:26:45][WildStr][Code.exe]

[Throw dll injection][27/06/2025 17:26:45][WildStr][Code.exe]

[Throw dll injection][27/06/2025 17:26:45][WildStr][Code.exe]

[Throw dll injection][27/06/2025 17:26:45][WildStr][Code.exe]

[Throw dll injection][27/06/2025 17:26:45][WildStr][Code.exe]

[Throw dll injection][27/06/2025 17:26:45][WildStr][Code.exe]

[Throw dll injection][27/06/2025 17:26:45][WildStr][Code.exe]

[Throw dll injection][27/06/2025 17:26:45][WildStr][Code.exe]

[Throw dll injection][27/06/2025 17:26:45][WildStr][Code.exe]

[Throw dll injection][27/06/2025 17:26:45][WildStr][Code.exe]

[Throw dll injection][27/06/2025 17:26:45][WildStr][cpptools.exe]

[Throw dll injection][27/06/2025 17:26:45][WildStr][Code.exe]

[Throw dll injection][27/06/2025 17:26:45][WildStr][conhost.exe]

[Throw dll injection][27/06/2025 17:26:45][WildStr][Code.exe]

[Throw dll injection][27/06/2025 17:26:45][WildStr][Code.exe]

[Throw dll injection][27/06/2025 17:26:45][WildStr][cpptools.exe]

[Throw dll injection][27/06/2025 17:26:45][WildStr][cpptools.exe]

[Throw dll injection][27/06/2025 17:26:45][WildStr][conhost.exe]

[Throw dll injection][27/06/2025 17:26:45][WildStr][cpptools-srv.exe]

[Throw dll injection][27/06/2025 17:26:45][WildStr][Code.exe]

[Throw dll injection][27/06/2025 17:26:45][WildStr][conhost.exe]

[Throw dll injection][27/06/2025 17:26:45][WildStr][cpptools.exe]

[Throw dll injection][27/06/2025 17:26:45][WildStr][Code.exe]

[Throw dll injection][27/06/2025 17:26:45][WildStr][cpptools-srv.exe]

[Throw dll injection][27/06/2025 17:26:45][WildStr][conhost.exe]

[Throw dll injection][27/06/2025 17:26:45][WildStr][conhost.exe]

[Throw dll injection][27/06/2025 17:26:45][WildStr][powershell.exe]

[Throw dll injection][27/06/2025 17:26:45][WildStr][Code.exe]

[Throw dll injection][27/06/2025 17:26:45][WildStr][vctip.exe]

[Throw dll injection][27/06/2025 17:26:45][WildStr][conhost.exe]

[Throw dll injection][27/06/2025 17:26:45][WildStr][cpptools-srv.exe]

[Throw dll injection][27/06/2025 17:26:45][WildStr][powershell.exe]

[Throw dll injection][27/06/2025 17:26:45][WildStr][conhost.exe]

[Throw dll injection][27/06/2025 17:26:45][WildStr][vctip.exe]

[Throw dll injection][27/06/2025 17:26:45][WildStr][svchost.exe]

[Throw dll injection][27/06/2025 17:26:45][WildStr][cpptools-srv.exe]

[Throw dll injection][27/06/2025 17:26:45][WildStr][smartscreen.exe]

[Throw dll injection][27/06/2025 17:26:45][WildStr][conhost.exe]

[Throw dll injection][27/06/2025 17:26:45][WildStr][conhost.exe]

[Throw dll injection][27/06/2025 17:26:45][WildStr][svchost.exe]

[Throw dll injection][27/06/2025 17:26:45][WildStr][powershell.exe]

[Throw dll injection][27/06/2025 17:26:45][WildStr][smartscreen.exe]

[Throw dll injection][27/06/2025 17:26:45][WildStr][audiodg.exe]

[Throw dll injection][27/06/2025 17:26:45][WildStr][conhost.exe]

[Throw dll injection][27/06/2025 17:26:45][WildStr][Taskmgr.exe]

[Throw dll injection][27/06/2025 17:26:45][WildStr][powershell.exe]

[Throw dll injection][27/06/2025 17:26:45][WildStr][test.exe]

[Throw dll injection][27/06/2025 17:26:45][WildStr][audiodg.exe]

[Throw dll injection][27/06/2025 17:26:45][WildStr][Taskmgr.exe]

[Throw dll injection][27/06/2025 17:26:45][WildStr][test.exe]

[Throw dll injection][27/06/2025 17:26:46][WildStr][System]

[Throw dll injection][27/06/2025 17:26:46][WildStr][System]

[Throw dll injection][27/06/2025 17:26:46][WildStr][Registry]

[Throw dll injection][27/06/2025 17:26:46][WildStr][Registry]

[Throw dll injection][27/06/2025 17:26:46][WildStr][smss.exe]

[Throw dll injection][27/06/2025 17:26:46][WildStr][smss.exe]

[Throw dll injection][27/06/2025 17:26:46][WildStr][csrss.exe]

[Throw dll injection][27/06/2025 17:26:46][WildStr][csrss.exe]

[Throw dll injection][27/06/2025 17:26:46][WildStr][wininit.exe]

[Throw dll injection][27/06/2025 17:26:46][WildStr][wininit.exe]

[Throw dll injection][27/06/2025 17:26:46][WildStr][csrss.exe]

[Throw dll injection][27/06/2025 17:26:46][WildStr][csrss.exe]

[Throw dll injection][27/06/2025 17:26:46][WildStr][winlogon.exe]

[Throw dll injection][27/06/2025 17:26:46][WildStr][winlogon.exe]

[Throw dll injection][27/06/2025 17:26:46][WildStr][services.exe]

[Throw dll injection][27/06/2025 17:26:46][WildStr][services.exe]

[Throw dll injection][27/06/2025 17:26:46][WildStr][lsass.exe]

[Throw dll injection][27/06/2025 17:26:46][WildStr][lsass.exe]

[Throw dll injection][27/06/2025 17:26:46][WildStr][svchost.exe]

[Throw dll injection][27/06/2025 17:26:46][WildStr][svchost.exe]

[Throw dll injection][27/06/2025 17:26:46][WildStr][fontdrvhost.exe]

[Throw dll injection][27/06/2025 17:26:46][WildStr][fontdrvhost.exe]

[Throw dll injection][27/06/2025 17:26:46][WildStr][fontdrvhost.exe]

[Throw dll injection][27/06/2025 17:26:46][WildStr][svchost.exe]

[Throw dll injection][27/06/2025 17:26:46][WildStr][svchost.exe]

[Throw dll injection][27/06/2025 17:26:46][WildStr][svchost.exe]

[Throw dll injection][27/06/2025 17:26:46][WildStr][svchost.exe]

[Throw dll injection][27/06/2025 17:26:46][WildStr][dwm.exe]

[Throw dll injection][27/06/2025 17:26:46][WildStr][dwm.exe]

[Throw dll injection][27/06/2025 17:26:46][WildStr][svchost.exe]

[Throw dll injection][27/06/2025 17:26:46][WildStr][svchost.exe]

[Throw dll injection][27/06/2025 17:26:46][WildStr][svchost.exe]

[Throw dll injection][27/06/2025 17:26:46][WildStr][svchost.exe]

[Throw dll injection][27/06/2025 17:26:46][WildStr][svchost.exe]

[Throw dll injection][27/06/2025 17:26:46][WildStr][svchost.exe]

[Throw dll injection][27/06/2025 17:26:46][WildStr][svchost.exe]

[Throw dll injection][27/06/2025 17:26:46][WildStr][svchost.exe]

[Throw dll injection][27/06/2025 17:26:46][WildStr][svchost.exe]

[Throw dll injection][27/06/2025 17:26:46][WildStr][svchost.exe]

[Throw dll injection][27/06/2025 17:26:46][WildStr][svchost.exe]

[Throw dll injection][27/06/2025 17:26:46][WildStr][svchost.exe]

[Throw dll injection][27/06/2025 17:26:46][WildStr][svchost.exe]

[Throw dll injection][27/06/2025 17:26:46][WildStr][svchost.exe]

[Throw dll injection][27/06/2025 17:26:46][WildStr][svchost.exe]

[Throw dll injection][27/06/2025 17:26:46][WildStr][svchost.exe]

[Throw dll injection][27/06/2025 17:26:46][WildStr][svchost.exe]

[Throw dll injection][27/06/2025 17:26:46][WildStr][svchost.exe]

[Throw dll injection][27/06/2025 17:26:46][WildStr][svchost.exe]

[Throw dll injection][27/06/2025 17:26:46][WildStr][svchost.exe]

[Throw dll injection][27/06/2025 17:26:46][WildStr][svchost.exe]

[Throw dll injection][27/06/2025 17:26:46][WildStr][svchost.exe]

[Throw dll injection][27/06/2025 17:26:46][WildStr][VBoxService.exe]

[Throw dll injection][27/06/2025 17:26:46][WildStr][svchost.exe]

[Throw dll injection][27/06/2025 17:26:46][WildStr][svchost.exe]

[Throw dll injection][27/06/2025 17:26:46][WildStr][VBoxService.exe]

[Throw dll injection][27/06/2025 17:26:46][WildStr][svchost.exe]

[Throw dll injection][27/06/2025 17:26:46][WildStr][svchost.exe]

[Throw dll injection][27/06/2025 17:26:46][WildStr][svchost.exe]

[Throw dll injection][27/06/2025 17:26:46][WildStr][svchost.exe]

[Throw dll injection][27/06/2025 17:26:46][WildStr][svchost.exe]

[Throw dll injection][27/06/2025 17:26:46][WildStr][svchost.exe]

[Throw dll injection][27/06/2025 17:26:46][WildStr][svchost.exe]

[Throw dll injection][27/06/2025 17:26:46][WildStr][svchost.exe]

[Throw dll injection][27/06/2025 17:26:46][WildStr][svchost.exe]

[Throw dll injection][27/06/2025 17:26:46][WildStr][svchost.exe]

[Throw dll injection][27/06/2025 17:26:46][WildStr][Memory Compression]

[Throw dll injection][27/06/2025 17:26:46][WildStr][svchost.exe]

[Throw dll injection][27/06/2025 17:26:46][WildStr][svchost.exe]

[Throw dll injection][27/06/2025 17:26:46][WildStr][Memory Compression]

[Throw dll injection][27/06/2025 17:26:46][WildStr][svchost.exe]

[Throw dll injection][27/06/2025 17:26:46][WildStr][svchost.exe]

[Throw dll injection][27/06/2025 17:26:46][WildStr][svchost.exe]

[Throw dll injection][27/06/2025 17:26:46][WildStr][svchost.exe]

[Throw dll injection][27/06/2025 17:26:46][WildStr][svchost.exe]

[Throw dll injection][27/06/2025 17:26:46][WildStr][svchost.exe]

[Throw dll injection][27/06/2025 17:26:46][WildStr][svchost.exe]

[Throw dll injection][27/06/2025 17:26:46][WildStr][svchost.exe]

[Throw dll injection][27/06/2025 17:26:46][WildStr][svchost.exe]

[Throw dll injection][27/06/2025 17:26:46][WildStr][svchost.exe]

[Throw dll injection][27/06/2025 17:26:46][WildStr][svchost.exe]

[Throw dll injection][27/06/2025 17:26:46][WildStr][svchost.exe]

[Throw dll injection][27/06/2025 17:26:46][WildStr][svchost.exe]

[Throw dll injection][27/06/2025 17:26:46][WildStr][svchost.exe]

[Throw dll injection][27/06/2025 17:26:46][WildStr][spoolsv.exe]

[Throw dll injection][27/06/2025 17:26:46][WildStr][svchost.exe]

[Throw dll injection][27/06/2025 17:26:46][WildStr][svchost.exe]

[Throw dll injection][27/06/2025 17:26:46][WildStr][spoolsv.exe]

[Throw dll injection][27/06/2025 17:26:46][WildStr][svchost.exe]

[Throw dll injection][27/06/2025 17:26:46][WildStr][svchost.exe]

[Throw dll injection][27/06/2025 17:26:46][WildStr][svchost.exe]

[Throw dll injection][27/06/2025 17:26:46][WildStr][svchost.exe]

[Throw dll injection][27/06/2025 17:26:46][WildStr][svchost.exe]

[Throw dll injection][27/06/2025 17:26:46][WildStr][svchost.exe]

[Throw dll injection][27/06/2025 17:26:46][WildStr][ssh-agent.exe]

[Throw dll injection][27/06/2025 17:26:46][WildStr][svchost.exe]

[Throw dll injection][27/06/2025 17:26:46][WildStr][sshd.exe]

[Throw dll injection][27/06/2025 17:26:46][WildStr][ssh-agent.exe]

[Throw dll injection][27/06/2025 17:26:46][WildStr][svchost.exe]

[Throw dll injection][27/06/2025 17:26:46][WildStr][sshd.exe]

[Throw dll injection][27/06/2025 17:26:46][WildStr][svchost.exe]

[Throw dll injection][27/06/2025 17:26:46][WildStr][svchost.exe]

[Throw dll injection][27/06/2025 17:26:46][WildStr][svchost.exe]

[Throw dll injection][27/06/2025 17:26:46][WildStr][svchost.exe]

[Throw dll injection][27/06/2025 17:26:46][WildStr][svchost.exe]

[Throw dll injection][27/06/2025 17:26:46][WildStr][svchost.exe]

[Throw dll injection][27/06/2025 17:26:46][WildStr][svchost.exe]

[Throw dll injection][27/06/2025 17:26:46][WildStr][svchost.exe]

[Throw dll injection][27/06/2025 17:26:46][WildStr][svchost.exe]

[Throw dll injection][27/06/2025 17:26:46][WildStr][svchost.exe]

[Throw dll injection][27/06/2025 17:26:46][WildStr][svchost.exe]

[Throw dll injection][27/06/2025 17:26:46][WildStr][svchost.exe]

[Throw dll injection][27/06/2025 17:26:46][WildStr][svchost.exe]

[Throw dll injection][27/06/2025 17:26:46][WildStr][svchost.exe]

[Throw dll injection][27/06/2025 17:26:46][WildStr][svchost.exe]
Service.exe]

[Throw dll injection][27/06/2025 17:26:46][WildStr][MsMpEng.exe]

[Throw dll injection][27/06/2025 17:26:46][WildStr][svchost.exe]

[Throw dll injection][27/06/2025 17:26:46][WildStr][SearchIndexer.exe]

[Throw dll injection][27/06/2025 17:26:46][WildStr][svchost.exe]

[Throw dll injection][27/06/2025 17:26:46][WildStr][AggregatorHost.exe]

[Throw dll injection][27/06/2025 17:26:46][WildStr][MpDefenderCoreService.exe]

[Throw dll injection][27/06/2025 17:26:46][WildStr][dllhost.exe]

[Throw dll injection][27/06/2025 17:26:46][WildStr][MsMpEng.exe]

[Throw dll injection][27/06/2025 17:26:46][WildStr][svchost.exe]

[Throw dll injection][27/06/2025 17:26:46][WildStr][SearchIndexer.exe]

[Throw dll injection][27/06/2025 17:26:46][WildStr][NisSrv.exe]

[Throw dll injection][27/06/2025 17:26:46][WildStr][AggregatorHost.exe]

[Throw dll injection][27/06/2025 17:26:46][WildStr][sihost.exe]

[Throw dll injection][27/06/2025 17:26:46][WildStr][dllhost.exe]

[Throw dll injection][27/06/2025 17:26:46][WildStr][svchost.exe]

[Throw dll injection][27/06/2025 17:26:46][WildStr][svchost.exe]

[Throw dll injection][27/06/2025 17:26:46][WildStr][svchost.exe]

[Throw dll injection][27/06/2025 17:26:46][WildStr][NisSrv.exe]

[Throw dll injection][27/06/2025 17:26:46][WildStr][taskhostw.exe]

[Throw dll injection][27/06/2025 17:26:46][WildStr][sihost.exe]

[Throw dll injection][27/06/2025 17:26:46][WildStr][MicrosoftEdgeUpdate.exe]

[Throw dll injection][27/06/2025 17:26:46][WildStr][svchost.exe]

[Throw dll injection][27/06/2025 17:26:46][WildStr][svchost.exe]

[Throw dll injection][27/06/2025 17:26:46][WildStr][svchost.exe]

[Throw dll injection][27/06/2025 17:26:46][WildStr][ctfmon.exe]

[Throw dll injection][27/06/2025 17:26:46][WildStr][taskhostw.exe]

[Throw dll injection][27/06/2025 17:26:46][WildStr][svchost.exe]

[Throw dll injection][27/06/2025 17:26:46][WildStr][MicrosoftEdgeUpdate.exe]

[Throw dll injection][27/06/2025 17:26:46][WildStr][svchost.exe]

[Throw dll injection][27/06/2025 17:26:46][WildStr][svchost.exe]

[Throw dll injection][27/06/2025 17:26:46][WildStr][explorer.exe]

[Throw dll injection][27/06/2025 17:26:46][WildStr][ctfmon.exe]

[Throw dll injection][27/06/2025 17:26:46][WildStr][svchost.exe]

[Throw dll injection][27/06/2025 17:26:46][WildStr][svchost.exe]

[Throw dll injection][27/06/2025 17:26:46][WildStr][StartMenuExperienceHost.exe]

[Throw dll injection][27/06/2025 17:26:46][WildStr][svchost.exe]

[Throw dll injection][27/06/2025 17:26:46][WildStr][RuntimeBroker.exe]

[Throw dll injection][27/06/2025 17:26:46][WildStr][explorer.exe]

[Throw dll injection][27/06/2025 17:26:46][WildStr][SearchApp.exe]

[Throw dll injection][27/06/2025 17:26:46][WildStr][svchost.exe]

[Throw dll injection][27/06/2025 17:26:46][WildStr][svchost.exe]

[Throw dll injection][27/06/2025 17:26:46][WildStr][StartMenuExperienceHost.exe]

[Throw dll injection][27/06/2025 17:26:46][WildStr][RuntimeBroker.exe]

[Throw dll injection][27/06/2025 17:26:46][WildStr][RuntimeBroker.exe]

[Throw dll injection][27/06/2025 17:26:46][WildStr][RuntimeBroker.exe]

[Throw dll injection][27/06/2025 17:26:46][WildStr][SearchApp.exe]

[Throw dll injection][27/06/2025 17:26:46][WildStr][svchost.exe]

[Throw dll injection][27/06/2025 17:26:46][WildStr][svchost.exe]

[Throw dll injection][27/06/2025 17:26:46][WildStr][SecurityHealthSystray.exe]

[Throw dll injection][27/06/2025 17:26:46][WildStr][RuntimeBroker.exe]

[Throw dll injection][27/06/2025 17:26:46][WildStr][SecurityHealthService.exe]

[Throw dll injection][27/06/2025 17:26:46][WildStr][RuntimeBroker.exe]

[Throw dll injection][27/06/2025 17:26:46][WildStr][VBoxTray.exe]

[Throw dll injection][27/06/2025 17:26:46][WildStr][svchost.exe]

[Throw dll injection][27/06/2025 17:26:46][WildStr][OneDrive.exe]

[Throw dll injection][27/06/2025 17:26:46][WildStr][SecurityHealthSystray.exe]

[Throw dll injection][27/06/2025 17:26:46][WildStr][svchost.exe]

[Throw dll injection][27/06/2025 17:26:46][WildStr][SecurityHealthService.exe]

[Throw dll injection][27/06/2025 17:26:46][WildStr][svchost.exe]

[Throw dll injection][27/06/2025 17:26:46][WildStr][VBoxTray.exe]

[Throw dll injection][27/06/2025 17:26:46][WildStr][svchost.exe]

[Throw dll injection][27/06/2025 17:26:46][WildStr][OneDrive.exe]

[Throw dll injection][27/06/2025 17:26:46][WildStr][svchost.exe]

[Throw dll injection][27/06/2025 17:26:46][WildStr][svchost.exe]

[Throw dll injection][27/06/2025 17:26:46][WildStr][svchost.exe]

[Throw dll injection][27/06/2025 17:26:46][WildStr][svchost.exe]

[Throw dll injection][27/06/2025 17:26:46][WildStr][TextInputHost.exe]

[Throw dll injection][27/06/2025 17:26:46][WildStr][svchost.exe]

[Throw dll injection][27/06/2025 17:26:46][WildStr][ApplicationFrameHost.exe]

[Throw dll injection][27/06/2025 17:26:46][WildStr][svchost.exe]

[Throw dll injection][27/06/2025 17:26:46][WildStr][SystemSettings.exe]

[Throw dll injection][27/06/2025 17:26:46][WildStr][svchost.exe]

[Throw dll injection][27/06/2025 17:26:46][WildStr][UserOOBEBroker.exe]

[Throw dll injection][27/06/2025 17:26:46][WildStr][svchost.exe]

[Throw dll injection][27/06/2025 17:26:46][WildStr][SearchApp.exe]

[Throw dll injection][27/06/2025 17:26:46][WildStr][TextInputHost.exe]

[Throw dll injection][27/06/2025 17:26:46][WildStr][msedgewebview2.exe]

[Throw dll injection][27/06/2025 17:26:46][WildStr][ApplicationFrameHost.exe]

[Throw dll injection][27/06/2025 17:26:46][WildStr][msedgewebview2.exe]

[Throw dll injection][27/06/2025 17:26:46][WildStr][SystemSettings.exe]

[Throw dll injection][27/06/2025 17:26:46][WildStr][msedgewebview2.exe]

[Throw dll injection][27/06/2025 17:26:46][WildStr][UserOOBEBroker.exe]

[Throw dll injection][27/06/2025 17:26:46][WildStr][msedgewebview2.exe]

[Throw dll injection][27/06/2025 17:26:46][WildStr][SearchApp.exe]

[Throw dll injection][27/06/2025 17:26:46][WildStr][msedgewebview2.exe]

[Throw dll injection][27/06/2025 17:26:46][WildStr][msedgewebview2.exe]

[Throw dll injection][27/06/2025 17:26:46][WildStr][msedgewebview2.exe]

[Throw dll injection][27/06/2025 17:26:46][WildStr][msedgewebview2.exe]

[Throw dll injection][27/06/2025 17:26:46][WildStr][FileCoAuth.exe]

[Throw dll injection][27/06/2025 17:26:46][WildStr][msedgewebview2.exe]

[Throw dll injection][27/06/2025 17:26:46][WildStr][svchost.exe]

[Throw dll injection][27/06/2025 17:26:46][WildStr][msedgewebview2.exe]

[Throw dll injection][27/06/2025 17:26:46][WildStr][msedge.exe]

[Throw dll injection][27/06/2025 17:26:46][WildStr][msedgewebview2.exe]

[Throw dll injection][27/06/2025 17:26:46][WildStr][msedge.exe]

[Throw dll injection][27/06/2025 17:26:46][WildStr][msedgewebview2.exe]

[Throw dll injection][27/06/2025 17:26:46][WildStr][msedge.exe]

[Throw dll injection][27/06/2025 17:26:46][WildStr][FileCoAuth.exe]

[Throw dll injection][27/06/2025 17:26:46][WildStr][msedge.exe]

[Throw dll injection][27/06/2025 17:26:46][WildStr][svchost.exe]

[Throw dll injection][27/06/2025 17:26:46][WildStr][msedge.exe]

[Throw dll injection][27/06/2025 17:26:46][WildStr][msedge.exe]

[Throw dll injection][27/06/2025 17:26:46][WildStr][svchost.exe]

[Throw dll injection][27/06/2025 17:26:46][WildStr][msedge.exe]

[Throw dll injection][27/06/2025 17:26:46][WildStr][svchost.exe]

[Throw dll injection][27/06/2025 17:26:46][WildStr][msedge.exe]

[Throw dll injection][27/06/2025 17:26:46][WildStr][svchost.exe]

[Throw dll injection][27/06/2025 17:26:46][WildStr][msedge.exe]

[Throw dll injection][27/06/2025 17:26:46][WildStr][dllhost.exe]

[Throw dll injection][27/06/2025 17:26:46][WildStr][msedge.exe]

[Throw dll injection][27/06/2025 17:26:46][WildStr][ShellExperienceHost.exe]

[Throw dll injection][27/06/2025 17:26:46][WildStr][svchost.exe]

[Throw dll injection][27/06/2025 17:26:46][WildStr][RuntimeBroker.exe]

[Throw dll injection][27/06/2025 17:26:46][WildStr][svchost.exe]

[Throw dll injection][27/06/2025 17:26:46][WildStr][powershell.exe]

[Throw dll injection][27/06/2025 17:26:46][WildStr][svchost.exe]

[Throw dll injection][27/06/2025 17:26:46][WildStr][conhost.exe]

[Throw dll injection][27/06/2025 17:26:46][WildStr][dllhost.exe]

[Throw dll injection][27/06/2025 17:26:46][WildStr][cmd.exe]

[Throw dll injection][27/06/2025 17:26:46][WildStr][ShellExperienceHost.exe]

[Throw dll injection][27/06/2025 17:26:46][WildStr][conhost.exe]

[Throw dll injection][27/06/2025 17:26:46][WildStr][RuntimeBroker.exe]

[Throw dll injection][27/06/2025 17:26:46][WildStr][powershell.exe]

[Throw dll injection][27/06/2025 17:26:46][WildStr][powershell.exe]

[Throw dll injection][27/06/2025 17:26:46][WildStr][Code.exe]

[Throw dll injection][27/06/2025 17:26:46][WildStr][conhost.exe]

[Throw dll injection][27/06/2025 17:26:46][WildStr][Code.exe]

[Throw dll injection][27/06/2025 17:26:46][WildStr][cmd.exe]

[Throw dll injection][27/06/2025 17:26:46][WildStr][Code.exe]

[Throw dll injection][27/06/2025 17:26:46][WildStr][conhost.exe]

[Throw dll injection][27/06/2025 17:26:46][WildStr][Code.exe]

[Throw dll injection][27/06/2025 17:26:46][WildStr][powershell.exe]

[Throw dll injection][27/06/2025 17:26:46][WildStr][Code.exe]

[Throw dll injection][27/06/2025 17:26:46][WildStr][Code.exe]

[Throw dll injection][27/06/2025 17:26:46][WildStr][Code.exe]

[Throw dll injection][27/06/2025 17:26:46][WildStr][Code.exe]

[Throw dll injection][27/06/2025 17:26:46][WildStr][Code.exe]

[Throw dll injection][27/06/2025 17:26:46][WildStr][Code.exe]

[Throw dll injection][27/06/2025 17:26:46][WildStr][Code.exe]

[Throw dll injection][27/06/2025 17:26:46][WildStr][Code.exe]

[Throw dll injection][27/06/2025 17:26:46][WildStr][cpptools.exe]

[Throw dll injection][27/06/2025 17:26:46][WildStr][Code.exe]

[Throw dll injection][27/06/2025 17:26:46][WildStr][conhost.exe]

[Throw dll injection][27/06/2025 17:26:46][WildStr][Code.exe]

[Throw dll injection][27/06/2025 17:26:46][WildStr][Code.exe]

[Throw dll injection][27/06/2025 17:26:46][WildStr][Code.exe]

[Throw dll injection][27/06/2025 17:26:46][WildStr][cpptools.exe]

[Throw dll injection][27/06/2025 17:26:46][WildStr][Code.exe]

[Throw dll injection][27/06/2025 17:26:46][WildStr][cpptools-srv.exe]

[Throw dll injection][27/06/2025 17:26:46][WildStr][cpptools.exe]

[Throw dll injection][27/06/2025 17:26:46][WildStr][conhost.exe]

[Throw dll injection][27/06/2025 17:26:46][WildStr][conhost.exe]

[Throw dll injection][27/06/2025 17:26:46][WildStr][Code.exe]

[Throw dll injection][27/06/2025 17:26:46][WildStr][Code.exe]

[Throw dll injection][27/06/2025 17:26:46][WildStr][conhost.exe]

[Throw dll injection][27/06/2025 17:26:46][WildStr][cpptools.exe]

[Throw dll injection][27/06/2025 17:26:46][WildStr][powershell.exe]

[Throw dll injection][27/06/2025 17:26:46][WildStr][cpptools-srv.exe]

[Throw dll injection][27/06/2025 17:26:46][WildStr][vctip.exe]

[Throw dll injection][27/06/2025 17:26:46][WildStr][conhost.exe]

[Throw dll injection][27/06/2025 17:26:46][WildStr][cpptools-srv.exe]

[Throw dll injection][27/06/2025 17:26:46][WildStr][Code.exe]

[Throw dll injection][27/06/2025 17:26:46][WildStr][conhost.exe]

[Throw dll injection][27/06/2025 17:26:46][WildStr][conhost.exe]

[Throw dll injection][27/06/2025 17:26:46][WildStr][svchost.exe]

[Throw dll injection][27/06/2025 17:26:46][WildStr][powershell.exe]

[Throw dll injection][27/06/2025 17:26:46][WildStr][smartscreen.exe]

[Throw dll injection][27/06/2025 17:26:46][WildStr][vctip.exe]

[Throw dll injection][27/06/2025 17:26:46][WildStr][conhost.exe]

[Throw dll injection][27/06/2025 17:26:46][WildStr][cpptools-srv.exe]

[Throw dll injection][27/06/2025 17:26:46][WildStr][powershell.exe]

[Throw dll injection][27/06/2025 17:26:46][WildStr][conhost.exe]

[Throw dll injection][27/06/2025 17:26:46][WildStr][audiodg.exe]

[Throw dll injection][27/06/2025 17:26:46][WildStr][svchost.exe]

[Throw dll injection][27/06/2025 17:26:46][WildStr][Taskmgr.exe]

[Throw dll injection][27/06/2025 17:26:46][WildStr][smartscreen.exe]

[Throw dll injection][27/06/2025 17:26:46][WildStr][test.exe]

[Throw dll injection][27/06/2025 17:26:46][WildStr][conhost.exe]

[Throw dll injection][27/06/2025 17:26:46][WildStr][powershell.exe]

[Throw dll injection][27/06/2025 17:26:46][WildStr][audiodg.exe]

[Throw dll injection][27/06/2025 17:26:46][WildStr][Taskmgr.exe]

[Throw dll injection][27/06/2025 17:26:46][WildStr][test.exe]

[Throw dll injection][27/06/2025 17:26:47][WildStr][System]

[Throw dll injection][27/06/2025 17:26:47][WildStr][Registry]

[Throw dll injection][27/06/2025 17:26:47][WildStr][Registry]

[Throw dll injection][27/06/2025 17:26:47][WildStr][smss.exe]

[Throw dll injection][27/06/2025 17:26:47][WildStr][smss.exe]

[Throw dll injection][27/06/2025 17:26:47][WildStr][csrss.exe]

[Throw dll injection][27/06/2025 17:26:47][WildStr][csrss.exe]

[Throw dll injection][27/06/2025 17:26:47][WildStr][wininit.exe]

[Throw dll injection][27/06/2025 17:26:47][WildStr][wininit.exe]

[Throw dll injection][27/06/2025 17:26:47][WildStr][csrss.exe]

[Throw dll injection][27/06/2025 17:26:47][WildStr][csrss.exe]

[Throw dll injection][27/06/2025 17:26:47][WildStr][winlogon.exe]

[Throw dll injection][27/06/2025 17:26:47][WildStr][winlogon.exe]

[Throw dll injection][27/06/2025 17:26:47][WildStr][services.exe]

[Throw dll injection][27/06/2025 17:26:47][WildStr][services.exe]

[Throw dll injection][27/06/2025 17:26:47][WildStr][lsass.exe]

[Throw dll injection][27/06/2025 17:26:47][WildStr][lsass.exe]

[Throw dll injection][27/06/2025 17:26:47][WildStr][svchost.exe]

[Throw dll injection][27/06/2025 17:26:47][WildStr][svchost.exe]

[Throw dll injection][27/06/2025 17:26:47][WildStr][fontdrvhost.exe]

[Throw dll injection][27/06/2025 17:26:47][WildStr][fontdrvhost.exe]

[Throw dll injection][27/06/2025 17:26:47][WildStr][fontdrvhost.exe]

[Throw dll injection][27/06/2025 17:26:47][WildStr][fontdrvhost.exe]

[Throw dll injection][27/06/2025 17:26:47][WildStr][svchost.exe]

[Throw dll injection][27/06/2025 17:26:47][WildStr][svchost.exe]

[Throw dll injection][27/06/2025 17:26:47][WildStr][svchost.exe]

[Throw dll injection][27/06/2025 17:26:47][WildStr][svchost.exe]

[Throw dll injection][27/06/2025 17:26:47][WildStr][dwm.exe]

[Throw dll injection][27/06/2025 17:26:47][WildStr][dwm.exe]

[Throw dll injection][27/06/2025 17:26:47][WildStr][svchost.exe]

[Throw dll injection][27/06/2025 17:26:47][WildStr][svchost.exe]

[Throw dll injection][27/06/2025 17:26:47][WildStr][svchost.exe]

[Throw dll injection][27/06/2025 17:26:47][WildStr][svchost.exe]

[Throw dll injection][27/06/2025 17:26:47][WildStr][svchost.exe]

[Throw dll injection][27/06/2025 17:26:47][WildStr][svchost.exe]

[Throw dll injection][27/06/2025 17:26:47][WildStr][svchost.exe]

[Throw dll injection][27/06/2025 17:26:47][WildStr][svchost.exe]

[Throw dll injection][27/06/2025 17:26:47][WildStr][svchost.exe]

[Throw dll injection][27/06/2025 17:26:47][WildStr][svchost.exe]

[Throw dll injection][27/06/2025 17:26:47][WildStr][svchost.exe]

[Throw dll injection][27/06/2025 17:26:47][WildStr][svchost.exe]

[Throw dll injection][27/06/2025 17:26:47][WildStr][svchost.exe]

[Throw dll injection][27/06/2025 17:26:47][WildStr][svchost.exe]

[Throw dll injection][27/06/2025 17:26:47][WildStr][svchost.exe]

[Throw dll injection][27/06/2025 17:26:47][WildStr][svchost.exe]

[Throw dll injection][27/06/2025 17:26:47][WildStr][svchost.exe]

[Throw dll injection][27/06/2025 17:26:47][WildStr][svchost.exe]

[Throw dll injection][27/06/2025 17:26:47][WildStr][svchost.exe]

[Throw dll injection][27/06/2025 17:26:47][WildStr][svchost.exe]

[Throw dll injection][27/06/2025 17:26:47][WildStr][svchost.exe]

[Throw dll injection][27/06/2025 17:26:47][WildStr][svchost.exe]

[Throw dll injection][27/06/2025 17:26:47][WildStr][svchost.exe]

[Throw dll injection][27/06/2025 17:26:47][WildStr][svchost.exe]

[Throw dll injection][27/06/2025 17:26:47][WildStr][svchost.exe]

[Throw dll injection][27/06/2025 17:26:47][WildStr][svchost.exe]

[Throw dll injection][27/06/2025 17:26:47][WildStr][VBoxService.exe]

[Throw dll injection][27/06/2025 17:26:47][WildStr][VBoxService.exe]

[Throw dll injection][27/06/2025 17:26:47][WildStr][svchost.exe]

[Throw dll injection][27/06/2025 17:26:47][WildStr][svchost.exe]

[Throw dll injection][27/06/2025 17:26:47][WildStr][svchost.exe]

[Throw dll injection][27/06/2025 17:26:47][WildStr][svchost.exe]

[Throw dll injection][27/06/2025 17:26:47][WildStr][svchost.exe]

[Throw dll injection][27/06/2025 17:26:47][WildStr][svchost.exe]

[Throw dll injection][27/06/2025 17:26:47][WildStr][svchost.exe]

[Throw dll injection][27/06/2025 17:26:47][WildStr][svchost.exe]

[Throw dll injection][27/06/2025 17:26:47][WildStr][svchost.exe]

[Throw dll injection][27/06/2025 17:26:47][WildStr][svchost.exe]

[Throw dll injection][27/06/2025 17:26:47][WildStr][svchost.exe]

[Throw dll injection][27/06/2025 17:26:47][WildStr][Memory Compression]

[Throw dll injection][27/06/2025 17:26:47][WildStr][svchost.exe]

[Throw dll injection][27/06/2025 17:26:47][WildStr][svchost.exe]

[Throw dll injection][27/06/2025 17:26:47][WildStr][Memory Compression]

[Throw dll injection][27/06/2025 17:26:47][WildStr][svchost.exe]

[Throw dll injection][27/06/2025 17:26:47][WildStr][svchost.exe]

[Throw dll injection][27/06/2025 17:26:47][WildStr][svchost.exe]

[Throw dll injection][27/06/2025 17:26:47][WildStr][svchost.exe]

[Throw dll injection][27/06/2025 17:26:47][WildStr][svchost.exe]

[Throw dll injection][27/06/2025 17:26:47][WildStr][svchost.exe]

[Throw dll injection][27/06/2025 17:26:47][WildStr][svchost.exe]

[Throw dll injection][27/06/2025 17:26:47][WildStr][svchost.exe]

[Throw dll injection][27/06/2025 17:26:47][WildStr][svchost.exe]

[Throw dll injection][27/06/2025 17:26:47][WildStr][svchost.exe]

[Throw dll injection][27/06/2025 17:26:47][WildStr][svchost.exe]

[Throw dll injection][27/06/2025 17:26:47][WildStr][svchost.exe]

[Throw dll injection][27/06/2025 17:26:47][WildStr][svchost.exe]

[Throw dll injection][27/06/2025 17:26:47][WildStr][spoolsv.exe]

[Throw dll injection][27/06/2025 17:26:47][WildStr][svchost.exe]

[Throw dll injection][27/06/2025 17:26:47][WildStr][svchost.exe]

[Throw dll injection][27/06/2025 17:26:47][WildStr][svchost.exe]

[Throw dll injection][27/06/2025 17:26:47][WildStr][svchost.exe]

[Throw dll injection][27/06/2025 17:26:47][WildStr][svchost.exe]

[Throw dll injection][27/06/2025 17:26:47][WildStr][svchost.exe]

[Throw dll injection][27/06/2025 17:26:47][WildStr][svchost.exe]

[Throw dll injection][27/06/2025 17:26:47][WildStr][svchost.exe]

[Throw dll injection][27/06/2025 17:26:47][WildStr][svchost.exe]

[Throw dll injection][27/06/2025 17:26:47][WildStr][ssh-agent.exe]

[Throw dll injection][27/06/2025 17:26:47][WildStr][ssh-agent.exe]

[Throw dll injection][27/06/2025 17:26:47][WildStr][svchost.exe]

[Throw dll injection][27/06/2025 17:26:47][WildStr][svchost.exe]

[Throw dll injection][27/06/2025 17:26:47][WildStr][svchost.exe]

[Throw dll injection][27/06/2025 17:26:47][WildStr][svchost.exe]

[Throw dll injection][27/06/2025 17:26:47][WildStr][svchost.exe]

[Throw dll injection][27/06/2025 17:26:47][WildStr][svchost.exe]

[Throw dll injection][27/06/2025 17:26:47][WildStr][svchost.exe]

[Throw dll injection][27/06/2025 17:26:47][WildStr][svchost.exe]

[Throw dll injection][27/06/2025 17:26:47][WildStr][svchost.exe]

[Throw dll injection][27/06/2025 17:26:47][WildStr][svchost.exe]

[Throw dll injection][27/06/2025 17:26:47][WildStr][svchost.exe]

[Throw dll injection][27/06/2025 17:26:47][WildStr][svchost.exe]

[Throw dll injection][27/06/2025 17:26:47][WildStr][svchost.exe]

[Throw dll injection][27/06/2025 17:26:47][WildStr][svchost.exe]

[Throw dll injection][27/06/2025 17:26:47][WildStr][MpDefenderCoreService.exe]

[Throw dll injection][27/06/2025 17:26:47][WildStr][svchost.exe]

[Throw dll injection][27/06/2025 17:26:47][WildStr][MsMpEng.exe]

[Throw dll injection][27/06/2025 17:26:47][WildStr][svchost.exe]

[Throw dll injection][27/06/2025 17:26:47][WildStr][SearchIndexer.exe]

[Throw dll injection][27/06/2025 17:26:47][WildStr][MpDefenderCoreService.exe]

[Throw dll injection][27/06/2025 17:26:47][WildStr][AggregatorHost.exe]

[Throw dll injection][27/06/2025 17:26:47][WildStr][MsMpEng.exe]

[Throw dll injection][27/06/2025 17:26:47][WildStr][SearchIndexer.exe]

[Throw dll injection][27/06/2025 17:26:47][WildStr][dllhost.exe]

[Throw dll injection][27/06/2025 17:26:47][WildStr][AggregatorHost.exe]

[Throw dll injection][27/06/2025 17:26:47][WildStr][svchost.exe]

[Throw dll injection][27/06/2025 17:26:47][WildStr][dllhost.exe]

[Throw dll injection][27/06/2025 17:26:47][WildStr][NisSrv.exe]

[Throw dll injection][27/06/2025 17:26:47][WildStr][svchost.exe]

[Throw dll injection][27/06/2025 17:26:47][WildStr][sihost.exe]

[Throw dll injection][27/06/2025 17:26:47][WildStr][NisSrv.exe]

[Throw dll injection][27/06/2025 17:26:47][WildStr][svchost.exe]

[Throw dll injection][27/06/2025 17:26:47][WildStr][sihost.exe]

[Throw dll injection][27/06/2025 17:26:47][WildStr][svchost.exe]

[Throw dll injection][27/06/2025 17:26:47][WildStr][svchost.exe]

[Throw dll injection][27/06/2025 17:26:47][WildStr][taskhostw.exe]

[Throw dll injection][27/06/2025 17:26:47][WildStr][svchost.exe]

[Throw dll injection][27/06/2025 17:26:47][WildStr][MicrosoftEdgeUpdate.exe]

[Throw dll injection][27/06/2025 17:26:47][WildStr][taskhostw.exe]

[Throw dll injection][27/06/2025 17:26:47][WildStr][svchost.exe]

[Throw dll injection][27/06/2025 17:26:47][WildStr][MicrosoftEdgeUpdate.exe]

[Throw dll injection][27/06/2025 17:26:47][WildStr][ctfmon.exe]

[Throw dll injection][27/06/2025 17:26:47][WildStr][svchost.exe]

[Throw dll injection][27/06/2025 17:26:47][WildStr][svchost.exe]

[Throw dll injection][27/06/2025 17:26:47][WildStr][svchost.exe]

[Throw dll injection][27/06/2025 17:26:47][WildStr][explorer.exe]

[Throw dll injection][27/06/2025 17:26:47][WildStr][ctfmon.exe]

[Throw dll injection][27/06/2025 17:26:47][WildStr][svchost.exe]

[Throw dll injection][27/06/2025 17:26:47][WildStr][StartMenuExperienceHost.exe]

[Throw dll injection][27/06/2025 17:26:47][WildStr][svchost.exe]

[Throw dll injection][27/06/2025 17:26:47][WildStr][RuntimeBroker.exe]

[Throw dll injection][27/06/2025 17:26:47][WildStr][svchost.exe]


[Throw dll injection][27/06/2025 17:26:47][WildStr][svchost.exe]

[Throw dll injection][27/06/2025 17:26:47][WildStr][explorer.exe]

[Throw dll injection][27/06/2025 17:26:47][WildStr][RuntimeBroker.exe]

[Throw dll injection][27/06/2025 17:26:47][WildStr][svchost.exe]

[Throw dll injection][27/06/2025 17:26:47][WildStr][RuntimeBroker.exe]

[Throw dll injection][27/06/2025 17:26:47][WildStr][StartMenuExperienceHost.exe]

[Throw dll injection][27/06/2025 17:26:47][WildStr][svchost.exe]

[Throw dll injection][27/06/2025 17:26:47][WildStr][RuntimeBroker.exe]

[Throw dll injection][27/06/2025 17:26:47][WildStr][SecurityHealthSystray.exe]

[Throw dll injection][27/06/2025 17:26:47][WildStr][SearchApp.exe]

[Throw dll injection][27/06/2025 17:26:47][WildStr][SecurityHealthService.exe]

[Throw dll injection][27/06/2025 17:26:47][WildStr][svchost.exe]

[Throw dll injection][27/06/2025 17:26:47][WildStr][VBoxTray.exe]

[Throw dll injection][27/06/2025 17:26:47][WildStr][OneDrive.exe]

[Throw dll injection][27/06/2025 17:26:47][WildStr][RuntimeBroker.exe]

[Throw dll injection][27/06/2025 17:26:47][WildStr][svchost.exe]

[Throw dll injection][27/06/2025 17:26:47][WildStr][RuntimeBroker.exe]

[Throw dll injection][27/06/2025 17:26:47][WildStr][svchost.exe]

[Throw dll injection][27/06/2025 17:26:47][WildStr][svchost.exe]

[Throw dll injection][27/06/2025 17:26:47][WildStr][svchost.exe]

[Throw dll injection][27/06/2025 17:26:47][WildStr][SecurityHealthSystray.exe]

[Throw dll injection][27/06/2025 17:26:47][WildStr][svchost.exe]

[Throw dll injection][27/06/2025 17:26:47][WildStr][SecurityHealthService.exe]

[Throw dll injection][27/06/2025 17:26:47][WildStr][svchost.exe]

[Throw dll injection][27/06/2025 17:26:47][WildStr][VBoxTray.exe]

[Throw dll injection][27/06/2025 17:26:47][WildStr][svchost.exe]

[Throw dll injection][27/06/2025 17:26:47][WildStr][OneDrive.exe]

[Throw dll injection][27/06/2025 17:26:47][WildStr][TextInputHost.exe]

[Throw dll injection][27/06/2025 17:26:47][WildStr][svchost.exe]

[Throw dll injection][27/06/2025 17:26:47][WildStr][ApplicationFrameHost.exe]

[Throw dll injection][27/06/2025 17:26:47][WildStr][svchost.exe]

[Throw dll injection][27/06/2025 17:26:47][WildStr][SystemSettings.exe]

[Throw dll injection][27/06/2025 17:26:47][WildStr][svchost.exe]

[Throw dll injection][27/06/2025 17:26:47][WildStr][UserOOBEBroker.exe]

[Throw dll injection][27/06/2025 17:26:47][WildStr][svchost.exe]

[Throw dll injection][27/06/2025 17:26:47][WildStr][SearchApp.exe]

[Throw dll injection][27/06/2025 17:26:47][WildStr][svchost.exe]

[Throw dll injection][27/06/2025 17:26:47][WildStr][msedgewebview2.exe]

[Throw dll injection][27/06/2025 17:26:47][WildStr][svchost.exe]

[Throw dll injection][27/06/2025 17:26:47][WildStr][msedgewebview2.exe]

[Throw dll injection][27/06/2025 17:26:47][WildStr][TextInputHost.exe]

[Throw dll injection][27/06/2025 17:26:47][WildStr][msedgewebview2.exe]

[Throw dll injection][27/06/2025 17:26:47][WildStr][ApplicationFrameHost.exe]

[Throw dll injection][27/06/2025 17:26:47][WildStr][msedgewebview2.exe]

[Throw dll injection][27/06/2025 17:26:47][WildStr][SystemSettings.exe]

[Throw dll injection][27/06/2025 17:26:47][WildStr][msedgewebview2.exe]

[Throw dll injection][27/06/2025 17:26:47][WildStr][UserOOBEBroker.exe]

[Throw dll injection][27/06/2025 17:26:47][WildStr][msedgewebview2.exe]

[Throw dll injection][27/06/2025 17:26:47][WildStr][SearchApp.exe]


[Throw dll injection][27/06/2025 17:26:47][WildStr][svchost.exe]

[Throw dll injection][27/06/2025 17:26:47][WildStr][msedgewebview2.exe]

[Throw dll injection][27/06/2025 17:26:47][WildStr][msedgewebview2.exe]

[Throw dll injection][27/06/2025 17:26:47][WildStr][msedgewebview2.exe]

[Throw dll injection][27/06/2025 17:26:47][WildStr][msedge.exe]

[Throw dll injection][27/06/2025 17:26:47][WildStr][msedgewebview2.exe]

[Throw dll injection][27/06/2025 17:26:47][WildStr][msedgewebview2.exe]

[Throw dll injection][27/06/2025 17:26:47][WildStr][msedge.exe]

[Throw dll injection][27/06/2025 17:26:47][WildStr][msedgewebview2.exe]

[Throw dll injection][27/06/2025 17:26:47][WildStr][FileCoAuth.exe]

[Throw dll injection][27/06/2025 17:26:47][WildStr][msedge.exe]

[Throw dll injection][27/06/2025 17:26:47][WildStr][svchost.exe]

[Throw dll injection][27/06/2025 17:26:47][WildStr][msedge.exe]

[Throw dll injection][27/06/2025 17:26:47][WildStr][msedge.exe]

[Throw dll injection][27/06/2025 17:26:47][WildStr][svchost.exe]

[Throw dll injection][27/06/2025 17:26:47][WildStr][msedge.exe]

[Throw dll injection][27/06/2025 17:26:47][WildStr][svchost.exe]

[Throw dll injection][27/06/2025 17:26:47][WildStr][msedge.exe]

[Throw dll injection][27/06/2025 17:26:47][WildStr][svchost.exe]

[Throw dll injection][27/06/2025 17:26:47][WildStr][msedge.exe]

[Throw dll injection][27/06/2025 17:26:47][WildStr][dllhost.exe]

[Throw dll injection][27/06/2025 17:26:47][WildStr][msedge.exe]

[Throw dll injection][27/06/2025 17:26:47][WildStr][ShellExperienceHost.exe]

[Throw dll injection][27/06/2025 17:26:47][WildStr][svchost.exe]

[Throw dll injection][27/06/2025 17:26:47][WildStr][RuntimeBroker.exe]

[Throw dll injection][27/06/2025 17:26:47][WildStr][svchost.exe]

[Throw dll injection][27/06/2025 17:26:47][WildStr][powershell.exe]

[Throw dll injection][27/06/2025 17:26:47][WildStr][svchost.exe]

[Throw dll injection][27/06/2025 17:26:47][WildStr][conhost.exe]

[Throw dll injection][27/06/2025 17:26:47][WildStr][cmd.exe]
e]

[Throw dll injection][27/06/2025 17:26:47][WildStr][ShellExperienceHost.exe]

[Throw dll injection][27/06/2025 17:26:47][WildStr][conhost.exe]

[Throw dll injection][27/06/2025 17:26:47][WildStr][RuntimeBroker.exe]

[Throw dll injection][27/06/2025 17:26:47][WildStr][powershell.exe]

[Throw dll injection][27/06/2025 17:26:47][WildStr][powershell.exe]

[Throw dll injection][27/06/2025 17:26:47][WildStr][Code.exe]

[Throw dll injection][27/06/2025 17:26:47][WildStr][conhost.exe]

[Throw dll injection][27/06/2025 17:26:47][WildStr][Code.exe]

[Throw dll injection][27/06/2025 17:26:47][WildStr][Code.exe]

[Throw dll injection][27/06/2025 17:26:47][WildStr][cmd.exe]

[Throw dll injection][27/06/2025 17:26:47][WildStr][Code.exe]

[Throw dll injection][27/06/2025 17:26:47][WildStr][conhost.exe]

[Throw dll injection][27/06/2025 17:26:47][WildStr][Code.exe]

[Throw dll injection][27/06/2025 17:26:47][WildStr][powershell.exe]

[Throw dll injection][27/06/2025 17:26:47][WildStr][Code.exe]

[Throw dll injection][27/06/2025 17:26:47][WildStr][Code.exe]

[Throw dll injection][27/06/2025 17:26:47][WildStr][Code.exe]

[Throw dll injection][27/06/2025 17:26:47][WildStr][Code.exe]

[Throw dll injection][27/06/2025 17:26:47][WildStr][Code.exe]

[Throw dll injection][27/06/2025 17:26:47][WildStr][Code.exe]

[Throw dll injection][27/06/2025 17:26:47][WildStr][cpptools.exe]

[Throw dll injection][27/06/2025 17:26:47][WildStr][Code.exe]

[Throw dll injection][27/06/2025 17:26:47][WildStr][conhost.exe]

[Throw dll injection][27/06/2025 17:26:47][WildStr][Code.exe]

[Throw dll injection][27/06/2025 17:26:47][WildStr][Code.exe]

[Throw dll injection][27/06/2025 17:26:47][WildStr][Code.exe]

[Throw dll injection][27/06/2025 17:26:47][WildStr][cpptools.exe]

[Throw dll injection][27/06/2025 17:26:47][WildStr][Code.exe]

[Throw dll injection][27/06/2025 17:26:47][WildStr][cpptools-srv.exe]

[Throw dll injection][27/06/2025 17:26:47][WildStr][Code.exe]

[Throw dll injection][27/06/2025 17:26:47][WildStr][conhost.exe]

[Throw dll injection][27/06/2025 17:26:47][WildStr][cpptools.exe]

[Throw dll injection][27/06/2025 17:26:47][WildStr][Code.exe]

[Throw dll injection][27/06/2025 17:26:47][WildStr][conhost.exe]

[Throw dll injection][27/06/2025 17:26:47][WildStr][conhost.exe]

[Throw dll injection][27/06/2025 17:26:47][WildStr][Code.exe]

[Throw dll injection][27/06/2025 17:26:47][WildStr][powershell.exe]

[Throw dll injection][27/06/2025 17:26:47][WildStr][cpptools.exe]

[Throw dll injection][27/06/2025 17:26:47][WildStr][vctip.exe]

[Throw dll injection][27/06/2025 17:26:47][WildStr][cpptools-srv.exe]

[Throw dll injection][27/06/2025 17:26:47][WildStr][cpptools-srv.exe]

[Throw dll injection][27/06/2025 17:26:47][WildStr][conhost.exe]

[Throw dll injection][27/06/2025 17:26:47][WildStr][conhost.exe]

[Throw dll injection][27/06/2025 17:26:47][WildStr][Code.exe]

[Throw dll injection][27/06/2025 17:26:47][WildStr][svchost.exe]

[Throw dll injection][27/06/2025 17:26:47][WildStr][conhost.exe]

[Throw dll injection][27/06/2025 17:26:47][WildStr][smartscreen.exe]

[Throw dll injection][27/06/2025 17:26:47][WildStr][powershell.exe]

[Throw dll injection][27/06/2025 17:26:47][WildStr][conhost.exe]

[Throw dll injection][27/06/2025 17:26:47][WildStr][vctip.exe]

[Throw dll injection][27/06/2025 17:26:47][WildStr][cpptools-srv.exe]

[Throw dll injection][27/06/2025 17:26:47][WildStr][audiodg.exe]

[Throw dll injection][27/06/2025 17:26:47][WildStr][conhost.exe]

[Throw dll injection][27/06/2025 17:26:47][WildStr][svchost.exe]

[Throw dll injection][27/06/2025 17:26:47][WildStr][Taskmgr.exe]

[Throw dll injection][27/06/2025 17:26:47][WildStr][smartscreen.exe]

[Throw dll injection][27/06/2025 17:26:47][WildStr][test.exe]

[Throw dll injection][27/06/2025 17:26:47][WildStr][conhost.exe]

[Throw dll injection][27/06/2025 17:26:47][WildStr][powershell.exe]

[Throw dll injection][27/06/2025 17:26:47][WildStr][audiodg.exe]

[Throw dll injection][27/06/2025 17:26:47][WildStr][Taskmgr.exe]

[Throw dll injection][27/06/2025 17:26:47][WildStr][test.exe]

[Throw dll injection][27/06/2025 17:26:48][WildStr][System]

[Throw dll injection][27/06/2025 17:26:48][WildStr][Registry]

[Throw dll injection][27/06/2025 17:26:48][WildStr][Registry]

[Throw dll injection][27/06/2025 17:26:48][WildStr][smss.exe]

[Throw dll injection][27/06/2025 17:26:48][WildStr][smss.exe]

[Throw dll injection][27/06/2025 17:26:48][WildStr][csrss.exe]

[Throw dll injection][27/06/2025 17:26:48][WildStr][csrss.exe]

[Throw dll injection][27/06/2025 17:26:48][WildStr][wininit.exe]

[Throw dll injection][27/06/2025 17:26:48][WildStr][wininit.exe]

[Throw dll injection][27/06/2025 17:26:48][WildStr][csrss.exe]

[Throw dll injection][27/06/2025 17:26:48][WildStr][csrss.exe]

[Throw dll injection][27/06/2025 17:26:48][WildStr][winlogon.exe]

[Throw dll injection][27/06/2025 17:26:48][WildStr][winlogon.exe]

[Throw dll injection][27/06/2025 17:26:48][WildStr][services.exe]

[Throw dll injection][27/06/2025 17:26:48][WildStr][services.exe]

[Throw dll injection][27/06/2025 17:26:48][WildStr][lsass.exe]

[Throw dll injection][27/06/2025 17:26:48][WildStr][lsass.exe]

[Throw dll injection][27/06/2025 17:26:48][WildStr][svchost.exe]

[Throw dll injection][27/06/2025 17:26:48][WildStr][svchost.exe]

[Throw dll injection][27/06/2025 17:26:48][WildStr][fontdrvhost.exe]

[Throw dll injection][27/06/2025 17:26:48][WildStr][fontdrvhost.exe]

[Throw dll injection][27/06/2025 17:26:48][WildStr][fontdrvhost.exe]

[Throw dll injection][27/06/2025 17:26:48][WildStr][fontdrvhost.exe]

[Throw dll injection][27/06/2025 17:26:48][WildStr][svchost.exe]

[Throw dll injection][27/06/2025 17:26:48][WildStr][svchost.exe]

[Throw dll injection][27/06/2025 17:26:48][WildStr][svchost.exe]

[Throw dll injection][27/06/2025 17:26:48][WildStr][dwm.exe]

[Throw dll injection][27/06/2025 17:26:48][WildStr][dwm.exe]

[Throw dll injection][27/06/2025 17:26:48][WildStr][svchost.exe]

[Throw dll injection][27/06/2025 17:26:48][WildStr][svchost.exe]

[Throw dll injection][27/06/2025 17:26:48][WildStr][svchost.exe]

[Throw dll injection][27/06/2025 17:26:48][WildStr][svchost.exe]

[Throw dll injection][27/06/2025 17:26:48][WildStr][svchost.exe]

[Throw dll injection][27/06/2025 17:26:48][WildStr][svchost.exe]

[Throw dll injection][27/06/2025 17:26:48][WildStr][svchost.exe]

[Throw dll injection][27/06/2025 17:26:48][WildStr][svchost.exe]

[Throw dll injection][27/06/2025 17:26:48][WildStr][svchost.exe]

[Throw dll injection][27/06/2025 17:26:48][WildStr][svchost.exe]

[Throw dll injection][27/06/2025 17:26:48][WildStr][svchost.exe]

[Throw dll injection][27/06/2025 17:26:48][WildStr][svchost.exe]

[Throw dll injection][27/06/2025 17:26:48][WildStr][svchost.exe]

[Throw dll injection][27/06/2025 17:26:48][WildStr][svchost.exe]

[Throw dll injection][27/06/2025 17:26:48][WildStr][svchost.exe]

[Throw dll injection][27/06/2025 17:26:48][WildStr][svchost.exe]

[Throw dll injection][27/06/2025 17:26:48][WildStr][svchost.exe]

[Throw dll injection][27/06/2025 17:26:48][WildStr][svchost.exe]

[Throw dll injection][27/06/2025 17:26:48][WildStr][svchost.exe]

[Throw dll injection][27/06/2025 17:26:48][WildStr][svchost.exe]

[Throw dll injection][27/06/2025 17:26:48][WildStr][svchost.exe]

[Throw dll injection][27/06/2025 17:26:48][WildStr][svchost.exe]

[Throw dll injection][27/06/2025 17:26:48][WildStr][svchost.exe]

[Throw dll injection][27/06/2025 17:26:48][WildStr][svchost.exe]

[Throw dll injection][27/06/2025 17:26:48][WildStr][svchost.exe]

[Throw dll injection][27/06/2025 17:26:48][WildStr][VBoxService.exe]

[Throw dll injection][27/06/2025 17:26:48][WildStr][VBoxService.exe]

[Throw dll injection][27/06/2025 17:26:48][WildStr][svchost.exe]

[Throw dll injection][27/06/2025 17:26:48][WildStr][svchost.exe]

[Throw dll injection][27/06/2025 17:26:48][WildStr][svchost.exe]

[Throw dll injection][27/06/2025 17:26:48][WildStr][svchost.exe]

[Throw dll injection][27/06/2025 17:26:48][WildStr][svchost.exe]

[Throw dll injection][27/06/2025 17:26:48][WildStr][svchost.exe]

[Throw dll injection][27/06/2025 17:26:48][WildStr][svchost.exe]

[Throw dll injection][27/06/2025 17:26:48][WildStr][svchost.exe]

[Throw dll injection][27/06/2025 17:26:48][WildStr][svchost.exe]

[Throw dll injection][27/06/2025 17:26:48][WildStr][svchost.exe]

[Throw dll injection][27/06/2025 17:26:48][WildStr][svchost.exe]

[Throw dll injection][27/06/2025 17:26:48][WildStr][svchost.exe]

[Throw dll injection][27/06/2025 17:26:48][WildStr][Memory Compression]

[Throw dll injection][27/06/2025 17:26:48][WildStr][Memory Compression]

[Throw dll injection][27/06/2025 17:26:48][WildStr][svchost.exe]

[Throw dll injection][27/06/2025 17:26:48][WildStr][svchost.exe]

[Throw dll injection][27/06/2025 17:26:48][WildStr][svchost.exe]

[Throw dll injection][27/06/2025 17:26:48][WildStr][svchost.exe]

[Throw dll injection][27/06/2025 17:26:48][WildStr][svchost.exe]

[Throw dll injection][27/06/2025 17:26:48][WildStr][svchost.exe]

[Throw dll injection][27/06/2025 17:26:48][WildStr][svchost.exe]

[Throw dll injection][27/06/2025 17:26:48][WildStr][svchost.exe]

[Throw dll injection][27/06/2025 17:26:48][WildStr][svchost.exe]

[Throw dll injection][27/06/2025 17:26:48][WildStr][svchost.exe]

[Throw dll injection][27/06/2025 17:26:48][WildStr][svchost.exe]

[Throw dll injection][27/06/2025 17:26:48][WildStr][svchost.exe]

[Throw dll injection][27/06/2025 17:26:48][WildStr][svchost.exe]

[Throw dll injection][27/06/2025 17:26:48][WildStr][svchost.exe]

[Throw dll injection][27/06/2025 17:26:48][WildStr][spoolsv.exe]

[Throw dll injection][27/06/2025 17:26:48][WildStr][spoolsv.exe]

[Throw dll injection][27/06/2025 17:26:48][WildStr][svchost.exe]

[Throw dll injection][27/06/2025 17:26:48][WildStr][svchost.exe]

[Throw dll injection][27/06/2025 17:26:48][WildStr][svchost.exe]

[Throw dll injection][27/06/2025 17:26:48][WildStr][svchost.exe]

[Throw dll injection][27/06/2025 17:26:48][WildStr][svchost.exe]

[Throw dll injection][27/06/2025 17:26:48][WildStr][svchost.exe]

[Throw dll injection][27/06/2025 17:26:48][WildStr][svchost.exe]

[Throw dll injection][27/06/2025 17:26:48][WildStr][svchost.exe]

[Throw dll injection][27/06/2025 17:26:48][WildStr][ssh-agent.exe]

[Throw dll injection][27/06/2025 17:26:48][WildStr][ssh-agent.exe]

[Throw dll injection][27/06/2025 17:26:48][WildStr][sshd.exe]

[Throw dll injection][27/06/2025 17:26:48][WildStr][sshd.exe]

[Throw dll injection][27/06/2025 17:26:48][WildStr][svchost.exe]

[Throw dll injection][27/06/2025 17:26:48][WildStr][svchost.exe]

[Throw dll injection][27/06/2025 17:26:48][WildStr][svchost.exe]

[Throw dll injection][27/06/2025 17:26:48][WildStr][svchost.exe]

[Throw dll injection][27/06/2025 17:26:48][WildStr][svchost.exe]

[Throw dll injection][27/06/2025 17:26:48][WildStr][svchost.exe]

[Throw dll injection][27/06/2025 17:26:48][WildStr][svchost.exe]

[Throw dll injection][27/06/2025 17:26:48][WildStr][svchost.exe]

[Throw dll injection][27/06/2025 17:26:48][WildStr][svchost.exe]

[Throw dll injection][27/06/2025 17:26:48][WildStr][svchost.exe]

[Throw dll injection][27/06/2025 17:26:48][WildStr][svchost.exe]

[Throw dll injection][27/06/2025 17:26:48][WildStr][svchost.exe]

[Throw dll injection][27/06/2025 17:26:48][WildStr][svchost.exe]

[Throw dll injection][27/06/2025 17:26:48][WildStr][svchost.exe]

[Throw dll injection][27/06/2025 17:26:48][WildStr][svchost.exe]

[Throw dll injection][27/06/2025 17:26:48][WildStr][svchost.exe]

[Throw dll injection][27/06/2025 17:26:48][WildStr][svchost.exe]

[Throw dll injection][27/06/2025 17:26:48][WildStr][MpDefenderCoreService.exe]

[Throw dll injection][27/06/2025 17:26:48][WildStr][MpDefenderCoreService.exe]

[Throw dll injection][27/06/2025 17:26:48][WildStr][MsMpEng.exe]

[Throw dll injection][27/06/2025 17:26:48][WildStr][MsMpEng.exe]

[Throw dll injection][27/06/2025 17:26:48][WildStr][SearchIndexer.exe]

[Throw dll injection][27/06/2025 17:26:48][WildStr][SearchIndexer.exe]

[Throw dll injection][27/06/2025 17:26:48][WildStr][AggregatorHost.exe]

[Throw dll injection][27/06/2025 17:26:48][WildStr][AggregatorHost.exe]

[Throw dll injection][27/06/2025 17:26:48][WildStr][dllhost.exe]

[Throw dll injection][27/06/2025 17:26:48][WildStr][dllhost.exe]

[Throw dll injection][27/06/2025 17:26:48][WildStr][svchost.exe]

[Throw dll injection][27/06/2025 17:26:48][WildStr][svchost.exe]

[Throw dll injection][27/06/2025 17:26:48][WildStr][NisSrv.exe]

[Throw dll injection][27/06/2025 17:26:48][WildStr][NisSrv.exe]

[Throw dll injection][27/06/2025 17:26:48][WildStr][sihost.exe]

[Throw dll injection][27/06/2025 17:26:48][WildStr][sihost.exe]

[Throw dll injection][27/06/2025 17:26:48][WildStr][svchost.exe]

[Throw dll injection][27/06/2025 17:26:48][WildStr][svchost.exe]

[Throw dll injection][27/06/2025 17:26:48][WildStr][svchost.exe]

[Throw dll injection][27/06/2025 17:26:48][WildStr][svchost.exe]

[Throw dll injection][27/06/2025 17:26:48][WildStr][taskhostw.exe]

[Throw dll injection][27/06/2025 17:26:48][WildStr][taskhostw.exe]

[Throw dll injection][27/06/2025 17:26:48][WildStr][MicrosoftEdgeUpdate.exe]

[Throw dll injection][27/06/2025 17:26:48][WildStr][MicrosoftEdgeUpdate.exe]

[Throw dll injection][27/06/2025 17:26:48][WildStr][svchost.exe]

[Throw dll injection][27/06/2025 17:26:48][WildStr][svchost.exe]

[Throw dll injection][27/06/2025 17:26:48][WildStr][ctfmon.exe]

[Throw dll injection][27/06/2025 17:26:48][WildStr][ctfmon.exe]

[Throw dll injection][27/06/2025 17:26:48][WildStr][svchost.exe]

[Throw dll injection][27/06/2025 17:26:48][WildStr][svchost.exe]

[Throw dll injection][27/06/2025 17:26:48][WildStr][svchost.exe]

[Throw dll injection][27/06/2025 17:26:48][WildStr][svchost.exe]

[Throw dll injection][27/06/2025 17:26:48][WildStr][explorer.exe]

[Throw dll injection][27/06/2025 17:26:48][WildStr][explorer.exe]

[Throw dll injection][27/06/2025 17:26:48][WildStr][svchost.exe]

[Throw dll injection][27/06/2025 17:26:48][WildStr][svchost.exe]

[Throw dll injection][27/06/2025 17:26:48][WildStr][StartMenuExperienceHost.exe]

[Throw dll injection][27/06/2025 17:26:48][WildStr][StartMenuExperienceHost.exe]

[Throw dll injection][27/06/2025 17:26:48][WildStr][RuntimeBroker.exe]

[Throw dll injection][27/06/2025 17:26:48][WildStr][RuntimeBroker.exe]

[Throw dll injection][27/06/2025 17:26:48][WildStr][SearchApp.exe]

[Throw dll injection][27/06/2025 17:26:48][WildStr][SearchApp.exe]

[Throw dll injection][27/06/2025 17:26:48][WildStr][svchost.exe]

[Throw dll injection][27/06/2025 17:26:48][WildStr][svchost.exe]

[Throw dll injection][27/06/2025 17:26:48][WildStr][RuntimeBroker.exe]

[Throw dll injection][27/06/2025 17:26:48][WildStr][RuntimeBroker.exe]

[Throw dll injection][27/06/2025 17:26:48][WildStr][RuntimeBroker.exe]

[Throw dll injection][27/06/2025 17:26:48][WildStr][RuntimeBroker.exe]

[Throw dll injection][27/06/2025 17:26:48][WildStr][svchost.exe]

[Throw dll injection][27/06/2025 17:26:48][WildStr][svchost.exe]

[Throw dll injection][27/06/2025 17:26:48][WildStr][SecurityHealthSystray.exe]

[Throw dll injection][27/06/2025 17:26:48][WildStr][SecurityHealthSystray.exe]

[Throw dll injection][27/06/2025 17:26:48][WildStr][SecurityHealthService.exe]

[Throw dll injection][27/06/2025 17:26:48][WildStr][SecurityHealthService.exe]

[Throw dll injection][27/06/2025 17:26:48][WildStr][VBoxTray.exe]

[Throw dll injection][27/06/2025 17:26:48][WildStr][VBoxTray.exe]

[Throw dll injection][27/06/2025 17:26:48][WildStr][OneDrive.exe]

[Throw dll injection][27/06/2025 17:26:48][WildStr][OneDrive.exe]

[Throw dll injection][27/06/2025 17:26:48][WildStr][svchost.exe]

[Throw dll injection][27/06/2025 17:26:48][WildStr][svchost.exe]

[Throw dll injection][27/06/2025 17:26:48][WildStr][svchost.exe]

[Throw dll injection][27/06/2025 17:26:48][WildStr][svchost.exe]

[Throw dll injection][27/06/2025 17:26:48][WildStr][svchost.exe]

[Throw dll injection][27/06/2025 17:26:48][WildStr][svchost.exe]

[Throw dll injection][27/06/2025 17:26:48][WildStr][svchost.exe]

[Throw dll injection][27/06/2025 17:26:48][WildStr][svchost.exe]

[Throw dll injection][27/06/2025 17:26:48][WildStr][svchost.exe]

[Throw dll injection][27/06/2025 17:26:48][WildStr][svchost.exe]

[Throw dll injection][27/06/2025 17:26:48][WildStr][svchost.exe]

[Throw dll injection][27/06/2025 17:26:48][WildStr][svchost.exe]

[Throw dll injection][27/06/2025 17:26:48][WildStr][TextInputHost.exe]

[Throw dll injection][27/06/2025 17:26:48][WildStr][TextInputHost.exe]

[Throw dll injection][27/06/2025 17:26:48][WildStr][ApplicationFrameHost.exe]

[Throw dll injection][27/06/2025 17:26:48][WildStr][ApplicationFrameHost.exe]

[Throw dll injection][27/06/2025 17:26:48][WildStr][SystemSettings.exe]

[Throw dll injection][27/06/2025 17:26:48][WildStr][SystemSettings.exe]

[Throw dll injection][27/06/2025 17:26:48][WildStr][UserOOBEBroker.exe]

[Throw dll injection][27/06/2025 17:26:48][WildStr][UserOOBEBroker.exe]

[Throw dll injection][27/06/2025 17:26:48][WildStr][SearchApp.exe]

[Throw dll injection][27/06/2025 17:26:48][WildStr][SearchApp.exe]

[Throw dll injection][27/06/2025 17:26:48][WildStr][msedgewebview2.exe]

[Throw dll injection][27/06/2025 17:26:48][WildStr][msedgewebview2.exe]

[Throw dll injection][27/06/2025 17:26:48][WildStr][msedgewebview2.exe]

[Throw dll injection][27/06/2025 17:26:48][WildStr][msedgewebview2.exe]

[Throw dll injection][27/06/2025 17:26:48][WildStr][msedgewebview2.exe]

[Throw dll injection][27/06/2025 17:26:48][WildStr][msedgewebview2.exe]

[Throw dll injection][27/06/2025 17:26:48][WildStr][msedgewebview2.exe]

[Throw dll injection][27/06/2025 17:26:48][WildStr][msedgewebview2.exe]

[Throw dll injection][27/06/2025 17:26:48][WildStr][msedgewebview2.exe]

[Throw dll injection][27/06/2025 17:26:48][WildStr][msedgewebview2.exe]

[Throw dll injection][27/06/2025 17:26:48][WildStr][msedgewebview2.exe]

[Throw dll injection][27/06/2025 17:26:48][WildStr][msedgewebview2.exe]

[Throw dll injection][27/06/2025 17:26:48][WildStr][FileCoAuth.exe]

[Throw dll injection][27/06/2025 17:26:48][WildStr][FileCoAuth.exe]

[Throw dll injection][27/06/2025 17:26:48][WildStr][svchost.exe]

[Throw dll injection][27/06/2025 17:26:48][WildStr][svchost.exe]

[Throw dll injection][27/06/2025 17:26:48][WildStr][msedge.exe]

[Throw dll injection][27/06/2025 17:26:48][WildStr][msedge.exe]

[Throw dll injection][27/06/2025 17:26:48][WildStr][msedge.exe]

[Throw dll injection][27/06/2025 17:26:48][WildStr][msedge.exe]

[Throw dll injection][27/06/2025 17:26:48][WildStr][msedge.exe]

[Throw dll injection][27/06/2025 17:26:48][WildStr][msedge.exe]

[Throw dll injection][27/06/2025 17:26:48][WildStr][msedge.exe]

[Throw dll injection][27/06/2025 17:26:48][WildStr][msedge.exe]

[Throw dll injection][27/06/2025 17:26:48][WildStr][msedge.exe]

[Throw dll injection][27/06/2025 17:26:48][WildStr][msedge.exe]

[Throw dll injection][27/06/2025 17:26:48][WildStr][svchost.exe]

[Throw dll injection][27/06/2025 17:26:48][WildStr][svchost.exe]

[Throw dll injection][27/06/2025 17:26:48][WildStr][svchost.exe]

[Throw dll injection][27/06/2025 17:26:48][WildStr][svchost.exe]

[Throw dll injection][27/06/2025 17:26:48][WildStr][svchost.exe]

[Throw dll injection][27/06/2025 17:26:48][WildStr][svchost.exe]

[Throw dll injection][27/06/2025 17:26:48][WildStr][dllhost.exe]

[Throw dll injection][27/06/2025 17:26:48][WildStr][dllhost.exe]

[Throw dll injection][27/06/2025 17:26:48][WildStr][ShellExperienceHost.exe]

[Throw dll injection][27/06/2025 17:26:48][WildStr][ShellExperienceHost.exe]

[Throw dll injection][27/06/2025 17:26:48][WildStr][RuntimeBroker.exe]

[Throw dll injection][27/06/2025 17:26:48][WildStr][RuntimeBroker.exe]

[Throw dll injection][27/06/2025 17:26:48][WildStr][powershell.exe]

[Throw dll injection][27/06/2025 17:26:48][WildStr][powershell.exe]

[Throw dll injection][27/06/2025 17:26:48][WildStr][conhost.exe]

[Throw dll injection][27/06/2025 17:26:48][WildStr][conhost.exe]

[Throw dll injection][27/06/2025 17:26:48][WildStr][cmd.exe]

[Throw dll injection][27/06/2025 17:26:48][WildStr][cmd.exe]

[Throw dll injection][27/06/2025 17:26:48][WildStr][conhost.exe]

[Throw dll injection][27/06/2025 17:26:48][WildStr][conhost.exe]

[Throw dll injection][27/06/2025 17:26:48][WildStr][powershell.exe]

[Throw dll injection][27/06/2025 17:26:48][WildStr][powershell.exe]

[Throw dll injection][27/06/2025 17:26:48][WildStr][Code.exe]

[Throw dll injection][27/06/2025 17:26:48][WildStr][Code.exe]

[Throw dll injection][27/06/2025 17:26:48][WildStr][Code.exe]

[Throw dll injection][27/06/2025 17:26:48][WildStr][Code.exe]

[Throw dll injection][27/06/2025 17:26:48][WildStr][Code.exe]

[Throw dll injection][27/06/2025 17:26:48][WildStr][Code.exe]

[Throw dll injection][27/06/2025 17:26:48][WildStr][Code.exe]

[Throw dll injection][27/06/2025 17:26:48][WildStr][Code.exe]

[Throw dll injection][27/06/2025 17:26:48][WildStr][Code.exe]

[Throw dll injection][27/06/2025 17:26:48][WildStr][Code.exe]

[Throw dll injection][27/06/2025 17:26:48][WildStr][Code.exe]

[Throw dll injection][27/06/2025 17:26:48][WildStr][Code.exe]

[Throw dll injection][27/06/2025 17:26:48][WildStr][Code.exe]

[Throw dll injection][27/06/2025 17:26:48][WildStr][Code.exe]

[Throw dll injection][27/06/2025 17:26:48][WildStr][Code.exe]

[Throw dll injection][27/06/2025 17:26:48][WildStr][cpptools.exe]

[Throw dll injection][27/06/2025 17:26:48][WildStr][Code.exe]

[Throw dll injection][27/06/2025 17:26:48][WildStr][conhost.exe]

[Throw dll injection][27/06/2025 17:26:48][WildStr][cpptools.exe]

[Throw dll injection][27/06/2025 17:26:48][WildStr][Code.exe]

[Throw dll injection][27/06/2025 17:26:48][WildStr][conhost.exe]

[Throw dll injection][27/06/2025 17:26:48][WildStr][cpptools.exe]

[Throw dll injection][27/06/2025 17:26:48][WildStr][Code.exe]

[Throw dll injection][27/06/2025 17:26:48][WildStr][cpptools-srv.exe]

[Throw dll injection][27/06/2025 17:26:48][WildStr][cpptools.exe]

[Throw dll injection][27/06/2025 17:26:48][WildStr][conhost.exe]

[Throw dll injection][27/06/2025 17:26:48][WildStr][cpptools-srv.exe]

[Throw dll injection][27/06/2025 17:26:48][WildStr][Code.exe]

[Throw dll injection][27/06/2025 17:26:48][WildStr][conhost.exe]

[Throw dll injection][27/06/2025 17:26:48][WildStr][conhost.exe]

[Throw dll injection][27/06/2025 17:26:48][WildStr][Code.exe]

[Throw dll injection][27/06/2025 17:26:48][WildStr][powershell.exe]

[Throw dll injection][27/06/2025 17:26:48][WildStr][conhost.exe]

[Throw dll injection][27/06/2025 17:26:48][WildStr][vctip.exe]

[Throw dll injection][27/06/2025 17:26:48][WildStr][powershell.exe]

[Throw dll injection][27/06/2025 17:26:48][WildStr][cpptools-srv.exe]

[Throw dll injection][27/06/2025 17:26:48][WildStr][vctip.exe]

[Throw dll injection][27/06/2025 17:26:48][WildStr][conhost.exe]

[Throw dll injection][27/06/2025 17:26:48][WildStr][cpptools-srv.exe]

[Throw dll injection][27/06/2025 17:26:48][WildStr][svchost.exe]

[Throw dll injection][27/06/2025 17:26:48][WildStr][conhost.exe]

[Throw dll injection][27/06/2025 17:26:48][WildStr][smartscreen.exe]

[Throw dll injection][27/06/2025 17:26:48][WildStr][svchost.exe]

[Throw dll injection][27/06/2025 17:26:48][WildStr][conhost.exe]

[Throw dll injection][27/06/2025 17:26:48][WildStr][smartscreen.exe]

[Throw dll injection][27/06/2025 17:26:48][WildStr][powershell.exe]

[Throw dll injection][27/06/2025 17:26:48][WildStr][conhost.exe]

[Throw dll injection][27/06/2025 17:26:48][WildStr][audiodg.exe]

[Throw dll injection][27/06/2025 17:26:48][WildStr][powershell.exe]

[Throw dll injection][27/06/2025 17:26:48][WildStr][Taskmgr.exe]

[Throw dll injection][27/06/2025 17:26:48][WildStr][audiodg.exe]

[Throw dll injection][27/06/2025 17:26:48][WildStr][test.exe]

[Throw dll injection][27/06/2025 17:26:48][WildStr][Taskmgr.exe]

[Throw dll injection][27/06/2025 17:26:48][WildStr][test.exe]

[Throw dll injection][27/06/2025 17:26:49][WildStr][System]

[Throw dll injection][27/06/2025 17:26:49][WildStr][Registry]

[Throw dll injection][27/06/2025 17:26:49][WildStr][smss.exe]

[Throw dll injection][27/06/2025 17:26:49][WildStr][csrss.exe]

[Throw dll injection][27/06/2025 17:26:49][WildStr][smss.exe]

[Throw dll injection][27/06/2025 17:26:49][WildStr][wininit.exe]

[Throw dll injection][27/06/2025 17:26:49][WildStr][wininit.exe]

[Throw dll injection][27/06/2025 17:26:49][WildStr][csrss.exe]

[Throw dll injection][27/06/2025 17:26:49][WildStr][csrss.exe]

[Throw dll injection][27/06/2025 17:26:49][WildStr][winlogon.exe]

[Throw dll injection][27/06/2025 17:26:49][WildStr][winlogon.exe]

[Throw dll injection][27/06/2025 17:26:49][WildStr][services.exe]

[Throw dll injection][27/06/2025 17:26:49][WildStr][lsass.exe]

[Throw dll injection][27/06/2025 17:26:49][WildStr][svchost.exe]

[Throw dll injection][27/06/2025 17:26:49][WildStr][fontdrvhost.exe]

[Throw dll injection][27/06/2025 17:26:49][WildStr][fontdrvhost.exe]

[Throw dll injection][27/06/2025 17:26:49][WildStr][fontdrvhost.exe]

[Throw dll injection][27/06/2025 17:26:49][WildStr][fontdrvhost.exe]

[Throw dll injection][27/06/2025 17:26:49][WildStr][svchost.exe]

[Throw dll injection][27/06/2025 17:26:49][WildStr][svchost.exe]

[Throw dll injection][27/06/2025 17:26:49][WildStr][svchost.exe]

[Throw dll injection][27/06/2025 17:26:49][WildStr][svchost.exe]

[Throw dll injection][27/06/2025 17:26:49][WildStr][dwm.exe]

[Throw dll injection][27/06/2025 17:26:49][WildStr][dwm.exe]

[Throw dll injection][27/06/2025 17:26:49][WildStr][svchost.exe]

[Throw dll injection][27/06/2025 17:26:49][WildStr][svchost.exe]

[Throw dll injection][27/06/2025 17:26:49][WildStr][svchost.exe]

[Throw dll injection][27/06/2025 17:26:49][WildStr][svchost.exe]

[Throw dll injection][27/06/2025 17:26:49][WildStr][svchost.exe]

[Throw dll injection][27/06/2025 17:26:49][WildStr][svchost.exe]

[Throw dll injection][27/06/2025 17:26:49][WildStr][svchost.exe]

[Throw dll injection][27/06/2025 17:26:49][WildStr][svchost.exe]

[Throw dll injection][27/06/2025 17:26:49][WildStr][svchost.exe]

[Throw dll injection][27/06/2025 17:26:49][WildStr][svchost.exe]

[Throw dll injection][27/06/2025 17:26:49][WildStr][svchost.exe]

[Throw dll injection][27/06/2025 17:26:49][WildStr][svchost.exe]

[Throw dll injection][27/06/2025 17:26:49][WildStr][svchost.exe]

[Throw dll injection][27/06/2025 17:26:49][WildStr][svchost.exe]

[Throw dll injection][27/06/2025 17:26:49][WildStr][svchost.exe]

[Throw dll injection][27/06/2025 17:26:49][WildStr][svchost.exe]

[Throw dll injection][27/06/2025 17:26:49][WildStr][svchost.exe]

[Throw dll injection][27/06/2025 17:26:49][WildStr][svchost.exe]

[Throw dll injection][27/06/2025 17:26:49][WildStr][svchost.exe]

[Throw dll injection][27/06/2025 17:26:49][WildStr][svchost.exe]

[Throw dll injection][27/06/2025 17:26:49][WildStr][svchost.exe]

[Throw dll injection][27/06/2025 17:26:49][WildStr][svchost.exe]

[Throw dll injection][27/06/2025 17:26:49][WildStr][svchost.exe]

[Throw dll injection][27/06/2025 17:26:49][WildStr][svchost.exe]

[Throw dll injection][27/06/2025 17:26:49][WildStr][svchost.exe]

[Throw dll injection][27/06/2025 17:26:49][WildStr][svchost.exe]

[Throw dll injection][27/06/2025 17:26:49][WildStr][VBoxService.exe]

[Throw dll injection][27/06/2025 17:26:49][WildStr][VBoxService.exe]

[Throw dll injection][27/06/2025 17:26:49][WildStr][svchost.exe]

[Throw dll injection][27/06/2025 17:26:49][WildStr][svchost.exe]

[Throw dll injection][27/06/2025 17:26:49][WildStr][svchost.exe]

[Throw dll injection][27/06/2025 17:26:49][WildStr][svchost.exe]

[Throw dll injection][27/06/2025 17:26:49][WildStr][svchost.exe]

[Throw dll injection][27/06/2025 17:26:49][WildStr][svchost.exe]

[Throw dll injection][27/06/2025 17:26:49][WildStr][svchost.exe]

[Throw dll injection][27/06/2025 17:26:49][WildStr][svchost.exe]

[Throw dll injection][27/06/2025 17:26:49][WildStr][svchost.exe]

[Throw dll injection][27/06/2025 17:26:49][WildStr][svchost.exe]

[Throw dll injection][27/06/2025 17:26:49][WildStr][svchost.exe]

[Throw dll injection][27/06/2025 17:26:49][WildStr][svchost.exe]

[Throw dll injection][27/06/2025 17:26:49][WildStr][Memory Compression]

[Throw dll injection][27/06/2025 17:26:49][WildStr][svchost.exe]
sion]

[Throw dll injection][27/06/2025 17:26:49][WildStr][svchost.exe]

[Throw dll injection][27/06/2025 17:26:49][WildStr][svchost.exe]

[Throw dll injection][27/06/2025 17:26:49][WildStr][svchost.exe]

[Throw dll injection][27/06/2025 17:26:49][WildStr][svchost.exe]

[Throw dll injection][27/06/2025 17:26:49][WildStr][svchost.exe]

[Throw dll injection][27/06/2025 17:26:49][WildStr][svchost.exe]

[Throw dll injection][27/06/2025 17:26:49][WildStr][svchost.exe]

[Throw dll injection][27/06/2025 17:26:49][WildStr][svchost.exe]

[Throw dll injection][27/06/2025 17:26:49][WildStr][svchost.exe]

[Throw dll injection][27/06/2025 17:26:49][WildStr][svchost.exe]

[Throw dll injection][27/06/2025 17:26:49][WildStr][svchost.exe]

[Throw dll injection][27/06/2025 17:26:49][WildStr][svchost.exe]

[Throw dll injection][27/06/2025 17:26:49][WildStr][svchost.exe]

[Throw dll injection][27/06/2025 17:26:49][WildStr][svchost.exe]

[Throw dll injection][27/06/2025 17:26:49][WildStr][svchost.exe]

[Throw dll injection][27/06/2025 17:26:49][WildStr][spoolsv.exe]

[Throw dll injection][27/06/2025 17:26:49][WildStr][spoolsv.exe]

[Throw dll injection][27/06/2025 17:26:49][WildStr][svchost.exe]

[Throw dll injection][27/06/2025 17:26:49][WildStr][svchost.exe]

[Throw dll injection][27/06/2025 17:26:49][WildStr][svchost.exe]

[Throw dll injection][27/06/2025 17:26:49][WildStr][svchost.exe]

[Throw dll injection][27/06/2025 17:26:49][WildStr][svchost.exe]

[Throw dll injection][27/06/2025 17:26:49][WildStr][svchost.exe]

[Throw dll injection][27/06/2025 17:26:49][WildStr][svchost.exe]

[Throw dll injection][27/06/2025 17:26:49][WildStr][svchost.exe]

[Throw dll injection][27/06/2025 17:26:49][WildStr][ssh-agent.exe]

[Throw dll injection][27/06/2025 17:26:49][WildStr][ssh-agent.exe]

[Throw dll injection][27/06/2025 17:26:49][WildStr][sshd.exe]

[Throw dll injection][27/06/2025 17:26:49][WildStr][sshd.exe]

[Throw dll injection][27/06/2025 17:26:49][WildStr][svchost.exe]

[Throw dll injection][27/06/2025 17:26:49][WildStr][svchost.exe]

[Throw dll injection][27/06/2025 17:26:49][WildStr][svchost.exe]

[Throw dll injection][27/06/2025 17:26:49][WildStr][svchost.exe]

[Throw dll injection][27/06/2025 17:26:49][WildStr][svchost.exe]

[Throw dll injection][27/06/2025 17:26:49][WildStr][svchost.exe]

[Throw dll injection][27/06/2025 17:26:49][WildStr][svchost.exe]

[Throw dll injection][27/06/2025 17:26:49][WildStr][svchost.exe]

[Throw dll injection][27/06/2025 17:26:49][WildStr][svchost.exe]

[Throw dll injection][27/06/2025 17:26:49][WildStr][svchost.exe]

[Throw dll injection][27/06/2025 17:26:49][WildStr][svchost.exe]

[Throw dll injection][27/06/2025 17:26:49][WildStr][svchost.exe]

[Throw dll injection][27/06/2025 17:26:49][WildStr][svchost.exe]

[Throw dll injection][27/06/2025 17:26:49][WildStr][svchost.exe]

[Throw dll injection][27/06/2025 17:26:49][WildStr][svchost.exe]

[Throw dll injection][27/06/2025 17:26:49][WildStr][svchost.exe]

[Throw dll injection][27/06/2025 17:26:49][WildStr][svchost.exe]

[Throw dll injection][27/06/2025 17:26:49][WildStr][svchost.exe]

[Throw dll injection][27/06/2025 17:26:49][WildStr][MpDefenderCoreService.exe]

[Throw dll injection][27/06/2025 17:26:49][WildStr][MpDefenderCoreService.exe]

[Throw dll injection][27/06/2025 17:26:49][WildStr][MsMpEng.exe]

[Throw dll injection][27/06/2025 17:26:49][WildStr][MsMpEng.exe]

[Throw dll injection][27/06/2025 17:26:49][WildStr][SearchIndexer.exe]

[Throw dll injection][27/06/2025 17:26:49][WildStr][SearchIndexer.exe]

[Throw dll injection][27/06/2025 17:26:49][WildStr][AggregatorHost.exe]

[Throw dll injection][27/06/2025 17:26:49][WildStr][AggregatorHost.exe]

[Throw dll injection][27/06/2025 17:26:49][WildStr][dllhost.exe]

[Throw dll injection][27/06/2025 17:26:49][WildStr][dllhost.exe]

[Throw dll injection][27/06/2025 17:26:49][WildStr][svchost.exe]

[Throw dll injection][27/06/2025 17:26:49][WildStr][svchost.exe]

[Throw dll injection][27/06/2025 17:26:49][WildStr][NisSrv.exe]

[Throw dll injection][27/06/2025 17:26:49][WildStr][NisSrv.exe]

[Throw dll injection][27/06/2025 17:26:49][WildStr][sihost.exe]

[Throw dll injection][27/06/2025 17:26:49][WildStr][sihost.exe]

[Throw dll injection][27/06/2025 17:26:49][WildStr][svchost.exe]

[Throw dll injection][27/06/2025 17:26:49][WildStr][svchost.exe]

[Throw dll injection][27/06/2025 17:26:49][WildStr][svchost.exe]

[Throw dll injection][27/06/2025 17:26:49][WildStr][svchost.exe]

[Throw dll injection][27/06/2025 17:26:49][WildStr][taskhostw.exe]

[Throw dll injection][27/06/2025 17:26:49][WildStr][taskhostw.exe]

[Throw dll injection][27/06/2025 17:26:49][WildStr][MicrosoftEdgeUpdate.exe]

[Throw dll injection][27/06/2025 17:26:49][WildStr][MicrosoftEdgeUpdate.exe]

[Throw dll injection][27/06/2025 17:26:49][WildStr][svchost.exe]

[Throw dll injection][27/06/2025 17:26:49][WildStr][svchost.exe]

[Throw dll injection][27/06/2025 17:26:49][WildStr][ctfmon.exe]

[Throw dll injection][27/06/2025 17:26:49][WildStr][ctfmon.exe]

[Throw dll injection][27/06/2025 17:26:49][WildStr][svchost.exe]

[Throw dll injection][27/06/2025 17:26:49][WildStr][svchost.exe]

[Throw dll injection][27/06/2025 17:26:49][WildStr][svchost.exe]

[Throw dll injection][27/06/2025 17:26:49][WildStr][svchost.exe]

[Throw dll injection][27/06/2025 17:26:49][WildStr][explorer.exe]

[Throw dll injection][27/06/2025 17:26:49][WildStr][explorer.exe]

[Throw dll injection][27/06/2025 17:26:49][WildStr][svchost.exe]

[Throw dll injection][27/06/2025 17:26:49][WildStr][svchost.exe]

[Throw dll injection][27/06/2025 17:26:49][WildStr][StartMenuExperienceHost.exe]

[Throw dll injection][27/06/2025 17:26:49][WildStr][StartMenuExperienceHost.exe]

[Throw dll injection][27/06/2025 17:26:49][WildStr][RuntimeBroker.exe]

[Throw dll injection][27/06/2025 17:26:49][WildStr][RuntimeBroker.exe]

[Throw dll injection][27/06/2025 17:26:49][WildStr][SearchApp.exe]

[Throw dll injection][27/06/2025 17:26:49][WildStr][SearchApp.exe]

[Throw dll injection][27/06/2025 17:26:49][WildStr][svchost.exe]

[Throw dll injection][27/06/2025 17:26:49][WildStr][svchost.exe]

[Throw dll injection][27/06/2025 17:26:49][WildStr][RuntimeBroker.exe]

[Throw dll injection][27/06/2025 17:26:49][WildStr][RuntimeBroker.exe]

[Throw dll injection][27/06/2025 17:26:49][WildStr][RuntimeBroker.exe]

[Throw dll injection][27/06/2025 17:26:49][WildStr][RuntimeBroker.exe]

[Throw dll injection][27/06/2025 17:26:49][WildStr][svchost.exe]

[Throw dll injection][27/06/2025 17:26:49][WildStr][svchost.exe]

[Throw dll injection][27/06/2025 17:26:49][WildStr][SecurityHealthSystray.exe]

[Throw dll injection][27/06/2025 17:26:49][WildStr][SecurityHealthSystray.exe]

[Throw dll injection][27/06/2025 17:26:49][WildStr][SecurityHealthService.exe]

[Throw dll injection][27/06/2025 17:26:49][WildStr][SecurityHealthService.exe]

[Throw dll injection][27/06/2025 17:26:49][WildStr][VBoxTray.exe]

[Throw dll injection][27/06/2025 17:26:49][WildStr][VBoxTray.exe]

[Throw dll injection][27/06/2025 17:26:49][WildStr][OneDrive.exe]

[Throw dll injection][27/06/2025 17:26:49][WildStr][OneDrive.exe]

[Throw dll injection][27/06/2025 17:26:49][WildStr][svchost.exe]

[Throw dll injection][27/06/2025 17:26:49][WildStr][svchost.exe]

[Throw dll injection][27/06/2025 17:26:49][WildStr][svchost.exe]

[Throw dll injection][27/06/2025 17:26:49][WildStr][svchost.exe]

[Throw dll injection][27/06/2025 17:26:49][WildStr][svchost.exe]

[Throw dll injection][27/06/2025 17:26:49][WildStr][svchost.exe]

[Throw dll injection][27/06/2025 17:26:49][WildStr][svchost.exe]

[Throw dll injection][27/06/2025 17:26:49][WildStr][svchost.exe]

[Throw dll injection][27/06/2025 17:26:49][WildStr][svchost.exe]

[Throw dll injection][27/06/2025 17:26:49][WildStr][svchost.exe]

[Throw dll injection][27/06/2025 17:26:49][WildStr][svchost.exe]

[Throw dll injection][27/06/2025 17:26:49][WildStr][svchost.exe]

[Throw dll injection][27/06/2025 17:26:49][WildStr][TextInputHost.exe]

[Throw dll injection][27/06/2025 17:26:49][WildStr][TextInputHost.exe]

[Throw dll injection][27/06/2025 17:26:49][WildStr][ApplicationFrameHost.exe]

[Throw dll injection][27/06/2025 17:26:49][WildStr][ApplicationFrameHost.exe]

[Throw dll injection][27/06/2025 17:26:49][WildStr][SystemSettings.exe]

[Throw dll injection][27/06/2025 17:26:49][WildStr][SystemSettings.exe]

[Throw dll injection][27/06/2025 17:26:49][WildStr][UserOOBEBroker.exe]

[Throw dll injection][27/06/2025 17:26:49][WildStr][UserOOBEBroker.exe]

[Throw dll injection][27/06/2025 17:26:49][WildStr][SearchApp.exe]

[Throw dll injection][27/06/2025 17:26:49][WildStr][SearchApp.exe]

[Throw dll injection][27/06/2025 17:26:49][WildStr][msedgewebview2.exe]

[Throw dll injection][27/06/2025 17:26:49][WildStr][msedgewebview2.exe]

[Throw dll injection][27/06/2025 17:26:49][WildStr][msedgewebview2.exe]

[Throw dll injection][27/06/2025 17:26:49][WildStr][msedgewebview2.exe]

[Throw dll injection][27/06/2025 17:26:49][WildStr][msedgewebview2.exe]

[Throw dll injection][27/06/2025 17:26:49][WildStr][msedgewebview2.exe]

[Throw dll injection][27/06/2025 17:26:49][WildStr][msedgewebview2.exe]

[Throw dll injection][27/06/2025 17:26:49][WildStr][msedgewebview2.exe]

[Throw dll injection][27/06/2025 17:26:49][WildStr][msedgewebview2.exe]

[Throw dll injection][27/06/2025 17:26:49][WildStr][msedgewebview2.exe]

[Throw dll injection][27/06/2025 17:26:49][WildStr][msedgewebview2.exe]

[Throw dll injection][27/06/2025 17:26:49][WildStr][msedgewebview2.exe]

[Throw dll injection][27/06/2025 17:26:49][WildStr][FileCoAuth.exe]

[Throw dll injection][27/06/2025 17:26:49][WildStr][FileCoAuth.exe]

[Throw dll injection][27/06/2025 17:26:49][WildStr][svchost.exe]

[Throw dll injection][27/06/2025 17:26:49][WildStr][svchost.exe]

[Throw dll injection][27/06/2025 17:26:49][WildStr][msedge.exe]

[Throw dll injection][27/06/2025 17:26:49][WildStr][msedge.exe]

[Throw dll injection][27/06/2025 17:26:49][WildStr][msedge.exe]

[Throw dll injection][27/06/2025 17:26:49][WildStr][msedge.exe]

[Throw dll injection][27/06/2025 17:26:49][WildStr][msedge.exe]

[Throw dll injection][27/06/2025 17:26:49][WildStr][msedge.exe]

[Throw dll injection][27/06/2025 17:26:49][WildStr][msedge.exe]

[Throw dll injection][27/06/2025 17:26:49][WildStr][msedge.exe]

[Throw dll injection][27/06/2025 17:26:49][WildStr][msedge.exe]

[Throw dll injection][27/06/2025 17:26:49][WildStr][msedge.exe]

[Throw dll injection][27/06/2025 17:26:49][WildStr][svchost.exe]

[Throw dll injection][27/06/2025 17:26:49][WildStr][svchost.exe]

[Throw dll injection][27/06/2025 17:26:49][WildStr][svchost.exe]

[Throw dll injection][27/06/2025 17:26:49][WildStr][svchost.exe]

[Throw dll injection][27/06/2025 17:26:49][WildStr][svchost.exe]

[Throw dll injection][27/06/2025 17:26:49][WildStr][svchost.exe]

[Throw dll injection][27/06/2025 17:26:49][WildStr][dllhost.exe]

[Throw dll injection][27/06/2025 17:26:49][WildStr][dllhost.exe]

[Throw dll injection][27/06/2025 17:26:49][WildStr][ShellExperienceHost.exe]

[Throw dll injection][27/06/2025 17:26:49][WildStr][ShellExperienceHost.exe]

[Throw dll injection][27/06/2025 17:26:49][WildStr][RuntimeBroker.exe]

[Throw dll injection][27/06/2025 17:26:49][WildStr][RuntimeBroker.exe]

[Throw dll injection][27/06/2025 17:26:49][WildStr][powershell.exe]

[Throw dll injection][27/06/2025 17:26:49][WildStr][powershell.exe]

[Throw dll injection][27/06/2025 17:26:49][WildStr][conhost.exe]

[Throw dll injection][27/06/2025 17:26:49][WildStr][conhost.exe]

[Throw dll injection][27/06/2025 17:26:49][WildStr][cmd.exe]

[Throw dll injection][27/06/2025 17:26:49][WildStr][cmd.exe]

[Throw dll injection][27/06/2025 17:26:49][WildStr][conhost.exe]

[Throw dll injection][27/06/2025 17:26:49][WildStr][conhost.exe]

[Throw dll injection][27/06/2025 17:26:49][WildStr][powershell.exe]

[Throw dll injection][27/06/2025 17:26:49][WildStr][powershell.exe]

[Throw dll injection][27/06/2025 17:26:49][WildStr][Code.exe]

[Throw dll injection][27/06/2025 17:26:49][WildStr][Code.exe]

[Throw dll injection][27/06/2025 17:26:49][WildStr][Code.exe]

[Throw dll injection][27/06/2025 17:26:49][WildStr][Code.exe]

[Throw dll injection][27/06/2025 17:26:49][WildStr][Code.exe]

[Throw dll injection][27/06/2025 17:26:49][WildStr][Code.exe]

[Throw dll injection][27/06/2025 17:26:49][WildStr][Code.exe]

[Throw dll injection][27/06/2025 17:26:49][WildStr][Code.exe]

[Throw dll injection][27/06/2025 17:26:49][WildStr][Code.exe]

[Throw dll injection][27/06/2025 17:26:49][WildStr][Code.exe]

[Throw dll injection][27/06/2025 17:26:49][WildStr][Code.exe]

[Throw dll injection][27/06/2025 17:26:49][WildStr][Code.exe]

[Throw dll injection][27/06/2025 17:26:49][WildStr][Code.exe]

[Throw dll injection][27/06/2025 17:26:49][WildStr][cpptools.exe]

[Throw dll injection][27/06/2025 17:26:49][WildStr][cpptools.exe]

[Throw dll injection][27/06/2025 17:26:49][WildStr][conhost.exe]

[Throw dll injection][27/06/2025 17:26:49][WildStr][conhost.exe]

[Throw dll injection][27/06/2025 17:26:49][WildStr][Code.exe]

[Throw dll injection][27/06/2025 17:26:49][WildStr][Code.exe]

[Throw dll injection][27/06/2025 17:26:49][WildStr][cpptools.exe]

[Throw dll injection][27/06/2025 17:26:49][WildStr][cpptools.exe]

[Throw dll injection][27/06/2025 17:26:49][WildStr][cpptools-srv.exe]

[Throw dll injection][27/06/2025 17:26:49][WildStr][cpptools-srv.exe]

[Throw dll injection][27/06/2025 17:26:49][WildStr][conhost.exe]

[Throw dll injection][27/06/2025 17:26:49][WildStr][conhost.exe]

[Throw dll injection][27/06/2025 17:26:49][WildStr][Code.exe]

[Throw dll injection][27/06/2025 17:26:49][WildStr][Code.exe]

[Throw dll injection][27/06/2025 17:26:49][WildStr][conhost.exe]

[Throw dll injection][27/06/2025 17:26:49][WildStr][conhost.exe]

[Throw dll injection][27/06/2025 17:26:49][WildStr][powershell.exe]

[Throw dll injection][27/06/2025 17:26:49][WildStr][powershell.exe]

[Throw dll injection][27/06/2025 17:26:49][WildStr][vctip.exe]

[Throw dll injection][27/06/2025 17:26:49][WildStr][vctip.exe]

[Throw dll injection][27/06/2025 17:26:49][WildStr][cpptools-srv.exe]

[Throw dll injection][27/06/2025 17:26:49][WildStr][cpptools-srv.exe]

[Throw dll injection][27/06/2025 17:26:49][WildStr][conhost.exe]

[Throw dll injection][27/06/2025 17:26:49][WildStr][conhost.exe]

[Throw dll injection][27/06/2025 17:26:49][WildStr][svchost.exe]

[Throw dll injection][27/06/2025 17:26:49][WildStr][svchost.exe]

[Throw dll injection][27/06/2025 17:26:49][WildStr][smartscreen.exe]

[Throw dll injection][27/06/2025 17:26:49][WildStr][smartscreen.exe]

[Throw dll injection][27/06/2025 17:26:49][WildStr][conhost.exe]

[Throw dll injection][27/06/2025 17:26:49][WildStr][conhost.exe]

[Throw dll injection][27/06/2025 17:26:49][WildStr][powershell.exe]

[Throw dll injection][27/06/2025 17:26:49][WildStr][powershell.exe]

[Throw dll injection][27/06/2025 17:26:49][WildStr][audiodg.exe]

[Throw dll injection][27/06/2025 17:26:49][WildStr][audiodg.exe]

[Throw dll injection][27/06/2025 17:26:49][WildStr][Taskmgr.exe]

[Throw dll injection][27/06/2025 17:26:49][WildStr][Taskmgr.exe]

[Throw dll injection][27/06/2025 17:26:49][WildStr][test.exe]

[Throw dll injection][27/06/2025 17:26:49][WildStr][test.exe]

[Throw dll injection][27/06/2025 17:26:50][WildStr][System]

[Throw dll injection][27/06/2025 17:26:50][WildStr][Registry]

[Throw dll injection][27/06/2025 17:26:50][WildStr][Registry]

[Throw dll injection][27/06/2025 17:26:50][WildStr][smss.exe]

[Throw dll injection][27/06/2025 17:26:50][WildStr][smss.exe]

[Throw dll injection][27/06/2025 17:26:50][WildStr][csrss.exe]

[Throw dll injection][27/06/2025 17:26:50][WildStr][csrss.exe]

[Throw dll injection][27/06/2025 17:26:50][WildStr][wininit.exe]

[Throw dll injection][27/06/2025 17:26:50][WildStr][wininit.exe]

[Throw dll injection][27/06/2025 17:26:50][WildStr][csrss.exe]

[Throw dll injection][27/06/2025 17:26:50][WildStr][csrss.exe]

[Throw dll injection][27/06/2025 17:26:50][WildStr][winlogon.exe]

[Throw dll injection][27/06/2025 17:26:50][WildStr][winlogon.exe]

[Throw dll injection][27/06/2025 17:26:50][WildStr][services.exe]

[Throw dll injection][27/06/2025 17:26:50][WildStr][services.exe]

[Throw dll injection][27/06/2025 17:26:50][WildStr][lsass.exe]

[Throw dll injection][27/06/2025 17:26:50][WildStr][svchost.exe]

[Throw dll injection][27/06/2025 17:26:50][WildStr][svchost.exe]

[Throw dll injection][27/06/2025 17:26:50][WildStr][fontdrvhost.exe]

[Throw dll injection][27/06/2025 17:26:50][WildStr][fontdrvhost.exe]

[Throw dll injection][27/06/2025 17:26:50][WildStr][svchost.exe]

[Throw dll injection][27/06/2025 17:26:50][WildStr][fontdrvhost.exe]

[Throw dll injection][27/06/2025 17:26:50][WildStr][svchost.exe]

[Throw dll injection][27/06/2025 17:26:50][WildStr][svchost.exe]

[Throw dll injection][27/06/2025 17:26:50][WildStr][dwm.exe]

[Throw dll injection][27/06/2025 17:26:50][WildStr][svchost.exe]

[Throw dll injection][27/06/2025 17:26:50][WildStr][svchost.exe]

[Throw dll injection][27/06/2025 17:26:50][WildStr][dwm.exe]

[Throw dll injection][27/06/2025 17:26:50][WildStr][svchost.exe]

[Throw dll injection][27/06/2025 17:26:50][WildStr][svchost.exe]

[Throw dll injection][27/06/2025 17:26:50][WildStr][svchost.exe]

[Throw dll injection][27/06/2025 17:26:50][WildStr][svchost.exe]

[Throw dll injection][27/06/2025 17:26:50][WildStr][svchost.exe]

[Throw dll injection][27/06/2025 17:26:50][WildStr][svchost.exe]

[Throw dll injection][27/06/2025 17:26:50][WildStr][svchost.exe]

[Throw dll injection][27/06/2025 17:26:50][WildStr][svchost.exe]

[Throw dll injection][27/06/2025 17:26:50][WildStr][svchost.exe]

[Throw dll injection][27/06/2025 17:26:50][WildStr][svchost.exe]

[Throw dll injection][27/06/2025 17:26:50][WildStr][svchost.exe]

[Throw dll injection][27/06/2025 17:26:50][WildStr][svchost.exe]

[Throw dll injection][27/06/2025 17:26:50][WildStr][svchost.exe]

[Throw dll injection][27/06/2025 17:26:50][WildStr][svchost.exe]

[Throw dll injection][27/06/2025 17:26:50][WildStr][svchost.exe]

[Throw dll injection][27/06/2025 17:26:50][WildStr][svchost.exe]

[Throw dll injection][27/06/2025 17:26:50][WildStr][svchost.exe]

[Throw dll injection][27/06/2025 17:26:50][WildStr][svchost.exe]

[Throw dll injection][27/06/2025 17:26:50][WildStr][svchost.exe]

[Throw dll injection][27/06/2025 17:26:50][WildStr][svchost.exe]

[Throw dll injection][27/06/2025 17:26:50][WildStr][svchost.exe]

[Throw dll injection][27/06/2025 17:26:50][WildStr][svchost.exe]

[Throw dll injection][27/06/2025 17:26:50][WildStr][svchost.exe]

[Throw dll injection][27/06/2025 17:26:50][WildStr][svchost.exe]

[Throw dll injection][27/06/2025 17:26:50][WildStr][VBoxService.exe]

[Throw dll injection][27/06/2025 17:26:50][WildStr][svchost.exe]

[Throw dll injection][27/06/2025 17:26:50][WildStr][svchost.exe]

[Throw dll injection][27/06/2025 17:26:50][WildStr][VBoxService.exe]

[Throw dll injection][27/06/2025 17:26:50][WildStr][svchost.exe]

[Throw dll injection][27/06/2025 17:26:50][WildStr][svchost.exe]

[Throw dll injection][27/06/2025 17:26:50][WildStr][svchost.exe]

[Throw dll injection][27/06/2025 17:26:50][WildStr][svchost.exe]

[Throw dll injection][27/06/2025 17:26:50][WildStr][svchost.exe]

[Throw dll injection][27/06/2025 17:26:50][WildStr][svchost.exe]

[Throw dll injection][27/06/2025 17:26:50][WildStr][svchost.exe]

[Throw dll injection][27/06/2025 17:26:50][WildStr][svchost.exe]

[Throw dll injection][27/06/2025 17:26:50][WildStr][svchost.exe]

[Throw dll injection][27/06/2025 17:26:50][WildStr][svchost.exe]

[Throw dll injection][27/06/2025 17:26:50][WildStr][Memory Compression]

[Throw dll injection][27/06/2025 17:26:50][WildStr][svchost.exe]

[Throw dll injection][27/06/2025 17:26:50][WildStr][svchost.exe]

[Throw dll injection][27/06/2025 17:26:50][WildStr][Memory Compression]

[Throw dll injection][27/06/2025 17:26:50][WildStr][svchost.exe]

[Throw dll injection][27/06/2025 17:26:50][WildStr][svchost.exe]

[Throw dll injection][27/06/2025 17:26:50][WildStr][svchost.exe]

[Throw dll injection][27/06/2025 17:26:50][WildStr][svchost.exe]

[Throw dll injection][27/06/2025 17:26:50][WildStr][svchost.exe]

[Throw dll injection][27/06/2025 17:26:50][WildStr][svchost.exe]

[Throw dll injection][27/06/2025 17:26:50][WildStr][svchost.exe]

[Throw dll injection][27/06/2025 17:26:50][WildStr][svchost.exe]

[Throw dll injection][27/06/2025 17:26:50][WildStr][svchost.exe]

[Throw dll injection][27/06/2025 17:26:50][WildStr][svchost.exe]

[Throw dll injection][27/06/2025 17:26:50][WildStr][svchost.exe]

[Throw dll injection][27/06/2025 17:26:50][WildStr][svchost.exe]

[Throw dll injection][27/06/2025 17:26:50][WildStr][svchost.exe]

[Throw dll injection][27/06/2025 17:26:50][WildStr][spoolsv.exe]

[Throw dll injection][27/06/2025 17:26:50][WildStr][svchost.exe]

[Throw dll injection][27/06/2025 17:26:50][WildStr][svchost.exe]

[Throw dll injection][27/06/2025 17:26:50][WildStr][svchost.exe]

[Throw dll injection][27/06/2025 17:26:50][WildStr][svchost.exe]

[Throw dll injection][27/06/2025 17:26:50][WildStr][spoolsv.exe]

[Throw dll injection][27/06/2025 17:26:50][WildStr][svchost.exe]

[Throw dll injection][27/06/2025 17:26:50][WildStr][svchost.exe]

[Throw dll injection][27/06/2025 17:26:50][WildStr][svchost.exe]

[Throw dll injection][27/06/2025 17:26:50][WildStr][svchost.exe]

[Throw dll injection][27/06/2025 17:26:50][WildStr][ssh-agent.exe]

[Throw dll injection][27/06/2025 17:26:50][WildStr][svchost.exe]

[Throw dll injection][27/06/2025 17:26:50][WildStr][sshd.exe]

[Throw dll injection][27/06/2025 17:26:50][WildStr][svchost.exe]

[Throw dll injection][27/06/2025 17:26:50][WildStr][svchost.exe]

[Throw dll injection][27/06/2025 17:26:50][WildStr][ssh-agent.exe]

[Throw dll injection][27/06/2025 17:26:50][WildStr][svchost.exe]

[Throw dll injection][27/06/2025 17:26:50][WildStr][sshd.exe]

[Throw dll injection][27/06/2025 17:26:50][WildStr][svchost.exe]

[Throw dll injection][27/06/2025 17:26:50][WildStr][svchost.exe]

[Throw dll injection][27/06/2025 17:26:50][WildStr][svchost.exe]

[Throw dll injection][27/06/2025 17:26:50][WildStr][svchost.exe]

[Throw dll injection][27/06/2025 17:26:50][WildStr][svchost.exe]

[Throw dll injection][27/06/2025 17:26:50][WildStr][svchost.exe]

[Throw dll injection][27/06/2025 17:26:50][WildStr][svchost.exe]

[Throw dll injection][27/06/2025 17:26:50][WildStr][svchost.exe]

[Throw dll injection][27/06/2025 17:26:50][WildStr][svchost.exe]

[Throw dll injection][27/06/2025 17:26:50][WildStr][svchost.exe]

[Throw dll injection][27/06/2025 17:26:50][WildStr][svchost.exe]

[Throw dll injection][27/06/2025 17:26:50][WildStr][svchost.exe]

[Throw dll injection][27/06/2025 17:26:50][WildStr][svchost.exe]

[Throw dll injection][27/06/2025 17:26:50][WildStr][MpDefenderCoreService.exe]

[Throw dll injection][27/06/2025 17:26:50][WildStr][svchost.exe]

[Throw dll injection][27/06/2025 17:26:50][WildStr][MsMpEng.exe]

[Throw dll injection][27/06/2025 17:26:50][WildStr][svchost.exe]

[Throw dll injection][27/06/2025 17:26:50][WildStr][SearchIndexer.exe]

[Throw dll injection][27/06/2025 17:26:50][WildStr][MpDefenderCoreService.exe]

[Throw dll injection][27/06/2025 17:26:50][WildStr][AggregatorHost.exe]

[Throw dll injection][27/06/2025 17:26:50][WildStr][MsMpEng.exe]

[Throw dll injection][27/06/2025 17:26:50][WildStr][dllhost.exe]

[Throw dll injection][27/06/2025 17:26:50][WildStr][SearchIndexer.exe]

[Throw dll injection][27/06/2025 17:26:50][WildStr][svchost.exe]

[Throw dll injection][27/06/2025 17:26:50][WildStr][AggregatorHost.exe]

[Throw dll injection][27/06/2025 17:26:50][WildStr][dllhost.exe]

[Throw dll injection][27/06/2025 17:26:50][WildStr][svchost.exe]

[Throw dll injection][27/06/2025 17:26:50][WildStr][svchost.exe]

[Throw dll injection][27/06/2025 17:26:50][WildStr][svchost.exe]

[Throw dll injection][27/06/2025 17:26:50][WildStr][NisSrv.exe]

[Throw dll injection][27/06/2025 17:26:50][WildStr][taskhostw.exe]

[Throw dll injection][27/06/2025 17:26:50][WildStr][sihost.exe]

[Throw dll injection][27/06/2025 17:26:50][WildStr][MicrosoftEdgeUpdate.exe]

[Throw dll injection][27/06/2025 17:26:50][WildStr][svchost.exe]

[Throw dll injection][27/06/2025 17:26:50][WildStr][svchost.exe]

[Throw dll injection][27/06/2025 17:26:50][WildStr][svchost.exe]

[Throw dll injection][27/06/2025 17:26:50][WildStr][ctfmon.exe]

[Throw dll injection][27/06/2025 17:26:50][WildStr][taskhostw.exe]

[Throw dll injection][27/06/2025 17:26:50][WildStr][svchost.exe]

[Throw dll injection][27/06/2025 17:26:50][WildStr][svchost.exe]
pdate.exe]

[Throw dll injection][27/06/2025 17:26:50][WildStr][explorer.exe]

[Throw dll injection][27/06/2025 17:26:50][WildStr][svchost.exe]

[Throw dll injection][27/06/2025 17:26:50][WildStr][svchost.exe]

[Throw dll injection][27/06/2025 17:26:50][WildStr][ctfmon.exe]

[Throw dll injection][27/06/2025 17:26:50][WildStr][StartMenuExperienceHost.exe]

[Throw dll injection][27/06/2025 17:26:50][WildStr][svchost.exe]

[Throw dll injection][27/06/2025 17:26:50][WildStr][RuntimeBroker.exe]

[Throw dll injection][27/06/2025 17:26:50][WildStr][svchost.exe]

[Throw dll injection][27/06/2025 17:26:50][WildStr][SearchApp.exe]

[Throw dll injection][27/06/2025 17:26:50][WildStr][explorer.exe]

[Throw dll injection][27/06/2025 17:26:50][WildStr][svchost.exe]

[Throw dll injection][27/06/2025 17:26:50][WildStr][svchost.exe]

[Throw dll injection][27/06/2025 17:26:50][WildStr][RuntimeBroker.exe]

[Throw dll injection][27/06/2025 17:26:50][WildStr][StartMenuExperienceHost.exe]

[Throw dll injection][27/06/2025 17:26:50][WildStr][RuntimeBroker.exe]

[Throw dll injection][27/06/2025 17:26:50][WildStr][svchost.exe]
exe]

[Throw dll injection][27/06/2025 17:26:50][WildStr][SearchApp.exe]

[Throw dll injection][27/06/2025 17:26:50][WildStr][SecurityHealthSystray.exe]

[Throw dll injection][27/06/2025 17:26:50][WildStr][SecurityHealthService.exe]

[Throw dll injection][27/06/2025 17:26:50][WildStr][svchost.exe]

[Throw dll injection][27/06/2025 17:26:50][WildStr][VBoxTray.exe]

[Throw dll injection][27/06/2025 17:26:50][WildStr][OneDrive.exe]

[Throw dll injection][27/06/2025 17:26:50][WildStr][RuntimeBroker.exe]

[Throw dll injection][27/06/2025 17:26:50][WildStr][svchost.exe]

[Throw dll injection][27/06/2025 17:26:50][WildStr][RuntimeBroker.exe]

[Throw dll injection][27/06/2025 17:26:50][WildStr][svchost.exe]

[Throw dll injection][27/06/2025 17:26:50][WildStr][svchost.exe]

[Throw dll injection][27/06/2025 17:26:50][WildStr][svchost.exe]

[Throw dll injection][27/06/2025 17:26:50][WildStr][SecurityHealthSystray.exe]

[Throw dll injection][27/06/2025 17:26:50][WildStr][svchost.exe]

[Throw dll injection][27/06/2025 17:26:50][WildStr][SecurityHealthService.exe]

[Throw dll injection][27/06/2025 17:26:50][WildStr][svchost.exe]

[Throw dll injection][27/06/2025 17:26:50][WildStr][VBoxTray.exe]

[Throw dll injection][27/06/2025 17:26:50][WildStr][svchost.exe]

[Throw dll injection][27/06/2025 17:26:50][WildStr][OneDrive.exe]

[Throw dll injection][27/06/2025 17:26:50][WildStr][TextInputHost.exe]

[Throw dll injection][27/06/2025 17:26:50][WildStr][svchost.exe]

[Throw dll injection][27/06/2025 17:26:50][WildStr][ApplicationFrameHost.exe]

[Throw dll injection][27/06/2025 17:26:50][WildStr][svchost.exe]

[Throw dll injection][27/06/2025 17:26:50][WildStr][SystemSettings.exe]

[Throw dll injection][27/06/2025 17:26:50][WildStr][svchost.exe]

[Throw dll injection][27/06/2025 17:26:50][WildStr][UserOOBEBroker.exe]

[Throw dll injection][27/06/2025 17:26:50][WildStr][svchost.exe]

[Throw dll injection][27/06/2025 17:26:50][WildStr][SearchApp.exe]

[Throw dll injection][27/06/2025 17:26:50][WildStr][svchost.exe]

[Throw dll injection][27/06/2025 17:26:50][WildStr][msedgewebview2.exe]

[Throw dll injection][27/06/2025 17:26:50][WildStr][svchost.exe]

[Throw dll injection][27/06/2025 17:26:50][WildStr][msedgewebview2.exe]

[Throw dll injection][27/06/2025 17:26:50][WildStr][TextInputHost.exe]

[Throw dll injection][27/06/2025 17:26:50][WildStr][msedgewebview2.exe]

[Throw dll injection][27/06/2025 17:26:50][WildStr][ApplicationFrameHost.exe]

[Throw dll injection][27/06/2025 17:26:50][WildStr][msedgewebview2.exe]

[Throw dll injection][27/06/2025 17:26:50][WildStr][SystemSettings.exe]

[Throw dll injection][27/06/2025 17:26:50][WildStr][msedgewebview2.exe]

[Throw dll injection][27/06/2025 17:26:50][WildStr][UserOOBEBroker.exe]

[Throw dll injection][27/06/2025 17:26:50][WildStr][msedgewebview2.exe]

[Throw dll injection][27/06/2025 17:26:50][WildStr][SearchApp.exe]

[Throw dll injection][27/06/2025 17:26:50][WildStr][FileCoAuth.exe]

[Throw dll injection][27/06/2025 17:26:50][WildStr][msedgewebview2.exe]

[Throw dll injection][27/06/2025 17:26:50][WildStr][svchost.exe]

[Throw dll injection][27/06/2025 17:26:50][WildStr][msedgewebview2.exe]

[Throw dll injection][27/06/2025 17:26:50][WildStr][msedge.exe]

[Throw dll injection][27/06/2025 17:26:50][WildStr][msedgewebview2.exe]

[Throw dll injection][27/06/2025 17:26:50][WildStr][msedge.exe]

[Throw dll injection][27/06/2025 17:26:50][WildStr][msedgewebview2.exe]

[Throw dll injection][27/06/2025 17:26:50][WildStr][msedge.exe]

[Throw dll injection][27/06/2025 17:26:50][WildStr][msedgewebview2.exe]

[Throw dll injection][27/06/2025 17:26:50][WildStr][msedge.exe]

[Throw dll injection][27/06/2025 17:26:50][WildStr][msedgewebview2.exe]

[Throw dll injection][27/06/2025 17:26:50][WildStr][msedge.exe]

[Throw dll injection][27/06/2025 17:26:50][WildStr][FileCoAuth.exe]

[Throw dll injection][27/06/2025 17:26:50][WildStr][svchost.exe]

[Throw dll injection][27/06/2025 17:26:50][WildStr][svchost.exe]

[Throw dll injection][27/06/2025 17:26:50][WildStr][svchost.exe]

[Throw dll injection][27/06/2025 17:26:50][WildStr][msedge.exe]

[Throw dll injection][27/06/2025 17:26:50][WildStr][svchost.exe]

[Throw dll injection][27/06/2025 17:26:50][WildStr][msedge.exe]

[Throw dll injection][27/06/2025 17:26:50][WildStr][dllhost.exe]

[Throw dll injection][27/06/2025 17:26:50][WildStr][msedge.exe]

[Throw dll injection][27/06/2025 17:26:50][WildStr][ShellExperienceHost.exe]

[Throw dll injection][27/06/2025 17:26:50][WildStr][msedge.exe]

[Throw dll injection][27/06/2025 17:26:50][WildStr][RuntimeBroker.exe]

[Throw dll injection][27/06/2025 17:26:50][WildStr][msedge.exe]

[Throw dll injection][27/06/2025 17:26:50][WildStr][svchost.exe]
]

[Throw dll injection][27/06/2025 17:26:50][WildStr][svchost.exe]

[Throw dll injection][27/06/2025 17:26:50][WildStr][cmd.exe]

[Throw dll injection][27/06/2025 17:26:50][WildStr][svchost.exe]

[Throw dll injection][27/06/2025 17:26:50][WildStr][conhost.exe]

[Throw dll injection][27/06/2025 17:26:50][WildStr][dllhost.exe]

[Throw dll injection][27/06/2025 17:26:50][WildStr][powershell.exe]

[Throw dll injection][27/06/2025 17:26:50][WildStr][ShellExperienceHost.exe]

[Throw dll injection][27/06/2025 17:26:50][WildStr][Code.exe]

[Throw dll injection][27/06/2025 17:26:50][WildStr][RuntimeBroker.exe]

[Throw dll injection][27/06/2025 17:26:50][WildStr][Code.exe]

[Throw dll injection][27/06/2025 17:26:50][WildStr][powershell.exe]

[Throw dll injection][27/06/2025 17:26:50][WildStr][Code.exe]

[Throw dll injection][27/06/2025 17:26:50][WildStr][conhost.exe]

[Throw dll injection][27/06/2025 17:26:50][WildStr][Code.exe]

[Throw dll injection][27/06/2025 17:26:50][WildStr][cmd.exe]

[Throw dll injection][27/06/2025 17:26:50][WildStr][Code.exe]

[Throw dll injection][27/06/2025 17:26:50][WildStr][conhost.exe]

[Throw dll injection][27/06/2025 17:26:50][WildStr][Code.exe]

[Throw dll injection][27/06/2025 17:26:50][WildStr][powershell.exe]

[Throw dll injection][27/06/2025 17:26:50][WildStr][Code.exe]

[Throw dll injection][27/06/2025 17:26:50][WildStr][Code.exe]

[Throw dll injection][27/06/2025 17:26:50][WildStr][Code.exe]

[Throw dll injection][27/06/2025 17:26:50][WildStr][Code.exe]

[Throw dll injection][27/06/2025 17:26:50][WildStr][cpptools.exe]

[Throw dll injection][27/06/2025 17:26:50][WildStr][Code.exe]

[Throw dll injection][27/06/2025 17:26:50][WildStr][conhost.exe]

[Throw dll injection][27/06/2025 17:26:50][WildStr][Code.exe]

[Throw dll injection][27/06/2025 17:26:50][WildStr][Code.exe]

[Throw dll injection][27/06/2025 17:26:50][WildStr][Code.exe]

[Throw dll injection][27/06/2025 17:26:50][WildStr][cpptools.exe]

[Throw dll injection][27/06/2025 17:26:50][WildStr][Code.exe]

[Throw dll injection][27/06/2025 17:26:50][WildStr][cpptools-srv.exe]

[Throw dll injection][27/06/2025 17:26:50][WildStr][Code.exe]

[Throw dll injection][27/06/2025 17:26:50][WildStr][conhost.exe]

[Throw dll injection][27/06/2025 17:26:50][WildStr][Code.exe]

[Throw dll injection][27/06/2025 17:26:50][WildStr][Code.exe]

[Throw dll injection][27/06/2025 17:26:50][WildStr][cpptools.exe]

[Throw dll injection][27/06/2025 17:26:50][WildStr][conhost.exe]

[Throw dll injection][27/06/2025 17:26:50][WildStr][conhost.exe]

[Throw dll injection][27/06/2025 17:26:50][WildStr][powershell.exe]

[Throw dll injection][27/06/2025 17:26:50][WildStr][Code.exe]

[Throw dll injection][27/06/2025 17:26:50][WildStr][vctip.exe]

[Throw dll injection][27/06/2025 17:26:50][WildStr][cpptools.exe]

[Throw dll injection][27/06/2025 17:26:50][WildStr][cpptools-srv.exe]

[Throw dll injection][27/06/2025 17:26:50][WildStr][cpptools-srv.exe]

[Throw dll injection][27/06/2025 17:26:50][WildStr][conhost.exe]

[Throw dll injection][27/06/2025 17:26:50][WildStr][conhost.exe]

[Throw dll injection][27/06/2025 17:26:50][WildStr][svchost.exe]

[Throw dll injection][27/06/2025 17:26:50][WildStr][Code.exe]

[Throw dll injection][27/06/2025 17:26:50][WildStr][smartscreen.exe]

[Throw dll injection][27/06/2025 17:26:50][WildStr][conhost.exe]

[Throw dll injection][27/06/2025 17:26:50][WildStr][conhost.exe]

[Throw dll injection][27/06/2025 17:26:50][WildStr][powershell.exe]

[Throw dll injection][27/06/2025 17:26:50][WildStr][powershell.exe]

[Throw dll injection][27/06/2025 17:26:50][WildStr][vctip.exe]

[Throw dll injection][27/06/2025 17:26:50][WildStr][audiodg.exe]

[Throw dll injection][27/06/2025 17:26:50][WildStr][cpptools-srv.exe]

[Throw dll injection][27/06/2025 17:26:50][WildStr][Taskmgr.exe]

[Throw dll injection][27/06/2025 17:26:50][WildStr][conhost.exe]

[Throw dll injection][27/06/2025 17:26:50][WildStr][test.exe]

[Throw dll injection][27/06/2025 17:26:50][WildStr][svchost.exe]

[Throw dll injection][27/06/2025 17:26:50][WildStr][smartscreen.exe]

[Throw dll injection][27/06/2025 17:26:50][WildStr][conhost.exe]

[Throw dll injection][27/06/2025 17:26:50][WildStr][powershell.exe]

[Throw dll injection][27/06/2025 17:26:50][WildStr][audiodg.exe]

[Throw dll injection][27/06/2025 17:26:50][WildStr][Taskmgr.exe]

[Throw dll injection][27/06/2025 17:26:50][WildStr][test.exe]

[Throw dll injection][27/06/2025 17:26:51][Str][DLL_PROCESS_DETACH]
